============================================================
   Tang Dynasty, V6.2.168116
   Copyright (c) 2012-2025 Anlogic Inc.
   Executable = D:/Anlogic/TD_6.2.1_Engineer_6.2.168.116/bin/td.exe
   Built at =   16:32:07 Jun 12 2025
   Run by =     leader
   Run Date =   Mon Nov  3 21:19:08 2025

   Run on =     LAPTOP-L0PT6B06
============================================================
RUN-1002 : start command "import_db C:/Users/leader/Desktop/lab_ex_5_HX4S20_OV5640/pic_sdram_Runs/phy_1/pic_sdram_pr.db"
RUN-1001 : Importing database generated by Tang Dynasty, V6.2.168116.
RUN-1001 : Database version number 46207
RUN-1001 : Import flow parameters
RUN-1001 : Import netlist
PHY-1001 : Generate detailed routing grids ...
PHY-1001 : End build routing graph; 2.197464s wall, 2.093750s user + 0.171875s system = 2.265625s CPU (103.1%)

PHY-1001 : Processed IO instance sd_miso_syn_4 with INV attribute.
PHY-1001 : Build lut bridge;  0.049735s wall, 0.046875s user + 0.000000s system = 0.046875s CPU (94.2%)

PHY-1001 : Generate nets ...
PHY-1001 : net t1_sd_ctrl_top/u_sd_read/clk_ref_180deg will be routed on clock mesh
PHY-1001 : clock net auto_created_cwc3/wrapper_cwc_top/U_cwc_ram/clka_syn_2 will be merged with clock auto_created_cwc3/wrapper_cwc_top/U_cwc_ram/clka
PHY-1001 : clock net cwc_jtck_syn_2 will be merged with clock cwc_jtck
PHY-1001 : clock net u_ov5640_dri/u_i2c_dr/dri_clk_syn_4 will be merged with clock u_ov5640_dri/u_i2c_dr/dri_clk
PHY-1001 : clock net t1_sd_ctrl_top/u_sd_init/div_clk_syn_4 will be merged with clock t1_sd_ctrl_top/u_sd_init/div_clk
PHY-1001 : clock net t2_sd_read_photo/clk will be merged with clock u_pll_50/clk0_buf
PHY-1001 : clock net t3_sdram/u0_clk/clk0_out will be merged with clock t3_sdram/u0_clk/clk0_buf
PHY-1001 : net t3_sdram/u1_app_wrrd/clk will be routed on clock mesh
PHY-1001 : net t3_sdram/u2_ram/SDRAM_CLK will be routed on clock mesh
PHY-1001 : net u2_hdmi_tx/Inst_DVITransmitter/PCLK_I will be routed on clock mesh
PHY-1001 : clock net u2_hdmi_tx/Inst_DVITransmitter/PCLK_X5_I will be merged with clock u0_clk_wize/clk0_buf
PHY-1001 : net auto_created_cwc4/wrapper_cwc_top/U_cwc_ram/clka will be routed on clock mesh
PHY-1001 : clock net u4_trimac_block/gtx_clk will be merged with clock u_clk_gen/u_pll_0/clk0_buf
PHY-1001 : clock net u4_trimac_block/rx_clk will be merged with clock phy1_rgmii_rx_clk_dup_1
PHY-1001 : net u4_trimac_block/u1_rgmii_interface/rgmii_txc_ddr/clk will be routed on clock mesh
PHY-1001 : net u5_temac_clk_gen/clk_125_in will be routed on clock mesh
PHY-1001 : eco open net = 0
PHY-1001 : 263 feed throughs used by 222 nets
RUN-1001 : Import phy database
RUN-1001 : Import timing constraints
RUN-1001 : Import IO constraints
RUN-1001 : Import Inst constraints
RUN-1001 : Import ChipWatcher
RUN-1001 : Import design success TD_VERSION=6.2.168116 , DB_VERSION=46207
RUN-1003 : finish command "import_db C:/Users/leader/Desktop/lab_ex_5_HX4S20_OV5640/pic_sdram_Runs/phy_1/pic_sdram_pr.db" in  4.575658s wall, 4.203125s user + 0.312500s system = 4.515625s CPU (98.7%)

RUN-1004 : used memory is 700 MB, reserved memory is 670 MB, peak memory is 787 MB
RUN-1002 : start command "commit_param -step design"
RUN-1001 : Print Global Property
RUN-1001 : --------------------------------------------------------
RUN-1001 :   Parameters   |  Settings  |  Default Values  |  Note  
RUN-1001 : --------------------------------------------------------
RUN-1001 :   enable_seed  |    off     |       off        |        
RUN-1001 :     message    |  standard  |     standard     |        
RUN-1001 :   qor_monitor  |     on     |        on        |        
RUN-1001 :   syn_ip_flow  |    off     |       off        |        
RUN-1001 :     thread     |    auto    |       auto       |        
RUN-1001 : --------------------------------------------------------
RUN-1001 : Print Design Property
RUN-1001 : ----------------------------------------------------------------
RUN-1001 :       Parameters       |  Settings  |  Default Values  |  Note  
RUN-1001 : ----------------------------------------------------------------
RUN-1001 :   default_reg_initial  |    auto    |       auto       |        
RUN-1001 :    hdl_warning_level   |   normal   |      normal      |        
RUN-1001 : ----------------------------------------------------------------
HDL-1007 : analyze verilog file src/video_define.v
HDL-1007 : analyze verilog file src/sdram_r/sdram_para.v
HDL-1007 : analyze verilog file src/sdram/enc_file/global_def.v
HDL-1007 : analyze verilog file ../fpga/UDP_EG4_6.2/prj/UDP_EXAMPLE/al_ip/TEMAC_CORE/RTL/mac_core_aead6cd6dadd.v
HDL-1007 : analyze verilog file ../fpga/UDP_EG4_6.2/prj/UDP_EXAMPLE/al_ip/TEMAC_CORE/RTL/TEMAC_CORE_aead6cd6dadd.v
HDL-5007 WARNING: column 1032 exceeds maximum value 1023 in ../fpga/UDP_EG4_6.2/prj/UDP_EXAMPLE/al_ip/TEMAC_CORE/RTL/TEMAC_CORE_aead6cd6dadd.v(30)
HDL-1007 : back to file '../fpga/UDP_EG4_6.2/prj/UDP_EXAMPLE/al_ip/TEMAC_CORE/RTL/TEMAC_CORE_aead6cd6dadd.v' in ../fpga/UDP_EG4_6.2/prj/UDP_EXAMPLE/al_ip/TEMAC_CORE/RTL/TEMAC_CORE_aead6cd6dadd.v(86)
HDL-5007 WARNING: event expressions must result in a singular type in ../fpga/UDP_EG4_6.2/prj/UDP_EXAMPLE/al_ip/TEMAC_CORE/RTL/TEMAC_CORE_aead6cd6dadd.v(3001)
HDL-1007 : undeclared symbol '**', assumed default net type '**' in ../fpga/UDP_EG4_6.2/prj/UDP_EXAMPLE/al_ip/TEMAC_CORE/RTL/TEMAC_CORE_aead6cd6dadd.v(5050)
HDL-1007 : undeclared symbol '**', assumed default net type '**' in ../fpga/UDP_EG4_6.2/prj/UDP_EXAMPLE/al_ip/TEMAC_CORE/RTL/TEMAC_CORE_aead6cd6dadd.v(5458)
HDL-5007 WARNING: column 1035 exceeds maximum value 1023 in ../fpga/UDP_EG4_6.2/prj/UDP_EXAMPLE/al_ip/TEMAC_CORE/RTL/TEMAC_CORE_aead6cd6dadd.v(6001)
HDL-1007 : back to file '../fpga/UDP_EG4_6.2/prj/UDP_EXAMPLE/al_ip/TEMAC_CORE/RTL/TEMAC_CORE_aead6cd6dadd.v' in ../fpga/UDP_EG4_6.2/prj/UDP_EXAMPLE/al_ip/TEMAC_CORE/RTL/TEMAC_CORE_aead6cd6dadd.v(260)
HDL-1007 : analyze verilog file ../fpga/UDP_EG4_6.2/prj/UDP_EXAMPLE/al_ip/TEMAC_CORE/TEMAC_CORE.v
HDL-1007 : analyze verilog file ../fpga/UDP_EG4_6.2/prj/UDP_EXAMPLE/al_ip/pll_gen.v
HDL-1007 : undeclared symbol 'pll_gen_open0', assumed default net type 'wire' in ../fpga/UDP_EG4_6.2/prj/UDP_EXAMPLE/al_ip/pll_gen.v(99)
HDL-1007 : undeclared symbol 'pll_gen_open8', assumed default net type 'wire' in ../fpga/UDP_EG4_6.2/prj/UDP_EXAMPLE/al_ip/pll_gen.v(105)
HDL-1007 : undeclared symbol 'pll_gen_open7', assumed default net type 'wire' in ../fpga/UDP_EG4_6.2/prj/UDP_EXAMPLE/al_ip/pll_gen.v(105)
HDL-1007 : undeclared symbol 'pll_gen_open6', assumed default net type 'wire' in ../fpga/UDP_EG4_6.2/prj/UDP_EXAMPLE/al_ip/pll_gen.v(105)
HDL-1007 : undeclared symbol 'pll_gen_open5', assumed default net type 'wire' in ../fpga/UDP_EG4_6.2/prj/UDP_EXAMPLE/al_ip/pll_gen.v(105)
HDL-1007 : undeclared symbol 'pll_gen_open4', assumed default net type 'wire' in ../fpga/UDP_EG4_6.2/prj/UDP_EXAMPLE/al_ip/pll_gen.v(105)
HDL-1007 : undeclared symbol 'pll_gen_open3', assumed default net type 'wire' in ../fpga/UDP_EG4_6.2/prj/UDP_EXAMPLE/al_ip/pll_gen.v(105)
HDL-1007 : undeclared symbol 'pll_gen_open2', assumed default net type 'wire' in ../fpga/UDP_EG4_6.2/prj/UDP_EXAMPLE/al_ip/pll_gen.v(105)
HDL-1007 : undeclared symbol 'pll_gen_open1', assumed default net type 'wire' in ../fpga/UDP_EG4_6.2/prj/UDP_EXAMPLE/al_ip/pll_gen.v(105)
HDL-1007 : analyze verilog file al_ip/ChipWatcher_0/RTL/ChipWatcher_e16b8e4ff8cf.sv
HDL-1007 : analyze verilog file al_ip/ChipWatcher_0/ChipWatcher_0.sv
HDL-1007 : analyze verilog file al_ip/afifo_16_32_256.v
HDL-1007 : analyze verilog file al_ip/afifo_32_16_256.v
HDL-1007 : analyze verilog file al_ip/import/clk_pll.v
HDL-1007 : undeclared symbol 'open', assumed default net type 'wire' in al_ip/import/clk_pll.v(85)
HDL-1007 : analyze verilog file al_ip/import/clk_wize.v
HDL-1007 : undeclared symbol 'open', assumed default net type 'wire' in al_ip/import/clk_wize.v(70)
HDL-1007 : analyze verilog file al_ip/import/fifo_sdr_data_2.v
HDL-1007 : analyze verilog file al_ip/import/pll_50.v
HDL-1007 : undeclared symbol 'open', assumed default net type 'wire' in al_ip/import/pll_50.v(85)
HDL-1007 : analyze verilog file al_ip/import/ram.v
HDL-1007 : analyze verilog file al_ip/sys_pll.v
HDL-1007 : undeclared symbol 'open', assumed default net type 'wire' in al_ip/sys_pll.v(70)
HDL-1007 : analyze verilog file al_ip/video_pll.v
HDL-1007 : undeclared symbol 'video_pll_open0', assumed default net type 'wire' in al_ip/video_pll.v(70)
HDL-1007 : undeclared symbol 'video_pll_open1', assumed default net type 'wire' in al_ip/video_pll.v(76)
HDL-1007 : undeclared symbol 'video_pll_open9', assumed default net type 'wire' in al_ip/video_pll.v(82)
HDL-1007 : undeclared symbol 'video_pll_open8', assumed default net type 'wire' in al_ip/video_pll.v(82)
HDL-1007 : undeclared symbol 'video_pll_open7', assumed default net type 'wire' in al_ip/video_pll.v(82)
HDL-1007 : undeclared symbol 'video_pll_open6', assumed default net type 'wire' in al_ip/video_pll.v(82)
HDL-1007 : undeclared symbol 'video_pll_open5', assumed default net type 'wire' in al_ip/video_pll.v(82)
HDL-1007 : undeclared symbol 'video_pll_open4', assumed default net type 'wire' in al_ip/video_pll.v(82)
HDL-1007 : undeclared symbol 'video_pll_open3', assumed default net type 'wire' in al_ip/video_pll.v(82)
HDL-1007 : undeclared symbol 'video_pll_open2', assumed default net type 'wire' in al_ip/video_pll.v(82)
HDL-1007 : undeclared symbol 'video_pll_open12', assumed default net type 'wire' in al_ip/video_pll.v(84)
HDL-1007 : undeclared symbol 'video_pll_open11', assumed default net type 'wire' in al_ip/video_pll.v(84)
HDL-1007 : undeclared symbol 'video_pll_open10', assumed default net type 'wire' in al_ip/video_pll.v(84)
HDL-1007 : analyze verilog file src/color_bar.v
HDL-1007 : analyze included file src/video_define.v in src/color_bar.v(2)
HDL-1007 : back to file 'src/color_bar.v' in src/color_bar.v(2)
HDL-1007 : analyze verilog file src/frame_fifo_read.v
HDL-1007 : analyze verilog file src/frame_fifo_write.v
HDL-1007 : analyze verilog file src/top.v
HDL-1007 : undeclared symbol 'sdram_clk', assumed default net type 'wire' in src/top.v(107)
HDL-1007 : analyze verilog file src/video_timing_data.v
HDL-1007 : analyze verilog file src/sdram/enc_file/sdr_as_ram.enc.v
HDL-1007 : back to file 'src/sdram/enc_file/sdr_as_ram.enc.v' in src/sdram/enc_file/sdr_as_ram.enc.v(45)
HDL-1007 : analyze verilog file src/sdram/enc_file/sdr_wrrd.enc.v
HDL-5007 WARNING: concatenation with an unsized literal will be treated as 32 bits in src/sdram/enc_file/sdr_wrrd.enc.v(283)
HDL-1007 : back to file 'src/sdram/enc_file/sdr_wrrd.enc.v' in src/sdram/enc_file/sdr_wrrd.enc.v(19)
HDL-1007 : analyze verilog file src/sdram/sdram.v
HDL-1007 : analyze included file ./src/sdram/enc_file/global_def.v in src/sdram/sdram.v(10)
HDL-1007 : back to file 'src/sdram/sdram.v' in src/sdram/sdram.v(10)
HDL-1007 : undeclared symbol 'SDR_CKE', assumed default net type 'wire' in src/sdram/sdram.v(89)
HDL-1007 : analyze verilog file src/frame_read_write.v
HDL-1007 : analyze verilog file src/video_delay.v
HDL-1007 : analyze VHDL file src/hdmi/enc_file/DVITransmitter.enc.vhd
HDL-1007 : analyze entity dvitransmitter in src/hdmi/enc_file/DVITransmitter.enc.vhd(13)
HDL-1007 : analyze architecture ** in src/hdmi/enc_file/DVITransmitter.enc.vhd(2)
HDL-1007 : analyze VHDL file src/hdmi/enc_file/SerializerN_1_lvds.enc.vhd
HDL-1007 : analyze entity ** in src/hdmi/enc_file/SerializerN_1_lvds.enc.vhd(12)
HDL-1007 : analyze architecture ** in src/hdmi/enc_file/SerializerN_1_lvds.enc.vhd(25)
HDL-1007 : analyze VHDL file src/hdmi/enc_file/SerializerN_1_lvds_dat.enc.vhd
HDL-1007 : analyze entity ** in src/hdmi/enc_file/SerializerN_1_lvds_dat.enc.vhd(14)
HDL-1007 : analyze architecture ** in src/hdmi/enc_file/SerializerN_1_lvds_dat.enc.vhd(28)
HDL-1007 : analyze VHDL file src/hdmi/enc_file/TMDSEncoder.enc.vhd
HDL-1007 : analyze entity ** in src/hdmi/enc_file/TMDSEncoder.enc.vhd(13)
HDL-1007 : analyze architecture ** in src/hdmi/enc_file/TMDSEncoder.enc.vhd(24)
HDL-1007 : analyze verilog file src/hdmi/enc_file/video_tpg_1024768.enc.v
HDL-5007 WARNING: literal value ** truncated to fit in ** bits in src/hdmi/enc_file/video_tpg_1024768.enc.v(231)
HDL-1007 : back to file 'src/hdmi/enc_file/video_tpg_1024768.enc.v' in src/hdmi/enc_file/video_tpg_1024768.enc.v(1)
HDL-1007 : analyze verilog file src/hdmi/enc_file/video_tpg_1080p.enc.v
HDL-1007 : back to file 'src/hdmi/enc_file/video_tpg_1080p.enc.v' in src/hdmi/enc_file/video_tpg_1080p.enc.v(1)
HDL-1007 : analyze verilog file src/hdmi/enc_file/video_tpg_12801024p.enc.v
HDL-1007 : back to file 'src/hdmi/enc_file/video_tpg_12801024p.enc.v' in src/hdmi/enc_file/video_tpg_12801024p.enc.v(1)
HDL-1007 : analyze verilog file src/hdmi/enc_file/video_tpg_1280800.enc.v
HDL-5007 WARNING: literal value ** truncated to fit in ** bits in src/hdmi/enc_file/video_tpg_1280800.enc.v(233)
HDL-1007 : back to file 'src/hdmi/enc_file/video_tpg_1280800.enc.v' in src/hdmi/enc_file/video_tpg_1280800.enc.v(1)
HDL-1007 : analyze verilog file src/hdmi/enc_file/video_tpg_16801050p.enc.v
HDL-1007 : back to file 'src/hdmi/enc_file/video_tpg_16801050p.enc.v' in src/hdmi/enc_file/video_tpg_16801050p.enc.v(1)
HDL-1007 : analyze verilog file src/hdmi/enc_file/video_tpg_800600.enc.v
HDL-1007 : back to file 'src/hdmi/enc_file/video_tpg_800600.enc.v' in src/hdmi/enc_file/video_tpg_800600.enc.v(1)
HDL-1007 : analyze VHDL file src/hdmi/hdmi_tx.vhd
HDL-1007 : analyze entity hdmi_tx in src/hdmi/hdmi_tx.vhd(11)
HDL-1007 : analyze architecture behavioral in src/hdmi/hdmi_tx.vhd(33)
HDL-1007 : analyze verilog file src/sdram/enc_file/sdr_init_ref.enc.v
HDL-1007 : analyze included file ./src/sdram/enc_file/global_def.v in src/sdram/enc_file/sdr_init_ref.enc.v(11)
HDL-1007 : back to file 'src/sdram/enc_file/sdr_init_ref.enc.v' in src/sdram/enc_file/sdr_init_ref.enc.v(11)
HDL-1007 : undeclared symbol '**', assumed default net type '**' in src/sdram/enc_file/sdr_init_ref.enc.v(57)
HDL-1007 : back to file 'src/sdram/enc_file/sdr_init_ref.enc.v' in src/sdram/enc_file/sdr_init_ref.enc.v(149)
HDL-5007 WARNING: concatenation with an unsized literal will be treated as 32 bits in src/sdram/enc_file/sdr_init_ref.enc.v(47)
HDL-1007 : analyze verilog file src/ov5640/cmos_capture_data.v
HDL-1007 : analyze verilog file src/ov5640/i2c_dri.v
HDL-1007 : analyze verilog file src/ov5640/i2c_ov5640_rgb565_cfg.v
HDL-1007 : analyze verilog file src/ov5640/ov5640_dri.v
HDL-5372 WARNING: redeclaration of ANSI port 'cmos_frame_vsync' is not allowed in src/ov5640/ov5640_dri.v(116)
HDL-5372 WARNING: redeclaration of ANSI port 'cmos_frame_href' is not allowed in src/ov5640/ov5640_dri.v(117)
HDL-5372 WARNING: redeclaration of ANSI port 'cmos_frame_valid' is not allowed in src/ov5640/ov5640_dri.v(118)
HDL-5372 WARNING: redeclaration of ANSI port 'cmos_frame_data' is not allowed in src/ov5640/ov5640_dri.v(119)
HDL-7200 CRITICAL-WARNING: 'cmos_frame_data' was previously declared with a range in src/ov5640/ov5640_dri.v(119)
HDL-1007 : analyze verilog file src/ov5640/ov5640_delay.v
HDL-1007 : analyze verilog file import/clk_gen_rst_gen.v
HDL-1007 : analyze verilog file import/div_clk_gen.v
HDL-1007 : analyze verilog file import/IDDR.v
HDL-1007 : analyze verilog file import/led.v
HDL-1007 : analyze verilog file import/ODDR.v
HDL-1007 : analyze verilog file import/RAMB16_S9_S9.v
HDL-1007 : undeclared symbol 'open', assumed default net type 'wire' in import/RAMB16_S9_S9.v(109)
HDL-1007 : analyze verilog file import/rgmii_interface.v
HDL-1007 : analyze verilog file import/rx_client_fifo.v
HDL-5370 WARNING: parameter 'WAIT_s' becomes localparam in 'rx_client_fifo' with formal parameter declaration list in import/rx_client_fifo.v(49)
HDL-5370 WARNING: parameter 'QUEUE1_s' becomes localparam in 'rx_client_fifo' with formal parameter declaration list in import/rx_client_fifo.v(50)
HDL-5370 WARNING: parameter 'QUEUE2_s' becomes localparam in 'rx_client_fifo' with formal parameter declaration list in import/rx_client_fifo.v(51)
HDL-5370 WARNING: parameter 'QUEUE3_s' becomes localparam in 'rx_client_fifo' with formal parameter declaration list in import/rx_client_fifo.v(52)
HDL-5370 WARNING: parameter 'QUEUE_SOF_s' becomes localparam in 'rx_client_fifo' with formal parameter declaration list in import/rx_client_fifo.v(53)
HDL-5370 WARNING: parameter 'SOF_s' becomes localparam in 'rx_client_fifo' with formal parameter declaration list in import/rx_client_fifo.v(54)
HDL-5370 WARNING: parameter 'DATA_s' becomes localparam in 'rx_client_fifo' with formal parameter declaration list in import/rx_client_fifo.v(55)
HDL-5370 WARNING: parameter 'EOF_s' becomes localparam in 'rx_client_fifo' with formal parameter declaration list in import/rx_client_fifo.v(56)
HDL-5370 WARNING: parameter 'IDLE_s' becomes localparam in 'rx_client_fifo' with formal parameter declaration list in import/rx_client_fifo.v(62)
HDL-5370 WARNING: parameter 'FRAME_s' becomes localparam in 'rx_client_fifo' with formal parameter declaration list in import/rx_client_fifo.v(63)
HDL-5370 Similar messages will be suppressed.
HDL-1007 : analyze verilog file import/temac_block.v
HDL-1007 : analyze verilog file import/temac_clk_gen.v
HDL-1007 : analyze verilog file import/tx_client_fifo.v
HDL-5370 WARNING: parameter 'IDLE_s' becomes localparam in 'tx_client_fifo' with formal parameter declaration list in import/tx_client_fifo.v(53)
HDL-5370 WARNING: parameter 'QUEUE1_s' becomes localparam in 'tx_client_fifo' with formal parameter declaration list in import/tx_client_fifo.v(54)
HDL-5370 WARNING: parameter 'QUEUE2_s' becomes localparam in 'tx_client_fifo' with formal parameter declaration list in import/tx_client_fifo.v(55)
HDL-5370 WARNING: parameter 'QUEUE3_s' becomes localparam in 'tx_client_fifo' with formal parameter declaration list in import/tx_client_fifo.v(56)
HDL-5370 WARNING: parameter 'QUEUE_ACK_s' becomes localparam in 'tx_client_fifo' with formal parameter declaration list in import/tx_client_fifo.v(57)
HDL-5370 WARNING: parameter 'WAIT_ACK_s' becomes localparam in 'tx_client_fifo' with formal parameter declaration list in import/tx_client_fifo.v(58)
HDL-5370 WARNING: parameter 'FRAME_s' becomes localparam in 'tx_client_fifo' with formal parameter declaration list in import/tx_client_fifo.v(59)
HDL-5370 WARNING: parameter 'DROP_s' becomes localparam in 'tx_client_fifo' with formal parameter declaration list in import/tx_client_fifo.v(60)
HDL-5370 WARNING: parameter 'RETRANSMIT_s' becomes localparam in 'tx_client_fifo' with formal parameter declaration list in import/tx_client_fifo.v(61)
HDL-5370 WARNING: parameter 'WAIT_s' becomes localparam in 'tx_client_fifo' with formal parameter declaration list in import/tx_client_fifo.v(67)
HDL-5370 Similar messages will be suppressed.
HDL-1007 : analyze verilog file import/tx_clk_en_gen.v
HDL-1007 : analyze verilog file import/udp_ip_protocol_stack_merge.enc.v
HDL-1007 : back to file 'import/udp_ip_protocol_stack_merge.enc.v' in import/udp_ip_protocol_stack_merge.enc.v(56)
HDL-1007 : undeclared symbol '**', assumed default net type '**' in import/udp_ip_protocol_stack_merge.enc.v(2638)
HDL-1007 : back to file 'import/udp_ip_protocol_stack_merge.enc.v' in import/udp_ip_protocol_stack_merge.enc.v(420)
HDL-1007 : analyze verilog file import/udp_loopback.v
HDL-1007 : analyze verilog file import/udp_data.v
HDL-1007 : undeclared symbol 'key_down', assumed default net type 'wire' in import/udp_data.v(50)
HDL-1007 : undeclared symbol 'cmos_frame_href', assumed default net type 'wire' in import/udp_data.v(163)
HDL-1007 : undeclared symbol 'cmos_frame_valid', assumed default net type 'wire' in import/udp_data.v(164)
HDL-1007 : undeclared symbol 'cmos_frame_data', assumed default net type 'wire' in import/udp_data.v(165)
HDL-1007 : undeclared symbol 'udp_clk', assumed default net type 'wire' in import/udp_data.v(216)
HDL-1007 : undeclared symbol 'udp_tx_ready', assumed default net type 'wire' in import/udp_data.v(229)
HDL-1007 : undeclared symbol 'app_tx_ack', assumed default net type 'wire' in import/udp_data.v(230)
HDL-7225 CRITICAL-WARNING: 'udp_tx_ready' is already implicitly declared on line 229 in import/udp_data.v(259)
HDL-7225 CRITICAL-WARNING: 'app_tx_ack' is already implicitly declared on line 230 in import/udp_data.v(260)
HDL-7225 CRITICAL-WARNING: 'udp_clk' is already implicitly declared on line 216 in import/udp_data.v(302)
HDL-1007 : undeclared symbol 'reset', assumed default net type 'wire' in import/udp_data.v(333)
HDL-1007 : undeclared symbol 'phy_reset', assumed default net type 'wire' in import/udp_data.v(334)
HDL-1007 : undeclared symbol 'key1_2', assumed default net type 'wire' in import/udp_data.v(418)
HDL-1007 : undeclared symbol 'VGA_HSYNC', assumed default net type 'wire' in import/udp_data.v(553)
HDL-1007 : undeclared symbol 'VGA_VSYNC', assumed default net type 'wire' in import/udp_data.v(554)
HDL-1007 : analyze verilog file Camera_ETH_Formator.v
HDL-1007 : analyze verilog file camera_udp_streamer.v
HDL-1007 : analyze verilog file async_fifo.v
HDL-1007 : analyze verilog file async_fifo_ctrl.v
HDL-1007 : analyze verilog file dpram.v
HDL-1007 : analyze verilog file import/app_wrrd.v
HDL-1007 : analyze included file ./src/sdram/enc_file/global_def.v in import/app_wrrd.v(10)
HDL-1007 : back to file 'import/app_wrrd.v' in import/app_wrrd.v(10)
HDL-5372 WARNING: redeclaration of ANSI port 'full_flag' is not allowed in import/app_wrrd.v(55)
HDL-1007 : undeclared symbol 'afull', assumed default net type 'wire' in import/app_wrrd.v(68)
HDL-1007 : undeclared symbol 'aempty', assumed default net type 'wire' in import/app_wrrd.v(69)
HDL-1007 : undeclared symbol 'wrusedw', assumed default net type 'wire' in import/app_wrrd.v(70)
HDL-5333 WARNING: data object 'w_addr_cnt' is already declared in import/app_wrrd.v(133)
HDL-1007 : previous declaration of 'w_addr_cnt' is from here in import/app_wrrd.v(37)
HDL-5007 WARNING: second declaration of 'w_addr_cnt' is ignored in import/app_wrrd.v(133)
HDL-1007 : analyze verilog file import/sdram_top.v
HDL-1007 : analyze included file ./src/sdram/enc_file/global_def.v in import/sdram_top.v(10)
HDL-1007 : back to file 'import/sdram_top.v' in import/sdram_top.v(10)
HDL-1007 : undeclared symbol 'Rst_n', assumed default net type 'wire' in import/sdram_top.v(70)
HDL-5372 WARNING: redeclaration of ANSI port 'wr_done' is not allowed in import/sdram_top.v(73)
HDL-1007 : undeclared symbol 'SDR_CKE', assumed default net type 'wire' in import/sdram_top.v(133)
HDL-1007 : analyze verilog file sd_ctrl_top.v
HDL-1007 : analyze verilog file sd_init.v
HDL-1007 : analyze verilog file sd_read.v
HDL-1007 : analyze verilog file sd_read_photo.v
HDL-1007 : analyze verilog file UDP_Example_Top.v
HDL-1007 : analyze verilog file app.v
HDL-1007 : analyze verilog file addr_crt.v
HDL-1007 : analyze verilog file vga_disp_rtl.v
HDL-1007 : analyze verilog file key_filter.v
PRJ-1413 : reset_run syn_1 -step read_design.
PRJ-1411 : launch_runs syn_1 -step opt_gate.
PRJ-1412 : reset_run phy_1.
PRJ-1410 : Run syn_1 success.
RUN-1002 : start command "save_best_bits"
PRJ-1411 : launch_runs phy_1 -step bitgen.
PRJ-1410 : Run phy_1 success.
RUN-1002 : start command "save_best_bits"
PRJ-1424 : The implemented result of phy_1 is saved as best result.
RUN-1002 : start command "import_db C:/Users/leader/Desktop/lab_ex_5_HX4S20_OV5640/pic_sdram_Runs/phy_1/pic_sdram_pr.db"
RUN-1001 : Importing database generated by Tang Dynasty, V6.2.168116.
RUN-1001 : Database version number 46207
RUN-1001 : Import flow parameters
RUN-1001 : Import netlist
PHY-1001 : Generate detailed routing grids ...
PHY-1001 : End build routing graph; 0.515016s wall, 0.484375s user + 0.000000s system = 0.484375s CPU (94.1%)

PHY-1001 : Processed IO instance sd_miso_syn_4 with INV attribute.
PHY-1001 : Build lut bridge;  0.055794s wall, 0.015625s user + 0.000000s system = 0.015625s CPU (28.0%)

PHY-1001 : Generate nets ...
PHY-1001 : net t1_sd_ctrl_top/u_sd_read/clk_ref_180deg will be routed on clock mesh
PHY-1001 : clock net auto_created_cwc3/wrapper_cwc_top/U_cwc_ram/clka_syn_2 will be merged with clock auto_created_cwc3/wrapper_cwc_top/U_cwc_ram/clka
PHY-1001 : clock net cwc_jtck_syn_2 will be merged with clock cwc_jtck
PHY-1001 : clock net u_ov5640_dri/u_i2c_dr/dri_clk_syn_4 will be merged with clock u_ov5640_dri/u_i2c_dr/dri_clk
PHY-1001 : clock net t1_sd_ctrl_top/u_sd_init/div_clk_syn_4 will be merged with clock t1_sd_ctrl_top/u_sd_init/div_clk
PHY-1001 : clock net t2_sd_read_photo/clk will be merged with clock u_pll_50/clk0_buf
PHY-1001 : clock net t3_sdram/u0_clk/clk0_out will be merged with clock t3_sdram/u0_clk/clk0_buf
PHY-1001 : net t3_sdram/u1_app_wrrd/clk will be routed on clock mesh
PHY-1001 : net t3_sdram/u2_ram/SDRAM_CLK will be routed on clock mesh
PHY-1001 : net u2_hdmi_tx/Inst_DVITransmitter/PCLK_I will be routed on clock mesh
PHY-1001 : clock net u2_hdmi_tx/Inst_DVITransmitter/PCLK_X5_I will be merged with clock u0_clk_wize/clk0_buf
PHY-1001 : net auto_created_cwc4/wrapper_cwc_top/U_cwc_ram/clka will be routed on clock mesh
PHY-1001 : clock net u4_trimac_block/gtx_clk will be merged with clock u_clk_gen/u_pll_0/clk0_buf
PHY-1001 : clock net u4_trimac_block/rx_clk will be merged with clock phy1_rgmii_rx_clk_dup_1
PHY-1001 : net u4_trimac_block/u1_rgmii_interface/rgmii_txc_ddr/clk will be routed on clock mesh
PHY-1001 : net u5_temac_clk_gen/clk_125_in will be routed on clock mesh
PHY-1001 : eco open net = 0
PHY-1001 : 263 feed throughs used by 222 nets
RUN-1001 : Import phy database
RUN-1001 : Import timing constraints
RUN-1001 : Import IO constraints
RUN-1001 : Import Inst constraints
RUN-1001 : Import ChipWatcher
RUN-1001 : Import design success TD_VERSION=6.2.168116 , DB_VERSION=46207
RUN-1003 : finish command "import_db C:/Users/leader/Desktop/lab_ex_5_HX4S20_OV5640/pic_sdram_Runs/phy_1/pic_sdram_pr.db" in  3.206437s wall, 2.671875s user + 0.062500s system = 2.734375s CPU (85.3%)

RUN-1004 : used memory is 723 MB, reserved memory is 705 MB, peak memory is 808 MB
RUN-1002 : start command "commit_param -step design"
RUN-1001 : Print Global Property
RUN-1001 : --------------------------------------------------------
RUN-1001 :   Parameters   |  Settings  |  Default Values  |  Note  
RUN-1001 : --------------------------------------------------------
RUN-1001 :   enable_seed  |    off     |       off        |        
RUN-1001 :     message    |  standard  |     standard     |        
RUN-1001 :   qor_monitor  |     on     |        on        |        
RUN-1001 :   syn_ip_flow  |    off     |       off        |        
RUN-1001 :     thread     |    auto    |       auto       |        
RUN-1001 : --------------------------------------------------------
RUN-1001 : Print Design Property
RUN-1001 : ----------------------------------------------------------------
RUN-1001 :       Parameters       |  Settings  |  Default Values  |  Note  
RUN-1001 : ----------------------------------------------------------------
RUN-1001 :   default_reg_initial  |    auto    |       auto       |        
RUN-1001 :    hdl_warning_level   |   normal   |      normal      |        
RUN-1001 : ----------------------------------------------------------------
HDL-1007 : analyze verilog file src/video_define.v
HDL-1007 : analyze verilog file src/sdram_r/sdram_para.v
HDL-1007 : analyze verilog file src/sdram/enc_file/global_def.v
HDL-1007 : analyze verilog file ../fpga/UDP_EG4_6.2/prj/UDP_EXAMPLE/al_ip/TEMAC_CORE/RTL/mac_core_aead6cd6dadd.v
HDL-1007 : analyze verilog file ../fpga/UDP_EG4_6.2/prj/UDP_EXAMPLE/al_ip/TEMAC_CORE/RTL/TEMAC_CORE_aead6cd6dadd.v
HDL-5007 WARNING: column 1032 exceeds maximum value 1023 in ../fpga/UDP_EG4_6.2/prj/UDP_EXAMPLE/al_ip/TEMAC_CORE/RTL/TEMAC_CORE_aead6cd6dadd.v(30)
HDL-1007 : back to file '../fpga/UDP_EG4_6.2/prj/UDP_EXAMPLE/al_ip/TEMAC_CORE/RTL/TEMAC_CORE_aead6cd6dadd.v' in ../fpga/UDP_EG4_6.2/prj/UDP_EXAMPLE/al_ip/TEMAC_CORE/RTL/TEMAC_CORE_aead6cd6dadd.v(86)
HDL-5007 WARNING: event expressions must result in a singular type in ../fpga/UDP_EG4_6.2/prj/UDP_EXAMPLE/al_ip/TEMAC_CORE/RTL/TEMAC_CORE_aead6cd6dadd.v(3001)
HDL-1007 : undeclared symbol '**', assumed default net type '**' in ../fpga/UDP_EG4_6.2/prj/UDP_EXAMPLE/al_ip/TEMAC_CORE/RTL/TEMAC_CORE_aead6cd6dadd.v(5050)
HDL-1007 : undeclared symbol '**', assumed default net type '**' in ../fpga/UDP_EG4_6.2/prj/UDP_EXAMPLE/al_ip/TEMAC_CORE/RTL/TEMAC_CORE_aead6cd6dadd.v(5458)
HDL-5007 WARNING: column 1035 exceeds maximum value 1023 in ../fpga/UDP_EG4_6.2/prj/UDP_EXAMPLE/al_ip/TEMAC_CORE/RTL/TEMAC_CORE_aead6cd6dadd.v(6001)
HDL-1007 : back to file '../fpga/UDP_EG4_6.2/prj/UDP_EXAMPLE/al_ip/TEMAC_CORE/RTL/TEMAC_CORE_aead6cd6dadd.v' in ../fpga/UDP_EG4_6.2/prj/UDP_EXAMPLE/al_ip/TEMAC_CORE/RTL/TEMAC_CORE_aead6cd6dadd.v(260)
HDL-1007 : analyze verilog file ../fpga/UDP_EG4_6.2/prj/UDP_EXAMPLE/al_ip/TEMAC_CORE/TEMAC_CORE.v
HDL-1007 : analyze verilog file ../fpga/UDP_EG4_6.2/prj/UDP_EXAMPLE/al_ip/pll_gen.v
HDL-1007 : undeclared symbol 'pll_gen_open0', assumed default net type 'wire' in ../fpga/UDP_EG4_6.2/prj/UDP_EXAMPLE/al_ip/pll_gen.v(99)
HDL-1007 : undeclared symbol 'pll_gen_open8', assumed default net type 'wire' in ../fpga/UDP_EG4_6.2/prj/UDP_EXAMPLE/al_ip/pll_gen.v(105)
HDL-1007 : undeclared symbol 'pll_gen_open7', assumed default net type 'wire' in ../fpga/UDP_EG4_6.2/prj/UDP_EXAMPLE/al_ip/pll_gen.v(105)
HDL-1007 : undeclared symbol 'pll_gen_open6', assumed default net type 'wire' in ../fpga/UDP_EG4_6.2/prj/UDP_EXAMPLE/al_ip/pll_gen.v(105)
HDL-1007 : undeclared symbol 'pll_gen_open5', assumed default net type 'wire' in ../fpga/UDP_EG4_6.2/prj/UDP_EXAMPLE/al_ip/pll_gen.v(105)
HDL-1007 : undeclared symbol 'pll_gen_open4', assumed default net type 'wire' in ../fpga/UDP_EG4_6.2/prj/UDP_EXAMPLE/al_ip/pll_gen.v(105)
HDL-1007 : undeclared symbol 'pll_gen_open3', assumed default net type 'wire' in ../fpga/UDP_EG4_6.2/prj/UDP_EXAMPLE/al_ip/pll_gen.v(105)
HDL-1007 : undeclared symbol 'pll_gen_open2', assumed default net type 'wire' in ../fpga/UDP_EG4_6.2/prj/UDP_EXAMPLE/al_ip/pll_gen.v(105)
HDL-1007 : undeclared symbol 'pll_gen_open1', assumed default net type 'wire' in ../fpga/UDP_EG4_6.2/prj/UDP_EXAMPLE/al_ip/pll_gen.v(105)
HDL-1007 : analyze verilog file al_ip/ChipWatcher_0/RTL/ChipWatcher_e16b8e4ff8cf.sv
HDL-1007 : analyze verilog file al_ip/ChipWatcher_0/ChipWatcher_0.sv
HDL-1007 : analyze verilog file al_ip/afifo_16_32_256.v
HDL-1007 : analyze verilog file al_ip/afifo_32_16_256.v
HDL-1007 : analyze verilog file al_ip/import/clk_pll.v
HDL-1007 : undeclared symbol 'open', assumed default net type 'wire' in al_ip/import/clk_pll.v(85)
HDL-1007 : analyze verilog file al_ip/import/clk_wize.v
HDL-1007 : undeclared symbol 'open', assumed default net type 'wire' in al_ip/import/clk_wize.v(70)
HDL-1007 : analyze verilog file al_ip/import/fifo_sdr_data_2.v
HDL-1007 : analyze verilog file al_ip/import/pll_50.v
HDL-1007 : undeclared symbol 'open', assumed default net type 'wire' in al_ip/import/pll_50.v(85)
HDL-1007 : analyze verilog file al_ip/import/ram.v
HDL-1007 : analyze verilog file al_ip/sys_pll.v
HDL-1007 : undeclared symbol 'open', assumed default net type 'wire' in al_ip/sys_pll.v(70)
HDL-1007 : analyze verilog file al_ip/video_pll.v
HDL-1007 : undeclared symbol 'video_pll_open0', assumed default net type 'wire' in al_ip/video_pll.v(70)
HDL-1007 : undeclared symbol 'video_pll_open1', assumed default net type 'wire' in al_ip/video_pll.v(76)
HDL-1007 : undeclared symbol 'video_pll_open9', assumed default net type 'wire' in al_ip/video_pll.v(82)
HDL-1007 : undeclared symbol 'video_pll_open8', assumed default net type 'wire' in al_ip/video_pll.v(82)
HDL-1007 : undeclared symbol 'video_pll_open7', assumed default net type 'wire' in al_ip/video_pll.v(82)
HDL-1007 : undeclared symbol 'video_pll_open6', assumed default net type 'wire' in al_ip/video_pll.v(82)
HDL-1007 : undeclared symbol 'video_pll_open5', assumed default net type 'wire' in al_ip/video_pll.v(82)
HDL-1007 : undeclared symbol 'video_pll_open4', assumed default net type 'wire' in al_ip/video_pll.v(82)
HDL-1007 : undeclared symbol 'video_pll_open3', assumed default net type 'wire' in al_ip/video_pll.v(82)
HDL-1007 : undeclared symbol 'video_pll_open2', assumed default net type 'wire' in al_ip/video_pll.v(82)
HDL-1007 : undeclared symbol 'video_pll_open12', assumed default net type 'wire' in al_ip/video_pll.v(84)
HDL-1007 : undeclared symbol 'video_pll_open11', assumed default net type 'wire' in al_ip/video_pll.v(84)
HDL-1007 : undeclared symbol 'video_pll_open10', assumed default net type 'wire' in al_ip/video_pll.v(84)
HDL-1007 : analyze verilog file src/color_bar.v
HDL-1007 : analyze included file src/video_define.v in src/color_bar.v(2)
HDL-1007 : back to file 'src/color_bar.v' in src/color_bar.v(2)
HDL-1007 : analyze verilog file src/frame_fifo_read.v
HDL-1007 : analyze verilog file src/frame_fifo_write.v
HDL-1007 : analyze verilog file src/top.v
HDL-1007 : undeclared symbol 'sdram_clk', assumed default net type 'wire' in src/top.v(107)
HDL-1007 : analyze verilog file src/video_timing_data.v
HDL-1007 : analyze verilog file src/sdram/enc_file/sdr_as_ram.enc.v
HDL-1007 : back to file 'src/sdram/enc_file/sdr_as_ram.enc.v' in src/sdram/enc_file/sdr_as_ram.enc.v(45)
HDL-1007 : analyze verilog file src/sdram/enc_file/sdr_wrrd.enc.v
HDL-5007 WARNING: concatenation with an unsized literal will be treated as 32 bits in src/sdram/enc_file/sdr_wrrd.enc.v(283)
HDL-1007 : back to file 'src/sdram/enc_file/sdr_wrrd.enc.v' in src/sdram/enc_file/sdr_wrrd.enc.v(19)
HDL-1007 : analyze verilog file src/sdram/sdram.v
HDL-1007 : analyze included file ./src/sdram/enc_file/global_def.v in src/sdram/sdram.v(10)
HDL-1007 : back to file 'src/sdram/sdram.v' in src/sdram/sdram.v(10)
HDL-1007 : undeclared symbol 'SDR_CKE', assumed default net type 'wire' in src/sdram/sdram.v(89)
HDL-1007 : analyze verilog file src/frame_read_write.v
HDL-1007 : analyze verilog file src/video_delay.v
HDL-1007 : analyze VHDL file src/hdmi/enc_file/DVITransmitter.enc.vhd
HDL-1007 : analyze entity dvitransmitter in src/hdmi/enc_file/DVITransmitter.enc.vhd(13)
HDL-1007 : analyze architecture ** in src/hdmi/enc_file/DVITransmitter.enc.vhd(2)
HDL-1007 : analyze VHDL file src/hdmi/enc_file/SerializerN_1_lvds.enc.vhd
HDL-1007 : analyze entity ** in src/hdmi/enc_file/SerializerN_1_lvds.enc.vhd(12)
HDL-1007 : analyze architecture ** in src/hdmi/enc_file/SerializerN_1_lvds.enc.vhd(25)
HDL-1007 : analyze VHDL file src/hdmi/enc_file/SerializerN_1_lvds_dat.enc.vhd
HDL-1007 : analyze entity ** in src/hdmi/enc_file/SerializerN_1_lvds_dat.enc.vhd(14)
HDL-1007 : analyze architecture ** in src/hdmi/enc_file/SerializerN_1_lvds_dat.enc.vhd(28)
HDL-1007 : analyze VHDL file src/hdmi/enc_file/TMDSEncoder.enc.vhd
HDL-1007 : analyze entity ** in src/hdmi/enc_file/TMDSEncoder.enc.vhd(13)
HDL-1007 : analyze architecture ** in src/hdmi/enc_file/TMDSEncoder.enc.vhd(24)
HDL-1007 : analyze verilog file src/hdmi/enc_file/video_tpg_1024768.enc.v
HDL-5007 WARNING: literal value ** truncated to fit in ** bits in src/hdmi/enc_file/video_tpg_1024768.enc.v(231)
HDL-1007 : back to file 'src/hdmi/enc_file/video_tpg_1024768.enc.v' in src/hdmi/enc_file/video_tpg_1024768.enc.v(1)
HDL-1007 : analyze verilog file src/hdmi/enc_file/video_tpg_1080p.enc.v
HDL-1007 : back to file 'src/hdmi/enc_file/video_tpg_1080p.enc.v' in src/hdmi/enc_file/video_tpg_1080p.enc.v(1)
HDL-1007 : analyze verilog file src/hdmi/enc_file/video_tpg_12801024p.enc.v
HDL-1007 : back to file 'src/hdmi/enc_file/video_tpg_12801024p.enc.v' in src/hdmi/enc_file/video_tpg_12801024p.enc.v(1)
HDL-1007 : analyze verilog file src/hdmi/enc_file/video_tpg_1280800.enc.v
HDL-5007 WARNING: literal value ** truncated to fit in ** bits in src/hdmi/enc_file/video_tpg_1280800.enc.v(233)
HDL-1007 : back to file 'src/hdmi/enc_file/video_tpg_1280800.enc.v' in src/hdmi/enc_file/video_tpg_1280800.enc.v(1)
HDL-1007 : analyze verilog file src/hdmi/enc_file/video_tpg_16801050p.enc.v
HDL-1007 : back to file 'src/hdmi/enc_file/video_tpg_16801050p.enc.v' in src/hdmi/enc_file/video_tpg_16801050p.enc.v(1)
HDL-1007 : analyze verilog file src/hdmi/enc_file/video_tpg_800600.enc.v
HDL-1007 : back to file 'src/hdmi/enc_file/video_tpg_800600.enc.v' in src/hdmi/enc_file/video_tpg_800600.enc.v(1)
HDL-1007 : analyze VHDL file src/hdmi/hdmi_tx.vhd
HDL-1007 : analyze entity hdmi_tx in src/hdmi/hdmi_tx.vhd(11)
HDL-1007 : analyze architecture behavioral in src/hdmi/hdmi_tx.vhd(33)
HDL-1007 : analyze verilog file src/sdram/enc_file/sdr_init_ref.enc.v
HDL-1007 : analyze included file ./src/sdram/enc_file/global_def.v in src/sdram/enc_file/sdr_init_ref.enc.v(11)
HDL-1007 : back to file 'src/sdram/enc_file/sdr_init_ref.enc.v' in src/sdram/enc_file/sdr_init_ref.enc.v(11)
HDL-1007 : undeclared symbol '**', assumed default net type '**' in src/sdram/enc_file/sdr_init_ref.enc.v(57)
HDL-1007 : back to file 'src/sdram/enc_file/sdr_init_ref.enc.v' in src/sdram/enc_file/sdr_init_ref.enc.v(149)
HDL-5007 WARNING: concatenation with an unsized literal will be treated as 32 bits in src/sdram/enc_file/sdr_init_ref.enc.v(47)
HDL-1007 : analyze verilog file src/ov5640/cmos_capture_data.v
HDL-1007 : analyze verilog file src/ov5640/i2c_dri.v
HDL-1007 : analyze verilog file src/ov5640/i2c_ov5640_rgb565_cfg.v
HDL-1007 : analyze verilog file src/ov5640/ov5640_dri.v
HDL-5372 WARNING: redeclaration of ANSI port 'cmos_frame_vsync' is not allowed in src/ov5640/ov5640_dri.v(116)
HDL-5372 WARNING: redeclaration of ANSI port 'cmos_frame_href' is not allowed in src/ov5640/ov5640_dri.v(117)
HDL-5372 WARNING: redeclaration of ANSI port 'cmos_frame_valid' is not allowed in src/ov5640/ov5640_dri.v(118)
HDL-5372 WARNING: redeclaration of ANSI port 'cmos_frame_data' is not allowed in src/ov5640/ov5640_dri.v(119)
HDL-7200 CRITICAL-WARNING: 'cmos_frame_data' was previously declared with a range in src/ov5640/ov5640_dri.v(119)
HDL-1007 : analyze verilog file src/ov5640/ov5640_delay.v
HDL-1007 : analyze verilog file import/clk_gen_rst_gen.v
HDL-1007 : analyze verilog file import/div_clk_gen.v
HDL-1007 : analyze verilog file import/IDDR.v
HDL-1007 : analyze verilog file import/led.v
HDL-1007 : analyze verilog file import/ODDR.v
HDL-1007 : analyze verilog file import/RAMB16_S9_S9.v
HDL-1007 : undeclared symbol 'open', assumed default net type 'wire' in import/RAMB16_S9_S9.v(109)
HDL-1007 : analyze verilog file import/rgmii_interface.v
HDL-1007 : analyze verilog file import/rx_client_fifo.v
HDL-5370 WARNING: parameter 'WAIT_s' becomes localparam in 'rx_client_fifo' with formal parameter declaration list in import/rx_client_fifo.v(49)
HDL-5370 WARNING: parameter 'QUEUE1_s' becomes localparam in 'rx_client_fifo' with formal parameter declaration list in import/rx_client_fifo.v(50)
HDL-5370 WARNING: parameter 'QUEUE2_s' becomes localparam in 'rx_client_fifo' with formal parameter declaration list in import/rx_client_fifo.v(51)
HDL-5370 WARNING: parameter 'QUEUE3_s' becomes localparam in 'rx_client_fifo' with formal parameter declaration list in import/rx_client_fifo.v(52)
HDL-5370 WARNING: parameter 'QUEUE_SOF_s' becomes localparam in 'rx_client_fifo' with formal parameter declaration list in import/rx_client_fifo.v(53)
HDL-5370 WARNING: parameter 'SOF_s' becomes localparam in 'rx_client_fifo' with formal parameter declaration list in import/rx_client_fifo.v(54)
HDL-5370 WARNING: parameter 'DATA_s' becomes localparam in 'rx_client_fifo' with formal parameter declaration list in import/rx_client_fifo.v(55)
HDL-5370 WARNING: parameter 'EOF_s' becomes localparam in 'rx_client_fifo' with formal parameter declaration list in import/rx_client_fifo.v(56)
HDL-5370 WARNING: parameter 'IDLE_s' becomes localparam in 'rx_client_fifo' with formal parameter declaration list in import/rx_client_fifo.v(62)
HDL-5370 WARNING: parameter 'FRAME_s' becomes localparam in 'rx_client_fifo' with formal parameter declaration list in import/rx_client_fifo.v(63)
HDL-5370 Similar messages will be suppressed.
HDL-1007 : analyze verilog file import/temac_block.v
HDL-1007 : analyze verilog file import/temac_clk_gen.v
HDL-1007 : analyze verilog file import/tx_client_fifo.v
HDL-5370 WARNING: parameter 'IDLE_s' becomes localparam in 'tx_client_fifo' with formal parameter declaration list in import/tx_client_fifo.v(53)
HDL-5370 WARNING: parameter 'QUEUE1_s' becomes localparam in 'tx_client_fifo' with formal parameter declaration list in import/tx_client_fifo.v(54)
HDL-5370 WARNING: parameter 'QUEUE2_s' becomes localparam in 'tx_client_fifo' with formal parameter declaration list in import/tx_client_fifo.v(55)
HDL-5370 WARNING: parameter 'QUEUE3_s' becomes localparam in 'tx_client_fifo' with formal parameter declaration list in import/tx_client_fifo.v(56)
HDL-5370 WARNING: parameter 'QUEUE_ACK_s' becomes localparam in 'tx_client_fifo' with formal parameter declaration list in import/tx_client_fifo.v(57)
HDL-5370 WARNING: parameter 'WAIT_ACK_s' becomes localparam in 'tx_client_fifo' with formal parameter declaration list in import/tx_client_fifo.v(58)
HDL-5370 WARNING: parameter 'FRAME_s' becomes localparam in 'tx_client_fifo' with formal parameter declaration list in import/tx_client_fifo.v(59)
HDL-5370 WARNING: parameter 'DROP_s' becomes localparam in 'tx_client_fifo' with formal parameter declaration list in import/tx_client_fifo.v(60)
HDL-5370 WARNING: parameter 'RETRANSMIT_s' becomes localparam in 'tx_client_fifo' with formal parameter declaration list in import/tx_client_fifo.v(61)
HDL-5370 WARNING: parameter 'WAIT_s' becomes localparam in 'tx_client_fifo' with formal parameter declaration list in import/tx_client_fifo.v(67)
HDL-5370 Similar messages will be suppressed.
HDL-1007 : analyze verilog file import/tx_clk_en_gen.v
HDL-1007 : analyze verilog file import/udp_ip_protocol_stack_merge.enc.v
HDL-1007 : back to file 'import/udp_ip_protocol_stack_merge.enc.v' in import/udp_ip_protocol_stack_merge.enc.v(56)
HDL-1007 : undeclared symbol '**', assumed default net type '**' in import/udp_ip_protocol_stack_merge.enc.v(2638)
HDL-1007 : back to file 'import/udp_ip_protocol_stack_merge.enc.v' in import/udp_ip_protocol_stack_merge.enc.v(420)
HDL-1007 : analyze verilog file import/udp_loopback.v
HDL-1007 : analyze verilog file import/udp_data.v
HDL-1007 : undeclared symbol 'key_down', assumed default net type 'wire' in import/udp_data.v(50)
HDL-1007 : undeclared symbol 'cmos_frame_href', assumed default net type 'wire' in import/udp_data.v(163)
HDL-1007 : undeclared symbol 'cmos_frame_valid', assumed default net type 'wire' in import/udp_data.v(164)
HDL-1007 : undeclared symbol 'cmos_frame_data', assumed default net type 'wire' in import/udp_data.v(165)
HDL-1007 : undeclared symbol 'udp_clk', assumed default net type 'wire' in import/udp_data.v(216)
HDL-1007 : undeclared symbol 'udp_tx_ready', assumed default net type 'wire' in import/udp_data.v(229)
HDL-1007 : undeclared symbol 'app_tx_ack', assumed default net type 'wire' in import/udp_data.v(230)
HDL-7225 CRITICAL-WARNING: 'udp_tx_ready' is already implicitly declared on line 229 in import/udp_data.v(259)
HDL-7225 CRITICAL-WARNING: 'app_tx_ack' is already implicitly declared on line 230 in import/udp_data.v(260)
HDL-7225 CRITICAL-WARNING: 'udp_clk' is already implicitly declared on line 216 in import/udp_data.v(302)
HDL-1007 : undeclared symbol 'reset', assumed default net type 'wire' in import/udp_data.v(333)
HDL-1007 : undeclared symbol 'phy_reset', assumed default net type 'wire' in import/udp_data.v(334)
HDL-1007 : undeclared symbol 'key1_2', assumed default net type 'wire' in import/udp_data.v(418)
HDL-1007 : undeclared symbol 'VGA_HSYNC', assumed default net type 'wire' in import/udp_data.v(553)
HDL-1007 : undeclared symbol 'VGA_VSYNC', assumed default net type 'wire' in import/udp_data.v(554)
HDL-1007 : analyze verilog file Camera_ETH_Formator.v
HDL-1007 : analyze verilog file camera_udp_streamer.v
HDL-1007 : analyze verilog file async_fifo.v
HDL-1007 : analyze verilog file async_fifo_ctrl.v
HDL-1007 : analyze verilog file dpram.v
HDL-1007 : analyze verilog file import/app_wrrd.v
HDL-1007 : analyze included file ./src/sdram/enc_file/global_def.v in import/app_wrrd.v(10)
HDL-1007 : back to file 'import/app_wrrd.v' in import/app_wrrd.v(10)
HDL-5372 WARNING: redeclaration of ANSI port 'full_flag' is not allowed in import/app_wrrd.v(55)
HDL-1007 : undeclared symbol 'afull', assumed default net type 'wire' in import/app_wrrd.v(68)
HDL-1007 : undeclared symbol 'aempty', assumed default net type 'wire' in import/app_wrrd.v(69)
HDL-1007 : undeclared symbol 'wrusedw', assumed default net type 'wire' in import/app_wrrd.v(70)
HDL-5333 WARNING: data object 'w_addr_cnt' is already declared in import/app_wrrd.v(133)
HDL-1007 : previous declaration of 'w_addr_cnt' is from here in import/app_wrrd.v(37)
HDL-5007 WARNING: second declaration of 'w_addr_cnt' is ignored in import/app_wrrd.v(133)
HDL-1007 : analyze verilog file import/sdram_top.v
HDL-1007 : analyze included file ./src/sdram/enc_file/global_def.v in import/sdram_top.v(10)
HDL-1007 : back to file 'import/sdram_top.v' in import/sdram_top.v(10)
HDL-1007 : undeclared symbol 'Rst_n', assumed default net type 'wire' in import/sdram_top.v(70)
HDL-5372 WARNING: redeclaration of ANSI port 'wr_done' is not allowed in import/sdram_top.v(73)
HDL-1007 : undeclared symbol 'SDR_CKE', assumed default net type 'wire' in import/sdram_top.v(133)
HDL-1007 : analyze verilog file sd_ctrl_top.v
HDL-1007 : analyze verilog file sd_init.v
HDL-1007 : analyze verilog file sd_read.v
HDL-1007 : analyze verilog file sd_read_photo.v
HDL-1007 : analyze verilog file UDP_Example_Top.v
HDL-1007 : analyze verilog file app.v
HDL-1007 : analyze verilog file addr_crt.v
HDL-1007 : analyze verilog file vga_disp_rtl.v
HDL-1007 : analyze verilog file key_filter.v
PRJ-1413 : reset_run syn_1 -step read_design.
PRJ-1411 : launch_runs syn_1 -step opt_gate.
PRJ-1412 : reset_run phy_1.
RUN-1002 : start command "save_best_bits"
PRJ-8818 ERROR: launch run phy_1 to step bitgen failed.
PRJ-1410 : Run syn_1 success.
PRJ-1411 : launch_runs phy_1 -step bitgen.
RUN-1002 : start command "save_best_bits"
PRJ-1424 : The implemented result of phy_1 is saved as best result.
PRJ-1410 : Run phy_1 success.
RUN-1002 : start command "import_db C:/Users/leader/Desktop/lab_ex_5_HX4S20_OV5640/pic_sdram_Runs/phy_1/pic_sdram_pr.db"
RUN-1001 : Importing database generated by Tang Dynasty, V6.2.168116.
RUN-1001 : Database version number 46207
RUN-1001 : Import flow parameters
RUN-1001 : Import netlist
PHY-1001 : Generate detailed routing grids ...
PHY-1001 : End build routing graph; 0.541493s wall, 0.531250s user + 0.015625s system = 0.546875s CPU (101.0%)

PHY-1001 : Processed IO instance sd_miso_syn_4 with INV attribute.
PHY-1001 : Build lut bridge;  0.058119s wall, 0.046875s user + 0.000000s system = 0.046875s CPU (80.7%)

PHY-1001 : Generate nets ...
PHY-1001 : net t1_sd_ctrl_top/u_sd_read/clk_ref_180deg will be routed on clock mesh
PHY-1001 : clock net auto_created_cwc3/wrapper_cwc_top/U_cwc_ram/clka_syn_2 will be merged with clock auto_created_cwc3/wrapper_cwc_top/U_cwc_ram/clka
PHY-1001 : clock net cwc_jtck_syn_2 will be merged with clock cwc_jtck
PHY-1001 : clock net u_ov5640_dri/u_i2c_dr/dri_clk_syn_4 will be merged with clock u_ov5640_dri/u_i2c_dr/dri_clk
PHY-1001 : clock net t1_sd_ctrl_top/u_sd_init/div_clk_syn_4 will be merged with clock t1_sd_ctrl_top/u_sd_init/div_clk
PHY-1001 : clock net t2_sd_read_photo/clk will be merged with clock u_pll_50/clk0_buf
PHY-1001 : clock net t3_sdram/u0_clk/clk0_out will be merged with clock t3_sdram/u0_clk/clk0_buf
PHY-1001 : net t3_sdram/u1_app_wrrd/clk will be routed on clock mesh
PHY-1001 : net t3_sdram/u2_ram/SDRAM_CLK will be routed on clock mesh
PHY-1001 : net u2_hdmi_tx/Inst_DVITransmitter/PCLK_I will be routed on clock mesh
PHY-1001 : clock net u2_hdmi_tx/Inst_DVITransmitter/PCLK_X5_I will be merged with clock u0_clk_wize/clk0_buf
PHY-1001 : net auto_created_cwc4/wrapper_cwc_top/U_cwc_ram/clka will be routed on clock mesh
PHY-1001 : clock net u4_trimac_block/gtx_clk will be merged with clock u_clk_gen/u_pll_0/clk0_buf
PHY-1001 : clock net u4_trimac_block/rx_clk will be merged with clock phy1_rgmii_rx_clk_dup_1
PHY-1001 : net u4_trimac_block/u1_rgmii_interface/rgmii_txc_ddr/clk will be routed on clock mesh
PHY-1001 : net u5_temac_clk_gen/clk_125_in will be routed on clock mesh
PHY-1001 : eco open net = 0
PHY-1001 : 248 feed throughs used by 216 nets
RUN-1001 : Import phy database
RUN-1001 : Import timing constraints
RUN-1001 : Import IO constraints
RUN-1001 : Import Inst constraints
RUN-1001 : Import ChipWatcher
RUN-1001 : Import design success TD_VERSION=6.2.168116 , DB_VERSION=46207
RUN-1003 : finish command "import_db C:/Users/leader/Desktop/lab_ex_5_HX4S20_OV5640/pic_sdram_Runs/phy_1/pic_sdram_pr.db" in  3.288070s wall, 3.031250s user + 0.109375s system = 3.140625s CPU (95.5%)

RUN-1004 : used memory is 693 MB, reserved memory is 717 MB, peak memory is 808 MB
RUN-1002 : start command "commit_param -step design"
RUN-1001 : Print Global Property
RUN-1001 : --------------------------------------------------------
RUN-1001 :   Parameters   |  Settings  |  Default Values  |  Note  
RUN-1001 : --------------------------------------------------------
RUN-1001 :   enable_seed  |    off     |       off        |        
RUN-1001 :     message    |  standard  |     standard     |        
RUN-1001 :   qor_monitor  |     on     |        on        |        
RUN-1001 :   syn_ip_flow  |    off     |       off        |        
RUN-1001 :     thread     |    auto    |       auto       |        
RUN-1001 : --------------------------------------------------------
RUN-1001 : Print Design Property
RUN-1001 : ----------------------------------------------------------------
RUN-1001 :       Parameters       |  Settings  |  Default Values  |  Note  
RUN-1001 : ----------------------------------------------------------------
RUN-1001 :   default_reg_initial  |    auto    |       auto       |        
RUN-1001 :    hdl_warning_level   |   normal   |      normal      |        
RUN-1001 : ----------------------------------------------------------------
HDL-1007 : analyze verilog file src/video_define.v
HDL-1007 : analyze verilog file src/sdram_r/sdram_para.v
HDL-1007 : analyze verilog file src/sdram/enc_file/global_def.v
HDL-1007 : analyze verilog file ../fpga/UDP_EG4_6.2/prj/UDP_EXAMPLE/al_ip/TEMAC_CORE/RTL/mac_core_aead6cd6dadd.v
HDL-1007 : analyze verilog file ../fpga/UDP_EG4_6.2/prj/UDP_EXAMPLE/al_ip/TEMAC_CORE/RTL/TEMAC_CORE_aead6cd6dadd.v
HDL-5007 WARNING: column 1032 exceeds maximum value 1023 in ../fpga/UDP_EG4_6.2/prj/UDP_EXAMPLE/al_ip/TEMAC_CORE/RTL/TEMAC_CORE_aead6cd6dadd.v(30)
HDL-1007 : back to file '../fpga/UDP_EG4_6.2/prj/UDP_EXAMPLE/al_ip/TEMAC_CORE/RTL/TEMAC_CORE_aead6cd6dadd.v' in ../fpga/UDP_EG4_6.2/prj/UDP_EXAMPLE/al_ip/TEMAC_CORE/RTL/TEMAC_CORE_aead6cd6dadd.v(86)
HDL-5007 WARNING: event expressions must result in a singular type in ../fpga/UDP_EG4_6.2/prj/UDP_EXAMPLE/al_ip/TEMAC_CORE/RTL/TEMAC_CORE_aead6cd6dadd.v(3001)
HDL-1007 : undeclared symbol '**', assumed default net type '**' in ../fpga/UDP_EG4_6.2/prj/UDP_EXAMPLE/al_ip/TEMAC_CORE/RTL/TEMAC_CORE_aead6cd6dadd.v(5050)
HDL-1007 : undeclared symbol '**', assumed default net type '**' in ../fpga/UDP_EG4_6.2/prj/UDP_EXAMPLE/al_ip/TEMAC_CORE/RTL/TEMAC_CORE_aead6cd6dadd.v(5458)
HDL-5007 WARNING: column 1035 exceeds maximum value 1023 in ../fpga/UDP_EG4_6.2/prj/UDP_EXAMPLE/al_ip/TEMAC_CORE/RTL/TEMAC_CORE_aead6cd6dadd.v(6001)
HDL-1007 : back to file '../fpga/UDP_EG4_6.2/prj/UDP_EXAMPLE/al_ip/TEMAC_CORE/RTL/TEMAC_CORE_aead6cd6dadd.v' in ../fpga/UDP_EG4_6.2/prj/UDP_EXAMPLE/al_ip/TEMAC_CORE/RTL/TEMAC_CORE_aead6cd6dadd.v(260)
HDL-1007 : analyze verilog file ../fpga/UDP_EG4_6.2/prj/UDP_EXAMPLE/al_ip/TEMAC_CORE/TEMAC_CORE.v
HDL-1007 : analyze verilog file ../fpga/UDP_EG4_6.2/prj/UDP_EXAMPLE/al_ip/pll_gen.v
HDL-1007 : undeclared symbol 'pll_gen_open0', assumed default net type 'wire' in ../fpga/UDP_EG4_6.2/prj/UDP_EXAMPLE/al_ip/pll_gen.v(99)
HDL-1007 : undeclared symbol 'pll_gen_open8', assumed default net type 'wire' in ../fpga/UDP_EG4_6.2/prj/UDP_EXAMPLE/al_ip/pll_gen.v(105)
HDL-1007 : undeclared symbol 'pll_gen_open7', assumed default net type 'wire' in ../fpga/UDP_EG4_6.2/prj/UDP_EXAMPLE/al_ip/pll_gen.v(105)
HDL-1007 : undeclared symbol 'pll_gen_open6', assumed default net type 'wire' in ../fpga/UDP_EG4_6.2/prj/UDP_EXAMPLE/al_ip/pll_gen.v(105)
HDL-1007 : undeclared symbol 'pll_gen_open5', assumed default net type 'wire' in ../fpga/UDP_EG4_6.2/prj/UDP_EXAMPLE/al_ip/pll_gen.v(105)
HDL-1007 : undeclared symbol 'pll_gen_open4', assumed default net type 'wire' in ../fpga/UDP_EG4_6.2/prj/UDP_EXAMPLE/al_ip/pll_gen.v(105)
HDL-1007 : undeclared symbol 'pll_gen_open3', assumed default net type 'wire' in ../fpga/UDP_EG4_6.2/prj/UDP_EXAMPLE/al_ip/pll_gen.v(105)
HDL-1007 : undeclared symbol 'pll_gen_open2', assumed default net type 'wire' in ../fpga/UDP_EG4_6.2/prj/UDP_EXAMPLE/al_ip/pll_gen.v(105)
HDL-1007 : undeclared symbol 'pll_gen_open1', assumed default net type 'wire' in ../fpga/UDP_EG4_6.2/prj/UDP_EXAMPLE/al_ip/pll_gen.v(105)
HDL-1007 : analyze verilog file al_ip/ChipWatcher_0/RTL/ChipWatcher_e16b8e4ff8cf.sv
HDL-1007 : analyze verilog file al_ip/ChipWatcher_0/ChipWatcher_0.sv
HDL-1007 : analyze verilog file al_ip/afifo_16_32_256.v
HDL-1007 : analyze verilog file al_ip/afifo_32_16_256.v
HDL-1007 : analyze verilog file al_ip/import/clk_pll.v
HDL-1007 : undeclared symbol 'open', assumed default net type 'wire' in al_ip/import/clk_pll.v(85)
HDL-1007 : analyze verilog file al_ip/import/clk_wize.v
HDL-1007 : undeclared symbol 'open', assumed default net type 'wire' in al_ip/import/clk_wize.v(70)
HDL-1007 : analyze verilog file al_ip/import/fifo_sdr_data_2.v
HDL-1007 : analyze verilog file al_ip/import/pll_50.v
HDL-1007 : undeclared symbol 'open', assumed default net type 'wire' in al_ip/import/pll_50.v(85)
HDL-1007 : analyze verilog file al_ip/import/ram.v
HDL-1007 : analyze verilog file al_ip/sys_pll.v
HDL-1007 : undeclared symbol 'open', assumed default net type 'wire' in al_ip/sys_pll.v(70)
HDL-1007 : analyze verilog file al_ip/video_pll.v
HDL-1007 : undeclared symbol 'video_pll_open0', assumed default net type 'wire' in al_ip/video_pll.v(70)
HDL-1007 : undeclared symbol 'video_pll_open1', assumed default net type 'wire' in al_ip/video_pll.v(76)
HDL-1007 : undeclared symbol 'video_pll_open9', assumed default net type 'wire' in al_ip/video_pll.v(82)
HDL-1007 : undeclared symbol 'video_pll_open8', assumed default net type 'wire' in al_ip/video_pll.v(82)
HDL-1007 : undeclared symbol 'video_pll_open7', assumed default net type 'wire' in al_ip/video_pll.v(82)
HDL-1007 : undeclared symbol 'video_pll_open6', assumed default net type 'wire' in al_ip/video_pll.v(82)
HDL-1007 : undeclared symbol 'video_pll_open5', assumed default net type 'wire' in al_ip/video_pll.v(82)
HDL-1007 : undeclared symbol 'video_pll_open4', assumed default net type 'wire' in al_ip/video_pll.v(82)
HDL-1007 : undeclared symbol 'video_pll_open3', assumed default net type 'wire' in al_ip/video_pll.v(82)
HDL-1007 : undeclared symbol 'video_pll_open2', assumed default net type 'wire' in al_ip/video_pll.v(82)
HDL-1007 : undeclared symbol 'video_pll_open12', assumed default net type 'wire' in al_ip/video_pll.v(84)
HDL-1007 : undeclared symbol 'video_pll_open11', assumed default net type 'wire' in al_ip/video_pll.v(84)
HDL-1007 : undeclared symbol 'video_pll_open10', assumed default net type 'wire' in al_ip/video_pll.v(84)
HDL-1007 : analyze verilog file src/color_bar.v
HDL-1007 : analyze included file src/video_define.v in src/color_bar.v(2)
HDL-1007 : back to file 'src/color_bar.v' in src/color_bar.v(2)
HDL-1007 : analyze verilog file src/frame_fifo_read.v
HDL-1007 : analyze verilog file src/frame_fifo_write.v
HDL-1007 : analyze verilog file src/top.v
HDL-1007 : undeclared symbol 'sdram_clk', assumed default net type 'wire' in src/top.v(107)
HDL-1007 : analyze verilog file src/video_timing_data.v
HDL-1007 : analyze verilog file src/sdram/enc_file/sdr_as_ram.enc.v
HDL-1007 : back to file 'src/sdram/enc_file/sdr_as_ram.enc.v' in src/sdram/enc_file/sdr_as_ram.enc.v(45)
HDL-1007 : analyze verilog file src/sdram/enc_file/sdr_wrrd.enc.v
HDL-5007 WARNING: concatenation with an unsized literal will be treated as 32 bits in src/sdram/enc_file/sdr_wrrd.enc.v(283)
HDL-1007 : back to file 'src/sdram/enc_file/sdr_wrrd.enc.v' in src/sdram/enc_file/sdr_wrrd.enc.v(19)
HDL-1007 : analyze verilog file src/sdram/sdram.v
HDL-1007 : analyze included file ./src/sdram/enc_file/global_def.v in src/sdram/sdram.v(10)
HDL-1007 : back to file 'src/sdram/sdram.v' in src/sdram/sdram.v(10)
HDL-1007 : undeclared symbol 'SDR_CKE', assumed default net type 'wire' in src/sdram/sdram.v(89)
HDL-1007 : analyze verilog file src/frame_read_write.v
HDL-1007 : analyze verilog file src/video_delay.v
HDL-1007 : analyze VHDL file src/hdmi/enc_file/DVITransmitter.enc.vhd
HDL-1007 : analyze entity dvitransmitter in src/hdmi/enc_file/DVITransmitter.enc.vhd(13)
HDL-1007 : analyze architecture ** in src/hdmi/enc_file/DVITransmitter.enc.vhd(2)
HDL-1007 : analyze VHDL file src/hdmi/enc_file/SerializerN_1_lvds.enc.vhd
HDL-1007 : analyze entity ** in src/hdmi/enc_file/SerializerN_1_lvds.enc.vhd(12)
HDL-1007 : analyze architecture ** in src/hdmi/enc_file/SerializerN_1_lvds.enc.vhd(25)
HDL-1007 : analyze VHDL file src/hdmi/enc_file/SerializerN_1_lvds_dat.enc.vhd
HDL-1007 : analyze entity ** in src/hdmi/enc_file/SerializerN_1_lvds_dat.enc.vhd(14)
HDL-1007 : analyze architecture ** in src/hdmi/enc_file/SerializerN_1_lvds_dat.enc.vhd(28)
HDL-1007 : analyze VHDL file src/hdmi/enc_file/TMDSEncoder.enc.vhd
HDL-1007 : analyze entity ** in src/hdmi/enc_file/TMDSEncoder.enc.vhd(13)
HDL-1007 : analyze architecture ** in src/hdmi/enc_file/TMDSEncoder.enc.vhd(24)
HDL-1007 : analyze verilog file src/hdmi/enc_file/video_tpg_1024768.enc.v
HDL-5007 WARNING: literal value ** truncated to fit in ** bits in src/hdmi/enc_file/video_tpg_1024768.enc.v(231)
HDL-1007 : back to file 'src/hdmi/enc_file/video_tpg_1024768.enc.v' in src/hdmi/enc_file/video_tpg_1024768.enc.v(1)
HDL-1007 : analyze verilog file src/hdmi/enc_file/video_tpg_1080p.enc.v
HDL-1007 : back to file 'src/hdmi/enc_file/video_tpg_1080p.enc.v' in src/hdmi/enc_file/video_tpg_1080p.enc.v(1)
HDL-1007 : analyze verilog file src/hdmi/enc_file/video_tpg_12801024p.enc.v
HDL-1007 : back to file 'src/hdmi/enc_file/video_tpg_12801024p.enc.v' in src/hdmi/enc_file/video_tpg_12801024p.enc.v(1)
HDL-1007 : analyze verilog file src/hdmi/enc_file/video_tpg_1280800.enc.v
HDL-5007 WARNING: literal value ** truncated to fit in ** bits in src/hdmi/enc_file/video_tpg_1280800.enc.v(233)
HDL-1007 : back to file 'src/hdmi/enc_file/video_tpg_1280800.enc.v' in src/hdmi/enc_file/video_tpg_1280800.enc.v(1)
HDL-1007 : analyze verilog file src/hdmi/enc_file/video_tpg_16801050p.enc.v
HDL-1007 : back to file 'src/hdmi/enc_file/video_tpg_16801050p.enc.v' in src/hdmi/enc_file/video_tpg_16801050p.enc.v(1)
HDL-1007 : analyze verilog file src/hdmi/enc_file/video_tpg_800600.enc.v
HDL-1007 : back to file 'src/hdmi/enc_file/video_tpg_800600.enc.v' in src/hdmi/enc_file/video_tpg_800600.enc.v(1)
HDL-1007 : analyze VHDL file src/hdmi/hdmi_tx.vhd
HDL-1007 : analyze entity hdmi_tx in src/hdmi/hdmi_tx.vhd(11)
HDL-1007 : analyze architecture behavioral in src/hdmi/hdmi_tx.vhd(33)
HDL-1007 : analyze verilog file src/sdram/enc_file/sdr_init_ref.enc.v
HDL-1007 : analyze included file ./src/sdram/enc_file/global_def.v in src/sdram/enc_file/sdr_init_ref.enc.v(11)
HDL-1007 : back to file 'src/sdram/enc_file/sdr_init_ref.enc.v' in src/sdram/enc_file/sdr_init_ref.enc.v(11)
HDL-1007 : undeclared symbol '**', assumed default net type '**' in src/sdram/enc_file/sdr_init_ref.enc.v(57)
HDL-1007 : back to file 'src/sdram/enc_file/sdr_init_ref.enc.v' in src/sdram/enc_file/sdr_init_ref.enc.v(149)
HDL-5007 WARNING: concatenation with an unsized literal will be treated as 32 bits in src/sdram/enc_file/sdr_init_ref.enc.v(47)
HDL-1007 : analyze verilog file src/ov5640/cmos_capture_data.v
HDL-1007 : analyze verilog file src/ov5640/i2c_dri.v
HDL-1007 : analyze verilog file src/ov5640/i2c_ov5640_rgb565_cfg.v
HDL-1007 : analyze verilog file src/ov5640/ov5640_dri.v
HDL-5372 WARNING: redeclaration of ANSI port 'cmos_frame_vsync' is not allowed in src/ov5640/ov5640_dri.v(116)
HDL-5372 WARNING: redeclaration of ANSI port 'cmos_frame_href' is not allowed in src/ov5640/ov5640_dri.v(117)
HDL-5372 WARNING: redeclaration of ANSI port 'cmos_frame_valid' is not allowed in src/ov5640/ov5640_dri.v(118)
HDL-5372 WARNING: redeclaration of ANSI port 'cmos_frame_data' is not allowed in src/ov5640/ov5640_dri.v(119)
HDL-7200 CRITICAL-WARNING: 'cmos_frame_data' was previously declared with a range in src/ov5640/ov5640_dri.v(119)
HDL-1007 : analyze verilog file src/ov5640/ov5640_delay.v
HDL-1007 : analyze verilog file import/clk_gen_rst_gen.v
HDL-1007 : analyze verilog file import/div_clk_gen.v
HDL-1007 : analyze verilog file import/IDDR.v
HDL-1007 : analyze verilog file import/led.v
HDL-1007 : analyze verilog file import/ODDR.v
HDL-1007 : analyze verilog file import/RAMB16_S9_S9.v
HDL-1007 : undeclared symbol 'open', assumed default net type 'wire' in import/RAMB16_S9_S9.v(109)
HDL-1007 : analyze verilog file import/rgmii_interface.v
HDL-1007 : analyze verilog file import/rx_client_fifo.v
HDL-5370 WARNING: parameter 'WAIT_s' becomes localparam in 'rx_client_fifo' with formal parameter declaration list in import/rx_client_fifo.v(49)
HDL-5370 WARNING: parameter 'QUEUE1_s' becomes localparam in 'rx_client_fifo' with formal parameter declaration list in import/rx_client_fifo.v(50)
HDL-5370 WARNING: parameter 'QUEUE2_s' becomes localparam in 'rx_client_fifo' with formal parameter declaration list in import/rx_client_fifo.v(51)
HDL-5370 WARNING: parameter 'QUEUE3_s' becomes localparam in 'rx_client_fifo' with formal parameter declaration list in import/rx_client_fifo.v(52)
HDL-5370 WARNING: parameter 'QUEUE_SOF_s' becomes localparam in 'rx_client_fifo' with formal parameter declaration list in import/rx_client_fifo.v(53)
HDL-5370 WARNING: parameter 'SOF_s' becomes localparam in 'rx_client_fifo' with formal parameter declaration list in import/rx_client_fifo.v(54)
HDL-5370 WARNING: parameter 'DATA_s' becomes localparam in 'rx_client_fifo' with formal parameter declaration list in import/rx_client_fifo.v(55)
HDL-5370 WARNING: parameter 'EOF_s' becomes localparam in 'rx_client_fifo' with formal parameter declaration list in import/rx_client_fifo.v(56)
HDL-5370 WARNING: parameter 'IDLE_s' becomes localparam in 'rx_client_fifo' with formal parameter declaration list in import/rx_client_fifo.v(62)
HDL-5370 WARNING: parameter 'FRAME_s' becomes localparam in 'rx_client_fifo' with formal parameter declaration list in import/rx_client_fifo.v(63)
HDL-5370 Similar messages will be suppressed.
HDL-1007 : analyze verilog file import/temac_block.v
HDL-1007 : analyze verilog file import/temac_clk_gen.v
HDL-1007 : analyze verilog file import/tx_client_fifo.v
HDL-5370 WARNING: parameter 'IDLE_s' becomes localparam in 'tx_client_fifo' with formal parameter declaration list in import/tx_client_fifo.v(53)
HDL-5370 WARNING: parameter 'QUEUE1_s' becomes localparam in 'tx_client_fifo' with formal parameter declaration list in import/tx_client_fifo.v(54)
HDL-5370 WARNING: parameter 'QUEUE2_s' becomes localparam in 'tx_client_fifo' with formal parameter declaration list in import/tx_client_fifo.v(55)
HDL-5370 WARNING: parameter 'QUEUE3_s' becomes localparam in 'tx_client_fifo' with formal parameter declaration list in import/tx_client_fifo.v(56)
HDL-5370 WARNING: parameter 'QUEUE_ACK_s' becomes localparam in 'tx_client_fifo' with formal parameter declaration list in import/tx_client_fifo.v(57)
HDL-5370 WARNING: parameter 'WAIT_ACK_s' becomes localparam in 'tx_client_fifo' with formal parameter declaration list in import/tx_client_fifo.v(58)
HDL-5370 WARNING: parameter 'FRAME_s' becomes localparam in 'tx_client_fifo' with formal parameter declaration list in import/tx_client_fifo.v(59)
HDL-5370 WARNING: parameter 'DROP_s' becomes localparam in 'tx_client_fifo' with formal parameter declaration list in import/tx_client_fifo.v(60)
HDL-5370 WARNING: parameter 'RETRANSMIT_s' becomes localparam in 'tx_client_fifo' with formal parameter declaration list in import/tx_client_fifo.v(61)
HDL-5370 WARNING: parameter 'WAIT_s' becomes localparam in 'tx_client_fifo' with formal parameter declaration list in import/tx_client_fifo.v(67)
HDL-5370 Similar messages will be suppressed.
HDL-1007 : analyze verilog file import/tx_clk_en_gen.v
HDL-1007 : analyze verilog file import/udp_ip_protocol_stack_merge.enc.v
HDL-1007 : back to file 'import/udp_ip_protocol_stack_merge.enc.v' in import/udp_ip_protocol_stack_merge.enc.v(56)
HDL-1007 : undeclared symbol '**', assumed default net type '**' in import/udp_ip_protocol_stack_merge.enc.v(2638)
HDL-1007 : back to file 'import/udp_ip_protocol_stack_merge.enc.v' in import/udp_ip_protocol_stack_merge.enc.v(420)
HDL-1007 : analyze verilog file import/udp_loopback.v
HDL-1007 : analyze verilog file import/udp_data.v
HDL-1007 : undeclared symbol 'key_down', assumed default net type 'wire' in import/udp_data.v(50)
HDL-1007 : undeclared symbol 'cmos_frame_href', assumed default net type 'wire' in import/udp_data.v(163)
HDL-1007 : undeclared symbol 'cmos_frame_valid', assumed default net type 'wire' in import/udp_data.v(164)
HDL-1007 : undeclared symbol 'cmos_frame_data', assumed default net type 'wire' in import/udp_data.v(165)
HDL-1007 : undeclared symbol 'udp_clk', assumed default net type 'wire' in import/udp_data.v(216)
HDL-1007 : undeclared symbol 'udp_tx_ready', assumed default net type 'wire' in import/udp_data.v(229)
HDL-1007 : undeclared symbol 'app_tx_ack', assumed default net type 'wire' in import/udp_data.v(230)
HDL-7225 CRITICAL-WARNING: 'udp_tx_ready' is already implicitly declared on line 229 in import/udp_data.v(259)
HDL-7225 CRITICAL-WARNING: 'app_tx_ack' is already implicitly declared on line 230 in import/udp_data.v(260)
HDL-7225 CRITICAL-WARNING: 'udp_clk' is already implicitly declared on line 216 in import/udp_data.v(302)
HDL-1007 : undeclared symbol 'reset', assumed default net type 'wire' in import/udp_data.v(333)
HDL-1007 : undeclared symbol 'phy_reset', assumed default net type 'wire' in import/udp_data.v(334)
HDL-1007 : undeclared symbol 'VGA_HSYNC', assumed default net type 'wire' in import/udp_data.v(553)
HDL-1007 : undeclared symbol 'VGA_VSYNC', assumed default net type 'wire' in import/udp_data.v(554)
HDL-1007 : analyze verilog file Camera_ETH_Formator.v
HDL-1007 : analyze verilog file camera_udp_streamer.v
HDL-1007 : analyze verilog file async_fifo.v
HDL-1007 : analyze verilog file async_fifo_ctrl.v
HDL-1007 : analyze verilog file dpram.v
HDL-1007 : analyze verilog file import/app_wrrd.v
HDL-1007 : analyze included file ./src/sdram/enc_file/global_def.v in import/app_wrrd.v(10)
HDL-1007 : back to file 'import/app_wrrd.v' in import/app_wrrd.v(10)
HDL-5372 WARNING: redeclaration of ANSI port 'full_flag' is not allowed in import/app_wrrd.v(55)
HDL-1007 : undeclared symbol 'afull', assumed default net type 'wire' in import/app_wrrd.v(68)
HDL-1007 : undeclared symbol 'aempty', assumed default net type 'wire' in import/app_wrrd.v(69)
HDL-1007 : undeclared symbol 'wrusedw', assumed default net type 'wire' in import/app_wrrd.v(70)
HDL-5333 WARNING: data object 'w_addr_cnt' is already declared in import/app_wrrd.v(133)
HDL-1007 : previous declaration of 'w_addr_cnt' is from here in import/app_wrrd.v(37)
HDL-5007 WARNING: second declaration of 'w_addr_cnt' is ignored in import/app_wrrd.v(133)
HDL-1007 : analyze verilog file import/sdram_top.v
HDL-1007 : analyze included file ./src/sdram/enc_file/global_def.v in import/sdram_top.v(10)
HDL-1007 : back to file 'import/sdram_top.v' in import/sdram_top.v(10)
HDL-1007 : undeclared symbol 'Rst_n', assumed default net type 'wire' in import/sdram_top.v(70)
HDL-5372 WARNING: redeclaration of ANSI port 'wr_done' is not allowed in import/sdram_top.v(73)
HDL-1007 : undeclared symbol 'SDR_CKE', assumed default net type 'wire' in import/sdram_top.v(133)
HDL-1007 : analyze verilog file sd_ctrl_top.v
HDL-1007 : analyze verilog file sd_init.v
HDL-1007 : analyze verilog file sd_read.v
HDL-1007 : analyze verilog file sd_read_photo.v
HDL-1007 : analyze verilog file UDP_Example_Top.v
HDL-1007 : analyze verilog file app.v
HDL-1007 : analyze verilog file addr_crt.v
HDL-1007 : analyze verilog file vga_disp_rtl.v
HDL-1007 : analyze verilog file key_filter.v
PRJ-1413 : reset_run syn_1 -step read_design.
RUN-1002 : start command "commit_param -step design"
RUN-1001 : Print Global Property
RUN-1001 : --------------------------------------------------------
RUN-1001 :   Parameters   |  Settings  |  Default Values  |  Note  
RUN-1001 : --------------------------------------------------------
RUN-1001 :   enable_seed  |    off     |       off        |        
RUN-1001 :     message    |  standard  |     standard     |        
RUN-1001 :   qor_monitor  |     on     |        on        |        
RUN-1001 :   syn_ip_flow  |    off     |       off        |        
RUN-1001 :     thread     |    auto    |       auto       |        
RUN-1001 : --------------------------------------------------------
RUN-1001 : Print Design Property
RUN-1001 : ----------------------------------------------------------------
RUN-1001 :       Parameters       |  Settings  |  Default Values  |  Note  
RUN-1001 : ----------------------------------------------------------------
RUN-1001 :   default_reg_initial  |    auto    |       auto       |        
RUN-1001 :    hdl_warning_level   |   normal   |      normal      |        
RUN-1001 : ----------------------------------------------------------------
HDL-1007 : analyze verilog file src/video_define.v
HDL-1007 : analyze verilog file src/sdram_r/sdram_para.v
HDL-1007 : analyze verilog file src/sdram/enc_file/global_def.v
HDL-1007 : analyze verilog file ../fpga/UDP_EG4_6.2/prj/UDP_EXAMPLE/al_ip/TEMAC_CORE/RTL/mac_core_aead6cd6dadd.v
HDL-1007 : analyze verilog file ../fpga/UDP_EG4_6.2/prj/UDP_EXAMPLE/al_ip/TEMAC_CORE/RTL/TEMAC_CORE_aead6cd6dadd.v
HDL-5007 WARNING: column 1032 exceeds maximum value 1023 in ../fpga/UDP_EG4_6.2/prj/UDP_EXAMPLE/al_ip/TEMAC_CORE/RTL/TEMAC_CORE_aead6cd6dadd.v(30)
HDL-1007 : back to file '../fpga/UDP_EG4_6.2/prj/UDP_EXAMPLE/al_ip/TEMAC_CORE/RTL/TEMAC_CORE_aead6cd6dadd.v' in ../fpga/UDP_EG4_6.2/prj/UDP_EXAMPLE/al_ip/TEMAC_CORE/RTL/TEMAC_CORE_aead6cd6dadd.v(86)
HDL-5007 WARNING: event expressions must result in a singular type in ../fpga/UDP_EG4_6.2/prj/UDP_EXAMPLE/al_ip/TEMAC_CORE/RTL/TEMAC_CORE_aead6cd6dadd.v(3001)
HDL-1007 : undeclared symbol '**', assumed default net type '**' in ../fpga/UDP_EG4_6.2/prj/UDP_EXAMPLE/al_ip/TEMAC_CORE/RTL/TEMAC_CORE_aead6cd6dadd.v(5050)
HDL-1007 : undeclared symbol '**', assumed default net type '**' in ../fpga/UDP_EG4_6.2/prj/UDP_EXAMPLE/al_ip/TEMAC_CORE/RTL/TEMAC_CORE_aead6cd6dadd.v(5458)
HDL-5007 WARNING: column 1035 exceeds maximum value 1023 in ../fpga/UDP_EG4_6.2/prj/UDP_EXAMPLE/al_ip/TEMAC_CORE/RTL/TEMAC_CORE_aead6cd6dadd.v(6001)
HDL-1007 : back to file '../fpga/UDP_EG4_6.2/prj/UDP_EXAMPLE/al_ip/TEMAC_CORE/RTL/TEMAC_CORE_aead6cd6dadd.v' in ../fpga/UDP_EG4_6.2/prj/UDP_EXAMPLE/al_ip/TEMAC_CORE/RTL/TEMAC_CORE_aead6cd6dadd.v(260)
HDL-1007 : analyze verilog file ../fpga/UDP_EG4_6.2/prj/UDP_EXAMPLE/al_ip/TEMAC_CORE/TEMAC_CORE.v
HDL-1007 : analyze verilog file ../fpga/UDP_EG4_6.2/prj/UDP_EXAMPLE/al_ip/pll_gen.v
HDL-1007 : undeclared symbol 'pll_gen_open0', assumed default net type 'wire' in ../fpga/UDP_EG4_6.2/prj/UDP_EXAMPLE/al_ip/pll_gen.v(99)
HDL-1007 : undeclared symbol 'pll_gen_open8', assumed default net type 'wire' in ../fpga/UDP_EG4_6.2/prj/UDP_EXAMPLE/al_ip/pll_gen.v(105)
HDL-1007 : undeclared symbol 'pll_gen_open7', assumed default net type 'wire' in ../fpga/UDP_EG4_6.2/prj/UDP_EXAMPLE/al_ip/pll_gen.v(105)
HDL-1007 : undeclared symbol 'pll_gen_open6', assumed default net type 'wire' in ../fpga/UDP_EG4_6.2/prj/UDP_EXAMPLE/al_ip/pll_gen.v(105)
HDL-1007 : undeclared symbol 'pll_gen_open5', assumed default net type 'wire' in ../fpga/UDP_EG4_6.2/prj/UDP_EXAMPLE/al_ip/pll_gen.v(105)
HDL-1007 : undeclared symbol 'pll_gen_open4', assumed default net type 'wire' in ../fpga/UDP_EG4_6.2/prj/UDP_EXAMPLE/al_ip/pll_gen.v(105)
HDL-1007 : undeclared symbol 'pll_gen_open3', assumed default net type 'wire' in ../fpga/UDP_EG4_6.2/prj/UDP_EXAMPLE/al_ip/pll_gen.v(105)
HDL-1007 : undeclared symbol 'pll_gen_open2', assumed default net type 'wire' in ../fpga/UDP_EG4_6.2/prj/UDP_EXAMPLE/al_ip/pll_gen.v(105)
HDL-1007 : undeclared symbol 'pll_gen_open1', assumed default net type 'wire' in ../fpga/UDP_EG4_6.2/prj/UDP_EXAMPLE/al_ip/pll_gen.v(105)
HDL-1007 : analyze verilog file al_ip/ChipWatcher_0/RTL/ChipWatcher_e16b8e4ff8cf.sv
HDL-1007 : analyze verilog file al_ip/ChipWatcher_0/ChipWatcher_0.sv
HDL-1007 : analyze verilog file al_ip/afifo_16_32_256.v
HDL-1007 : analyze verilog file al_ip/afifo_32_16_256.v
HDL-1007 : analyze verilog file al_ip/import/clk_pll.v
HDL-1007 : undeclared symbol 'open', assumed default net type 'wire' in al_ip/import/clk_pll.v(85)
HDL-1007 : analyze verilog file al_ip/import/clk_wize.v
HDL-1007 : undeclared symbol 'open', assumed default net type 'wire' in al_ip/import/clk_wize.v(70)
HDL-1007 : analyze verilog file al_ip/import/fifo_sdr_data_2.v
HDL-1007 : analyze verilog file al_ip/import/pll_50.v
HDL-1007 : undeclared symbol 'open', assumed default net type 'wire' in al_ip/import/pll_50.v(85)
HDL-1007 : analyze verilog file al_ip/import/ram.v
HDL-1007 : analyze verilog file al_ip/sys_pll.v
HDL-1007 : undeclared symbol 'open', assumed default net type 'wire' in al_ip/sys_pll.v(70)
HDL-1007 : analyze verilog file al_ip/video_pll.v
HDL-1007 : undeclared symbol 'video_pll_open0', assumed default net type 'wire' in al_ip/video_pll.v(70)
HDL-1007 : undeclared symbol 'video_pll_open1', assumed default net type 'wire' in al_ip/video_pll.v(76)
HDL-1007 : undeclared symbol 'video_pll_open9', assumed default net type 'wire' in al_ip/video_pll.v(82)
HDL-1007 : undeclared symbol 'video_pll_open8', assumed default net type 'wire' in al_ip/video_pll.v(82)
HDL-1007 : undeclared symbol 'video_pll_open7', assumed default net type 'wire' in al_ip/video_pll.v(82)
HDL-1007 : undeclared symbol 'video_pll_open6', assumed default net type 'wire' in al_ip/video_pll.v(82)
HDL-1007 : undeclared symbol 'video_pll_open5', assumed default net type 'wire' in al_ip/video_pll.v(82)
HDL-1007 : undeclared symbol 'video_pll_open4', assumed default net type 'wire' in al_ip/video_pll.v(82)
HDL-1007 : undeclared symbol 'video_pll_open3', assumed default net type 'wire' in al_ip/video_pll.v(82)
HDL-1007 : undeclared symbol 'video_pll_open2', assumed default net type 'wire' in al_ip/video_pll.v(82)
HDL-1007 : undeclared symbol 'video_pll_open12', assumed default net type 'wire' in al_ip/video_pll.v(84)
HDL-1007 : undeclared symbol 'video_pll_open11', assumed default net type 'wire' in al_ip/video_pll.v(84)
HDL-1007 : undeclared symbol 'video_pll_open10', assumed default net type 'wire' in al_ip/video_pll.v(84)
HDL-1007 : analyze verilog file src/color_bar.v
HDL-1007 : analyze included file src/video_define.v in src/color_bar.v(2)
HDL-1007 : back to file 'src/color_bar.v' in src/color_bar.v(2)
HDL-1007 : analyze verilog file src/frame_fifo_read.v
HDL-1007 : analyze verilog file src/frame_fifo_write.v
HDL-1007 : analyze verilog file src/top.v
HDL-1007 : undeclared symbol 'sdram_clk', assumed default net type 'wire' in src/top.v(107)
HDL-1007 : analyze verilog file src/video_timing_data.v
HDL-1007 : analyze verilog file src/sdram/enc_file/sdr_as_ram.enc.v
HDL-1007 : back to file 'src/sdram/enc_file/sdr_as_ram.enc.v' in src/sdram/enc_file/sdr_as_ram.enc.v(45)
HDL-1007 : analyze verilog file src/sdram/enc_file/sdr_wrrd.enc.v
HDL-5007 WARNING: concatenation with an unsized literal will be treated as 32 bits in src/sdram/enc_file/sdr_wrrd.enc.v(283)
HDL-1007 : back to file 'src/sdram/enc_file/sdr_wrrd.enc.v' in src/sdram/enc_file/sdr_wrrd.enc.v(19)
HDL-1007 : analyze verilog file src/sdram/sdram.v
HDL-1007 : analyze included file ./src/sdram/enc_file/global_def.v in src/sdram/sdram.v(10)
HDL-1007 : back to file 'src/sdram/sdram.v' in src/sdram/sdram.v(10)
HDL-1007 : undeclared symbol 'SDR_CKE', assumed default net type 'wire' in src/sdram/sdram.v(89)
HDL-1007 : analyze verilog file src/frame_read_write.v
HDL-1007 : analyze verilog file src/video_delay.v
HDL-1007 : analyze VHDL file src/hdmi/enc_file/DVITransmitter.enc.vhd
HDL-1007 : analyze entity dvitransmitter in src/hdmi/enc_file/DVITransmitter.enc.vhd(13)
HDL-1007 : analyze architecture ** in src/hdmi/enc_file/DVITransmitter.enc.vhd(2)
HDL-1007 : analyze VHDL file src/hdmi/enc_file/SerializerN_1_lvds.enc.vhd
HDL-1007 : analyze entity ** in src/hdmi/enc_file/SerializerN_1_lvds.enc.vhd(12)
HDL-1007 : analyze architecture ** in src/hdmi/enc_file/SerializerN_1_lvds.enc.vhd(25)
HDL-1007 : analyze VHDL file src/hdmi/enc_file/SerializerN_1_lvds_dat.enc.vhd
HDL-1007 : analyze entity ** in src/hdmi/enc_file/SerializerN_1_lvds_dat.enc.vhd(14)
HDL-1007 : analyze architecture ** in src/hdmi/enc_file/SerializerN_1_lvds_dat.enc.vhd(28)
HDL-1007 : analyze VHDL file src/hdmi/enc_file/TMDSEncoder.enc.vhd
HDL-1007 : analyze entity ** in src/hdmi/enc_file/TMDSEncoder.enc.vhd(13)
HDL-1007 : analyze architecture ** in src/hdmi/enc_file/TMDSEncoder.enc.vhd(24)
HDL-1007 : analyze verilog file src/hdmi/enc_file/video_tpg_1024768.enc.v
HDL-5007 WARNING: literal value ** truncated to fit in ** bits in src/hdmi/enc_file/video_tpg_1024768.enc.v(231)
HDL-1007 : back to file 'src/hdmi/enc_file/video_tpg_1024768.enc.v' in src/hdmi/enc_file/video_tpg_1024768.enc.v(1)
HDL-1007 : analyze verilog file src/hdmi/enc_file/video_tpg_1080p.enc.v
HDL-1007 : back to file 'src/hdmi/enc_file/video_tpg_1080p.enc.v' in src/hdmi/enc_file/video_tpg_1080p.enc.v(1)
HDL-1007 : analyze verilog file src/hdmi/enc_file/video_tpg_12801024p.enc.v
HDL-1007 : back to file 'src/hdmi/enc_file/video_tpg_12801024p.enc.v' in src/hdmi/enc_file/video_tpg_12801024p.enc.v(1)
HDL-1007 : analyze verilog file src/hdmi/enc_file/video_tpg_1280800.enc.v
HDL-5007 WARNING: literal value ** truncated to fit in ** bits in src/hdmi/enc_file/video_tpg_1280800.enc.v(233)
HDL-1007 : back to file 'src/hdmi/enc_file/video_tpg_1280800.enc.v' in src/hdmi/enc_file/video_tpg_1280800.enc.v(1)
HDL-1007 : analyze verilog file src/hdmi/enc_file/video_tpg_16801050p.enc.v
HDL-1007 : back to file 'src/hdmi/enc_file/video_tpg_16801050p.enc.v' in src/hdmi/enc_file/video_tpg_16801050p.enc.v(1)
HDL-1007 : analyze verilog file src/hdmi/enc_file/video_tpg_800600.enc.v
HDL-1007 : back to file 'src/hdmi/enc_file/video_tpg_800600.enc.v' in src/hdmi/enc_file/video_tpg_800600.enc.v(1)
HDL-1007 : analyze VHDL file src/hdmi/hdmi_tx.vhd
HDL-1007 : analyze entity hdmi_tx in src/hdmi/hdmi_tx.vhd(11)
HDL-1007 : analyze architecture behavioral in src/hdmi/hdmi_tx.vhd(33)
HDL-1007 : analyze verilog file src/sdram/enc_file/sdr_init_ref.enc.v
HDL-1007 : analyze included file ./src/sdram/enc_file/global_def.v in src/sdram/enc_file/sdr_init_ref.enc.v(11)
HDL-1007 : back to file 'src/sdram/enc_file/sdr_init_ref.enc.v' in src/sdram/enc_file/sdr_init_ref.enc.v(11)
HDL-1007 : undeclared symbol '**', assumed default net type '**' in src/sdram/enc_file/sdr_init_ref.enc.v(57)
HDL-1007 : back to file 'src/sdram/enc_file/sdr_init_ref.enc.v' in src/sdram/enc_file/sdr_init_ref.enc.v(149)
HDL-5007 WARNING: concatenation with an unsized literal will be treated as 32 bits in src/sdram/enc_file/sdr_init_ref.enc.v(47)
HDL-1007 : analyze verilog file src/ov5640/cmos_capture_data.v
HDL-1007 : analyze verilog file src/ov5640/i2c_dri.v
HDL-1007 : analyze verilog file src/ov5640/i2c_ov5640_rgb565_cfg.v
HDL-1007 : analyze verilog file src/ov5640/ov5640_dri.v
HDL-5372 WARNING: redeclaration of ANSI port 'cmos_frame_vsync' is not allowed in src/ov5640/ov5640_dri.v(116)
HDL-5372 WARNING: redeclaration of ANSI port 'cmos_frame_href' is not allowed in src/ov5640/ov5640_dri.v(117)
HDL-5372 WARNING: redeclaration of ANSI port 'cmos_frame_valid' is not allowed in src/ov5640/ov5640_dri.v(118)
HDL-5372 WARNING: redeclaration of ANSI port 'cmos_frame_data' is not allowed in src/ov5640/ov5640_dri.v(119)
HDL-7200 CRITICAL-WARNING: 'cmos_frame_data' was previously declared with a range in src/ov5640/ov5640_dri.v(119)
HDL-1007 : analyze verilog file src/ov5640/ov5640_delay.v
HDL-1007 : analyze verilog file import/clk_gen_rst_gen.v
HDL-1007 : analyze verilog file import/div_clk_gen.v
HDL-1007 : analyze verilog file import/IDDR.v
HDL-1007 : analyze verilog file import/led.v
HDL-1007 : analyze verilog file import/ODDR.v
HDL-1007 : analyze verilog file import/RAMB16_S9_S9.v
HDL-1007 : undeclared symbol 'open', assumed default net type 'wire' in import/RAMB16_S9_S9.v(109)
HDL-1007 : analyze verilog file import/rgmii_interface.v
HDL-1007 : analyze verilog file import/rx_client_fifo.v
HDL-5370 WARNING: parameter 'WAIT_s' becomes localparam in 'rx_client_fifo' with formal parameter declaration list in import/rx_client_fifo.v(49)
HDL-5370 WARNING: parameter 'QUEUE1_s' becomes localparam in 'rx_client_fifo' with formal parameter declaration list in import/rx_client_fifo.v(50)
HDL-5370 WARNING: parameter 'QUEUE2_s' becomes localparam in 'rx_client_fifo' with formal parameter declaration list in import/rx_client_fifo.v(51)
HDL-5370 WARNING: parameter 'QUEUE3_s' becomes localparam in 'rx_client_fifo' with formal parameter declaration list in import/rx_client_fifo.v(52)
HDL-5370 WARNING: parameter 'QUEUE_SOF_s' becomes localparam in 'rx_client_fifo' with formal parameter declaration list in import/rx_client_fifo.v(53)
HDL-5370 WARNING: parameter 'SOF_s' becomes localparam in 'rx_client_fifo' with formal parameter declaration list in import/rx_client_fifo.v(54)
HDL-5370 WARNING: parameter 'DATA_s' becomes localparam in 'rx_client_fifo' with formal parameter declaration list in import/rx_client_fifo.v(55)
HDL-5370 WARNING: parameter 'EOF_s' becomes localparam in 'rx_client_fifo' with formal parameter declaration list in import/rx_client_fifo.v(56)
HDL-5370 WARNING: parameter 'IDLE_s' becomes localparam in 'rx_client_fifo' with formal parameter declaration list in import/rx_client_fifo.v(62)
HDL-5370 WARNING: parameter 'FRAME_s' becomes localparam in 'rx_client_fifo' with formal parameter declaration list in import/rx_client_fifo.v(63)
HDL-5370 Similar messages will be suppressed.
HDL-1007 : analyze verilog file import/temac_block.v
HDL-1007 : analyze verilog file import/temac_clk_gen.v
HDL-1007 : analyze verilog file import/tx_client_fifo.v
HDL-5370 WARNING: parameter 'IDLE_s' becomes localparam in 'tx_client_fifo' with formal parameter declaration list in import/tx_client_fifo.v(53)
HDL-5370 WARNING: parameter 'QUEUE1_s' becomes localparam in 'tx_client_fifo' with formal parameter declaration list in import/tx_client_fifo.v(54)
HDL-5370 WARNING: parameter 'QUEUE2_s' becomes localparam in 'tx_client_fifo' with formal parameter declaration list in import/tx_client_fifo.v(55)
HDL-5370 WARNING: parameter 'QUEUE3_s' becomes localparam in 'tx_client_fifo' with formal parameter declaration list in import/tx_client_fifo.v(56)
HDL-5370 WARNING: parameter 'QUEUE_ACK_s' becomes localparam in 'tx_client_fifo' with formal parameter declaration list in import/tx_client_fifo.v(57)
HDL-5370 WARNING: parameter 'WAIT_ACK_s' becomes localparam in 'tx_client_fifo' with formal parameter declaration list in import/tx_client_fifo.v(58)
HDL-5370 WARNING: parameter 'FRAME_s' becomes localparam in 'tx_client_fifo' with formal parameter declaration list in import/tx_client_fifo.v(59)
HDL-5370 WARNING: parameter 'DROP_s' becomes localparam in 'tx_client_fifo' with formal parameter declaration list in import/tx_client_fifo.v(60)
HDL-5370 WARNING: parameter 'RETRANSMIT_s' becomes localparam in 'tx_client_fifo' with formal parameter declaration list in import/tx_client_fifo.v(61)
HDL-5370 WARNING: parameter 'WAIT_s' becomes localparam in 'tx_client_fifo' with formal parameter declaration list in import/tx_client_fifo.v(67)
HDL-5370 Similar messages will be suppressed.
HDL-1007 : analyze verilog file import/tx_clk_en_gen.v
HDL-1007 : analyze verilog file import/udp_ip_protocol_stack_merge.enc.v
HDL-1007 : back to file 'import/udp_ip_protocol_stack_merge.enc.v' in import/udp_ip_protocol_stack_merge.enc.v(56)
HDL-1007 : undeclared symbol '**', assumed default net type '**' in import/udp_ip_protocol_stack_merge.enc.v(2638)
HDL-1007 : back to file 'import/udp_ip_protocol_stack_merge.enc.v' in import/udp_ip_protocol_stack_merge.enc.v(420)
HDL-1007 : analyze verilog file import/udp_loopback.v
HDL-1007 : analyze verilog file import/udp_data.v
HDL-1007 : undeclared symbol 'key_down', assumed default net type 'wire' in import/udp_data.v(50)
HDL-1007 : undeclared symbol 'cmos_frame_href', assumed default net type 'wire' in import/udp_data.v(163)
HDL-1007 : undeclared symbol 'cmos_frame_valid', assumed default net type 'wire' in import/udp_data.v(164)
HDL-1007 : undeclared symbol 'cmos_frame_data', assumed default net type 'wire' in import/udp_data.v(165)
HDL-1007 : undeclared symbol 'udp_clk', assumed default net type 'wire' in import/udp_data.v(216)
HDL-1007 : undeclared symbol 'udp_tx_ready', assumed default net type 'wire' in import/udp_data.v(229)
HDL-1007 : undeclared symbol 'app_tx_ack', assumed default net type 'wire' in import/udp_data.v(230)
HDL-7225 CRITICAL-WARNING: 'udp_tx_ready' is already implicitly declared on line 229 in import/udp_data.v(259)
HDL-7225 CRITICAL-WARNING: 'app_tx_ack' is already implicitly declared on line 230 in import/udp_data.v(260)
HDL-7225 CRITICAL-WARNING: 'udp_clk' is already implicitly declared on line 216 in import/udp_data.v(302)
HDL-1007 : undeclared symbol 'reset', assumed default net type 'wire' in import/udp_data.v(333)
HDL-1007 : undeclared symbol 'phy_reset', assumed default net type 'wire' in import/udp_data.v(334)
HDL-1007 : undeclared symbol 'VGA_HSYNC', assumed default net type 'wire' in import/udp_data.v(553)
HDL-1007 : undeclared symbol 'VGA_VSYNC', assumed default net type 'wire' in import/udp_data.v(554)
HDL-1007 : analyze verilog file Camera_ETH_Formator.v
HDL-1007 : analyze verilog file camera_udp_streamer.v
HDL-1007 : analyze verilog file async_fifo.v
HDL-1007 : analyze verilog file async_fifo_ctrl.v
HDL-1007 : analyze verilog file dpram.v
HDL-1007 : analyze verilog file import/app_wrrd.v
HDL-1007 : analyze included file ./src/sdram/enc_file/global_def.v in import/app_wrrd.v(10)
HDL-1007 : back to file 'import/app_wrrd.v' in import/app_wrrd.v(10)
HDL-5372 WARNING: redeclaration of ANSI port 'full_flag' is not allowed in import/app_wrrd.v(55)
HDL-1007 : undeclared symbol 'afull', assumed default net type 'wire' in import/app_wrrd.v(68)
HDL-1007 : undeclared symbol 'aempty', assumed default net type 'wire' in import/app_wrrd.v(69)
HDL-1007 : undeclared symbol 'wrusedw', assumed default net type 'wire' in import/app_wrrd.v(70)
HDL-5333 WARNING: data object 'w_addr_cnt' is already declared in import/app_wrrd.v(133)
HDL-1007 : previous declaration of 'w_addr_cnt' is from here in import/app_wrrd.v(37)
HDL-5007 WARNING: second declaration of 'w_addr_cnt' is ignored in import/app_wrrd.v(133)
HDL-1007 : analyze verilog file import/sdram_top.v
HDL-1007 : analyze included file ./src/sdram/enc_file/global_def.v in import/sdram_top.v(10)
HDL-1007 : back to file 'import/sdram_top.v' in import/sdram_top.v(10)
HDL-1007 : undeclared symbol 'Rst_n', assumed default net type 'wire' in import/sdram_top.v(70)
HDL-5372 WARNING: redeclaration of ANSI port 'wr_done' is not allowed in import/sdram_top.v(73)
HDL-1007 : undeclared symbol 'SDR_CKE', assumed default net type 'wire' in import/sdram_top.v(133)
HDL-1007 : analyze verilog file sd_ctrl_top.v
HDL-1007 : analyze verilog file sd_init.v
HDL-1007 : analyze verilog file sd_read.v
HDL-1007 : analyze verilog file sd_read_photo.v
HDL-1007 : analyze verilog file UDP_Example_Top.v
HDL-1007 : analyze verilog file app.v
HDL-1007 : analyze verilog file addr_crt.v
HDL-1007 : analyze verilog file vga_disp_rtl.v
HDL-1007 : analyze verilog file key_filter.v
PRJ-1409 : launch_runs syn_1 phy_1  -jobs 6.
PRJ-1410 : Run syn_1 success.
PRJ-1410 : Run phy_1 success.
RUN-1002 : start command "save_best_bits"
PRJ-1424 : The implemented result of phy_1 is saved as best result.
RUN-1002 : start command "import_db C:/Users/leader/Desktop/lab_ex_5_HX4S20_OV5640/pic_sdram_Runs/phy_1/pic_sdram_pr.db"
RUN-1001 : Importing database generated by Tang Dynasty, V6.2.168116.
RUN-1001 : Database version number 46207
RUN-1001 : Import flow parameters
RUN-1001 : Import netlist
PHY-1001 : Generate detailed routing grids ...
PHY-1001 : End build routing graph; 0.556465s wall, 0.500000s user + 0.031250s system = 0.531250s CPU (95.5%)

PHY-1001 : Processed IO instance sd_miso_syn_4 with INV attribute.
PHY-1001 : Build lut bridge;  0.065330s wall, 0.062500s user + 0.000000s system = 0.062500s CPU (95.7%)

PHY-1001 : Generate nets ...
PHY-1001 : net t1_sd_ctrl_top/u_sd_read/clk_ref_180deg will be routed on clock mesh
PHY-1001 : clock net auto_created_cwc3/wrapper_cwc_top/U_cwc_ram/clka_syn_2 will be merged with clock auto_created_cwc3/wrapper_cwc_top/U_cwc_ram/clka
PHY-1001 : clock net cwc_jtck_syn_2 will be merged with clock cwc_jtck
PHY-1001 : clock net u_ov5640_dri/u_i2c_dr/dri_clk_syn_4 will be merged with clock u_ov5640_dri/u_i2c_dr/dri_clk
PHY-1001 : clock net t1_sd_ctrl_top/u_sd_init/div_clk_syn_4 will be merged with clock t1_sd_ctrl_top/u_sd_init/div_clk
PHY-1001 : clock net t2_sd_read_photo/clk will be merged with clock u_pll_50/clk0_buf
PHY-1001 : clock net t3_sdram/u0_clk/clk0_out will be merged with clock t3_sdram/u0_clk/clk0_buf
PHY-1001 : net t3_sdram/u1_app_wrrd/clk will be routed on clock mesh
PHY-1001 : net t3_sdram/u2_ram/SDRAM_CLK will be routed on clock mesh
PHY-1001 : net u2_hdmi_tx/Inst_DVITransmitter/PCLK_I will be routed on clock mesh
PHY-1001 : clock net u2_hdmi_tx/Inst_DVITransmitter/PCLK_X5_I will be merged with clock u0_clk_wize/clk0_buf
PHY-1001 : net auto_created_cwc4/wrapper_cwc_top/U_cwc_ram/clka will be routed on clock mesh
PHY-1001 : clock net u4_trimac_block/gtx_clk will be merged with clock u_clk_gen/u_pll_0/clk0_buf
PHY-1001 : clock net u4_trimac_block/rx_clk will be merged with clock phy1_rgmii_rx_clk_dup_1
PHY-1001 : net u4_trimac_block/u1_rgmii_interface/rgmii_txc_ddr/clk will be routed on clock mesh
PHY-1001 : net u5_temac_clk_gen/clk_125_in will be routed on clock mesh
PHY-1001 : eco open net = 0
PHY-1001 : 235 feed throughs used by 196 nets
RUN-1001 : Import phy database
RUN-1001 : Import timing constraints
RUN-1001 : Import IO constraints
RUN-1001 : Import Inst constraints
RUN-1001 : Import ChipWatcher
RUN-1001 : Import design success TD_VERSION=6.2.168116 , DB_VERSION=46207
RUN-1003 : finish command "import_db C:/Users/leader/Desktop/lab_ex_5_HX4S20_OV5640/pic_sdram_Runs/phy_1/pic_sdram_pr.db" in  3.306770s wall, 2.750000s user + 0.234375s system = 2.984375s CPU (90.3%)

RUN-1004 : used memory is 698 MB, reserved memory is 723 MB, peak memory is 808 MB
