============================================================
   Tang Dynasty, V6.2.168116
   Copyright (c) 2012-2025 Anlogic Inc.
   Executable = D:/Anlogic/TD_6.2.1_Engineer_6.2.168.116/bin/td.exe
   Built at =   16:32:07 Jun 12 2025
   Run by =     leader
   Run Date =   Fri Oct 31 17:35:21 2025

   Run on =     LAPTOP-L0PT6B06
============================================================
RUN-1002 : start command "import_db C:/Users/leader/Desktop/lab_ex_5_HX4S20_OV5640/pic_sdram_Runs/phy_1/pic_sdram_pr.db"
RUN-1001 : Importing database generated by Tang Dynasty, V6.2.168116.
RUN-1001 : Database version number 46207
RUN-1001 : Import flow parameters
RUN-1001 : Import netlist
PHY-1001 : Generate detailed routing grids ...
PHY-1001 : End build routing graph; 2.179062s wall, 2.078125s user + 0.125000s system = 2.203125s CPU (101.1%)

PHY-1001 : Build lut bridge;  0.047869s wall, 0.046875s user + 0.000000s system = 0.046875s CPU (97.9%)

PHY-1001 : Generate nets ...
PHY-1001 : net camera/U3/u2_ram/SDRAM_CLK will be routed on clock mesh
PHY-1001 : clock net camera/U3/u2_ram/u1_init_ref/Sdr_clk will be merged with clock camera/sys_pll_m0/clk0_buf
PHY-1001 : clock net cwc_jtck_syn_2 will be merged with clock cwc_jtck
PHY-1001 : clock net camera/u_ov5640_dri/u_i2c_dr/dri_clk_syn_4 will be merged with clock camera/u_ov5640_dri/u_i2c_dr/dri_clk
PHY-1001 : clock net camera/frame_read_write_m0/write_buf/clkw_syn_2 will be merged with clock camera/frame_read_write_m0/write_buf/clkw
PHY-1001 : clock net camera/u3_hdmi_tx/Inst_DVITransmitter/PCLK_I will be merged with clock camera/video_pll_m0/clk0_buf
PHY-1001 : net camera/u3_hdmi_tx/Inst_DVITransmitter/PCLK_X5_I will be routed on clock mesh
PHY-1001 : net auto_created_cwc1/wrapper_cwc_top/U_cwc_ram/clka will be routed on clock mesh
PHY-1001 : clock net u4_trimac_block/gtx_clk will be merged with clock u_clk_gen/u_pll_0/clk0_buf
PHY-1001 : clock net u4_trimac_block/rx_clk will be merged with clock phy1_rgmii_rx_clk_dup_1
PHY-1001 : net u4_trimac_block/u1_rgmii_interface/rgmii_txc_ddr/clk will be routed on clock mesh
PHY-1001 : net u5_temac_clk_gen/clk_125_in will be routed on clock mesh
PHY-1001 : eco open net = 0
PHY-1001 : 171 feed throughs used by 146 nets
RUN-1001 : Import phy database
RUN-1001 : Import timing constraints
RUN-1001 : Import IO constraints
RUN-1001 : Import Inst constraints
RUN-1001 : Import ChipWatcher
RUN-1001 : Import design success TD_VERSION=6.2.168116 , DB_VERSION=46207
RUN-1003 : finish command "import_db C:/Users/leader/Desktop/lab_ex_5_HX4S20_OV5640/pic_sdram_Runs/phy_1/pic_sdram_pr.db" in  4.215856s wall, 3.765625s user + 0.234375s system = 4.000000s CPU (94.9%)

RUN-1004 : used memory is 670 MB, reserved memory is 639 MB, peak memory is 756 MB
