============================================================
   Tang Dynasty, V6.2.168116
   Copyright (c) 2012-2025 Anlogic Inc.
   Executable = D:/Anlogic/TD_6.2.1_Engineer_6.2.168.116/bin/td.exe
   Built at =   16:32:07 Jun 12 2025
   Run by =     Administrator
   Run Date =   Sun Aug 10 15:17:39 2025

   Run on =     PC-20230215EHPW
============================================================
RUN-1002 : start command "import_db C:/Users/Administrator/Desktop/HX4S20_OV5640/pic_sdram_Runs/phy_1/pic_sdram_pr.db"
RUN-1001 : Importing database generated by Tang Dynasty, V5.6.119222.
RUN-1001 : Database version number 46146.
USR-6029 WARNING: Database of an earlier version is imported, the hierarchy info import is skipped.
RUN-1001 : Import flow parameters
PHY-1001 : Generate detailed routing grids ...
PHY-1001 : End build routing graph; 3.450473s wall, 3.421875s user + 0.109375s system = 3.531250s CPU (102.3%)

PHY-1001 : Build lut bridge;  0.056503s wall, 0.046875s user + 0.000000s system = 0.046875s CPU (83.0%)

PHY-1001 : Generate nets ...
PHY-1001 : net clk_dup_1 will be routed on clock mesh
PHY-1001 : net U3/u2_ram/SDRAM_CLK will be routed on clock mesh
PHY-1032 : Net U3/u2_ram/u2_wrrd/Sdr_rd_dout[7] with 1 non-virtual pins; routing is skipped.
PHY-1032 : Net U3/u2_ram/u2_wrrd/Sdr_rd_dout[6] with 1 non-virtual pins; routing is skipped.
PHY-1032 : Net U3/u2_ram/u2_wrrd/Sdr_rd_dout[5] with 1 non-virtual pins; routing is skipped.
PHY-1032 : Net U3/u2_ram/u2_wrrd/Sdr_rd_dout[4] with 1 non-virtual pins; routing is skipped.
PHY-1032 : Net U3/u2_ram/u2_wrrd/Sdr_rd_dout[3] with 1 non-virtual pins; routing is skipped.
PHY-1032 : Net U3/u2_ram/u2_wrrd/Sdr_rd_dout[2] with 1 non-virtual pins; routing is skipped.
PHY-1032 : Net U3/u2_ram/u2_wrrd/Sdr_rd_dout[1] with 1 non-virtual pins; routing is skipped.
PHY-1032 : Net U3/u2_ram/u2_wrrd/Sdr_rd_dout[0] with 1 non-virtual pins; routing is skipped.
PHY-1001 : clock net U3/u2_ram/u2_wrrd/Sdr_clk will be merged with clock sys_pll_m0/clk0_buf
PHY-1001 : clock net frame_read_write_m0/write_buf/clkw_syn_2 will be merged with clock frame_read_write_m0/write_buf/clkw
PHY-1001 : net u3_hdmi_tx/PXLCLK_5X_I will be routed on clock mesh
PHY-1001 : clock net u_ov5640_dri/u_i2c_dr/dri_clk_syn_4 will be merged with clock u_ov5640_dri/u_i2c_dr/dri_clk
PHY-1001 : clock net video_timing_data_m0/video_clk will be merged with clock video_pll_m0/clk0_buf
PHY-1001 : clock net config_inst_syn_10 will be merged with clock config_inst_syn_9
PHY-1032 : Net U3/u2_ram/u2_wrrd/Sdr_rd_dout[7] with 1 non-virtual pins; routing is skipped.
PHY-1032 : Net U3/u2_ram/u2_wrrd/Sdr_rd_dout[6] with 1 non-virtual pins; routing is skipped.
PHY-1032 : Net U3/u2_ram/u2_wrrd/Sdr_rd_dout[5] with 1 non-virtual pins; routing is skipped.
PHY-1032 : Net U3/u2_ram/u2_wrrd/Sdr_rd_dout[4] with 1 non-virtual pins; routing is skipped.
PHY-1032 : Net U3/u2_ram/u2_wrrd/Sdr_rd_dout[3] with 1 non-virtual pins; routing is skipped.
PHY-1032 : Net U3/u2_ram/u2_wrrd/Sdr_rd_dout[2] with 1 non-virtual pins; routing is skipped.
PHY-1032 : Net U3/u2_ram/u2_wrrd/Sdr_rd_dout[1] with 1 non-virtual pins; routing is skipped.
PHY-1032 : Net U3/u2_ram/u2_wrrd/Sdr_rd_dout[0] with 1 non-virtual pins; routing is skipped.
PHY-1001 : eco open net = 0
PHY-1001 : 21 feed throughs used by 18 nets
USR-6001 WARNING: No ports matched 'get_ports clkw'
USR-6001 WARNING: No ports matched 'get_ports clkr'
USR-8141 CRITICAL-WARNING: set_false_path: please specify the path.
USR-6001 WARNING: No ports matched 'get_ports clkw'
USR-6001 WARNING: No ports matched 'get_ports clkr'
USR-8141 CRITICAL-WARNING: set_false_path: please specify the path.
RUN-1001 : Import timing constraints
RUN-1001 : Import IO constraints
RUN-1001 : Import Inst constraints
RUN-1001 : Import ChipWatcher
RUN-1001 : Import design success TD_VERSION=5.6.119222 , DB_VERSION=46146
RUN-1003 : finish command "import_db C:/Users/Administrator/Desktop/HX4S20_OV5640/pic_sdram_Runs/phy_1/pic_sdram_pr.db" in  5.630230s wall, 5.015625s user + 0.187500s system = 5.203125s CPU (92.4%)

RUN-1004 : used memory is 599 MB, reserved memory is 545 MB, peak memory is 602 MB
