============================================================
   Tang Dynasty, V6.2.168116
   Copyright (c) 2012-2025 Anlogic Inc.
   Executable = D:/Anlogic/TD_6.2.1_Engineer_6.2.168.116/bin/td.exe
   Built at =   16:32:07 Jun 12 2025
   Run by =     leader
   Run Date =   Thu Oct 30 21:59:05 2025

   Run on =     LAPTOP-L0PT6B06
============================================================
RUN-1002 : start command "import_db C:/Users/leader/Desktop/fpga/lab_ex_5_HX4S20_OV5640/pic_sdram_Runs/phy_1/pic_sdram_pr.db"
RUN-1001 : Importing database generated by Tang Dynasty, V6.2.168116.
RUN-1001 : Database version number 46207
RUN-1001 : Import flow parameters
RUN-1001 : Import netlist
PHY-1001 : Generate detailed routing grids ...
PHY-1001 : End build routing graph; 2.573104s wall, 2.218750s user + 0.328125s system = 2.546875s CPU (99.0%)

PHY-1001 : Build lut bridge;  0.048154s wall, 0.046875s user + 0.000000s system = 0.046875s CPU (97.3%)

PHY-1001 : Generate nets ...
PHY-1001 : net clk_50_dup_1 will be routed on clock mesh
PHY-1001 : net camera/U3/u2_ram/SDRAM_CLK will be routed on clock mesh
PHY-1001 : clock net camera/U3/u2_ram/u1_init_ref/Sdr_clk will be merged with clock camera/sys_pll_m0/clk0_buf
PHY-1001 : clock net camera/u_ov5640_dri/u_i2c_dr/dri_clk_syn_4 will be merged with clock camera/u_ov5640_dri/u_i2c_dr/dri_clk
PHY-1001 : clock net camera/frame_read_write_m0/write_buf/clkw_syn_2 will be merged with clock camera/frame_read_write_m0/write_buf/clkw
PHY-1001 : clock net camera/u3_hdmi_tx/Inst_DVITransmitter/PCLK_I will be merged with clock camera/video_pll_m0/clk0_buf
PHY-1001 : net camera/u3_hdmi_tx/Inst_DVITransmitter/PCLK_X5_I will be routed on clock mesh
PHY-1001 : net u5_temac_clk_gen/clk_125_in will be routed on clock mesh
PHY-1001 : net u4_trimac_block/u1_rgmii_interface/rgmii_txc_ddr/clk will be routed on clock mesh
PHY-1001 : clock net u4_trimac_block/rx_clk will be merged with clock phy1_rgmii_rx_clk_dup_1
PHY-1001 : clock net u4_trimac_block/gtx_clk will be merged with clock u_clk_gen/u_pll_0/clk0_buf
PHY-1001 : eco open net = 0
PHY-1001 : 146 feed throughs used by 108 nets
RUN-1001 : Import phy database
RUN-1001 : Import timing constraints
RUN-1001 : Import IO constraints
RUN-1001 : Import Inst constraints
RUN-1001 : Import ChipWatcher
RUN-1001 : Import design success TD_VERSION=6.2.168116 , DB_VERSION=46207
RUN-1003 : finish command "import_db C:/Users/leader/Desktop/fpga/lab_ex_5_HX4S20_OV5640/pic_sdram_Runs/phy_1/pic_sdram_pr.db" in  4.630009s wall, 3.718750s user + 0.609375s system = 4.328125s CPU (93.5%)

RUN-1004 : used memory is 652 MB, reserved memory is 620 MB, peak memory is 738 MB
PRJ-1412 : reset_run syn_1 phy_1.
PRJ-1409 : launch_runs syn_1 phy_1  -jobs 6.
PRJ-1410 : Run syn_1 success.
RUN-1002 : start command "save_best_bits"
PRJ-1424 : The implemented result of phy_1 is saved as best result.
PRJ-1410 : Run phy_1 success.
RUN-1002 : start command "import_db C:/Users/leader/Desktop/fpga/lab_ex_5_HX4S20_OV5640/pic_sdram_Runs/phy_1/pic_sdram_pr.db"
RUN-1001 : Importing database generated by Tang Dynasty, V6.2.168116.
RUN-1001 : Database version number 46207
RUN-1001 : Import flow parameters
RUN-1001 : Import netlist
PHY-1001 : Generate detailed routing grids ...
PHY-1001 : End build routing graph; 0.516602s wall, 0.531250s user + 0.000000s system = 0.531250s CPU (102.8%)

PHY-1001 : Build lut bridge;  0.048919s wall, 0.046875s user + 0.000000s system = 0.046875s CPU (95.8%)

PHY-1001 : Generate nets ...
PHY-1001 : net clk_50_dup_1 will be routed on clock mesh
PHY-1001 : net camera/U3/u2_ram/SDRAM_CLK will be routed on clock mesh
PHY-1001 : clock net camera/U3/u2_ram/u1_init_ref/Sdr_clk will be merged with clock camera/sys_pll_m0/clk0_buf
PHY-1001 : clock net camera/u_ov5640_dri/u_i2c_dr/dri_clk_syn_4 will be merged with clock camera/u_ov5640_dri/u_i2c_dr/dri_clk
PHY-1001 : clock net camera/frame_read_write_m0/write_buf/clkw_syn_2 will be merged with clock camera/frame_read_write_m0/write_buf/clkw
PHY-1001 : clock net camera/u3_hdmi_tx/Inst_DVITransmitter/PCLK_I will be merged with clock camera/video_pll_m0/clk0_buf
PHY-1001 : net camera/u3_hdmi_tx/Inst_DVITransmitter/PCLK_X5_I will be routed on clock mesh
PHY-1001 : net u5_temac_clk_gen/clk_125_in will be routed on clock mesh
PHY-1001 : net u4_trimac_block/u1_rgmii_interface/rgmii_txc_ddr/clk will be routed on clock mesh
PHY-1001 : clock net u4_trimac_block/rx_clk will be merged with clock phy1_rgmii_rx_clk_dup_1
PHY-1001 : clock net u4_trimac_block/gtx_clk will be merged with clock u_clk_gen/u_pll_0/clk0_buf
PHY-1001 : eco open net = 0
PHY-1001 : 146 feed throughs used by 108 nets
RUN-1001 : Import phy database
RUN-1001 : Import timing constraints
RUN-1001 : Import IO constraints
RUN-1001 : Import Inst constraints
RUN-1001 : Import ChipWatcher
RUN-1001 : Import design success TD_VERSION=6.2.168116 , DB_VERSION=46207
RUN-1003 : finish command "import_db C:/Users/leader/Desktop/fpga/lab_ex_5_HX4S20_OV5640/pic_sdram_Runs/phy_1/pic_sdram_pr.db" in  2.556473s wall, 2.265625s user + 0.062500s system = 2.328125s CPU (91.1%)

RUN-1004 : used memory is 682 MB, reserved memory is 657 MB, peak memory is 755 MB
