============================================================
   Tang Dynasty, V5.6.119222
      Copyright (c) 2012-2024 Anlogic Inc.
   Executable = E:/software/Anlogic/TD_5.6.5_Release_119.222/bin/td.exe
   Built at =   17:28:21 May 30 2024
   Run by =     28408
   Run Date =   Mon May 12 11:25:06 2025

   Run on =     BERUGA0023
============================================================
RUN-1002 : start command "open_project pic_sdram.prj"
RUN-1001 : Print Global Property
RUN-1001 : ---------------------------------------------------------------
RUN-1001 :        Parameters        |  Settings  |  Default Values  |  Note  
RUN-1001 : ---------------------------------------------------------------
RUN-1001 :          message         |  standard  |     standard     |        
RUN-1001 :   mixed_pack_place_flow  |     on     |        on        |        
RUN-1001 :        qor_monitor       |    off     |       off        |        
RUN-1001 :        syn_ip_flow       |    off     |       off        |        
RUN-1001 :          thread          |    auto    |       auto       |        
RUN-1001 : ---------------------------------------------------------------
RUN-1001 : Print Design Property
RUN-1001 : --------------------------------------------------------------
RUN-1001 :        Parameters       |  Settings  |  Default Values  |  Note  
RUN-1001 : --------------------------------------------------------------
RUN-1001 :   default_reg_initial   |    auto    |       auto       |        
RUN-1001 :        infer_add        |     on     |        on        |        
RUN-1001 :        infer_fsm        |    off     |       off        |        
RUN-1001 :        infer_mult       |     on     |        on        |        
RUN-1001 :        infer_ram        |     on     |        on        |        
RUN-1001 :        infer_reg        |     on     |        on        |        
RUN-1001 :   infer_reg_init_value  |     on     |        on        |        
RUN-1001 :        infer_rom        |     on     |        on        |        
RUN-1001 :      infer_shifter      |     on     |        on        |        
RUN-1001 : --------------------------------------------------------------
RUN-1001 : Print Rtl Property
RUN-1001 : --------------------------------------------------------------
RUN-1001 :        Parameters       |  Settings  |  Default Values  |  Note  
RUN-1001 : --------------------------------------------------------------
RUN-1001 :       compress_add      |   ripple   |      ripple      |        
RUN-1001 :        elf_sload        |    off     |       off        |        
RUN-1001 :       fix_undriven      |     0      |        0         |        
RUN-1001 :         flatten         |    off     |       off        |        
RUN-1001 :       gate_sharing      |     on     |        on        |        
RUN-1001 :    hdl_warning_level    |   normal   |      normal      |        
RUN-1001 :   impl_internal_tribuf  |     on     |        on        |        
RUN-1001 :      impl_set_reset     |     on     |        on        |        
RUN-1001 :        infer_gsr        |    off     |       off        |        
RUN-1001 :      keep_hierarchy     |    auto    |       auto       |        
RUN-1001 :        max_fanout       |    9999    |       9999       |        
RUN-1001 :      max_oh2bin_len     |     10     |        10        |        
RUN-1001 :       merge_equal       |     on     |        on        |        
RUN-1001 :       merge_equiv       |     on     |        on        |        
RUN-1001 :        merge_mux        |    off     |       off        |        
RUN-1001 :     min_control_set     |     8      |        8         |        
RUN-1001 :      min_ripple_len     |    auto    |       auto       |        
RUN-1001 :       oh2bin_ratio      |    0.08    |       0.08       |        
RUN-1001 :     opt_adder_fanout    |     on     |        on        |        
RUN-1001 :        opt_arith        |     on     |        on        |        
RUN-1001 :       opt_big_gate      |    off     |       off        |        
RUN-1001 :        opt_const        |     on     |        on        |        
RUN-1001 :      opt_const_mult     |     on     |        on        |        
RUN-1001 :       opt_lessthan      |     on     |        on        |        
RUN-1001 :         opt_mux         |    off     |       off        |        
RUN-1001 :         opt_ram         |    high    |       high       |        
RUN-1001 :      rtl_sim_model      |    off     |       off        |        
RUN-1001 :         seq_syn         |     on     |        on        |        
RUN-1001 : --------------------------------------------------------------
HDL-1007 : analyze verilog file ../../al_ip/sys_pll.v
HDL-1007 : undeclared symbol 'open', assumed default net type 'wire' in ../../al_ip/sys_pll.v(77)
HDL-1007 : analyze verilog file ../../al_ip/video_pll.v
HDL-1007 : undeclared symbol 'open', assumed default net type 'wire' in ../../al_ip/video_pll.v(63)
HDL-1007 : analyze verilog file ../../al_ip/afifo_16_256.v
HDL-1007 : analyze verilog file ../../QSPI_test.v
HDL-1007 : analyze verilog file ../../Qspi_master.v
HDL-1007 : analyze verilog file ../../src/ax_debounce.v
HDL-1007 : analyze verilog file ../../src/bmp_read.v
HDL-1007 : analyze verilog file ../../src/color_bar.v
HDL-1007 : analyze included file ../../src/video_define.v in ../../src/color_bar.v(2)
HDL-1007 : back to file '../../src/color_bar.v' in ../../src/color_bar.v(2)
HDL-1007 : analyze verilog file ../../src/frame_fifo_read.v
HDL-1007 : analyze verilog file ../../src/frame_fifo_write.v
HDL-1007 : analyze verilog file ../../src/sd_card/sd_card_cmd.v
HDL-1007 : analyze verilog file ../../src/sd_card/sd_card_sec_read_write.v
HDL-1007 : analyze verilog file ../../src/sd_card/sd_card_top.v
HDL-1007 : analyze verilog file ../../src/sd_card/spi_master.v
HDL-1007 : analyze verilog file ../../src/sd_card_bmp.v
HDL-1007 : analyze verilog file ../../src/seg_decoder.v
HDL-1007 : analyze verilog file ../../src/seg_scan.v
HDL-1007 : analyze verilog file ../../src/top.v
HDL-1007 : undeclared symbol 'sdram_clk', assumed default net type 'wire' in ../../src/top.v(102)
HDL-1007 : analyze verilog file ../../src/video_timing_data.v
HDL-1007 : analyze verilog file ../../src/sdram_r/sdram_cmd.v
HDL-1007 : analyze included file ../../src/sdram_r/sdram_para.v in ../../src/sdram_r/sdram_cmd.v(45)
HDL-1007 : back to file '../../src/sdram_r/sdram_cmd.v' in ../../src/sdram_r/sdram_cmd.v(45)
HDL-1007 : analyze verilog file ../../src/sdram_r/sdram_controller.v
HDL-1007 : analyze verilog file ../../src/sdram_r/sdram_ctrl.v
HDL-1007 : analyze included file ../../src/sdram_r/sdram_para.v in ../../src/sdram_r/sdram_ctrl.v(19)
HDL-1007 : back to file '../../src/sdram_r/sdram_ctrl.v' in ../../src/sdram_r/sdram_ctrl.v(19)
HDL-1007 : analyze verilog file ../../src/sdram_r/sdram_data.v
HDL-1007 : analyze included file ../../src/sdram_r/sdram_para.v in ../../src/sdram_r/sdram_data.v(13)
HDL-1007 : back to file '../../src/sdram_r/sdram_data.v' in ../../src/sdram_r/sdram_data.v(13)
HDL-1007 : analyze verilog file ../../src/sdram_r/sdram_fifo_ctrl.v
HDL-1007 : analyze verilog file ../../src/sdram/enc_file/global_def.v
HDL-1007 : analyze verilog file ../../src/sdram/enc_file/sdr_as_ram.enc.v
Copyright (c) 1998-2019 The OpenSSL Project.  All rights reserved.
This product includes software developed by the OpenSSL Project
for use in the OpenSSL Toolkit (http://www.openssl.org/)
Copyright (C) 1995-1998 Eric Young (eay@cryptsoft.com)
All rights reserved.
This product includes cryptographic software written by Eric Young (eay@cryptsoft.com)
HDL-1007 : back to file '../../src/sdram/enc_file/sdr_as_ram.enc.v' in ../../src/sdram/enc_file/sdr_as_ram.enc.v(148)
HDL-1007 : analyze verilog file ../../src/sdram/enc_file/sdr_init_ref.enc.v
HDL-1007 : undeclared symbol '**', assumed default net type '**' in encrypted_text(0)
HDL-1007 : back to file '../../src/sdram/enc_file/sdr_init_ref.enc.v' in ../../src/sdram/enc_file/sdr_init_ref.enc.v(242)
HDL-5007 WARNING: concatenation with an unsized literal will be treated as 32 bits in encrypted_text(0)
HDL-1007 : analyze verilog file ../../src/sdram/enc_file/sdr_wrrd.enc.v
HDL-5007 WARNING: concatenation with an unsized literal will be treated as 32 bits in encrypted_text(0)
HDL-1007 : back to file '../../src/sdram/enc_file/sdr_wrrd.enc.v' in ../../src/sdram/enc_file/sdr_wrrd.enc.v(255)
HDL-1007 : analyze verilog file ../../src/sdram/sdram.v
HDL-1007 : analyze included file ../.././src/sdram/enc_file/global_def.v in ../../src/sdram/sdram.v(10)
HDL-1007 : back to file '../../src/sdram/sdram.v' in ../../src/sdram/sdram.v(10)
HDL-1007 : undeclared symbol 'SDR_CKE', assumed default net type 'wire' in ../../src/sdram/sdram.v(89)
HDL-1007 : analyze verilog file ../../src/Flash/flash_cmd.v
HDL-1007 : analyze verilog file ../../src/Flash/flash_reader.v
HDL-1007 : analyze verilog file ../../src/Flash/flash_step.v
HDL-1007 : analyze verilog file ../../src/Flash/flash_write_read.v
HDL-1007 : analyze verilog file ../../src/Flash/flash_writer.v
HDL-1007 : analyze verilog file ../../src/sys_state_ctrl.v
HDL-1007 : analyze verilog file ../../src/frame_read_write.v
HDL-1007 : analyze verilog file ../../src/video_delay.v
RUN-1001 : Project manager successfully analyzed 39 source files.
RUN-1002 : start command "import_device eagle_s20.db -package EG4S20BG256"
ARC-1001 : Device Initialization.
ARC-1001 : ------------------------------------------------------------------
ARC-1001 :            OPTION            |          IO          |   SETTING   
ARC-1001 : ------------------------------------------------------------------
ARC-1001 :   cso_b/cclk/mosi/miso/dout  |  T3/R11/T10/P10/S11  |    gpio    
ARC-1001 :             done             |         P13          |    gpio    
ARC-1001 :           program_b          |          T2          |  dedicate  
ARC-1001 :        tdi/tms/tck/tdo       |   C12/A15/C14/E14    |  dedicate  
ARC-1001 : ------------------------------------------------------------------
ARC-1004 : Device setting, marked 5 dedicate IOs in total.
RUN-1002 : start command "elaborate -top top"
RUN-1001 : Print Design Property
RUN-1001 : --------------------------------------------------------------
RUN-1001 :        Parameters       |  Settings  |  Default Values  |  Note  
RUN-1001 : --------------------------------------------------------------
RUN-1001 :   default_reg_initial   |    auto    |       auto       |        
RUN-1001 :        infer_add        |     on     |        on        |        
RUN-1001 :        infer_fsm        |    off     |       off        |        
RUN-1001 :        infer_mult       |     on     |        on        |        
RUN-1001 :        infer_ram        |     on     |        on        |        
RUN-1001 :        infer_reg        |     on     |        on        |        
RUN-1001 :   infer_reg_init_value  |     on     |        on        |        
RUN-1001 :        infer_rom        |     on     |        on        |        
RUN-1001 :      infer_shifter      |     on     |        on        |        
RUN-1001 : --------------------------------------------------------------
RUN-1001 : Print Rtl Property
RUN-1001 : --------------------------------------------------------------
RUN-1001 :        Parameters       |  Settings  |  Default Values  |  Note  
RUN-1001 : --------------------------------------------------------------
RUN-1001 :       compress_add      |   ripple   |      ripple      |        
RUN-1001 :        elf_sload        |    off     |       off        |        
RUN-1001 :       fix_undriven      |     0      |        0         |        
RUN-1001 :         flatten         |    off     |       off        |        
RUN-1001 :       gate_sharing      |     on     |        on        |        
RUN-1001 :    hdl_warning_level    |   normal   |      normal      |        
RUN-1001 :   impl_internal_tribuf  |     on     |        on        |        
RUN-1001 :      impl_set_reset     |     on     |        on        |        
RUN-1001 :        infer_gsr        |    off     |       off        |        
RUN-1001 :      keep_hierarchy     |    auto    |       auto       |        
RUN-1001 :        max_fanout       |    9999    |       9999       |        
RUN-1001 :      max_oh2bin_len     |     10     |        10        |        
RUN-1001 :       merge_equal       |     on     |        on        |        
RUN-1001 :       merge_equiv       |     on     |        on        |        
RUN-1001 :        merge_mux        |    off     |       off        |        
RUN-1001 :     min_control_set     |     8      |        8         |        
RUN-1001 :      min_ripple_len     |    auto    |       auto       |        
RUN-1001 :       oh2bin_ratio      |    0.08    |       0.08       |        
RUN-1001 :     opt_adder_fanout    |     on     |        on        |        
RUN-1001 :        opt_arith        |     on     |        on        |        
RUN-1001 :       opt_big_gate      |    off     |       off        |        
RUN-1001 :        opt_const        |     on     |        on        |        
RUN-1001 :      opt_const_mult     |     on     |        on        |        
RUN-1001 :       opt_lessthan      |     on     |        on        |        
RUN-1001 :         opt_mux         |    off     |       off        |        
RUN-1001 :         opt_ram         |    high    |       high       |        
RUN-1001 :      rtl_sim_model      |    off     |       off        |        
RUN-1001 :         seq_syn         |     on     |        on        |        
RUN-1001 : --------------------------------------------------------------
RUN-1001 : Print Global Property
RUN-1001 : ---------------------------------------------------------------
RUN-1001 :        Parameters        |  Settings  |  Default Values  |  Note  
RUN-1001 : ---------------------------------------------------------------
RUN-1001 :          message         |  standard  |     standard     |        
RUN-1001 :   mixed_pack_place_flow  |     on     |        on        |        
RUN-1001 :        qor_monitor       |    off     |       off        |        
RUN-1001 :        syn_ip_flow       |    off     |       off        |        
RUN-1001 :          thread          |    auto    |       auto       |        
RUN-1001 : ---------------------------------------------------------------
RUN-1001 : Print Design Property
RUN-1001 : --------------------------------------------------------------
RUN-1001 :        Parameters       |  Settings  |  Default Values  |  Note  
RUN-1001 : --------------------------------------------------------------
RUN-1001 :   default_reg_initial   |    auto    |       auto       |        
RUN-1001 :        infer_add        |     on     |        on        |        
RUN-1001 :        infer_fsm        |    off     |       off        |        
RUN-1001 :        infer_mult       |     on     |        on        |        
RUN-1001 :        infer_ram        |     on     |        on        |        
RUN-1001 :        infer_reg        |     on     |        on        |        
RUN-1001 :   infer_reg_init_value  |     on     |        on        |        
RUN-1001 :        infer_rom        |     on     |        on        |        
RUN-1001 :      infer_shifter      |     on     |        on        |        
RUN-1001 : --------------------------------------------------------------
HDL-1007 : port 'Sdr_busy' remains unconnected for this instance in ../../src/top.v(231)
HDL-1007 : elaborate module top in ../../src/top.v(1)
HDL-1007 : elaborate module sys_pll in ../../al_ip/sys_pll.v(24)
HDL-1007 : elaborate module EG_LOGIC_BUFG in E:/software/Anlogic/TD_5.6.5_Release_119.222/arch/eagle_macro.v(8)
HDL-1007 : elaborate module EG_PHY_PLL(FIN="50.000",FBCLK_DIV=2,CLKC0_DIV=10,CLKC1_DIV=10,CLKC2_DIV=10,CLKC0_ENABLE="ENABLE",CLKC1_ENABLE="ENABLE",CLKC2_ENABLE="ENABLE",FEEDBK_PATH="CLKC0_EXT",STDBY_ENABLE="DISABLE",CLKC0_CPHASE=9,CLKC1_CPHASE=9,CLKC2_CPHASE=9,GMC_GAIN=4,ICP_CURRENT=29,KVCO=4,LPF_CAPACITOR=1,LPF_RESISTOR=2,SYNC_ENABLE="DISABLE") in E:/software/Anlogic/TD_5.6.5_Release_119.222/arch/eagle_macro.v(964)
HDL-1007 : elaborate module video_pll in ../../al_ip/video_pll.v(22)
HDL-1007 : elaborate module EG_PHY_PLL(FIN="50.000",REFCLK_DIV=2,CLKC0_DIV=40,CLKC0_ENABLE="ENABLE",FEEDBK_PATH="CLKC0_EXT",STDBY_ENABLE="DISABLE",CLKC0_CPHASE=39,GMC_GAIN=2,ICP_CURRENT=9,KVCO=2,LPF_CAPACITOR=1,LPF_RESISTOR=8,SYNC_ENABLE="DISABLE") in E:/software/Anlogic/TD_5.6.5_Release_119.222/arch/eagle_macro.v(964)
HDL-1007 : elaborate module sd_card_bmp in ../../src/sd_card_bmp.v(1)
HDL-1007 : elaborate module ax_debounce in ../../src/ax_debounce.v(1)
HDL-1007 : elaborate module bmp_read in ../../src/bmp_read.v(2)
HDL-1007 : elaborate module sd_card_top in ../../src/sd_card/sd_card_top.v(2)
HDL-1007 : elaborate module sd_card_sec_read_write in ../../src/sd_card/sd_card_sec_read_write.v(2)
HDL-1007 : elaborate module sd_card_cmd in ../../src/sd_card/sd_card_cmd.v(2)
HDL-1007 : elaborate module spi_master in ../../src/sd_card/spi_master.v(2)
HDL-5007 WARNING: input port 'sd_sec_write_data[7]' remains unconnected for this instance in ../../src/sd_card_bmp.v(60)
HDL-1007 : elaborate module seg_decoder in ../../src/seg_decoder.v(2)
HDL-1007 : elaborate module seg_scan in ../../src/seg_scan.v(2)
HDL-1007 : elaborate module video_timing_data in ../../src/video_timing_data.v(1)
HDL-1007 : elaborate module color_bar in ../../src/color_bar.v(3)
HDL-1007 : elaborate module video_delay in ../../src/video_delay.v(1)
HDL-1007 : port 'valid' remains unconnected for this instance in ../../src/frame_read_write.v(85)
HDL-1007 : port 'afull' remains unconnected for this instance in ../../src/frame_read_write.v(85)
HDL-1007 : port 'aempty' remains unconnected for this instance in ../../src/frame_read_write.v(85)
HDL-1007 : port 'valid' remains unconnected for this instance in ../../src/frame_read_write.v(132)
HDL-1007 : port 'afull' remains unconnected for this instance in ../../src/frame_read_write.v(132)
HDL-1007 : port 'aempty' remains unconnected for this instance in ../../src/frame_read_write.v(132)
HDL-1007 : elaborate module frame_read_write in ../../src/frame_read_write.v(2)
HDL-1007 : port 'doa' remains unconnected for this instance in ../../al_ip/afifo_16_256.v(261)
HDL-1007 : port 'dib' remains unconnected for this instance in ../../al_ip/afifo_16_256.v(261)
HDL-1007 : elaborate module afifo_16_256 in ../../al_ip/afifo_16_256.v(26)
HDL-1007 : elaborate module fifo_cross_domain_addr_process_al_afifo_16_256 in ../../al_ip/afifo_16_256.v(290)
HDL-1007 : elaborate module ram_infer_afifo_16_256(DATAWIDTH_A=16,ADDRWIDTH_A=9,DATAWIDTH_B=16,ADDRWIDTH_B=9) in ../../al_ip/afifo_16_256.v(378)
HDL-1007 : extracting RAM for identifier 'memory' in ../../al_ip/afifo_16_256.v(443)
HDL-5007 WARNING: input port 'dib[15]' is not connected on this instance in ../../al_ip/afifo_16_256.v(266)
HDL-5007 WARNING: actual bit length 16 differs from formal bit length 9 for port 'rdusedw' in ../../src/frame_read_write.v(96)
HDL-1007 : elaborate module frame_fifo_write(MEM_DATA_BITS=16,ADDR_BITS=21,BURST_SIZE=256) in ../../src/frame_fifo_write.v(2)
HDL-5007 WARNING: actual bit length 16 differs from formal bit length 9 for port 'wrusedw' in ../../src/frame_read_write.v(142)
HDL-1007 : elaborate module frame_fifo_read(MEM_DATA_BITS=16,ADDR_BITS=21,BURST_SIZE=256) in ../../src/frame_fifo_read.v(2)
HDL-5007 WARNING: actual bit length 22 differs from formal bit length 21 for port 'App_rd_addr' in ../../src/top.v(195)
HDL-5007 WARNING: actual bit length 24 differs from formal bit length 21 for port 'read_addr_0' in ../../src/top.v(203)
HDL-5007 WARNING: actual bit length 24 differs from formal bit length 21 for port 'read_addr_1' in ../../src/top.v(204)
HDL-5007 WARNING: actual bit length 24 differs from formal bit length 21 for port 'read_addr_2' in ../../src/top.v(205)
HDL-5007 WARNING: actual bit length 24 differs from formal bit length 21 for port 'read_addr_3' in ../../src/top.v(206)
HDL-5007 WARNING: actual bit length 24 differs from formal bit length 21 for port 'read_len' in ../../src/top.v(208)
HDL-5007 WARNING: actual bit length 22 differs from formal bit length 21 for port 'App_wr_addr' in ../../src/top.v(213)
HDL-5007 WARNING: actual bit length 24 differs from formal bit length 21 for port 'write_addr_0' in ../../src/top.v(221)
HDL-5007 WARNING: actual bit length 24 differs from formal bit length 21 for port 'write_addr_1' in ../../src/top.v(222)
HDL-5007 WARNING: actual bit length 24 differs from formal bit length 21 for port 'write_addr_2' in ../../src/top.v(223)
HDL-5007 Similar messages will be suppressed.
HDL-1007 : elaborate module sdram in ../../src/sdram/sdram.v(12)
HDL-1007 : elaborate module sdr_as_ram(self_refresh_open=1'b1) in ../../src/sdram/enc_file/sdr_as_ram.enc.v(12)
HDL-5007 WARNING: concatenation with an unsized literal will be treated as 32 bits in encrypted_text(0)
HDL-1007 : elaborate module sdr_init_ref(self_refresh_open=1'b1) in ../../src/sdram/enc_file/sdr_init_ref.enc.v(12)
HDL-5007 WARNING: concatenation with an unsized literal will be treated as 32 bits in encrypted_text(0)
HDL-1007 : elaborate module ** in encrypted_text(0)
HDL-5007 WARNING: input port '**' is not connected on this instance in encrypted_text(0)
HDL-1007 : elaborate module EG_PHY_SDRAM_2M_32 in E:/software/Anlogic/TD_5.6.5_Release_119.222/arch/eagle_macro.v(755)
HDL-5007 WARNING: actual bit length 22 differs from formal bit length 21 for port 'App_wr_addr' in ../../src/top.v(241)
HDL-5007 WARNING: actual bit length 16 differs from formal bit length 32 for port 'App_wr_din' in ../../src/top.v(243)
HDL-5007 WARNING: actual bit length 22 differs from formal bit length 21 for port 'App_rd_addr' in ../../src/top.v(246)
HDL-5007 WARNING: actual bit length 16 differs from formal bit length 32 for port 'Sdr_rd_dout' in ../../src/top.v(248)
HDL-1200 : Current top model is top
HDL-1100 : Inferred 1 RAMs.
RUN-1002 : start command "read_adc ../../top.adc"
RUN-1002 : start command "set_pin_assignment  clk   LOCATION = R7; IOSTANDARD = LVCMOS33;  PULLTYPE = NONE;"
RUN-1002 : start command "set_pin_assignment  flash_cs_n   LOCATION = P8; IOSTANDARD = LVCMOS33;   "
RUN-1002 : start command "set_pin_assignment  flash_qspi_IO0   LOCATION = P7; IOSTANDARD = LVCMOS33;   PULLTYPE = NONE;"
RUN-1002 : start command "set_pin_assignment  flash_qspi_IO1   LOCATION = N8; IOSTANDARD = LVCMOS33;   PULLTYPE = NONE;"
RUN-1002 : start command "set_pin_assignment  flash_qspi_IO2   LOCATION = P9; IOSTANDARD = LVCMOS33;   PULLTYPE = NONE;"
RUN-1002 : start command "set_pin_assignment  flash_qspi_IO3   LOCATION = R9; IOSTANDARD = LVCMOS33;  PULLTYPE = NONE;"
RUN-1002 : start command "set_pin_assignment  flash_sck   LOCATION = M9; IOSTANDARD = LVCMOS33; "
RUN-1002 : start command "set_pin_assignment  key1   LOCATION = B2; IOSTANDARD = LVCMOS33;  PULLTYPE = NONE;"
RUN-1002 : start command "set_pin_assignment  key2   LOCATION = B1; IOSTANDARD = LVCMOS33; PULLTYPE = NONE;"
RUN-1002 : start command "set_pin_assignment  rst_n   LOCATION = A2; IOSTANDARD = LVCMOS33;  PULLTYPE = NONE;"
RUN-1002 : start command "set_pin_assignment  sd_dclk   LOCATION = A14; IOSTANDARD = LVCMOS33;  PULLTYPE = NONE;"
RUN-1002 : start command "set_pin_assignment  sd_miso   LOCATION = B14; IOSTANDARD = LVCMOS33;  PULLTYPE = NONE;"
RUN-1002 : start command "set_pin_assignment  sd_mosi   LOCATION = A13; IOSTANDARD = LVCMOS33;  PULLTYPE = NONE;"
RUN-1002 : start command "set_pin_assignment  sd_ncs   LOCATION = A12; IOSTANDARD = LVCMOS33;   PULLTYPE = NONE;"
RUN-1002 : start command "set_pin_assignment  seg_data[0]   LOCATION = C15; IOSTANDARD = LVCMOS33;  "
RUN-1002 : start command "set_pin_assignment  seg_data[1]   LOCATION = C16; IOSTANDARD = LVCMOS33;   "
RUN-1002 : start command "set_pin_assignment  seg_data[2]   LOCATION = B6; IOSTANDARD = LVCMOS33;   "
RUN-1002 : start command "set_pin_assignment  seg_data[3]   LOCATION = A5; IOSTANDARD = LVCMOS33;  "
RUN-1002 : start command "set_pin_assignment  seg_data[4]   LOCATION = B5; IOSTANDARD = LVCMOS33;   "
RUN-1002 : start command "set_pin_assignment  seg_data[5]   LOCATION = A8; IOSTANDARD = LVCMOS33;   "
RUN-1002 : start command "set_pin_assignment  seg_data[6]   LOCATION = A7; IOSTANDARD = LVCMOS33;  "
RUN-1002 : start command "set_pin_assignment  seg_data[7]   LOCATION = A6; IOSTANDARD = LVCMOS33;  "
RUN-1002 : start command "set_pin_assignment  seg_sel[0]   LOCATION = E12; IOSTANDARD = LVCMOS33;  "
RUN-1002 : start command "set_pin_assignment  seg_sel[1]   LOCATION = E10; IOSTANDARD = LVCMOS33;   "
RUN-1002 : start command "set_pin_assignment  seg_sel[2]   LOCATION = C13; IOSTANDARD = LVCMOS33;"
RUN-1002 : start command "set_pin_assignment  seg_sel[3]   LOCATION = F10; IOSTANDARD = LVCMOS33; "
RUN-1002 : start command "set_pin_assignment  seg_sel[4]   LOCATION = E11; IOSTANDARD = LVCMOS33;  "
RUN-1002 : start command "set_pin_assignment  seg_sel[5]   LOCATION = D11; IOSTANDARD = LVCMOS33;   "
RUN-1002 : start command "set_pin_assignment  switch1   LOCATION = C8; IOSTANDARD = LVCMOS33; PULLTYPE = NONE;"
RUN-1002 : start command "set_pin_assignment  vga_out_b[1]   LOCATION = F6; IOSTANDARD = LVCMOS33;  "
RUN-1002 : start command "set_pin_assignment  vga_out_b[2]   LOCATION = E6; IOSTANDARD = LVCMOS33; "
RUN-1002 : start command "set_pin_assignment  vga_out_b[3]   LOCATION = D6; IOSTANDARD = LVCMOS33;   "
RUN-1002 : start command "set_pin_assignment  vga_out_b[4]   LOCATION = D5; IOSTANDARD = LVCMOS33;  "
RUN-1002 : start command "set_pin_assignment  vga_out_g[2]   LOCATION = T5; IOSTANDARD = LVCMOS33;  "
RUN-1002 : start command "set_pin_assignment  vga_out_g[3]   LOCATION = P5; IOSTANDARD = LVCMOS33;   "
RUN-1002 : start command "set_pin_assignment  vga_out_g[4]   LOCATION = N5; IOSTANDARD = LVCMOS33;   "
RUN-1002 : start command "set_pin_assignment  vga_out_g[5]   LOCATION = N6; IOSTANDARD = LVCMOS33;   "
RUN-1002 : start command "set_pin_assignment  vga_out_hs   LOCATION = E7; IOSTANDARD = LVCMOS33;  "
RUN-1002 : start command "set_pin_assignment  vga_out_r[1]   LOCATION = R5; IOSTANDARD = LVCMOS33; "
RUN-1002 : start command "set_pin_assignment  vga_out_r[2]   LOCATION = L7; IOSTANDARD = LVCMOS33;  "
RUN-1002 : start command "set_pin_assignment  vga_out_r[3]   LOCATION = L8; IOSTANDARD = LVCMOS33;   "
RUN-1002 : start command "set_pin_assignment  vga_out_r[4]   LOCATION = E13; IOSTANDARD = LVCMOS33;  "
RUN-1002 : start command "set_pin_assignment  vga_out_vs   LOCATION = F7; IOSTANDARD = LVCMOS33;   "
RUN-1001 : Starting of IO setups legality check.
RUN-1001 : Starting of IO setups legality check.
RUN-1001 : Starting of IO setups legality check.
RUN-1001 : Starting of IO vref setups legality check.
USR-6010 WARNING: ADC constraints: top model pin vga_out_b[0] has no constraint.
USR-6010 WARNING: ADC constraints: top model pin vga_out_g[1] has no constraint.
USR-6010 WARNING: ADC constraints: top model pin vga_out_g[0] has no constraint.
USR-6010 WARNING: ADC constraints: top model pin vga_out_r[0] has no constraint.
RUN-1002 : start command "export_db pic_sdram_elaborate.db"
RUN-1001 : Exported /
RUN-1001 : Exported flow parameters
RUN-1001 : Exported libs
RUN-1001 : Exported entities
RUN-1001 : Exported ports
RUN-1001 : Exported pins
RUN-1001 : Exported instances
RUN-1001 : Exported nets
RUN-1001 : Exported buses
RUN-1001 : Exported models
RUN-1001 : Exported congestions
RUN-1001 : Exported violations
RUN-1001 : Exported IO constraints
RUN-1001 : Exported Inst constraints
RUN-1002 : start command "optimize_rtl"
RUN-1001 : Open license file E:/software/Anlogic/TD_5.6.5_Release_119.222/license/Anlogic.lic
RUN-8418 ERROR: Cannot find license file E:/software/Anlogic/TD_5.6.5_Release_119.222/license/Anlogic.lic
RUN-1002 : start command "backup_run_log run.log ../.logs/syn_1/td_20250512_112505.log"
