============================================================
   Tang Dynasty, V5.6.71036
      Copyright (c) 2012-2023 Anlogic Inc.
   Executable = D:/Program/Anlogic/TD5.6.2/bin/td.exe
   Built at =   20:34:38 Mar 21 2023
   Run by =     28408
   Run Date =   Wed Dec 13 16:40:41 2023

   Run on =     DESKTOP-T1B5OP5
============================================================
RUN-1002 : start command "open_project pic_sdram.prj"
RUN-1001 : Print Global Property
RUN-1001 : ---------------------------------------------------------------
RUN-1001 :        Parameters        |  Settings  |  Default Values  |  Note  
RUN-1001 : ---------------------------------------------------------------
RUN-1001 :          message         |  standard  |     standard     |        
RUN-1001 :   mixed_pack_place_flow  |     on     |        on        |        
RUN-1001 :        qor_monitor       |    off     |       off        |        
RUN-1001 :        syn_ip_flow       |    off     |       off        |        
RUN-1001 :          thread          |    auto    |       auto       |        
RUN-1001 : ---------------------------------------------------------------
RUN-1001 : Print Design Property
RUN-1001 : --------------------------------------------------------------
RUN-1001 :        Parameters       |  Settings  |  Default Values  |  Note  
RUN-1001 : --------------------------------------------------------------
RUN-1001 :   default_reg_initial   |    auto    |       auto       |        
RUN-1001 :        infer_add        |     on     |        on        |        
RUN-1001 :        infer_fsm        |    off     |       off        |        
RUN-1001 :        infer_mult       |     on     |        on        |        
RUN-1001 :        infer_ram        |     on     |        on        |        
RUN-1001 :        infer_reg        |     on     |        on        |        
RUN-1001 :   infer_reg_init_value  |     on     |        on        |        
RUN-1001 :        infer_rom        |     on     |        on        |        
RUN-1001 :      infer_shifter      |     on     |        on        |        
RUN-1001 : --------------------------------------------------------------
RUN-1001 : Print Rtl Property
RUN-1001 : --------------------------------------------------------------
RUN-1001 :        Parameters       |  Settings  |  Default Values  |  Note  
RUN-1001 : --------------------------------------------------------------
RUN-1001 :       compress_add      |   ripple   |      ripple      |        
RUN-1001 :        elf_sload        |    off     |       off        |        
RUN-1001 :       fix_undriven      |     0      |        0         |        
RUN-1001 :         flatten         |    off     |       off        |        
RUN-1001 :       gate_sharing      |     on     |        on        |        
RUN-1001 :    hdl_warning_level    |   normal   |      normal      |        
RUN-1001 :   impl_internal_tribuf  |     on     |        on        |        
RUN-1001 :      impl_set_reset     |     on     |        on        |        
RUN-1001 :        infer_gsr        |    off     |       off        |        
RUN-1001 :      keep_hierarchy     |    auto    |       auto       |        
RUN-1001 :        max_fanout       |    9999    |       9999       |        
RUN-1001 :      max_oh2bin_len     |     10     |        10        |        
RUN-1001 :       merge_equal       |     on     |        on        |        
RUN-1001 :       merge_equiv       |     on     |        on        |        
RUN-1001 :        merge_mux        |    off     |       off        |        
RUN-1001 :     min_control_set     |     8      |        8         |        
RUN-1001 :      min_ripple_len     |    auto    |       auto       |        
RUN-1001 :       oh2bin_ratio      |    0.08    |       0.08       |        
RUN-1001 :     opt_adder_fanout    |     on     |        on        |        
RUN-1001 :        opt_arith        |     on     |        on        |        
RUN-1001 :       opt_big_gate      |    off     |       off        |        
RUN-1001 :        opt_const        |     on     |        on        |        
RUN-1001 :      opt_const_mult     |     on     |        on        |        
RUN-1001 :       opt_lessthan      |     on     |        on        |        
RUN-1001 :         opt_mux         |    off     |       off        |        
RUN-1001 :         opt_ram         |    high    |       high       |        
RUN-1001 :      rtl_sim_model      |    off     |       off        |        
RUN-1001 :         seq_syn         |     on     |        on        |        
RUN-1001 : --------------------------------------------------------------
HDL-1007 : analyze verilog file ../../al_ip/sys_pll.v
HDL-1007 : undeclared symbol 'open', assumed default net type 'wire' in ../../al_ip/sys_pll.v(77)
HDL-1007 : analyze verilog file ../../al_ip/video_pll.v
HDL-1007 : undeclared symbol 'open', assumed default net type 'wire' in ../../al_ip/video_pll.v(63)
HDL-1007 : analyze verilog file ../../al_ip/sdram.v
HDL-1007 : analyze verilog file ../../al_ip/afifo_16_256.v
HDL-1007 : analyze verilog file ../../Qspi_master.v
HDL-1007 : analyze verilog file ../../flash_cmd.v
HDL-1007 : analyze verilog file ../../flash_reader.v
HDL-1007 : analyze verilog file ../../flash_step.v
HDL-1007 : analyze verilog file ../../flash_write_read.v
HDL-1007 : analyze verilog file ../../flash_writer.v
HDL-1007 : analyze verilog file ../../src/ax_debounce.v
HDL-1007 : analyze verilog file ../../src/bmp_read.v
HDL-1007 : analyze verilog file ../../src/color_bar.v
HDL-1007 : analyze included file ../../src/video_define.v in ../../src/color_bar.v(2)
HDL-1007 : back to file '../../src/color_bar.v' in ../../src/color_bar.v(2)
HDL-1007 : analyze verilog file ../../src/sd_card/sd_card_cmd.v
HDL-1007 : analyze verilog file ../../src/sd_card/sd_card_sec_read_write.v
HDL-1007 : analyze verilog file ../../src/sd_card/sd_card_top.v
HDL-1007 : analyze verilog file ../../src/sd_card/spi_master.v
HDL-1007 : analyze verilog file ../../src/sd_card_bmp.v
HDL-1007 : analyze verilog file ../../src/seg_decoder.v
HDL-1007 : analyze verilog file ../../src/seg_scan.v
HDL-1007 : analyze verilog file ../../src/top.v
HDL-1007 : undeclared symbol 'sdram_data', assumed default net type 'wire' in ../../src/top.v(368)
HDL-1007 : analyze verilog file ../../src/video_timing_data.v
HDL-1007 : analyze verilog file ../../src/sdram_r/sdram_cmd.v
HDL-1007 : analyze included file ../../src/sdram_r/sdram_para.v in ../../src/sdram_r/sdram_cmd.v(45)
HDL-1007 : back to file '../../src/sdram_r/sdram_cmd.v' in ../../src/sdram_r/sdram_cmd.v(45)
HDL-1007 : analyze verilog file ../../src/sdram_r/sdram_controller.v
HDL-1007 : analyze verilog file ../../src/sdram_r/sdram_ctrl.v
HDL-1007 : analyze included file ../../src/sdram_r/sdram_para.v in ../../src/sdram_r/sdram_ctrl.v(19)
HDL-1007 : back to file '../../src/sdram_r/sdram_ctrl.v' in ../../src/sdram_r/sdram_ctrl.v(19)
HDL-1007 : analyze verilog file ../../src/sdram_r/sdram_data.v
HDL-1007 : analyze included file ../../src/sdram_r/sdram_para.v in ../../src/sdram_r/sdram_data.v(13)
HDL-1007 : back to file '../../src/sdram_r/sdram_data.v' in ../../src/sdram_r/sdram_data.v(13)
HDL-1007 : analyze verilog file ../../src/sdram_r/sdram_top.v
HDL-1007 : analyze verilog file ../../frame_read_write_control.v
HDL-5007 WARNING: identifier 'state_rd' is used before its declaration in ../../frame_read_write_control.v(35)
HDL-5007 WARNING: identifier 'state_wr' is used before its declaration in ../../frame_read_write_control.v(39)
HDL-5007 WARNING: identifier 'state_rd' is used before its declaration in ../../frame_read_write_control.v(42)
HDL-5007 WARNING: identifier 'state_wr' is used before its declaration in ../../frame_read_write_control.v(43)
HDL-1007 : analyze verilog file ../../src/sdram_r/sdram_fifo_ctrl.v
RUN-1001 : Project manager successfully analyzed 31 source files.
RUN-1002 : start command "import_device eagle_s20.db -package EG4S20BG256"
ARC-1001 : Device Initialization.
ARC-1001 : ------------------------------------------------------------------
ARC-1001 :            OPTION            |          IO          |   SETTING   
ARC-1001 : ------------------------------------------------------------------
ARC-1001 :   cso_b/cclk/mosi/miso/dout  |  T3/R11/T10/P10/S11  |    gpio    
ARC-1001 :             done             |         P13          |    gpio    
ARC-1001 :           program_b          |          T2          |  dedicate  
ARC-1001 :        tdi/tms/tck/tdo       |   C12/A15/C14/E14    |  dedicate  
ARC-1001 : ------------------------------------------------------------------
ARC-1004 : Device setting, marked 5 dedicate IOs in total.
RUN-1002 : start command "elaborate -top top"
RUN-1001 : Print Design Property
RUN-1001 : --------------------------------------------------------------
RUN-1001 :        Parameters       |  Settings  |  Default Values  |  Note  
RUN-1001 : --------------------------------------------------------------
RUN-1001 :   default_reg_initial   |    auto    |       auto       |        
RUN-1001 :        infer_add        |     on     |        on        |        
RUN-1001 :        infer_fsm        |    off     |       off        |        
RUN-1001 :        infer_mult       |     on     |        on        |        
RUN-1001 :        infer_ram        |     on     |        on        |        
RUN-1001 :        infer_reg        |     on     |        on        |        
RUN-1001 :   infer_reg_init_value  |     on     |        on        |        
RUN-1001 :        infer_rom        |     on     |        on        |        
RUN-1001 :      infer_shifter      |     on     |        on        |        
RUN-1001 : --------------------------------------------------------------
RUN-1001 : Print Rtl Property
RUN-1001 : --------------------------------------------------------------
RUN-1001 :        Parameters       |  Settings  |  Default Values  |  Note  
RUN-1001 : --------------------------------------------------------------
RUN-1001 :       compress_add      |   ripple   |      ripple      |        
RUN-1001 :        elf_sload        |    off     |       off        |        
RUN-1001 :       fix_undriven      |     0      |        0         |        
RUN-1001 :         flatten         |    off     |       off        |        
RUN-1001 :       gate_sharing      |     on     |        on        |        
RUN-1001 :    hdl_warning_level    |   normal   |      normal      |        
RUN-1001 :   impl_internal_tribuf  |     on     |        on        |        
RUN-1001 :      impl_set_reset     |     on     |        on        |        
RUN-1001 :        infer_gsr        |    off     |       off        |        
RUN-1001 :      keep_hierarchy     |    auto    |       auto       |        
RUN-1001 :        max_fanout       |    9999    |       9999       |        
RUN-1001 :      max_oh2bin_len     |     10     |        10        |        
RUN-1001 :       merge_equal       |     on     |        on        |        
RUN-1001 :       merge_equiv       |     on     |        on        |        
RUN-1001 :        merge_mux        |    off     |       off        |        
RUN-1001 :     min_control_set     |     8      |        8         |        
RUN-1001 :      min_ripple_len     |    auto    |       auto       |        
RUN-1001 :       oh2bin_ratio      |    0.08    |       0.08       |        
RUN-1001 :     opt_adder_fanout    |     on     |        on        |        
RUN-1001 :        opt_arith        |     on     |        on        |        
RUN-1001 :       opt_big_gate      |    off     |       off        |        
RUN-1001 :        opt_const        |     on     |        on        |        
RUN-1001 :      opt_const_mult     |     on     |        on        |        
RUN-1001 :       opt_lessthan      |     on     |        on        |        
RUN-1001 :         opt_mux         |    off     |       off        |        
RUN-1001 :         opt_ram         |    high    |       high       |        
RUN-1001 :      rtl_sim_model      |    off     |       off        |        
RUN-1001 :         seq_syn         |     on     |        on        |        
RUN-1001 : --------------------------------------------------------------
RUN-1001 : Print Global Property
RUN-1001 : ---------------------------------------------------------------
RUN-1001 :        Parameters        |  Settings  |  Default Values  |  Note  
RUN-1001 : ---------------------------------------------------------------
RUN-1001 :          message         |  standard  |     standard     |        
RUN-1001 :   mixed_pack_place_flow  |     on     |        on        |        
RUN-1001 :        qor_monitor       |    off     |       off        |        
RUN-1001 :        syn_ip_flow       |    off     |       off        |        
RUN-1001 :          thread          |    auto    |       auto       |        
RUN-1001 : ---------------------------------------------------------------
RUN-1001 : Print Design Property
RUN-1001 : --------------------------------------------------------------
RUN-1001 :        Parameters       |  Settings  |  Default Values  |  Note  
RUN-1001 : --------------------------------------------------------------
RUN-1001 :   default_reg_initial   |    auto    |       auto       |        
RUN-1001 :        infer_add        |     on     |        on        |        
RUN-1001 :        infer_fsm        |    off     |       off        |        
RUN-1001 :        infer_mult       |     on     |        on        |        
RUN-1001 :        infer_ram        |     on     |        on        |        
RUN-1001 :        infer_reg        |     on     |        on        |        
RUN-1001 :   infer_reg_init_value  |     on     |        on        |        
RUN-1001 :        infer_rom        |     on     |        on        |        
RUN-1001 :      infer_shifter      |     on     |        on        |        
RUN-1001 : --------------------------------------------------------------
HDL-1007 : elaborate module top in ../../src/top.v(1)
HDL-1007 : elaborate module sys_pll in ../../al_ip/sys_pll.v(24)
HDL-1007 : elaborate module EG_LOGIC_BUFG in D:/Program/Anlogic/TD5.6.2/arch/eagle_macro.v(8)
HDL-1007 : elaborate module EG_PHY_PLL(FIN="50.000",FBCLK_DIV=2,CLKC0_DIV=10,CLKC1_DIV=10,CLKC2_DIV=10,CLKC0_ENABLE="ENABLE",CLKC1_ENABLE="ENABLE",CLKC2_ENABLE="ENABLE",FEEDBK_PATH="CLKC0_EXT",STDBY_ENABLE="DISABLE",CLKC0_CPHASE=9,CLKC1_CPHASE=9,CLKC2_CPHASE=9,GMC_GAIN=4,ICP_CURRENT=29,KVCO=4,LPF_CAPACITOR=1,LPF_RESISTOR=2,SYNC_ENABLE="DISABLE") in D:/Program/Anlogic/TD5.6.2/arch/eagle_macro.v(930)
HDL-1007 : elaborate module video_pll in ../../al_ip/video_pll.v(22)
HDL-1007 : elaborate module EG_PHY_PLL(FIN="50.000",REFCLK_DIV=2,CLKC0_DIV=40,CLKC0_ENABLE="ENABLE",FEEDBK_PATH="CLKC0_EXT",STDBY_ENABLE="DISABLE",CLKC0_CPHASE=39,GMC_GAIN=2,ICP_CURRENT=9,KVCO=2,LPF_CAPACITOR=1,LPF_RESISTOR=8,SYNC_ENABLE="DISABLE") in D:/Program/Anlogic/TD5.6.2/arch/eagle_macro.v(930)
HDL-1007 : elaborate module sd_card_bmp in ../../src/sd_card_bmp.v(1)
HDL-1007 : elaborate module ax_debounce in ../../src/ax_debounce.v(1)
HDL-1007 : elaborate module bmp_read in ../../src/bmp_read.v(2)
HDL-1007 : elaborate module sd_card_top in ../../src/sd_card/sd_card_top.v(2)
HDL-1007 : elaborate module sd_card_sec_read_write in ../../src/sd_card/sd_card_sec_read_write.v(2)
HDL-1007 : elaborate module sd_card_cmd in ../../src/sd_card/sd_card_cmd.v(2)
HDL-1007 : elaborate module spi_master in ../../src/sd_card/spi_master.v(2)
HDL-5007 WARNING: input port 'sd_sec_write_data[7]' remains unconnected for this instance in ../../src/sd_card_bmp.v(60)
HDL-1007 : elaborate module flash_write_read in ../../flash_write_read.v(1)
HDL-1007 : elaborate module flash_reader in ../../flash_reader.v(1)
HDL-1007 : elaborate module flash_writer in ../../flash_writer.v(1)
HDL-1007 : elaborate module flash_cmd in ../../flash_cmd.v(1)
HDL-1007 : elaborate module flash_step in ../../flash_step.v(1)
HDL-1007 : elaborate module Qspi_master in ../../Qspi_master.v(1)
HDL-1007 : elaborate module seg_decoder in ../../src/seg_decoder.v(2)
HDL-1007 : elaborate module seg_scan in ../../src/seg_scan.v(2)
HDL-1007 : elaborate module video_timing_data in ../../src/video_timing_data.v(1)
HDL-1007 : elaborate module color_bar in ../../src/color_bar.v(3)
HDL-1007 : elaborate module frame_read_write_control in ../../frame_read_write_control.v(1)
HDL-1007 : port 'wr_burst_finish' remains unconnected for this instance in ../../src/sdram_r/sdram_top.v(97)
HDL-1007 : port 'rd_burst_finish' remains unconnected for this instance in ../../src/sdram_r/sdram_top.v(97)
HDL-1007 : elaborate module sdram_top in ../../src/sdram_r/sdram_top.v(1)
HDL-1007 : port 'valid' remains unconnected for this instance in ../../src/sdram_r/sdram_fifo_ctrl.v(191)
HDL-1007 : port 'full_flag' remains unconnected for this instance in ../../src/sdram_r/sdram_fifo_ctrl.v(191)
HDL-1007 : port 'empty_flag' remains unconnected for this instance in ../../src/sdram_r/sdram_fifo_ctrl.v(191)
HDL-1007 : port 'afull' remains unconnected for this instance in ../../src/sdram_r/sdram_fifo_ctrl.v(191)
HDL-1007 : port 'aempty' remains unconnected for this instance in ../../src/sdram_r/sdram_fifo_ctrl.v(191)
HDL-1007 : port 'wrusedw' remains unconnected for this instance in ../../src/sdram_r/sdram_fifo_ctrl.v(191)
HDL-1007 : port 'valid' remains unconnected for this instance in ../../src/sdram_r/sdram_fifo_ctrl.v(207)
HDL-1007 : port 'full_flag' remains unconnected for this instance in ../../src/sdram_r/sdram_fifo_ctrl.v(207)
HDL-1007 : port 'empty_flag' remains unconnected for this instance in ../../src/sdram_r/sdram_fifo_ctrl.v(207)
HDL-1007 : port 'afull' remains unconnected for this instance in ../../src/sdram_r/sdram_fifo_ctrl.v(207)
HDL-1007 : port 'aempty' remains unconnected for this instance in ../../src/sdram_r/sdram_fifo_ctrl.v(207)
HDL-1007 : port 'rdusedw' remains unconnected for this instance in ../../src/sdram_r/sdram_fifo_ctrl.v(207)
HDL-1007 : elaborate module sdram_fifo_ctrl in ../../src/sdram_r/sdram_fifo_ctrl.v(1)
HDL-1007 : port 'doa' remains unconnected for this instance in ../../al_ip/afifo_16_256.v(261)
HDL-1007 : port 'dib' remains unconnected for this instance in ../../al_ip/afifo_16_256.v(261)
HDL-1007 : elaborate module RAM_FIFO in ../../al_ip/afifo_16_256.v(26)
HDL-1007 : elaborate module fifo_cross_domain_addr_process_al_RAM_FIFO(ADDR_WIDTH=8) in ../../al_ip/afifo_16_256.v(290)
HDL-1007 : elaborate module ram_infer_RAM_FIFO(DATAWIDTH_A=16,ADDRWIDTH_A=8,DATAWIDTH_B=16,ADDRWIDTH_B=8) in ../../al_ip/afifo_16_256.v(378)
HDL-1007 : extracting RAM for identifier 'memory' in ../../al_ip/afifo_16_256.v(443)
HDL-5007 WARNING: input port 'dib[15]' is not connected on this instance in ../../al_ip/afifo_16_256.v(266)
HDL-5007 WARNING: actual bit length 10 differs from formal bit length 8 for port 'rdusedw' in ../../src/sdram_r/sdram_fifo_ctrl.v(202)
HDL-5007 WARNING: actual bit length 10 differs from formal bit length 8 for port 'wrusedw' in ../../src/sdram_r/sdram_fifo_ctrl.v(218)
HDL-1007 : elaborate module sdram_controller in ../../src/sdram_r/sdram_controller.v(1)
HDL-1007 : elaborate module sdram_ctrl in ../../src/sdram_r/sdram_ctrl.v(1)
HDL-5007 WARNING: actual bit length 10 differs from formal bit length 9 for port 'sdram_rd_burst' in ../../src/sdram_r/sdram_controller.v(82)
HDL-1007 : elaborate module sdram_cmd in ../../src/sdram_r/sdram_cmd.v(22)
HDL-5007 WARNING: actual bit length 10 differs from formal bit length 9 for port 'sdram_rd_burst' in ../../src/sdram_r/sdram_controller.v(99)
HDL-1007 : elaborate module sdram_data in ../../src/sdram_r/sdram_data.v(1)
HDL-5007 WARNING: actual bit length 9 differs from formal bit length 10 for port 'sdram_rd_burst' in ../../src/sdram_r/sdram_top.v(112)
HDL-5007 WARNING: actual bit length 20 differs from formal bit length 21 for port 'wr_min_addr' in ../../src/top.v(341)
HDL-5007 WARNING: actual bit length 20 differs from formal bit length 21 for port 'wr_max_addr' in ../../src/top.v(342)
HDL-5007 WARNING: actual bit length 20 differs from formal bit length 21 for port 'rd_min_addr' in ../../src/top.v(350)
HDL-5007 WARNING: actual bit length 20 differs from formal bit length 21 for port 'rd_max_addr' in ../../src/top.v(351)
HDL-5007 WARNING: actual bit length 1 differs from formal bit length 16 for port 'sdram_data' in ../../src/top.v(368)
HDL-1007 : elaborate module sdram in ../../al_ip/sdram.v(14)
HDL-1007 : elaborate module EG_PHY_SDRAM_2M_32 in D:/Program/Anlogic/TD5.6.2/arch/eagle_macro.v(721)
HDL-5007 WARNING: actual bit length 1 differs from formal bit length 32 for port 'dq' in ../../src/top.v(379)
HDL-5007 WARNING: net 'flash_read_req_ack' does not have a driver in ../../src/top.v(90)
HDL-5007 WARNING: net 'flash_read_data[15]' does not have a driver in ../../src/top.v(92)
HDL-5007 WARNING: net 'flash_write_req_ack' does not have a driver in ../../src/top.v(97)
HDL-5007 WARNING: net 'flash_rd_en' does not have a driver in ../../src/top.v(107)
HDL-5007 WARNING: net 'flash_wr_en' does not have a driver in ../../src/top.v(108)
HDL-1200 : Current top model is top
HDL-1100 : Inferred 1 RAMs.
RUN-1002 : start command "export_db pic_sdram_elaborate.db"
RUN-1001 : Exported /
RUN-1001 : Exported flow parameters
RUN-1001 : Exported libs
RUN-1001 : Exported entities
RUN-1001 : Exported ports
RUN-1001 : Exported pins
RUN-1001 : Exported instances
RUN-1001 : Exported nets
RUN-1001 : Exported buses
RUN-1001 : Exported models
RUN-1001 : Exported congestions
RUN-1001 : Exported violations
RUN-1001 : Exported IO constraints
RUN-1001 : Exported Inst constraints
RUN-1002 : start command "read_adc ../../top.adc"
RUN-1002 : start command "set_pin_assignment  clk   LOCATION = R7; IOSTANDARD = LVCMOS33;  PULLTYPE = NONE;"
RUN-1002 : start command "set_pin_assignment  flash_cs_n   LOCATION = P8; IOSTANDARD = LVCMOS33;   "
RUN-1002 : start command "set_pin_assignment  flash_qspi_IO0   LOCATION = P7; IOSTANDARD = LVCMOS33;   PULLTYPE = NONE;"
RUN-1002 : start command "set_pin_assignment  flash_qspi_IO1   LOCATION = N8; IOSTANDARD = LVCMOS33;   PULLTYPE = NONE;"
RUN-1002 : start command "set_pin_assignment  flash_qspi_IO2   LOCATION = P9; IOSTANDARD = LVCMOS33;   PULLTYPE = NONE;"
RUN-1002 : start command "set_pin_assignment  flash_qspi_IO3   LOCATION = R9; IOSTANDARD = LVCMOS33;  PULLTYPE = NONE;"
RUN-1002 : start command "set_pin_assignment  flash_sck   LOCATION = M9; IOSTANDARD = LVCMOS33; "
RUN-1002 : start command "set_pin_assignment  key1   LOCATION = B2; IOSTANDARD = LVCMOS33;  PULLTYPE = NONE;"
RUN-1002 : start command "set_pin_assignment  key2   LOCATION = B1; IOSTANDARD = LVCMOS33; PULLTYPE = NONE;"
RUN-1002 : start command "set_pin_assignment  rst_n   LOCATION = A2; IOSTANDARD = LVCMOS33;  PULLTYPE = NONE;"
RUN-1002 : start command "set_pin_assignment  sd_dclk   LOCATION = A14; IOSTANDARD = LVCMOS33;  PULLTYPE = NONE;"
RUN-1002 : start command "set_pin_assignment  sd_miso   LOCATION = B14; IOSTANDARD = LVCMOS33;  PULLTYPE = NONE;"
RUN-1002 : start command "set_pin_assignment  sd_mosi   LOCATION = A13; IOSTANDARD = LVCMOS33;  PULLTYPE = NONE;"
RUN-1002 : start command "set_pin_assignment  sd_ncs   LOCATION = A12; IOSTANDARD = LVCMOS33;   PULLTYPE = NONE;"
RUN-1002 : start command "set_pin_assignment  seg_data[0]   LOCATION = C15; IOSTANDARD = LVCMOS33;  "
RUN-1002 : start command "set_pin_assignment  seg_data[1]   LOCATION = C16; IOSTANDARD = LVCMOS33;   "
RUN-1002 : start command "set_pin_assignment  seg_data[2]   LOCATION = B6; IOSTANDARD = LVCMOS33;   "
RUN-1002 : start command "set_pin_assignment  seg_data[3]   LOCATION = A5; IOSTANDARD = LVCMOS33;  "
RUN-1002 : start command "set_pin_assignment  seg_data[4]   LOCATION = B5; IOSTANDARD = LVCMOS33;   "
RUN-1002 : start command "set_pin_assignment  seg_data[5]   LOCATION = A8; IOSTANDARD = LVCMOS33;   "
RUN-1002 : start command "set_pin_assignment  seg_data[6]   LOCATION = A7; IOSTANDARD = LVCMOS33;  "
RUN-1002 : start command "set_pin_assignment  seg_data[7]   LOCATION = A6; IOSTANDARD = LVCMOS33;  "
RUN-1002 : start command "set_pin_assignment  seg_sel[0]   LOCATION = E12; IOSTANDARD = LVCMOS33;  "
RUN-1002 : start command "set_pin_assignment  seg_sel[1]   LOCATION = E10; IOSTANDARD = LVCMOS33;   "
RUN-1002 : start command "set_pin_assignment  seg_sel[2]   LOCATION = C13; IOSTANDARD = LVCMOS33;"
RUN-1002 : start command "set_pin_assignment  seg_sel[3]   LOCATION = F10; IOSTANDARD = LVCMOS33; "
RUN-1002 : start command "set_pin_assignment  seg_sel[4]   LOCATION = E11; IOSTANDARD = LVCMOS33;  "
RUN-1002 : start command "set_pin_assignment  seg_sel[5]   LOCATION = D11; IOSTANDARD = LVCMOS33;   "
RUN-1002 : start command "set_pin_assignment  switch1   LOCATION = C8; IOSTANDARD = LVCMOS33; PULLTYPE = NONE;"
RUN-1002 : start command "set_pin_assignment  vga_out_b[1]   LOCATION = F6; IOSTANDARD = LVCMOS33;  "
RUN-1002 : start command "set_pin_assignment  vga_out_b[2]   LOCATION = E6; IOSTANDARD = LVCMOS33; "
RUN-1002 : start command "set_pin_assignment  vga_out_b[3]   LOCATION = D6; IOSTANDARD = LVCMOS33;   "
RUN-1002 : start command "set_pin_assignment  vga_out_b[4]   LOCATION = D5; IOSTANDARD = LVCMOS33;  "
RUN-1002 : start command "set_pin_assignment  vga_out_g[2]   LOCATION = T5; IOSTANDARD = LVCMOS33;  "
RUN-1002 : start command "set_pin_assignment  vga_out_g[3]   LOCATION = P5; IOSTANDARD = LVCMOS33;   "
RUN-1002 : start command "set_pin_assignment  vga_out_g[4]   LOCATION = N5; IOSTANDARD = LVCMOS33;   "
RUN-1002 : start command "set_pin_assignment  vga_out_g[5]   LOCATION = N6; IOSTANDARD = LVCMOS33;   "
RUN-1002 : start command "set_pin_assignment  vga_out_hs   LOCATION = E7; IOSTANDARD = LVCMOS33;  "
RUN-1002 : start command "set_pin_assignment  vga_out_r[1]   LOCATION = R5; IOSTANDARD = LVCMOS33; "
RUN-1002 : start command "set_pin_assignment  vga_out_r[2]   LOCATION = L7; IOSTANDARD = LVCMOS33;  "
RUN-1002 : start command "set_pin_assignment  vga_out_r[3]   LOCATION = L8; IOSTANDARD = LVCMOS33;   "
RUN-1002 : start command "set_pin_assignment  vga_out_r[4]   LOCATION = E13; IOSTANDARD = LVCMOS33;  "
RUN-1002 : start command "set_pin_assignment  vga_out_vs   LOCATION = F7; IOSTANDARD = LVCMOS33;   "
RUN-1001 : Starting of IO setups legality check.
RUN-1001 : Starting of IO setups legality check.
RUN-1001 : Starting of IO vref setups legality check.
USR-6010 WARNING: ADC constraints: top model pin vga_out_b[0] has no constraint.
USR-6010 WARNING: ADC constraints: top model pin vga_out_g[1] has no constraint.
USR-6010 WARNING: ADC constraints: top model pin vga_out_g[0] has no constraint.
USR-6010 WARNING: ADC constraints: top model pin vga_out_r[0] has no constraint.
RUN-1002 : start command "optimize_rtl"
RUN-1001 : Open license file D:/Program/Anlogic/TD5.6.2/license/Anlogic.lic
RUN-1001 : Print Global Property
RUN-1001 : ---------------------------------------------------------------
RUN-1001 :        Parameters        |  Settings  |  Default Values  |  Note  
RUN-1001 : ---------------------------------------------------------------
RUN-1001 :          message         |  standard  |     standard     |        
RUN-1001 :   mixed_pack_place_flow  |     on     |        on        |        
RUN-1001 :        qor_monitor       |    off     |       off        |        
RUN-1001 :        syn_ip_flow       |    off     |       off        |        
RUN-1001 :          thread          |    auto    |       auto       |        
RUN-1001 : ---------------------------------------------------------------
RUN-1001 : Print Rtl Property
RUN-1001 : --------------------------------------------------------------
RUN-1001 :        Parameters       |  Settings  |  Default Values  |  Note  
RUN-1001 : --------------------------------------------------------------
RUN-1001 :       compress_add      |   ripple   |      ripple      |        
RUN-1001 :        elf_sload        |    off     |       off        |        
RUN-1001 :       fix_undriven      |     0      |        0         |        
RUN-1001 :         flatten         |    off     |       off        |        
RUN-1001 :       gate_sharing      |     on     |        on        |        
RUN-1001 :    hdl_warning_level    |   normal   |      normal      |        
RUN-1001 :   impl_internal_tribuf  |     on     |        on        |        
RUN-1001 :      impl_set_reset     |     on     |        on        |        
RUN-1001 :        infer_gsr        |    off     |       off        |        
RUN-1001 :      keep_hierarchy     |    auto    |       auto       |        
RUN-1001 :        max_fanout       |    9999    |       9999       |        
RUN-1001 :      max_oh2bin_len     |     10     |        10        |        
RUN-1001 :       merge_equal       |     on     |        on        |        
RUN-1001 :       merge_equiv       |     on     |        on        |        
RUN-1001 :        merge_mux        |    off     |       off        |        
RUN-1001 :     min_control_set     |     8      |        8         |        
RUN-1001 :      min_ripple_len     |    auto    |       auto       |        
RUN-1001 :       oh2bin_ratio      |    0.08    |       0.08       |        
RUN-1001 :     opt_adder_fanout    |     on     |        on        |        
RUN-1001 :        opt_arith        |     on     |        on        |        
RUN-1001 :       opt_big_gate      |    off     |       off        |        
RUN-1001 :        opt_const        |     on     |        on        |        
RUN-1001 :      opt_const_mult     |     on     |        on        |        
RUN-1001 :       opt_lessthan      |     on     |        on        |        
RUN-1001 :         opt_mux         |    off     |       off        |        
RUN-1001 :         opt_ram         |    high    |       high       |        
RUN-1001 :      rtl_sim_model      |    off     |       off        |        
RUN-1001 :         seq_syn         |     on     |        on        |        
RUN-1001 : --------------------------------------------------------------
SYN-1012 : SanityCheck: Model "top"
SYN-1012 : SanityCheck: Model "sdram"
SYN-1012 : SanityCheck: Model "flash_write_read"
SYN-1012 : SanityCheck: Model "Qspi_master"
SYN-1012 : SanityCheck: Model "flash_cmd"
SYN-1012 : SanityCheck: Model "flash_step"
SYN-1012 : SanityCheck: Model "flash_reader"
SYN-1012 : SanityCheck: Model "flash_writer"
SYN-1012 : SanityCheck: Model "frame_read_write_control"
SYN-1012 : SanityCheck: Model "sd_card_bmp"
SYN-1012 : SanityCheck: Model "ax_debounce"
SYN-1012 : SanityCheck: Model "bmp_read"
SYN-1012 : SanityCheck: Model "sd_card_top"
SYN-1012 : SanityCheck: Model "sd_card_cmd"
SYN-1012 : SanityCheck: Model "sd_card_sec_read_write"
SYN-1012 : SanityCheck: Model "spi_master"
SYN-1012 : SanityCheck: Model "seg_decoder"
SYN-1012 : SanityCheck: Model "seg_scan"
SYN-1012 : SanityCheck: Model "sys_pll"
SYN-1012 : SanityCheck: Model "sdram_top"
SYN-1012 : SanityCheck: Model "sdram_controller"
SYN-1012 : SanityCheck: Model "sdram_cmd"
SYN-1012 : SanityCheck: Model "sdram_ctrl"
SYN-1012 : SanityCheck: Model "sdram_data"
SYN-1012 : SanityCheck: Model "sdram_fifo_ctrl"
SYN-1012 : SanityCheck: Model "RAM_FIFO"
SYN-1012 : SanityCheck: Model "ram_infer_RAM_FIFO(DATAWIDTH_A=16,ADDRWIDTH_A=8,DATAWIDTH_B=16,ADDRWIDTH_B=8)"
SYN-1012 : SanityCheck: Model "fifo_cross_domain_addr_process_al_RAM_FIFO(ADDR_WIDTH=8)"
SYN-1012 : SanityCheck: Model "video_pll"
SYN-1012 : SanityCheck: Model "video_timing_data"
SYN-1012 : SanityCheck: Model "color_bar"
SYN-1043 : Mark video_pll as IO macro for instance bufg_feedback
SYN-1043 : Mark sdram_data as IO macro for instance sdram_data_i
SYN-1043 : Mark sdram_controller as IO macro for instance u_sdram_data
SYN-1043 : Mark sdram_top as IO macro for instance u_sdram_controller
SYN-1043 : Mark sys_pll as IO macro for instance bufg_feedback
SYN-1043 : Mark Qspi_master as IO macro for instance qspi_IO0_i
SYN-1043 : Mark flash_write_read as IO macro for instance Qspi_master_m0
SYN-1011 : Flatten model top
SYN-1032 : 6952/2637 useful/useless nets, 1718/270 useful/useless insts
SYN-1016 : Merged 643 instances.
SYN-1025 : Merged 2 RAM ports.
SYN-1026 : Infer Logic BRAM(u_sdram_top/u_sdram_fifo_ctrl/rdfifo/ram_inst/ramread0_syn_6)
	 port mode: single dual port
	 port a size: 256 x 16	 write mode: NORMAL
	 port b size: 256 x 16	 write mode: READBEFOREWRITE
SYN-5042 WARNING: Failed in inferring inst "u_sdram_top/u_sdram_fifo_ctrl/wrfifo/ram_inst/ramread0_dup_9" as BRAM.
SYN-1024 : Implement RAM u_sdram_top/u_sdram_fifo_ctrl/wrfifo/ram_inst/ramread0_dup_9(ram_w8x16_r8x16_5).
SYN-1023 : Infer 0 Logic DRAMs, 1 Logic BRAMs.
SYN-1032 : 10997/1408 useful/useless nets, 5678/257 useful/useless insts
SYN-1016 : Merged 1069 instances.
SYN-5011 WARNING: Undriven pin: model "top" / inst "sd_card_bmp_m0/bmp_read_m0/mux3_syn_17" in ../../src/bmp_read.v(70) / pin "i0"
SYN-5011 WARNING: Undriven pin: model "top" / inst "sd_card_bmp_m0/bmp_read_m0/mux3_syn_17" in ../../src/bmp_read.v(70) / pin "i1"
SYN-5011 WARNING: Undriven pin: model "top" / inst "sd_card_bmp_m0/bmp_read_m0/mux4_syn_17" in ../../src/bmp_read.v(63) / pin "i0"
SYN-5011 WARNING: Undriven pin: model "top" / inst "sd_card_bmp_m0/bmp_read_m0/mux4_syn_17" in ../../src/bmp_read.v(63) / pin "i1"
SYN-5011 WARNING: Undriven pin: model "top" / inst "sd_card_bmp_m0/bmp_read_m0/reg10_syn_18" in ../../src/bmp_read.v(63) / pin "d"
SYN-5011 WARNING: Undriven pin: model "top" / inst "sd_card_bmp_m0/bmp_read_m0/sel3_syn_29" in ../../src/bmp_read.v(178) / pin "i1"
SYN-5011 WARNING: Undriven pin: model "top" / inst "sd_card_bmp_m0/bmp_read_m0/sel3_syn_33" in ../../src/bmp_read.v(178) / pin "i0"
SYN-5011 WARNING: Undriven pin: model "top" / inst "sd_card_bmp_m0/bmp_read_m0/sel3_syn_33" in ../../src/bmp_read.v(178) / pin "i1"
SYN-5011 WARNING: Undriven pin: model "top" / inst "sd_card_bmp_m0/bmp_read_m0/sel3_syn_37" in ../../src/bmp_read.v(178) / pin "i0"
SYN-5011 WARNING: Undriven pin: model "top" / inst "sd_card_bmp_m0/bmp_read_m0/sel3_syn_37" in ../../src/bmp_read.v(178) / pin "i1"
SYN-5011 Similar messages will be suppressed.
SYN-5013 WARNING: Undriven net: model "top" / net "flash_write_read_m0/read_data[0]" in ../../flash_write_read.v(16)
SYN-5014 WARNING: the net's pin: pin "i1" in ../../flash_writer.v(75)
SYN-5013 WARNING: Undriven net: model "top" / net "flash_write_read_m0/flash_wr_en" in ../../flash_write_read.v(4)
SYN-5014 WARNING: the net's pin: pin "I" in ../../flash_reader.v(116)
SYN-5014 WARNING: the net's pin: pin "sel" in ../../flash_cmd.v(200)
SYN-5014 WARNING: the net's pin: pin "sel" in ../../flash_cmd.v(200)
SYN-5014 WARNING: the net's pin: pin "sel" in ../../flash_cmd.v(200)
SYN-5013 WARNING: Undriven net: model "top" / net "flash_write_read_m0/write_req_ack" in ../../flash_write_read.v(9)
SYN-5014 WARNING: the net's pin: pin "d" in ../../flash_reader.v(44)
SYN-5013 WARNING: Undriven net: model "top" / net "sd_card_bmp_m0/sd_card_top_m0/sd_card_cmd_m0/block_write_data[7]" in ../../src/sd_card/sd_card_cmd.v(17)
SYN-5014 WARNING: the net's pin: pin "i0" in ../../src/sd_card/sd_card_cmd.v(258)
SYN-5013 WARNING: Undriven net: model "top" / net "sd_card_bmp_m0/sd_card_top_m0/sd_card_cmd_m0/block_write_data[6]" in ../../src/sd_card/sd_card_cmd.v(17)
SYN-5014 WARNING: the net's pin: pin "i0" in ../../src/sd_card/sd_card_cmd.v(258)
SYN-5013 WARNING: Undriven net: model "top" / net "sd_card_bmp_m0/sd_card_top_m0/sd_card_cmd_m0/block_write_data[5]" in ../../src/sd_card/sd_card_cmd.v(17)
SYN-5014 WARNING: the net's pin: pin "i0" in ../../src/sd_card/sd_card_cmd.v(258)
SYN-5013 WARNING: Undriven net: model "top" / net "sd_card_bmp_m0/sd_card_top_m0/sd_card_cmd_m0/block_write_data[4]" in ../../src/sd_card/sd_card_cmd.v(17)
SYN-5014 WARNING: the net's pin: pin "i0" in ../../src/sd_card/sd_card_cmd.v(258)
SYN-5013 WARNING: Undriven net: model "top" / net "sd_card_bmp_m0/sd_card_top_m0/sd_card_cmd_m0/block_write_data[3]" in ../../src/sd_card/sd_card_cmd.v(17)
SYN-5014 WARNING: the net's pin: pin "i0" in ../../src/sd_card/sd_card_cmd.v(258)
SYN-5013 WARNING: Undriven net: model "top" / net "sd_card_bmp_m0/sd_card_top_m0/sd_card_cmd_m0/block_write_data[2]" in ../../src/sd_card/sd_card_cmd.v(17)
SYN-5014 WARNING: the net's pin: pin "i0" in ../../src/sd_card/sd_card_cmd.v(258)
SYN-5013 WARNING: Undriven net: model "top" / net "sd_card_bmp_m0/sd_card_top_m0/sd_card_cmd_m0/block_write_data[1]" in ../../src/sd_card/sd_card_cmd.v(17)
SYN-5014 WARNING: the net's pin: pin "i0" in ../../src/sd_card/sd_card_cmd.v(258)
SYN-5013 WARNING: Undriven net: model "top" / net "sd_card_bmp_m0/sd_card_top_m0/sd_card_cmd_m0/block_write_data[0]" in ../../src/sd_card/sd_card_cmd.v(17)
SYN-5014 WARNING: the net's pin: pin "i0" in ../../src/sd_card/sd_card_cmd.v(258)
SYN-5025 WARNING: Using 0 for all undriven pins and nets
SYN-1032 : 10102/57 useful/useless nets, 9256/300 useful/useless insts
SYN-1014 : Optimize round 1
SYN-1017 : Remove 7 const input seq instances
SYN-1002 :     flash_write_read_m0/flash_cmd_m0/flash_step_m0/reg1_syn_5
SYN-1002 :     flash_write_read_m0/flash_reader_m0/reg3_syn_5
SYN-1002 :     flash_write_read_m0/flash_reader_m0/write_req_ack_d1_reg
SYN-1002 :     sd_card_bmp_m0/bmp_read_m0/reg9_syn_5
SYN-1002 :     seg_scan_m0/reg1_syn_18
SYN-1002 :     seg_scan_m0/reg2_syn_9
SYN-1002 :     u_sdram_top/u_sdram_controller/u_sdram_ctrl/reg2_syn_12
SYN-1018 : Transformed 1 mux instances.
SYN-1019 : Optimized 27 mux instances.
SYN-1021 : Optimized 110 onehot mux instances.
SYN-1020 : Optimized 379 distributor mux.
SYN-1001 : Optimize 11 less-than instances
SYN-1019 : Optimized 59 mux instances.
SYN-1016 : Merged 1070 instances.
SYN-1015 : Optimize round 1, 3066 better
SYN-1014 : Optimize round 2
SYN-1044 : Optimized 9 inv instances.
SYN-1032 : 8639/579 useful/useless nets, 7919/1139 useful/useless insts
SYN-1017 : Remove 12 const input seq instances
SYN-1002 :     flash_write_read_m0/flash_cmd_m0/ERASE_quad_data_flag_r_reg
SYN-1002 :     flash_write_read_m0/flash_cmd_m0/INIT_quad_data_flag_r_reg
SYN-1002 :     flash_write_read_m0/flash_cmd_m0/reg1_syn_3
SYN-1002 :     flash_write_read_m0/flash_cmd_m0/reg6_syn_5
SYN-1002 :     flash_write_read_m0/flash_cmd_m0/reg9_syn_5
SYN-1002 :     flash_write_read_m0/flash_reader_m0/reg2_syn_2
SYN-1002 :     flash_write_read_m0/flash_writer_m0/reg1_syn_2
SYN-1002 :     sd_card_bmp_m0/bmp_read_m0/reg8_syn_4
SYN-1002 :     u_sdram_top/u_sdram_fifo_ctrl/reg0_syn_2
SYN-1002 :     u_sdram_top/u_sdram_fifo_ctrl/reg0_syn_21
SYN-1002 :     u_sdram_top/u_sdram_fifo_ctrl/reg1_syn_2
SYN-1002 :     u_sdram_top/u_sdram_fifo_ctrl/reg1_syn_21
SYN-1019 : Optimized 60 mux instances.
SYN-1020 : Optimized 10 distributor mux.
SYN-1019 : Optimized 3 mux instances.
SYN-1016 : Merged 109 instances.
SYN-1015 : Optimize round 2, 2062 better
SYN-1032 : 8404/21 useful/useless nets, 7714/29 useful/useless insts
SYN-3003 : Optimized 1 equivalent DFF(s)
SYN-3008 : Optimized 1 const1 DFF(s)
SYN-3003 : Optimized 2 equivalent DFF(s)
SYN-3003 : Optimized 2 equivalent DFF(s)
SYN-3004 : Optimized 64 const0 DFF(s)
SYN-3004 : Optimized 4 const0 DFF(s)
SYN-3004 : Optimized 15 const0 DFF(s)
SYN-1032 : 4120/4284 useful/useless nets, 3458/4167 useful/useless insts
SYN-1014 : Optimize round 1
SYN-1017 : Remove 1 const input seq instances
SYN-1002 :     u_sdram_top/u_sdram_controller/u_sdram_ctrl/sdram_rd_wr_reg
SYN-1019 : Optimized 40 mux instances.
SYN-1020 : Optimized 7 distributor mux.
SYN-1016 : Merged 14 instances.
SYN-1015 : Optimize round 1, 96 better
SYN-1014 : Optimize round 2
SYN-1032 : 3952/102 useful/useless nets, 3314/79 useful/useless insts
SYN-1019 : Optimized 2 mux instances.
SYN-1015 : Optimize round 2, 165 better
SYN-1014 : Optimize round 3
SYN-1032 : 3949/0 useful/useless nets, 3311/1 useful/useless insts
SYN-1015 : Optimize round 3, 1 better
SYN-1014 : Optimize round 4
SYN-1015 : Optimize round 4, 0 better
RUN-1003 : finish command "optimize_rtl" in  3.538924s wall, 1.218750s user + 0.218750s system = 1.437500s CPU (40.6%)

RUN-1004 : used memory is 160 MB, reserved memory is 125 MB, peak memory is 162 MB
RUN-1002 : start command "report_area -file pic_sdram_rtl.area"
RUN-1001 : standard
***Report Model: top Device: EG4S20BG256***

IO Statistics
#IO                        47
  #input                    6
  #output                  37
  #inout                    4

Gate Statistics
#Basic gates             1843
  #and                    382
  #nand                     0
  #or                      22
  #nor                      0
  #xor                     57
  #xnor                     0
  #buf                      0
  #not                     93
  #bufif1                   5
  #MX21                   263
  #FADD                     0
  #DFF                   1021
  #LATCH                    0
#MACRO_ADD                 43
#MACRO_EQ                 128
#MACRO_MUX               1160
#MACRO_OTHERS               3

Report Hierarchy Area:
+----------------------------------------------------------------------------------------------------+
|Instance                        |Module                                     |gates  |seq    |macros |
+----------------------------------------------------------------------------------------------------+
|top                             |top                                        |822    |1021   |174    |
|  U3                            |sdram                                      |0      |0      |0      |
|  flash_write_read_m0           |flash_write_read                           |59     |61     |29     |
|    Qspi_master_m0              |Qspi_master                                |11     |19     |9      |
|    flash_cmd_m0                |flash_cmd                                  |48     |42     |20     |
|      flash_step_m0             |flash_step                                 |17     |29     |11     |
|  frame_read_write_control_m0   |frame_read_write_control                   |13     |3      |5      |
|  sd_card_bmp_m0                |sd_card_bmp                                |339    |364    |73     |
|    ax_debounce_m0              |ax_debounce                                |6      |37     |3      |
|    bmp_read_m0                 |bmp_read                                   |85     |149    |27     |
|    sd_card_top_m0              |sd_card_top                                |248    |178    |43     |
|      sd_card_cmd_m0            |sd_card_cmd                                |107    |52     |20     |
|      sd_card_sec_read_write_m0 |sd_card_sec_read_write                     |114    |85     |13     |
|      spi_master_m0             |spi_master                                 |27     |41     |10     |
|  seg_decoder_m0                |seg_decoder                                |5      |0      |0      |
|  seg_scan_m0                   |seg_scan                                   |11     |31     |9      |
|  sys_pll_m0                    |sys_pll                                    |0      |0      |1      |
|  u_sdram_top                   |sdram_top                                  |376    |509    |46     |
|    u_sdram_controller          |sdram_controller                           |50     |67     |31     |
|      u_sdram_cmd               |sdram_cmd                                  |18     |17     |10     |
|      u_sdram_ctrl              |sdram_ctrl                                 |30     |47     |21     |
|      u_sdram_data              |sdram_data                                 |2      |3      |0      |
|    u_sdram_fifo_ctrl           |sdram_fifo_ctrl                            |326    |442    |15     |
|      rdfifo                    |RAM_FIFO                                   |32     |85     |7      |
|        ram_inst                |ram_infer_RAM_FIFO                         |0      |0      |1      |
|        rd_to_wr_cross_inst     |fifo_cross_domain_addr_process_al_RAM_FIFO |14     |32     |0      |
|        wr_to_rd_cross_inst     |fifo_cross_domain_addr_process_al_RAM_FIFO |14     |32     |0      |
|      wrfifo                    |RAM_FIFO                                   |288    |340    |6      |
|        ram_inst                |ram_infer_RAM_FIFO                         |256    |257    |0      |
|        rd_to_wr_cross_inst     |fifo_cross_domain_addr_process_al_RAM_FIFO |14     |32     |0      |
|        wr_to_rd_cross_inst     |fifo_cross_domain_addr_process_al_RAM_FIFO |14     |32     |0      |
|  video_pll_m0                  |video_pll                                  |0      |0      |1      |
|  video_timing_data_m0          |video_timing_data                          |19     |53     |10     |
|    color_bar_m0                |color_bar                                  |15     |31     |10     |
+----------------------------------------------------------------------------------------------------+

RUN-1002 : start command "export_db pic_sdram_rtl.db"
RUN-1001 : Exported /
RUN-1001 : Exported flow parameters
RUN-1001 : Exported libs
RUN-1001 : Exported entities
RUN-1001 : Exported ports
RUN-1001 : Exported pins
RUN-1001 : Exported instances
RUN-1001 : Exported nets
RUN-1001 : Exported buses
RUN-1001 : Exported models
RUN-1001 : Exported congestions
RUN-1001 : Exported violations
RUN-1001 : Exported IO constraints
RUN-1001 : Exported Inst constraints
RUN-1002 : start command "read_sdc ../../top.sdc"
RUN-1002 : start command "get_ports clk"
RUN-1002 : start command "create_clock -name clk -period 20 -waveform 0 10 "
RUN-1102 : create_clock: clock name: clk, type: 0, period: 20000, rise: 0, fall: 10000.
RUN-1002 : start command "derive_pll_clocks"
USR-1002 : Gen clock cmd:  create_generated_clock -name {sys_pll_m0/pll_inst.clkc[0]} -source [get_ports {clk}] -master_clock {clk} -multiply_by 2.0000 [get_pins {sys_pll_m0/pll_inst.clkc[0]}]
RUN-1002 : start command "get_ports clk"
RUN-1002 : start command "get_pins sys_pll_m0/pll_inst.clkc[0]"
RUN-1002 : start command "create_generated_clock -name sys_pll_m0/pll_inst.clkc[0] -source  -master_clock clk -multiply_by 2.0000 "
USR-1002 : Gen clock cmd:  create_generated_clock -name {sys_pll_m0/pll_inst.clkc[1]} -source [get_ports {clk}] -master_clock {clk} -multiply_by 2.0000 [get_pins {sys_pll_m0/pll_inst.clkc[1]}]
RUN-1002 : start command "get_ports clk"
RUN-1002 : start command "get_pins sys_pll_m0/pll_inst.clkc[1]"
RUN-1002 : start command "create_generated_clock -name sys_pll_m0/pll_inst.clkc[1] -source  -master_clock clk -multiply_by 2.0000 "
USR-1002 : Gen clock cmd:  create_generated_clock -name {sys_pll_m0/pll_inst.clkc[2]} -source [get_ports {clk}] -master_clock {clk} -multiply_by 2.0000 [get_pins {sys_pll_m0/pll_inst.clkc[2]}]
RUN-1002 : start command "get_ports clk"
RUN-1002 : start command "get_pins sys_pll_m0/pll_inst.clkc[2]"
RUN-1002 : start command "create_generated_clock -name sys_pll_m0/pll_inst.clkc[2] -source  -master_clock clk -multiply_by 2.0000 "
USR-1002 : Gen clock cmd:  create_generated_clock -name {video_pll_m0/pll_inst.clkc[0]} -source [get_ports {clk}] -master_clock {clk} -divide_by 2.0000 [get_pins {video_pll_m0/pll_inst.clkc[0]}]
RUN-1002 : start command "get_ports clk"
RUN-1002 : start command "get_pins video_pll_m0/pll_inst.clkc[0]"
RUN-1002 : start command "create_generated_clock -name video_pll_m0/pll_inst.clkc[0] -source  -master_clock clk -divide_by 2.0000 "
RUN-1002 : start command "get_ports clk"
RUN-1002 : start command "get_pins sys_pll_m0/pll_inst.clkc[0]"
RUN-1002 : start command "rename_clock -name sd_card_clk -source  -master_clock clk "
RUN-1105 : Rename Clock: clock sys_pll_m0/pll_inst.clkc[0] was renamed, new name is sd_card_clk.
RUN-1002 : start command "get_ports clk"
RUN-1002 : start command "get_pins sys_pll_m0/pll_inst.clkc[1]"
RUN-1002 : start command "rename_clock -name ext_mem_clk -source  -master_clock clk "
RUN-1105 : Rename Clock: clock sys_pll_m0/pll_inst.clkc[1] was renamed, new name is ext_mem_clk.
RUN-1002 : start command "get_ports clk"
RUN-1002 : start command "get_pins sys_pll_m0/pll_inst.clkc[2]"
RUN-1002 : start command "rename_clock -name flash_sys_clk -source  -master_clock clk "
RUN-1105 : Rename Clock: clock sys_pll_m0/pll_inst.clkc[2] was renamed, new name is flash_sys_clk.
RUN-1002 : start command "get_ports clk"
RUN-1002 : start command "get_pins video_pll_m0/pll_inst.clkc[0]"
RUN-1002 : start command "rename_clock -name video_clk -source  -master_clock clk "
RUN-1105 : Rename Clock: clock video_pll_m0/pll_inst.clkc[0] was renamed, new name is video_clk.
RUN-1002 : start command "read_sdc -ip RAM_FIFO ../../al_ip/afifo_16_256.tcl"
RUN-1002 : start command "get_ports clkw"
RUN-1002 : start command "get_nets  clkw  "
RUN-1002 : start command "get_clocks -nowarn -of nets 37714107826176"
RUN-1002 : start command "get_ports clkr"
RUN-1002 : start command "get_nets  clkr  "
RUN-1002 : start command "get_clocks -nowarn -of nets 58394375356416"
RUN-1002 : start command "get_property -nowarn -max PERIOD "
RUN-1002 : start command "get_property -nowarn -max PERIOD "
RUN-1002 : start command "get_regs rd_to_wr_cross_inst/primary_addr_gray_reg[*]"
RUN-1002 : start command "get_regs rd_to_wr_cross_inst/sync_r1[*]"
RUN-1002 : start command "set_max_delay -from  -to  9.6999999999999993 -datapath_only"
RUN-1002 : start command "get_regs rd_to_wr_cross_inst/primary_addr_gray_reg[*]"
RUN-1002 : start command "get_regs rd_to_wr_cross_inst/sync_r1[*]"
RUN-1002 : start command "set_false_path -from  -to  -hold 9.6999999999999993"
USR-1002 : set_false_path -help -setup -hold -from <list> -rise_from <list> -fall_from <list> -to <list> -rise_to <list> -fall_to <list> -through <list>
RUN-1002 : start command "get_regs wr_to_rd_cross_inst/primary_addr_gray_reg[*]"
RUN-1002 : start command "get_regs wr_to_rd_cross_inst/sync_r1[*]"
RUN-1002 : start command "set_max_delay -from  -to  9.6999999999999993 -datapath_only"
RUN-1002 : start command "get_regs wr_to_rd_cross_inst/primary_addr_gray_reg[*]"
RUN-1002 : start command "get_regs wr_to_rd_cross_inst/sync_r1[*]"
RUN-1002 : start command "set_false_path -from  -to  -hold 9.6999999999999993"
USR-1002 : set_false_path -help -setup -hold -from <list> -rise_from <list> -fall_from <list> -to <list> -rise_to <list> -fall_to <list> -through <list>
RUN-1002 : start command "get_ports clkw"
RUN-1002 : start command "get_nets  clkw  "
RUN-1002 : start command "get_clocks -nowarn -of nets 22789096472576"
RUN-1002 : start command "get_ports clkr"
RUN-1002 : start command "get_nets  clkr  "
RUN-1002 : start command "get_clocks -nowarn -of nets 37714107826176"
RUN-1002 : start command "get_property -nowarn -max PERIOD "
RUN-1002 : start command "get_property -nowarn -max PERIOD "
RUN-1002 : start command "get_regs rd_to_wr_cross_inst/primary_addr_gray_reg[*]"
RUN-1002 : start command "get_regs rd_to_wr_cross_inst/sync_r1[*]"
RUN-1002 : start command "set_max_delay -from  -to  9.6999999999999993 -datapath_only"
RUN-1002 : start command "get_regs rd_to_wr_cross_inst/primary_addr_gray_reg[*]"
RUN-1002 : start command "get_regs rd_to_wr_cross_inst/sync_r1[*]"
RUN-1002 : start command "set_false_path -from  -to  -hold 9.6999999999999993"
USR-1002 : set_false_path -help -setup -hold -from <list> -rise_from <list> -fall_from <list> -to <list> -rise_to <list> -fall_to <list> -through <list>
RUN-1002 : start command "get_regs wr_to_rd_cross_inst/primary_addr_gray_reg[*]"
RUN-1002 : start command "get_regs wr_to_rd_cross_inst/sync_r1[*]"
RUN-1002 : start command "set_max_delay -from  -to  9.6999999999999993 -datapath_only"
RUN-1002 : start command "get_regs wr_to_rd_cross_inst/primary_addr_gray_reg[*]"
RUN-1002 : start command "get_regs wr_to_rd_cross_inst/sync_r1[*]"
RUN-1002 : start command "set_false_path -from  -to  -hold 9.6999999999999993"
USR-1002 : set_false_path -help -setup -hold -from <list> -rise_from <list> -fall_from <list> -to <list> -rise_to <list> -fall_to <list> -through <list>
RUN-1002 : start command "optimize_gate -maparea pic_sdram_gate.area"
RUN-1001 : Open license file D:/Program/Anlogic/TD5.6.2/license/Anlogic.lic
RUN-1001 : Print Global Property
RUN-1001 : ---------------------------------------------------------------
RUN-1001 :        Parameters        |  Settings  |  Default Values  |  Note  
RUN-1001 : ---------------------------------------------------------------
RUN-1001 :          message         |  standard  |     standard     |        
RUN-1001 :   mixed_pack_place_flow  |     on     |        on        |        
RUN-1001 :        qor_monitor       |    off     |       off        |        
RUN-1001 :        syn_ip_flow       |    off     |       off        |        
RUN-1001 :          thread          |    auto    |       auto       |        
RUN-1001 : ---------------------------------------------------------------
RUN-1001 : Print Gate Property
RUN-1001 : ------------------------------------------------------------------
RUN-1001 :          Parameters         |  Settings  |  Default Values  |  Note  
RUN-1001 : ------------------------------------------------------------------
RUN-1001 :         cascade_dsp         |    off     |       off        |        
RUN-1001 :         cascade_eram        |    off     |       off        |        
RUN-1001 :        gate_sim_model       |    off     |       off        |        
RUN-1001 :        map_sim_model        |    off     |       off        |        
RUN-1001 :         map_strategy        |     1      |        1         |        
RUN-1001 :           opt_area          |   medium   |      medium      |        
RUN-1001 :          opt_timing         |    auto    |       auto       |        
RUN-1001 :         pack_effort         |   medium   |      medium      |        
RUN-1001 :      pack_lslice_ripple     |     on     |        on        |        
RUN-1001 :   pack_lslice_ripple_ratio  |    0.5     |       0.5        |        
RUN-1001 :        pack_seq_in_io       |    auto    |       auto       |        
RUN-1001 :        ph1_mux_ratio        |    1.0     |       1.0        |        
RUN-1001 :            report           |  standard  |     standard     |        
RUN-1001 :           retiming          |    off     |       off        |        
RUN-1001 : ------------------------------------------------------------------
SYN-2002 : EG_PHY_SDRAM_2M_32 instance U3/sdram.
SYN-2001 : Map 102 IOs to PADs
SYN-1032 : 3924/72 useful/useless nets, 3370/42 useful/useless insts
RUN-1002 : start command "update_pll_param -module top"
SYN-2501 : Processed 0 LOGIC_BUF instances.
SYN-2501 : 2 BUFG to GCLK
SYN-2595 : bram inst: u_sdram_top/u_sdram_fifo_ctrl/rdfifo/ram_inst/ramread0_syn_6 is set to PDPW/SP from DP for resource saving
SYN-2512 : LOGIC BRAM "u_sdram_top/u_sdram_fifo_ctrl/rdfifo/ram_inst/ramread0_syn_8"
SYN-2571 : Optimize after map_dsp, round 1
SYN-2571 : Optimize after map_dsp, round 1, 0 better
SYN-1001 : Throwback 279 control mux instances
SYN-2501 : Optimize round 1
SYN-1016 : Merged 330 instances.
SYN-2501 : Optimize round 1, 1111 better
SYN-2501 : Optimize round 2
SYN-2501 : Optimize round 2, 0 better
SYN-2501 : Map 43 macro adder
SYN-3001 : Mapper mapped 7 instances into 1 LUTs, name keeping = 100%.
SYN-3001 : Mapper mapped 3 instances into 1 LUTs, name keeping = 0%.
SYN-3001 : Mapper mapped 3 instances into 1 LUTs, name keeping = 100%.
SYN-3001 : Mapper mapped 15 instances into 1 LUTs, name keeping = 100%.
SYN-3001 : Mapper mapped 15 instances into 1 LUTs, name keeping = 100%.
SYN-2501 : Inferred 3 ROM instances
SYN-1019 : Optimized 642 mux instances.
SYN-1016 : Merged 1374 instances.
SYN-1032 : 6470/270 useful/useless nets, 6172/1 useful/useless insts
RUN-1002 : start command "start_timer -prepack"
TMR-2505 : Start building timing graph for model top.
TMR-2506 : Build timing graph completely. Port num: 22, tpin num: 22814, tnet num: 6470, tinst num: 6171, tnode num: 25410, tedge num: 32828.
TMR-2508 : Levelizing timing graph completed, there are 81 levels in total.
TMR-2501 : Timing graph initialized successfully.
TMR-2503 : Start to update net delay, extr mode = 2.
TMR-2504 : Update delay of 6470 nets completely.
TMR-2502 : Annotate delay completely, extr mode = 2.
TMR-3001 : Initiate 5 clocks from SDC.
TMR-3004 : Map sdc constraints, there are 8 constraints in total.
TMR-3003 : Constraints initiated successfully.
TMR-3501 : Forward propagation: start to calculate arrival time...
TMR-3502 : Backward propagation: start to calculate required time...
TMR-3503 : Timing propagation completes.
SYN-3001 : Running gate level optimization.
SYN-2581 : Mapping with K=5, #lut = 1591 (3.76), #lev = 8 (3.75)
SYN-2551 : Post LUT mapping optimization.
SYN-2581 : Mapping with K=5, #lut = 1500 (3.71), #lev = 8 (3.94)
SYN-3001 : Logic optimization runtime opt =   0.50 sec, map =   0.00 sec
SYN-3001 : Mapper mapped 4375 instances into 1502 LUTs, name keeping = 57%.
RUN-1002 : start command "report_area -file pic_sdram_gate.area"
RUN-1001 : standard
***Report Model: top Device: EG4S20BG256***

IO Statistics
#IO                        47
  #input                    6
  #output                  37
  #inout                    4

LUT Statistics
#Total_luts              2077
  #lut4                  1268
  #lut5                   237
  #lut6                     0
  #lut5_mx41                0
  #lut4_alu1b             572

Utilization Statistics
#lut                     2077   out of  19600   10.60%
#reg                      984   out of  19600    5.02%
#le                         0
#dsp                        0   out of     29    0.00%
#bram                       1   out of     64    1.56%
  #bram9k                   1
  #fifo9k                   0
#bram32k                    0   out of     16    0.00%
#pad                       47   out of    188   25.00%
  #ireg                     1
  #oreg                    40
  #treg                     1
#pll                        2   out of      4   50.00%

Report Hierarchy Area:
+-------------------------------------------------------------------------------------------------------------------------+
|Instance                        |Module                                     |lut     |ripple  |seq     |bram    |dsp     |
+-------------------------------------------------------------------------------------------------------------------------+
|top                             |top                                        |1505    |572     |1026    |1       |0       |
|  U3                            |sdram                                      |0       |0       |0       |0       |0       |
|  flash_write_read_m0           |flash_write_read                           |101     |21      |59      |0       |0       |
|    Qspi_master_m0              |Qspi_master                                |40      |0       |18      |0       |0       |
|    flash_cmd_m0                |flash_cmd                                  |61      |21      |41      |0       |0       |
|      flash_step_m0             |flash_step                                 |45      |21      |28      |0       |0       |
|  frame_read_write_control_m0   |frame_read_write_control                   |3       |0       |3       |0       |0       |
|  sd_card_bmp_m0                |sd_card_bmp                                |654     |278     |363     |0       |0       |
|    ax_debounce_m0              |ax_debounce                                |45      |33      |36      |0       |0       |
|    bmp_read_m0                 |bmp_read                                   |129     |174     |149     |0       |0       |
|    sd_card_top_m0              |sd_card_top                                |480     |71      |178     |0       |0       |
|      sd_card_cmd_m0            |sd_card_cmd                                |273     |54      |52      |0       |0       |
|      sd_card_sec_read_write_m0 |sd_card_sec_read_write                     |151     |0       |85      |0       |0       |
|      spi_master_m0             |spi_master                                 |56      |17      |41      |0       |0       |
|  seg_scan_m0                   |seg_scan                                   |32      |35      |20      |0       |0       |
|  sys_pll_m0                    |sys_pll                                    |0       |0       |0       |0       |0       |
|  u_sdram_top                   |sdram_top                                  |671     |212     |504     |1       |0       |
|    u_sdram_controller          |sdram_controller                           |121     |97      |62      |0       |0       |
|      u_sdram_cmd               |sdram_cmd                                  |46      |0       |13      |0       |0       |
|      u_sdram_ctrl              |sdram_ctrl                                 |74      |97      |47      |0       |0       |
|      u_sdram_data              |sdram_data                                 |1       |0       |2       |0       |0       |
|    u_sdram_fifo_ctrl           |sdram_fifo_ctrl                            |550     |115     |442     |1       |0       |
|      rdfifo                    |RAM_FIFO                                   |35      |45      |85      |1       |0       |
|        ram_inst                |ram_infer_RAM_FIFO                         |0       |0       |0       |1       |0       |
|        rd_to_wr_cross_inst     |fifo_cross_domain_addr_process_al_RAM_FIFO |14      |0       |32      |0       |0       |
|        wr_to_rd_cross_inst     |fifo_cross_domain_addr_process_al_RAM_FIFO |14      |0       |32      |0       |0       |
|      wrfifo                    |RAM_FIFO                                   |501     |45      |340     |0       |0       |
|        ram_inst                |ram_infer_RAM_FIFO                         |469     |0       |257     |0       |0       |
|        rd_to_wr_cross_inst     |fifo_cross_domain_addr_process_al_RAM_FIFO |14      |0       |32      |0       |0       |
|        wr_to_rd_cross_inst     |fifo_cross_domain_addr_process_al_RAM_FIFO |14      |0       |32      |0       |0       |
|  video_pll_m0                  |video_pll                                  |0       |0       |0       |0       |0       |
|  video_timing_data_m0          |video_timing_data                          |44      |26      |35      |0       |0       |
|    color_bar_m0                |color_bar                                  |27      |26      |31      |0       |0       |
+-------------------------------------------------------------------------------------------------------------------------+

SYN-1001 : Packing model "top" ...
SYN-4010 : Pack lib has 58 rtl pack models with 25 top pack blocks
SYN-1014 : Optimize round 1
SYN-1015 : Optimize round 1, 0 better
SYN-4002 : Packing 984 DFF/LATCH to SEQ ...
SYN-4009 : Pack 15 carry chain into lslice
SYN-4007 : Packing 284 adder to BLE ...
SYN-4008 : Packed 284 adder and 30 SEQ to BLE.
SYN-4007 : Packing 0 gate4 to BLE ...
SYN-4008 : Packed 0 gate4 and 0 SEQ to BLE.
SYN-4012 : Packed 0 FxMUX
RUN-1003 : finish command "optimize_gate -maparea pic_sdram_gate.area" in  2.629011s wall, 0.843750s user + 0.031250s system = 0.875000s CPU (33.3%)

RUN-1004 : used memory is 164 MB, reserved memory is 129 MB, peak memory is 222 MB
RUN-1002 : start command "legalize_phy_inst"
SYN-1011 : Flatten model top
RUN-1002 : start command "export_db pic_sdram_gate.db"
RUN-1001 : Exported /
RUN-1001 : Exported flow parameters
RUN-1001 : Exported libs
RUN-1001 : Exported entities
RUN-1001 : Exported ports
RUN-1001 : Exported pins
RUN-1001 : Exported instances
RUN-1001 : Exported nets
RUN-1001 : Exported buses
RUN-1001 : Exported models
RUN-1001 : Exported congestions
RUN-1001 : Exported violations
RUN-1001 : Exported timing constraints
RUN-1001 : Exported IO constraints
RUN-1001 : Exported Inst constraints
RUN-1002 : start command "backup_run_log run.log ../.logs/syn_1/td_20231213_164041.log"
