============================================================
   Tang Dynasty, V5.6.119222
      Copyright (c) 2012-2024 Anlogic Inc.
   Executable = E:/software/Anlogic/TD_5.6.5_Release_119.222/bin/td.exe
   Built at =   17:28:21 May 30 2024
   Run by =     28408
   Run Date =   Fri Jun 27 13:54:41 2025

   Run on =     BERUGA0023
============================================================
RUN-1002 : start command "open_project pic_sdram.prj"
RUN-1001 : Print Global Property
RUN-1001 : ---------------------------------------------------------------
RUN-1001 :        Parameters        |  Settings  |  Default Values  |  Note  
RUN-1001 : ---------------------------------------------------------------
RUN-1001 :          message         |  standard  |     standard     |        
RUN-1001 :   mixed_pack_place_flow  |     on     |        on        |        
RUN-1001 :        qor_monitor       |    off     |       off        |        
RUN-1001 :        syn_ip_flow       |    off     |       off        |        
RUN-1001 :          thread          |    auto    |       auto       |        
RUN-1001 : ---------------------------------------------------------------
RUN-1001 : Print Design Property
RUN-1001 : --------------------------------------------------------------
RUN-1001 :        Parameters       |  Settings  |  Default Values  |  Note  
RUN-1001 : --------------------------------------------------------------
RUN-1001 :   default_reg_initial   |    auto    |       auto       |        
RUN-1001 :        infer_add        |     on     |        on        |        
RUN-1001 :        infer_fsm        |    off     |       off        |        
RUN-1001 :        infer_mult       |     on     |        on        |        
RUN-1001 :        infer_ram        |     on     |        on        |        
RUN-1001 :        infer_reg        |     on     |        on        |        
RUN-1001 :   infer_reg_init_value  |     on     |        on        |        
RUN-1001 :        infer_rom        |     on     |        on        |        
RUN-1001 :      infer_shifter      |     on     |        on        |        
RUN-1001 : --------------------------------------------------------------
RUN-1001 : Print Rtl Property
RUN-1001 : --------------------------------------------------------------
RUN-1001 :        Parameters       |  Settings  |  Default Values  |  Note  
RUN-1001 : --------------------------------------------------------------
RUN-1001 :       compress_add      |   ripple   |      ripple      |        
RUN-1001 :        elf_sload        |    off     |       off        |        
RUN-1001 :       fix_undriven      |     0      |        0         |        
RUN-1001 :         flatten         |    off     |       off        |        
RUN-1001 :       gate_sharing      |     on     |        on        |        
RUN-1001 :    hdl_warning_level    |   normal   |      normal      |        
RUN-1001 :   impl_internal_tribuf  |     on     |        on        |        
RUN-1001 :      impl_set_reset     |     on     |        on        |        
RUN-1001 :        infer_gsr        |    off     |       off        |        
RUN-1001 :      keep_hierarchy     |    auto    |       auto       |        
RUN-1001 :        max_fanout       |    9999    |       9999       |        
RUN-1001 :      max_oh2bin_len     |     10     |        10        |        
RUN-1001 :       merge_equal       |     on     |        on        |        
RUN-1001 :       merge_equiv       |     on     |        on        |        
RUN-1001 :        merge_mux        |    off     |       off        |        
RUN-1001 :     min_control_set     |     8      |        8         |        
RUN-1001 :      min_ripple_len     |    auto    |       auto       |        
RUN-1001 :       oh2bin_ratio      |    0.08    |       0.08       |        
RUN-1001 :     opt_adder_fanout    |     on     |        on        |        
RUN-1001 :        opt_arith        |     on     |        on        |        
RUN-1001 :       opt_big_gate      |    off     |       off        |        
RUN-1001 :        opt_const        |     on     |        on        |        
RUN-1001 :      opt_const_mult     |     on     |        on        |        
RUN-1001 :       opt_lessthan      |     on     |        on        |        
RUN-1001 :         opt_mux         |    off     |       off        |        
RUN-1001 :         opt_ram         |    high    |       high       |        
RUN-1001 :      rtl_sim_model      |    off     |       off        |        
RUN-1001 :         seq_syn         |     on     |        on        |        
RUN-1001 : --------------------------------------------------------------
HDL-1007 : analyze verilog file ../../al_ip/sys_pll.v
HDL-1007 : undeclared symbol 'open', assumed default net type 'wire' in ../../al_ip/sys_pll.v(70)
HDL-1007 : analyze verilog file ../../al_ip/video_pll.v
HDL-1007 : undeclared symbol 'open', assumed default net type 'wire' in ../../al_ip/video_pll.v(70)
HDL-1007 : analyze verilog file ../../al_ip/afifo_16_32_256.v
HDL-1007 : analyze verilog file ../../al_ip/afifo_32_16_256.v
HDL-1007 : analyze verilog file ../../src/color_bar.v
HDL-1007 : analyze included file ../../src/video_define.v in ../../src/color_bar.v(2)
HDL-1007 : back to file '../../src/color_bar.v' in ../../src/color_bar.v(2)
HDL-1007 : analyze verilog file ../../src/frame_fifo_read.v
HDL-1007 : analyze verilog file ../../src/frame_fifo_write.v
HDL-1007 : analyze verilog file ../../src/top.v
HDL-1007 : undeclared symbol 'sdram_clk', assumed default net type 'wire' in ../../src/top.v(96)
HDL-1007 : analyze verilog file ../../src/video_timing_data.v
HDL-1007 : analyze verilog file ../../src/sdram_r/sdram_para.v
HDL-1007 : analyze verilog file ../../src/sdram/enc_file/global_def.v
HDL-1007 : analyze verilog file ../../src/sdram/enc_file/sdr_as_ram.enc.v
Copyright (c) 1998-2019 The OpenSSL Project.  All rights reserved.
This product includes software developed by the OpenSSL Project
for use in the OpenSSL Toolkit (http://www.openssl.org/)
Copyright (C) 1995-1998 Eric Young (eay@cryptsoft.com)
All rights reserved.
This product includes cryptographic software written by Eric Young (eay@cryptsoft.com)
HDL-1007 : back to file '../../src/sdram/enc_file/sdr_as_ram.enc.v' in ../../src/sdram/enc_file/sdr_as_ram.enc.v(148)
HDL-1007 : analyze verilog file ../../src/sdram/enc_file/sdr_wrrd.enc.v
HDL-5007 WARNING: concatenation with an unsized literal will be treated as 32 bits in encrypted_text(0)
HDL-1007 : back to file '../../src/sdram/enc_file/sdr_wrrd.enc.v' in ../../src/sdram/enc_file/sdr_wrrd.enc.v(255)
HDL-1007 : analyze verilog file ../../src/sdram/sdram.v
HDL-1007 : analyze included file E:\projects\2023_10_10_HX4S20_test\HX4S20_OV5640_check\HX4S20_OV5640\/./src/sdram/enc_file/global_def.v in ../../src/sdram/sdram.v(10)
HDL-1007 : back to file '../../src/sdram/sdram.v' in ../../src/sdram/sdram.v(10)
HDL-1007 : undeclared symbol 'SDR_CKE', assumed default net type 'wire' in ../../src/sdram/sdram.v(89)
HDL-1007 : analyze verilog file ../../src/frame_read_write.v
HDL-1007 : analyze verilog file ../../src/video_delay.v
HDL-1007 : analyze VHDL file ../../src/hdmi/enc_file/DVITransmitter.enc.vhd
HDL-1007 : analyze entity dvitransmitter in ../../src/hdmi/enc_file/DVITransmitter.enc.vhd(13)
HDL-1007 : analyze architecture ** in encrypted_text(0)
HDL-1007 : analyze VHDL file ../../src/hdmi/enc_file/SerializerN_1_lvds.enc.vhd
HDL-1007 : analyze entity ** in encrypted_text(0)
HDL-1007 : analyze architecture ** in encrypted_text(0)
HDL-1007 : analyze VHDL file ../../src/hdmi/enc_file/SerializerN_1_lvds_dat.enc.vhd
HDL-1007 : analyze entity ** in encrypted_text(0)
HDL-1007 : analyze architecture ** in encrypted_text(0)
HDL-1007 : analyze VHDL file ../../src/hdmi/enc_file/TMDSEncoder.enc.vhd
HDL-1007 : analyze entity ** in encrypted_text(0)
HDL-1007 : analyze architecture ** in encrypted_text(0)
HDL-1007 : analyze verilog file ../../src/hdmi/enc_file/video_tpg_1024768.enc.v
HDL-5007 WARNING: literal value ** truncated to fit in ** bits in encrypted_text(0)
HDL-1007 : back to file '../../src/hdmi/enc_file/video_tpg_1024768.enc.v' in ../../src/hdmi/enc_file/video_tpg_1024768.enc.v(216)
HDL-1007 : analyze verilog file ../../src/hdmi/enc_file/video_tpg_1080p.enc.v
HDL-1007 : back to file '../../src/hdmi/enc_file/video_tpg_1080p.enc.v' in ../../src/hdmi/enc_file/video_tpg_1080p.enc.v(208)
HDL-1007 : analyze verilog file ../../src/hdmi/enc_file/video_tpg_12801024p.enc.v
HDL-1007 : back to file '../../src/hdmi/enc_file/video_tpg_12801024p.enc.v' in ../../src/hdmi/enc_file/video_tpg_12801024p.enc.v(207)
HDL-1007 : analyze verilog file ../../src/hdmi/enc_file/video_tpg_1280800.enc.v
HDL-5007 WARNING: literal value ** truncated to fit in ** bits in encrypted_text(0)
HDL-1007 : back to file '../../src/hdmi/enc_file/video_tpg_1280800.enc.v' in ../../src/hdmi/enc_file/video_tpg_1280800.enc.v(216)
HDL-1007 : analyze verilog file ../../src/hdmi/enc_file/video_tpg_16801050p.enc.v
HDL-1007 : back to file '../../src/hdmi/enc_file/video_tpg_16801050p.enc.v' in ../../src/hdmi/enc_file/video_tpg_16801050p.enc.v(209)
HDL-1007 : analyze verilog file ../../src/hdmi/enc_file/video_tpg_800600.enc.v
HDL-1007 : back to file '../../src/hdmi/enc_file/video_tpg_800600.enc.v' in ../../src/hdmi/enc_file/video_tpg_800600.enc.v(211)
HDL-1007 : analyze VHDL file ../../src/hdmi/hdmi_tx.vhd
HDL-1007 : analyze entity hdmi_tx in ../../src/hdmi/hdmi_tx.vhd(11)
HDL-1007 : analyze architecture behavioral in ../../src/hdmi/hdmi_tx.vhd(33)
HDL-1007 : analyze verilog file ../../src/sdram/enc_file/sdr_init_ref.enc.v
HDL-1007 : analyze included file E:\projects\2023_10_10_HX4S20_test\HX4S20_OV5640_check\HX4S20_OV5640\/./src/sdram/enc_file/global_def.v in ../../src/sdram/enc_file/sdr_init_ref.enc.v(11)
HDL-1007 : back to file '../../src/sdram/enc_file/sdr_init_ref.enc.v' in ../../src/sdram/enc_file/sdr_init_ref.enc.v(11)
HDL-1007 : undeclared symbol '**', assumed default net type '**' in encrypted_text(0)
HDL-1007 : back to file '../../src/sdram/enc_file/sdr_init_ref.enc.v' in ../../src/sdram/enc_file/sdr_init_ref.enc.v(243)
HDL-5007 WARNING: concatenation with an unsized literal will be treated as 32 bits in encrypted_text(0)
HDL-1007 : analyze verilog file ../../src/ov5640/cmos_capture_data.v
HDL-1007 : analyze verilog file ../../src/ov5640/i2c_dri.v
HDL-1007 : analyze verilog file ../../src/ov5640/i2c_ov5640_rgb565_cfg.v
HDL-1007 : analyze verilog file ../../src/ov5640/ov5640_dri.v
HDL-1007 : analyze verilog file ../../src/ov5640/ov5640_delay.v
RUN-1001 : Project manager successfully analyzed 34 source files.
RUN-1002 : start command "import_device eagle_s20.db -package EG4S20BG256"
ARC-1001 : Device Initialization.
ARC-1001 : ------------------------------------------------------------------
ARC-1001 :            OPTION            |          IO          |   SETTING   
ARC-1001 : ------------------------------------------------------------------
ARC-1001 :   cso_b/cclk/mosi/miso/dout  |  T3/R11/T10/P10/S11  |    gpio    
ARC-1001 :             done             |         P13          |    gpio    
ARC-1001 :           program_b          |          T2          |  dedicate  
ARC-1001 :        tdi/tms/tck/tdo       |   C12/A15/C14/E14    |  dedicate  
ARC-1001 : ------------------------------------------------------------------
ARC-1004 : Device setting, marked 5 dedicate IOs in total.
RUN-1002 : start command "elaborate -top top"
RUN-1001 : Print Design Property
RUN-1001 : --------------------------------------------------------------
RUN-1001 :        Parameters       |  Settings  |  Default Values  |  Note  
RUN-1001 : --------------------------------------------------------------
RUN-1001 :   default_reg_initial   |    auto    |       auto       |        
RUN-1001 :        infer_add        |     on     |        on        |        
RUN-1001 :        infer_fsm        |    off     |       off        |        
RUN-1001 :        infer_mult       |     on     |        on        |        
RUN-1001 :        infer_ram        |     on     |        on        |        
RUN-1001 :        infer_reg        |     on     |        on        |        
RUN-1001 :   infer_reg_init_value  |     on     |        on        |        
RUN-1001 :        infer_rom        |     on     |        on        |        
RUN-1001 :      infer_shifter      |     on     |        on        |        
RUN-1001 : --------------------------------------------------------------
RUN-1001 : Print Rtl Property
RUN-1001 : --------------------------------------------------------------
RUN-1001 :        Parameters       |  Settings  |  Default Values  |  Note  
RUN-1001 : --------------------------------------------------------------
RUN-1001 :       compress_add      |   ripple   |      ripple      |        
RUN-1001 :        elf_sload        |    off     |       off        |        
RUN-1001 :       fix_undriven      |     0      |        0         |        
RUN-1001 :         flatten         |    off     |       off        |        
RUN-1001 :       gate_sharing      |     on     |        on        |        
RUN-1001 :    hdl_warning_level    |   normal   |      normal      |        
RUN-1001 :   impl_internal_tribuf  |     on     |        on        |        
RUN-1001 :      impl_set_reset     |     on     |        on        |        
RUN-1001 :        infer_gsr        |    off     |       off        |        
RUN-1001 :      keep_hierarchy     |    auto    |       auto       |        
RUN-1001 :        max_fanout       |    9999    |       9999       |        
RUN-1001 :      max_oh2bin_len     |     10     |        10        |        
RUN-1001 :       merge_equal       |     on     |        on        |        
RUN-1001 :       merge_equiv       |     on     |        on        |        
RUN-1001 :        merge_mux        |    off     |       off        |        
RUN-1001 :     min_control_set     |     8      |        8         |        
RUN-1001 :      min_ripple_len     |    auto    |       auto       |        
RUN-1001 :       oh2bin_ratio      |    0.08    |       0.08       |        
RUN-1001 :     opt_adder_fanout    |     on     |        on        |        
RUN-1001 :        opt_arith        |     on     |        on        |        
RUN-1001 :       opt_big_gate      |    off     |       off        |        
RUN-1001 :        opt_const        |     on     |        on        |        
RUN-1001 :      opt_const_mult     |     on     |        on        |        
RUN-1001 :       opt_lessthan      |     on     |        on        |        
RUN-1001 :         opt_mux         |    off     |       off        |        
RUN-1001 :         opt_ram         |    high    |       high       |        
RUN-1001 :      rtl_sim_model      |    off     |       off        |        
RUN-1001 :         seq_syn         |     on     |        on        |        
RUN-1001 : --------------------------------------------------------------
RUN-1001 : Print Global Property
RUN-1001 : ---------------------------------------------------------------
RUN-1001 :        Parameters        |  Settings  |  Default Values  |  Note  
RUN-1001 : ---------------------------------------------------------------
RUN-1001 :          message         |  standard  |     standard     |        
RUN-1001 :   mixed_pack_place_flow  |     on     |        on        |        
RUN-1001 :        qor_monitor       |    off     |       off        |        
RUN-1001 :        syn_ip_flow       |    off     |       off        |        
RUN-1001 :          thread          |    auto    |       auto       |        
RUN-1001 : ---------------------------------------------------------------
RUN-1001 : Print Design Property
RUN-1001 : --------------------------------------------------------------
RUN-1001 :        Parameters       |  Settings  |  Default Values  |  Note  
RUN-1001 : --------------------------------------------------------------
RUN-1001 :   default_reg_initial   |    auto    |       auto       |        
RUN-1001 :        infer_add        |     on     |        on        |        
RUN-1001 :        infer_fsm        |    off     |       off        |        
RUN-1001 :        infer_mult       |     on     |        on        |        
RUN-1001 :        infer_ram        |     on     |        on        |        
RUN-1001 :        infer_reg        |     on     |        on        |        
RUN-1001 :   infer_reg_init_value  |     on     |        on        |        
RUN-1001 :        infer_rom        |     on     |        on        |        
RUN-1001 :      infer_shifter      |     on     |        on        |        
RUN-1001 : --------------------------------------------------------------
HDL-1007 : port 'cam_init_done' remains unconnected for this instance in ../../src/top.v(112)
HDL-1007 : elaborate module top in ../../src/top.v(1)
HDL-1007 : elaborate module sys_pll in ../../al_ip/sys_pll.v(23)
HDL-1007 : elaborate module EG_LOGIC_BUFG in E:/software/Anlogic/TD_5.6.5_Release_119.222/arch/eagle_macro.v(8)
HDL-1007 : elaborate module EG_PHY_PLL(FIN="50.000000",REFCLK_DIV=2,FBCLK_DIV=5,CLKC0_DIV=8,CLKC1_DIV=8,CLKC0_ENABLE="ENABLE",CLKC1_ENABLE="ENABLE",FEEDBK_PATH="CLKC0_EXT",STDBY_ENABLE="DISABLE",CLKC0_CPHASE=7,CLKC1_CPHASE=3,GMC_GAIN=2,ICP_CURRENT=24,KVCO=2,LPF_CAPACITOR=1,LPF_RESISTOR=4,SYNC_ENABLE="DISABLE") in E:/software/Anlogic/TD_5.6.5_Release_119.222/arch/eagle_macro.v(964)
HDL-1007 : elaborate module video_pll in ../../al_ip/video_pll.v(23)
HDL-1007 : elaborate module EG_PHY_PLL(FIN="50.000000",REFCLK_DIV=3,FBCLK_DIV=4,CLKC0_DIV=15,CLKC1_DIV=3,CLKC0_ENABLE="ENABLE",CLKC1_ENABLE="ENABLE",FEEDBK_PATH="CLKC0_EXT",STDBY_ENABLE="DISABLE",CLKC0_CPHASE=14,CLKC1_CPHASE=2,GMC_GAIN=0,ICP_CURRENT=9,KVCO=2,LPF_CAPACITOR=2,LPF_RESISTOR=8,SYNC_ENABLE="DISABLE") in E:/software/Anlogic/TD_5.6.5_Release_119.222/arch/eagle_macro.v(964)
HDL-1007 : port 'i2c_ack' remains unconnected for this instance in ../../src/ov5640/ov5640_dri.v(94)
HDL-1007 : elaborate module ov5640_dri in ../../src/ov5640/ov5640_dri.v(24)
HDL-1007 : elaborate module i2c_ov5640_rgb565_cfg in ../../src/ov5640/i2c_ov5640_rgb565_cfg.v(24)
HDL-1007 : elaborate module i2c_dri(SLAVE_ADDR=7'b0111100,CLK_FREQ=27'b010111110101111000010000000) in ../../src/ov5640/i2c_dri.v(24)
HDL-1007 : elaborate module cmos_capture_data in ../../src/ov5640/cmos_capture_data.v(23)
HDL-5007 WARNING: actual bit length 11 differs from formal bit length 13 for port 'cmos_h_pixel' in ../../src/top.v(126)
HDL-5007 WARNING: actual bit length 11 differs from formal bit length 13 for port 'cmos_v_pixel' in ../../src/top.v(127)
HDL-5007 WARNING: actual bit length 12 differs from formal bit length 13 for port 'total_h_pixel' in ../../src/top.v(128)
HDL-5007 WARNING: actual bit length 12 differs from formal bit length 13 for port 'total_v_pixel' in ../../src/top.v(129)
HDL-1007 : elaborate module ov5640_delay in ../../src/ov5640/ov5640_delay.v(1)
HDL-1007 : elaborate module video_timing_data in ../../src/video_timing_data.v(1)
HDL-1007 : elaborate module color_bar in ../../src/color_bar.v(3)
HDL-1007 : elaborate module video_delay in ../../src/video_delay.v(1)
HDL-1007 : switch to vhdl to elaborate module hdmi_tx in ../../src/top.v(182)
HDL-1007 : elaborate hdmi_tx(1,3)(Behavioral) in ../../src/hdmi/hdmi_tx.vhd(11)
HDL-1007 : elaborate DVITransmitter(1,3)(Behavioral) in ../../src/hdmi/enc_file/DVITransmitter.enc.vhd(13)
HDL-1007 : elaborate **(**) in encrypted_text(0)
HDL-1007 : elaborate **(**) in encrypted_text(0)
HDL-1007 : elaborate EG_LOGIC_ODDR(1,6)(rtl) in E:/software/Anlogic/TD_5.6.5_Release_119.222/arch/eagle_macro.vhd(1379)
HDL-1007 : elaborate **(**) in encrypted_text(0)
HDL-1007 : back to vlog to elaborate in ../../src/top.v(182)
HDL-1007 : port 'valid' remains unconnected for this instance in ../../src/frame_read_write.v(88)
HDL-1007 : port 'afull' remains unconnected for this instance in ../../src/frame_read_write.v(88)
HDL-1007 : port 'aempty' remains unconnected for this instance in ../../src/frame_read_write.v(88)
HDL-1007 : port 'valid' remains unconnected for this instance in ../../src/frame_read_write.v(136)
HDL-1007 : port 'afull' remains unconnected for this instance in ../../src/frame_read_write.v(136)
HDL-1007 : port 'aempty' remains unconnected for this instance in ../../src/frame_read_write.v(136)
HDL-1007 : elaborate module frame_read_write in ../../src/frame_read_write.v(2)
HDL-1007 : port 'doa' remains unconnected for this instance in ../../al_ip/afifo_16_32_256.v(226)
HDL-1007 : port 'dib' remains unconnected for this instance in ../../al_ip/afifo_16_32_256.v(226)
HDL-1007 : elaborate module wfifo_32_32_512 in ../../al_ip/afifo_16_32_256.v(13)
HDL-1007 : elaborate module fifo_cross_domain_addr_process_al_wfifo_32_32_512 in ../../al_ip/afifo_16_32_256.v(250)
HDL-1007 : elaborate module ram_infer_wfifo_32_32_512(ADDRWIDTH_A=9,DATAWIDTH_B=32,ADDRWIDTH_B=9) in ../../al_ip/afifo_16_32_256.v(333)
HDL-1007 : extracting RAM for identifier 'memory' in ../../al_ip/afifo_16_32_256.v(398)
HDL-5007 WARNING: input port 'dib[31]' is not connected on this instance in ../../al_ip/afifo_16_32_256.v(231)
HDL-1007 : elaborate module frame_fifo_write(BURST_SIZE=256) in ../../src/frame_fifo_write.v(2)
HDL-5007 WARNING: actual bit length 9 differs from formal bit length 10 for port 'rdusedw' in ../../src/frame_read_write.v(132)
HDL-1007 : port 'doa' remains unconnected for this instance in ../../al_ip/afifo_32_16_256.v(226)
HDL-1007 : port 'dib' remains unconnected for this instance in ../../al_ip/afifo_32_16_256.v(226)
HDL-1007 : elaborate module rfifo_32_32_512 in ../../al_ip/afifo_32_16_256.v(13)
HDL-1007 : elaborate module fifo_cross_domain_addr_process_al_rfifo_32_32_512 in ../../al_ip/afifo_32_16_256.v(250)
HDL-1007 : elaborate module ram_infer_rfifo_32_32_512(ADDRWIDTH_A=9,DATAWIDTH_B=32,ADDRWIDTH_B=9) in ../../al_ip/afifo_32_16_256.v(333)
HDL-1007 : extracting RAM for identifier 'memory' in ../../al_ip/afifo_32_16_256.v(398)
HDL-5007 WARNING: input port 'dib[31]' is not connected on this instance in ../../al_ip/afifo_32_16_256.v(231)
HDL-1007 : elaborate module frame_fifo_read(BURST_SIZE=256) in ../../src/frame_fifo_read.v(2)
HDL-5007 WARNING: actual bit length 9 differs from formal bit length 10 for port 'wrusedw' in ../../src/frame_read_write.v(181)
HDL-5007 WARNING: actual bit length 24 differs from formal bit length 21 for port 'read_addr_0' in ../../src/top.v(221)
HDL-5007 WARNING: actual bit length 24 differs from formal bit length 21 for port 'read_addr_1' in ../../src/top.v(222)
HDL-5007 WARNING: actual bit length 24 differs from formal bit length 21 for port 'read_addr_2' in ../../src/top.v(223)
HDL-5007 WARNING: actual bit length 24 differs from formal bit length 21 for port 'read_addr_3' in ../../src/top.v(224)
HDL-5007 WARNING: actual bit length 24 differs from formal bit length 21 for port 'read_len' in ../../src/top.v(226)
HDL-5007 WARNING: actual bit length 24 differs from formal bit length 21 for port 'write_addr_0' in ../../src/top.v(239)
HDL-5007 WARNING: actual bit length 24 differs from formal bit length 21 for port 'write_addr_1' in ../../src/top.v(240)
HDL-5007 WARNING: actual bit length 24 differs from formal bit length 21 for port 'write_addr_2' in ../../src/top.v(241)
HDL-5007 WARNING: actual bit length 24 differs from formal bit length 21 for port 'write_addr_3' in ../../src/top.v(242)
HDL-5007 Similar messages will be suppressed.
HDL-1007 : elaborate module sdram in ../../src/sdram/sdram.v(12)
HDL-1007 : elaborate module sdr_as_ram(self_refresh_open=1'b1) in ../../src/sdram/enc_file/sdr_as_ram.enc.v(12)
HDL-5007 WARNING: concatenation with an unsized literal will be treated as 32 bits in encrypted_text(0)
HDL-1007 : elaborate module sdr_init_ref(self_refresh_open=1'b1) in ../../src/sdram/enc_file/sdr_init_ref.enc.v(13)
HDL-5007 WARNING: concatenation with an unsized literal will be treated as 32 bits in encrypted_text(0)
HDL-1007 : elaborate module ** in encrypted_text(0)
HDL-5007 WARNING: input port '**' is not connected on this instance in encrypted_text(0)
HDL-1007 : elaborate module EG_PHY_SDRAM_2M_32 in E:/software/Anlogic/TD_5.6.5_Release_119.222/arch/eagle_macro.v(755)
HDL-5001 WARNING: Contains anonymous inst(s) and/or net(s) that have not been renamed
HDL-5001 WARNING: Contains anonymous inst(s) and/or net(s) that have not been renamed
HDL-5001 WARNING: Contains anonymous inst(s) and/or net(s) that have not been renamed
HDL-5001 WARNING: Contains anonymous inst(s) and/or net(s) that have not been renamed
HDL-5001 WARNING: Contains anonymous inst(s) and/or net(s) that have not been renamed
HDL-1200 : Current top model is top
HDL-5105 WARNING: Improper initial value, net "cnt_t[4]" initial value we do not reserve in encrypted_text(0) 
HDL-5105 WARNING: Improper initial value, net "cnt_t[3]" initial value we do not reserve in encrypted_text(0) 
HDL-5105 WARNING: Improper initial value, net "cnt_t[2]" initial value we do not reserve in encrypted_text(0) 
HDL-5105 WARNING: Improper initial value, net "cnt_t[1]" initial value we do not reserve in encrypted_text(0) 
HDL-5105 WARNING: Improper initial value, net "cnt_t[0]" initial value we do not reserve in encrypted_text(0) 
HDL-5105 WARNING: Improper initial value, net "dc_bias[4]" initial value we do not reserve in E:/software/Anlogic/TD_5.6.5_Release_119.222/arch/../packages/std_logic_arith.vhd(1071) 
HDL-5105 WARNING: Improper initial value, net "dc_bias[3]" initial value we do not reserve in E:/software/Anlogic/TD_5.6.5_Release_119.222/arch/../packages/std_logic_arith.vhd(1071) 
HDL-5105 WARNING: Improper initial value, net "dc_bias[2]" initial value we do not reserve in E:/software/Anlogic/TD_5.6.5_Release_119.222/arch/../packages/std_logic_arith.vhd(1071) 
HDL-5105 WARNING: Improper initial value, net "dc_bias[1]" initial value we do not reserve in E:/software/Anlogic/TD_5.6.5_Release_119.222/arch/../packages/std_logic_arith.vhd(1071) 
HDL-5105 WARNING: Improper initial value, net "dc_bias[0]" initial value we do not reserve in E:/software/Anlogic/TD_5.6.5_Release_119.222/arch/../packages/std_logic_arith.vhd(1071) 
HDL-1100 : Inferred 2 RAMs.
RUN-1002 : start command "read_adc ../../top.adc"
RUN-1002 : start command "set_pin_assignment  HDMI_CLK_P   LOCATION = K1; IOSTANDARD = LVDS33; DRIVESTRENGTH = 8; PULLTYPE = NONE; "
USR-8059 ERROR: Invalid attribute/value DRIVESTRENGTH/8 for pin HDMI_CLK_P, valid values are .
USR-8168 ERROR: Line: 1, set_pin_assignment	{ HDMI_CLK_P }	{ LOCATION = K1; IOSTANDARD = LVDS33; DRIVESTRENGTH = 8; PULLTYPE = NONE; } is not a valid ADC command.
RUN-1002 : start command "backup_run_log run.log ../.logs/syn_1/td_20250627_135441.log"
