============================================================
   Tang Dynasty, V5.6.71036
      Copyright (c) 2012-2023 Anlogic Inc.
   Executable = D:/Program/Anlogic/TD5.6.2/bin/td.exe
   Built at =   20:34:38 Mar 21 2023
   Run by =     28408
   Run Date =   Tue Dec 12 18:47:52 2023

   Run on =     DESKTOP-T1B5OP5
============================================================
RUN-1002 : start command "open_project pic_sdram.prj"
RUN-1001 : Print Global Property
RUN-1001 : ---------------------------------------------------------------
RUN-1001 :        Parameters        |  Settings  |  Default Values  |  Note  
RUN-1001 : ---------------------------------------------------------------
RUN-1001 :          message         |  standard  |     standard     |        
RUN-1001 :   mixed_pack_place_flow  |     on     |        on        |        
RUN-1001 :        qor_monitor       |    off     |       off        |        
RUN-1001 :        syn_ip_flow       |    off     |       off        |        
RUN-1001 :          thread          |    auto    |       auto       |        
RUN-1001 : ---------------------------------------------------------------
RUN-1001 : Print Design Property
RUN-1001 : --------------------------------------------------------------
RUN-1001 :        Parameters       |  Settings  |  Default Values  |  Note  
RUN-1001 : --------------------------------------------------------------
RUN-1001 :   default_reg_initial   |    auto    |       auto       |        
RUN-1001 :        infer_add        |     on     |        on        |        
RUN-1001 :        infer_fsm        |    off     |       off        |        
RUN-1001 :        infer_mult       |     on     |        on        |        
RUN-1001 :        infer_ram        |     on     |        on        |        
RUN-1001 :        infer_reg        |     on     |        on        |        
RUN-1001 :   infer_reg_init_value  |     on     |        on        |        
RUN-1001 :        infer_rom        |     on     |        on        |        
RUN-1001 :      infer_shifter      |     on     |        on        |        
RUN-1001 : --------------------------------------------------------------
RUN-1001 : Print Rtl Property
RUN-1001 : --------------------------------------------------------------
RUN-1001 :        Parameters       |  Settings  |  Default Values  |  Note  
RUN-1001 : --------------------------------------------------------------
RUN-1001 :       compress_add      |   ripple   |      ripple      |        
RUN-1001 :        elf_sload        |    off     |       off        |        
RUN-1001 :       fix_undriven      |     0      |        0         |        
RUN-1001 :         flatten         |    off     |       off        |        
RUN-1001 :       gate_sharing      |     on     |        on        |        
RUN-1001 :    hdl_warning_level    |   normal   |      normal      |        
RUN-1001 :   impl_internal_tribuf  |     on     |        on        |        
RUN-1001 :      impl_set_reset     |     on     |        on        |        
RUN-1001 :        infer_gsr        |    off     |       off        |        
RUN-1001 :      keep_hierarchy     |    auto    |       auto       |        
RUN-1001 :        max_fanout       |    9999    |       9999       |        
RUN-1001 :      max_oh2bin_len     |     10     |        10        |        
RUN-1001 :       merge_equal       |     on     |        on        |        
RUN-1001 :       merge_equiv       |     on     |        on        |        
RUN-1001 :        merge_mux        |    off     |       off        |        
RUN-1001 :     min_control_set     |     8      |        8         |        
RUN-1001 :      min_ripple_len     |    auto    |       auto       |        
RUN-1001 :       oh2bin_ratio      |    0.08    |       0.08       |        
RUN-1001 :     opt_adder_fanout    |     on     |        on        |        
RUN-1001 :        opt_arith        |     on     |        on        |        
RUN-1001 :       opt_big_gate      |    off     |       off        |        
RUN-1001 :        opt_const        |     on     |        on        |        
RUN-1001 :      opt_const_mult     |     on     |        on        |        
RUN-1001 :       opt_lessthan      |     on     |        on        |        
RUN-1001 :         opt_mux         |    off     |       off        |        
RUN-1001 :         opt_ram         |    high    |       high       |        
RUN-1001 :      rtl_sim_model      |    off     |       off        |        
RUN-1001 :         seq_syn         |     on     |        on        |        
RUN-1001 : --------------------------------------------------------------
HDL-1007 : analyze verilog file ../../al_ip/sys_pll.v
HDL-1007 : undeclared symbol 'open', assumed default net type 'wire' in ../../al_ip/sys_pll.v(77)
HDL-1007 : analyze verilog file ../../al_ip/video_pll.v
HDL-1007 : undeclared symbol 'open', assumed default net type 'wire' in ../../al_ip/video_pll.v(63)
HDL-1007 : analyze verilog file ../../al_ip/afifo_16_256.v
HDL-1007 : analyze verilog file ../../al_ip/sdram.v
HDL-1007 : analyze verilog file ../../Qspi_master.v
HDL-1007 : analyze verilog file ../../flash_cmd.v
HDL-1007 : analyze verilog file ../../flash_reader.v
HDL-1007 : analyze verilog file ../../flash_step.v
HDL-1007 : analyze verilog file ../../flash_write_read.v
HDL-1007 : analyze verilog file ../../flash_writer.v
HDL-1007 : analyze verilog file ../../sys_state_ctrl.v
HDL-1007 : analyze verilog file ../../src/ax_debounce.v
HDL-1007 : analyze verilog file ../../src/bmp_read.v
HDL-1007 : analyze verilog file ../../src/color_bar.v
HDL-1007 : analyze included file ../../src/video_define.v in ../../src/color_bar.v(2)
HDL-1007 : back to file '../../src/color_bar.v' in ../../src/color_bar.v(2)
HDL-1007 : analyze verilog file ../../src/frame_fifo_read.v
HDL-1007 : undeclared symbol 'read_busy', assumed default net type 'wire' in ../../src/frame_fifo_read.v(55)
HDL-1007 : analyze verilog file ../../src/frame_fifo_write.v
HDL-1007 : undeclared symbol 'write_busy', assumed default net type 'wire' in ../../src/frame_fifo_write.v(53)
HDL-1007 : analyze verilog file ../../src/frame_read_write.v
HDL-1007 : analyze verilog file ../../src/sd_card/sd_card_cmd.v
HDL-1007 : analyze verilog file ../../src/sd_card/sd_card_sec_read_write.v
HDL-1007 : analyze verilog file ../../src/sd_card/sd_card_top.v
HDL-1007 : analyze verilog file ../../src/sd_card/spi_master.v
HDL-1007 : analyze verilog file ../../src/sd_card_bmp.v
HDL-1007 : analyze verilog file ../../src/sdram/sdram_core.v
HDL-1007 : analyze verilog file ../../src/seg_decoder.v
HDL-1007 : analyze verilog file ../../src/seg_scan.v
HDL-1007 : analyze verilog file ../../src/top.v
HDL-1007 : analyze verilog file ../../src/video_timing_data.v
RUN-1001 : Project manager successfully analyzed 28 source files.
RUN-1002 : start command "import_device eagle_s20.db -package EG4S20BG256"
ARC-1001 : Device Initialization.
ARC-1001 : ------------------------------------------------------------------
ARC-1001 :            OPTION            |          IO          |   SETTING   
ARC-1001 : ------------------------------------------------------------------
ARC-1001 :   cso_b/cclk/mosi/miso/dout  |  T3/R11/T10/P10/S11  |    gpio    
ARC-1001 :             done             |         P13          |    gpio    
ARC-1001 :           program_b          |          T2          |  dedicate  
ARC-1001 :        tdi/tms/tck/tdo       |   C12/A15/C14/E14    |  dedicate  
ARC-1001 : ------------------------------------------------------------------
ARC-1004 : Device setting, marked 5 dedicate IOs in total.
RUN-1002 : start command "elaborate -top top"
RUN-1001 : Print Design Property
RUN-1001 : --------------------------------------------------------------
RUN-1001 :        Parameters       |  Settings  |  Default Values  |  Note  
RUN-1001 : --------------------------------------------------------------
RUN-1001 :   default_reg_initial   |    auto    |       auto       |        
RUN-1001 :        infer_add        |     on     |        on        |        
RUN-1001 :        infer_fsm        |    off     |       off        |        
RUN-1001 :        infer_mult       |     on     |        on        |        
RUN-1001 :        infer_ram        |     on     |        on        |        
RUN-1001 :        infer_reg        |     on     |        on        |        
RUN-1001 :   infer_reg_init_value  |     on     |        on        |        
RUN-1001 :        infer_rom        |     on     |        on        |        
RUN-1001 :      infer_shifter      |     on     |        on        |        
RUN-1001 : --------------------------------------------------------------
RUN-1001 : Print Rtl Property
RUN-1001 : --------------------------------------------------------------
RUN-1001 :        Parameters       |  Settings  |  Default Values  |  Note  
RUN-1001 : --------------------------------------------------------------
RUN-1001 :       compress_add      |   ripple   |      ripple      |        
RUN-1001 :        elf_sload        |    off     |       off        |        
RUN-1001 :       fix_undriven      |     0      |        0         |        
RUN-1001 :         flatten         |    off     |       off        |        
RUN-1001 :       gate_sharing      |     on     |        on        |        
RUN-1001 :    hdl_warning_level    |   normal   |      normal      |        
RUN-1001 :   impl_internal_tribuf  |     on     |        on        |        
RUN-1001 :      impl_set_reset     |     on     |        on        |        
RUN-1001 :        infer_gsr        |    off     |       off        |        
RUN-1001 :      keep_hierarchy     |    auto    |       auto       |        
RUN-1001 :        max_fanout       |    9999    |       9999       |        
RUN-1001 :      max_oh2bin_len     |     10     |        10        |        
RUN-1001 :       merge_equal       |     on     |        on        |        
RUN-1001 :       merge_equiv       |     on     |        on        |        
RUN-1001 :        merge_mux        |    off     |       off        |        
RUN-1001 :     min_control_set     |     8      |        8         |        
RUN-1001 :      min_ripple_len     |    auto    |       auto       |        
RUN-1001 :       oh2bin_ratio      |    0.08    |       0.08       |        
RUN-1001 :     opt_adder_fanout    |     on     |        on        |        
RUN-1001 :        opt_arith        |     on     |        on        |        
RUN-1001 :       opt_big_gate      |    off     |       off        |        
RUN-1001 :        opt_const        |     on     |        on        |        
RUN-1001 :      opt_const_mult     |     on     |        on        |        
RUN-1001 :       opt_lessthan      |     on     |        on        |        
RUN-1001 :         opt_mux         |    off     |       off        |        
RUN-1001 :         opt_ram         |    high    |       high       |        
RUN-1001 :      rtl_sim_model      |    off     |       off        |        
RUN-1001 :         seq_syn         |     on     |        on        |        
RUN-1001 : --------------------------------------------------------------
RUN-1001 : Print Global Property
RUN-1001 : ---------------------------------------------------------------
RUN-1001 :        Parameters        |  Settings  |  Default Values  |  Note  
RUN-1001 : ---------------------------------------------------------------
RUN-1001 :          message         |  standard  |     standard     |        
RUN-1001 :   mixed_pack_place_flow  |     on     |        on        |        
RUN-1001 :        qor_monitor       |    off     |       off        |        
RUN-1001 :        syn_ip_flow       |    off     |       off        |        
RUN-1001 :          thread          |    auto    |       auto       |        
RUN-1001 : ---------------------------------------------------------------
RUN-1001 : Print Design Property
RUN-1001 : --------------------------------------------------------------
RUN-1001 :        Parameters       |  Settings  |  Default Values  |  Note  
RUN-1001 : --------------------------------------------------------------
RUN-1001 :   default_reg_initial   |    auto    |       auto       |        
RUN-1001 :        infer_add        |     on     |        on        |        
RUN-1001 :        infer_fsm        |    off     |       off        |        
RUN-1001 :        infer_mult       |     on     |        on        |        
RUN-1001 :        infer_ram        |     on     |        on        |        
RUN-1001 :        infer_reg        |     on     |        on        |        
RUN-1001 :   infer_reg_init_value  |     on     |        on        |        
RUN-1001 :        infer_rom        |     on     |        on        |        
RUN-1001 :      infer_shifter      |     on     |        on        |        
RUN-1001 : --------------------------------------------------------------
HDL-1007 : elaborate module top in ../../src/top.v(1)
HDL-1007 : elaborate module sys_pll in ../../al_ip/sys_pll.v(24)
HDL-1007 : elaborate module EG_LOGIC_BUFG in D:/Program/Anlogic/TD5.6.2/arch/eagle_macro.v(8)
HDL-1007 : elaborate module EG_PHY_PLL(FIN="50.000",FBCLK_DIV=2,CLKC0_DIV=10,CLKC1_DIV=10,CLKC2_DIV=10,CLKC0_ENABLE="ENABLE",CLKC1_ENABLE="ENABLE",CLKC2_ENABLE="ENABLE",FEEDBK_PATH="CLKC0_EXT",STDBY_ENABLE="DISABLE",CLKC0_CPHASE=9,CLKC1_CPHASE=9,CLKC2_CPHASE=9,GMC_GAIN=4,ICP_CURRENT=13,KVCO=4,LPF_CAPACITOR=1,LPF_RESISTOR=4,SYNC_ENABLE="DISABLE") in D:/Program/Anlogic/TD5.6.2/arch/eagle_macro.v(930)
HDL-1007 : elaborate module video_pll in ../../al_ip/video_pll.v(22)
HDL-1007 : elaborate module EG_PHY_PLL(FIN="50.000",REFCLK_DIV=2,CLKC0_DIV=40,CLKC0_ENABLE="ENABLE",FEEDBK_PATH="CLKC0_EXT",STDBY_ENABLE="DISABLE",CLKC0_CPHASE=39,GMC_GAIN=2,ICP_CURRENT=9,KVCO=2,LPF_CAPACITOR=1,LPF_RESISTOR=8,SYNC_ENABLE="DISABLE") in D:/Program/Anlogic/TD5.6.2/arch/eagle_macro.v(930)
HDL-1007 : elaborate module sys_state_ctrl in ../../sys_state_ctrl.v(1)
HDL-1007 : elaborate module ax_debounce in ../../src/ax_debounce.v(1)
HDL-1007 : elaborate module sd_card_bmp in ../../src/sd_card_bmp.v(1)
HDL-1007 : elaborate module bmp_read in ../../src/bmp_read.v(2)
HDL-1007 : elaborate module sd_card_top in ../../src/sd_card/sd_card_top.v(2)
HDL-1007 : elaborate module sd_card_sec_read_write in ../../src/sd_card/sd_card_sec_read_write.v(2)
HDL-1007 : elaborate module sd_card_cmd in ../../src/sd_card/sd_card_cmd.v(2)
HDL-1007 : elaborate module spi_master in ../../src/sd_card/spi_master.v(2)
HDL-5007 WARNING: input port 'sd_sec_write_data[7]' remains unconnected for this instance in ../../src/sd_card_bmp.v(60)
HDL-1007 : elaborate module flash_write_read in ../../flash_write_read.v(1)
HDL-1007 : elaborate module flash_reader in ../../flash_reader.v(1)
HDL-1007 : elaborate module flash_writer in ../../flash_writer.v(1)
HDL-1007 : elaborate module flash_cmd in ../../flash_cmd.v(1)
HDL-1007 : elaborate module flash_step in ../../flash_step.v(1)
HDL-1007 : elaborate module Qspi_master in ../../Qspi_master.v(1)
HDL-1007 : elaborate module seg_decoder in ../../src/seg_decoder.v(2)
HDL-1007 : elaborate module seg_scan in ../../src/seg_scan.v(2)
HDL-1007 : elaborate module video_timing_data in ../../src/video_timing_data.v(1)
HDL-1007 : elaborate module color_bar in ../../src/color_bar.v(3)
HDL-1007 : port 'valid' remains unconnected for this instance in ../../src/frame_read_write.v(59)
HDL-1007 : port 'afull' remains unconnected for this instance in ../../src/frame_read_write.v(59)
HDL-1007 : port 'aempty' remains unconnected for this instance in ../../src/frame_read_write.v(59)
HDL-1007 : port 'valid' remains unconnected for this instance in ../../src/frame_read_write.v(105)
HDL-1007 : port 'afull' remains unconnected for this instance in ../../src/frame_read_write.v(105)
HDL-1007 : port 'aempty' remains unconnected for this instance in ../../src/frame_read_write.v(105)
HDL-1007 : elaborate module frame_read_write in ../../src/frame_read_write.v(2)
HDL-1007 : port 'doa' remains unconnected for this instance in ../../al_ip/afifo_16_256.v(261)
HDL-1007 : port 'dib' remains unconnected for this instance in ../../al_ip/afifo_16_256.v(261)
HDL-1007 : elaborate module afifo_16_256 in ../../al_ip/afifo_16_256.v(26)
HDL-1007 : elaborate module fifo_cross_domain_addr_process_al_afifo_16_256(ADDR_WIDTH=8) in ../../al_ip/afifo_16_256.v(290)
HDL-1007 : elaborate module ram_infer_afifo_16_256(DATAWIDTH_A=16,ADDRWIDTH_A=8,DATAWIDTH_B=16,ADDRWIDTH_B=8) in ../../al_ip/afifo_16_256.v(378)
HDL-1007 : extracting RAM for identifier 'memory' in ../../al_ip/afifo_16_256.v(443)
HDL-5007 WARNING: input port 'dib[15]' is not connected on this instance in ../../al_ip/afifo_16_256.v(266)
HDL-1007 : elaborate module frame_fifo_write(MEM_DATA_BITS=16,ADDR_BITS=22) in ../../src/frame_fifo_write.v(2)
HDL-1007 : elaborate module frame_fifo_read(MEM_DATA_BITS=16,ADDR_BITS=22) in ../../src/frame_fifo_read.v(2)
HDL-5007 WARNING: actual bit length 24 differs from formal bit length 22 for port 'rd_burst_addr' in ../../src/top.v(303)
HDL-5007 WARNING: actual bit length 24 differs from formal bit length 22 for port 'read_addr_0' in ../../src/top.v(312)
HDL-5007 WARNING: actual bit length 24 differs from formal bit length 22 for port 'read_addr_1' in ../../src/top.v(313)
HDL-5007 WARNING: actual bit length 24 differs from formal bit length 22 for port 'read_addr_2' in ../../src/top.v(314)
HDL-5007 WARNING: actual bit length 24 differs from formal bit length 22 for port 'read_addr_3' in ../../src/top.v(315)
HDL-5007 WARNING: actual bit length 24 differs from formal bit length 22 for port 'wr_burst_addr' in ../../src/top.v(323)
HDL-5007 WARNING: actual bit length 24 differs from formal bit length 22 for port 'write_addr_0' in ../../src/top.v(332)
HDL-5007 WARNING: actual bit length 24 differs from formal bit length 22 for port 'write_addr_1' in ../../src/top.v(333)
HDL-5007 WARNING: actual bit length 24 differs from formal bit length 22 for port 'write_addr_2' in ../../src/top.v(334)
HDL-5007 WARNING: actual bit length 24 differs from formal bit length 22 for port 'write_addr_3' in ../../src/top.v(335)
HDL-1007 : elaborate module sdram_core in ../../src/sdram/sdram_core.v(2)
HDL-5007 WARNING: actual bit length 10 differs from formal bit length 9 for port 'rd_burst_len' in ../../src/top.v(397)
HDL-5007 WARNING: actual bit length 24 differs from formal bit length 22 for port 'rd_burst_addr' in ../../src/top.v(398)
HDL-5007 WARNING: actual bit length 10 differs from formal bit length 9 for port 'wr_burst_len' in ../../src/top.v(403)
HDL-5007 WARNING: actual bit length 24 differs from formal bit length 22 for port 'wr_burst_addr' in ../../src/top.v(404)
HDL-1007 : elaborate module sdram in ../../al_ip/sdram.v(14)
HDL-1007 : elaborate module EG_PHY_SDRAM_2M_32 in D:/Program/Anlogic/TD5.6.2/arch/eagle_macro.v(721)
HDL-5007 WARNING: net 'flash_read_req_ack' does not have a driver in ../../src/top.v(81)
HDL-5007 WARNING: net 'flash_read_data[15]' does not have a driver in ../../src/top.v(83)
HDL-5007 WARNING: net 'flash_write_req_ack' does not have a driver in ../../src/top.v(88)
HDL-5007 WARNING: net 'flash_rd_burst_req' does not have a driver in ../../src/top.v(116)
HDL-5007 WARNING: net 'flash_wr_burst_req' does not have a driver in ../../src/top.v(117)
HDL-5007 WARNING: net 'flash_rd_burst_len[9]' does not have a driver in ../../src/top.v(118)
HDL-5007 WARNING: net 'flash_wr_burst_len[9]' does not have a driver in ../../src/top.v(119)
HDL-5007 WARNING: net 'flash_rd_burst_addr[23]' does not have a driver in ../../src/top.v(120)
HDL-5007 WARNING: net 'flash_wr_burst_addr[23]' does not have a driver in ../../src/top.v(121)
HDL-5007 WARNING: net 'flash_wr_burst_data[15]' does not have a driver in ../../src/top.v(124)
HDL-1200 : Current top model is top
HDL-1100 : Inferred 1 RAMs.
RUN-1002 : start command "export_db pic_sdram_elaborate.db"
RUN-1001 : Exported /
RUN-1001 : Exported flow parameters
RUN-1001 : Exported libs
RUN-1001 : Exported entities
RUN-1001 : Exported ports
RUN-1001 : Exported pins
RUN-1001 : Exported instances
RUN-1001 : Exported nets
RUN-1001 : Exported buses
RUN-1001 : Exported models
RUN-1001 : Exported congestions
RUN-1001 : Exported violations
RUN-1001 : Exported IO constraints
RUN-1001 : Exported Inst constraints
RUN-1002 : start command "read_adc ../../top.adc"
RUN-1002 : start command "set_pin_assignment  clk   LOCATION = R7; IOSTANDARD = LVCMOS33;  PULLTYPE = NONE;"
RUN-1002 : start command "set_pin_assignment  flash_cs_n   LOCATION = P8; IOSTANDARD = LVCMOS33;   "
RUN-1002 : start command "set_pin_assignment  flash_qspi_IO0   LOCATION = P7; IOSTANDARD = LVCMOS33;   PULLTYPE = NONE;"
RUN-1002 : start command "set_pin_assignment  flash_qspi_IO1   LOCATION = N8; IOSTANDARD = LVCMOS33;   PULLTYPE = NONE;"
RUN-1002 : start command "set_pin_assignment  flash_qspi_IO2   LOCATION = P9; IOSTANDARD = LVCMOS33;   PULLTYPE = NONE;"
RUN-1002 : start command "set_pin_assignment  flash_qspi_IO3   LOCATION = R9; IOSTANDARD = LVCMOS33;  PULLTYPE = NONE;"
RUN-1002 : start command "set_pin_assignment  flash_sck   LOCATION = M9; IOSTANDARD = LVCMOS33; "
RUN-1002 : start command "set_pin_assignment  key1   LOCATION = B2; IOSTANDARD = LVCMOS33;  PULLTYPE = NONE;"
RUN-1002 : start command "set_pin_assignment  key2   LOCATION = B1; IOSTANDARD = LVCMOS33; PULLTYPE = NONE;"
RUN-1002 : start command "set_pin_assignment  rst_n   LOCATION = A2; IOSTANDARD = LVCMOS33;  PULLTYPE = NONE;"
RUN-1002 : start command "set_pin_assignment  sd_dclk   LOCATION = A14; IOSTANDARD = LVCMOS33;  PULLTYPE = NONE;"
RUN-1002 : start command "set_pin_assignment  sd_miso   LOCATION = B14; IOSTANDARD = LVCMOS33;  PULLTYPE = NONE;"
RUN-1002 : start command "set_pin_assignment  sd_mosi   LOCATION = A13; IOSTANDARD = LVCMOS33;  PULLTYPE = NONE;"
RUN-1002 : start command "set_pin_assignment  sd_ncs   LOCATION = A12; IOSTANDARD = LVCMOS33;   PULLTYPE = NONE;"
RUN-1002 : start command "set_pin_assignment  seg_data[0]   LOCATION = C15; IOSTANDARD = LVCMOS33;  "
RUN-1002 : start command "set_pin_assignment  seg_data[1]   LOCATION = C16; IOSTANDARD = LVCMOS33;   "
RUN-1002 : start command "set_pin_assignment  seg_data[2]   LOCATION = B6; IOSTANDARD = LVCMOS33;   "
RUN-1002 : start command "set_pin_assignment  seg_data[3]   LOCATION = A5; IOSTANDARD = LVCMOS33;  "
RUN-1002 : start command "set_pin_assignment  seg_data[4]   LOCATION = B5; IOSTANDARD = LVCMOS33;   "
RUN-1002 : start command "set_pin_assignment  seg_data[5]   LOCATION = A8; IOSTANDARD = LVCMOS33;   "
RUN-1002 : start command "set_pin_assignment  seg_data[6]   LOCATION = A7; IOSTANDARD = LVCMOS33;  "
RUN-1002 : start command "set_pin_assignment  seg_data[7]   LOCATION = A6; IOSTANDARD = LVCMOS33;  "
RUN-1002 : start command "set_pin_assignment  seg_sel[0]   LOCATION = E12; IOSTANDARD = LVCMOS33;  "
RUN-1002 : start command "set_pin_assignment  seg_sel[1]   LOCATION = E10; IOSTANDARD = LVCMOS33;   "
RUN-1002 : start command "set_pin_assignment  seg_sel[2]   LOCATION = C13; IOSTANDARD = LVCMOS33;"
RUN-1002 : start command "set_pin_assignment  seg_sel[3]   LOCATION = F10; IOSTANDARD = LVCMOS33; "
RUN-1002 : start command "set_pin_assignment  seg_sel[4]   LOCATION = E11; IOSTANDARD = LVCMOS33;  "
RUN-1002 : start command "set_pin_assignment  seg_sel[5]   LOCATION = D11; IOSTANDARD = LVCMOS33;   "
RUN-1002 : start command "set_pin_assignment  switch1   LOCATION = C8; IOSTANDARD = LVCMOS33; PULLTYPE = NONE;"
RUN-1002 : start command "set_pin_assignment  vga_out_b[1]   LOCATION = F6; IOSTANDARD = LVCMOS33;  "
RUN-1002 : start command "set_pin_assignment  vga_out_b[2]   LOCATION = E6; IOSTANDARD = LVCMOS33; "
RUN-1002 : start command "set_pin_assignment  vga_out_b[3]   LOCATION = D6; IOSTANDARD = LVCMOS33;   "
RUN-1002 : start command "set_pin_assignment  vga_out_b[4]   LOCATION = D5; IOSTANDARD = LVCMOS33;  "
RUN-1002 : start command "set_pin_assignment  vga_out_g[2]   LOCATION = T5; IOSTANDARD = LVCMOS33;  "
RUN-1002 : start command "set_pin_assignment  vga_out_g[3]   LOCATION = P5; IOSTANDARD = LVCMOS33;   "
RUN-1002 : start command "set_pin_assignment  vga_out_g[4]   LOCATION = N5; IOSTANDARD = LVCMOS33;   "
RUN-1002 : start command "set_pin_assignment  vga_out_g[5]   LOCATION = N6; IOSTANDARD = LVCMOS33;   "
RUN-1002 : start command "set_pin_assignment  vga_out_hs   LOCATION = E7; IOSTANDARD = LVCMOS33;  "
RUN-1002 : start command "set_pin_assignment  vga_out_r[1]   LOCATION = R5; IOSTANDARD = LVCMOS33; "
RUN-1002 : start command "set_pin_assignment  vga_out_r[2]   LOCATION = L7; IOSTANDARD = LVCMOS33;  "
RUN-1002 : start command "set_pin_assignment  vga_out_r[3]   LOCATION = L8; IOSTANDARD = LVCMOS33;   "
RUN-1002 : start command "set_pin_assignment  vga_out_r[4]   LOCATION = E13; IOSTANDARD = LVCMOS33;  "
RUN-1002 : start command "set_pin_assignment  vga_out_vs   LOCATION = F7; IOSTANDARD = LVCMOS33;   "
RUN-1001 : Starting of IO setups legality check.
RUN-1001 : Starting of IO setups legality check.
RUN-1001 : Starting of IO vref setups legality check.
USR-6010 WARNING: ADC constraints: top model pin vga_out_b[0] has no constraint.
USR-6010 WARNING: ADC constraints: top model pin vga_out_g[1] has no constraint.
USR-6010 WARNING: ADC constraints: top model pin vga_out_g[0] has no constraint.
USR-6010 WARNING: ADC constraints: top model pin vga_out_r[0] has no constraint.
RUN-1002 : start command "optimize_rtl"
RUN-1001 : Open license file D:/Program/Anlogic/TD5.6.2/license/Anlogic.lic
RUN-1001 : Print Global Property
RUN-1001 : ---------------------------------------------------------------
RUN-1001 :        Parameters        |  Settings  |  Default Values  |  Note  
RUN-1001 : ---------------------------------------------------------------
RUN-1001 :          message         |  standard  |     standard     |        
RUN-1001 :   mixed_pack_place_flow  |     on     |        on        |        
RUN-1001 :        qor_monitor       |    off     |       off        |        
RUN-1001 :        syn_ip_flow       |    off     |       off        |        
RUN-1001 :          thread          |    auto    |       auto       |        
RUN-1001 : ---------------------------------------------------------------
RUN-1001 : Print Rtl Property
RUN-1001 : --------------------------------------------------------------
RUN-1001 :        Parameters       |  Settings  |  Default Values  |  Note  
RUN-1001 : --------------------------------------------------------------
RUN-1001 :       compress_add      |   ripple   |      ripple      |        
RUN-1001 :        elf_sload        |    off     |       off        |        
RUN-1001 :       fix_undriven      |     0      |        0         |        
RUN-1001 :         flatten         |    off     |       off        |        
RUN-1001 :       gate_sharing      |     on     |        on        |        
RUN-1001 :    hdl_warning_level    |   normal   |      normal      |        
RUN-1001 :   impl_internal_tribuf  |     on     |        on        |        
RUN-1001 :      impl_set_reset     |     on     |        on        |        
RUN-1001 :        infer_gsr        |    off     |       off        |        
RUN-1001 :      keep_hierarchy     |    auto    |       auto       |        
RUN-1001 :        max_fanout       |    9999    |       9999       |        
RUN-1001 :      max_oh2bin_len     |     10     |        10        |        
RUN-1001 :       merge_equal       |     on     |        on        |        
RUN-1001 :       merge_equiv       |     on     |        on        |        
RUN-1001 :        merge_mux        |    off     |       off        |        
RUN-1001 :     min_control_set     |     8      |        8         |        
RUN-1001 :      min_ripple_len     |    auto    |       auto       |        
RUN-1001 :       oh2bin_ratio      |    0.08    |       0.08       |        
RUN-1001 :     opt_adder_fanout    |     on     |        on        |        
RUN-1001 :        opt_arith        |     on     |        on        |        
RUN-1001 :       opt_big_gate      |    off     |       off        |        
RUN-1001 :        opt_const        |     on     |        on        |        
RUN-1001 :      opt_const_mult     |     on     |        on        |        
RUN-1001 :       opt_lessthan      |     on     |        on        |        
RUN-1001 :         opt_mux         |    off     |       off        |        
RUN-1001 :         opt_ram         |    high    |       high       |        
RUN-1001 :      rtl_sim_model      |    off     |       off        |        
RUN-1001 :         seq_syn         |     on     |        on        |        
RUN-1001 : --------------------------------------------------------------
SYN-1012 : SanityCheck: Model "top"
SYN-1012 : SanityCheck: Model "flash_write_read"
SYN-1012 : SanityCheck: Model "Qspi_master"
SYN-1012 : SanityCheck: Model "flash_cmd"
SYN-1012 : SanityCheck: Model "flash_step"
SYN-1012 : SanityCheck: Model "flash_reader"
SYN-1012 : SanityCheck: Model "flash_writer"
SYN-1012 : SanityCheck: Model "frame_read_write"
SYN-1012 : SanityCheck: Model "frame_fifo_read(MEM_DATA_BITS=16,ADDR_BITS=22)"
SYN-1012 : SanityCheck: Model "frame_fifo_write(MEM_DATA_BITS=16,ADDR_BITS=22)"
SYN-1012 : SanityCheck: Model "afifo_16_256"
SYN-1012 : SanityCheck: Model "ram_infer_afifo_16_256(DATAWIDTH_A=16,ADDRWIDTH_A=8,DATAWIDTH_B=16,ADDRWIDTH_B=8)"
SYN-1012 : SanityCheck: Model "fifo_cross_domain_addr_process_al_afifo_16_256(ADDR_WIDTH=8)"
SYN-1012 : SanityCheck: Model "sd_card_bmp"
SYN-1012 : SanityCheck: Model "ax_debounce"
SYN-1012 : SanityCheck: Model "bmp_read"
SYN-1012 : SanityCheck: Model "sd_card_top"
SYN-1012 : SanityCheck: Model "sd_card_cmd"
SYN-1012 : SanityCheck: Model "sd_card_sec_read_write"
SYN-1012 : SanityCheck: Model "spi_master"
SYN-1012 : SanityCheck: Model "sdram_core"
SYN-1012 : SanityCheck: Model "sdram"
SYN-1012 : SanityCheck: Model "seg_decoder"
SYN-1012 : SanityCheck: Model "seg_scan"
SYN-1012 : SanityCheck: Model "sys_pll"
SYN-1012 : SanityCheck: Model "sys_state_ctrl"
SYN-1012 : SanityCheck: Model "video_pll"
SYN-1012 : SanityCheck: Model "video_timing_data"
SYN-1012 : SanityCheck: Model "color_bar"
SYN-1043 : Mark video_pll as IO macro for instance bufg_feedback
SYN-1043 : Mark sys_pll as IO macro for instance bufg_feedback
SYN-1043 : Mark sdram_core as IO macro for instance sdram_dq_i
SYN-1043 : Mark Qspi_master as IO macro for instance qspi_IO0_i
SYN-1043 : Mark flash_write_read as IO macro for instance Qspi_master_m0
SYN-1011 : Flatten model top
SYN-1032 : 7800/2553 useful/useless nets, 1808/297 useful/useless insts
SYN-1016 : Merged 658 instances.
SYN-1025 : Merged 6 RAM ports.
SYN-1026 : Infer Logic BRAM(frame_read_write_m0/read_buf/ram_inst/ramread0_syn_6)
	 port mode: single dual port
	 port a size: 256 x 16	 write mode: NORMAL
	 port b size: 256 x 16	 write mode: READBEFOREWRITE
SYN-1026 : Infer Logic BRAM(frame_read_write_m0/write_buf/ram_inst/ramread0_syn_6)
	 port mode: single dual port
	 port a size: 256 x 16	 write mode: NORMAL
	 port b size: 256 x 16	 write mode: READBEFOREWRITE
SYN-1023 : Infer 0 Logic DRAMs, 2 Logic BRAMs.
SYN-1032 : 7254/1701 useful/useless nets, 1412/266 useful/useless insts
SYN-1016 : Merged 1459 instances.
SYN-5011 WARNING: Undriven pin: model "top" / inst "sd_card_bmp_m0/bmp_read_m0/mux3_syn_17" in ../../src/bmp_read.v(70) / pin "i0"
SYN-5011 WARNING: Undriven pin: model "top" / inst "sd_card_bmp_m0/bmp_read_m0/mux3_syn_17" in ../../src/bmp_read.v(70) / pin "i1"
SYN-5011 WARNING: Undriven pin: model "top" / inst "sd_card_bmp_m0/bmp_read_m0/mux4_syn_17" in ../../src/bmp_read.v(63) / pin "i0"
SYN-5011 WARNING: Undriven pin: model "top" / inst "sd_card_bmp_m0/bmp_read_m0/mux4_syn_17" in ../../src/bmp_read.v(63) / pin "i1"
SYN-5011 WARNING: Undriven pin: model "top" / inst "sd_card_bmp_m0/bmp_read_m0/reg10_syn_18" in ../../src/bmp_read.v(63) / pin "d"
SYN-5011 WARNING: Undriven pin: model "top" / inst "sd_card_bmp_m0/bmp_read_m0/sel3_syn_29" in ../../src/bmp_read.v(178) / pin "i1"
SYN-5011 WARNING: Undriven pin: model "top" / inst "sd_card_bmp_m0/bmp_read_m0/sel3_syn_33" in ../../src/bmp_read.v(178) / pin "i0"
SYN-5011 WARNING: Undriven pin: model "top" / inst "sd_card_bmp_m0/bmp_read_m0/sel3_syn_33" in ../../src/bmp_read.v(178) / pin "i1"
SYN-5011 WARNING: Undriven pin: model "top" / inst "sd_card_bmp_m0/bmp_read_m0/sel3_syn_37" in ../../src/bmp_read.v(178) / pin "i0"
SYN-5011 WARNING: Undriven pin: model "top" / inst "sd_card_bmp_m0/bmp_read_m0/sel3_syn_37" in ../../src/bmp_read.v(178) / pin "i1"
SYN-5011 Similar messages will be suppressed.
SYN-5013 WARNING: Undriven net: model "top" / net "flash_write_read_m0/read_data[0]" in ../../flash_write_read.v(16)
SYN-5014 WARNING: the net's pin: pin "i1" in ../../flash_writer.v(75)
SYN-5013 WARNING: Undriven net: model "top" / net "flash_write_read_m0/write_req_ack" in ../../flash_write_read.v(9)
SYN-5014 WARNING: the net's pin: pin "d" in ../../flash_reader.v(44)
SYN-5013 WARNING: Undriven net: model "top" / net "sd_card_bmp_m0/sd_card_top_m0/sd_card_cmd_m0/block_write_data[7]" in ../../src/sd_card/sd_card_cmd.v(17)
SYN-5014 WARNING: the net's pin: pin "i0" in ../../src/sd_card/sd_card_cmd.v(258)
SYN-5013 WARNING: Undriven net: model "top" / net "sd_card_bmp_m0/sd_card_top_m0/sd_card_cmd_m0/block_write_data[6]" in ../../src/sd_card/sd_card_cmd.v(17)
SYN-5014 WARNING: the net's pin: pin "i0" in ../../src/sd_card/sd_card_cmd.v(258)
SYN-5013 WARNING: Undriven net: model "top" / net "sd_card_bmp_m0/sd_card_top_m0/sd_card_cmd_m0/block_write_data[5]" in ../../src/sd_card/sd_card_cmd.v(17)
SYN-5014 WARNING: the net's pin: pin "i0" in ../../src/sd_card/sd_card_cmd.v(258)
SYN-5013 WARNING: Undriven net: model "top" / net "sd_card_bmp_m0/sd_card_top_m0/sd_card_cmd_m0/block_write_data[4]" in ../../src/sd_card/sd_card_cmd.v(17)
SYN-5014 WARNING: the net's pin: pin "i0" in ../../src/sd_card/sd_card_cmd.v(258)
SYN-5013 WARNING: Undriven net: model "top" / net "sd_card_bmp_m0/sd_card_top_m0/sd_card_cmd_m0/block_write_data[3]" in ../../src/sd_card/sd_card_cmd.v(17)
SYN-5014 WARNING: the net's pin: pin "i0" in ../../src/sd_card/sd_card_cmd.v(258)
SYN-5013 WARNING: Undriven net: model "top" / net "sd_card_bmp_m0/sd_card_top_m0/sd_card_cmd_m0/block_write_data[2]" in ../../src/sd_card/sd_card_cmd.v(17)
SYN-5014 WARNING: the net's pin: pin "i0" in ../../src/sd_card/sd_card_cmd.v(258)
SYN-5013 WARNING: Undriven net: model "top" / net "sd_card_bmp_m0/sd_card_top_m0/sd_card_cmd_m0/block_write_data[1]" in ../../src/sd_card/sd_card_cmd.v(17)
SYN-5014 WARNING: the net's pin: pin "i0" in ../../src/sd_card/sd_card_cmd.v(258)
SYN-5013 WARNING: Undriven net: model "top" / net "sd_card_bmp_m0/sd_card_top_m0/sd_card_cmd_m0/block_write_data[0]" in ../../src/sd_card/sd_card_cmd.v(17)
SYN-5014 WARNING: the net's pin: pin "i0" in ../../src/sd_card/sd_card_cmd.v(258)
SYN-5013 WARNING: Undriven net: model "top" / net "sys_state_ctrl_m0/flash_rd_burst_len[0]" in ../../sys_state_ctrl.v(49)
SYN-5014 WARNING: the net's pin: pin "i1" in ../../sys_state_ctrl.v(105)
SYN-5013 WARNING: Undriven net: model "top" / net "sys_state_ctrl_m0/flash_wr_burst_len[0]" in ../../sys_state_ctrl.v(57)
SYN-5014 WARNING: the net's pin: pin "i1" in ../../sys_state_ctrl.v(131)
SYN-5013 WARNING: Undriven net: model "top" / net "sys_state_ctrl_m0/flash_rd_burst_req" in ../../sys_state_ctrl.v(48)
SYN-5014 WARNING: the net's pin: pin "i1" in ../../sys_state_ctrl.v(102)
SYN-5013 WARNING: Undriven net: model "top" / net "sys_state_ctrl_m0/flash_wr_burst_req" in ../../sys_state_ctrl.v(55)
SYN-5014 WARNING: the net's pin: pin "i1" in ../../sys_state_ctrl.v(125)
SYN-5025 WARNING: Using 0 for all undriven pins and nets
SYN-1032 : 5861/149 useful/useless nets, 5212/300 useful/useless insts
SYN-1014 : Optimize round 1
SYN-1017 : Remove 7 const input seq instances
SYN-1002 :     flash_write_read_m0/flash_cmd_m0/flash_step_m0/reg1_syn_5
SYN-1002 :     flash_write_read_m0/flash_reader_m0/write_req_ack_d1_reg
SYN-1002 :     frame_read_write_m0/frame_fifo_read_m0/reg5_syn_10
SYN-1002 :     sd_card_bmp_m0/bmp_read_m0/reg9_syn_5
SYN-1002 :     seg_scan_m0/reg1_syn_18
SYN-1002 :     seg_scan_m0/reg2_syn_9
SYN-1002 :     frame_read_write_m0/frame_fifo_read_m0/reg6_syn_10
SYN-1018 : Transformed 1 mux instances.
SYN-1019 : Optimized 25 mux instances.
SYN-1021 : Optimized 118 onehot mux instances.
SYN-1020 : Optimized 441 distributor mux.
SYN-1001 : Optimize 10 less-than instances
SYN-1019 : Optimized 78 mux instances.
SYN-1016 : Merged 1192 instances.
SYN-1015 : Optimize round 1, 3403 better
SYN-1014 : Optimize round 2
SYN-1044 : Optimized 10 inv instances.
SYN-1032 : 4708/68 useful/useless nets, 4076/807 useful/useless insts
SYN-1017 : Remove 16 const input seq instances
SYN-1002 :     flash_write_read_m0/flash_cmd_m0/ERASE_quad_data_flag_r_reg
SYN-1002 :     flash_write_read_m0/flash_cmd_m0/INIT_quad_data_flag_r_reg
SYN-1002 :     flash_write_read_m0/flash_cmd_m0/reg1_syn_3
SYN-1002 :     flash_write_read_m0/flash_cmd_m0/reg6_syn_5
SYN-1002 :     flash_write_read_m0/flash_cmd_m0/reg9_syn_5
SYN-1002 :     flash_write_read_m0/flash_reader_m0/reg2_syn_10
SYN-1002 :     flash_write_read_m0/flash_writer_m0/reg1_syn_2
SYN-1002 :     frame_read_write_m0/frame_fifo_read_m0/reg0_syn_2
SYN-1002 :     frame_read_write_m0/frame_fifo_read_m0/reg1_syn_10
SYN-1002 :     frame_read_write_m0/frame_fifo_read_m0/reg4_syn_2
SYN-1002 :     frame_read_write_m0/frame_fifo_read_m0/reg7_syn_10
SYN-1002 :     frame_read_write_m0/frame_fifo_write_m0/reg1_syn_2
SYN-1002 :     frame_read_write_m0/frame_fifo_write_m0/reg2_syn_10
SYN-1002 :     frame_read_write_m0/frame_fifo_write_m0/reg5_syn_2
SYN-1002 :     frame_read_write_m0/frame_fifo_write_m0/reg8_syn_10
SYN-1002 :     sd_card_bmp_m0/bmp_read_m0/reg8_syn_4
SYN-1019 : Optimized 123 mux instances.
SYN-1020 : Optimized 11 distributor mux.
SYN-1019 : Optimized 3 mux instances.
SYN-1016 : Merged 23 instances.
SYN-1015 : Optimize round 2, 1146 better
SYN-1032 : 3992/584 useful/useless nets, 3521/436 useful/useless insts
SYN-3003 : Optimized 1 equivalent DFF(s)
SYN-3008 : Optimized 1 const1 DFF(s)
SYN-3003 : Optimized 2 equivalent DFF(s)
SYN-3003 : Optimized 2 equivalent DFF(s)
SYN-3004 : Optimized 63 const0 DFF(s)
SYN-3003 : Optimized 1 equivalent DFF(s)
SYN-3003 : Optimized 1 equivalent DFF(s)
SYN-3004 : Optimized 4 const0 DFF(s)
SYN-1032 : 3611/381 useful/useless nets, 3172/274 useful/useless insts
SYN-1014 : Optimize round 1
SYN-1032 : 3599/0 useful/useless nets, 3160/1 useful/useless insts
SYN-1019 : Optimized 43 mux instances.
SYN-1020 : Optimized 7 distributor mux.
SYN-1016 : Merged 26 instances.
SYN-1015 : Optimize round 1, 134 better
SYN-1014 : Optimize round 2
SYN-1032 : 3465/44 useful/useless nets, 3053/24 useful/useless insts
SYN-1019 : Optimized 4 mux instances.
SYN-1015 : Optimize round 2, 46 better
SYN-1014 : Optimize round 3
SYN-1032 : 3460/0 useful/useless nets, 3048/1 useful/useless insts
SYN-1015 : Optimize round 3, 1 better
SYN-1014 : Optimize round 4
SYN-1015 : Optimize round 4, 0 better
RUN-1003 : finish command "optimize_rtl" in  2.228522s wall, 0.515625s user + 0.062500s system = 0.578125s CPU (25.9%)

RUN-1004 : used memory is 142 MB, reserved memory is 108 MB, peak memory is 152 MB
RUN-1002 : start command "report_area -file pic_sdram_rtl.area"
RUN-1001 : standard
***Report Model: top Device: EG4S20BG256***

IO Statistics
#IO                        47
  #input                    6
  #output                  37
  #inout                    4

Gate Statistics
#Basic gates             1447
  #and                    128
  #nand                     0
  #or                      15
  #nor                      0
  #xor                     57
  #xnor                     0
  #buf                      0
  #not                     97
  #bufif1                  20
  #MX21                   259
  #FADD                     0
  #DFF                    871
  #LATCH                    0
#MACRO_ADD                 50
#MACRO_EQ                 129
#MACRO_MUX               1285
#MACRO_OTHERS               4

Report Hierarchy Area:
+--------------------------------------------------------------------------------------------------------+
|Instance                        |Module                                         |gates  |seq    |macros |
+--------------------------------------------------------------------------------------------------------+
|top                             |top                                            |576    |871    |183    |
|  flash_write_read_m0           |flash_write_read                               |57     |61     |29     |
|    Qspi_master_m0              |Qspi_master                                    |10     |19     |9      |
|    flash_cmd_m0                |flash_cmd                                      |47     |42     |20     |
|      flash_step_m0             |flash_step                                     |17     |29     |11     |
|  frame_read_write_m0           |frame_read_write                               |94     |252    |33     |
|    frame_fifo_read_m0          |frame_fifo_read                                |15     |42     |10     |
|    frame_fifo_write_m0         |frame_fifo_write                               |14     |40     |9      |
|    read_buf                    |afifo_16_256                                   |32     |85     |7      |
|      ram_inst                  |ram_infer_afifo_16_256                         |0      |0      |1      |
|      rd_to_wr_cross_inst       |fifo_cross_domain_addr_process_al_afifo_16_256 |14     |32     |0      |
|      wr_to_rd_cross_inst       |fifo_cross_domain_addr_process_al_afifo_16_256 |14     |32     |0      |
|    write_buf                   |afifo_16_256                                   |33     |85     |7      |
|      ram_inst                  |ram_infer_afifo_16_256                         |0      |0      |1      |
|      rd_to_wr_cross_inst       |fifo_cross_domain_addr_process_al_afifo_16_256 |14     |32     |0      |
|      wr_to_rd_cross_inst       |fifo_cross_domain_addr_process_al_afifo_16_256 |14     |32     |0      |
|  sd_card_bmp_m0                |sd_card_bmp                                    |344    |380    |74     |
|    ax_debounce_m0              |ax_debounce                                    |6      |37     |3      |
|    bmp_read_m0                 |bmp_read                                       |90     |165    |28     |
|    sd_card_top_m0              |sd_card_top                                    |248    |178    |43     |
|      sd_card_cmd_m0            |sd_card_cmd                                    |107    |52     |20     |
|      sd_card_sec_read_write_m0 |sd_card_sec_read_write                         |114    |85     |13     |
|      spi_master_m0             |spi_master                                     |27     |41     |10     |
|  sdram_core_m0                 |sdram_core                                     |46     |94     |26     |
|  sdram_m0                      |sdram                                          |0      |0      |0      |
|  seg_decoder_m0                |seg_decoder                                    |5      |0      |0      |
|  seg_scan_m0                   |seg_scan                                       |11     |31     |9      |
|  sys_pll_m0                    |sys_pll                                        |0      |0      |1      |
|  video_pll_m0                  |video_pll                                      |0      |0      |1      |
|  video_timing_data_m0          |video_timing_data                              |19     |53     |10     |
|    color_bar_m0                |color_bar                                      |15     |31     |10     |
+--------------------------------------------------------------------------------------------------------+

RUN-1002 : start command "export_db pic_sdram_rtl.db"
RUN-1001 : Exported /
RUN-1001 : Exported flow parameters
RUN-1001 : Exported libs
RUN-1001 : Exported entities
RUN-1001 : Exported ports
RUN-1001 : Exported pins
RUN-1001 : Exported instances
RUN-1001 : Exported nets
RUN-1001 : Exported buses
RUN-1001 : Exported models
RUN-1001 : Exported congestions
RUN-1001 : Exported violations
RUN-1001 : Exported IO constraints
RUN-1001 : Exported Inst constraints
RUN-1002 : start command "read_sdc ../../top.sdc"
RUN-1002 : start command "get_ports clk"
RUN-1002 : start command "create_clock -name clk -period 20 -waveform 0 10 "
RUN-1102 : create_clock: clock name: clk, type: 0, period: 20000, rise: 0, fall: 10000.
RUN-1002 : start command "derive_pll_clocks"
USR-1002 : Gen clock cmd:  create_generated_clock -name {sys_pll_m0/pll_inst.clkc[0]} -source [get_ports {clk}] -master_clock {clk} -multiply_by 2.0000 [get_pins {sys_pll_m0/pll_inst.clkc[0]}]
RUN-1002 : start command "get_ports clk"
RUN-1002 : start command "get_pins sys_pll_m0/pll_inst.clkc[0]"
RUN-1002 : start command "create_generated_clock -name sys_pll_m0/pll_inst.clkc[0] -source  -master_clock clk -multiply_by 2.0000 "
USR-1002 : Gen clock cmd:  create_generated_clock -name {sys_pll_m0/pll_inst.clkc[1]} -source [get_ports {clk}] -master_clock {clk} -multiply_by 2.0000 [get_pins {sys_pll_m0/pll_inst.clkc[1]}]
RUN-1002 : start command "get_ports clk"
RUN-1002 : start command "get_pins sys_pll_m0/pll_inst.clkc[1]"
RUN-1002 : start command "create_generated_clock -name sys_pll_m0/pll_inst.clkc[1] -source  -master_clock clk -multiply_by 2.0000 "
USR-1002 : Gen clock cmd:  create_generated_clock -name {sys_pll_m0/pll_inst.clkc[2]} -source [get_ports {clk}] -master_clock {clk} -multiply_by 2.0000 [get_pins {sys_pll_m0/pll_inst.clkc[2]}]
RUN-1002 : start command "get_ports clk"
RUN-1002 : start command "get_pins sys_pll_m0/pll_inst.clkc[2]"
RUN-1002 : start command "create_generated_clock -name sys_pll_m0/pll_inst.clkc[2] -source  -master_clock clk -multiply_by 2.0000 "
USR-1002 : Gen clock cmd:  create_generated_clock -name {video_pll_m0/pll_inst.clkc[0]} -source [get_ports {clk}] -master_clock {clk} -divide_by 2.0000 [get_pins {video_pll_m0/pll_inst.clkc[0]}]
RUN-1002 : start command "get_ports clk"
RUN-1002 : start command "get_pins video_pll_m0/pll_inst.clkc[0]"
RUN-1002 : start command "create_generated_clock -name video_pll_m0/pll_inst.clkc[0] -source  -master_clock clk -divide_by 2.0000 "
RUN-1002 : start command "get_ports clk"
RUN-1002 : start command "get_pins sys_pll_m0/pll_inst.clkc[0]"
RUN-1002 : start command "rename_clock -name sd_card_clk -source  -master_clock clk "
RUN-1105 : Rename Clock: clock sys_pll_m0/pll_inst.clkc[0] was renamed, new name is sd_card_clk.
RUN-1002 : start command "get_ports clk"
RUN-1002 : start command "get_pins sys_pll_m0/pll_inst.clkc[1]"
RUN-1002 : start command "rename_clock -name ext_mem_clk -source  -master_clock clk "
RUN-1105 : Rename Clock: clock sys_pll_m0/pll_inst.clkc[1] was renamed, new name is ext_mem_clk.
RUN-1002 : start command "get_ports clk"
RUN-1002 : start command "get_pins sys_pll_m0/pll_inst.clkc[2]"
RUN-1002 : start command "rename_clock -name flash_sys_clk -source  -master_clock clk "
RUN-1105 : Rename Clock: clock sys_pll_m0/pll_inst.clkc[2] was renamed, new name is flash_sys_clk.
RUN-1002 : start command "get_ports clk"
RUN-1002 : start command "get_pins video_pll_m0/pll_inst.clkc[0]"
RUN-1002 : start command "rename_clock -name video_clk -source  -master_clock clk "
RUN-1105 : Rename Clock: clock video_pll_m0/pll_inst.clkc[0] was renamed, new name is video_clk.
RUN-1002 : start command "get_ports clk"
RUN-1002 : start command "get_pins sys_pll_m0/pll_inst.clkc[0]"
RUN-1002 : start command "create_generated_clock -name sd_card_clk -source  -master_clock clk -phase 0 -multiply_by 2 "
USR-8170 ERROR: Duplicated clock definitions with name .
USR-8159 ERROR: ../../top.sdc Line: 23, create_generated_clock -name sd_card_clk -source [get_ports {clk}] -master_clock {clk} -phase 0 -multiply_by 2 [get_pins {sys_pll_m0/pll_inst.clkc[0]}] fails.
RUN-1002 : start command "backup_run_log run.log ../.logs/syn_1/td_20231212_184752.log"
