============================================================
   Tang Dynasty, V5.6.71036
      Copyright (c) 2012-2023 Anlogic Inc.
   Executable = D:/Program/Anlogic/TD5.6.2/bin/td.exe
   Built at =   20:34:38 Mar 21 2023
   Run by =     28408
   Run Date =   Mon Dec 11 19:14:00 2023

   Run on =     DESKTOP-T1B5OP5
============================================================
RUN-1002 : start command "open_project pic_sdram.prj"
RUN-1001 : Print Global Property
RUN-1001 : ---------------------------------------------------------------
RUN-1001 :        Parameters        |  Settings  |  Default Values  |  Note  
RUN-1001 : ---------------------------------------------------------------
RUN-1001 :          message         |  standard  |     standard     |        
RUN-1001 :   mixed_pack_place_flow  |     on     |        on        |        
RUN-1001 :        qor_monitor       |    off     |       off        |        
RUN-1001 :        syn_ip_flow       |    off     |       off        |        
RUN-1001 :          thread          |    auto    |       auto       |        
RUN-1001 : ---------------------------------------------------------------
RUN-1001 : Print Design Property
RUN-1001 : --------------------------------------------------------------
RUN-1001 :        Parameters       |  Settings  |  Default Values  |  Note  
RUN-1001 : --------------------------------------------------------------
RUN-1001 :   default_reg_initial   |    auto    |       auto       |        
RUN-1001 :        infer_add        |     on     |        on        |        
RUN-1001 :        infer_fsm        |    off     |       off        |        
RUN-1001 :        infer_mult       |     on     |        on        |        
RUN-1001 :        infer_ram        |     on     |        on        |        
RUN-1001 :        infer_reg        |     on     |        on        |        
RUN-1001 :   infer_reg_init_value  |     on     |        on        |        
RUN-1001 :        infer_rom        |     on     |        on        |        
RUN-1001 :      infer_shifter      |     on     |        on        |        
RUN-1001 : --------------------------------------------------------------
RUN-1001 : Print Rtl Property
RUN-1001 : --------------------------------------------------------------
RUN-1001 :        Parameters       |  Settings  |  Default Values  |  Note  
RUN-1001 : --------------------------------------------------------------
RUN-1001 :       compress_add      |   ripple   |      ripple      |        
RUN-1001 :        elf_sload        |    off     |       off        |        
RUN-1001 :       fix_undriven      |     0      |        0         |        
RUN-1001 :         flatten         |    off     |       off        |        
RUN-1001 :       gate_sharing      |     on     |        on        |        
RUN-1001 :    hdl_warning_level    |   normal   |      normal      |        
RUN-1001 :   impl_internal_tribuf  |     on     |        on        |        
RUN-1001 :      impl_set_reset     |     on     |        on        |        
RUN-1001 :        infer_gsr        |    off     |       off        |        
RUN-1001 :      keep_hierarchy     |    auto    |       auto       |        
RUN-1001 :        max_fanout       |    9999    |       9999       |        
RUN-1001 :      max_oh2bin_len     |     10     |        10        |        
RUN-1001 :       merge_equal       |     on     |        on        |        
RUN-1001 :       merge_equiv       |     on     |        on        |        
RUN-1001 :        merge_mux        |    off     |       off        |        
RUN-1001 :     min_control_set     |     8      |        8         |        
RUN-1001 :      min_ripple_len     |    auto    |       auto       |        
RUN-1001 :       oh2bin_ratio      |    0.08    |       0.08       |        
RUN-1001 :     opt_adder_fanout    |     on     |        on        |        
RUN-1001 :        opt_arith        |     on     |        on        |        
RUN-1001 :       opt_big_gate      |    off     |       off        |        
RUN-1001 :        opt_const        |     on     |        on        |        
RUN-1001 :      opt_const_mult     |     on     |        on        |        
RUN-1001 :       opt_lessthan      |     on     |        on        |        
RUN-1001 :         opt_mux         |    off     |       off        |        
RUN-1001 :         opt_ram         |    high    |       high       |        
RUN-1001 :      rtl_sim_model      |    off     |       off        |        
RUN-1001 :         seq_syn         |     on     |        on        |        
RUN-1001 : --------------------------------------------------------------
HDL-1007 : analyze verilog file ../../al_ip/sys_pll.v
HDL-1007 : undeclared symbol 'open', assumed default net type 'wire' in ../../al_ip/sys_pll.v(77)
HDL-1007 : analyze verilog file ../../al_ip/video_pll.v
HDL-1007 : undeclared symbol 'open', assumed default net type 'wire' in ../../al_ip/video_pll.v(63)
HDL-1007 : analyze verilog file ../../al_ip/afifo_16_256.v
HDL-1007 : analyze verilog file ../../Qspi_master.v
HDL-1007 : analyze verilog file ../../flash_cmd.v
HDL-1007 : analyze verilog file ../../flash_reader.v
HDL-1007 : analyze verilog file ../../flash_step.v
HDL-1007 : analyze verilog file ../../flash_write_read.v
HDL-1007 : analyze verilog file ../../flash_writer.v
HDL-1007 : analyze verilog file ../../sys_state_ctrl.v
HDL-1007 : analyze verilog file ../../src/ax_debounce.v
HDL-1007 : analyze verilog file ../../src/bmp_read.v
HDL-1007 : analyze verilog file ../../src/color_bar.v
HDL-1007 : analyze included file ../../src/video_define.v in ../../src/color_bar.v(2)
HDL-1007 : back to file '../../src/color_bar.v' in ../../src/color_bar.v(2)
HDL-1007 : analyze verilog file ../../src/frame_fifo_read.v
HDL-1007 : undeclared symbol 'read_busy', assumed default net type 'wire' in ../../src/frame_fifo_read.v(55)
HDL-1007 : analyze verilog file ../../src/frame_fifo_write.v
HDL-1007 : undeclared symbol 'write_busy', assumed default net type 'wire' in ../../src/frame_fifo_write.v(53)
HDL-1007 : analyze verilog file ../../src/frame_read_write.v
HDL-1007 : analyze verilog file ../../src/sd_card/sd_card_cmd.v
HDL-1007 : analyze verilog file ../../src/sd_card/sd_card_sec_read_write.v
HDL-1007 : analyze verilog file ../../src/sd_card/sd_card_top.v
HDL-1007 : analyze verilog file ../../src/sd_card/spi_master.v
HDL-1007 : analyze verilog file ../../src/sd_card_bmp.v
HDL-1007 : analyze verilog file ../../src/sdram/sdram_core.v
HDL-1007 : analyze verilog file ../../src/seg_decoder.v
HDL-1007 : analyze verilog file ../../src/seg_scan.v
HDL-1007 : analyze verilog file ../../src/top.v
HDL-1007 : analyze verilog file ../../src/video_timing_data.v
RUN-1001 : Project manager successfully analyzed 27 source files.
RUN-1002 : start command "import_device eagle_s20.db -package EG4S20BG256"
ARC-1001 : Device Initialization.
ARC-1001 : ------------------------------------------------------------------
ARC-1001 :            OPTION            |          IO          |   SETTING   
ARC-1001 : ------------------------------------------------------------------
ARC-1001 :   cso_b/cclk/mosi/miso/dout  |  T3/R11/T10/P10/S11  |    gpio    
ARC-1001 :             done             |         P13          |    gpio    
ARC-1001 :           program_b          |          T2          |  dedicate  
ARC-1001 :        tdi/tms/tck/tdo       |   C12/A15/C14/E14    |  dedicate  
ARC-1001 : ------------------------------------------------------------------
ARC-1004 : Device setting, marked 5 dedicate IOs in total.
RUN-1002 : start command "elaborate -top top"
RUN-1001 : Print Design Property
RUN-1001 : --------------------------------------------------------------
RUN-1001 :        Parameters       |  Settings  |  Default Values  |  Note  
RUN-1001 : --------------------------------------------------------------
RUN-1001 :   default_reg_initial   |    auto    |       auto       |        
RUN-1001 :        infer_add        |     on     |        on        |        
RUN-1001 :        infer_fsm        |    off     |       off        |        
RUN-1001 :        infer_mult       |     on     |        on        |        
RUN-1001 :        infer_ram        |     on     |        on        |        
RUN-1001 :        infer_reg        |     on     |        on        |        
RUN-1001 :   infer_reg_init_value  |     on     |        on        |        
RUN-1001 :        infer_rom        |     on     |        on        |        
RUN-1001 :      infer_shifter      |     on     |        on        |        
RUN-1001 : --------------------------------------------------------------
RUN-1001 : Print Rtl Property
RUN-1001 : --------------------------------------------------------------
RUN-1001 :        Parameters       |  Settings  |  Default Values  |  Note  
RUN-1001 : --------------------------------------------------------------
RUN-1001 :       compress_add      |   ripple   |      ripple      |        
RUN-1001 :        elf_sload        |    off     |       off        |        
RUN-1001 :       fix_undriven      |     0      |        0         |        
RUN-1001 :         flatten         |    off     |       off        |        
RUN-1001 :       gate_sharing      |     on     |        on        |        
RUN-1001 :    hdl_warning_level    |   normal   |      normal      |        
RUN-1001 :   impl_internal_tribuf  |     on     |        on        |        
RUN-1001 :      impl_set_reset     |     on     |        on        |        
RUN-1001 :        infer_gsr        |    off     |       off        |        
RUN-1001 :      keep_hierarchy     |    auto    |       auto       |        
RUN-1001 :        max_fanout       |    9999    |       9999       |        
RUN-1001 :      max_oh2bin_len     |     10     |        10        |        
RUN-1001 :       merge_equal       |     on     |        on        |        
RUN-1001 :       merge_equiv       |     on     |        on        |        
RUN-1001 :        merge_mux        |    off     |       off        |        
RUN-1001 :     min_control_set     |     8      |        8         |        
RUN-1001 :      min_ripple_len     |    auto    |       auto       |        
RUN-1001 :       oh2bin_ratio      |    0.08    |       0.08       |        
RUN-1001 :     opt_adder_fanout    |     on     |        on        |        
RUN-1001 :        opt_arith        |     on     |        on        |        
RUN-1001 :       opt_big_gate      |    off     |       off        |        
RUN-1001 :        opt_const        |     on     |        on        |        
RUN-1001 :      opt_const_mult     |     on     |        on        |        
RUN-1001 :       opt_lessthan      |     on     |        on        |        
RUN-1001 :         opt_mux         |    off     |       off        |        
RUN-1001 :         opt_ram         |    high    |       high       |        
RUN-1001 :      rtl_sim_model      |    off     |       off        |        
RUN-1001 :         seq_syn         |     on     |        on        |        
RUN-1001 : --------------------------------------------------------------
RUN-1001 : Print Global Property
RUN-1001 : ---------------------------------------------------------------
RUN-1001 :        Parameters        |  Settings  |  Default Values  |  Note  
RUN-1001 : ---------------------------------------------------------------
RUN-1001 :          message         |  standard  |     standard     |        
RUN-1001 :   mixed_pack_place_flow  |     on     |        on        |        
RUN-1001 :        qor_monitor       |    off     |       off        |        
RUN-1001 :        syn_ip_flow       |    off     |       off        |        
RUN-1001 :          thread          |    auto    |       auto       |        
RUN-1001 : ---------------------------------------------------------------
RUN-1001 : Print Design Property
RUN-1001 : --------------------------------------------------------------
RUN-1001 :        Parameters       |  Settings  |  Default Values  |  Note  
RUN-1001 : --------------------------------------------------------------
RUN-1001 :   default_reg_initial   |    auto    |       auto       |        
RUN-1001 :        infer_add        |     on     |        on        |        
RUN-1001 :        infer_fsm        |    off     |       off        |        
RUN-1001 :        infer_mult       |     on     |        on        |        
RUN-1001 :        infer_ram        |     on     |        on        |        
RUN-1001 :        infer_reg        |     on     |        on        |        
RUN-1001 :   infer_reg_init_value  |     on     |        on        |        
RUN-1001 :        infer_rom        |     on     |        on        |        
RUN-1001 :      infer_shifter      |     on     |        on        |        
RUN-1001 : --------------------------------------------------------------
HDL-1007 : port 'read_finish' remains unconnected for this instance in ../../src/top.v(339)
HDL-1007 : elaborate module top in ../../src/top.v(1)
HDL-1007 : elaborate module sys_pll in ../../al_ip/sys_pll.v(24)
HDL-1007 : elaborate module EG_LOGIC_BUFG in D:/Program/Anlogic/TD5.6.2/arch/eagle_macro.v(8)
HDL-1007 : elaborate module EG_PHY_PLL(FIN="50.000",FBCLK_DIV=2,CLKC0_DIV=10,CLKC1_DIV=10,CLKC2_DIV=10,CLKC0_ENABLE="ENABLE",CLKC1_ENABLE="ENABLE",CLKC2_ENABLE="ENABLE",FEEDBK_PATH="CLKC0_EXT",STDBY_ENABLE="DISABLE",CLKC0_CPHASE=9,CLKC1_CPHASE=9,CLKC2_CPHASE=9,GMC_GAIN=4,ICP_CURRENT=13,KVCO=4,LPF_CAPACITOR=1,LPF_RESISTOR=4,SYNC_ENABLE="DISABLE") in D:/Program/Anlogic/TD5.6.2/arch/eagle_macro.v(930)
HDL-5007 WARNING: actual bit length 32 differs from formal bit length 1 for port 'reset' in ../../src/top.v(137)
HDL-1007 : elaborate module video_pll in ../../al_ip/video_pll.v(22)
HDL-1007 : elaborate module EG_PHY_PLL(FIN="50.000",REFCLK_DIV=2,CLKC0_DIV=40,CLKC0_ENABLE="ENABLE",FEEDBK_PATH="CLKC0_EXT",STDBY_ENABLE="DISABLE",CLKC0_CPHASE=39,GMC_GAIN=2,ICP_CURRENT=9,KVCO=2,LPF_CAPACITOR=1,LPF_RESISTOR=8,SYNC_ENABLE="DISABLE") in D:/Program/Anlogic/TD5.6.2/arch/eagle_macro.v(930)
HDL-5007 WARNING: actual bit length 32 differs from formal bit length 1 for port 'reset' in ../../src/top.v(143)
HDL-1007 : elaborate module sys_state_ctrl in ../../sys_state_ctrl.v(1)
HDL-1007 : elaborate module ax_debounce in ../../src/ax_debounce.v(3)
HDL-1007 : elaborate module sd_card_bmp in ../../src/sd_card_bmp.v(1)
HDL-1007 : elaborate module bmp_read in ../../src/bmp_read.v(2)
HDL-1007 : elaborate module sd_card_top in ../../src/sd_card/sd_card_top.v(2)
HDL-1007 : elaborate module sd_card_sec_read_write in ../../src/sd_card/sd_card_sec_read_write.v(2)
HDL-1007 : elaborate module sd_card_cmd in ../../src/sd_card/sd_card_cmd.v(2)
HDL-1007 : elaborate module spi_master in ../../src/sd_card/spi_master.v(2)
HDL-5007 WARNING: input port 'sd_sec_write_data[7]' remains unconnected for this instance in ../../src/sd_card_bmp.v(60)
HDL-1007 : elaborate module flash_write_read in ../../flash_write_read.v(1)
HDL-1007 : elaborate module flash_reader in ../../flash_reader.v(1)
HDL-1007 : elaborate module flash_writer in ../../flash_writer.v(1)
HDL-1007 : elaborate module flash_cmd in ../../flash_cmd.v(1)
HDL-1007 : elaborate module flash_step in ../../flash_step.v(1)
HDL-1007 : elaborate module Qspi_master in ../../Qspi_master.v(1)
HDL-1007 : elaborate module seg_decoder in ../../src/seg_decoder.v(2)
HDL-1007 : elaborate module seg_scan in ../../src/seg_scan.v(2)
HDL-1007 : elaborate module video_timing_data in ../../src/video_timing_data.v(1)
HDL-1007 : elaborate module color_bar in ../../src/color_bar.v(3)
HDL-1007 : port 'valid' remains unconnected for this instance in ../../src/frame_read_write.v(59)
HDL-1007 : port 'afull' remains unconnected for this instance in ../../src/frame_read_write.v(59)
HDL-1007 : port 'aempty' remains unconnected for this instance in ../../src/frame_read_write.v(59)
HDL-1007 : port 'valid' remains unconnected for this instance in ../../src/frame_read_write.v(105)
HDL-1007 : port 'afull' remains unconnected for this instance in ../../src/frame_read_write.v(105)
HDL-1007 : port 'aempty' remains unconnected for this instance in ../../src/frame_read_write.v(105)
HDL-1007 : elaborate module frame_read_write in ../../src/frame_read_write.v(2)
HDL-1007 : port 'doa' remains unconnected for this instance in ../../al_ip/afifo_16_256.v(261)
HDL-1007 : port 'dib' remains unconnected for this instance in ../../al_ip/afifo_16_256.v(261)
HDL-1007 : elaborate module afifo_16_256 in ../../al_ip/afifo_16_256.v(26)
HDL-1007 : elaborate module fifo_cross_domain_addr_process_al_afifo_16_256(ADDR_WIDTH=8) in ../../al_ip/afifo_16_256.v(290)
HDL-1007 : elaborate module ram_infer_afifo_16_256(DATAWIDTH_A=16,ADDRWIDTH_A=8,DATAWIDTH_B=16,ADDRWIDTH_B=8) in ../../al_ip/afifo_16_256.v(378)
HDL-1007 : extracting RAM for identifier 'memory' in ../../al_ip/afifo_16_256.v(443)
HDL-5007 WARNING: input port 'dib[15]' is not connected on this instance in ../../al_ip/afifo_16_256.v(266)
HDL-5007 WARNING: actual bit length 16 differs from formal bit length 8 for port 'rdusedw' in ../../src/frame_read_write.v(70)
HDL-1007 : elaborate module frame_fifo_write(MEM_DATA_BITS=16,ADDR_BITS=24) in ../../src/frame_fifo_write.v(2)
HDL-5007 WARNING: actual bit length 16 differs from formal bit length 8 for port 'wrusedw' in ../../src/frame_read_write.v(115)
HDL-1007 : elaborate module frame_fifo_read(MEM_DATA_BITS=16,ADDR_BITS=24) in ../../src/frame_fifo_read.v(2)
HDL-1007 : elaborate module sdram_core in ../../src/sdram/sdram_core.v(2)
HDL-5007 WARNING: actual bit length 10 differs from formal bit length 9 for port 'rd_burst_len' in ../../src/top.v(392)
HDL-5007 WARNING: actual bit length 10 differs from formal bit length 9 for port 'wr_burst_len' in ../../src/top.v(398)
HDL-1200 : Current top model is top
HDL-1100 : Inferred 1 RAMs.
RUN-1002 : start command "export_db pic_sdram_elaborate.db"
RUN-1001 : Exported /
RUN-1001 : Exported flow parameters
RUN-1001 : Exported libs
RUN-1001 : Exported entities
RUN-1001 : Exported ports
RUN-1001 : Exported pins
RUN-1001 : Exported instances
RUN-1001 : Exported nets
RUN-1001 : Exported buses
RUN-1001 : Exported models
RUN-1001 : Exported congestions
RUN-1001 : Exported violations
RUN-1001 : Exported IO constraints
RUN-1001 : Exported Inst constraints
RUN-1002 : start command "read_adc"
USR-1002 : read_adc file_name -trans <string> -help
USR-6010 WARNING: ADC constraints: top model pin clk has no constraint.
USR-6010 WARNING: ADC constraints: top model pin flash_cs_n has no constraint.
USR-6010 WARNING: ADC constraints: top model pin flash_qspi_IO0 has no constraint.
USR-6010 WARNING: ADC constraints: top model pin flash_qspi_IO1 has no constraint.
USR-6010 WARNING: ADC constraints: top model pin flash_qspi_IO2 has no constraint.
USR-6010 WARNING: ADC constraints: top model pin flash_qspi_IO3 has no constraint.
USR-6010 WARNING: ADC constraints: top model pin flash_sck has no constraint.
USR-6010 WARNING: ADC constraints: top model pin key1 has no constraint.
USR-6010 WARNING: ADC constraints: top model pin key2 has no constraint.
USR-6010 WARNING: ADC constraints: top model pin rst_n has no constraint.
USR-6010 Similar messages will be suppressed.
RUN-1002 : start command "optimize_rtl"
RUN-1001 : Open license file D:/Program/Anlogic/TD5.6.2/license/Anlogic.lic
RUN-1001 : Print Global Property
RUN-1001 : ---------------------------------------------------------------
RUN-1001 :        Parameters        |  Settings  |  Default Values  |  Note  
RUN-1001 : ---------------------------------------------------------------
RUN-1001 :          message         |  standard  |     standard     |        
RUN-1001 :   mixed_pack_place_flow  |     on     |        on        |        
RUN-1001 :        qor_monitor       |    off     |       off        |        
RUN-1001 :        syn_ip_flow       |    off     |       off        |        
RUN-1001 :          thread          |    auto    |       auto       |        
RUN-1001 : ---------------------------------------------------------------
RUN-1001 : Print Rtl Property
RUN-1001 : --------------------------------------------------------------
RUN-1001 :        Parameters       |  Settings  |  Default Values  |  Note  
RUN-1001 : --------------------------------------------------------------
RUN-1001 :       compress_add      |   ripple   |      ripple      |        
RUN-1001 :        elf_sload        |    off     |       off        |        
RUN-1001 :       fix_undriven      |     0      |        0         |        
RUN-1001 :         flatten         |    off     |       off        |        
RUN-1001 :       gate_sharing      |     on     |        on        |        
RUN-1001 :    hdl_warning_level    |   normal   |      normal      |        
RUN-1001 :   impl_internal_tribuf  |     on     |        on        |        
RUN-1001 :      impl_set_reset     |     on     |        on        |        
RUN-1001 :        infer_gsr        |    off     |       off        |        
RUN-1001 :      keep_hierarchy     |    auto    |       auto       |        
RUN-1001 :        max_fanout       |    9999    |       9999       |        
RUN-1001 :      max_oh2bin_len     |     10     |        10        |        
RUN-1001 :       merge_equal       |     on     |        on        |        
RUN-1001 :       merge_equiv       |     on     |        on        |        
RUN-1001 :        merge_mux        |    off     |       off        |        
RUN-1001 :     min_control_set     |     8      |        8         |        
RUN-1001 :      min_ripple_len     |    auto    |       auto       |        
RUN-1001 :       oh2bin_ratio      |    0.08    |       0.08       |        
RUN-1001 :     opt_adder_fanout    |     on     |        on        |        
RUN-1001 :        opt_arith        |     on     |        on        |        
RUN-1001 :       opt_big_gate      |    off     |       off        |        
RUN-1001 :        opt_const        |     on     |        on        |        
RUN-1001 :      opt_const_mult     |     on     |        on        |        
RUN-1001 :       opt_lessthan      |     on     |        on        |        
RUN-1001 :         opt_mux         |    off     |       off        |        
RUN-1001 :         opt_ram         |    high    |       high       |        
RUN-1001 :      rtl_sim_model      |    off     |       off        |        
RUN-1001 :         seq_syn         |     on     |        on        |        
RUN-1001 : --------------------------------------------------------------
SYN-1012 : SanityCheck: Model "top"
SYN-1012 : SanityCheck: Model "flash_write_read"
SYN-1012 : SanityCheck: Model "Qspi_master"
SYN-1012 : SanityCheck: Model "flash_cmd"
SYN-1012 : SanityCheck: Model "flash_step"
SYN-1012 : SanityCheck: Model "flash_reader"
SYN-1012 : SanityCheck: Model "flash_writer"
SYN-1012 : SanityCheck: Model "frame_read_write"
SYN-1012 : SanityCheck: Model "frame_fifo_read(MEM_DATA_BITS=16,ADDR_BITS=24)"
SYN-1012 : SanityCheck: Model "frame_fifo_write(MEM_DATA_BITS=16,ADDR_BITS=24)"
SYN-1012 : SanityCheck: Model "afifo_16_256"
SYN-1012 : SanityCheck: Model "ram_infer_afifo_16_256(DATAWIDTH_A=16,ADDRWIDTH_A=8,DATAWIDTH_B=16,ADDRWIDTH_B=8)"
SYN-1012 : SanityCheck: Model "fifo_cross_domain_addr_process_al_afifo_16_256(ADDR_WIDTH=8)"
SYN-1012 : SanityCheck: Model "sd_card_bmp"
SYN-1012 : SanityCheck: Model "ax_debounce"
SYN-1012 : SanityCheck: Model "bmp_read"
SYN-1012 : SanityCheck: Model "sd_card_top"
SYN-1012 : SanityCheck: Model "sd_card_cmd"
SYN-1012 : SanityCheck: Model "sd_card_sec_read_write"
SYN-1012 : SanityCheck: Model "spi_master"
SYN-1012 : SanityCheck: Model "sdram_core"
SYN-1012 : SanityCheck: Model "seg_decoder"
SYN-1012 : SanityCheck: Model "seg_scan"
SYN-1012 : SanityCheck: Model "sys_pll"
SYN-1012 : SanityCheck: Model "sys_state_ctrl"
SYN-1012 : SanityCheck: Model "video_pll"
SYN-1012 : SanityCheck: Model "video_timing_data"
SYN-1012 : SanityCheck: Model "color_bar"
SYN-1043 : Mark video_pll as IO macro for instance bufg_feedback
SYN-1043 : Mark sys_pll as IO macro for instance bufg_feedback
SYN-1043 : Mark sdram_core as IO macro for instance sdram_dq_i
SYN-1043 : Mark Qspi_master as IO macro for instance qspi_IO0_i
SYN-1043 : Mark flash_write_read as IO macro for instance Qspi_master_m0
SYN-1011 : Flatten model top
SYN-1032 : 9954/3762 useful/useless nets, 2409/343 useful/useless insts
SYN-1016 : Merged 880 instances.
SYN-1025 : Merged 10 RAM ports.
SYN-1026 : Infer Logic BRAM(frame_read_write_m0/read_buf/ram_inst/ramread0_syn_6)
	 port mode: single dual port
	 port a size: 256 x 16	 write mode: NORMAL
	 port b size: 256 x 16	 write mode: READBEFOREWRITE
SYN-1026 : Infer Logic BRAM(frame_read_write_m0/write_buf/ram_inst/ramread0_syn_6)
	 port mode: single dual port
	 port a size: 256 x 16	 write mode: NORMAL
	 port b size: 256 x 16	 write mode: READBEFOREWRITE
SYN-1026 : Infer Logic BRAM(frame_read_write_m1/read_buf/ram_inst/ramread0_syn_6)
	 port mode: single dual port
	 port a size: 256 x 16	 write mode: NORMAL
	 port b size: 256 x 16	 write mode: READBEFOREWRITE
SYN-1026 : Infer Logic BRAM(frame_read_write_m1/write_buf/ram_inst/ramread0_syn_6)
	 port mode: single dual port
	 port a size: 256 x 16	 write mode: NORMAL
	 port b size: 256 x 16	 write mode: READBEFOREWRITE
SYN-1023 : Infer 0 Logic DRAMs, 4 Logic BRAMs.
SYN-1032 : 9049/2358 useful/useless nets, 1823/332 useful/useless insts
SYN-1016 : Merged 1635 instances.
SYN-5011 WARNING: Undriven pin: model "top" / inst "sd_card_bmp_m0/bmp_read_m0/mux3_syn_17" in ../../src/bmp_read.v(70) / pin "i0"
SYN-5011 WARNING: Undriven pin: model "top" / inst "sd_card_bmp_m0/bmp_read_m0/mux3_syn_17" in ../../src/bmp_read.v(70) / pin "i1"
SYN-5011 WARNING: Undriven pin: model "top" / inst "sd_card_bmp_m0/bmp_read_m0/mux4_syn_17" in ../../src/bmp_read.v(63) / pin "i0"
SYN-5011 WARNING: Undriven pin: model "top" / inst "sd_card_bmp_m0/bmp_read_m0/mux4_syn_17" in ../../src/bmp_read.v(63) / pin "i1"
SYN-5011 WARNING: Undriven pin: model "top" / inst "sd_card_bmp_m0/bmp_read_m0/reg10_syn_18" in ../../src/bmp_read.v(63) / pin "d"
SYN-5011 WARNING: Undriven pin: model "top" / inst "sd_card_bmp_m0/bmp_read_m0/sel3_syn_29" in ../../src/bmp_read.v(178) / pin "i1"
SYN-5011 WARNING: Undriven pin: model "top" / inst "sd_card_bmp_m0/bmp_read_m0/sel3_syn_33" in ../../src/bmp_read.v(178) / pin "i0"
SYN-5011 WARNING: Undriven pin: model "top" / inst "sd_card_bmp_m0/bmp_read_m0/sel3_syn_33" in ../../src/bmp_read.v(178) / pin "i1"
SYN-5011 WARNING: Undriven pin: model "top" / inst "sd_card_bmp_m0/bmp_read_m0/sel3_syn_37" in ../../src/bmp_read.v(178) / pin "i0"
SYN-5011 WARNING: Undriven pin: model "top" / inst "sd_card_bmp_m0/bmp_read_m0/sel3_syn_37" in ../../src/bmp_read.v(178) / pin "i1"
SYN-5011 Similar messages will be suppressed.
SYN-5013 WARNING: Undriven net: model "top" / net "sd_card_bmp_m0/sd_card_top_m0/sd_card_cmd_m0/block_write_data[7]" in ../../src/sd_card/sd_card_cmd.v(17)
SYN-5014 WARNING: the net's pin: pin "i0" in ../../src/sd_card/sd_card_cmd.v(258)
SYN-5013 WARNING: Undriven net: model "top" / net "sd_card_bmp_m0/sd_card_top_m0/sd_card_cmd_m0/block_write_data[6]" in ../../src/sd_card/sd_card_cmd.v(17)
SYN-5014 WARNING: the net's pin: pin "i0" in ../../src/sd_card/sd_card_cmd.v(258)
SYN-5013 WARNING: Undriven net: model "top" / net "sd_card_bmp_m0/sd_card_top_m0/sd_card_cmd_m0/block_write_data[5]" in ../../src/sd_card/sd_card_cmd.v(17)
SYN-5014 WARNING: the net's pin: pin "i0" in ../../src/sd_card/sd_card_cmd.v(258)
SYN-5013 WARNING: Undriven net: model "top" / net "sd_card_bmp_m0/sd_card_top_m0/sd_card_cmd_m0/block_write_data[4]" in ../../src/sd_card/sd_card_cmd.v(17)
SYN-5014 WARNING: the net's pin: pin "i0" in ../../src/sd_card/sd_card_cmd.v(258)
SYN-5013 WARNING: Undriven net: model "top" / net "sd_card_bmp_m0/sd_card_top_m0/sd_card_cmd_m0/block_write_data[3]" in ../../src/sd_card/sd_card_cmd.v(17)
SYN-5014 WARNING: the net's pin: pin "i0" in ../../src/sd_card/sd_card_cmd.v(258)
SYN-5013 WARNING: Undriven net: model "top" / net "sd_card_bmp_m0/sd_card_top_m0/sd_card_cmd_m0/block_write_data[2]" in ../../src/sd_card/sd_card_cmd.v(17)
SYN-5014 WARNING: the net's pin: pin "i0" in ../../src/sd_card/sd_card_cmd.v(258)
SYN-5013 WARNING: Undriven net: model "top" / net "sd_card_bmp_m0/sd_card_top_m0/sd_card_cmd_m0/block_write_data[1]" in ../../src/sd_card/sd_card_cmd.v(17)
SYN-5014 WARNING: the net's pin: pin "i0" in ../../src/sd_card/sd_card_cmd.v(258)
SYN-5013 WARNING: Undriven net: model "top" / net "sd_card_bmp_m0/sd_card_top_m0/sd_card_cmd_m0/block_write_data[0]" in ../../src/sd_card/sd_card_cmd.v(17)
SYN-5014 WARNING: the net's pin: pin "i0" in ../../src/sd_card/sd_card_cmd.v(258)
SYN-5025 WARNING: Using 0 for all undriven pins and nets
SYN-1032 : 7545/58 useful/useless nets, 6680/368 useful/useless insts
SYN-1014 : Optimize round 1
SYN-1017 : Remove 6 const input seq instances
SYN-1002 :     flash_write_read_m0/flash_cmd_m0/flash_step_m0/reg1_syn_5
SYN-1002 :     frame_read_write_m0/frame_fifo_read_m0/reg5_syn_10
SYN-1002 :     sd_card_bmp_m0/bmp_read_m0/reg9_syn_5
SYN-1002 :     seg_scan_m0/reg1_syn_18
SYN-1002 :     seg_scan_m0/reg2_syn_9
SYN-1002 :     frame_read_write_m0/frame_fifo_read_m0/reg6_syn_10
SYN-1018 : Transformed 1 mux instances.
SYN-1019 : Optimized 24 mux instances.
SYN-1021 : Optimized 132 onehot mux instances.
SYN-1020 : Optimized 559 distributor mux.
SYN-1001 : Optimize 13 less-than instances
SYN-1019 : Optimized 100 mux instances.
SYN-1016 : Merged 1328 instances.
SYN-1015 : Optimize round 1, 4065 better
SYN-1014 : Optimize round 2
SYN-1044 : Optimized 14 inv instances.
SYN-1032 : 6154/78 useful/useless nets, 5308/947 useful/useless insts
SYN-1017 : Remove 24 const input seq instances
SYN-1002 :     flash_write_read_m0/flash_cmd_m0/ERASE_quad_data_flag_r_reg
SYN-1002 :     flash_write_read_m0/flash_cmd_m0/INIT_quad_data_flag_r_reg
SYN-1002 :     flash_write_read_m0/flash_cmd_m0/reg1_syn_3
SYN-1002 :     flash_write_read_m0/flash_cmd_m0/reg6_syn_5
SYN-1002 :     flash_write_read_m0/flash_cmd_m0/reg9_syn_5
SYN-1002 :     flash_write_read_m0/flash_reader_m0/reg2_syn_10
SYN-1002 :     flash_write_read_m0/flash_writer_m0/reg1_syn_2
SYN-1002 :     frame_read_write_m0/frame_fifo_read_m0/reg0_syn_2
SYN-1002 :     frame_read_write_m0/frame_fifo_read_m0/reg1_syn_10
SYN-1002 :     frame_read_write_m0/frame_fifo_read_m0/reg4_syn_2
SYN-1002 :     frame_read_write_m0/frame_fifo_read_m0/reg7_syn_10
SYN-1002 :     frame_read_write_m0/frame_fifo_write_m0/reg1_syn_2
SYN-1002 :     frame_read_write_m0/frame_fifo_write_m0/reg2_syn_10
SYN-1002 :     frame_read_write_m0/frame_fifo_write_m0/reg5_syn_2
SYN-1002 :     frame_read_write_m0/frame_fifo_write_m0/reg8_syn_10
SYN-1002 :     frame_read_write_m1/frame_fifo_read_m0/reg0_syn_2
SYN-1002 :     frame_read_write_m1/frame_fifo_read_m0/reg1_syn_10
SYN-1002 :     frame_read_write_m1/frame_fifo_read_m0/reg4_syn_2
SYN-1002 :     frame_read_write_m1/frame_fifo_read_m0/reg7_syn_10
SYN-1002 :     frame_read_write_m1/frame_fifo_write_m0/reg1_syn_2
SYN-1002 :     frame_read_write_m1/frame_fifo_write_m0/reg2_syn_10
SYN-1002 :     frame_read_write_m1/frame_fifo_write_m0/reg5_syn_2
SYN-1002 :     frame_read_write_m1/frame_fifo_write_m0/reg8_syn_10
SYN-1002 :     sd_card_bmp_m0/bmp_read_m0/reg8_syn_4
SYN-1019 : Optimized 54 mux instances.
SYN-1020 : Optimized 11 distributor mux.
SYN-1019 : Optimized 3 mux instances.
SYN-1016 : Merged 17 instances.
SYN-1015 : Optimize round 2, 1234 better
SYN-1032 : 6039/60 useful/useless nets, 5227/34 useful/useless insts
SYN-3003 : Optimized 1 equivalent DFF(s)
SYN-3004 : Optimized 4 const0 DFF(s)
SYN-3004 : Optimized 17 const0 DFF(s)
SYN-3003 : Optimized 1 equivalent DFF(s)
SYN-3003 : Optimized 1 equivalent DFF(s)
SYN-3003 : Optimized 1 equivalent DFF(s)
SYN-3003 : Optimized 1 equivalent DFF(s)
SYN-1032 : 5958/81 useful/useless nets, 5161/40 useful/useless insts
SYN-1014 : Optimize round 1
SYN-1019 : Optimized 2 mux instances.
SYN-1020 : Optimized 1 distributor mux.
SYN-1016 : Merged 1 instances.
SYN-1015 : Optimize round 1, 22 better
SYN-1014 : Optimize round 2
SYN-1032 : 5924/20 useful/useless nets, 5143/1 useful/useless insts
SYN-1019 : Optimized 4 mux instances.
SYN-1015 : Optimize round 2, 8 better
SYN-1014 : Optimize round 3
SYN-1032 : 5918/0 useful/useless nets, 5137/2 useful/useless insts
SYN-1015 : Optimize round 3, 2 better
SYN-1014 : Optimize round 4
SYN-1015 : Optimize round 4, 0 better
RUN-1003 : finish command "optimize_rtl" in  3.344568s wall, 0.859375s user + 0.046875s system = 0.906250s CPU (27.1%)

RUN-1004 : used memory is 146 MB, reserved memory is 114 MB, peak memory is 151 MB
RUN-1002 : start command "report_area -file pic_sdram_rtl.area"
RUN-1001 : standard
***Report Model: top Device: EG4S20BG256***

IO Statistics
#IO                        86
  #input                    6
  #output                  60
  #inout                   20

Gate Statistics
#Basic gates             2396
  #and                    172
  #nand                     0
  #or                      36
  #nor                      0
  #xor                    115
  #xnor                     0
  #buf                      0
  #not                    149
  #bufif1                  20
  #MX21                   422
  #FADD                     0
  #DFF                   1482
  #LATCH                    0
#MACRO_ADD                 78
#MACRO_EQ                 209
#MACRO_MUX               2188
#MACRO_OTHERS               6

Report Hierarchy Area:
+--------------------------------------------------------------------------------------------------------+
|Instance                        |Module                                         |gates  |seq    |macros |
+--------------------------------------------------------------------------------------------------------+
|top                             |top                                            |914    |1482   |293    |
|  flash_write_read_m0           |flash_write_read                               |251    |330    |97     |
|    Qspi_master_m0              |Qspi_master                                    |13     |34     |13     |
|    flash_cmd_m0                |flash_cmd                                      |134    |106    |57     |
|      flash_step_m0             |flash_step                                     |18     |34     |11     |
|    flash_reader_m0             |flash_reader                                   |50     |86     |11     |
|    flash_writer_m0             |flash_writer                                   |54     |104    |16     |
|  frame_read_write_m0           |frame_read_write                               |94     |260    |33     |
|    frame_fifo_read_m0          |frame_fifo_read                                |15     |46     |10     |
|    frame_fifo_write_m0         |frame_fifo_write                               |14     |44     |9      |
|    read_buf                    |afifo_16_256                                   |32     |85     |7      |
|      ram_inst                  |ram_infer_afifo_16_256                         |0      |0      |1      |
|      rd_to_wr_cross_inst       |fifo_cross_domain_addr_process_al_afifo_16_256 |14     |32     |0      |
|      wr_to_rd_cross_inst       |fifo_cross_domain_addr_process_al_afifo_16_256 |14     |32     |0      |
|    write_buf                   |afifo_16_256                                   |33     |85     |7      |
|      ram_inst                  |ram_infer_afifo_16_256                         |0      |0      |1      |
|      rd_to_wr_cross_inst       |fifo_cross_domain_addr_process_al_afifo_16_256 |14     |32     |0      |
|      wr_to_rd_cross_inst       |fifo_cross_domain_addr_process_al_afifo_16_256 |14     |32     |0      |
|  frame_read_write_m1           |frame_read_write                               |94     |258    |33     |
|    frame_fifo_read_m0          |frame_fifo_read                                |15     |44     |10     |
|    frame_fifo_write_m0         |frame_fifo_write                               |14     |44     |9      |
|    read_buf                    |afifo_16_256                                   |32     |85     |7      |
|      ram_inst                  |ram_infer_afifo_16_256                         |0      |0      |1      |
|      rd_to_wr_cross_inst       |fifo_cross_domain_addr_process_al_afifo_16_256 |14     |32     |0      |
|      wr_to_rd_cross_inst       |fifo_cross_domain_addr_process_al_afifo_16_256 |14     |32     |0      |
|    write_buf                   |afifo_16_256                                   |33     |85     |7      |
|      ram_inst                  |ram_infer_afifo_16_256                         |0      |0      |1      |
|      rd_to_wr_cross_inst       |fifo_cross_domain_addr_process_al_afifo_16_256 |14     |32     |0      |
|      wr_to_rd_cross_inst       |fifo_cross_domain_addr_process_al_afifo_16_256 |14     |32     |0      |
|  sd_card_bmp_m0                |sd_card_bmp                                    |344    |380    |74     |
|    ax_debounce_m0              |ax_debounce                                    |6      |37     |3      |
|    bmp_read_m0                 |bmp_read                                       |90     |165    |28     |
|    sd_card_top_m0              |sd_card_top                                    |248    |178    |43     |
|      sd_card_cmd_m0            |sd_card_cmd                                    |107    |52     |20     |
|      sd_card_sec_read_write_m0 |sd_card_sec_read_write                         |114    |85     |13     |
|      spi_master_m0             |spi_master                                     |27     |41     |10     |
|  sdram_core_m0                 |sdram_core                                     |46     |96     |26     |
|  seg_decoder_m0                |seg_decoder                                    |5      |0      |0      |
|  seg_scan_m0                   |seg_scan                                       |11     |31     |9      |
|  sys_pll_m0                    |sys_pll                                        |0      |0      |1      |
|  sys_state_ctrl_m0             |sys_state_ctrl                                 |48     |74     |9      |
|    ax_debounce_m1              |ax_debounce                                    |6      |37     |3      |
|    ax_debounce_m2              |ax_debounce                                    |4      |35     |3      |
|  video_pll_m0                  |video_pll                                      |0      |0      |1      |
|  video_timing_data_m0          |video_timing_data                              |19     |53     |10     |
|    color_bar_m0                |color_bar                                      |15     |31     |10     |
+--------------------------------------------------------------------------------------------------------+

RUN-1002 : start command "export_db pic_sdram_rtl.db"
RUN-1001 : Exported /
RUN-1001 : Exported flow parameters
RUN-1001 : Exported libs
RUN-1001 : Exported entities
RUN-1001 : Exported ports
RUN-1001 : Exported pins
RUN-1001 : Exported instances
RUN-1001 : Exported nets
RUN-1001 : Exported buses
RUN-1001 : Exported models
RUN-1001 : Exported congestions
RUN-1001 : Exported violations
RUN-1001 : Exported IO constraints
RUN-1001 : Exported Inst constraints
RUN-1002 : start command "read_sdc -ip afifo_16_256 ../../al_ip/afifo_16_256.tcl"
RUN-1002 : start command "get_ports clkw"
RUN-1002 : start command "get_nets  clkw  "
RUN-1002 : start command "get_clocks -nowarn -of nets 1602022801408"
RUN-1002 : start command "get_ports clkr"
RUN-1002 : start command "get_nets  clkr  "
RUN-1002 : start command "get_clocks -nowarn -of nets 25421911425024"
RUN-1002 : start command "get_property -nowarn -max PERIOD "
RUN-1002 : start command "get_property -nowarn -max PERIOD "
RUN-1002 : start command "get_regs rd_to_wr_cross_inst/primary_addr_gray_reg[*]"
RUN-1002 : start command "get_regs rd_to_wr_cross_inst/sync_r1[*]"
RUN-1002 : start command "set_max_delay -from  -to  999.70000000000005 -datapath_only"
RUN-1002 : start command "get_regs rd_to_wr_cross_inst/primary_addr_gray_reg[*]"
RUN-1002 : start command "get_regs rd_to_wr_cross_inst/sync_r1[*]"
RUN-1002 : start command "set_false_path -from  -to  -hold 999.70000000000005"
USR-1002 : set_false_path -help -setup -hold -from <list> -rise_from <list> -fall_from <list> -to <list> -rise_to <list> -fall_to <list> -through <list>
RUN-1002 : start command "get_regs wr_to_rd_cross_inst/primary_addr_gray_reg[*]"
RUN-1002 : start command "get_regs wr_to_rd_cross_inst/sync_r1[*]"
RUN-1002 : start command "set_max_delay -from  -to  999.70000000000005 -datapath_only"
RUN-1002 : start command "get_regs wr_to_rd_cross_inst/primary_addr_gray_reg[*]"
RUN-1002 : start command "get_regs wr_to_rd_cross_inst/sync_r1[*]"
RUN-1002 : start command "set_false_path -from  -to  -hold 999.70000000000005"
USR-1002 : set_false_path -help -setup -hold -from <list> -rise_from <list> -fall_from <list> -to <list> -rise_to <list> -fall_to <list> -through <list>
RUN-1002 : start command "get_ports clkw"
RUN-1002 : start command "get_nets  clkw  "
RUN-1002 : start command "get_clocks -nowarn -of nets 31396210933760"
RUN-1002 : start command "get_ports clkr"
RUN-1002 : start command "get_nets  clkr  "
RUN-1002 : start command "get_clocks -nowarn -of nets 1602022801408"
RUN-1002 : start command "get_property -nowarn -max PERIOD "
RUN-1002 : start command "get_property -nowarn -max PERIOD "
RUN-1002 : start command "get_regs rd_to_wr_cross_inst/primary_addr_gray_reg[*]"
RUN-1002 : start command "get_regs rd_to_wr_cross_inst/sync_r1[*]"
RUN-1002 : start command "set_max_delay -from  -to  999.70000000000005 -datapath_only"
RUN-1002 : start command "get_regs rd_to_wr_cross_inst/primary_addr_gray_reg[*]"
RUN-1002 : start command "get_regs rd_to_wr_cross_inst/sync_r1[*]"
RUN-1002 : start command "set_false_path -from  -to  -hold 999.70000000000005"
USR-1002 : set_false_path -help -setup -hold -from <list> -rise_from <list> -fall_from <list> -to <list> -rise_to <list> -fall_to <list> -through <list>
RUN-1002 : start command "get_regs wr_to_rd_cross_inst/primary_addr_gray_reg[*]"
RUN-1002 : start command "get_regs wr_to_rd_cross_inst/sync_r1[*]"
RUN-1002 : start command "set_max_delay -from  -to  999.70000000000005 -datapath_only"
RUN-1002 : start command "get_regs wr_to_rd_cross_inst/primary_addr_gray_reg[*]"
RUN-1002 : start command "get_regs wr_to_rd_cross_inst/sync_r1[*]"
RUN-1002 : start command "set_false_path -from  -to  -hold 999.70000000000005"
USR-1002 : set_false_path -help -setup -hold -from <list> -rise_from <list> -fall_from <list> -to <list> -rise_to <list> -fall_to <list> -through <list>
RUN-1002 : start command "get_ports clkw"
RUN-1002 : start command "get_nets  clkw  "
RUN-1002 : start command "get_clocks -nowarn -of nets 1602022801408"
RUN-1002 : start command "get_ports clkr"
RUN-1002 : start command "get_nets  clkr  "
RUN-1002 : start command "get_clocks -nowarn -of nets 38319698214912"
RUN-1002 : start command "get_property -nowarn -max PERIOD "
RUN-1002 : start command "get_property -nowarn -max PERIOD "
RUN-1002 : start command "get_regs rd_to_wr_cross_inst/primary_addr_gray_reg[*]"
RUN-1002 : start command "get_regs rd_to_wr_cross_inst/sync_r1[*]"
RUN-1002 : start command "set_max_delay -from  -to  999.70000000000005 -datapath_only"
RUN-1002 : start command "get_regs rd_to_wr_cross_inst/primary_addr_gray_reg[*]"
RUN-1002 : start command "get_regs rd_to_wr_cross_inst/sync_r1[*]"
RUN-1002 : start command "set_false_path -from  -to  -hold 999.70000000000005"
USR-1002 : set_false_path -help -setup -hold -from <list> -rise_from <list> -fall_from <list> -to <list> -rise_to <list> -fall_to <list> -through <list>
RUN-1002 : start command "get_regs wr_to_rd_cross_inst/primary_addr_gray_reg[*]"
RUN-1002 : start command "get_regs wr_to_rd_cross_inst/sync_r1[*]"
RUN-1002 : start command "set_max_delay -from  -to  999.70000000000005 -datapath_only"
RUN-1002 : start command "get_regs wr_to_rd_cross_inst/primary_addr_gray_reg[*]"
RUN-1002 : start command "get_regs wr_to_rd_cross_inst/sync_r1[*]"
RUN-1002 : start command "set_false_path -from  -to  -hold 999.70000000000005"
USR-1002 : set_false_path -help -setup -hold -from <list> -rise_from <list> -fall_from <list> -to <list> -rise_to <list> -fall_to <list> -through <list>
RUN-1002 : start command "get_ports clkw"
RUN-1002 : start command "get_nets  clkw  "
RUN-1002 : start command "get_clocks -nowarn -of nets 38319698214912"
RUN-1002 : start command "get_ports clkr"
RUN-1002 : start command "get_nets  clkr  "
RUN-1002 : start command "get_clocks -nowarn -of nets 1602022801408"
RUN-1002 : start command "get_property -nowarn -max PERIOD "
RUN-1002 : start command "get_property -nowarn -max PERIOD "
RUN-1002 : start command "get_regs rd_to_wr_cross_inst/primary_addr_gray_reg[*]"
RUN-1002 : start command "get_regs rd_to_wr_cross_inst/sync_r1[*]"
RUN-1002 : start command "set_max_delay -from  -to  999.70000000000005 -datapath_only"
RUN-1002 : start command "get_regs rd_to_wr_cross_inst/primary_addr_gray_reg[*]"
RUN-1002 : start command "get_regs rd_to_wr_cross_inst/sync_r1[*]"
RUN-1002 : start command "set_false_path -from  -to  -hold 999.70000000000005"
USR-1002 : set_false_path -help -setup -hold -from <list> -rise_from <list> -fall_from <list> -to <list> -rise_to <list> -fall_to <list> -through <list>
RUN-1002 : start command "get_regs wr_to_rd_cross_inst/primary_addr_gray_reg[*]"
RUN-1002 : start command "get_regs wr_to_rd_cross_inst/sync_r1[*]"
RUN-1002 : start command "set_max_delay -from  -to  999.70000000000005 -datapath_only"
RUN-1002 : start command "get_regs wr_to_rd_cross_inst/primary_addr_gray_reg[*]"
RUN-1002 : start command "get_regs wr_to_rd_cross_inst/sync_r1[*]"
RUN-1002 : start command "set_false_path -from  -to  -hold 999.70000000000005"
USR-1002 : set_false_path -help -setup -hold -from <list> -rise_from <list> -fall_from <list> -to <list> -rise_to <list> -fall_to <list> -through <list>
RUN-1002 : start command "optimize_gate -maparea pic_sdram_gate.area"
RUN-1001 : Open license file D:/Program/Anlogic/TD5.6.2/license/Anlogic.lic
RUN-1001 : Print Global Property
RUN-1001 : ---------------------------------------------------------------
RUN-1001 :        Parameters        |  Settings  |  Default Values  |  Note  
RUN-1001 : ---------------------------------------------------------------
RUN-1001 :          message         |  standard  |     standard     |        
RUN-1001 :   mixed_pack_place_flow  |     on     |        on        |        
RUN-1001 :        qor_monitor       |    off     |       off        |        
RUN-1001 :        syn_ip_flow       |    off     |       off        |        
RUN-1001 :          thread          |    auto    |       auto       |        
RUN-1001 : ---------------------------------------------------------------
RUN-1001 : Print Gate Property
RUN-1001 : ------------------------------------------------------------------
RUN-1001 :          Parameters         |  Settings  |  Default Values  |  Note  
RUN-1001 : ------------------------------------------------------------------
RUN-1001 :         cascade_dsp         |    off     |       off        |        
RUN-1001 :         cascade_eram        |    off     |       off        |        
RUN-1001 :        gate_sim_model       |    off     |       off        |        
RUN-1001 :        map_sim_model        |    off     |       off        |        
RUN-1001 :         map_strategy        |     1      |        1         |        
RUN-1001 :           opt_area          |   medium   |      medium      |        
RUN-1001 :          opt_timing         |    auto    |       auto       |        
RUN-1001 :         pack_effort         |   medium   |      medium      |        
RUN-1001 :      pack_lslice_ripple     |     on     |        on        |        
RUN-1001 :   pack_lslice_ripple_ratio  |    0.5     |       0.5        |        
RUN-1001 :        pack_seq_in_io       |    auto    |       auto       |        
RUN-1001 :        ph1_mux_ratio        |    1.0     |       1.0        |        
RUN-1001 :            report           |  standard  |     standard     |        
RUN-1001 :           retiming          |    off     |       off        |        
RUN-1001 : ------------------------------------------------------------------
SYN-2001 : Map 86 IOs to PADs
SYN-1032 : 5952/52 useful/useless nets, 5151/72 useful/useless insts
RUN-1002 : start command "update_pll_param -module top"
SYN-2501 : Processed 0 LOGIC_BUF instances.
SYN-2501 : 2 BUFG to GCLK
SYN-2595 : bram inst: frame_read_write_m0/read_buf/ram_inst/ramread0_syn_6 is set to PDPW/SP from DP for resource saving
SYN-2595 : bram inst: frame_read_write_m0/write_buf/ram_inst/ramread0_syn_6 is set to PDPW/SP from DP for resource saving
SYN-2595 : bram inst: frame_read_write_m1/read_buf/ram_inst/ramread0_syn_6 is set to PDPW/SP from DP for resource saving
SYN-2595 : bram inst: frame_read_write_m1/write_buf/ram_inst/ramread0_syn_6 is set to PDPW/SP from DP for resource saving
SYN-2512 : LOGIC BRAM "frame_read_write_m0/read_buf/ram_inst/ramread0_syn_8"
SYN-2512 : LOGIC BRAM "frame_read_write_m0/write_buf/ram_inst/ramread0_syn_8"
SYN-2512 : LOGIC BRAM "frame_read_write_m1/read_buf/ram_inst/ramread0_syn_8"
SYN-2512 : LOGIC BRAM "frame_read_write_m1/write_buf/ram_inst/ramread0_syn_8"
SYN-2571 : Optimize after map_dsp, round 1
SYN-2571 : Optimize after map_dsp, round 1, 0 better
SYN-1001 : Throwback 52 control mux instances
SYN-2501 : Optimize round 1
SYN-1016 : Merged 472 instances.
SYN-2501 : Optimize round 1, 1670 better
SYN-2501 : Optimize round 2
SYN-2501 : Optimize round 2, 0 better
SYN-2501 : Map 77 macro adder
SYN-3001 : Mapper mapped 7 instances into 1 LUTs, name keeping = 100%.
SYN-3001 : Mapper mapped 31 instances into 3 LUTs, name keeping = 33%.
SYN-3001 : Mapper mapped 31 instances into 3 LUTs, name keeping = 33%.
SYN-3001 : Mapper mapped 3 instances into 1 LUTs, name keeping = 0%.
SYN-3001 : Mapper mapped 3 instances into 1 LUTs, name keeping = 100%.
SYN-2501 : Inferred 3 ROM instances
SYN-1019 : Optimized 937 mux instances.
SYN-1016 : Merged 566 instances.
SYN-1032 : 9286/18 useful/useless nets, 8487/0 useful/useless insts
RUN-1002 : start command "start_timer -prepack"
TMR-2505 : Start building timing graph for model top.
TMR-2506 : Build timing graph completely. Port num: 32, tpin num: 29862, tnet num: 9286, tinst num: 8486, tnode num: 34007, tedge num: 41734.
TMR-2508 : Levelizing timing graph completed, there are 81 levels in total.
TMR-2501 : Timing graph initialized successfully.
TMR-2503 : Start to update net delay, extr mode = 2.
TMR-2504 : Update delay of 9286 nets completely.
TMR-2502 : Annotate delay completely, extr mode = 2.
TMR-3001 : Initiate 0 clocks from SDC.
TMR-3004 : Map sdc constraints, there are 16 constraints in total.
TMR-3003 : Constraints initiated successfully.
TMR-3501 : Forward propagation: start to calculate arrival time...
TMR-3502 : Backward propagation: start to calculate required time...
TMR-3503 : Timing propagation completes.
SYN-3001 : Running gate level optimization.
SYN-2581 : Mapping with K=5, #lut = 2010 (3.61), #lev = 10 (3.04)
SYN-2551 : Post LUT mapping optimization.
SYN-2581 : Mapping with K=5, #lut = 1903 (3.58), #lev = 9 (2.99)
SYN-3001 : Logic optimization runtime opt =   0.31 sec, map =   0.00 sec
SYN-3001 : Mapper mapped 5578 instances into 1905 LUTs, name keeping = 63%.
SYN-3001 : Mapper removed 1 lut buffers
RUN-1002 : start command "report_area -file pic_sdram_gate.area"
RUN-1001 : standard
***Report Model: top Device: EG4S20BG256***

IO Statistics
#IO                        86
  #input                    6
  #output                  60
  #inout                   20

LUT Statistics
#Total_luts              3030
  #lut4                  1610
  #lut5                   297
  #lut6                     0
  #lut5_mx41                0
  #lut4_alu1b            1123

Utilization Statistics
#lut                     3030   out of  19600   15.46%
#reg                     1430   out of  19600    7.30%
#le                         0
#dsp                        0   out of     29    0.00%
#bram                       4   out of     64    6.25%
  #bram9k                   4
  #fifo9k                   0
#bram32k                    0   out of     16    0.00%
#pad                       86   out of    188   45.74%
  #ireg                    19
  #oreg                    57
  #treg                     1
#pll                        2   out of      4   50.00%

Report Hierarchy Area:
+-----------------------------------------------------------------------------------------------------------------------------+
|Instance                        |Module                                         |lut     |ripple  |seq     |bram    |dsp     |
+-----------------------------------------------------------------------------------------------------------------------------+
|top                             |top                                            |1907    |1123    |1507    |4       |0       |
|  flash_write_read_m0           |flash_write_read                               |511     |225     |329     |0       |0       |
|    Qspi_master_m0              |Qspi_master                                    |78      |0       |34      |0       |0       |
|    flash_cmd_m0                |flash_cmd                                      |178     |32      |105     |0       |0       |
|      flash_step_m0             |flash_step                                     |62      |21      |33      |0       |0       |
|    flash_reader_m0             |flash_reader                                   |103     |88      |86      |0       |0       |
|    flash_writer_m0             |flash_writer                                   |152     |105     |104     |0       |0       |
|  frame_read_write_m0           |frame_read_write                               |184     |200     |260     |2       |0       |
|    frame_fifo_read_m0          |frame_fifo_read                                |53      |55      |46      |0       |0       |
|    frame_fifo_write_m0         |frame_fifo_write                               |49      |55      |44      |0       |0       |
|    read_buf                    |afifo_16_256                                   |32      |45      |85      |1       |0       |
|      ram_inst                  |ram_infer_afifo_16_256                         |0       |0       |0       |1       |0       |
|      rd_to_wr_cross_inst       |fifo_cross_domain_addr_process_al_afifo_16_256 |14      |0       |32      |0       |0       |
|      wr_to_rd_cross_inst       |fifo_cross_domain_addr_process_al_afifo_16_256 |14      |0       |32      |0       |0       |
|    write_buf                   |afifo_16_256                                   |34      |45      |85      |1       |0       |
|      ram_inst                  |ram_infer_afifo_16_256                         |0       |0       |0       |1       |0       |
|      rd_to_wr_cross_inst       |fifo_cross_domain_addr_process_al_afifo_16_256 |14      |0       |32      |0       |0       |
|      wr_to_rd_cross_inst       |fifo_cross_domain_addr_process_al_afifo_16_256 |14      |0       |32      |0       |0       |
|  frame_read_write_m1           |frame_read_write                               |181     |200     |258     |2       |0       |
|    frame_fifo_read_m0          |frame_fifo_read                                |51      |55      |44      |0       |0       |
|    frame_fifo_write_m0         |frame_fifo_write                               |49      |55      |44      |0       |0       |
|    read_buf                    |afifo_16_256                                   |32      |45      |85      |1       |0       |
|      ram_inst                  |ram_infer_afifo_16_256                         |0       |0       |0       |1       |0       |
|      rd_to_wr_cross_inst       |fifo_cross_domain_addr_process_al_afifo_16_256 |14      |0       |32      |0       |0       |
|      wr_to_rd_cross_inst       |fifo_cross_domain_addr_process_al_afifo_16_256 |14      |0       |32      |0       |0       |
|    write_buf                   |afifo_16_256                                   |32      |45      |85      |1       |0       |
|      ram_inst                  |ram_infer_afifo_16_256                         |0       |0       |0       |1       |0       |
|      rd_to_wr_cross_inst       |fifo_cross_domain_addr_process_al_afifo_16_256 |14      |0       |32      |0       |0       |
|      wr_to_rd_cross_inst       |fifo_cross_domain_addr_process_al_afifo_16_256 |14      |0       |32      |0       |0       |
|  sd_card_bmp_m0                |sd_card_bmp                                    |660     |278     |379     |0       |0       |
|    ax_debounce_m0              |ax_debounce                                    |45      |33      |36      |0       |0       |
|    bmp_read_m0                 |bmp_read                                       |149     |174     |165     |0       |0       |
|    sd_card_top_m0              |sd_card_top                                    |466     |71      |178     |0       |0       |
|      sd_card_cmd_m0            |sd_card_cmd                                    |263     |54      |52      |0       |0       |
|      sd_card_sec_read_write_m0 |sd_card_sec_read_write                         |147     |0       |85      |0       |0       |
|      spi_master_m0             |spi_master                                     |56      |17      |41      |0       |0       |
|  sdram_core_m0                 |sdram_core                                     |200     |93      |77      |0       |0       |
|  seg_scan_m0                   |seg_scan                                       |32      |35      |20      |0       |0       |
|  sys_pll_m0                    |sys_pll                                        |0       |0       |0       |0       |0       |
|  sys_state_ctrl_m0             |sys_state_ctrl                                 |92      |66      |72      |0       |0       |
|    ax_debounce_m1              |ax_debounce                                    |45      |33      |36      |0       |0       |
|    ax_debounce_m2              |ax_debounce                                    |44      |33      |34      |0       |0       |
|  video_pll_m0                  |video_pll                                      |0       |0       |0       |0       |0       |
|  video_timing_data_m0          |video_timing_data                              |46      |26      |35      |0       |0       |
|    color_bar_m0                |color_bar                                      |29      |26      |31      |0       |0       |
+-----------------------------------------------------------------------------------------------------------------------------+

SYN-1001 : Packing model "top" ...
SYN-4010 : Pack lib has 58 rtl pack models with 25 top pack blocks
SYN-1014 : Optimize round 1
SYN-1015 : Optimize round 1, 0 better
SYN-4002 : Packing 1430 DFF/LATCH to SEQ ...
SYN-4009 : Pack 24 carry chain into lslice
SYN-4007 : Packing 547 adder to BLE ...
SYN-4008 : Packed 547 adder and 76 SEQ to BLE.
SYN-4007 : Packing 0 gate4 to BLE ...
SYN-4008 : Packed 0 gate4 and 0 SEQ to BLE.
SYN-4012 : Packed 0 FxMUX
RUN-1003 : finish command "optimize_gate -maparea pic_sdram_gate.area" in  2.603187s wall, 0.937500s user + 0.015625s system = 0.953125s CPU (36.6%)

RUN-1004 : used memory is 165 MB, reserved memory is 134 MB, peak memory is 208 MB
RUN-1002 : start command "legalize_phy_inst"
SYN-1011 : Flatten model top
RUN-1002 : start command "export_db pic_sdram_gate.db"
RUN-1001 : Exported /
RUN-1001 : Exported flow parameters
RUN-1001 : Exported libs
RUN-1001 : Exported entities
RUN-1001 : Exported ports
RUN-1001 : Exported pins
RUN-1001 : Exported instances
RUN-1001 : Exported nets
RUN-1001 : Exported buses
RUN-1001 : Exported models
RUN-1001 : Exported congestions
RUN-1001 : Exported violations
RUN-1001 : Exported timing constraints
RUN-1001 : Exported IO constraints
RUN-1001 : Exported Inst constraints
RUN-1002 : start command "backup_run_log run.log ../.logs/syn_1/td_20231211_191400.log"
