============================================================
   Tang Dynasty, V5.6.71036
      Copyright (c) 2012-2023 Anlogic Inc.
   Executable = D:/Program/Anlogic/TD5.6.2/bin/td.exe
   Built at =   20:34:38 Mar 21 2023
   Run by =     28408
   Run Date =   Thu Dec 14 15:21:27 2023

   Run on =     DESKTOP-T1B5OP5
============================================================
RUN-1002 : start command "open_project pic_sdram.prj"
RUN-1001 : Print Global Property
RUN-1001 : ---------------------------------------------------------------
RUN-1001 :        Parameters        |  Settings  |  Default Values  |  Note  
RUN-1001 : ---------------------------------------------------------------
RUN-1001 :          message         |  standard  |     standard     |        
RUN-1001 :   mixed_pack_place_flow  |     on     |        on        |        
RUN-1001 :        qor_monitor       |    off     |       off        |        
RUN-1001 :        syn_ip_flow       |    off     |       off        |        
RUN-1001 :          thread          |    auto    |       auto       |        
RUN-1001 : ---------------------------------------------------------------
RUN-1001 : Print Design Property
RUN-1001 : --------------------------------------------------------------
RUN-1001 :        Parameters       |  Settings  |  Default Values  |  Note  
RUN-1001 : --------------------------------------------------------------
RUN-1001 :   default_reg_initial   |    auto    |       auto       |        
RUN-1001 :        infer_add        |     on     |        on        |        
RUN-1001 :        infer_fsm        |    off     |       off        |        
RUN-1001 :        infer_mult       |     on     |        on        |        
RUN-1001 :        infer_ram        |     on     |        on        |        
RUN-1001 :        infer_reg        |     on     |        on        |        
RUN-1001 :   infer_reg_init_value  |     on     |        on        |        
RUN-1001 :        infer_rom        |     on     |        on        |        
RUN-1001 :      infer_shifter      |     on     |        on        |        
RUN-1001 : --------------------------------------------------------------
RUN-1001 : Print Rtl Property
RUN-1001 : --------------------------------------------------------------
RUN-1001 :        Parameters       |  Settings  |  Default Values  |  Note  
RUN-1001 : --------------------------------------------------------------
RUN-1001 :       compress_add      |   ripple   |      ripple      |        
RUN-1001 :        elf_sload        |    off     |       off        |        
RUN-1001 :       fix_undriven      |     0      |        0         |        
RUN-1001 :         flatten         |    off     |       off        |        
RUN-1001 :       gate_sharing      |     on     |        on        |        
RUN-1001 :    hdl_warning_level    |   normal   |      normal      |        
RUN-1001 :   impl_internal_tribuf  |     on     |        on        |        
RUN-1001 :      impl_set_reset     |     on     |        on        |        
RUN-1001 :        infer_gsr        |    off     |       off        |        
RUN-1001 :      keep_hierarchy     |    auto    |       auto       |        
RUN-1001 :        max_fanout       |    9999    |       9999       |        
RUN-1001 :      max_oh2bin_len     |     10     |        10        |        
RUN-1001 :       merge_equal       |     on     |        on        |        
RUN-1001 :       merge_equiv       |     on     |        on        |        
RUN-1001 :        merge_mux        |    off     |       off        |        
RUN-1001 :     min_control_set     |     8      |        8         |        
RUN-1001 :      min_ripple_len     |    auto    |       auto       |        
RUN-1001 :       oh2bin_ratio      |    0.08    |       0.08       |        
RUN-1001 :     opt_adder_fanout    |     on     |        on        |        
RUN-1001 :        opt_arith        |     on     |        on        |        
RUN-1001 :       opt_big_gate      |    off     |       off        |        
RUN-1001 :        opt_const        |     on     |        on        |        
RUN-1001 :      opt_const_mult     |     on     |        on        |        
RUN-1001 :       opt_lessthan      |     on     |        on        |        
RUN-1001 :         opt_mux         |    off     |       off        |        
RUN-1001 :         opt_ram         |    high    |       high       |        
RUN-1001 :      rtl_sim_model      |    off     |       off        |        
RUN-1001 :         seq_syn         |     on     |        on        |        
RUN-1001 : --------------------------------------------------------------
HDL-1007 : analyze verilog file ../../al_ip/sys_pll.v
HDL-1007 : undeclared symbol 'open', assumed default net type 'wire' in ../../al_ip/sys_pll.v(77)
HDL-1007 : analyze verilog file ../../al_ip/video_pll.v
HDL-1007 : undeclared symbol 'open', assumed default net type 'wire' in ../../al_ip/video_pll.v(63)
HDL-1007 : analyze verilog file ../../al_ip/afifo_16_256.v
HDL-1007 : analyze verilog file ../../src/ax_debounce.v
HDL-1007 : analyze verilog file ../../src/bmp_read.v
HDL-1007 : analyze verilog file ../../src/color_bar.v
HDL-1007 : analyze included file ../../src/video_define.v in ../../src/color_bar.v(2)
HDL-1007 : back to file '../../src/color_bar.v' in ../../src/color_bar.v(2)
HDL-1007 : analyze verilog file ../../src/frame_fifo_read.v
HDL-1007 : analyze verilog file ../../src/frame_fifo_write.v
HDL-1007 : analyze verilog file ../../src/frame_read_write.v
HDL-1007 : analyze verilog file ../../src/sd_card/sd_card_cmd.v
HDL-1007 : analyze verilog file ../../src/sd_card/sd_card_sec_read_write.v
HDL-1007 : analyze verilog file ../../src/sd_card/sd_card_top.v
HDL-1007 : analyze verilog file ../../src/sd_card/spi_master.v
HDL-1007 : analyze verilog file ../../src/sd_card_bmp.v
HDL-1007 : analyze verilog file ../../src/seg_decoder.v
HDL-1007 : analyze verilog file ../../src/seg_scan.v
HDL-1007 : analyze verilog file ../../src/top.v
HDL-1007 : undeclared symbol 'sdram_clk', assumed default net type 'wire' in ../../src/top.v(100)
HDL-1007 : undeclared symbol 'wr_en', assumed default net type 'wire' in ../../src/top.v(223)
HDL-1007 : undeclared symbol 'wr_data', assumed default net type 'wire' in ../../src/top.v(226)
HDL-1007 : analyze verilog file ../../src/video_timing_data.v
HDL-1007 : analyze verilog file ../../src/sdram_r/sdram_para.v
HDL-1007 : analyze verilog file ../../src/sdram/enc_file/global_def.v
HDL-1007 : analyze verilog file ../../src/sdram/enc_file/sdr_as_ram.enc.v
Copyright (c) 1998-2019 The OpenSSL Project.  All rights reserved.
This product includes software developed by the OpenSSL Project
for use in the OpenSSL Toolkit (http://www.openssl.org/)
Copyright (C) 1995-1998 Eric Young (eay@cryptsoft.com)
All rights reserved.
This product includes cryptographic software written by Eric Young (eay@cryptsoft.com)
HDL-1007 : back to file '../../src/sdram/enc_file/sdr_as_ram.enc.v' in ../../src/sdram/enc_file/sdr_as_ram.enc.v(148)
HDL-1007 : analyze verilog file ../../src/sdram/enc_file/sdr_init_ref.enc.v
HDL-1007 : undeclared symbol '**', assumed default net type '**' in encrypted_text(0)
HDL-1007 : back to file '../../src/sdram/enc_file/sdr_init_ref.enc.v' in ../../src/sdram/enc_file/sdr_init_ref.enc.v(242)
HDL-5007 WARNING: concatenation with an unsized literal will be treated as 32 bits in encrypted_text(0)
HDL-1007 : analyze verilog file ../../src/sdram/enc_file/sdr_wrrd.enc.v
HDL-5007 WARNING: concatenation with an unsized literal will be treated as 32 bits in encrypted_text(0)
HDL-1007 : back to file '../../src/sdram/enc_file/sdr_wrrd.enc.v' in ../../src/sdram/enc_file/sdr_wrrd.enc.v(255)
HDL-1007 : analyze verilog file ../../src/sdram/sdram.v
HDL-1007 : analyze included file D:\Projects\2023_10_10_HX4S20_test\spi_FLASH_SDRAM_pic\HX4S20\/./src/sdram/enc_file/global_def.v in ../../src/sdram/sdram.v(10)
HDL-1007 : back to file '../../src/sdram/sdram.v' in ../../src/sdram/sdram.v(10)
HDL-1007 : undeclared symbol 'Sdr_busy', assumed default net type 'wire' in ../../src/sdram/sdram.v(63)
HDL-1007 : undeclared symbol 'SDR_CKE', assumed default net type 'wire' in ../../src/sdram/sdram.v(88)
RUN-1001 : Project manager successfully analyzed 25 source files.
RUN-1002 : start command "import_device eagle_s20.db -package EG4S20BG256"
ARC-1001 : Device Initialization.
ARC-1001 : ------------------------------------------------------------------
ARC-1001 :            OPTION            |          IO          |   SETTING   
ARC-1001 : ------------------------------------------------------------------
ARC-1001 :   cso_b/cclk/mosi/miso/dout  |  T3/R11/T10/P10/S11  |    gpio    
ARC-1001 :             done             |         P13          |    gpio    
ARC-1001 :           program_b          |          T2          |  dedicate  
ARC-1001 :        tdi/tms/tck/tdo       |   C12/A15/C14/E14    |  dedicate  
ARC-1001 : ------------------------------------------------------------------
ARC-1004 : Device setting, marked 5 dedicate IOs in total.
RUN-1002 : start command "import_db ../syn_1/pic_sdram_gate.db"
RUN-1001 : Importing database generated by Tang Dynasty, V5.6.71036.
RUN-1001 : Database version number 46146.
RUN-1001 : Import flow parameters
RUN-1001 : Import timing constraints
RUN-1001 : Import IO constraints
RUN-1001 : Import Inst constraints
RUN-1001 : Import design success TD_VERSION=5.6.71036 , DB_VERSION=46146
RUN-1002 : start command "read_sdc ../../top.sdc"
RUN-1002 : start command "get_ports clk"
RUN-1002 : start command "create_clock -name clk -period 20 -waveform 0 10 "
RUN-1102 : create_clock: clock name: clk, type: 0, period: 20000, rise: 0, fall: 10000.
RUN-1002 : start command "derive_pll_clocks"
USR-1002 : Gen clock cmd:  create_generated_clock -name {sys_pll_m0/pll_inst.clkc[0]} -source [get_ports {clk}] -master_clock {clk} -multiply_by 2.0000 [get_pins {sys_pll_m0/pll_inst.clkc[0]}]
RUN-1002 : start command "get_ports clk"
RUN-1002 : start command "get_pins sys_pll_m0/pll_inst.clkc[0]"
RUN-1002 : start command "create_generated_clock -name sys_pll_m0/pll_inst.clkc[0] -source  -master_clock clk -multiply_by 2.0000 "
USR-1002 : Gen clock cmd:  create_generated_clock -name {sys_pll_m0/pll_inst.clkc[1]} -source [get_ports {clk}] -master_clock {clk} -multiply_by 2.0000 [get_pins {sys_pll_m0/pll_inst.clkc[1]}]
RUN-1002 : start command "get_ports clk"
RUN-1002 : start command "get_pins sys_pll_m0/pll_inst.clkc[1]"
RUN-1002 : start command "create_generated_clock -name sys_pll_m0/pll_inst.clkc[1] -source  -master_clock clk -multiply_by 2.0000 "
USR-1002 : Gen clock cmd:  create_generated_clock -name {video_pll_m0/pll_inst.clkc[0]} -source [get_ports {clk}] -master_clock {clk} -divide_by 2.0000 [get_pins {video_pll_m0/pll_inst.clkc[0]}]
RUN-1002 : start command "get_ports clk"
RUN-1002 : start command "get_pins video_pll_m0/pll_inst.clkc[0]"
RUN-1002 : start command "create_generated_clock -name video_pll_m0/pll_inst.clkc[0] -source  -master_clock clk -divide_by 2.0000 "
RUN-1002 : start command "get_ports clk"
RUN-1002 : start command "get_pins sys_pll_m0/pll_inst.clkc[0]"
RUN-1002 : start command "rename_clock -name sd_card_clk -source  -master_clock clk "
RUN-1105 : Rename Clock: clock sys_pll_m0/pll_inst.clkc[0] was renamed, new name is sd_card_clk.
RUN-1002 : start command "get_ports clk"
RUN-1002 : start command "get_pins sys_pll_m0/pll_inst.clkc[1]"
RUN-1002 : start command "rename_clock -name ext_mem_clk -source  -master_clock clk "
RUN-1105 : Rename Clock: clock sys_pll_m0/pll_inst.clkc[1] was renamed, new name is ext_mem_clk.
RUN-1002 : start command "get_ports clk"
RUN-1002 : start command "get_pins sys_pll_m0/pll_inst.clkc[2]"
RUN-1002 : start command "rename_clock -name flash_sys_clk -source  -master_clock clk "
RUN-1107 : Rename Clock: new clock flash_sys_clk is created by rename_clock temporarily.
RUN-1002 : start command "get_ports clk"
RUN-1002 : start command "get_pins video_pll_m0/pll_inst.clkc[0]"
RUN-1002 : start command "rename_clock -name video_clk -source  -master_clock clk "
RUN-1105 : Rename Clock: clock video_pll_m0/pll_inst.clkc[0] was renamed, new name is video_clk.
RUN-1002 : start command "read_sdc -ip afifo_16_256 ../../al_ip/afifo_16_256.tcl"
RUN-1002 : start command "get_ports clkw"
RUN-1002 : start command "get_nets  clkw  "
RUN-1002 : start command "get_clocks -nowarn -of nets 8972186681344"
RUN-1002 : start command "get_ports clkr"
RUN-1002 : start command "get_nets  clkr  "
RUN-1002 : start command "get_clocks -nowarn -of nets 17888538787840"
RUN-1002 : start command "get_property -nowarn -max PERIOD "
RUN-1002 : start command "get_property -nowarn -max PERIOD "
RUN-1002 : start command "get_regs rd_to_wr_cross_inst/primary_addr_gray_reg[*]"
RUN-1002 : start command "get_regs rd_to_wr_cross_inst/sync_r1[*]"
RUN-1002 : start command "set_max_delay -from  -to  9.6999999999999993 -datapath_only"
RUN-1002 : start command "get_regs rd_to_wr_cross_inst/primary_addr_gray_reg[*]"
RUN-1002 : start command "get_regs rd_to_wr_cross_inst/sync_r1[*]"
RUN-1002 : start command "set_false_path -from  -to  -hold 9.6999999999999993"
USR-1002 : set_false_path -help -setup -hold -from <list> -rise_from <list> -fall_from <list> -to <list> -rise_to <list> -fall_to <list> -through <list>
RUN-1002 : start command "get_regs wr_to_rd_cross_inst/primary_addr_gray_reg[*]"
RUN-1002 : start command "get_regs wr_to_rd_cross_inst/sync_r1[*]"
RUN-1002 : start command "set_max_delay -from  -to  9.6999999999999993 -datapath_only"
RUN-1002 : start command "get_regs wr_to_rd_cross_inst/primary_addr_gray_reg[*]"
RUN-1002 : start command "get_regs wr_to_rd_cross_inst/sync_r1[*]"
RUN-1002 : start command "set_false_path -from  -to  -hold 9.6999999999999993"
USR-1002 : set_false_path -help -setup -hold -from <list> -rise_from <list> -fall_from <list> -to <list> -rise_to <list> -fall_to <list> -through <list>
RUN-1002 : start command "get_ports clkw"
RUN-1002 : start command "get_nets  clkw  "
RUN-1002 : start command "get_clocks -nowarn -of nets 23862838296576"
RUN-1002 : start command "get_ports clkr"
RUN-1002 : start command "get_nets  clkr  "
RUN-1002 : start command "get_clocks -nowarn -of nets 8972186681344"
RUN-1002 : start command "get_property -nowarn -max PERIOD "
RUN-1002 : start command "get_property -nowarn -max PERIOD "
RUN-1002 : start command "get_regs rd_to_wr_cross_inst/primary_addr_gray_reg[*]"
RUN-1002 : start command "get_regs rd_to_wr_cross_inst/sync_r1[*]"
RUN-1002 : start command "set_max_delay -from  -to  9.6999999999999993 -datapath_only"
RUN-1002 : start command "get_regs rd_to_wr_cross_inst/primary_addr_gray_reg[*]"
RUN-1002 : start command "get_regs rd_to_wr_cross_inst/sync_r1[*]"
RUN-1002 : start command "set_false_path -from  -to  -hold 9.6999999999999993"
USR-1002 : set_false_path -help -setup -hold -from <list> -rise_from <list> -fall_from <list> -to <list> -rise_to <list> -fall_to <list> -through <list>
RUN-1002 : start command "get_regs wr_to_rd_cross_inst/primary_addr_gray_reg[*]"
RUN-1002 : start command "get_regs wr_to_rd_cross_inst/sync_r1[*]"
RUN-1002 : start command "set_max_delay -from  -to  9.6999999999999993 -datapath_only"
RUN-1002 : start command "get_regs wr_to_rd_cross_inst/primary_addr_gray_reg[*]"
RUN-1002 : start command "get_regs wr_to_rd_cross_inst/sync_r1[*]"
RUN-1002 : start command "set_false_path -from  -to  -hold 9.6999999999999993"
USR-1002 : set_false_path -help -setup -hold -from <list> -rise_from <list> -fall_from <list> -to <list> -rise_to <list> -fall_to <list> -through <list>
RUN-1002 : start command "config_chipwatcher ../../A.cwc -dir "
RUN-1002 : start command "legalize_phy_inst"
SYN-1011 : Flatten model top
KIT-1004 : ChipWatcher: import watcher inst auto_chipwatcher_0 completed, there are 7 view nodes, 71 trigger nets, 71 data nets.
KIT-1004 : Chipwatcher code = 0110110111010100
RUN-1002 : start command "compile_watcher"
RUN-1002 : start command "read_verilog -no_sch -dir D:/Program/Anlogic/TD5.6.2/cw/ -file pic_sdram_watcherInst.sv -lib cw -top CW_TOP_WRAPPER"
HDL-1007 : analyze verilog file D:/Program/Anlogic/TD5.6.2/cw\bus_det.v
HDL-1007 : analyze verilog file D:/Program/Anlogic/TD5.6.2/cw\bus_top.sv
HDL-1007 : analyze verilog file D:/Program/Anlogic/TD5.6.2/cw\cfg_int.v
HDL-1007 : analyze verilog file D:/Program/Anlogic/TD5.6.2/cw\cwc_cfg_int.v
HDL-1007 : analyze verilog file D:/Program/Anlogic/TD5.6.2/cw\cwc_top.sv
HDL-1007 : analyze verilog file D:/Program/Anlogic/TD5.6.2/cw\detect_bus.v
HDL-1007 : analyze verilog file D:/Program/Anlogic/TD5.6.2/cw\detect_non_bus.v
HDL-1007 : analyze verilog file D:/Program/Anlogic/TD5.6.2/cw\emb_ctrl.v
HDL-1007 : analyze verilog file D:/Program/Anlogic/TD5.6.2/cw\register.v
HDL-1007 : analyze verilog file D:/Program/Anlogic/TD5.6.2/cw\tap.v
HDL-1007 : analyze verilog file D:/Program/Anlogic/TD5.6.2/cw\trigger.sv
HDL-1007 : analyze verilog file pic_sdram_watcherInst.sv
HDL-1007 : elaborate module CW_TOP_WRAPPER in pic_sdram_watcherInst.sv(1)
HDL-1007 : elaborate module cwc_top(BUS_NUM=7,BUS_DIN_NUM=71,BUS_CTRL_NUM=170,BUS_WIDTH='{32'sb01,32'sb01,32'sb0101,32'sb0110,32'sb0101,32'sb010101,32'sb0100000},BUS_DIN_POS='{32'sb0,32'sb01,32'sb010,32'sb0111,32'sb01101,32'sb010010,32'sb0100111},BUS_CTRL_POS='{32'sb0,32'sb0110,32'sb01100,32'sb011010,32'sb0101010,32'sb0111000,32'sb01100110}) in D:/Program/Anlogic/TD5.6.2/cw\cwc_top.sv(21)
HDL-1007 : elaborate module cwc_cfg_int(CTRL_REG_LEN=192) in D:/Program/Anlogic/TD5.6.2/cw\cwc_cfg_int.v(21)
HDL-1007 : elaborate module register(CTRL_REG_LEN=192) in D:/Program/Anlogic/TD5.6.2/cw\register.v(21)
HDL-1007 : elaborate module tap in D:/Program/Anlogic/TD5.6.2/cw\tap.v(21)
HDL-1007 : elaborate module trigger(BUS_NUM=7,BUS_DIN_NUM=71,BUS_CTRL_NUM=170,BUS_WIDTH='{32'sb01,32'sb01,32'sb0101,32'sb0110,32'sb0101,32'sb010101,32'sb0100000},BUS_DIN_POS='{32'sb0,32'sb01,32'sb010,32'sb0111,32'sb01101,32'sb010010,32'sb0100111},BUS_CTRL_POS='{32'sb0,32'sb0110,32'sb01100,32'sb011010,32'sb0101010,32'sb0111000,32'sb01100110}) in D:/Program/Anlogic/TD5.6.2/cw\trigger.sv(21)
HDL-1007 : elaborate module bus_top(BUS_NODE_NUM=7,BUS_DIN_NUM=71,BUS_CTRL_NUM=170,BUS_WIDTH='{32'sb01,32'sb01,32'sb0101,32'sb0110,32'sb0101,32'sb010101,32'sb0100000},BUS_DIN_POS='{32'sb0,32'sb01,32'sb010,32'sb0111,32'sb01101,32'sb010010,32'sb0100111},BUS_CTRL_POS='{32'sb0,32'sb0110,32'sb01100,32'sb011010,32'sb0101010,32'sb0111000,32'sb01100110}) in D:/Program/Anlogic/TD5.6.2/cw\bus_top.sv(22)
HDL-1007 : elaborate module bus_det(BUS_WIDTH=32'sb01) in D:/Program/Anlogic/TD5.6.2/cw\bus_det.v(21)
HDL-1007 : elaborate module bus_det(BUS_WIDTH=32'sb0101) in D:/Program/Anlogic/TD5.6.2/cw\bus_det.v(21)
HDL-1007 : elaborate module bus_det(BUS_WIDTH=32'sb0110) in D:/Program/Anlogic/TD5.6.2/cw\bus_det.v(21)
HDL-1007 : elaborate module bus_det(BUS_WIDTH=32'sb010101) in D:/Program/Anlogic/TD5.6.2/cw\bus_det.v(21)
HDL-1007 : elaborate module bus_det(BUS_WIDTH=32'sb0100000) in D:/Program/Anlogic/TD5.6.2/cw\bus_det.v(21)
HDL-1007 : elaborate module emb_ctrl in D:/Program/Anlogic/TD5.6.2/cw\emb_ctrl.v(21)
HDL-1200 : Current top model is CW_TOP_WRAPPER
HDL-1100 : Inferred 0 RAMs.
RUN-1002 : start command "force_keep -a auto_chipwatcher_0_logicbram"
RUN-1002 : start command "optimize_rtl -no_sch"
RUN-1001 : Open license file D:/Program/Anlogic/TD5.6.2/license/Anlogic.lic
RUN-1001 : Print Global Property
RUN-1001 : ---------------------------------------------------------------
RUN-1001 :        Parameters        |  Settings  |  Default Values  |  Note  
RUN-1001 : ---------------------------------------------------------------
RUN-1001 :          message         |  standard  |     standard     |        
RUN-1001 :   mixed_pack_place_flow  |     on     |        on        |        
RUN-1001 :        qor_monitor       |    off     |       off        |        
RUN-1001 :        syn_ip_flow       |    off     |       off        |        
RUN-1001 :          thread          |    auto    |       auto       |        
RUN-1001 : ---------------------------------------------------------------
RUN-1001 : Print Rtl Property
RUN-1001 : --------------------------------------------------------------
RUN-1001 :        Parameters       |  Settings  |  Default Values  |  Note  
RUN-1001 : --------------------------------------------------------------
RUN-1001 :       compress_add      |   ripple   |      ripple      |        
RUN-1001 :        elf_sload        |    off     |       off        |        
RUN-1001 :       fix_undriven      |     0      |        0         |        
RUN-1001 :         flatten         |    off     |       off        |        
RUN-1001 :       gate_sharing      |     on     |        on        |        
RUN-1001 :    hdl_warning_level    |   normal   |      normal      |        
RUN-1001 :   impl_internal_tribuf  |     on     |        on        |        
RUN-1001 :      impl_set_reset     |     on     |        on        |        
RUN-1001 :        infer_gsr        |    off     |       off        |        
RUN-1001 :      keep_hierarchy     |    auto    |       auto       |        
RUN-1001 :        max_fanout       |    9999    |       9999       |        
RUN-1001 :      max_oh2bin_len     |     10     |        10        |        
RUN-1001 :       merge_equal       |     on     |        on        |        
RUN-1001 :       merge_equiv       |     on     |        on        |        
RUN-1001 :        merge_mux        |    off     |       off        |        
RUN-1001 :     min_control_set     |     8      |        8         |        
RUN-1001 :      min_ripple_len     |    auto    |       auto       |        
RUN-1001 :       oh2bin_ratio      |    0.08    |       0.08       |        
RUN-1001 :     opt_adder_fanout    |     on     |        on        |        
RUN-1001 :        opt_arith        |     on     |        on        |        
RUN-1001 :       opt_big_gate      |    off     |       off        |        
RUN-1001 :        opt_const        |     on     |        on        |        
RUN-1001 :      opt_const_mult     |     on     |        on        |        
RUN-1001 :       opt_lessthan      |     on     |        on        |        
RUN-1001 :         opt_mux         |    off     |       off        |        
RUN-1001 :         opt_ram         |    high    |       high       |        
RUN-1001 :      rtl_sim_model      |    off     |       off        |        
RUN-1001 :         seq_syn         |     on     |        on        |        
RUN-1001 : --------------------------------------------------------------
SYN-1012 : SanityCheck: Model "top"
SYN-1012 : SanityCheck: Model "CW_TOP_WRAPPER"
SYN-1012 : SanityCheck: Model "cwc_top(BUS_NUM=7,BUS_DIN_NUM=71,BUS_CTRL_NUM=170,BUS_WIDTH='{32'sb01,32'sb01,32'sb0101,32'sb0110,32'sb0101,32'sb010101,32'sb0100000},BUS_DIN_POS='{32'sb0,32'sb01,32'sb010,32'sb0111,32'sb01101,32'sb010010,32'sb0100111},BUS_CTRL_POS='{32'sb0,32'sb0110,32'sb01100,32'sb011010,32'sb0101010,32'sb0111000,32'sb01100110})"
SYN-1012 : SanityCheck: Model "cwc_cfg_int(CTRL_REG_LEN=192)"
SYN-1012 : SanityCheck: Model "register(CTRL_REG_LEN=192)"
SYN-1012 : SanityCheck: Model "tap"
SYN-1012 : SanityCheck: Model "trigger(BUS_NUM=7,BUS_DIN_NUM=71,BUS_CTRL_NUM=170,BUS_WIDTH='{32'sb01,32'sb01,32'sb0101,32'sb0110,32'sb0101,32'sb010101,32'sb0100000},BUS_DIN_POS='{32'sb0,32'sb01,32'sb010,32'sb0111,32'sb01101,32'sb010010,32'sb0100111},BUS_CTRL_POS='{32'sb0,32'sb0110,32'sb01100,32'sb011010,32'sb0101010,32'sb0111000,32'sb01100110})"
SYN-1012 : SanityCheck: Model "bus_top(BUS_NODE_NUM=7,BUS_DIN_NUM=71,BUS_CTRL_NUM=170,BUS_WIDTH='{32'sb01,32'sb01,32'sb0101,32'sb0110,32'sb0101,32'sb010101,32'sb0100000},BUS_DIN_POS='{32'sb0,32'sb01,32'sb010,32'sb0111,32'sb01101,32'sb010010,32'sb0100111},BUS_CTRL_POS='{32'sb0,32'sb0110,32'sb01100,32'sb011010,32'sb0101010,32'sb0111000,32'sb01100110})"
SYN-1012 : SanityCheck: Model "bus_det(BUS_WIDTH=32'sb01)"
SYN-1012 : SanityCheck: Model "bus_det(BUS_WIDTH=32'sb0101)"
SYN-1012 : SanityCheck: Model "bus_det(BUS_WIDTH=32'sb0110)"
SYN-1012 : SanityCheck: Model "bus_det(BUS_WIDTH=32'sb010101)"
SYN-1012 : SanityCheck: Model "bus_det(BUS_WIDTH=32'sb0100000)"
SYN-1012 : SanityCheck: Model "emb_ctrl"
SYN-1011 : Flatten model top
SYN-1032 : 4794/33 useful/useless nets, 3301/16 useful/useless insts
SYN-1016 : Merged 36 instances.
SYN-1032 : 4339/4 useful/useless nets, 3893/4 useful/useless insts
SYN-1014 : Optimize round 1
SYN-1032 : 4323/16 useful/useless nets, 3881/12 useful/useless insts
SYN-1021 : Optimized 5 onehot mux instances.
SYN-1020 : Optimized 1 distributor mux.
SYN-1019 : Optimized 5 mux instances.
SYN-1015 : Optimize round 1, 593 better
SYN-1014 : Optimize round 2
SYN-1032 : 3837/75 useful/useless nets, 3395/80 useful/useless insts
SYN-1015 : Optimize round 2, 160 better
SYN-1014 : Optimize round 1
SYN-1015 : Optimize round 1, 0 better
RUN-1002 : start command "optimize_gate -no_sch"
RUN-1001 : Open license file D:/Program/Anlogic/TD5.6.2/license/Anlogic.lic
RUN-1001 : Print Global Property
RUN-1001 : ---------------------------------------------------------------
RUN-1001 :        Parameters        |  Settings  |  Default Values  |  Note  
RUN-1001 : ---------------------------------------------------------------
RUN-1001 :          message         |  standard  |     standard     |        
RUN-1001 :   mixed_pack_place_flow  |     on     |        on        |        
RUN-1001 :        qor_monitor       |    off     |       off        |        
RUN-1001 :        syn_ip_flow       |    off     |       off        |        
RUN-1001 :          thread          |    auto    |       auto       |        
RUN-1001 : ---------------------------------------------------------------
RUN-1001 : Print Gate Property
RUN-1001 : ------------------------------------------------------------------
RUN-1001 :          Parameters         |  Settings  |  Default Values  |  Note  
RUN-1001 : ------------------------------------------------------------------
RUN-1001 :         cascade_dsp         |    off     |       off        |        
RUN-1001 :         cascade_eram        |    off     |       off        |        
RUN-1001 :        gate_sim_model       |    off     |       off        |        
RUN-1001 :        map_sim_model        |    off     |       off        |        
RUN-1001 :         map_strategy        |     1      |        1         |        
RUN-1001 :           opt_area          |   medium   |      medium      |        
RUN-1001 :          opt_timing         |    auto    |       auto       |        
RUN-1001 :         pack_effort         |   medium   |      medium      |        
RUN-1001 :      pack_lslice_ripple     |     on     |        on        |        
RUN-1001 :   pack_lslice_ripple_ratio  |    0.5     |       0.5        |        
RUN-1001 :        pack_seq_in_io       |    auto    |       auto       |        
RUN-1001 :        ph1_mux_ratio        |    1.0     |       1.0        |        
RUN-1001 :            report           |  standard  |     standard     |        
RUN-1001 :           retiming          |    off     |       off        |        
RUN-1001 : ------------------------------------------------------------------
SYN-2001 : Map 47 IOs to PADs
RUN-1002 : start command "update_pll_param -module top"
SYN-2501 : Processed 0 LOGIC_BUF instances.
SYN-2512 : LOGIC BRAM "auto_chipwatcher_0_logicbram"
SYN-2571 : Optimize after map_dsp, round 1
SYN-2571 : Optimize after map_dsp, round 1, 0 better
SYN-1001 : Throwback 3 control mux instances
SYN-2501 : Optimize round 1
SYN-1016 : Merged 69 instances.
SYN-2501 : Optimize round 1, 140 better
SYN-2501 : Optimize round 2
SYN-2501 : Optimize round 2, 0 better
SYN-2501 : Map 20 macro adder
SYN-1019 : Optimized 21 mux instances.
SYN-1016 : Merged 13 instances.
SYN-1032 : 4496/2 useful/useless nets, 4061/1 useful/useless insts
RUN-1002 : start command "start_timer -prepack"
TMR-2505 : Start building timing graph for model top.
TMR-2506 : Build timing graph completely. Port num: 22, tpin num: 16687, tnet num: 4496, tinst num: 4060, tnode num: 21758, tedge num: 25688.
TMR-2508 : Levelizing timing graph completed, there are 85 levels in total.
TMR-2501 : Timing graph initialized successfully.
TMR-2503 : Start to update net delay, extr mode = 2.
TMR-2504 : Update delay of 4496 nets completely.
TMR-2502 : Annotate delay completely, extr mode = 2.
TMR-3001 : Initiate 4 clocks from SDC.
TMR-3004 : Map sdc constraints, there are 8 constraints in total.
TMR-3003 : Constraints initiated successfully.
TMR-3501 : Forward propagation: start to calculate arrival time...
TMR-3502 : Backward propagation: start to calculate required time...
TMR-3503 : Timing propagation completes.
SYN-3001 : Running gate level optimization.
SYN-2581 : Mapping with K=5, #lut = 331 (3.25), #lev = 8 (1.63)
SYN-2551 : Post LUT mapping optimization.
SYN-2581 : Mapping with K=5, #lut = 327 (3.27), #lev = 8 (1.64)
SYN-3001 : Logic optimization runtime opt =   0.03 sec, map =   0.00 sec
SYN-3001 : Mapper mapped 713 instances into 327 LUTs, name keeping = 71%.
SYN-1001 : Packing model "top" ...
SYN-4010 : Pack lib has 58 rtl pack models with 25 top pack blocks
SYN-1014 : Optimize round 1
SYN-1015 : Optimize round 1, 0 better
SYN-4002 : Packing 570 DFF/LATCH to SEQ ...
SYN-4009 : Pack 8 carry chain into lslice
SYN-4007 : Packing 194 adder to BLE ...
SYN-4008 : Packed 194 adder and 0 SEQ to BLE.
SYN-4007 : Packing 0 gate4 to BLE ...
SYN-4008 : Packed 0 gate4 and 0 SEQ to BLE.
SYN-4012 : Packed 0 FxMUX
RUN-1002 : start command "legalize_phy_inst"
SYN-1011 : Flatten model top
KIT-1004 : Compile Chipwatcher: Clear obsolete physical data.
RUN-1003 : finish command "compile_watcher" in  1.677524s wall, 1.265625s user + 0.078125s system = 1.343750s CPU (80.1%)

RUN-1004 : used memory is 159 MB, reserved memory is 124 MB, peak memory is 200 MB
RUN-1002 : start command "place"
RUN-1001 : Open license file D:/Program/Anlogic/TD5.6.2/license/Anlogic.lic
RUN-1001 : Print Global Property
RUN-1001 : ---------------------------------------------------------------
RUN-1001 :        Parameters        |  Settings  |  Default Values  |  Note  
RUN-1001 : ---------------------------------------------------------------
RUN-1001 :          message         |  standard  |     standard     |        
RUN-1001 :   mixed_pack_place_flow  |     on     |        on        |        
RUN-1001 :        qor_monitor       |    off     |       off        |        
RUN-1001 :        syn_ip_flow       |    off     |       off        |        
RUN-1001 :          thread          |    auto    |       auto       |        
RUN-1001 : ---------------------------------------------------------------
RUN-1001 : Print Place Property
RUN-1001 : --------------------------------------------------------------
RUN-1001 :        Parameters       |  Settings  |  Default Values  |  Note  
RUN-1001 : --------------------------------------------------------------
RUN-1001 :      detailed_place     |     on     |        on        |        
RUN-1001 :          effort         |   medium   |      medium      |        
RUN-1001 :         fix_hold        |    off     |       off        |        
RUN-1001 :       legalization      |    ori     |       ori        |        
RUN-1001 :      new_spreading      |     on     |        on        |        
RUN-1001 :        opt_timing       |   medium   |      medium      |        
RUN-1001 :   post_clock_route_opt  |    off     |       off        |        
RUN-1001 :       pr_strategy       |     1      |        1         |        
RUN-1001 :        relaxation       |    1.00    |       1.00       |        
RUN-1001 :         retiming        |    off     |       off        |        
RUN-1001 : --------------------------------------------------------------
PHY-3001 : Placer runs in 16 thread(s).
RUN-1002 : start command "legalize_phy_inst"
SYN-1011 : Flatten model top
SYN-5055 WARNING: The kept net frame_read_write_m0/frame_fifo_read_m0/App_rd_en_d0 will be merged to another kept net U3/App_rd_en
SYN-5055 WARNING: The kept net U3/u2_ram/u2_wrrd/App_rd_en will be merged to another kept net U3/App_rd_en
SYN-5055 WARNING: The kept net frame_read_write_m0/Sdr_rd_dout[15] will be merged to another kept net U3/Sdr_rd_dout[15]
SYN-5055 WARNING: The kept net frame_read_write_m0/Sdr_rd_dout[14] will be merged to another kept net U3/Sdr_rd_dout[14]
SYN-5055 WARNING: The kept net frame_read_write_m0/Sdr_rd_dout[13] will be merged to another kept net U3/Sdr_rd_dout[13]
SYN-5055 WARNING: The kept net frame_read_write_m0/Sdr_rd_dout[12] will be merged to another kept net U3/Sdr_rd_dout[12]
SYN-5055 WARNING: The kept net frame_read_write_m0/Sdr_rd_dout[11] will be merged to another kept net U3/Sdr_rd_dout[11]
SYN-5055 WARNING: The kept net frame_read_write_m0/Sdr_rd_dout[10] will be merged to another kept net U3/Sdr_rd_dout[10]
SYN-5055 WARNING: The kept net frame_read_write_m0/Sdr_rd_dout[9] will be merged to another kept net U3/Sdr_rd_dout[9]
SYN-5055 WARNING: The kept net frame_read_write_m0/Sdr_rd_dout[8] will be merged to another kept net U3/Sdr_rd_dout[8]
SYN-5055 Similar messages will be suppressed.
RUN-1002 : start command "phys_opt -simplify_lut"
SYN-1032 : 3609/1 useful/useless nets, 3158/0 useful/useless insts
SYN-4016 : Net frame_read_write_m0/write_buf/clkw driven by BUFG (408 clock/control pins, 1 other pins).
SYN-4016 : Net frame_read_write_m0/read_buf/clkr driven by BUFG (110 clock/control pins, 1 other pins).
SYN-4016 : Net config_inst_syn_10 driven by BUFG (403 clock/control pins, 0 other pins).
SYN-4027 : Net U3/u2_ram/SDRAM_CLK is clkc1 of pll sys_pll_m0/pll_inst.
SYN-4019 : Net clk_dup_1 is refclk of pll sys_pll_m0/pll_inst.
SYN-4020 : Net clk_dup_1 is fbclk of pll sys_pll_m0/pll_inst.
SYN-4019 : Net clk_dup_1 is refclk of pll video_pll_m0/pll_inst.
SYN-4020 : Net clk_dup_1 is fbclk of pll video_pll_m0/pll_inst.
SYN-4025 : Tag rtl::Net U3/u2_ram/SDRAM_CLK as clock net
SYN-4025 : Tag rtl::Net clk_dup_1 as clock net
SYN-4025 : Tag rtl::Net config_inst_syn_10 as clock net
SYN-4025 : Tag rtl::Net frame_read_write_m0/read_buf/clkr as clock net
SYN-4025 : Tag rtl::Net frame_read_write_m0/write_buf/clkw as clock net
SYN-4026 : Tagged 5 rtl::Net as clock net
PHY-1001 : Populate physical database on model top.
RUN-1001 : There are total 3158 instances
RUN-0007 : 1270 luts, 1406 seqs, 247 mslices, 116 lslices, 102 pads, 9 brams, 0 dsps
RUN-1001 : There are total 3609 nets
RUN-1001 : 2262 nets have 2 pins
RUN-1001 : 1089 nets have [3 - 5] pins
RUN-1001 : 148 nets have [6 - 10] pins
RUN-1001 : 57 nets have [11 - 20] pins
RUN-1001 : 42 nets have [21 - 99] pins
RUN-1001 : 11 nets have 100+ pins
RUN-1001 : Report Control nets information:
RUN-1001 : DFF Distribution
RUN-1001 : ----------------------------------
RUN-1001 :   CE   |  SSR  |  ASR  |  DFF Count  
RUN-1001 : ----------------------------------
RUN-1001 :   No   |  No   |  No   |     115     
RUN-1001 :   No   |  No   |  Yes  |     600     
RUN-1001 :   No   |  Yes  |  No   |     35      
RUN-1001 :   Yes  |  No   |  No   |     16      
RUN-1001 :   Yes  |  No   |  Yes  |     601     
RUN-1001 :   Yes  |  Yes  |  No   |     39      
RUN-1001 : ----------------------------------
RUN-0007 : Control Group Statistic
RUN-0007 : ---------------------------
RUN-0007 :   #CLK  |  #CE  |  #SSR/ASR  
RUN-0007 : ---------------------------
RUN-0007 :    5    |  26   |     11     
RUN-0007 : ---------------------------
RUN-0007 : Control Set = 41
PHY-3001 : Initial placement ...
PHY-3001 : design contains 3156 instances, 1270 luts, 1406 seqs, 363 slices, 54 macros(363 instances: 247 mslices 116 lslices)
PHY-0007 : Cell area utilization is 10%
PHY-3001 : Start timing update ...
RUN-1002 : start command "start_timer -report"
TMR-2505 : Start building timing graph for model top.
TMR-2506 : Build timing graph completely. Port num: 22, tpin num: 14741, tnet num: 3607, tinst num: 3156, tnode num: 19729, tedge num: 23771.
TMR-2508 : Levelizing timing graph completed, there are 45 levels in total.
TMR-2501 : Timing graph initialized successfully.
TMR-2503 : Start to update net delay, extr mode = 2.
TMR-2504 : Update delay of 3607 nets completely.
TMR-2502 : Annotate delay completely, extr mode = 2.
TMR-3001 : Initiate 4 clocks from SDC.
TMR-3004 : Map sdc constraints, there are 8 constraints in total.
TMR-3003 : Constraints initiated successfully.
TMR-3501 : Forward propagation: start to calculate arrival time...
TMR-3502 : Backward propagation: start to calculate required time...
TMR-3503 : Timing propagation completes.
PHY-3001 : End timing update;  0.473885s wall, 0.343750s user + 0.000000s system = 0.343750s CPU (72.5%)

PHY-3001 : Global placement ...
PHY-3001 : Initial: Len = 877052
PHY-3001 : Clustering ...
PHY-3001 : Level 0 #clusters 3156.
PHY-3001 : End clustering;  0.000008s wall, 0.000000s user + 0.000000s system = 0.000000s CPU (n/a%)

PHY-3001 : Run with size of 4
PHY-3001 : Cell area utilization is 10%
PHY-3001 : :::0::: Try harder cell spreading with beta_ = 0
PHY-3002 : Step(1): len = 712817, overlap = 18
PHY-3002 : Step(2): len = 597863, overlap = 20.25
PHY-3002 : Step(3): len = 523171, overlap = 18
PHY-3002 : Step(4): len = 461080, overlap = 20.25
PHY-3002 : Step(5): len = 409389, overlap = 20.25
PHY-3002 : Step(6): len = 359208, overlap = 18.125
PHY-3002 : Step(7): len = 321212, overlap = 16.5625
PHY-3002 : Step(8): len = 286659, overlap = 16.0625
PHY-3002 : Step(9): len = 238737, overlap = 22.4688
PHY-3002 : Step(10): len = 220102, overlap = 25.375
PHY-3002 : Step(11): len = 189527, overlap = 33.5312
PHY-3002 : Step(12): len = 173985, overlap = 35.1562
PHY-3002 : Step(13): len = 160649, overlap = 48.7188
PHY-3002 : Step(14): len = 147224, overlap = 60.625
PHY-3002 : Step(15): len = 138082, overlap = 65.6562
PHY-3002 : Step(16): len = 129724, overlap = 65.1875
PHY-3002 : Step(17): len = 123374, overlap = 67.125
PHY-3002 : Step(18): len = 117646, overlap = 63.6562
PHY-3001 : :::1::: Try harder cell spreading with beta_ = 0.000245861
PHY-3002 : Step(19): len = 118070, overlap = 66.125
PHY-3002 : Step(20): len = 116442, overlap = 64.0312
PHY-3002 : Step(21): len = 113866, overlap = 63.9688
PHY-3002 : Step(22): len = 110471, overlap = 58.5938
PHY-3002 : Step(23): len = 107578, overlap = 59.125
PHY-3002 : Step(24): len = 106315, overlap = 61.0938
PHY-3002 : Step(25): len = 103747, overlap = 55.1875
PHY-3002 : Step(26): len = 103382, overlap = 57.0625
PHY-3002 : Step(27): len = 100551, overlap = 60.4375
PHY-3002 : Step(28): len = 100198, overlap = 60.1562
PHY-3002 : Step(29): len = 99267.8, overlap = 61.7188
PHY-3002 : Step(30): len = 99087.7, overlap = 61.8438
PHY-3002 : Step(31): len = 97704, overlap = 64.25
PHY-3002 : Step(32): len = 97544.3, overlap = 64.1562
PHY-3002 : Step(33): len = 96581.5, overlap = 62.25
PHY-3001 : :::2::: Try harder cell spreading with beta_ = 0.000491721
PHY-3002 : Step(34): len = 96545.8, overlap = 62.375
PHY-3002 : Step(35): len = 96498.9, overlap = 62.3438
PHY-3001 : :::3::: Try harder cell spreading with beta_ = 0.000983443
PHY-3002 : Step(36): len = 97366.4, overlap = 61.3125
PHY-3002 : Step(37): len = 97393.8, overlap = 61.3125
PHY-3001 : :::4::: Try harder cell spreading with beta_ = 0.00196689
PHY-3002 : Step(38): len = 97357.1, overlap = 61.2188
PHY-3002 : Step(39): len = 97224.5, overlap = 61.2188
PHY-3001 : :::5::: Try harder cell spreading with beta_ = 0.00365355
PHY-3002 : Step(40): len = 97206.9, overlap = 61.125
PHY-3002 : Step(41): len = 97140.6, overlap = 61.5625
PHY-3001 : Legalization ...
PHY-3001 : End legalization;  0.006435s wall, 0.000000s user + 0.000000s system = 0.000000s CPU (n/a%)

PHY-3001 : Run with size of 4
PHY-3001 : Cell area utilization is 13%
PHY-3001 : Update timing in Manhattan mode ...
TMR-2503 : Start to update net delay, extr mode = 3.
TMR-2504 : Update delay of 3607 nets completely.
TMR-2502 : Annotate delay completely, extr mode = 3.
TMR-3501 : Forward propagation: start to calculate arrival time...
TMR-3502 : Backward propagation: start to calculate required time...
TMR-3503 : Timing propagation completes.
PHY-3001 : End timing update;  0.070442s wall, 0.000000s user + 0.062500s system = 0.062500s CPU (88.7%)

PHY-3001 : :::0::: Try harder cell spreading with beta_ = 1.59053e-05
PHY-3002 : Step(42): len = 97082.5, overlap = 85.8438
PHY-3002 : Step(43): len = 96978.2, overlap = 86.0625
PHY-3002 : Step(44): len = 96061.5, overlap = 86.1562
PHY-3002 : Step(45): len = 96029.2, overlap = 85
PHY-3002 : Step(46): len = 95092.4, overlap = 86.9375
PHY-3002 : Step(47): len = 94612.5, overlap = 85.6875
PHY-3002 : Step(48): len = 93232.6, overlap = 85.7188
PHY-3002 : Step(49): len = 91886.2, overlap = 74.1875
PHY-3002 : Step(50): len = 91744.8, overlap = 73.9062
PHY-3002 : Step(51): len = 90941.9, overlap = 73.9375
PHY-3002 : Step(52): len = 90299, overlap = 75.2812
PHY-3002 : Step(53): len = 89932, overlap = 73.875
PHY-3002 : Step(54): len = 88716.1, overlap = 73.25
PHY-3002 : Step(55): len = 87778.6, overlap = 69.9375
PHY-3002 : Step(56): len = 86600.2, overlap = 68.9375
PHY-3002 : Step(57): len = 84454, overlap = 64.8438
PHY-3002 : Step(58): len = 83356.7, overlap = 61
PHY-3002 : Step(59): len = 82059.9, overlap = 56.1562
PHY-3002 : Step(60): len = 81011, overlap = 57.9375
PHY-3002 : Step(61): len = 80299.4, overlap = 56.4375
PHY-3002 : Step(62): len = 79949.3, overlap = 55.5625
PHY-3001 : :::1::: Try harder cell spreading with beta_ = 3.18107e-05
PHY-3002 : Step(63): len = 79541.2, overlap = 55.4375
PHY-3002 : Step(64): len = 79527.3, overlap = 55.25
PHY-3001 : :::2::: Try harder cell spreading with beta_ = 6.36213e-05
PHY-3002 : Step(65): len = 79676.7, overlap = 54.375
PHY-3002 : Step(66): len = 79908.6, overlap = 53.9062
PHY-3001 : Run with size of 2
PHY-3001 : Cell area utilization is 13%
PHY-3001 : Update timing in Manhattan mode ...
TMR-2503 : Start to update net delay, extr mode = 3.
TMR-2504 : Update delay of 3607 nets completely.
TMR-2502 : Annotate delay completely, extr mode = 3.
TMR-3501 : Forward propagation: start to calculate arrival time...
TMR-3502 : Backward propagation: start to calculate required time...
TMR-3503 : Timing propagation completes.
PHY-3001 : End timing update;  0.066107s wall, 0.062500s user + 0.000000s system = 0.062500s CPU (94.5%)

PHY-3001 : :::0::: Try harder cell spreading with beta_ = 2.54308e-05
PHY-3002 : Step(67): len = 79886.6, overlap = 132.875
PHY-3002 : Step(68): len = 80022.2, overlap = 132.594
PHY-3002 : Step(69): len = 82351.5, overlap = 112.781
PHY-3002 : Step(70): len = 83656.6, overlap = 109.969
PHY-3002 : Step(71): len = 83007.4, overlap = 109.219
PHY-3002 : Step(72): len = 82856.8, overlap = 108.969
PHY-3002 : Step(73): len = 82106.1, overlap = 107
PHY-3002 : Step(74): len = 81758.4, overlap = 107.25
PHY-3002 : Step(75): len = 81802.2, overlap = 105.188
PHY-3001 : :::1::: Try harder cell spreading with beta_ = 5.08616e-05
PHY-3002 : Step(76): len = 81663.1, overlap = 104.312
PHY-3002 : Step(77): len = 81875.8, overlap = 104.125
PHY-3002 : Step(78): len = 83050.6, overlap = 96.125
PHY-3001 : :::2::: Try harder cell spreading with beta_ = 0.000101723
PHY-3002 : Step(79): len = 83717.2, overlap = 93.375
PHY-3002 : Step(80): len = 84645.4, overlap = 83.2812
PHY-3002 : Step(81): len = 85885.9, overlap = 77.4375
PHY-3002 : Step(82): len = 85441.7, overlap = 75.125
PHY-3002 : Step(83): len = 85368.6, overlap = 75.1562
PHY-3002 : Step(84): len = 84785, overlap = 72.3438
PHY-3001 : :::3::: Try harder cell spreading with beta_ = 0.000203446
PHY-3002 : Step(85): len = 85360.7, overlap = 68.4688
PHY-3002 : Step(86): len = 85687.2, overlap = 68.3438
PHY-3002 : Step(87): len = 86180.8, overlap = 67.8125
PHY-3001 : :::4::: Try harder cell spreading with beta_ = 0.000406892
PHY-3002 : Step(88): len = 87272.3, overlap = 65.7812
PHY-3002 : Step(89): len = 87783.1, overlap = 66.25
PHY-3002 : Step(90): len = 87990.6, overlap = 67.2812
PHY-3001 : :::5::: Try harder cell spreading with beta_ = 0.000813785
PHY-3002 : Step(91): len = 88072.8, overlap = 66.4688
PHY-3002 : Step(92): len = 88258, overlap = 66.3125
PHY-3001 : :::6::: Try harder cell spreading with beta_ = 0.00162757
PHY-3002 : Step(93): len = 89055.4, overlap = 66.5625
PHY-3002 : Step(94): len = 89832.4, overlap = 64.9688
PHY-3002 : Step(95): len = 90196.2, overlap = 65.3438
OPT-1001 : Start physical optimization ...
RUN-1002 : start command "start_timer -report"
TMR-2505 : Start building timing graph for model top.
TMR-2506 : Build timing graph completely. Port num: 22, tpin num: 14741, tnet num: 3607, tinst num: 3156, tnode num: 19729, tedge num: 23771.
TMR-2508 : Levelizing timing graph completed, there are 45 levels in total.
TMR-2501 : Timing graph initialized successfully.
OPT-1001 : Total overflow 195.12 peak overflow 3.94
OPT-1001 : Start high-fanout net optimization ...
OPT-1001 : Update timing in global mode
PHY-1001 : Start incremental global routing, caller is place ...
RUN-1001 : Generating global routing grids ...
RUN-1001 : Building simple global routing graph ...
PHY-1001 : Generate routing nets ...
PHY-1001 : Reuse net number 0/3609.
PHY-1001 : Global iterations in 16 thread ...
PHY-1002 : len = 101784, over cnt = 354(1%), over = 1315, worst = 20
PHY-1001 : End global iterations;  0.122634s wall, 0.015625s user + 0.000000s system = 0.015625s CPU (12.7%)

PHY-1001 : Congestion index: top1 = 43.32, top5 = 29.12, top10 = 21.85, top15 = 17.23.
PHY-1001 : End incremental global routing;  0.170934s wall, 0.031250s user + 0.000000s system = 0.031250s CPU (18.3%)

TMR-2503 : Start to update net delay, extr mode = 5.
TMR-2504 : Update delay of 3607 nets completely.
TMR-2502 : Annotate delay completely, extr mode = 5.
TMR-3001 : Initiate 4 clocks from SDC.
TMR-3004 : Map sdc constraints, there are 8 constraints in total.
TMR-3003 : Constraints initiated successfully.
TMR-3501 : Forward propagation: start to calculate arrival time...
TMR-3502 : Backward propagation: start to calculate required time...
TMR-3503 : Timing propagation completes.
OPT-1001 : End timing update;  0.085988s wall, 0.062500s user + 0.000000s system = 0.062500s CPU (72.7%)

OPT-1001 : 1 high-fanout net processed.
PHY-3001 : Start incremental placement ...
PHY-1001 : Populate physical database on model top.
PHY-3001 : Initial placement ...
PHY-3001 : eco special cells: 1 has valid locations, 0 needs to be replaced
PHY-3001 : eco pad cells: 102 has valid locations, 0 needs to be replaced
PHY-3001 : eco cells: 3047 has valid locations, 4 needs to be replaced
PHY-3001 : design contains 3159 instances, 1273 luts, 1406 seqs, 363 slices, 54 macros(363 instances: 247 mslices 116 lslices)
PHY-3001 : Global placement ...
PHY-3001 : Initial: Len = 90611.8
PHY-3001 : Run with size of 4
PHY-3001 : Cell area utilization is 13%
PHY-3001 : Update timing in Manhattan mode ...
RUN-1002 : start command "start_timer -report"
TMR-2505 : Start building timing graph for model top.
TMR-2506 : Build timing graph completely. Port num: 22, tpin num: 14753, tnet num: 3610, tinst num: 3159, tnode num: 19741, tedge num: 23789.
TMR-2508 : Levelizing timing graph completed, there are 45 levels in total.
TMR-2501 : Timing graph initialized successfully.
TMR-2503 : Start to update net delay, extr mode = 3.
TMR-2504 : Update delay of 3610 nets completely.
TMR-2502 : Annotate delay completely, extr mode = 3.
TMR-3001 : Initiate 4 clocks from SDC.
TMR-3004 : Map sdc constraints, there are 8 constraints in total.
TMR-3003 : Constraints initiated successfully.
TMR-3501 : Forward propagation: start to calculate arrival time...
TMR-3502 : Backward propagation: start to calculate required time...
TMR-3503 : Timing propagation completes.
PHY-3001 : End timing update;  0.525254s wall, 0.296875s user + 0.000000s system = 0.296875s CPU (56.5%)

PHY-3001 : :::0::: Try harder cell spreading with beta_ = 0
PHY-3002 : Step(96): len = 90512.7, overlap = 5.0625
PHY-3002 : Step(97): len = 90526.3, overlap = 5.125
PHY-3002 : Step(98): len = 90538.7, overlap = 5.125
PHY-3002 : Step(99): len = 90538.7, overlap = 5.125
PHY-3001 : Run with size of 2
PHY-3001 : Cell area utilization is 13%
PHY-3001 : Update timing in Manhattan mode ...
TMR-2503 : Start to update net delay, extr mode = 3.
TMR-2504 : Update delay of 3610 nets completely.
TMR-2502 : Annotate delay completely, extr mode = 3.
TMR-3501 : Forward propagation: start to calculate arrival time...
TMR-3502 : Backward propagation: start to calculate required time...
TMR-3503 : Timing propagation completes.
PHY-3001 : End timing update;  0.065252s wall, 0.062500s user + 0.000000s system = 0.062500s CPU (95.8%)

PHY-3001 : :::0::: Try harder cell spreading with beta_ = 0.00212218
PHY-3002 : Step(100): len = 90538.2, overlap = 65.4062
PHY-3002 : Step(101): len = 90538.2, overlap = 65.4062
PHY-3001 : Final: Len = 90538.2, Over = 65.4062
PHY-3001 : End incremental placement;  0.702900s wall, 0.390625s user + 0.015625s system = 0.406250s CPU (57.8%)

OPT-1001 : Total overflow 195.12 peak overflow 3.94
OPT-1001 : End high-fanout net optimization;  1.008052s wall, 0.515625s user + 0.015625s system = 0.531250s CPU (52.7%)

OPT-1001 : Current memory(MB): used = 250, reserve = 217, peak = 251.
OPT-1001 : Start global optimization ...
OPT-1001 : Start congestion update ...
RUN-1001 : Generating global routing grids ...
PHY-1001 : Generate routing nets ...
PHY-1001 : Reuse net number 2417/3612.
PHY-1001 : Global iterations in 16 thread ...
PHY-1002 : len = 102040, over cnt = 352(1%), over = 1306, worst = 20
PHY-1002 : len = 112432, over cnt = 206(0%), over = 360, worst = 9
PHY-1002 : len = 113944, over cnt = 115(0%), over = 180, worst = 8
PHY-1002 : len = 116112, over cnt = 33(0%), over = 72, worst = 7
PHY-1002 : len = 117248, over cnt = 0(0%), over = 0, worst = 0
PHY-1001 : End global iterations;  0.125647s wall, 0.062500s user + 0.000000s system = 0.062500s CPU (49.7%)

PHY-1001 : Congestion index: top1 = 36.88, top5 = 27.90, top10 = 22.62, top15 = 18.56.
OPT-1001 : End congestion update;  0.174539s wall, 0.109375s user + 0.000000s system = 0.109375s CPU (62.7%)

OPT-1001 : Update timing in Manhattan mode
TMR-2503 : Start to update net delay, extr mode = 3.
TMR-2504 : Update delay of 3610 nets completely.
TMR-2502 : Annotate delay completely, extr mode = 3.
TMR-3501 : Forward propagation: start to calculate arrival time...
TMR-3502 : Backward propagation: start to calculate required time...
TMR-3503 : Timing propagation completes.
OPT-1001 : End timing update;  0.066765s wall, 0.046875s user + 0.000000s system = 0.046875s CPU (70.2%)

OPT-0007 : Start: WNS 4408 TNS 0 NUM_FEPS 0
OPT-1001 : End global optimization;  0.241547s wall, 0.156250s user + 0.000000s system = 0.156250s CPU (64.7%)

OPT-1001 : Current memory(MB): used = 251, reserve = 217, peak = 251.
OPT-1001 : End physical optimization;  1.711491s wall, 0.953125s user + 0.031250s system = 0.984375s CPU (57.5%)

PHY-3001 : Start packing ...
SYN-4007 : Packing 0 MUX to BLE ...
SYN-4008 : Packed 0 MUX and 0 SEQ to BLE.
SYN-4007 : Packing 1273 LUT to BLE ...
SYN-4008 : Packed 1273 LUT and 542 SEQ to BLE.
SYN-4003 : Packing 864 remaining SEQ's ...
SYN-4005 : Packed 424 SEQ with LUT/SLICE
SYN-4006 : 347 single LUT's are left
SYN-4006 : 440 single SEQ's are left
SYN-4011 : Packing model "top" (AL_USER_NORMAL) with 1713/2391 primitive instances ...
PHY-3001 : End packing;  0.088930s wall, 0.046875s user + 0.000000s system = 0.046875s CPU (52.7%)

PHY-1001 : Populate physical database on model top.
RUN-1001 : There are total 1415 instances
RUN-1001 : 648 mslices, 648 lslices, 102 pads, 9 brams, 0 dsps
RUN-1001 : There are total 3120 nets
RUN-1001 : 1808 nets have 2 pins
RUN-1001 : 1045 nets have [3 - 5] pins
RUN-1001 : 150 nets have [6 - 10] pins
RUN-1001 : 65 nets have [11 - 20] pins
RUN-1001 : 43 nets have [21 - 99] pins
RUN-1001 : 9 nets have 100+ pins
PHY-3001 : design contains 1413 instances, 1296 slices, 54 macros(363 instances: 247 mslices 116 lslices)
PHY-3001 : Cell area utilization is 16%
PHY-3001 : After packing: Len = 91624.4, Over = 93.75
PHY-3001 : Run with size of 2
PHY-3001 : Cell area utilization is 16%
PHY-3001 : Update timing in Manhattan mode ...
RUN-1002 : start command "start_timer -report"
TMR-2505 : Start building timing graph for model top.
TMR-2506 : Build timing graph completely. Port num: 22, tpin num: 12415, tnet num: 3118, tinst num: 1413, tnode num: 15975, tedge num: 20800.
TMR-2508 : Levelizing timing graph completed, there are 43 levels in total.
TMR-2501 : Timing graph initialized successfully.
TMR-2503 : Start to update net delay, extr mode = 3.
TMR-2504 : Update delay of 3118 nets completely.
TMR-2502 : Annotate delay completely, extr mode = 3.
TMR-3001 : Initiate 4 clocks from SDC.
TMR-3004 : Map sdc constraints, there are 8 constraints in total.
TMR-3003 : Constraints initiated successfully.
TMR-3501 : Forward propagation: start to calculate arrival time...
TMR-3502 : Backward propagation: start to calculate required time...
TMR-3503 : Timing propagation completes.
PHY-3001 : End timing update;  0.690078s wall, 0.500000s user + 0.000000s system = 0.500000s CPU (72.5%)

PHY-3001 : :::0::: Try harder cell spreading with beta_ = 5.36034e-05
PHY-3002 : Step(102): len = 90463.2, overlap = 91.5
PHY-3002 : Step(103): len = 89802.5, overlap = 97
PHY-3002 : Step(104): len = 88707.8, overlap = 100.75
PHY-3002 : Step(105): len = 88438.8, overlap = 101.25
PHY-3002 : Step(106): len = 88315.1, overlap = 95.75
PHY-3001 : :::1::: Try harder cell spreading with beta_ = 0.000107207
PHY-3002 : Step(107): len = 89645.8, overlap = 94.5
PHY-3002 : Step(108): len = 91052.9, overlap = 89.25
PHY-3002 : Step(109): len = 91316.2, overlap = 87.75
PHY-3001 : :::2::: Try harder cell spreading with beta_ = 0.000214414
PHY-3002 : Step(110): len = 92973.8, overlap = 83.75
PHY-3002 : Step(111): len = 94797.8, overlap = 75.75
PHY-3002 : Step(112): len = 95520.1, overlap = 72.5
PHY-3001 : Legalization ...
PHY-3001 : End legalization;  0.163419s wall, 0.015625s user + 0.015625s system = 0.031250s CPU (19.1%)

PHY-3001 : Trial Legalized: Len = 119040
PHY-3001 : Run with size of 2
PHY-3001 : Cell area utilization is 16%
PHY-3001 : Update timing in Manhattan mode ...
TMR-2503 : Start to update net delay, extr mode = 3.
TMR-2504 : Update delay of 3118 nets completely.
TMR-2502 : Annotate delay completely, extr mode = 3.
TMR-3501 : Forward propagation: start to calculate arrival time...
TMR-3502 : Backward propagation: start to calculate required time...
TMR-3503 : Timing propagation completes.
PHY-3001 : End timing update;  0.055910s wall, 0.000000s user + 0.000000s system = 0.000000s CPU (n/a%)

PHY-3001 : :::0::: Try harder cell spreading with beta_ = 0.00119332
PHY-3002 : Step(113): len = 113004, overlap = 9.5
PHY-3002 : Step(114): len = 109632, overlap = 14
PHY-3002 : Step(115): len = 106868, overlap = 20
PHY-3002 : Step(116): len = 104898, overlap = 25.5
PHY-3002 : Step(117): len = 103271, overlap = 29.5
PHY-3002 : Step(118): len = 102409, overlap = 31.75
PHY-3002 : Step(119): len = 101695, overlap = 32.5
PHY-3001 : :::1::: Try harder cell spreading with beta_ = 0.00238664
PHY-3002 : Step(120): len = 101977, overlap = 33.75
PHY-3002 : Step(121): len = 102081, overlap = 33.5
PHY-3002 : Step(122): len = 102108, overlap = 31.75
PHY-3001 : :::2::: Try harder cell spreading with beta_ = 0.00477328
PHY-3002 : Step(123): len = 102172, overlap = 31.5
PHY-3002 : Step(124): len = 102179, overlap = 32
PHY-3001 : Legalization ...
PHY-3001 : End legalization;  0.004781s wall, 0.000000s user + 0.000000s system = 0.000000s CPU (n/a%)

PHY-3001 : Legalized: Len = 111227, Over = 0
PHY-3001 : Spreading special nets. 48 overflows in 2952 tiles.
PHY-3001 : End spreading;  0.008332s wall, 0.000000s user + 0.000000s system = 0.000000s CPU (n/a%)

PHY-3001 : 68 instances has been re-located, deltaX = 34, deltaY = 42, maxDist = 3.
PHY-3001 : Final: Len = 113553, Over = 0
OPT-1001 : Start physical optimization ...
RUN-1002 : start command "start_timer -report"
TMR-2505 : Start building timing graph for model top.
TMR-2506 : Build timing graph completely. Port num: 22, tpin num: 12415, tnet num: 3118, tinst num: 1413, tnode num: 15975, tedge num: 20800.
TMR-2508 : Levelizing timing graph completed, there are 43 levels in total.
TMR-2501 : Timing graph initialized successfully.
OPT-1001 : Total overflow 0.00 peak overflow 0.00
OPT-1001 : Start high-fanout net optimization ...
OPT-1001 : Update timing in global mode
PHY-1001 : Start incremental global routing, caller is place ...
RUN-1001 : Generating global routing grids ...
PHY-1001 : Generate routing nets ...
PHY-1001 : Reuse net number 101/3120.
PHY-1001 : Global iterations in 16 thread ...
PHY-1002 : len = 132880, over cnt = 305(0%), over = 535, worst = 6
PHY-1002 : len = 135112, over cnt = 156(0%), over = 237, worst = 6
PHY-1002 : len = 136808, over cnt = 55(0%), over = 90, worst = 5
PHY-1002 : len = 137912, over cnt = 15(0%), over = 21, worst = 3
PHY-1002 : len = 138240, over cnt = 0(0%), over = 0, worst = 0
PHY-1001 : End global iterations;  0.231776s wall, 0.171875s user + 0.000000s system = 0.171875s CPU (74.2%)

PHY-1001 : Congestion index: top1 = 35.50, top5 = 28.38, top10 = 24.04, top15 = 20.82.
PHY-1001 : End incremental global routing;  0.286299s wall, 0.203125s user + 0.000000s system = 0.203125s CPU (70.9%)

TMR-2503 : Start to update net delay, extr mode = 5.
TMR-2504 : Update delay of 3118 nets completely.
TMR-2502 : Annotate delay completely, extr mode = 5.
TMR-3001 : Initiate 4 clocks from SDC.
TMR-3004 : Map sdc constraints, there are 8 constraints in total.
TMR-3003 : Constraints initiated successfully.
TMR-3501 : Forward propagation: start to calculate arrival time...
TMR-3502 : Backward propagation: start to calculate required time...
TMR-3503 : Timing propagation completes.
OPT-1001 : End timing update;  0.075061s wall, 0.031250s user + 0.000000s system = 0.031250s CPU (41.6%)

OPT-1001 : 0 high-fanout net processed.
OPT-1001 : End high-fanout net optimization;  0.412056s wall, 0.265625s user + 0.000000s system = 0.265625s CPU (64.5%)

OPT-1001 : Current memory(MB): used = 248, reserve = 216, peak = 251.
OPT-1001 : Start path based optimization ...
OPT-1001 : Start congestion update ...
RUN-1001 : Generating global routing grids ...
PHY-1001 : Generate routing nets ...
PHY-1001 : Reuse net number 2609/3120.
PHY-1001 : Global iterations in 16 thread ...
PHY-1002 : len = 138240, over cnt = 0(0%), over = 0, worst = 0
PHY-1001 : End global iterations;  0.006488s wall, 0.000000s user + 0.000000s system = 0.000000s CPU (n/a%)

PHY-1001 : Congestion index: top1 = 35.50, top5 = 28.38, top10 = 24.04, top15 = 20.82.
OPT-1001 : End congestion update;  0.051084s wall, 0.000000s user + 0.000000s system = 0.000000s CPU (n/a%)

OPT-1001 : Update timing in Manhattan mode
TMR-2503 : Start to update net delay, extr mode = 3.
TMR-2504 : Update delay of 3118 nets completely.
TMR-2502 : Annotate delay completely, extr mode = 3.
TMR-3501 : Forward propagation: start to calculate arrival time...
TMR-3502 : Backward propagation: start to calculate required time...
TMR-3503 : Timing propagation completes.
OPT-1001 : End timing update;  0.057666s wall, 0.046875s user + 0.000000s system = 0.046875s CPU (81.3%)

OPT-0007 : Start: WNS 4358 TNS 0 NUM_FEPS 0
OPT-1001 : End path based optimization;  0.109051s wall, 0.046875s user + 0.000000s system = 0.046875s CPU (43.0%)

OPT-1001 : Current memory(MB): used = 250, reserve = 219, peak = 251.
OPT-1001 : Update timing in Manhattan mode
TMR-2503 : Start to update net delay, extr mode = 3.
TMR-2504 : Update delay of 3118 nets completely.
TMR-2502 : Annotate delay completely, extr mode = 3.
TMR-3501 : Forward propagation: start to calculate arrival time...
TMR-3502 : Backward propagation: start to calculate required time...
TMR-3503 : Timing propagation completes.
OPT-1001 : End timing update;  0.056168s wall, 0.031250s user + 0.000000s system = 0.031250s CPU (55.6%)

OPT-1001 : Start pin optimization...
OPT-1001 : skip pin optimization...
RUN-1001 : Generating global routing grids ...
PHY-1001 : Generate routing nets ...
PHY-1001 : Reuse net number 2609/3120.
PHY-1001 : Global iterations in 16 thread ...
PHY-1002 : len = 138240, over cnt = 0(0%), over = 0, worst = 0
PHY-1001 : End global iterations;  0.007422s wall, 0.000000s user + 0.000000s system = 0.000000s CPU (n/a%)

PHY-1001 : Congestion index: top1 = 35.50, top5 = 28.38, top10 = 24.04, top15 = 20.82.
OPT-1001 : Update timing in Manhattan mode
TMR-2503 : Start to update net delay, extr mode = 3.
TMR-2504 : Update delay of 3118 nets completely.
TMR-2502 : Annotate delay completely, extr mode = 3.
TMR-3501 : Forward propagation: start to calculate arrival time...
TMR-3502 : Backward propagation: start to calculate required time...
TMR-3503 : Timing propagation completes.
OPT-1001 : End timing update;  0.057546s wall, 0.031250s user + 0.000000s system = 0.031250s CPU (54.3%)

RUN-1001 : QoR Analysis:
OPT-0007 :   WNS 4358 TNS 0 NUM_FEPS 0
RUN-1001 :   No local congestion issue, and most congested 1% tile average routing util is 35.172414
RUN-1001 :   Top critical paths
RUN-1001 :       #1 path slack 4358ps with logic level 8 
RUN-1001 :       #2 path slack 4396ps with logic level 8 
RUN-1001 :       #3 path slack 4406ps with logic level 8 
RUN-1001 :       #4 path slack 4406ps with logic level 8 
RUN-1001 :       #5 path slack 4406ps with logic level 8 
RUN-1001 :       #6 path slack 4408ps with logic level 8 
RUN-1001 :       #7 path slack 4422ps with logic level 8 
OPT-1001 : End physical optimization;  1.197256s wall, 0.812500s user + 0.000000s system = 0.812500s CPU (67.9%)

RUN-1003 : finish command "place" in  7.063633s wall, 3.484375s user + 0.453125s system = 3.937500s CPU (55.7%)

RUN-1004 : used memory is 226 MB, reserved memory is 193 MB, peak memory is 252 MB
RUN-1002 : start command "export_db pic_sdram_place.db"
RUN-1001 : Exported /
RUN-1001 : Exported flow parameters
RUN-1001 : Exported libs
RUN-1001 : Exported entities
RUN-1001 : Exported ports
RUN-1001 : Exported pins
RUN-1001 : Exported instances
RUN-1001 : Exported nets
RUN-1001 : Exported buses
RUN-1001 : Exported models
RUN-1001 : Exported congestions
RUN-1001 : Exported violations
RUN-1001 : Exported timing constraints
RUN-1001 : Exported IO constraints
RUN-1001 : Exported Inst constraints
RUN-1001 : Exported ChipWatcher
RUN-1002 : start command "route"
RUN-1001 : Open license file D:/Program/Anlogic/TD5.6.2/license/Anlogic.lic
RUN-1001 : Print Global Property
RUN-1001 : ---------------------------------------------------------------
RUN-1001 :        Parameters        |  Settings  |  Default Values  |  Note  
RUN-1001 : ---------------------------------------------------------------
RUN-1001 :          message         |  standard  |     standard     |        
RUN-1001 :   mixed_pack_place_flow  |     on     |        on        |        
RUN-1001 :        qor_monitor       |    off     |       off        |        
RUN-1001 :        syn_ip_flow       |    off     |       off        |        
RUN-1001 :          thread          |    auto    |       auto       |        
RUN-1001 : ---------------------------------------------------------------
RUN-1001 : Print Route Property
RUN-1001 : -------------------------------------------------------
RUN-1001 :    Parameters    |  Settings  |  Default Values  |  Note  
RUN-1001 : -------------------------------------------------------
RUN-1001 :      effort      |   medium   |      medium      |        
RUN-1001 :     fix_hold     |    off     |       off        |        
RUN-1001 :    opt_timing    |   medium   |      medium      |        
RUN-1001 :   phy_sim_model  |    off     |       off        |        
RUN-1001 :     priority     |   timing   |      timing      |        
RUN-1001 :     swap_pin     |     on     |        on        |        
RUN-1001 : -------------------------------------------------------
PHY-1001 : Route runs in 16 thread(s)
RUN-1001 : There are total 1415 instances
RUN-1001 : 648 mslices, 648 lslices, 102 pads, 9 brams, 0 dsps
RUN-1001 : There are total 3120 nets
RUN-1001 : 1808 nets have 2 pins
RUN-1001 : 1045 nets have [3 - 5] pins
RUN-1001 : 150 nets have [6 - 10] pins
RUN-1001 : 65 nets have [11 - 20] pins
RUN-1001 : 43 nets have [21 - 99] pins
RUN-1001 : 9 nets have 100+ pins
RUN-1002 : start command "start_timer -report"
TMR-2505 : Start building timing graph for model top.
TMR-2506 : Build timing graph completely. Port num: 22, tpin num: 12415, tnet num: 3118, tinst num: 1413, tnode num: 15975, tedge num: 20800.
TMR-2508 : Levelizing timing graph completed, there are 43 levels in total.
TMR-2501 : Timing graph initialized successfully.
PHY-1001 : 648 mslices, 648 lslices, 102 pads, 9 brams, 0 dsps
TMR-2503 : Start to update net delay, extr mode = 3.
TMR-2504 : Update delay of 3118 nets completely.
TMR-2502 : Annotate delay completely, extr mode = 3.
TMR-3001 : Initiate 4 clocks from SDC.
TMR-3004 : Map sdc constraints, there are 8 constraints in total.
TMR-3003 : Constraints initiated successfully.
TMR-3501 : Forward propagation: start to calculate arrival time...
TMR-3502 : Backward propagation: start to calculate required time...
TMR-3503 : Timing propagation completes.
PHY-1001 : Start global routing, caller is route ...
RUN-1001 : Generating global routing grids ...
PHY-1001 : Generate routing nets ...
PHY-1001 : Global iterations in 16 thread ...
PHY-1002 : len = 131272, over cnt = 313(0%), over = 560, worst = 7
PHY-1002 : len = 132440, over cnt = 234(0%), over = 399, worst = 6
PHY-1002 : len = 134872, over cnt = 119(0%), over = 190, worst = 6
PHY-1002 : len = 137520, over cnt = 0(0%), over = 0, worst = 0
PHY-1001 : End global iterations;  0.201494s wall, 0.125000s user + 0.000000s system = 0.125000s CPU (62.0%)

PHY-1001 : Congestion index: top1 = 35.04, top5 = 28.02, top10 = 23.81, top15 = 20.68.
PHY-1001 : End global routing;  0.254801s wall, 0.140625s user + 0.000000s system = 0.140625s CPU (55.2%)

PHY-1001 : Start detail routing ...
PHY-1001 : Current memory(MB): used = 266, reserve = 232, peak = 281.
PHY-1001 : Detailed router is running in normal mode.
PHY-1001 : Generate detailed routing grids ...
PHY-1001 : Generate nets ...
PHY-1001 : net clk_dup_1 will be routed on clock mesh
PHY-1001 : net U3/u2_ram/SDRAM_CLK will be routed on clock mesh
PHY-1001 : clock net frame_read_write_m0/read_buf/clkr will be merged with clock video_pll_m0/clk0_buf
PHY-1001 : clock net frame_read_write_m0/write_buf/clkw will be merged with clock sys_pll_m0/clk0_buf
PHY-1001 : clock net config_inst_syn_10 will be merged with clock config_inst_syn_9
PHY-1001 : Current memory(MB): used = 534, reserve = 506, peak = 534.
PHY-1001 : End build detailed router design. 2.497066s wall, 1.625000s user + 0.062500s system = 1.687500s CPU (67.6%)

PHY-1001 : Detail Route ...
PHY-1001 : ===== Detail Route Phase 1 =====
PHY-1001 : Clock net routing.....
PHY-1001 : Routed 0% nets.
PHY-1022 : len = 51488, over cnt = 0(0%), over = 0, worst = 0, crit = 0
PHY-1001 : End initial clock net routed; 0.914660s wall, 0.593750s user + 0.000000s system = 0.593750s CPU (64.9%)

PHY-1001 : Current memory(MB): used = 567, reserve = 540, peak = 567.
PHY-1001 : End phase 1; 0.920258s wall, 0.593750s user + 0.000000s system = 0.593750s CPU (64.5%)

PHY-1001 : ===== Detail Route Phase 2 =====
PHY-1001 : Initial routing.....
PHY-1001 : Routed 38% nets.
PHY-1001 : Routed 43% nets.
PHY-1001 : Routed 53% nets.
PHY-1001 : Routed 67% nets.
PHY-1001 : Routed 88% nets.
PHY-1022 : len = 412288, over cnt = 81(0%), over = 81, worst = 1, crit = 0
PHY-1001 : Current memory(MB): used = 568, reserve = 541, peak = 569.
PHY-1001 : End initial routed; 3.919980s wall, 2.531250s user + 0.015625s system = 2.546875s CPU (65.0%)

PHY-1001 : Update timing.....
PHY-1001 : 0/2762(0%) critical/total net(s).
RUN-1001 : --------------------------------------
RUN-1001 :   Type   |  WNS(ns)  |  TNS(ns)  |  FEP  
RUN-1001 : --------------------------------------
RUN-1001 :   Setup  |   1.298   |   0.000   |   0   
RUN-1001 :   Hold   |   0.039   |   0.000   |   0   
RUN-1001 : --------------------------------------
PHY-1001 : End update timing; 0.589963s wall, 0.406250s user + 0.000000s system = 0.406250s CPU (68.9%)

PHY-1001 : Current memory(MB): used = 571, reserve = 543, peak = 571.
PHY-1001 : End phase 2; 4.509992s wall, 2.937500s user + 0.015625s system = 2.953125s CPU (65.5%)

PHY-1001 : ===== Detail Route Phase 3 =====
PHY-1001 : Optimize timing.....
PHY-1022 : len = 412288, over cnt = 81(0%), over = 81, worst = 1, crit = 0
PHY-1001 : End optimize timing; 0.017129s wall, 0.015625s user + 0.000000s system = 0.015625s CPU (91.2%)

PHY-1001 : Ripup-reroute.....
PHY-1001 : ===== DR Iter 1 =====
PHY-1022 : len = 411040, over cnt = 18(0%), over = 18, worst = 1, crit = 0
PHY-1001 : End DR Iter 1; 0.056196s wall, 0.031250s user + 0.000000s system = 0.031250s CPU (55.6%)

PHY-1001 : ===== DR Iter 2 =====
PHY-1022 : len = 411144, over cnt = 4(0%), over = 4, worst = 1, crit = 0
PHY-1001 : End DR Iter 2; 0.033934s wall, 0.000000s user + 0.000000s system = 0.000000s CPU (n/a%)

PHY-1001 : ===== DR Iter 3 =====
PHY-1022 : len = 411184, over cnt = 0(0%), over = 0, worst = 0, crit = 0
PHY-1001 : End DR Iter 3; 0.029509s wall, 0.015625s user + 0.000000s system = 0.015625s CPU (53.0%)

PHY-1001 : Update timing.....
PHY-1001 : 0/2762(0%) critical/total net(s).
RUN-1001 : --------------------------------------
RUN-1001 :   Type   |  WNS(ns)  |  TNS(ns)  |  FEP  
RUN-1001 : --------------------------------------
RUN-1001 :   Setup  |   1.298   |   0.000   |   0   
RUN-1001 :   Hold   |   0.039   |   0.000   |   0   
RUN-1001 : --------------------------------------
PHY-1001 : End update timing; 0.589782s wall, 0.437500s user + 0.000000s system = 0.437500s CPU (74.2%)

PHY-1001 : Commit to database.....
PHY-1001 : 16 feed throughs used by 16 nets
PHY-1001 : End commit to database; 0.252926s wall, 0.218750s user + 0.000000s system = 0.218750s CPU (86.5%)

PHY-1001 : Current memory(MB): used = 590, reserve = 563, peak = 590.
PHY-1001 : End phase 3; 1.095678s wall, 0.781250s user + 0.000000s system = 0.781250s CPU (71.3%)

PHY-1003 : Routed, final wirelength = 411184
PHY-1001 : Current memory(MB): used = 591, reserve = 564, peak = 591.
PHY-1001 : End export database. 0.010553s wall, 0.000000s user + 0.000000s system = 0.000000s CPU (n/a%)

PHY-1001 : End detail routing;  9.187515s wall, 6.062500s user + 0.078125s system = 6.140625s CPU (66.8%)

RUN-1003 : finish command "route" in  10.034955s wall, 6.468750s user + 0.078125s system = 6.546875s CPU (65.2%)

RUN-1004 : used memory is 564 MB, reserved memory is 539 MB, peak memory is 591 MB
RUN-1002 : start command "report_area -io_info -file pic_sdram_phy.area"
RUN-1001 : standard
***Report Model: top Device: EG4S20BG256***

IO Statistics
#IO                        47
  #input                    6
  #output                  37
  #inout                    4

Utilization Statistics
#lut                     2030   out of  19600   10.36%
#reg                     1436   out of  19600    7.33%
#le                      2470
  #lut only              1034   out of   2470   41.86%
  #reg only               440   out of   2470   17.81%
  #lut&reg                996   out of   2470   40.32%
#dsp                        0   out of     29    0.00%
#bram                       9   out of     64   14.06%
  #bram9k                   9
  #fifo9k                   0
#bram32k                    0   out of     16    0.00%
#pad                       47   out of    188   25.00%
  #ireg                     1
  #oreg                    34
  #treg                     0
#pll                        2   out of      4   50.00%
#gclk                       3   out of     16   18.75%

Clock Resource Statistics
Index     ClockNet                 Type               DriverType         Driver                         Fanout
#1        U3/u2_ram/SDRAM_CLK      GCLK               pll                sys_pll_m0/pll_inst.clkc1      353
#2        sys_pll_m0/clk0_buf      GCLK               pll                sys_pll_m0/pll_inst.clkc0      255
#3        config_inst_syn_9        GCLK               config             config_inst.jtck               219
#4        video_pll_m0/clk0_buf    GCLK               pll                video_pll_m0/pll_inst.clkc0    77
#5        clk_dup_1                GCLK               io                 clk_syn_2.di                   26


Detailed IO Report

       Name         Direction    Location    IOStandard    DriveStrength    PullType    PackReg  
       clk            INPUT         R7        LVCMOS33          N/A           NONE       NONE    
       key1           INPUT         B2        LVCMOS33          N/A           NONE       IREG    
       key2           INPUT         B1        LVCMOS33          N/A           NONE       NONE    
      rst_n           INPUT         A2        LVCMOS33          N/A           NONE       NONE    
     sd_miso          INPUT        B14        LVCMOS33          N/A           NONE       NONE    
     switch1          INPUT         C8        LVCMOS33          N/A           NONE       NONE    
    flash_cs_n       OUTPUT         P8        LVCMOS33           8            NONE       NONE    
    flash_sck        OUTPUT         M9        LVCMOS33           8            NONE       NONE    
     sd_dclk         OUTPUT        A14        LVCMOS33           8            NONE       OREG    
     sd_mosi         OUTPUT        A13        LVCMOS33           8            NONE       OREG    
      sd_ncs         OUTPUT        A12        LVCMOS33           8            NONE       OREG    
   seg_data[7]       OUTPUT         A6        LVCMOS33           8            NONE       NONE    
   seg_data[6]       OUTPUT         A7        LVCMOS33           8            NONE       OREG    
   seg_data[5]       OUTPUT         A8        LVCMOS33           8            NONE       OREG    
   seg_data[4]       OUTPUT         B5        LVCMOS33           8            NONE       OREG    
   seg_data[3]       OUTPUT         A5        LVCMOS33           8            NONE       OREG    
   seg_data[2]       OUTPUT         B6        LVCMOS33           8            NONE       OREG    
   seg_data[1]       OUTPUT        C16        LVCMOS33           8            NONE       OREG    
   seg_data[0]       OUTPUT        C15        LVCMOS33           8            NONE       OREG    
    seg_sel[5]       OUTPUT        D11        LVCMOS33           8            NONE       OREG    
    seg_sel[4]       OUTPUT        E11        LVCMOS33           8            NONE       OREG    
    seg_sel[3]       OUTPUT        F10        LVCMOS33           8            NONE       OREG    
    seg_sel[2]       OUTPUT        C13        LVCMOS33           8            NONE       OREG    
    seg_sel[1]       OUTPUT        E10        LVCMOS33           8            NONE       OREG    
    seg_sel[0]       OUTPUT        E12        LVCMOS33           8            NONE       OREG    
   vga_out_b[4]      OUTPUT         D5        LVCMOS33           8            NONE       OREG    
   vga_out_b[3]      OUTPUT         D6        LVCMOS33           8            NONE       OREG    
   vga_out_b[2]      OUTPUT         E6        LVCMOS33           8            NONE       OREG    
   vga_out_b[1]      OUTPUT         F6        LVCMOS33           8            NONE       OREG    
   vga_out_b[0]      OUTPUT        H16        LVCMOS25           8            N/A        OREG    
   vga_out_g[5]      OUTPUT         N6        LVCMOS33           8            NONE       OREG    
   vga_out_g[4]      OUTPUT         N5        LVCMOS33           8            NONE       OREG    
   vga_out_g[3]      OUTPUT         P5        LVCMOS33           8            NONE       OREG    
   vga_out_g[2]      OUTPUT         T5        LVCMOS33           8            NONE       OREG    
   vga_out_g[1]      OUTPUT        G14        LVCMOS25           8            N/A        OREG    
   vga_out_g[0]      OUTPUT         F4        LVCMOS33           8            N/A        OREG    
    vga_out_hs       OUTPUT         E7        LVCMOS33           8            NONE       OREG    
   vga_out_r[4]      OUTPUT        E13        LVCMOS33           8            NONE       OREG    
   vga_out_r[3]      OUTPUT         L8        LVCMOS33           8            NONE       OREG    
   vga_out_r[2]      OUTPUT         L7        LVCMOS33           8            NONE       OREG    
   vga_out_r[1]      OUTPUT         R5        LVCMOS33           8            NONE       OREG    
   vga_out_r[0]      OUTPUT        M11        LVCMOS25           8            N/A        OREG    
    vga_out_vs       OUTPUT         F7        LVCMOS33           8            NONE       OREG    
  flash_qspi_IO0      INOUT         P7        LVCMOS33           8            NONE       NONE    
  flash_qspi_IO1      INOUT         N8        LVCMOS33           8            NONE       NONE    
  flash_qspi_IO2      INOUT         P9        LVCMOS33           8            NONE       NONE    
  flash_qspi_IO3      INOUT         R9        LVCMOS33           8            NONE       NONE    
       dm0           OUTPUT        S14        LVCMOS25           8            NONE       OREG    
       cke           OUTPUT        S18        LVCMOS25           8            NONE       NONE    
       we_n          OUTPUT        S19        LVCMOS25           8            NONE       OREG    
      cas_n          OUTPUT        S20        LVCMOS25           8            NONE       OREG    
      ras_n          OUTPUT        S21        LVCMOS25           8            NONE       OREG    
       cs_n          OUTPUT        S22        LVCMOS25           8            NONE       NONE    
     addr[9]         OUTPUT        S23        LVCMOS25           8            NONE       OREG    
     addr[8]         OUTPUT        S24        LVCMOS25           8            NONE       OREG    
     addr[7]         OUTPUT        S25        LVCMOS25           8            NONE       OREG    
     addr[6]         OUTPUT        S26        LVCMOS25           8            NONE       OREG    
     addr[5]         OUTPUT        S27        LVCMOS25           8            NONE       OREG    
     addr[4]         OUTPUT        S28        LVCMOS25           8            NONE       OREG    
       dm2           OUTPUT        S29        LVCMOS25           8            NONE       OREG    
       dm3           OUTPUT        S61        LVCMOS25           8            NONE       OREG    
     addr[3]         OUTPUT        S64        LVCMOS25           8            NONE       OREG    
     addr[2]         OUTPUT        S65        LVCMOS25           8            NONE       OREG    
     addr[1]         OUTPUT        S66        LVCMOS25           8            NONE       OREG    
     addr[0]         OUTPUT        S67        LVCMOS25           8            NONE       OREG    
     addr[10]        OUTPUT        S68        LVCMOS25           8            NONE       OREG    
      ba[0]          OUTPUT        S69        LVCMOS25           8            NONE       OREG    
      ba[1]          OUTPUT        S70        LVCMOS25           8            NONE       OREG    
       clk           OUTPUT        S73        LVCMOS25           8            NONE       NONE    
       dm1           OUTPUT        S76        LVCMOS25           8            NONE       OREG    
      dq[0]           INOUT         S1        LVCMOS25           8           PULLUP      IREG    
      dq[6]           INOUT        S11        LVCMOS25           8           PULLUP      IREG    
      dq[7]           INOUT        S12        LVCMOS25           8           PULLUP      IREG    
      dq[1]           INOUT         S2        LVCMOS25           8           PULLUP      IREG    
      dq[23]          INOUT        S31        LVCMOS25           8           PULLUP      IREG    
      dq[22]          INOUT        S32        LVCMOS25           8           PULLUP      IREG    
      dq[21]          INOUT        S35        LVCMOS25           8           PULLUP      IREG    
      dq[20]          INOUT        S36        LVCMOS25           8           PULLUP      IREG    
      dq[19]          INOUT        S37        LVCMOS25           8           PULLUP      IREG    
      dq[18]          INOUT        S38        LVCMOS25           8           PULLUP      IREG    
      dq[17]          INOUT        S41        LVCMOS25           8           PULLUP      IREG    
      dq[16]          INOUT        S42        LVCMOS25           8           PULLUP      IREG    
      dq[31]          INOUT        S48        LVCMOS25           8           PULLUP      IREG    
      dq[30]          INOUT        S49        LVCMOS25           8           PULLUP      IREG    
      dq[2]           INOUT         S5        LVCMOS25           8           PULLUP      IREG    
      dq[29]          INOUT        S52        LVCMOS25           8           PULLUP      IREG    
      dq[28]          INOUT        S53        LVCMOS25           8           PULLUP      IREG    
      dq[27]          INOUT        S54        LVCMOS25           8           PULLUP      IREG    
      dq[26]          INOUT        S55        LVCMOS25           8           PULLUP      IREG    
      dq[25]          INOUT        S58        LVCMOS25           8           PULLUP      IREG    
      dq[24]          INOUT        S59        LVCMOS25           8           PULLUP      IREG    
      dq[3]           INOUT         S6        LVCMOS25           8           PULLUP      IREG    
      dq[4]           INOUT         S7        LVCMOS25           8           PULLUP      IREG    
      dq[8]           INOUT        S78        LVCMOS25           8           PULLUP      IREG    
      dq[9]           INOUT        S79        LVCMOS25           8           PULLUP      IREG    
      dq[5]           INOUT         S8        LVCMOS25           8           PULLUP      IREG    
      dq[10]          INOUT        S82        LVCMOS25           8           PULLUP      IREG    
      dq[11]          INOUT        S83        LVCMOS25           8           PULLUP      IREG    
      dq[12]          INOUT        S84        LVCMOS25           8           PULLUP      IREG    
      dq[13]          INOUT        S85        LVCMOS25           8           PULLUP      IREG    
      dq[14]          INOUT        S88        LVCMOS25           8           PULLUP      IREG    
      dq[15]          INOUT        S89        LVCMOS25           8           PULLUP      IREG    

Report Hierarchy Area:
+-----------------------------------------------------------------------------------------------------------------------------------------+
|Instance                            |Module                                         |le     |lut     |ripple  |seq     |bram    |dsp     |
+-----------------------------------------------------------------------------------------------------------------------------------------+
|top                                 |top                                            |2470   |1667    |363     |1471    |9       |0       |
|  U3                                |sdram                                          |193    |56      |5       |182     |0       |0       |
|    u2_ram                          |sdr_as_ram                                     |193    |56      |5       |182     |0       |0       |
|      u1_init_ref                   |sdr_init_ref                                   |84     |14      |5       |76      |0       |0       |
|      u2_wrrd                       |sdr_wrrd                                       |109    |42      |0       |106     |0       |0       |
|  frame_read_write_m0               |frame_read_write                               |420    |266     |92      |262     |1       |0       |
|    frame_fifo_read_m0              |frame_fifo_read                                |111    |86      |24      |59      |0       |0       |
|    frame_fifo_write_m0             |frame_fifo_write                               |79     |60      |18      |36      |0       |0       |
|    read_buf                        |afifo_16_256                                   |117    |59      |25      |84      |1       |0       |
|      ram_inst                      |ram_infer_afifo_16_256                         |0      |0       |0       |0       |1       |0       |
|      rd_to_wr_cross_inst           |fifo_cross_domain_addr_process_al_afifo_16_256 |32     |18      |0       |32      |0       |0       |
|      wr_to_rd_cross_inst           |fifo_cross_domain_addr_process_al_afifo_16_256 |29     |13      |0       |29      |0       |0       |
|    write_buf                       |afifo_16_256                                   |113    |61      |25      |83      |0       |0       |
|      rd_to_wr_cross_inst           |fifo_cross_domain_addr_process_al_afifo_16_256 |26     |18      |0       |26      |0       |0       |
|      wr_to_rd_cross_inst           |fifo_cross_domain_addr_process_al_afifo_16_256 |32     |18      |0       |32      |0       |0       |
|  sd_card_bmp_m0                    |sd_card_bmp                                    |909    |776     |97      |373     |0       |0       |
|    ax_debounce_m0                  |ax_debounce                                    |63     |54      |9       |40      |0       |0       |
|    bmp_read_m0                     |bmp_read                                       |272    |185     |58      |152     |0       |0       |
|    sd_card_top_m0                  |sd_card_top                                    |574    |537     |30      |181     |0       |0       |
|      sd_card_cmd_m0                |sd_card_cmd                                    |311    |286     |25      |53      |0       |0       |
|      sd_card_sec_read_write_m0     |sd_card_sec_read_write                         |201    |194     |0       |88      |0       |0       |
|      spi_master_m0                 |spi_master                                     |62     |57      |5       |40      |0       |0       |
|  seg_scan_m0                       |seg_scan                                       |74     |52      |22      |20      |0       |0       |
|  sys_pll_m0                        |sys_pll                                        |0      |0       |0       |0       |0       |0       |
|  video_pll_m0                      |video_pll                                      |0      |0       |0       |0       |0       |0       |
|  video_timing_data_m0              |video_timing_data                              |43     |28      |8       |28      |0       |0       |
|    color_bar_m0                    |color_bar                                      |41     |28      |8       |26      |0       |0       |
|  cw_top                            |CW_TOP_WRAPPER                                 |812    |470     |139     |554     |0       |0       |
|    wrapper_cwc_top                 |cwc_top                                        |812    |470     |139     |554     |0       |0       |
|      cfg_int_inst                  |cwc_cfg_int                                    |390    |188     |0       |390     |0       |0       |
|        reg_inst                    |register                                       |388    |186     |0       |388     |0       |0       |
|        tap_inst                    |tap                                            |2      |2       |0       |2       |0       |0       |
|      trigger_inst                  |trigger                                        |422    |282     |139     |164     |0       |0       |
|        bus_inst                    |bus_top                                        |239    |156     |82      |85      |0       |0       |
|          BUS_DETECTOR[0]$bus_nodes |bus_det                                        |1      |1       |0       |1       |0       |0       |
|          BUS_DETECTOR[1]$bus_nodes |bus_det                                        |1      |0       |0       |1       |0       |0       |
|          BUS_DETECTOR[2]$bus_nodes |bus_det                                        |23     |15      |8       |10      |0       |0       |
|          BUS_DETECTOR[3]$bus_nodes |bus_det                                        |24     |16      |8       |9       |0       |0       |
|          BUS_DETECTOR[4]$bus_nodes |bus_det                                        |19     |11      |8       |5       |0       |0       |
|          BUS_DETECTOR[5]$bus_nodes |bus_det                                        |70     |46      |24      |25      |0       |0       |
|          BUS_DETECTOR[6]$bus_nodes |bus_det                                        |101    |67      |34      |34      |0       |0       |
|        emb_ctrl_inst               |emb_ctrl                                       |109    |80      |29      |53      |0       |0       |
+-----------------------------------------------------------------------------------------------------------------------------------------+


DataNet Average Fanout:

   Index     Fanout     Nets  
    #1          1       1761  
    #2          2       553   
    #3          3       374   
    #4          4       118   
    #5        5-10      163   
    #6        11-50      91   
    #7       51-100      2    
    #8       101-500     4    
  Average     2.71            

RUN-1002 : start command "export_db pic_sdram_pr.db"
RUN-1001 : Exported /
RUN-1001 : Exported flow parameters
RUN-1001 : Exported libs
RUN-1001 : Exported entities
RUN-1001 : Exported ports
RUN-1001 : Exported pins
RUN-1001 : Exported instances
RUN-1001 : Exported nets
RUN-1001 : Exported buses
RUN-1001 : Exported models
RUN-1001 : Exported congestions
RUN-1001 : Exported violations
RUN-1001 : Exported timing constraints
RUN-1001 : Exported IO constraints
RUN-1001 : Exported Inst constraints
RUN-1001 : Exported ChipWatcher
RUN-1002 : start command "start_timer"
TMR-2505 : Start building timing graph for model top.
TMR-2506 : Build timing graph completely. Port num: 22, tpin num: 12415, tnet num: 3118, tinst num: 1413, tnode num: 15975, tedge num: 20800.
TMR-2508 : Levelizing timing graph completed, there are 43 levels in total.
TMR-2501 : Timing graph initialized successfully.
RUN-1002 : start command "report_timing -mode FINAL -net_info -rpt_autogen true -file pic_sdram_phy.timing"
TMR-2503 : Start to update net delay, extr mode = 6.
TMR-2504 : Update delay of 3118 nets completely.
TMR-2502 : Annotate delay completely, extr mode = 6.
TMR-3001 : Initiate 4 clocks from SDC.
TMR-3004 : Map sdc constraints, there are 8 constraints in total.
TMR-3003 : Constraints initiated successfully.
TMR-3501 : Forward propagation: start to calculate arrival time...
TMR-3502 : Backward propagation: start to calculate required time...
TMR-3503 : Timing propagation completes.
TMR-3506 : Start to generate timing report.
TMR-1502 : Number of clock constraints = 4. Number of clock nets = 5 (1 unconstrainted).
TMR-5009 WARNING: No clock constraint on 1 clock net(s): 
		config_inst_syn_10
TMR-3508 : Export timing summary.
TMR-3507 : Timing report generated successfully in pic_sdram_phy.timing, timing summary in pic_sdram_phy.tsm.
RUN-1002 : start command "export_bid pic_sdram_inst.bid"
PRG-1000 : <!-- HMAC is: 93a6f464384d1ecb83e346b36bbdece3cc311304703f05e030bb794f8fda0e02 -->
RUN-1002 : start command "bitgen -bit pic_sdram.bit"
BIT-1003 : Start to generate bitstream. 
BIT-1002 : Init instances with 16 threads.
BIT-1002 : Init instances completely, inst num: 1413
BIT-1002 : Init pips with 16 threads.
BIT-1002 : Init pips completely, net num: 3120, pip num: 29283
BIT-1002 : Init feedthrough with 16 threads.
BIT-1002 : Init feedthrough completely, num: 16
BIT-1003 : Multithreading accelaration with 16 threads.
BIT-1003 : Generate bitstream completely, there are 2217 valid insts, and 80222 bits set as '1'.
BIT-1004 : the usercode register value: 00000000110110110110110111010100
BIT-1004 : PLL setting string = 0110
BIT-1004 : Generate bits file pic_sdram.bit.
RUN-1003 : finish command "bitgen -bit pic_sdram.bit" in  3.310621s wall, 31.343750s user + 0.015625s system = 31.359375s CPU (947.2%)

RUN-1004 : used memory is 565 MB, reserved memory is 540 MB, peak memory is 749 MB
RUN-1002 : start command "backup_run_log run.log ../.logs/phy_1/td_20231214_152127.log"
