============================================================
   Tang Dynasty, V5.6.71036
      Copyright (c) 2012-2023 Anlogic Inc.
   Executable = D:/Program/Anlogic/TD5.6.2/bin/td.exe
   Built at =   20:34:38 Mar 21 2023
   Run by =     28408
   Run Date =   Wed Dec 13 10:48:20 2023

   Run on =     DESKTOP-T1B5OP5
============================================================
RUN-1002 : start command "open_project pic_sdram.prj"
RUN-1001 : Print Global Property
RUN-1001 : ---------------------------------------------------------------
RUN-1001 :        Parameters        |  Settings  |  Default Values  |  Note  
RUN-1001 : ---------------------------------------------------------------
RUN-1001 :          message         |  standard  |     standard     |        
RUN-1001 :   mixed_pack_place_flow  |     on     |        on        |        
RUN-1001 :        qor_monitor       |    off     |       off        |        
RUN-1001 :        syn_ip_flow       |    off     |       off        |        
RUN-1001 :          thread          |    auto    |       auto       |        
RUN-1001 : ---------------------------------------------------------------
RUN-1001 : Print Design Property
RUN-1001 : --------------------------------------------------------------
RUN-1001 :        Parameters       |  Settings  |  Default Values  |  Note  
RUN-1001 : --------------------------------------------------------------
RUN-1001 :   default_reg_initial   |    auto    |       auto       |        
RUN-1001 :        infer_add        |     on     |        on        |        
RUN-1001 :        infer_fsm        |    off     |       off        |        
RUN-1001 :        infer_mult       |     on     |        on        |        
RUN-1001 :        infer_ram        |     on     |        on        |        
RUN-1001 :        infer_reg        |     on     |        on        |        
RUN-1001 :   infer_reg_init_value  |     on     |        on        |        
RUN-1001 :        infer_rom        |     on     |        on        |        
RUN-1001 :      infer_shifter      |     on     |        on        |        
RUN-1001 : --------------------------------------------------------------
RUN-1001 : Print Rtl Property
RUN-1001 : --------------------------------------------------------------
RUN-1001 :        Parameters       |  Settings  |  Default Values  |  Note  
RUN-1001 : --------------------------------------------------------------
RUN-1001 :       compress_add      |   ripple   |      ripple      |        
RUN-1001 :        elf_sload        |    off     |       off        |        
RUN-1001 :       fix_undriven      |     0      |        0         |        
RUN-1001 :         flatten         |    off     |       off        |        
RUN-1001 :       gate_sharing      |     on     |        on        |        
RUN-1001 :    hdl_warning_level    |   normal   |      normal      |        
RUN-1001 :   impl_internal_tribuf  |     on     |        on        |        
RUN-1001 :      impl_set_reset     |     on     |        on        |        
RUN-1001 :        infer_gsr        |    off     |       off        |        
RUN-1001 :      keep_hierarchy     |    auto    |       auto       |        
RUN-1001 :        max_fanout       |    9999    |       9999       |        
RUN-1001 :      max_oh2bin_len     |     10     |        10        |        
RUN-1001 :       merge_equal       |     on     |        on        |        
RUN-1001 :       merge_equiv       |     on     |        on        |        
RUN-1001 :        merge_mux        |    off     |       off        |        
RUN-1001 :     min_control_set     |     8      |        8         |        
RUN-1001 :      min_ripple_len     |    auto    |       auto       |        
RUN-1001 :       oh2bin_ratio      |    0.08    |       0.08       |        
RUN-1001 :     opt_adder_fanout    |     on     |        on        |        
RUN-1001 :        opt_arith        |     on     |        on        |        
RUN-1001 :       opt_big_gate      |    off     |       off        |        
RUN-1001 :        opt_const        |     on     |        on        |        
RUN-1001 :      opt_const_mult     |     on     |        on        |        
RUN-1001 :       opt_lessthan      |     on     |        on        |        
RUN-1001 :         opt_mux         |    off     |       off        |        
RUN-1001 :         opt_ram         |    high    |       high       |        
RUN-1001 :      rtl_sim_model      |    off     |       off        |        
RUN-1001 :         seq_syn         |     on     |        on        |        
RUN-1001 : --------------------------------------------------------------
HDL-1007 : analyze verilog file ../../al_ip/sys_pll.v
HDL-1007 : undeclared symbol 'open', assumed default net type 'wire' in ../../al_ip/sys_pll.v(77)
HDL-1007 : analyze verilog file ../../al_ip/video_pll.v
HDL-1007 : undeclared symbol 'open', assumed default net type 'wire' in ../../al_ip/video_pll.v(63)
HDL-1007 : analyze verilog file ../../al_ip/sdram.v
HDL-1007 : analyze verilog file ../../al_ip/afifo_16_256.v
HDL-1007 : analyze verilog file ../../Qspi_master.v
HDL-1007 : analyze verilog file ../../flash_cmd.v
HDL-1007 : analyze verilog file ../../flash_reader.v
HDL-1007 : analyze verilog file ../../flash_step.v
HDL-1007 : analyze verilog file ../../flash_write_read.v
HDL-1007 : analyze verilog file ../../flash_writer.v
HDL-1007 : analyze verilog file ../../src/ax_debounce.v
HDL-1007 : analyze verilog file ../../src/bmp_read.v
HDL-1007 : analyze verilog file ../../src/color_bar.v
HDL-1007 : analyze included file ../../src/video_define.v in ../../src/color_bar.v(2)
HDL-1007 : back to file '../../src/color_bar.v' in ../../src/color_bar.v(2)
HDL-1007 : analyze verilog file ../../src/frame_fifo_read.v
HDL-1007 : undeclared symbol 'read_busy', assumed default net type 'wire' in ../../src/frame_fifo_read.v(56)
HDL-1007 : analyze verilog file ../../src/frame_fifo_write.v
HDL-1007 : undeclared symbol 'write_busy', assumed default net type 'wire' in ../../src/frame_fifo_write.v(55)
HDL-1007 : analyze verilog file ../../src/frame_read_write.v
HDL-1007 : analyze verilog file ../../src/sd_card/sd_card_cmd.v
HDL-1007 : analyze verilog file ../../src/sd_card/sd_card_sec_read_write.v
HDL-1007 : analyze verilog file ../../src/sd_card/sd_card_top.v
HDL-1007 : analyze verilog file ../../src/sd_card/spi_master.v
HDL-1007 : analyze verilog file ../../src/sd_card_bmp.v
HDL-1007 : analyze verilog file ../../src/seg_decoder.v
HDL-1007 : analyze verilog file ../../src/seg_scan.v
HDL-1007 : analyze verilog file ../../src/top.v
HDL-1007 : analyze verilog file ../../src/video_timing_data.v
HDL-1007 : analyze verilog file ../../src/sdram_r/sdram_cmd.v
HDL-1007 : analyze included file ../../src/sdram_r/sdram_para.v in ../../src/sdram_r/sdram_cmd.v(45)
HDL-1007 : back to file '../../src/sdram_r/sdram_cmd.v' in ../../src/sdram_r/sdram_cmd.v(45)
HDL-1007 : analyze verilog file ../../src/sdram_r/sdram_controller.v
HDL-1007 : analyze verilog file ../../src/sdram_r/sdram_ctrl.v
HDL-1007 : analyze included file ../../src/sdram_r/sdram_para.v in ../../src/sdram_r/sdram_ctrl.v(19)
HDL-1007 : back to file '../../src/sdram_r/sdram_ctrl.v' in ../../src/sdram_r/sdram_ctrl.v(19)
HDL-1007 : analyze verilog file ../../src/sdram_r/sdram_data.v
HDL-1007 : analyze included file ../../src/sdram_r/sdram_para.v in ../../src/sdram_r/sdram_data.v(13)
HDL-1007 : back to file '../../src/sdram_r/sdram_data.v' in ../../src/sdram_r/sdram_data.v(13)
RUN-1001 : Project manager successfully analyzed 31 source files.
RUN-1002 : start command "import_device eagle_s20.db -package EG4S20BG256"
ARC-1001 : Device Initialization.
ARC-1001 : ------------------------------------------------------------------
ARC-1001 :            OPTION            |          IO          |   SETTING   
ARC-1001 : ------------------------------------------------------------------
ARC-1001 :   cso_b/cclk/mosi/miso/dout  |  T3/R11/T10/P10/S11  |    gpio    
ARC-1001 :             done             |         P13          |    gpio    
ARC-1001 :           program_b          |          T2          |  dedicate  
ARC-1001 :        tdi/tms/tck/tdo       |   C12/A15/C14/E14    |  dedicate  
ARC-1001 : ------------------------------------------------------------------
ARC-1004 : Device setting, marked 5 dedicate IOs in total.
RUN-1002 : start command "import_db ../syn_1/pic_sdram_gate.db"
RUN-1001 : Importing database generated by Tang Dynasty, V5.6.71036.
RUN-1001 : Database version number 46146.
RUN-1001 : Import flow parameters
RUN-1001 : Import timing constraints
RUN-1001 : Import IO constraints
RUN-1001 : Import Inst constraints
RUN-1001 : Import design success TD_VERSION=5.6.71036 , DB_VERSION=46146
RUN-1002 : start command "read_sdc ../../top.sdc"
RUN-1002 : start command "get_ports clk"
RUN-1002 : start command "create_clock -name clk -period 20 -waveform 0 10 "
RUN-1102 : create_clock: clock name: clk, type: 0, period: 20000, rise: 0, fall: 10000.
RUN-1002 : start command "derive_pll_clocks"
USR-1002 : Gen clock cmd:  create_generated_clock -name {sys_pll_m0/pll_inst.clkc[0]} -source [get_ports {clk}] -master_clock {clk} -multiply_by 2.0000 [get_pins {sys_pll_m0/pll_inst.clkc[0]}]
RUN-1002 : start command "get_ports clk"
RUN-1002 : start command "get_pins sys_pll_m0/pll_inst.clkc[0]"
RUN-1002 : start command "create_generated_clock -name sys_pll_m0/pll_inst.clkc[0] -source  -master_clock clk -multiply_by 2.0000 "
USR-1002 : Gen clock cmd:  create_generated_clock -name {sys_pll_m0/pll_inst.clkc[1]} -source [get_ports {clk}] -master_clock {clk} -multiply_by 2.0000 [get_pins {sys_pll_m0/pll_inst.clkc[1]}]
RUN-1002 : start command "get_ports clk"
RUN-1002 : start command "get_pins sys_pll_m0/pll_inst.clkc[1]"
RUN-1002 : start command "create_generated_clock -name sys_pll_m0/pll_inst.clkc[1] -source  -master_clock clk -multiply_by 2.0000 "
USR-1002 : Gen clock cmd:  create_generated_clock -name {sys_pll_m0/pll_inst.clkc[2]} -source [get_ports {clk}] -master_clock {clk} -multiply_by 2.0000 [get_pins {sys_pll_m0/pll_inst.clkc[2]}]
RUN-1002 : start command "get_ports clk"
RUN-1002 : start command "get_pins sys_pll_m0/pll_inst.clkc[2]"
RUN-1002 : start command "create_generated_clock -name sys_pll_m0/pll_inst.clkc[2] -source  -master_clock clk -multiply_by 2.0000 "
USR-1002 : Gen clock cmd:  create_generated_clock -name {video_pll_m0/pll_inst.clkc[0]} -source [get_ports {clk}] -master_clock {clk} -divide_by 2.0000 [get_pins {video_pll_m0/pll_inst.clkc[0]}]
RUN-1002 : start command "get_ports clk"
RUN-1002 : start command "get_pins video_pll_m0/pll_inst.clkc[0]"
RUN-1002 : start command "create_generated_clock -name video_pll_m0/pll_inst.clkc[0] -source  -master_clock clk -divide_by 2.0000 "
RUN-1002 : start command "get_ports clk"
RUN-1002 : start command "get_pins sys_pll_m0/pll_inst.clkc[0]"
RUN-1002 : start command "rename_clock -name sd_card_clk -source  -master_clock clk "
RUN-1105 : Rename Clock: clock sys_pll_m0/pll_inst.clkc[0] was renamed, new name is sd_card_clk.
RUN-1002 : start command "get_ports clk"
RUN-1002 : start command "get_pins sys_pll_m0/pll_inst.clkc[1]"
RUN-1002 : start command "rename_clock -name ext_mem_clk -source  -master_clock clk "
RUN-1105 : Rename Clock: clock sys_pll_m0/pll_inst.clkc[1] was renamed, new name is ext_mem_clk.
RUN-1002 : start command "get_ports clk"
RUN-1002 : start command "get_pins sys_pll_m0/pll_inst.clkc[2]"
RUN-1002 : start command "rename_clock -name flash_sys_clk -source  -master_clock clk "
RUN-1105 : Rename Clock: clock sys_pll_m0/pll_inst.clkc[2] was renamed, new name is flash_sys_clk.
RUN-1002 : start command "get_ports clk"
RUN-1002 : start command "get_pins video_pll_m0/pll_inst.clkc[0]"
RUN-1002 : start command "rename_clock -name video_clk -source  -master_clock clk "
RUN-1105 : Rename Clock: clock video_pll_m0/pll_inst.clkc[0] was renamed, new name is video_clk.
RUN-1002 : start command "read_sdc -ip afifo_16_256 ../../al_ip/afifo_16_256.tcl"
RUN-1002 : start command "get_ports clkw"
RUN-1002 : start command "get_nets  clkw  "
RUN-1002 : start command "get_clocks -nowarn -of nets 21118354194432"
RUN-1002 : start command "get_ports clkr"
RUN-1002 : start command "get_nets  clkr  "
RUN-1002 : start command "get_clocks -nowarn -of nets 25658134626304"
RUN-1002 : start command "get_property -nowarn -max PERIOD "
RUN-1002 : start command "get_property -nowarn -max PERIOD "
RUN-1002 : start command "get_regs rd_to_wr_cross_inst/primary_addr_gray_reg[*]"
RUN-1002 : start command "get_regs rd_to_wr_cross_inst/sync_r1[*]"
RUN-1002 : start command "set_max_delay -from  -to  9.6999999999999993 -datapath_only"
RUN-1002 : start command "get_regs rd_to_wr_cross_inst/primary_addr_gray_reg[*]"
RUN-1002 : start command "get_regs rd_to_wr_cross_inst/sync_r1[*]"
RUN-1002 : start command "set_false_path -from  -to  -hold 9.6999999999999993"
USR-1002 : set_false_path -help -setup -hold -from <list> -rise_from <list> -fall_from <list> -to <list> -rise_to <list> -fall_to <list> -through <list>
RUN-1002 : start command "get_regs wr_to_rd_cross_inst/primary_addr_gray_reg[*]"
RUN-1002 : start command "get_regs wr_to_rd_cross_inst/sync_r1[*]"
RUN-1002 : start command "set_max_delay -from  -to  9.6999999999999993 -datapath_only"
RUN-1002 : start command "get_regs wr_to_rd_cross_inst/primary_addr_gray_reg[*]"
RUN-1002 : start command "get_regs wr_to_rd_cross_inst/sync_r1[*]"
RUN-1002 : start command "set_false_path -from  -to  -hold 9.6999999999999993"
USR-1002 : set_false_path -help -setup -hold -from <list> -rise_from <list> -fall_from <list> -to <list> -rise_to <list> -fall_to <list> -through <list>
RUN-1002 : start command "get_ports clkw"
RUN-1002 : start command "get_nets  clkw  "
RUN-1002 : start command "get_clocks -nowarn -of nets 31632434135040"
RUN-1002 : start command "get_ports clkr"
RUN-1002 : start command "get_nets  clkr  "
RUN-1002 : start command "get_clocks -nowarn -of nets 21118354194432"
RUN-1002 : start command "get_property -nowarn -max PERIOD "
RUN-1002 : start command "get_property -nowarn -max PERIOD "
RUN-1002 : start command "get_regs rd_to_wr_cross_inst/primary_addr_gray_reg[*]"
RUN-1002 : start command "get_regs rd_to_wr_cross_inst/sync_r1[*]"
RUN-1002 : start command "set_max_delay -from  -to  9.6999999999999993 -datapath_only"
RUN-1002 : start command "get_regs rd_to_wr_cross_inst/primary_addr_gray_reg[*]"
RUN-1002 : start command "get_regs rd_to_wr_cross_inst/sync_r1[*]"
RUN-1002 : start command "set_false_path -from  -to  -hold 9.6999999999999993"
USR-1002 : set_false_path -help -setup -hold -from <list> -rise_from <list> -fall_from <list> -to <list> -rise_to <list> -fall_to <list> -through <list>
RUN-1002 : start command "get_regs wr_to_rd_cross_inst/primary_addr_gray_reg[*]"
RUN-1002 : start command "get_regs wr_to_rd_cross_inst/sync_r1[*]"
RUN-1002 : start command "set_max_delay -from  -to  9.6999999999999993 -datapath_only"
RUN-1002 : start command "get_regs wr_to_rd_cross_inst/primary_addr_gray_reg[*]"
RUN-1002 : start command "get_regs wr_to_rd_cross_inst/sync_r1[*]"
RUN-1002 : start command "set_false_path -from  -to  -hold 9.6999999999999993"
USR-1002 : set_false_path -help -setup -hold -from <list> -rise_from <list> -fall_from <list> -to <list> -rise_to <list> -fall_to <list> -through <list>
RUN-1002 : start command "place"
RUN-1001 : Open license file D:/Program/Anlogic/TD5.6.2/license/Anlogic.lic
RUN-1001 : Print Global Property
RUN-1001 : ---------------------------------------------------------------
RUN-1001 :        Parameters        |  Settings  |  Default Values  |  Note  
RUN-1001 : ---------------------------------------------------------------
RUN-1001 :          message         |  standard  |     standard     |        
RUN-1001 :   mixed_pack_place_flow  |     on     |        on        |        
RUN-1001 :        qor_monitor       |    off     |       off        |        
RUN-1001 :        syn_ip_flow       |    off     |       off        |        
RUN-1001 :          thread          |    auto    |       auto       |        
RUN-1001 : ---------------------------------------------------------------
RUN-1001 : Print Place Property
RUN-1001 : --------------------------------------------------------------
RUN-1001 :        Parameters       |  Settings  |  Default Values  |  Note  
RUN-1001 : --------------------------------------------------------------
RUN-1001 :      detailed_place     |     on     |        on        |        
RUN-1001 :          effort         |   medium   |      medium      |        
RUN-1001 :         fix_hold        |    off     |       off        |        
RUN-1001 :       legalization      |    ori     |       ori        |        
RUN-1001 :      new_spreading      |     on     |        on        |        
RUN-1001 :        opt_timing       |   medium   |      medium      |        
RUN-1001 :   post_clock_route_opt  |    off     |       off        |        
RUN-1001 :       pr_strategy       |     1      |        1         |        
RUN-1001 :        relaxation       |    1.00    |       1.00       |        
RUN-1001 :         retiming        |    off     |       off        |        
RUN-1001 : --------------------------------------------------------------
PHY-3001 : Placer runs in 16 thread(s).
RUN-1002 : start command "legalize_phy_inst"
SYN-1011 : Flatten model top
RUN-1002 : start command "phys_opt -simplify_lut"
SYN-4016 : Net frame_read_write_m0/write_buf/clkw driven by BUFG (425 clock/control pins, 1 other pins).
SYN-4016 : Net frame_read_write_m0/read_buf/clkr driven by BUFG (110 clock/control pins, 1 other pins).
SYN-4027 : Net frame_read_write_m0/frame_fifo_read_m0/mem_clk is clkc1 of pll sys_pll_m0/pll_inst.
SYN-4027 : Net flash_write_read_m0/flash_cmd_m0/sys_clk is clkc2 of pll sys_pll_m0/pll_inst.
SYN-4019 : Net clk_dup_1 is refclk of pll sys_pll_m0/pll_inst.
SYN-4020 : Net clk_dup_1 is fbclk of pll sys_pll_m0/pll_inst.
SYN-4019 : Net clk_dup_1 is refclk of pll video_pll_m0/pll_inst.
SYN-4020 : Net clk_dup_1 is fbclk of pll video_pll_m0/pll_inst.
SYN-4025 : Tag rtl::Net clk_dup_1 as clock net
SYN-4025 : Tag rtl::Net flash_write_read_m0/flash_cmd_m0/sys_clk as clock net
SYN-4025 : Tag rtl::Net frame_read_write_m0/frame_fifo_read_m0/mem_clk as clock net
SYN-4025 : Tag rtl::Net frame_read_write_m0/read_buf/clkr as clock net
SYN-4025 : Tag rtl::Net frame_read_write_m0/write_buf/clkw as clock net
SYN-4026 : Tagged 5 rtl::Net as clock net
PHY-1001 : Populate physical database on model top.
RUN-1001 : There are total 2327 instances
RUN-0007 : 1131 luts, 828 seqs, 167 mslices, 90 lslices, 102 pads, 2 brams, 0 dsps
RUN-1001 : There are total 2684 nets
RUN-1001 : 1828 nets have 2 pins
RUN-1001 : 589 nets have [3 - 5] pins
RUN-1001 : 157 nets have [6 - 10] pins
RUN-1001 : 61 nets have [11 - 20] pins
RUN-1001 : 43 nets have [21 - 99] pins
RUN-1001 : 6 nets have 100+ pins
RUN-1001 : Report Control nets information:
RUN-1001 : DFF Distribution
RUN-1001 : ----------------------------------
RUN-1001 :   CE   |  SSR  |  ASR  |  DFF Count  
RUN-1001 : ----------------------------------
RUN-1001 :   No   |  No   |  No   |      1      
RUN-1001 :   No   |  No   |  Yes  |     531     
RUN-1001 :   No   |  Yes  |  No   |      0      
RUN-1001 :   Yes  |  No   |  No   |     16      
RUN-1001 :   Yes  |  No   |  Yes  |     280     
RUN-1001 :   Yes  |  Yes  |  No   |      0      
RUN-1001 : ----------------------------------
RUN-0007 : Control Group Statistic
RUN-0007 : ---------------------------
RUN-0007 :   #CLK  |  #CE  |  #SSR/ASR  
RUN-0007 : ---------------------------
RUN-0007 :    5    |  24   |     8      
RUN-0007 : ---------------------------
RUN-0007 : Control Set = 37
PHY-3001 : Initial placement ...
PHY-3001 : design contains 2325 instances, 1131 luts, 828 seqs, 257 slices, 41 macros(257 instances: 167 mslices 90 lslices)
PHY-0007 : Cell area utilization is 8%
PHY-3001 : Start timing update ...
RUN-1002 : start command "start_timer -report"
TMR-2505 : Start building timing graph for model top.
TMR-2506 : Build timing graph completely. Port num: 22, tpin num: 10893, tnet num: 2682, tinst num: 2325, tnode num: 13890, tedge num: 17519.
TMR-2508 : Levelizing timing graph completed, there are 43 levels in total.
TMR-2501 : Timing graph initialized successfully.
TMR-2503 : Start to update net delay, extr mode = 2.
TMR-2504 : Update delay of 2682 nets completely.
TMR-2502 : Annotate delay completely, extr mode = 2.
TMR-3001 : Initiate 5 clocks from SDC.
TMR-3004 : Map sdc constraints, there are 8 constraints in total.
TMR-3003 : Constraints initiated successfully.
TMR-3501 : Forward propagation: start to calculate arrival time...
TMR-3502 : Backward propagation: start to calculate required time...
TMR-3503 : Timing propagation completes.
PHY-3001 : End timing update;  0.457232s wall, 0.140625s user + 0.000000s system = 0.140625s CPU (30.8%)

PHY-3001 : Global placement ...
PHY-3001 : Initial: Len = 614738
PHY-3001 : Clustering ...
PHY-3001 : Level 0 #clusters 2325.
PHY-3001 : End clustering;  0.000008s wall, 0.000000s user + 0.000000s system = 0.000000s CPU (n/a%)

PHY-3001 : Run with size of 4
PHY-3001 : Cell area utilization is 8%
PHY-3001 : :::0::: Try harder cell spreading with beta_ = 0
PHY-3002 : Step(1): len = 514758, overlap = 2.25
PHY-3002 : Step(2): len = 446944, overlap = 4.5
PHY-3002 : Step(3): len = 400847, overlap = 2.25
PHY-3002 : Step(4): len = 360132, overlap = 4.5
PHY-3002 : Step(5): len = 322213, overlap = 4.5
PHY-3002 : Step(6): len = 283406, overlap = 4.5
PHY-3002 : Step(7): len = 251887, overlap = 5.0625
PHY-3002 : Step(8): len = 224691, overlap = 6.625
PHY-3002 : Step(9): len = 196743, overlap = 10.375
PHY-3002 : Step(10): len = 174041, overlap = 11.3125
PHY-3002 : Step(11): len = 158261, overlap = 12.3125
PHY-3002 : Step(12): len = 135716, overlap = 12.3438
PHY-3002 : Step(13): len = 127090, overlap = 9.90625
PHY-3002 : Step(14): len = 117580, overlap = 10.0625
PHY-3002 : Step(15): len = 109302, overlap = 7.3125
PHY-3002 : Step(16): len = 104530, overlap = 10.125
PHY-3002 : Step(17): len = 98977, overlap = 12.5938
PHY-3001 : :::1::: Try harder cell spreading with beta_ = 0.000538671
PHY-3002 : Step(18): len = 98297.7, overlap = 11.125
PHY-3002 : Step(19): len = 97015, overlap = 11.7188
PHY-3002 : Step(20): len = 94010.8, overlap = 16.6875
PHY-3002 : Step(21): len = 92684.2, overlap = 16.4062
PHY-3002 : Step(22): len = 90348.3, overlap = 12.625
PHY-3002 : Step(23): len = 87975.2, overlap = 10.4062
PHY-3002 : Step(24): len = 86767.3, overlap = 12.375
PHY-3002 : Step(25): len = 85968.4, overlap = 10.8438
PHY-3002 : Step(26): len = 82878.3, overlap = 11.9062
PHY-3002 : Step(27): len = 80024.5, overlap = 10.5
PHY-3002 : Step(28): len = 78854, overlap = 12.5938
PHY-3002 : Step(29): len = 77745.4, overlap = 14.625
PHY-3002 : Step(30): len = 76628.4, overlap = 14.0625
PHY-3002 : Step(31): len = 74635, overlap = 16.125
PHY-3002 : Step(32): len = 73885.8, overlap = 20.125
PHY-3002 : Step(33): len = 72843.8, overlap = 22.1875
PHY-3002 : Step(34): len = 72449.8, overlap = 21.2188
PHY-3002 : Step(35): len = 71755.9, overlap = 23.25
PHY-3002 : Step(36): len = 70960.1, overlap = 25.5938
PHY-3002 : Step(37): len = 70241.7, overlap = 25.625
PHY-3002 : Step(38): len = 70044, overlap = 25.75
PHY-3002 : Step(39): len = 69166, overlap = 25.6562
PHY-3002 : Step(40): len = 69019.7, overlap = 25.6562
PHY-3002 : Step(41): len = 68766.7, overlap = 25.1562
PHY-3001 : :::2::: Try harder cell spreading with beta_ = 0.00107734
PHY-3002 : Step(42): len = 68062.6, overlap = 25.4062
PHY-3002 : Step(43): len = 68073.5, overlap = 25.2812
PHY-3001 : :::3::: Try harder cell spreading with beta_ = 0.00215468
PHY-3002 : Step(44): len = 67885.6, overlap = 25.2812
PHY-3002 : Step(45): len = 67747.4, overlap = 24.8125
PHY-3001 : :::4::: Try harder cell spreading with beta_ = 0.00430937
PHY-3002 : Step(46): len = 67766.3, overlap = 22.5625
PHY-3002 : Step(47): len = 67766.3, overlap = 22.5625
PHY-3001 : Legalization ...
PHY-3001 : End legalization;  0.005075s wall, 0.000000s user + 0.000000s system = 0.000000s CPU (n/a%)

PHY-3001 : Run with size of 4
PHY-3001 : Cell area utilization is 10%
PHY-3001 : Update timing in Manhattan mode ...
TMR-2503 : Start to update net delay, extr mode = 3.
TMR-2504 : Update delay of 2682 nets completely.
TMR-2502 : Annotate delay completely, extr mode = 3.
TMR-3501 : Forward propagation: start to calculate arrival time...
TMR-3502 : Backward propagation: start to calculate required time...
TMR-3503 : Timing propagation completes.
PHY-3001 : End timing update;  0.053480s wall, 0.046875s user + 0.000000s system = 0.046875s CPU (87.6%)

PHY-3001 : :::0::: Try harder cell spreading with beta_ = 1.13311e-05
PHY-3002 : Step(48): len = 68564.1, overlap = 39.3438
PHY-3002 : Step(49): len = 69504.1, overlap = 36.9375
PHY-3002 : Step(50): len = 69202.9, overlap = 36.0938
PHY-3002 : Step(51): len = 69250.1, overlap = 36.75
PHY-3002 : Step(52): len = 69580.8, overlap = 38.1562
PHY-3002 : Step(53): len = 70054.7, overlap = 41.75
PHY-3002 : Step(54): len = 69761.6, overlap = 43.9062
PHY-3002 : Step(55): len = 69326.3, overlap = 43.75
PHY-3002 : Step(56): len = 69099.2, overlap = 42.8125
PHY-3002 : Step(57): len = 68597.6, overlap = 43.25
PHY-3002 : Step(58): len = 67964.8, overlap = 43.9062
PHY-3002 : Step(59): len = 67229.8, overlap = 45.9375
PHY-3002 : Step(60): len = 66289.1, overlap = 46.4375
PHY-3002 : Step(61): len = 65223.9, overlap = 41.8438
PHY-3002 : Step(62): len = 64124.7, overlap = 37.5625
PHY-3002 : Step(63): len = 63473.8, overlap = 32.1875
PHY-3002 : Step(64): len = 62778.1, overlap = 28.25
PHY-3002 : Step(65): len = 61944.6, overlap = 31.5938
PHY-3002 : Step(66): len = 61350.9, overlap = 37.125
PHY-3002 : Step(67): len = 60671, overlap = 38.5938
PHY-3002 : Step(68): len = 59884.6, overlap = 40.4688
PHY-3002 : Step(69): len = 58902.7, overlap = 45.0625
PHY-3002 : Step(70): len = 58659.3, overlap = 44.4062
PHY-3002 : Step(71): len = 58176.3, overlap = 43.25
PHY-3002 : Step(72): len = 57903.2, overlap = 40.9688
PHY-3002 : Step(73): len = 57259.4, overlap = 38.9375
PHY-3002 : Step(74): len = 56916.4, overlap = 47.3125
PHY-3002 : Step(75): len = 56614.3, overlap = 49.1562
PHY-3002 : Step(76): len = 56436.3, overlap = 50.0938
PHY-3002 : Step(77): len = 56152.2, overlap = 54.3438
PHY-3002 : Step(78): len = 55553.5, overlap = 57.5625
PHY-3002 : Step(79): len = 55120.5, overlap = 58.4375
PHY-3002 : Step(80): len = 54940.2, overlap = 64.3125
PHY-3002 : Step(81): len = 54466.8, overlap = 64.6875
PHY-3002 : Step(82): len = 54419, overlap = 65.4375
PHY-3002 : Step(83): len = 54037.1, overlap = 66.2188
PHY-3002 : Step(84): len = 54123, overlap = 66.4688
PHY-3002 : Step(85): len = 53563.6, overlap = 66.0938
PHY-3002 : Step(86): len = 53340.4, overlap = 64.9375
PHY-3002 : Step(87): len = 53306.8, overlap = 63.8438
PHY-3001 : :::1::: Try harder cell spreading with beta_ = 2.26623e-05
PHY-3002 : Step(88): len = 53109.5, overlap = 63.6875
PHY-3002 : Step(89): len = 53207.6, overlap = 63.5625
PHY-3001 : :::2::: Try harder cell spreading with beta_ = 4.53245e-05
PHY-3002 : Step(90): len = 54278.9, overlap = 64
PHY-3002 : Step(91): len = 54706.6, overlap = 64.2188
PHY-3002 : Step(92): len = 56977.8, overlap = 60.125
PHY-3002 : Step(93): len = 59464.7, overlap = 48.4062
PHY-3002 : Step(94): len = 60257.8, overlap = 44.8125
PHY-3002 : Step(95): len = 59662.2, overlap = 44.8125
PHY-3002 : Step(96): len = 59320.4, overlap = 42.4688
PHY-3001 : Run with size of 2
PHY-3001 : Cell area utilization is 10%
PHY-3001 : Update timing in Manhattan mode ...
TMR-2503 : Start to update net delay, extr mode = 3.
TMR-2504 : Update delay of 2682 nets completely.
TMR-2502 : Annotate delay completely, extr mode = 3.
TMR-3501 : Forward propagation: start to calculate arrival time...
TMR-3502 : Backward propagation: start to calculate required time...
TMR-3503 : Timing propagation completes.
PHY-3001 : End timing update;  0.067758s wall, 0.046875s user + 0.000000s system = 0.046875s CPU (69.2%)

PHY-3001 : :::0::: Try harder cell spreading with beta_ = 5.72214e-05
PHY-3002 : Step(97): len = 59790.5, overlap = 89.625
PHY-3002 : Step(98): len = 61366.9, overlap = 83.125
PHY-3002 : Step(99): len = 61779.5, overlap = 78.8125
PHY-3002 : Step(100): len = 61431.8, overlap = 76.1875
PHY-3002 : Step(101): len = 61587.4, overlap = 73.5625
PHY-3002 : Step(102): len = 61247.3, overlap = 75.0625
PHY-3002 : Step(103): len = 61228.1, overlap = 76.9375
PHY-3002 : Step(104): len = 61143.8, overlap = 75.25
PHY-3001 : :::1::: Try harder cell spreading with beta_ = 0.000114443
PHY-3002 : Step(105): len = 62209.9, overlap = 71.0625
PHY-3002 : Step(106): len = 62819.1, overlap = 70.3125
PHY-3002 : Step(107): len = 63518.5, overlap = 69.9688
PHY-3002 : Step(108): len = 64209, overlap = 69.625
PHY-3002 : Step(109): len = 64337.4, overlap = 69.9062
PHY-3001 : :::2::: Try harder cell spreading with beta_ = 0.000228886
PHY-3002 : Step(110): len = 64849.3, overlap = 68.5312
PHY-3002 : Step(111): len = 65047.2, overlap = 68.0312
PHY-3002 : Step(112): len = 65261.4, overlap = 65.5625
PHY-3002 : Step(113): len = 65493.5, overlap = 62.5
PHY-3002 : Step(114): len = 65672.3, overlap = 56.5
OPT-1001 : Start physical optimization ...
RUN-1002 : start command "start_timer -report"
TMR-2505 : Start building timing graph for model top.
TMR-2506 : Build timing graph completely. Port num: 22, tpin num: 10893, tnet num: 2682, tinst num: 2325, tnode num: 13890, tedge num: 17519.
TMR-2508 : Levelizing timing graph completed, there are 43 levels in total.
TMR-2501 : Timing graph initialized successfully.
OPT-1001 : Total overflow 119.25 peak overflow 3.19
OPT-1001 : Start high-fanout net optimization ...
OPT-1001 : Update timing in global mode
PHY-1001 : Start incremental global routing, caller is place ...
RUN-1001 : Generating global routing grids ...
RUN-1001 : Building simple global routing graph ...
PHY-1001 : Generate routing nets ...
PHY-1001 : Reuse net number 0/2684.
PHY-1001 : Global iterations in 16 thread ...
PHY-1002 : len = 73888, over cnt = 281(0%), over = 1066, worst = 22
PHY-1001 : End global iterations;  0.103940s wall, 0.015625s user + 0.000000s system = 0.015625s CPU (15.0%)

PHY-1001 : Congestion index: top1 = 40.43, top5 = 27.36, top10 = 19.22, top15 = 14.37.
PHY-1001 : End incremental global routing;  0.148303s wall, 0.015625s user + 0.000000s system = 0.015625s CPU (10.5%)

TMR-2503 : Start to update net delay, extr mode = 5.
TMR-2504 : Update delay of 2682 nets completely.
TMR-2502 : Annotate delay completely, extr mode = 5.
TMR-3001 : Initiate 5 clocks from SDC.
TMR-3004 : Map sdc constraints, there are 8 constraints in total.
TMR-3003 : Constraints initiated successfully.
TMR-3501 : Forward propagation: start to calculate arrival time...
TMR-3502 : Backward propagation: start to calculate required time...
TMR-3503 : Timing propagation completes.
OPT-1001 : End timing update;  0.073582s wall, 0.000000s user + 0.000000s system = 0.000000s CPU (n/a%)

OPT-1001 : 0 high-fanout net processed.
OPT-1001 : End high-fanout net optimization;  0.258080s wall, 0.046875s user + 0.000000s system = 0.046875s CPU (18.2%)

OPT-1001 : Current memory(MB): used = 223, reserve = 188, peak = 223.
OPT-1001 : Start global optimization ...
OPT-1001 : Start congestion update ...
RUN-1001 : Generating global routing grids ...
PHY-1001 : Generate routing nets ...
PHY-1001 : Reuse net number 1796/2684.
PHY-1001 : Global iterations in 16 thread ...
PHY-1002 : len = 73888, over cnt = 281(0%), over = 1066, worst = 22
PHY-1002 : len = 80352, over cnt = 172(0%), over = 448, worst = 10
PHY-1002 : len = 84912, over cnt = 33(0%), over = 41, worst = 3
PHY-1002 : len = 85440, over cnt = 6(0%), over = 9, worst = 3
PHY-1002 : len = 85600, over cnt = 0(0%), over = 0, worst = 0
PHY-1001 : End global iterations;  0.094637s wall, 0.000000s user + 0.000000s system = 0.000000s CPU (n/a%)

PHY-1001 : Congestion index: top1 = 34.89, top5 = 26.90, top10 = 20.62, top15 = 15.87.
OPT-1001 : End congestion update;  0.136071s wall, 0.015625s user + 0.000000s system = 0.015625s CPU (11.5%)

OPT-1001 : Update timing in Manhattan mode
TMR-2503 : Start to update net delay, extr mode = 3.
TMR-2504 : Update delay of 2682 nets completely.
TMR-2502 : Annotate delay completely, extr mode = 3.
TMR-3501 : Forward propagation: start to calculate arrival time...
TMR-3502 : Backward propagation: start to calculate required time...
TMR-3503 : Timing propagation completes.
OPT-1001 : End timing update;  0.054503s wall, 0.078125s user + 0.000000s system = 0.078125s CPU (143.3%)

OPT-0007 : Start: WNS 4297 TNS 0 NUM_FEPS 0
OPT-1001 : End global optimization;  0.190809s wall, 0.093750s user + 0.000000s system = 0.093750s CPU (49.1%)

OPT-1001 : Current memory(MB): used = 226, reserve = 191, peak = 227.
OPT-1001 : End physical optimization;  0.906016s wall, 0.375000s user + 0.000000s system = 0.375000s CPU (41.4%)

PHY-3001 : Start packing ...
SYN-4007 : Packing 0 MUX to BLE ...
SYN-4008 : Packed 0 MUX and 0 SEQ to BLE.
SYN-4007 : Packing 1131 LUT to BLE ...
SYN-4008 : Packed 1131 LUT and 544 SEQ to BLE.
SYN-4003 : Packing 284 remaining SEQ's ...
SYN-4005 : Packed 148 SEQ with LUT/SLICE
SYN-4006 : 466 single LUT's are left
SYN-4006 : 136 single SEQ's are left
SYN-4011 : Packing model "top" (AL_USER_NORMAL) with 1267/1763 primitive instances ...
PHY-3001 : End packing;  0.074887s wall, 0.015625s user + 0.000000s system = 0.015625s CPU (20.9%)

PHY-1001 : Populate physical database on model top.
RUN-1001 : There are total 1054 instances
RUN-1001 : 471 mslices, 472 lslices, 102 pads, 2 brams, 0 dsps
RUN-1001 : There are total 2195 nets
RUN-1001 : 1366 nets have 2 pins
RUN-1001 : 561 nets have [3 - 5] pins
RUN-1001 : 156 nets have [6 - 10] pins
RUN-1001 : 66 nets have [11 - 20] pins
RUN-1001 : 41 nets have [21 - 99] pins
RUN-1001 : 5 nets have 100+ pins
PHY-3001 : design contains 1052 instances, 943 slices, 41 macros(257 instances: 167 mslices 90 lslices)
PHY-3001 : Cell area utilization is 12%
PHY-3001 : After packing: Len = 64270, Over = 74
PHY-3001 : Run with size of 2
PHY-3001 : Cell area utilization is 12%
PHY-3001 : Update timing in Manhattan mode ...
RUN-1002 : start command "start_timer -report"
TMR-2505 : Start building timing graph for model top.
TMR-2506 : Build timing graph completely. Port num: 22, tpin num: 9252, tnet num: 2193, tinst num: 1052, tnode num: 11485, tedge num: 15723.
TMR-2508 : Levelizing timing graph completed, there are 41 levels in total.
TMR-2501 : Timing graph initialized successfully.
TMR-2503 : Start to update net delay, extr mode = 3.
TMR-2504 : Update delay of 2193 nets completely.
TMR-2502 : Annotate delay completely, extr mode = 3.
TMR-3001 : Initiate 5 clocks from SDC.
TMR-3004 : Map sdc constraints, there are 8 constraints in total.
TMR-3003 : Constraints initiated successfully.
TMR-3501 : Forward propagation: start to calculate arrival time...
TMR-3502 : Backward propagation: start to calculate required time...
TMR-3503 : Timing propagation completes.
PHY-3001 : End timing update;  0.524485s wall, 0.203125s user + 0.000000s system = 0.203125s CPU (38.7%)

PHY-3001 : :::0::: Try harder cell spreading with beta_ = 5.81113e-05
PHY-3002 : Step(115): len = 63039.9, overlap = 78
PHY-3002 : Step(116): len = 62432, overlap = 78
PHY-3002 : Step(117): len = 62004.2, overlap = 75
PHY-3002 : Step(118): len = 61948.2, overlap = 73.75
PHY-3002 : Step(119): len = 61817.5, overlap = 72.5
PHY-3002 : Step(120): len = 61865.6, overlap = 75.75
PHY-3002 : Step(121): len = 61748.5, overlap = 78.75
PHY-3001 : :::1::: Try harder cell spreading with beta_ = 0.000116223
PHY-3002 : Step(122): len = 62670.1, overlap = 74.5
PHY-3002 : Step(123): len = 63400.5, overlap = 69.75
PHY-3002 : Step(124): len = 63324.2, overlap = 69
PHY-3001 : :::2::: Try harder cell spreading with beta_ = 0.000232445
PHY-3002 : Step(125): len = 64850.4, overlap = 62.25
PHY-3002 : Step(126): len = 65988.3, overlap = 61.25
PHY-3002 : Step(127): len = 65971.8, overlap = 59.25
PHY-3001 : Legalization ...
PHY-3001 : End legalization;  0.089461s wall, 0.000000s user + 0.000000s system = 0.000000s CPU (n/a%)

PHY-3001 : Trial Legalized: Len = 85123
PHY-3001 : Run with size of 2
PHY-3001 : Cell area utilization is 12%
PHY-3001 : Update timing in Manhattan mode ...
TMR-2503 : Start to update net delay, extr mode = 3.
TMR-2504 : Update delay of 2193 nets completely.
TMR-2502 : Annotate delay completely, extr mode = 3.
TMR-3501 : Forward propagation: start to calculate arrival time...
TMR-3502 : Backward propagation: start to calculate required time...
TMR-3503 : Timing propagation completes.
PHY-3001 : End timing update;  0.043810s wall, 0.000000s user + 0.000000s system = 0.000000s CPU (n/a%)

PHY-3001 : :::0::: Try harder cell spreading with beta_ = 0.000717836
PHY-3002 : Step(128): len = 79159.5, overlap = 9.5
PHY-3002 : Step(129): len = 75953.7, overlap = 15.5
PHY-3002 : Step(130): len = 73302.7, overlap = 23
PHY-3002 : Step(131): len = 71284, overlap = 31.5
PHY-3002 : Step(132): len = 70106, overlap = 34.75
PHY-3002 : Step(133): len = 68857.2, overlap = 35.5
PHY-3002 : Step(134): len = 68314, overlap = 37
PHY-3002 : Step(135): len = 67887.4, overlap = 38.5
PHY-3001 : :::1::: Try harder cell spreading with beta_ = 0.00143567
PHY-3002 : Step(136): len = 68162.6, overlap = 38.25
PHY-3002 : Step(137): len = 68384.2, overlap = 38.75
PHY-3001 : :::2::: Try harder cell spreading with beta_ = 0.00287134
PHY-3002 : Step(138): len = 68601.9, overlap = 37.75
PHY-3002 : Step(139): len = 68821, overlap = 38.75
PHY-3001 : Legalization ...
PHY-3001 : End legalization;  0.004291s wall, 0.000000s user + 0.000000s system = 0.000000s CPU (n/a%)

PHY-3001 : Legalized: Len = 77552, Over = 0
PHY-3001 : Spreading special nets. 30 overflows in 2952 tiles.
PHY-3001 : End spreading;  0.006082s wall, 0.000000s user + 0.000000s system = 0.000000s CPU (n/a%)

PHY-3001 : 45 instances has been re-located, deltaX = 21, deltaY = 24, maxDist = 2.
PHY-3001 : Final: Len = 78370, Over = 0
OPT-1001 : Start physical optimization ...
RUN-1002 : start command "start_timer -report"
TMR-2505 : Start building timing graph for model top.
TMR-2506 : Build timing graph completely. Port num: 22, tpin num: 9252, tnet num: 2193, tinst num: 1052, tnode num: 11485, tedge num: 15723.
TMR-2508 : Levelizing timing graph completed, there are 41 levels in total.
TMR-2501 : Timing graph initialized successfully.
OPT-1001 : Total overflow 0.00 peak overflow 0.00
OPT-1001 : Start high-fanout net optimization ...
OPT-1001 : Update timing in global mode
PHY-1001 : Start incremental global routing, caller is place ...
RUN-1001 : Generating global routing grids ...
PHY-1001 : Generate routing nets ...
PHY-1001 : Reuse net number 83/2195.
PHY-1001 : Global iterations in 16 thread ...
PHY-1002 : len = 92920, over cnt = 211(0%), over = 360, worst = 5
PHY-1002 : len = 93840, over cnt = 132(0%), over = 214, worst = 4
PHY-1002 : len = 95120, over cnt = 64(0%), over = 96, worst = 4
PHY-1002 : len = 96176, over cnt = 0(0%), over = 0, worst = 0
PHY-1001 : End global iterations;  0.241050s wall, 0.109375s user + 0.000000s system = 0.109375s CPU (45.4%)

PHY-1001 : Congestion index: top1 = 31.59, top5 = 24.65, top10 = 20.31, top15 = 16.69.
PHY-1001 : End incremental global routing;  0.343675s wall, 0.171875s user + 0.000000s system = 0.171875s CPU (50.0%)

TMR-2503 : Start to update net delay, extr mode = 5.
TMR-2504 : Update delay of 2193 nets completely.
TMR-2502 : Annotate delay completely, extr mode = 5.
TMR-3001 : Initiate 5 clocks from SDC.
TMR-3004 : Map sdc constraints, there are 8 constraints in total.
TMR-3003 : Constraints initiated successfully.
TMR-3501 : Forward propagation: start to calculate arrival time...
TMR-3502 : Backward propagation: start to calculate required time...
TMR-3503 : Timing propagation completes.
OPT-1001 : End timing update;  0.087385s wall, 0.000000s user + 0.000000s system = 0.000000s CPU (n/a%)

OPT-1001 : 0 high-fanout net processed.
OPT-1001 : End high-fanout net optimization;  0.496808s wall, 0.218750s user + 0.000000s system = 0.218750s CPU (44.0%)

OPT-1001 : Current memory(MB): used = 227, reserve = 194, peak = 228.
OPT-1001 : Start path based optimization ...
OPT-1001 : Start congestion update ...
RUN-1001 : Generating global routing grids ...
PHY-1001 : Generate routing nets ...
PHY-1001 : Reuse net number 1863/2195.
PHY-1001 : Global iterations in 16 thread ...
PHY-1002 : len = 96176, over cnt = 0(0%), over = 0, worst = 0
PHY-1001 : End global iterations;  0.012526s wall, 0.015625s user + 0.000000s system = 0.015625s CPU (124.7%)

PHY-1001 : Congestion index: top1 = 31.59, top5 = 24.65, top10 = 20.31, top15 = 16.69.
OPT-1001 : End congestion update;  0.082299s wall, 0.031250s user + 0.000000s system = 0.031250s CPU (38.0%)

OPT-1001 : Update timing in Manhattan mode
TMR-2503 : Start to update net delay, extr mode = 3.
TMR-2504 : Update delay of 2193 nets completely.
TMR-2502 : Annotate delay completely, extr mode = 3.
TMR-3501 : Forward propagation: start to calculate arrival time...
TMR-3502 : Backward propagation: start to calculate required time...
TMR-3503 : Timing propagation completes.
OPT-1001 : End timing update;  0.064002s wall, 0.046875s user + 0.000000s system = 0.046875s CPU (73.2%)

OPT-0007 : Start: WNS 4302 TNS 0 NUM_FEPS 0
OPT-1001 : End path based optimization;  0.146565s wall, 0.078125s user + 0.000000s system = 0.078125s CPU (53.3%)

OPT-1001 : Current memory(MB): used = 230, reserve = 196, peak = 230.
OPT-1001 : Update timing in Manhattan mode
TMR-2503 : Start to update net delay, extr mode = 3.
TMR-2504 : Update delay of 2193 nets completely.
TMR-2502 : Annotate delay completely, extr mode = 3.
TMR-3501 : Forward propagation: start to calculate arrival time...
TMR-3502 : Backward propagation: start to calculate required time...
TMR-3503 : Timing propagation completes.
OPT-1001 : End timing update;  0.071289s wall, 0.062500s user + 0.000000s system = 0.062500s CPU (87.7%)

OPT-1001 : Start pin optimization...
OPT-1001 : skip pin optimization...
RUN-1001 : Generating global routing grids ...
PHY-1001 : Generate routing nets ...
PHY-1001 : Reuse net number 1863/2195.
PHY-1001 : Global iterations in 16 thread ...
PHY-1002 : len = 96176, over cnt = 0(0%), over = 0, worst = 0
PHY-1001 : End global iterations;  0.006964s wall, 0.000000s user + 0.000000s system = 0.000000s CPU (n/a%)

PHY-1001 : Congestion index: top1 = 31.59, top5 = 24.65, top10 = 20.31, top15 = 16.69.
OPT-1001 : Update timing in Manhattan mode
TMR-2503 : Start to update net delay, extr mode = 3.
TMR-2504 : Update delay of 2193 nets completely.
TMR-2502 : Annotate delay completely, extr mode = 3.
TMR-3501 : Forward propagation: start to calculate arrival time...
TMR-3502 : Backward propagation: start to calculate required time...
TMR-3503 : Timing propagation completes.
OPT-1001 : End timing update;  0.065663s wall, 0.062500s user + 0.000000s system = 0.062500s CPU (95.2%)

RUN-1001 : QoR Analysis:
OPT-0007 :   WNS 4302 TNS 0 NUM_FEPS 0
RUN-1001 :   No local congestion issue, and most congested 1% tile average routing util is 31.206897
RUN-1001 :   Top critical paths
RUN-1001 :       #1 path slack 4302ps with logic level 7 
OPT-1001 : End physical optimization;  1.348443s wall, 0.687500s user + 0.000000s system = 0.687500s CPU (51.0%)

RUN-1003 : finish command "place" in  6.203579s wall, 1.906250s user + 0.171875s system = 2.078125s CPU (33.5%)

RUN-1004 : used memory is 206 MB, reserved memory is 171 MB, peak memory is 231 MB
RUN-1002 : start command "export_db pic_sdram_place.db"
RUN-1001 : Exported /
RUN-1001 : Exported flow parameters
RUN-1001 : Exported libs
RUN-1001 : Exported entities
RUN-1001 : Exported ports
RUN-1001 : Exported pins
RUN-1001 : Exported instances
RUN-1001 : Exported nets
RUN-1001 : Exported buses
RUN-1001 : Exported models
RUN-1001 : Exported congestions
RUN-1001 : Exported violations
RUN-1001 : Exported timing constraints
RUN-1001 : Exported IO constraints
RUN-1001 : Exported Inst constraints
RUN-1002 : start command "route"
RUN-1001 : Open license file D:/Program/Anlogic/TD5.6.2/license/Anlogic.lic
RUN-1001 : Print Global Property
RUN-1001 : ---------------------------------------------------------------
RUN-1001 :        Parameters        |  Settings  |  Default Values  |  Note  
RUN-1001 : ---------------------------------------------------------------
RUN-1001 :          message         |  standard  |     standard     |        
RUN-1001 :   mixed_pack_place_flow  |     on     |        on        |        
RUN-1001 :        qor_monitor       |    off     |       off        |        
RUN-1001 :        syn_ip_flow       |    off     |       off        |        
RUN-1001 :          thread          |    auto    |       auto       |        
RUN-1001 : ---------------------------------------------------------------
RUN-1001 : Print Route Property
RUN-1001 : -------------------------------------------------------
RUN-1001 :    Parameters    |  Settings  |  Default Values  |  Note  
RUN-1001 : -------------------------------------------------------
RUN-1001 :      effort      |   medium   |      medium      |        
RUN-1001 :     fix_hold     |    off     |       off        |        
RUN-1001 :    opt_timing    |   medium   |      medium      |        
RUN-1001 :   phy_sim_model  |    off     |       off        |        
RUN-1001 :     priority     |   timing   |      timing      |        
RUN-1001 :     swap_pin     |     on     |        on        |        
RUN-1001 : -------------------------------------------------------
PHY-1001 : Route runs in 16 thread(s)
RUN-1001 : There are total 1054 instances
RUN-1001 : 471 mslices, 472 lslices, 102 pads, 2 brams, 0 dsps
RUN-1001 : There are total 2195 nets
RUN-1001 : 1366 nets have 2 pins
RUN-1001 : 561 nets have [3 - 5] pins
RUN-1001 : 156 nets have [6 - 10] pins
RUN-1001 : 66 nets have [11 - 20] pins
RUN-1001 : 41 nets have [21 - 99] pins
RUN-1001 : 5 nets have 100+ pins
RUN-1002 : start command "start_timer -report"
TMR-2505 : Start building timing graph for model top.
TMR-2506 : Build timing graph completely. Port num: 22, tpin num: 9252, tnet num: 2193, tinst num: 1052, tnode num: 11485, tedge num: 15723.
TMR-2508 : Levelizing timing graph completed, there are 41 levels in total.
TMR-2501 : Timing graph initialized successfully.
PHY-1001 : 471 mslices, 472 lslices, 102 pads, 2 brams, 0 dsps
TMR-2503 : Start to update net delay, extr mode = 3.
TMR-2504 : Update delay of 2193 nets completely.
TMR-2502 : Annotate delay completely, extr mode = 3.
TMR-3001 : Initiate 5 clocks from SDC.
TMR-3004 : Map sdc constraints, there are 8 constraints in total.
TMR-3003 : Constraints initiated successfully.
TMR-3501 : Forward propagation: start to calculate arrival time...
TMR-3502 : Backward propagation: start to calculate required time...
TMR-3503 : Timing propagation completes.
PHY-1001 : Start global routing, caller is route ...
RUN-1001 : Generating global routing grids ...
PHY-1001 : Generate routing nets ...
PHY-1001 : Global iterations in 16 thread ...
PHY-1002 : len = 91608, over cnt = 208(0%), over = 378, worst = 5
PHY-1002 : len = 93192, over cnt = 109(0%), over = 167, worst = 5
PHY-1002 : len = 94952, over cnt = 7(0%), over = 7, worst = 1
PHY-1002 : len = 95064, over cnt = 0(0%), over = 0, worst = 0
PHY-1001 : End global iterations;  0.242919s wall, 0.046875s user + 0.000000s system = 0.046875s CPU (19.3%)

PHY-1001 : Congestion index: top1 = 31.64, top5 = 24.37, top10 = 20.06, top15 = 16.46.
PHY-1001 : End global routing;  0.317089s wall, 0.093750s user + 0.000000s system = 0.093750s CPU (29.6%)

PHY-1001 : Start detail routing ...
PHY-1001 : Current memory(MB): used = 251, reserve = 218, peak = 265.
PHY-1001 : Detailed router is running in normal mode.
PHY-1001 : Generate detailed routing grids ...
PHY-1001 : Generate nets ...
PHY-1001 : net clk_dup_1 will be routed on clock mesh
PHY-1001 : net flash_write_read_m0/flash_cmd_m0/sys_clk will be routed on clock mesh
PHY-1001 : net frame_read_write_m0/frame_fifo_read_m0/mem_clk will be routed on clock mesh
PHY-1001 : clock net frame_read_write_m0/read_buf/clkr will be merged with clock video_pll_m0/clk0_buf
PHY-1001 : clock net frame_read_write_m0/write_buf/clkw will be merged with clock sys_pll_m0/clk0_buf
PHY-1001 : Current memory(MB): used = 518, reserve = 489, peak = 518.
PHY-1001 : End build detailed router design. 3.803679s wall, 2.656250s user + 0.015625s system = 2.671875s CPU (70.2%)

PHY-1001 : Detail Route ...
PHY-1001 : ===== Detail Route Phase 1 =====
PHY-1001 : Clock net routing.....
PHY-1001 : Routed 0% nets.
PHY-1022 : len = 45728, over cnt = 0(0%), over = 0, worst = 0, crit = 0
PHY-1001 : End initial clock net routed; 0.927341s wall, 0.406250s user + 0.015625s system = 0.421875s CPU (45.5%)

PHY-1001 : Current memory(MB): used = 551, reserve = 525, peak = 551.
PHY-1001 : End phase 1; 0.932039s wall, 0.421875s user + 0.015625s system = 0.437500s CPU (46.9%)

PHY-1001 : ===== Detail Route Phase 2 =====
PHY-1001 : Initial routing.....
PHY-1001 : Routed 37% nets.
PHY-1001 : Routed 46% nets.
PHY-1001 : Routed 55% nets.
PHY-1001 : Routed 67% nets.
PHY-1001 : Routed 87% nets.
PHY-1022 : len = 288224, over cnt = 42(0%), over = 42, worst = 1, crit = 0
PHY-1001 : Current memory(MB): used = 551, reserve = 525, peak = 552.
PHY-1001 : End initial routed; 1.560661s wall, 0.453125s user + 0.015625s system = 0.468750s CPU (30.0%)

PHY-1001 : Update timing.....
PHY-1001 : 0/1930(0%) critical/total net(s).
RUN-1001 : --------------------------------------
RUN-1001 :   Type   |  WNS(ns)  |  TNS(ns)  |  FEP  
RUN-1001 : --------------------------------------
RUN-1001 :   Setup  |   1.725   |   0.000   |   0   
RUN-1001 :   Hold   |  -0.065   |  -0.065   |   1   
RUN-1001 : --------------------------------------
PHY-1001 : End update timing; 0.532855s wall, 0.406250s user + 0.000000s system = 0.406250s CPU (76.2%)

PHY-1001 : Current memory(MB): used = 553, reserve = 526, peak = 553.
PHY-1001 : End phase 2; 2.093564s wall, 0.859375s user + 0.015625s system = 0.875000s CPU (41.8%)

PHY-1001 : ===== Detail Route Phase 3 =====
PHY-1001 : Optimize timing.....
PHY-1022 : len = 288224, over cnt = 42(0%), over = 42, worst = 1, crit = 0
PHY-1001 : End optimize timing; 0.017030s wall, 0.015625s user + 0.000000s system = 0.015625s CPU (91.8%)

PHY-1001 : Ripup-reroute.....
PHY-1001 : ===== DR Iter 1 =====
PHY-1022 : len = 288064, over cnt = 8(0%), over = 8, worst = 1, crit = 0
PHY-1001 : End DR Iter 1; 0.035211s wall, 0.015625s user + 0.000000s system = 0.015625s CPU (44.4%)

PHY-1001 : ===== DR Iter 2 =====
PHY-1022 : len = 288128, over cnt = 4(0%), over = 4, worst = 1, crit = 0
PHY-1001 : End DR Iter 2; 0.020836s wall, 0.015625s user + 0.000000s system = 0.015625s CPU (75.0%)

PHY-1001 : ===== DR Iter 3 =====
PHY-1022 : len = 288128, over cnt = 0(0%), over = 0, worst = 0, crit = 0
PHY-1001 : End DR Iter 3; 0.021411s wall, 0.000000s user + 0.000000s system = 0.000000s CPU (n/a%)

PHY-1001 : Update timing.....
PHY-1001 : 0/1930(0%) critical/total net(s).
RUN-1001 : --------------------------------------
RUN-1001 :   Type   |  WNS(ns)  |  TNS(ns)  |  FEP  
RUN-1001 : --------------------------------------
RUN-1001 :   Setup  |   1.725   |   0.000   |   0   
RUN-1001 :   Hold   |  -0.065   |  -0.065   |   1   
RUN-1001 : --------------------------------------
PHY-1001 : End update timing; 0.543069s wall, 0.234375s user + 0.000000s system = 0.234375s CPU (43.2%)

PHY-1001 : Commit to database.....
PHY-1001 : 6 feed throughs used by 6 nets
PHY-1001 : End commit to database; 0.187367s wall, 0.125000s user + 0.000000s system = 0.125000s CPU (66.7%)

PHY-1001 : Current memory(MB): used = 569, reserve = 542, peak = 569.
PHY-1001 : End phase 3; 0.934893s wall, 0.468750s user + 0.000000s system = 0.468750s CPU (50.1%)

PHY-1003 : Routed, final wirelength = 288128
PHY-1001 : Current memory(MB): used = 570, reserve = 543, peak = 570.
PHY-1001 : End export database. 0.008835s wall, 0.000000s user + 0.000000s system = 0.000000s CPU (n/a%)

PHY-1001 : End detail routing;  7.933496s wall, 4.453125s user + 0.046875s system = 4.500000s CPU (56.7%)

RUN-1003 : finish command "route" in  9.108682s wall, 5.312500s user + 0.046875s system = 5.359375s CPU (58.8%)

RUN-1004 : used memory is 544 MB, reserved memory is 518 MB, peak memory is 570 MB
RUN-1002 : start command "report_area -io_info -file pic_sdram_phy.area"
RUN-1001 : standard
***Report Model: top Device: EG4S20BG256***

IO Statistics
#IO                        47
  #input                    6
  #output                  37
  #inout                    4

Utilization Statistics
#lut                     1684   out of  19600    8.59%
#reg                      858   out of  19600    4.38%
#le                      1820
  #lut only               962   out of   1820   52.86%
  #reg only               136   out of   1820    7.47%
  #lut&reg                722   out of   1820   39.67%
#dsp                        0   out of     29    0.00%
#bram                       2   out of     64    3.12%
  #bram9k                   2
  #fifo9k                   0
#bram32k                    0   out of     16    0.00%
#pad                       47   out of    188   25.00%
  #ireg                     1
  #oreg                    40
  #treg                     1
#pll                        2   out of      4   50.00%
#gclk                       2   out of     16   12.50%

Clock Resource Statistics
Index     ClockNet                                          Type               DriverType         Driver                         Fanout
#1        sys_pll_m0/clk0_buf                               GCLK               pll                sys_pll_m0/pll_inst.clkc0      264
#2        frame_read_write_m0/frame_fifo_read_m0/mem_clk    GCLK               pll                sys_pll_m0/pll_inst.clkc1      198
#3        video_pll_m0/clk0_buf                             GCLK               pll                video_pll_m0/pll_inst.clkc0    77
#4        flash_write_read_m0/flash_cmd_m0/sys_clk          GCLK               pll                sys_pll_m0/pll_inst.clkc2      42
#5        clk_dup_1                                         GCLK               io                 clk_syn_2.di                   27


Detailed IO Report

       Name         Direction    Location    IOStandard    DriveStrength    PullType     PackReg   
       clk            INPUT         R7        LVCMOS33          N/A           NONE        NONE     
       key1           INPUT         B2        LVCMOS33          N/A           NONE        IREG     
       key2           INPUT         B1        LVCMOS33          N/A           NONE        NONE     
      rst_n           INPUT         A2        LVCMOS33          N/A           NONE        NONE     
     sd_miso          INPUT        B14        LVCMOS33          N/A           NONE        NONE     
     switch1          INPUT         C8        LVCMOS33          N/A           NONE        NONE     
    flash_cs_n       OUTPUT         P8        LVCMOS33           8            NONE        OREG     
    flash_sck        OUTPUT         M9        LVCMOS33           8            NONE        OREG     
     sd_dclk         OUTPUT        A14        LVCMOS33           8            NONE        OREG     
     sd_mosi         OUTPUT        A13        LVCMOS33           8            NONE        OREG     
      sd_ncs         OUTPUT        A12        LVCMOS33           8            NONE        OREG     
   seg_data[7]       OUTPUT         A6        LVCMOS33           8            NONE        NONE     
   seg_data[6]       OUTPUT         A7        LVCMOS33           8            NONE        OREG     
   seg_data[5]       OUTPUT         A8        LVCMOS33           8            NONE        OREG     
   seg_data[4]       OUTPUT         B5        LVCMOS33           8            NONE        OREG     
   seg_data[3]       OUTPUT         A5        LVCMOS33           8            NONE        OREG     
   seg_data[2]       OUTPUT         B6        LVCMOS33           8            NONE        OREG     
   seg_data[1]       OUTPUT        C16        LVCMOS33           8            NONE        OREG     
   seg_data[0]       OUTPUT        C15        LVCMOS33           8            NONE        OREG     
    seg_sel[5]       OUTPUT        D11        LVCMOS33           8            NONE        OREG     
    seg_sel[4]       OUTPUT        E11        LVCMOS33           8            NONE        OREG     
    seg_sel[3]       OUTPUT        F10        LVCMOS33           8            NONE        OREG     
    seg_sel[2]       OUTPUT        C13        LVCMOS33           8            NONE        OREG     
    seg_sel[1]       OUTPUT        E10        LVCMOS33           8            NONE        OREG     
    seg_sel[0]       OUTPUT        E12        LVCMOS33           8            NONE        OREG     
   vga_out_b[4]      OUTPUT         D5        LVCMOS33           8            NONE        OREG     
   vga_out_b[3]      OUTPUT         D6        LVCMOS33           8            NONE        OREG     
   vga_out_b[2]      OUTPUT         E6        LVCMOS33           8            NONE        OREG     
   vga_out_b[1]      OUTPUT         F6        LVCMOS33           8            NONE        OREG     
   vga_out_b[0]      OUTPUT        H16        LVCMOS25           8            N/A         OREG     
   vga_out_g[5]      OUTPUT         N6        LVCMOS33           8            NONE        OREG     
   vga_out_g[4]      OUTPUT         N5        LVCMOS33           8            NONE        OREG     
   vga_out_g[3]      OUTPUT         P5        LVCMOS33           8            NONE        OREG     
   vga_out_g[2]      OUTPUT         T5        LVCMOS33           8            NONE        OREG     
   vga_out_g[1]      OUTPUT        F14        LVCMOS25           8            N/A         OREG     
   vga_out_g[0]      OUTPUT         A4        LVCMOS33           8            N/A         OREG     
    vga_out_hs       OUTPUT         E7        LVCMOS33           8            NONE        OREG     
   vga_out_r[4]      OUTPUT        E13        LVCMOS33           8            NONE        OREG     
   vga_out_r[3]      OUTPUT         L8        LVCMOS33           8            NONE        OREG     
   vga_out_r[2]      OUTPUT         L7        LVCMOS33           8            NONE        OREG     
   vga_out_r[1]      OUTPUT         R5        LVCMOS33           8            NONE        OREG     
   vga_out_r[0]      OUTPUT         H5        LVCMOS33           8            N/A         OREG     
    vga_out_vs       OUTPUT         F7        LVCMOS33           8            NONE        OREG     
  flash_qspi_IO0      INOUT         P7        LVCMOS33           8            NONE      OREG;TREG  
  flash_qspi_IO1      INOUT         N8        LVCMOS33           8            NONE        OREG     
  flash_qspi_IO2      INOUT         P9        LVCMOS33           8            NONE        OREG     
  flash_qspi_IO3      INOUT         R9        LVCMOS33           8            NONE        OREG     
      dq[23]          INPUT        S31        LVCMOS25           8           PULLUP       NONE     
      dq[22]          INPUT        S32        LVCMOS25           8           PULLUP       NONE     
      dq[21]          INPUT        S35        LVCMOS25           8           PULLUP       NONE     
      dq[20]          INPUT        S36        LVCMOS25           8           PULLUP       NONE     
      dq[19]          INPUT        S37        LVCMOS25           8           PULLUP       NONE     
      dq[18]          INPUT        S38        LVCMOS25           8           PULLUP       NONE     
      dq[17]          INPUT        S41        LVCMOS25           8           PULLUP       NONE     
      dq[16]          INPUT        S42        LVCMOS25           8           PULLUP       NONE     
      dq[31]          INPUT        S48        LVCMOS25           8           PULLUP       NONE     
      dq[30]          INPUT        S49        LVCMOS25           8           PULLUP       NONE     
      dq[29]          INPUT        S52        LVCMOS25           8           PULLUP       NONE     
      dq[28]          INPUT        S53        LVCMOS25           8           PULLUP       NONE     
      dq[27]          INPUT        S54        LVCMOS25           8           PULLUP       NONE     
      dq[26]          INPUT        S55        LVCMOS25           8           PULLUP       NONE     
      dq[25]          INPUT        S58        LVCMOS25           8           PULLUP       NONE     
      dq[24]          INPUT        S59        LVCMOS25           8           PULLUP       NONE     
       dm0           OUTPUT        S14        LVCMOS25           8            NONE        NONE     
       cke           OUTPUT        S18        LVCMOS25           8            NONE        OREG     
       we_n          OUTPUT        S19        LVCMOS25           8            NONE        OREG     
      cas_n          OUTPUT        S20        LVCMOS25           8            NONE        OREG     
      ras_n          OUTPUT        S21        LVCMOS25           8            NONE        OREG     
       cs_n          OUTPUT        S22        LVCMOS25           8            NONE        OREG     
     addr[9]         OUTPUT        S23        LVCMOS25           8            NONE        OREG     
     addr[8]         OUTPUT        S24        LVCMOS25           8            NONE        OREG     
     addr[7]         OUTPUT        S25        LVCMOS25           8            NONE        OREG     
     addr[6]         OUTPUT        S26        LVCMOS25           8            NONE        OREG     
     addr[5]         OUTPUT        S27        LVCMOS25           8            NONE        OREG     
     addr[4]         OUTPUT        S28        LVCMOS25           8            NONE        OREG     
       dm2           OUTPUT        S29        LVCMOS25           8            NONE        NONE     
       dm3           OUTPUT        S61        LVCMOS25           8            NONE        NONE     
     addr[3]         OUTPUT        S64        LVCMOS25           8            NONE        OREG     
     addr[2]         OUTPUT        S65        LVCMOS25           8            NONE        OREG     
     addr[1]         OUTPUT        S66        LVCMOS25           8            NONE        OREG     
     addr[0]         OUTPUT        S67        LVCMOS25           8            NONE        OREG     
     addr[10]        OUTPUT        S68        LVCMOS25           8            NONE        OREG     
      ba[0]          OUTPUT        S69        LVCMOS25           8            NONE        OREG     
      ba[1]          OUTPUT        S70        LVCMOS25           8            NONE        OREG     
       clk           OUTPUT        S73        LVCMOS25           8            NONE        NONE     
       dm1           OUTPUT        S76        LVCMOS25           8            NONE        NONE     
      dq[0]           INOUT         S1        LVCMOS25           8           PULLUP       IREG     
      dq[6]           INOUT        S11        LVCMOS25           8           PULLUP       IREG     
      dq[7]           INOUT        S12        LVCMOS25           8           PULLUP       IREG     
      dq[1]           INOUT         S2        LVCMOS25           8           PULLUP       IREG     
      dq[2]           INOUT         S5        LVCMOS25           8           PULLUP       IREG     
      dq[3]           INOUT         S6        LVCMOS25           8           PULLUP       IREG     
      dq[4]           INOUT         S7        LVCMOS25           8           PULLUP       IREG     
      dq[8]           INOUT        S78        LVCMOS25           8           PULLUP       IREG     
      dq[9]           INOUT        S79        LVCMOS25           8           PULLUP       IREG     
      dq[5]           INOUT         S8        LVCMOS25           8           PULLUP       IREG     
      dq[10]          INOUT        S82        LVCMOS25           8           PULLUP       IREG     
      dq[11]          INOUT        S83        LVCMOS25           8           PULLUP       IREG     
      dq[12]          INOUT        S84        LVCMOS25           8           PULLUP       IREG     
      dq[13]          INOUT        S85        LVCMOS25           8           PULLUP       IREG     
      dq[14]          INOUT        S88        LVCMOS25           8           PULLUP       IREG     
      dq[15]          INOUT        S89        LVCMOS25           8           PULLUP       IREG     

Report Hierarchy Area:
+-------------------------------------------------------------------------------------------------------------------------------------+
|Instance                        |Module                                         |le     |lut     |ripple  |seq     |bram    |dsp     |
+-------------------------------------------------------------------------------------------------------------------------------------+
|top                             |top                                            |1820   |1427    |257     |900     |2       |0       |
|  flash_write_read_m0           |flash_write_read                               |104    |98      |6       |65      |0       |0       |
|    Qspi_master_m0              |Qspi_master                                    |34     |34      |0       |19      |0       |0       |
|    flash_cmd_m0                |flash_cmd                                      |70     |64      |6       |46      |0       |0       |
|      flash_step_m0             |flash_step                                     |52     |46      |6       |32      |0       |0       |
|  frame_read_write_m0           |frame_read_write                               |406    |255     |84      |267     |2       |0       |
|    frame_fifo_read_m0          |frame_fifo_read                                |77     |58      |17      |35      |0       |0       |
|    frame_fifo_write_m0         |frame_fifo_write                               |74     |57      |17      |40      |0       |0       |
|    read_buf                    |afifo_16_256                                   |129    |65      |25      |97      |1       |0       |
|      ram_inst                  |ram_infer_afifo_16_256                         |13     |5       |0       |13      |1       |0       |
|      rd_to_wr_cross_inst       |fifo_cross_domain_addr_process_al_afifo_16_256 |31     |14      |0       |31      |0       |0       |
|      wr_to_rd_cross_inst       |fifo_cross_domain_addr_process_al_afifo_16_256 |29     |16      |0       |29      |0       |0       |
|    write_buf                   |afifo_16_256                                   |126    |75      |25      |95      |1       |0       |
|      ram_inst                  |ram_infer_afifo_16_256                         |13     |7       |0       |13      |1       |0       |
|      rd_to_wr_cross_inst       |fifo_cross_domain_addr_process_al_afifo_16_256 |26     |16      |0       |26      |0       |0       |
|      wr_to_rd_cross_inst       |fifo_cross_domain_addr_process_al_afifo_16_256 |31     |23      |0       |31      |0       |0       |
|  sd_card_bmp_m0                |sd_card_bmp                                    |905    |761     |91      |376     |0       |0       |
|    ax_debounce_m0              |ax_debounce                                    |64     |54      |9       |36      |0       |0       |
|    bmp_read_m0                 |bmp_read                                       |285    |193     |55      |166     |0       |0       |
|    sd_card_top_m0              |sd_card_top                                    |556    |514     |27      |174     |0       |0       |
|      sd_card_cmd_m0            |sd_card_cmd                                    |318    |294     |22      |52      |0       |0       |
|      sd_card_sec_read_write_m0 |sd_card_sec_read_write                         |174    |161     |0       |86      |0       |0       |
|      spi_master_m0             |spi_master                                     |64     |59      |5       |36      |0       |0       |
|  sdram_m0                      |sdram                                          |0      |0       |0       |0       |0       |0       |
|  seg_scan_m0                   |seg_scan                                       |75     |53      |22      |21      |0       |0       |
|  sys_pll_m0                    |sys_pll                                        |0      |0       |0       |0       |0       |0       |
|  u_sdram_controller            |sdram_controller                               |263    |206     |46      |93      |0       |0       |
|    u_sdram_cmd                 |sdram_cmd                                      |66     |66      |0       |27      |0       |0       |
|    u_sdram_ctrl                |sdram_ctrl                                     |181    |134     |46      |51      |0       |0       |
|    u_sdram_data                |sdram_data                                     |14     |4       |0       |14      |0       |0       |
|  video_pll_m0                  |video_pll                                      |0      |0       |0       |0       |0       |0       |
|  video_timing_data_m0          |video_timing_data                              |67     |54      |8       |36      |0       |0       |
|    color_bar_m0                |color_bar                                      |46     |36      |8       |31      |0       |0       |
+-------------------------------------------------------------------------------------------------------------------------------------+


DataNet Average Fanout:

   Index     Fanout     Nets  
    #1          1       1319  
    #2          2       263   
    #3          3       179   
    #4          4       119   
    #5        5-10      168   
    #6        11-50      90   
    #7       51-100      2    
    #8       101-500     1    
  Average     2.99            

RUN-1002 : start command "export_db pic_sdram_pr.db"
RUN-1001 : Exported /
RUN-1001 : Exported flow parameters
RUN-1001 : Exported libs
RUN-1001 : Exported entities
RUN-1001 : Exported ports
RUN-1001 : Exported pins
RUN-1001 : Exported instances
RUN-1001 : Exported nets
RUN-1001 : Exported buses
RUN-1001 : Exported models
RUN-1001 : Exported congestions
RUN-1001 : Exported violations
RUN-1001 : Exported timing constraints
RUN-1001 : Exported IO constraints
RUN-1001 : Exported Inst constraints
RUN-1002 : start command "start_timer"
TMR-2505 : Start building timing graph for model top.
TMR-2506 : Build timing graph completely. Port num: 22, tpin num: 9252, tnet num: 2193, tinst num: 1052, tnode num: 11485, tedge num: 15723.
TMR-2508 : Levelizing timing graph completed, there are 41 levels in total.
TMR-2501 : Timing graph initialized successfully.
RUN-1002 : start command "report_timing -mode FINAL -net_info -rpt_autogen true -file pic_sdram_phy.timing"
TMR-2503 : Start to update net delay, extr mode = 6.
TMR-2504 : Update delay of 2193 nets completely.
TMR-2502 : Annotate delay completely, extr mode = 6.
TMR-3001 : Initiate 5 clocks from SDC.
TMR-3004 : Map sdc constraints, there are 8 constraints in total.
TMR-3003 : Constraints initiated successfully.
TMR-3501 : Forward propagation: start to calculate arrival time...
TMR-3502 : Backward propagation: start to calculate required time...
TMR-3503 : Timing propagation completes.
TMR-3506 : Start to generate timing report.
TMR-1502 : Number of clock constraints = 5. Number of clock nets = 5 (0 unconstrainted).
TMR-3508 : Export timing summary.
TMR-3507 : Timing report generated successfully in pic_sdram_phy.timing, timing summary in pic_sdram_phy.tsm.
RUN-1002 : start command "export_bid pic_sdram_inst.bid"
PRG-1000 : <!-- HMAC is: d18c1203a58763787b67cba88cf768660eb6dbd82ff6db4d1e67d51cd47e863d -->
RUN-1002 : start command "bitgen -bit pic_sdram.bit"
BIT-1003 : Start to generate bitstream. 
BIT-1002 : Init instances with 16 threads.
BIT-1002 : Init instances completely, inst num: 1052
BIT-1002 : Init pips with 16 threads.
BIT-1002 : Init pips completely, net num: 2195, pip num: 21054
BIT-1002 : Init feedthrough completely, num: 6
BIT-1003 : Multithreading accelaration with 16 threads.
BIT-1003 : Generate bitstream completely, there are 1666 valid insts, and 60479 bits set as '1'.
BIT-1004 : the usercode register value: 00000000101110110000000000000000
BIT-1004 : PLL setting string = 0110
BIT-1004 : Generate bits file pic_sdram.bit.
RUN-1003 : finish command "bitgen -bit pic_sdram.bit" in  2.667252s wall, 20.718750s user + 0.000000s system = 20.718750s CPU (776.8%)

RUN-1004 : used memory is 559 MB, reserved memory is 531 MB, peak memory is 727 MB
RUN-1002 : start command "backup_run_log run.log ../.logs/phy_1/td_20231213_104820.log"
