============================================================
   Tang Dynasty, V5.6.71036
      Copyright (c) 2012-2023 Anlogic Inc.
   Executable = D:/Program/Anlogic/TD5.6.2/bin/td.exe
   Built at =   20:34:38 Mar 21 2023
   Run by =     28408
   Run Date =   Thu Dec 14 15:02:29 2023

   Run on =     DESKTOP-T1B5OP5
============================================================
RUN-1002 : start command "open_project pic_sdram.prj"
RUN-1001 : Print Global Property
RUN-1001 : ---------------------------------------------------------------
RUN-1001 :        Parameters        |  Settings  |  Default Values  |  Note  
RUN-1001 : ---------------------------------------------------------------
RUN-1001 :          message         |  standard  |     standard     |        
RUN-1001 :   mixed_pack_place_flow  |     on     |        on        |        
RUN-1001 :        qor_monitor       |    off     |       off        |        
RUN-1001 :        syn_ip_flow       |    off     |       off        |        
RUN-1001 :          thread          |    auto    |       auto       |        
RUN-1001 : ---------------------------------------------------------------
RUN-1001 : Print Design Property
RUN-1001 : --------------------------------------------------------------
RUN-1001 :        Parameters       |  Settings  |  Default Values  |  Note  
RUN-1001 : --------------------------------------------------------------
RUN-1001 :   default_reg_initial   |    auto    |       auto       |        
RUN-1001 :        infer_add        |     on     |        on        |        
RUN-1001 :        infer_fsm        |    off     |       off        |        
RUN-1001 :        infer_mult       |     on     |        on        |        
RUN-1001 :        infer_ram        |     on     |        on        |        
RUN-1001 :        infer_reg        |     on     |        on        |        
RUN-1001 :   infer_reg_init_value  |     on     |        on        |        
RUN-1001 :        infer_rom        |     on     |        on        |        
RUN-1001 :      infer_shifter      |     on     |        on        |        
RUN-1001 : --------------------------------------------------------------
RUN-1001 : Print Rtl Property
RUN-1001 : --------------------------------------------------------------
RUN-1001 :        Parameters       |  Settings  |  Default Values  |  Note  
RUN-1001 : --------------------------------------------------------------
RUN-1001 :       compress_add      |   ripple   |      ripple      |        
RUN-1001 :        elf_sload        |    off     |       off        |        
RUN-1001 :       fix_undriven      |     0      |        0         |        
RUN-1001 :         flatten         |    off     |       off        |        
RUN-1001 :       gate_sharing      |     on     |        on        |        
RUN-1001 :    hdl_warning_level    |   normal   |      normal      |        
RUN-1001 :   impl_internal_tribuf  |     on     |        on        |        
RUN-1001 :      impl_set_reset     |     on     |        on        |        
RUN-1001 :        infer_gsr        |    off     |       off        |        
RUN-1001 :      keep_hierarchy     |    auto    |       auto       |        
RUN-1001 :        max_fanout       |    9999    |       9999       |        
RUN-1001 :      max_oh2bin_len     |     10     |        10        |        
RUN-1001 :       merge_equal       |     on     |        on        |        
RUN-1001 :       merge_equiv       |     on     |        on        |        
RUN-1001 :        merge_mux        |    off     |       off        |        
RUN-1001 :     min_control_set     |     8      |        8         |        
RUN-1001 :      min_ripple_len     |    auto    |       auto       |        
RUN-1001 :       oh2bin_ratio      |    0.08    |       0.08       |        
RUN-1001 :     opt_adder_fanout    |     on     |        on        |        
RUN-1001 :        opt_arith        |     on     |        on        |        
RUN-1001 :       opt_big_gate      |    off     |       off        |        
RUN-1001 :        opt_const        |     on     |        on        |        
RUN-1001 :      opt_const_mult     |     on     |        on        |        
RUN-1001 :       opt_lessthan      |     on     |        on        |        
RUN-1001 :         opt_mux         |    off     |       off        |        
RUN-1001 :         opt_ram         |    high    |       high       |        
RUN-1001 :      rtl_sim_model      |    off     |       off        |        
RUN-1001 :         seq_syn         |     on     |        on        |        
RUN-1001 : --------------------------------------------------------------
HDL-1007 : analyze verilog file ../../al_ip/sys_pll.v
HDL-1007 : undeclared symbol 'open', assumed default net type 'wire' in ../../al_ip/sys_pll.v(77)
HDL-1007 : analyze verilog file ../../al_ip/video_pll.v
HDL-1007 : undeclared symbol 'open', assumed default net type 'wire' in ../../al_ip/video_pll.v(63)
HDL-1007 : analyze verilog file ../../al_ip/afifo_16_256.v
HDL-1007 : analyze verilog file ../../src/ax_debounce.v
HDL-1007 : analyze verilog file ../../src/bmp_read.v
HDL-1007 : analyze verilog file ../../src/color_bar.v
HDL-1007 : analyze included file ../../src/video_define.v in ../../src/color_bar.v(2)
HDL-1007 : back to file '../../src/color_bar.v' in ../../src/color_bar.v(2)
HDL-1007 : analyze verilog file ../../src/frame_fifo_read.v
HDL-1007 : analyze verilog file ../../src/frame_fifo_write.v
HDL-1007 : analyze verilog file ../../src/frame_read_write.v
HDL-1007 : analyze verilog file ../../src/sd_card/sd_card_cmd.v
HDL-1007 : analyze verilog file ../../src/sd_card/sd_card_sec_read_write.v
HDL-1007 : analyze verilog file ../../src/sd_card/sd_card_top.v
HDL-1007 : analyze verilog file ../../src/sd_card/spi_master.v
HDL-1007 : analyze verilog file ../../src/sd_card_bmp.v
HDL-1007 : analyze verilog file ../../src/seg_decoder.v
HDL-1007 : analyze verilog file ../../src/seg_scan.v
HDL-1007 : analyze verilog file ../../src/top.v
HDL-1007 : undeclared symbol 'sdram_clk', assumed default net type 'wire' in ../../src/top.v(100)
HDL-1007 : undeclared symbol 'wr_en', assumed default net type 'wire' in ../../src/top.v(223)
HDL-1007 : undeclared symbol 'wr_data', assumed default net type 'wire' in ../../src/top.v(226)
HDL-1007 : analyze verilog file ../../src/video_timing_data.v
HDL-1007 : analyze verilog file ../../src/sdram_r/sdram_para.v
HDL-1007 : analyze verilog file ../../src/sdram/enc_file/global_def.v
HDL-1007 : analyze verilog file ../../src/sdram/enc_file/sdr_as_ram.enc.v
Copyright (c) 1998-2019 The OpenSSL Project.  All rights reserved.
This product includes software developed by the OpenSSL Project
for use in the OpenSSL Toolkit (http://www.openssl.org/)
Copyright (C) 1995-1998 Eric Young (eay@cryptsoft.com)
All rights reserved.
This product includes cryptographic software written by Eric Young (eay@cryptsoft.com)
HDL-1007 : back to file '../../src/sdram/enc_file/sdr_as_ram.enc.v' in ../../src/sdram/enc_file/sdr_as_ram.enc.v(148)
HDL-1007 : analyze verilog file ../../src/sdram/enc_file/sdr_init_ref.enc.v
HDL-1007 : undeclared symbol '**', assumed default net type '**' in encrypted_text(0)
HDL-1007 : back to file '../../src/sdram/enc_file/sdr_init_ref.enc.v' in ../../src/sdram/enc_file/sdr_init_ref.enc.v(242)
HDL-5007 WARNING: concatenation with an unsized literal will be treated as 32 bits in encrypted_text(0)
HDL-1007 : analyze verilog file ../../src/sdram/enc_file/sdr_wrrd.enc.v
HDL-5007 WARNING: concatenation with an unsized literal will be treated as 32 bits in encrypted_text(0)
HDL-1007 : back to file '../../src/sdram/enc_file/sdr_wrrd.enc.v' in ../../src/sdram/enc_file/sdr_wrrd.enc.v(255)
HDL-1007 : analyze verilog file ../../src/sdram/sdram.v
HDL-1007 : analyze included file D:\Projects\2023_10_10_HX4S20_test\spi_FLASH_SDRAM_pic\HX4S20\/./src/sdram/enc_file/global_def.v in ../../src/sdram/sdram.v(10)
HDL-1007 : back to file '../../src/sdram/sdram.v' in ../../src/sdram/sdram.v(10)
HDL-1007 : undeclared symbol 'Sdr_busy', assumed default net type 'wire' in ../../src/sdram/sdram.v(63)
HDL-1007 : undeclared symbol 'SDR_CKE', assumed default net type 'wire' in ../../src/sdram/sdram.v(88)
RUN-1001 : Project manager successfully analyzed 25 source files.
RUN-1002 : start command "import_device eagle_s20.db -package EG4S20BG256"
ARC-1001 : Device Initialization.
ARC-1001 : ------------------------------------------------------------------
ARC-1001 :            OPTION            |          IO          |   SETTING   
ARC-1001 : ------------------------------------------------------------------
ARC-1001 :   cso_b/cclk/mosi/miso/dout  |  T3/R11/T10/P10/S11  |    gpio    
ARC-1001 :             done             |         P13          |    gpio    
ARC-1001 :           program_b          |          T2          |  dedicate  
ARC-1001 :        tdi/tms/tck/tdo       |   C12/A15/C14/E14    |  dedicate  
ARC-1001 : ------------------------------------------------------------------
ARC-1004 : Device setting, marked 5 dedicate IOs in total.
RUN-1002 : start command "import_db ../syn_1/pic_sdram_gate.db"
RUN-1001 : Importing database generated by Tang Dynasty, V5.6.71036.
RUN-1001 : Database version number 46146.
RUN-1001 : Import flow parameters
USR-8132 ERROR: No net match the pattern:  frame_read_write_m0/read_buf/clkr.
USR-8132 ERROR: No net match the pattern:  frame_read_write_m0/write_buf/clkw.
RUN-1001 : Import timing constraints
RUN-1001 : Import IO constraints
RUN-1001 : Import Inst constraints
RUN-1001 : Import design success TD_VERSION=5.6.71036 , DB_VERSION=46146
RUN-1002 : start command "read_sdc ../../top.sdc"
RUN-1002 : start command "get_ports clk"
RUN-1002 : start command "create_clock -name clk -period 20 -waveform 0 10 "
RUN-1102 : create_clock: clock name: clk, type: 0, period: 20000, rise: 0, fall: 10000.
RUN-1002 : start command "derive_pll_clocks"
USR-1002 : Gen clock cmd:  create_generated_clock -name {sys_pll_m0/pll_inst.clkc[0]} -source [get_ports {clk}] -master_clock {clk} -multiply_by 2.0000 [get_pins {sys_pll_m0/pll_inst.clkc[0]}]
RUN-1002 : start command "get_ports clk"
RUN-1002 : start command "get_pins sys_pll_m0/pll_inst.clkc[0]"
RUN-1002 : start command "create_generated_clock -name sys_pll_m0/pll_inst.clkc[0] -source  -master_clock clk -multiply_by 2.0000 "
USR-1002 : Gen clock cmd:  create_generated_clock -name {sys_pll_m0/pll_inst.clkc[1]} -source [get_ports {clk}] -master_clock {clk} -multiply_by 2.0000 [get_pins {sys_pll_m0/pll_inst.clkc[1]}]
RUN-1002 : start command "get_ports clk"
RUN-1002 : start command "get_pins sys_pll_m0/pll_inst.clkc[1]"
RUN-1002 : start command "create_generated_clock -name sys_pll_m0/pll_inst.clkc[1] -source  -master_clock clk -multiply_by 2.0000 "
USR-1002 : Gen clock cmd:  create_generated_clock -name {video_pll_m0/pll_inst.clkc[0]} -source [get_ports {clk}] -master_clock {clk} -divide_by 2.0000 [get_pins {video_pll_m0/pll_inst.clkc[0]}]
RUN-1002 : start command "get_ports clk"
RUN-1002 : start command "get_pins video_pll_m0/pll_inst.clkc[0]"
RUN-1002 : start command "create_generated_clock -name video_pll_m0/pll_inst.clkc[0] -source  -master_clock clk -divide_by 2.0000 "
RUN-1002 : start command "get_ports clk"
RUN-1002 : start command "get_pins sys_pll_m0/pll_inst.clkc[0]"
RUN-1002 : start command "rename_clock -name sd_card_clk -source  -master_clock clk "
RUN-1105 : Rename Clock: clock sys_pll_m0/pll_inst.clkc[0] was renamed, new name is sd_card_clk.
RUN-1002 : start command "get_ports clk"
RUN-1002 : start command "get_pins sys_pll_m0/pll_inst.clkc[1]"
RUN-1002 : start command "rename_clock -name ext_mem_clk -source  -master_clock clk "
RUN-1105 : Rename Clock: clock sys_pll_m0/pll_inst.clkc[1] was renamed, new name is ext_mem_clk.
RUN-1002 : start command "get_ports clk"
RUN-1002 : start command "get_pins sys_pll_m0/pll_inst.clkc[2]"
RUN-1002 : start command "rename_clock -name flash_sys_clk -source  -master_clock clk "
RUN-1107 : Rename Clock: new clock flash_sys_clk is created by rename_clock temporarily.
RUN-1002 : start command "get_ports clk"
RUN-1002 : start command "get_pins video_pll_m0/pll_inst.clkc[0]"
RUN-1002 : start command "rename_clock -name video_clk -source  -master_clock clk "
RUN-1105 : Rename Clock: clock video_pll_m0/pll_inst.clkc[0] was renamed, new name is video_clk.
RUN-1002 : start command "read_sdc -ip afifo_16_256 ../../al_ip/afifo_16_256.tcl"
RUN-1002 : start command "get_ports clkw"
RUN-1002 : start command "get_nets  clkw  "
RUN-1002 : start command "get_clocks -nowarn -of nets 8972186681344"
RUN-1002 : start command "get_ports clkr"
RUN-1002 : start command "get_nets  clkr  "
USR-8132 ERROR: No net match the pattern:  frame_read_write_m0/read_buf/clkr.
RUN-1002 : start command "get_clocks -nowarn -of "
RUN-1002 : start command "get_property -nowarn -max PERIOD "
RUN-1002 : start command "get_property -nowarn -max PERIOD "
RUN-1002 : start command "get_regs rd_to_wr_cross_inst/primary_addr_gray_reg[*]"
RUN-1002 : start command "get_regs rd_to_wr_cross_inst/sync_r1[*]"
RUN-1002 : start command "set_max_delay -from  -to  9.6999999999999993 -datapath_only"
RUN-1002 : start command "get_regs rd_to_wr_cross_inst/primary_addr_gray_reg[*]"
RUN-1002 : start command "get_regs rd_to_wr_cross_inst/sync_r1[*]"
RUN-1002 : start command "set_false_path -from  -to  -hold 9.6999999999999993"
USR-1002 : set_false_path -help -setup -hold -from <list> -rise_from <list> -fall_from <list> -to <list> -rise_to <list> -fall_to <list> -through <list>
RUN-1002 : start command "get_regs wr_to_rd_cross_inst/primary_addr_gray_reg[*]"
RUN-1002 : start command "get_regs wr_to_rd_cross_inst/sync_r1[*]"
RUN-1002 : start command "set_max_delay -from  -to  9.6999999999999993 -datapath_only"
RUN-1002 : start command "get_regs wr_to_rd_cross_inst/primary_addr_gray_reg[*]"
RUN-1002 : start command "get_regs wr_to_rd_cross_inst/sync_r1[*]"
RUN-1002 : start command "set_false_path -from  -to  -hold 9.6999999999999993"
USR-1002 : set_false_path -help -setup -hold -from <list> -rise_from <list> -fall_from <list> -to <list> -rise_to <list> -fall_to <list> -through <list>
RUN-1002 : start command "get_ports clkw"
RUN-1002 : start command "get_nets  clkw  "
USR-8132 ERROR: No net match the pattern:  frame_read_write_m0/write_buf/clkw.
RUN-1002 : start command "get_clocks -nowarn -of "
RUN-1002 : start command "get_ports clkr"
RUN-1002 : start command "get_nets  clkr  "
RUN-1002 : start command "get_clocks -nowarn -of nets 8972186681344"
RUN-1002 : start command "get_property -nowarn -max PERIOD "
RUN-1002 : start command "get_property -nowarn -max PERIOD "
RUN-1002 : start command "get_regs rd_to_wr_cross_inst/primary_addr_gray_reg[*]"
RUN-1002 : start command "get_regs rd_to_wr_cross_inst/sync_r1[*]"
RUN-1002 : start command "set_max_delay -from  -to  9.6999999999999993 -datapath_only"
RUN-1002 : start command "get_regs rd_to_wr_cross_inst/primary_addr_gray_reg[*]"
RUN-1002 : start command "get_regs rd_to_wr_cross_inst/sync_r1[*]"
RUN-1002 : start command "set_false_path -from  -to  -hold 9.6999999999999993"
USR-1002 : set_false_path -help -setup -hold -from <list> -rise_from <list> -fall_from <list> -to <list> -rise_to <list> -fall_to <list> -through <list>
RUN-1002 : start command "get_regs wr_to_rd_cross_inst/primary_addr_gray_reg[*]"
RUN-1002 : start command "get_regs wr_to_rd_cross_inst/sync_r1[*]"
RUN-1002 : start command "set_max_delay -from  -to  9.6999999999999993 -datapath_only"
RUN-1002 : start command "get_regs wr_to_rd_cross_inst/primary_addr_gray_reg[*]"
RUN-1002 : start command "get_regs wr_to_rd_cross_inst/sync_r1[*]"
RUN-1002 : start command "set_false_path -from  -to  -hold 9.6999999999999993"
USR-1002 : set_false_path -help -setup -hold -from <list> -rise_from <list> -fall_from <list> -to <list> -rise_to <list> -fall_to <list> -through <list>
RUN-1002 : start command "config_chipwatcher ../../A.cwc -dir "
RUN-1002 : start command "legalize_phy_inst"
SYN-1011 : Flatten model top
KIT-1004 : ChipWatcher: import watcher inst auto_chipwatcher_0 completed, there are 5 view nodes, 18 trigger nets, 18 data nets.
KIT-1004 : Chipwatcher code = 0111101011111001
RUN-1002 : start command "compile_watcher"
RUN-1002 : start command "read_verilog -no_sch -dir D:/Program/Anlogic/TD5.6.2/cw/ -file pic_sdram_watcherInst.sv -lib cw -top CW_TOP_WRAPPER"
HDL-1007 : analyze verilog file D:/Program/Anlogic/TD5.6.2/cw\bus_det.v
HDL-1007 : analyze verilog file D:/Program/Anlogic/TD5.6.2/cw\bus_top.sv
HDL-1007 : analyze verilog file D:/Program/Anlogic/TD5.6.2/cw\cfg_int.v
HDL-1007 : analyze verilog file D:/Program/Anlogic/TD5.6.2/cw\cwc_cfg_int.v
HDL-1007 : analyze verilog file D:/Program/Anlogic/TD5.6.2/cw\cwc_top.sv
HDL-1007 : analyze verilog file D:/Program/Anlogic/TD5.6.2/cw\detect_bus.v
HDL-1007 : analyze verilog file D:/Program/Anlogic/TD5.6.2/cw\detect_non_bus.v
HDL-1007 : analyze verilog file D:/Program/Anlogic/TD5.6.2/cw\emb_ctrl.v
HDL-1007 : analyze verilog file D:/Program/Anlogic/TD5.6.2/cw\register.v
HDL-1007 : analyze verilog file D:/Program/Anlogic/TD5.6.2/cw\tap.v
HDL-1007 : analyze verilog file D:/Program/Anlogic/TD5.6.2/cw\trigger.sv
HDL-1007 : analyze verilog file pic_sdram_watcherInst.sv
HDL-1007 : elaborate module CW_TOP_WRAPPER in pic_sdram_watcherInst.sv(1)
HDL-1007 : elaborate module cwc_top(BUS_NUM=5,BUS_DIN_NUM=18,BUS_CTRL_NUM=56,BUS_WIDTH='{32'sb01,32'sb01,32'sb0101,32'sb0110,32'sb0101},BUS_DIN_POS='{32'sb0,32'sb01,32'sb010,32'sb0111,32'sb01101},BUS_CTRL_POS='{32'sb0,32'sb0110,32'sb01100,32'sb011010,32'sb0101010}) in D:/Program/Anlogic/TD5.6.2/cw\cwc_top.sv(21)
HDL-1007 : elaborate module cwc_cfg_int(CTRL_REG_LEN=78) in D:/Program/Anlogic/TD5.6.2/cw\cwc_cfg_int.v(21)
HDL-1007 : elaborate module register(CTRL_REG_LEN=78) in D:/Program/Anlogic/TD5.6.2/cw\register.v(21)
HDL-1007 : elaborate module tap in D:/Program/Anlogic/TD5.6.2/cw\tap.v(21)
HDL-1007 : elaborate module trigger(BUS_NUM=5,BUS_DIN_NUM=18,BUS_CTRL_NUM=56,BUS_WIDTH='{32'sb01,32'sb01,32'sb0101,32'sb0110,32'sb0101},BUS_DIN_POS='{32'sb0,32'sb01,32'sb010,32'sb0111,32'sb01101},BUS_CTRL_POS='{32'sb0,32'sb0110,32'sb01100,32'sb011010,32'sb0101010}) in D:/Program/Anlogic/TD5.6.2/cw\trigger.sv(21)
HDL-1007 : elaborate module bus_top(BUS_NODE_NUM=5,BUS_DIN_NUM=18,BUS_CTRL_NUM=56,BUS_WIDTH='{32'sb01,32'sb01,32'sb0101,32'sb0110,32'sb0101},BUS_DIN_POS='{32'sb0,32'sb01,32'sb010,32'sb0111,32'sb01101},BUS_CTRL_POS='{32'sb0,32'sb0110,32'sb01100,32'sb011010,32'sb0101010}) in D:/Program/Anlogic/TD5.6.2/cw\bus_top.sv(22)
HDL-1007 : elaborate module bus_det(BUS_WIDTH=32'sb01) in D:/Program/Anlogic/TD5.6.2/cw\bus_det.v(21)
HDL-1007 : elaborate module bus_det(BUS_WIDTH=32'sb0101) in D:/Program/Anlogic/TD5.6.2/cw\bus_det.v(21)
HDL-1007 : elaborate module bus_det(BUS_WIDTH=32'sb0110) in D:/Program/Anlogic/TD5.6.2/cw\bus_det.v(21)
HDL-1007 : elaborate module emb_ctrl in D:/Program/Anlogic/TD5.6.2/cw\emb_ctrl.v(21)
HDL-1200 : Current top model is CW_TOP_WRAPPER
HDL-1100 : Inferred 0 RAMs.
RUN-1002 : start command "force_keep -a auto_chipwatcher_0_logicbram"
RUN-1002 : start command "optimize_rtl -no_sch"
RUN-1001 : Open license file D:/Program/Anlogic/TD5.6.2/license/Anlogic.lic
RUN-1001 : Print Global Property
RUN-1001 : ---------------------------------------------------------------
RUN-1001 :        Parameters        |  Settings  |  Default Values  |  Note  
RUN-1001 : ---------------------------------------------------------------
RUN-1001 :          message         |  standard  |     standard     |        
RUN-1001 :   mixed_pack_place_flow  |     on     |        on        |        
RUN-1001 :        qor_monitor       |    off     |       off        |        
RUN-1001 :        syn_ip_flow       |    off     |       off        |        
RUN-1001 :          thread          |    auto    |       auto       |        
RUN-1001 : ---------------------------------------------------------------
RUN-1001 : Print Rtl Property
RUN-1001 : --------------------------------------------------------------
RUN-1001 :        Parameters       |  Settings  |  Default Values  |  Note  
RUN-1001 : --------------------------------------------------------------
RUN-1001 :       compress_add      |   ripple   |      ripple      |        
RUN-1001 :        elf_sload        |    off     |       off        |        
RUN-1001 :       fix_undriven      |     0      |        0         |        
RUN-1001 :         flatten         |    off     |       off        |        
RUN-1001 :       gate_sharing      |     on     |        on        |        
RUN-1001 :    hdl_warning_level    |   normal   |      normal      |        
RUN-1001 :   impl_internal_tribuf  |     on     |        on        |        
RUN-1001 :      impl_set_reset     |     on     |        on        |        
RUN-1001 :        infer_gsr        |    off     |       off        |        
RUN-1001 :      keep_hierarchy     |    auto    |       auto       |        
RUN-1001 :        max_fanout       |    9999    |       9999       |        
RUN-1001 :      max_oh2bin_len     |     10     |        10        |        
RUN-1001 :       merge_equal       |     on     |        on        |        
RUN-1001 :       merge_equiv       |     on     |        on        |        
RUN-1001 :        merge_mux        |    off     |       off        |        
RUN-1001 :     min_control_set     |     8      |        8         |        
RUN-1001 :      min_ripple_len     |    auto    |       auto       |        
RUN-1001 :       oh2bin_ratio      |    0.08    |       0.08       |        
RUN-1001 :     opt_adder_fanout    |     on     |        on        |        
RUN-1001 :        opt_arith        |     on     |        on        |        
RUN-1001 :       opt_big_gate      |    off     |       off        |        
RUN-1001 :        opt_const        |     on     |        on        |        
RUN-1001 :      opt_const_mult     |     on     |        on        |        
RUN-1001 :       opt_lessthan      |     on     |        on        |        
RUN-1001 :         opt_mux         |    off     |       off        |        
RUN-1001 :         opt_ram         |    high    |       high       |        
RUN-1001 :      rtl_sim_model      |    off     |       off        |        
RUN-1001 :         seq_syn         |     on     |        on        |        
RUN-1001 : --------------------------------------------------------------
SYN-1012 : SanityCheck: Model "top"
SYN-1012 : SanityCheck: Model "CW_TOP_WRAPPER"
SYN-1012 : SanityCheck: Model "cwc_top(BUS_NUM=5,BUS_DIN_NUM=18,BUS_CTRL_NUM=56,BUS_WIDTH='{32'sb01,32'sb01,32'sb0101,32'sb0110,32'sb0101},BUS_DIN_POS='{32'sb0,32'sb01,32'sb010,32'sb0111,32'sb01101},BUS_CTRL_POS='{32'sb0,32'sb0110,32'sb01100,32'sb011010,32'sb0101010})"
SYN-1012 : SanityCheck: Model "cwc_cfg_int(CTRL_REG_LEN=78)"
SYN-1012 : SanityCheck: Model "register(CTRL_REG_LEN=78)"
SYN-1012 : SanityCheck: Model "tap"
SYN-1012 : SanityCheck: Model "trigger(BUS_NUM=5,BUS_DIN_NUM=18,BUS_CTRL_NUM=56,BUS_WIDTH='{32'sb01,32'sb01,32'sb0101,32'sb0110,32'sb0101},BUS_DIN_POS='{32'sb0,32'sb01,32'sb010,32'sb0111,32'sb01101},BUS_CTRL_POS='{32'sb0,32'sb0110,32'sb01100,32'sb011010,32'sb0101010})"
SYN-1012 : SanityCheck: Model "bus_top(BUS_NODE_NUM=5,BUS_DIN_NUM=18,BUS_CTRL_NUM=56,BUS_WIDTH='{32'sb01,32'sb01,32'sb0101,32'sb0110,32'sb0101},BUS_DIN_POS='{32'sb0,32'sb01,32'sb010,32'sb0111,32'sb01101},BUS_CTRL_POS='{32'sb0,32'sb0110,32'sb01100,32'sb011010,32'sb0101010})"
SYN-1012 : SanityCheck: Model "bus_det(BUS_WIDTH=32'sb01)"
SYN-1012 : SanityCheck: Model "bus_det(BUS_WIDTH=32'sb0101)"
SYN-1012 : SanityCheck: Model "bus_det(BUS_WIDTH=32'sb0110)"
SYN-1012 : SanityCheck: Model "emb_ctrl"
SYN-1011 : Flatten model top
SYN-1032 : 3039/23 useful/useless nets, 2228/12 useful/useless insts
SYN-1016 : Merged 29 instances.
SYN-1016 : Merged 10 instances.
SYN-1032 : 2805/4 useful/useless nets, 2532/4 useful/useless insts
SYN-1014 : Optimize round 1
SYN-1032 : 2789/16 useful/useless nets, 2520/12 useful/useless insts
SYN-1017 : Remove 1 const input seq instances
SYN-1002 :     cw_top/wrapper_cwc_top/trigger_inst/bus_inst/BUS_DETECTOR[2]$bus_nodes/reg0_syn_2
SYN-1021 : Optimized 3 onehot mux instances.
SYN-1020 : Optimized 1 distributor mux.
SYN-1019 : Optimized 3 mux instances.
SYN-1015 : Optimize round 1, 291 better
SYN-1014 : Optimize round 2
SYN-1032 : 2548/45 useful/useless nets, 2279/48 useful/useless insts
SYN-1001 : Optimize 3 less-than instances
SYN-1016 : Merged 2 instances.
SYN-1015 : Optimize round 2, 117 better
SYN-1032 : 2543/3 useful/useless nets, 2274/0 useful/useless insts
SYN-1014 : Optimize round 1
SYN-1015 : Optimize round 1, 1 better
SYN-1014 : Optimize round 2
SYN-1015 : Optimize round 2, 0 better
RUN-1002 : start command "optimize_gate -no_sch"
RUN-1001 : Open license file D:/Program/Anlogic/TD5.6.2/license/Anlogic.lic
RUN-1001 : Print Global Property
RUN-1001 : ---------------------------------------------------------------
RUN-1001 :        Parameters        |  Settings  |  Default Values  |  Note  
RUN-1001 : ---------------------------------------------------------------
RUN-1001 :          message         |  standard  |     standard     |        
RUN-1001 :   mixed_pack_place_flow  |     on     |        on        |        
RUN-1001 :        qor_monitor       |    off     |       off        |        
RUN-1001 :        syn_ip_flow       |    off     |       off        |        
RUN-1001 :          thread          |    auto    |       auto       |        
RUN-1001 : ---------------------------------------------------------------
RUN-1001 : Print Gate Property
RUN-1001 : ------------------------------------------------------------------
RUN-1001 :          Parameters         |  Settings  |  Default Values  |  Note  
RUN-1001 : ------------------------------------------------------------------
RUN-1001 :         cascade_dsp         |    off     |       off        |        
RUN-1001 :         cascade_eram        |    off     |       off        |        
RUN-1001 :        gate_sim_model       |    off     |       off        |        
RUN-1001 :        map_sim_model        |    off     |       off        |        
RUN-1001 :         map_strategy        |     1      |        1         |        
RUN-1001 :           opt_area          |   medium   |      medium      |        
RUN-1001 :          opt_timing         |    auto    |       auto       |        
RUN-1001 :         pack_effort         |   medium   |      medium      |        
RUN-1001 :      pack_lslice_ripple     |     on     |        on        |        
RUN-1001 :   pack_lslice_ripple_ratio  |    0.5     |       0.5        |        
RUN-1001 :        pack_seq_in_io       |    auto    |       auto       |        
RUN-1001 :        ph1_mux_ratio        |    1.0     |       1.0        |        
RUN-1001 :            report           |  standard  |     standard     |        
RUN-1001 :           retiming          |    off     |       off        |        
RUN-1001 : ------------------------------------------------------------------
SYN-2001 : Map 47 IOs to PADs
RUN-1002 : start command "update_pll_param -module top"
SYN-2501 : Processed 0 LOGIC_BUF instances.
SYN-2512 : LOGIC BRAM "auto_chipwatcher_0_logicbram"
SYN-2571 : Optimize after map_dsp, round 1
SYN-2571 : Optimize after map_dsp, round 1, 0 better
SYN-1001 : Throwback 3 control mux instances
SYN-2501 : Optimize round 1
SYN-2501 : Optimize round 1, 50 better
SYN-2501 : Optimize round 2
SYN-2501 : Optimize round 2, 0 better
SYN-2501 : Map 13 macro adder
SYN-1019 : Optimized 13 mux instances.
SYN-1016 : Merged 11 instances.
SYN-1032 : 2889/2 useful/useless nets, 2621/1 useful/useless insts
RUN-1002 : start command "start_timer -prepack"
TMR-2505 : Start building timing graph for model top.
TMR-2506 : Build timing graph completely. Port num: 22, tpin num: 10629, tnet num: 2889, tinst num: 2620, tnode num: 13678, tedge num: 16381.
TMR-2508 : Levelizing timing graph completed, there are 51 levels in total.
TMR-2501 : Timing graph initialized successfully.
TMR-2503 : Start to update net delay, extr mode = 2.
TMR-2504 : Update delay of 2889 nets completely.
TMR-2502 : Annotate delay completely, extr mode = 2.
TMR-3001 : Initiate 4 clocks from SDC.
TMR-3004 : Map sdc constraints, there are 8 constraints in total.
TMR-3003 : Constraints initiated successfully.
TMR-3501 : Forward propagation: start to calculate arrival time...
TMR-3502 : Backward propagation: start to calculate required time...
TMR-3503 : Timing propagation completes.
SYN-3001 : Running gate level optimization.
SYN-2581 : Mapping with K=5, #lut = 130 (4.06), #lev = 5 (2.38)
SYN-2551 : Post LUT mapping optimization.
SYN-2581 : Mapping with K=5, #lut = 130 (4.06), #lev = 5 (2.38)
SYN-3001 : Logic optimization runtime opt =   0.02 sec, map =   0.00 sec
SYN-3001 : Mapper mapped 399 instances into 130 LUTs, name keeping = 73%.
SYN-1001 : Packing model "top" ...
SYN-4010 : Pack lib has 58 rtl pack models with 25 top pack blocks
SYN-1014 : Optimize round 1
SYN-1015 : Optimize round 1, 0 better
SYN-4002 : Packing 255 DFF/LATCH to SEQ ...
SYN-4009 : Pack 6 carry chain into lslice
SYN-4007 : Packing 77 adder to BLE ...
SYN-4008 : Packed 77 adder and 0 SEQ to BLE.
SYN-4007 : Packing 0 gate4 to BLE ...
SYN-4008 : Packed 0 gate4 and 0 SEQ to BLE.
SYN-4012 : Packed 0 FxMUX
RUN-1002 : start command "legalize_phy_inst"
SYN-1011 : Flatten model top
KIT-1004 : Compile Chipwatcher: Clear obsolete physical data.
RUN-1003 : finish command "compile_watcher" in  1.110269s wall, 0.843750s user + 0.031250s system = 0.875000s CPU (78.8%)

RUN-1004 : used memory is 145 MB, reserved memory is 109 MB, peak memory is 172 MB
RUN-1002 : start command "place"
RUN-1001 : Open license file D:/Program/Anlogic/TD5.6.2/license/Anlogic.lic
RUN-1001 : Print Global Property
RUN-1001 : ---------------------------------------------------------------
RUN-1001 :        Parameters        |  Settings  |  Default Values  |  Note  
RUN-1001 : ---------------------------------------------------------------
RUN-1001 :          message         |  standard  |     standard     |        
RUN-1001 :   mixed_pack_place_flow  |     on     |        on        |        
RUN-1001 :        qor_monitor       |    off     |       off        |        
RUN-1001 :        syn_ip_flow       |    off     |       off        |        
RUN-1001 :          thread          |    auto    |       auto       |        
RUN-1001 : ---------------------------------------------------------------
RUN-1001 : Print Place Property
RUN-1001 : --------------------------------------------------------------
RUN-1001 :        Parameters       |  Settings  |  Default Values  |  Note  
RUN-1001 : --------------------------------------------------------------
RUN-1001 :      detailed_place     |     on     |        on        |        
RUN-1001 :          effort         |   medium   |      medium      |        
RUN-1001 :         fix_hold        |    off     |       off        |        
RUN-1001 :       legalization      |    ori     |       ori        |        
RUN-1001 :      new_spreading      |     on     |        on        |        
RUN-1001 :        opt_timing       |   medium   |      medium      |        
RUN-1001 :   post_clock_route_opt  |    off     |       off        |        
RUN-1001 :       pr_strategy       |     1      |        1         |        
RUN-1001 :        relaxation       |    1.00    |       1.00       |        
RUN-1001 :         retiming        |    off     |       off        |        
RUN-1001 : --------------------------------------------------------------
PHY-3001 : Placer runs in 16 thread(s).
RUN-1002 : start command "legalize_phy_inst"
SYN-1011 : Flatten model top
SYN-5055 WARNING: The kept net U3/u2_ram/u2_wrrd/App_rd_en will be merged to another kept net U3/App_rd_en
SYN-5055 WARNING: The kept net U3/u2_ram/u2_wrrd/Sdr_clk_sft will be merged to another kept net U3/u2_ram/SDRAM_CLK
SYN-5055 WARNING: The kept net U3/SDRAM_CLK will be merged to another kept net U3/u2_ram/SDRAM_CLK
SYN-5055 WARNING: The kept net U3/u2_ram/Sdr_rd_dout[31] will be merged to another kept net U3/u2_ram/u2_wrrd/Sdr_rd_dout[31]
SYN-5055 WARNING: The kept net U3/u2_ram/Sdr_rd_dout[30] will be merged to another kept net U3/u2_ram/u2_wrrd/Sdr_rd_dout[30]
SYN-5055 WARNING: The kept net U3/u2_ram/Sdr_rd_dout[29] will be merged to another kept net U3/u2_ram/u2_wrrd/Sdr_rd_dout[29]
SYN-5055 WARNING: The kept net U3/u2_ram/Sdr_rd_dout[28] will be merged to another kept net U3/u2_ram/u2_wrrd/Sdr_rd_dout[28]
SYN-5055 WARNING: The kept net U3/u2_ram/Sdr_rd_dout[27] will be merged to another kept net U3/u2_ram/u2_wrrd/Sdr_rd_dout[27]
SYN-5055 WARNING: The kept net U3/u2_ram/Sdr_rd_dout[26] will be merged to another kept net U3/u2_ram/u2_wrrd/Sdr_rd_dout[26]
SYN-5055 WARNING: The kept net U3/u2_ram/Sdr_rd_dout[25] will be merged to another kept net U3/u2_ram/u2_wrrd/Sdr_rd_dout[25]
SYN-5055 Similar messages will be suppressed.
RUN-1002 : start command "phys_opt -simplify_lut"
SYN-1032 : 2319/1 useful/useless nets, 1979/0 useful/useless insts
SYN-4016 : Net sd_card_bmp_m0/bmp_read_m0/clk driven by BUFG (363 clock/control pins, 1 other pins).
SYN-4016 : Net video_timing_data_m0/color_bar_m0/clk driven by BUFG (28 clock/control pins, 1 other pins).
SYN-4016 : Net config_inst_syn_10 driven by BUFG (175 clock/control pins, 0 other pins).
SYN-4027 : Net U3/u2_ram/SDRAM_CLK is clkc1 of pll sys_pll_m0/pll_inst.
SYN-4019 : Net clk_dup_1 is refclk of pll sys_pll_m0/pll_inst.
SYN-4020 : Net clk_dup_1 is fbclk of pll sys_pll_m0/pll_inst.
SYN-4019 : Net clk_dup_1 is refclk of pll video_pll_m0/pll_inst.
SYN-4020 : Net clk_dup_1 is fbclk of pll video_pll_m0/pll_inst.
SYN-4025 : Tag rtl::Net U3/u2_ram/SDRAM_CLK as clock net
SYN-4025 : Tag rtl::Net clk_dup_1 as clock net
SYN-4025 : Tag rtl::Net config_inst_syn_10 as clock net
SYN-4025 : Tag rtl::Net sd_card_bmp_m0/bmp_read_m0/clk as clock net
SYN-4025 : Tag rtl::Net video_timing_data_m0/color_bar_m0/clk as clock net
SYN-4026 : Tagged 5 rtl::Net as clock net
PHY-1001 : Populate physical database on model top.
RUN-1001 : There are total 1979 instances
RUN-0007 : 861 luts, 797 seqs, 129 mslices, 80 lslices, 102 pads, 2 brams, 0 dsps
RUN-1001 : There are total 2319 nets
RUN-6004 WARNING: There are 48 nets with only 1 pin.
RUN-1001 : 1503 nets have 2 pins
RUN-1001 : 583 nets have [3 - 5] pins
RUN-1001 : 106 nets have [6 - 10] pins
RUN-1001 : 38 nets have [11 - 20] pins
RUN-1001 : 33 nets have [21 - 99] pins
RUN-1001 : 8 nets have 100+ pins
RUN-1001 : Report Control nets information:
RUN-1001 : DFF Distribution
RUN-1001 : ----------------------------------
RUN-1001 :   CE   |  SSR  |  ASR  |  DFF Count  
RUN-1001 : ----------------------------------
RUN-1001 :   No   |  No   |  No   |     97      
RUN-1001 :   No   |  No   |  Yes  |     297     
RUN-1001 :   No   |  Yes  |  No   |     35      
RUN-1001 :   Yes  |  No   |  No   |     17      
RUN-1001 :   Yes  |  No   |  Yes  |     333     
RUN-1001 :   Yes  |  Yes  |  No   |     18      
RUN-1001 : ----------------------------------
RUN-0007 : Control Group Statistic
RUN-0007 : ---------------------------
RUN-0007 :   #CLK  |  #CE  |  #SSR/ASR  
RUN-0007 : ---------------------------
RUN-0007 :    5    |  19   |     5      
RUN-0007 : ---------------------------
RUN-0007 : Control Set = 27
PHY-3001 : Initial placement ...
PHY-3001 : design contains 1977 instances, 861 luts, 797 seqs, 209 slices, 30 macros(209 instances: 129 mslices 80 lslices)
PHY-0007 : Cell area utilization is 6%
PHY-3001 : Start timing update ...
RUN-1002 : start command "start_timer -report"
TMR-2505 : Start building timing graph for model top.
TMR-2506 : Build timing graph completely. Port num: 22, tpin num: 9213, tnet num: 2317, tinst num: 1977, tnode num: 11975, tedge num: 14917.
TMR-2508 : Levelizing timing graph completed, there are 41 levels in total.
TMR-2501 : Timing graph initialized successfully.
TMR-2503 : Start to update net delay, extr mode = 2.
TMR-2504 : Update delay of 2317 nets completely.
TMR-2502 : Annotate delay completely, extr mode = 2.
TMR-3001 : Initiate 4 clocks from SDC.
TMR-3004 : Map sdc constraints, there are 8 constraints in total.
TMR-6524 WARNING: Fails to find any valid -from targets, for constraint(s):  set_max_delay -from [ get_regs {rd_to_wr_cross_inst/primary_addr_gray_reg[*]} ] -to [ get_regs {rd_to_wr_cross_inst/sync_r1[*]} ] -datapath_only  9.6999999999999993.
TMR-6524 WARNING: Fails to find any valid -from targets, for constraint(s):  set_false_path -hold -from [ get_regs {rd_to_wr_cross_inst/primary_addr_gray_reg[*]} ] -to [ get_regs {rd_to_wr_cross_inst/sync_r1[*]} ].
TMR-6524 Similar messages will be suppressed.
TMR-3003 : Constraints initiated successfully.
TMR-3501 : Forward propagation: start to calculate arrival time...
TMR-3502 : Backward propagation: start to calculate required time...
TMR-3503 : Timing propagation completes.
PHY-3001 : End timing update;  0.401416s wall, 0.312500s user + 0.000000s system = 0.312500s CPU (77.8%)

PHY-3001 : Global placement ...
PHY-3001 : Initial: Len = 511315
PHY-3001 : Clustering ...
PHY-3001 : Level 0 #clusters 1977.
PHY-3001 : End clustering;  0.000011s wall, 0.000000s user + 0.000000s system = 0.000000s CPU (n/a%)

PHY-3001 : Run with size of 4
PHY-3001 : Cell area utilization is 6%
PHY-3001 : :::0::: Try harder cell spreading with beta_ = 0
PHY-3002 : Step(1): len = 420070, overlap = 4.5
PHY-3002 : Step(2): len = 348559, overlap = 4.5
PHY-3002 : Step(3): len = 307470, overlap = 4.5
PHY-3002 : Step(4): len = 276506, overlap = 4.5
PHY-3002 : Step(5): len = 249656, overlap = 4.5
PHY-3002 : Step(6): len = 219601, overlap = 4.5
PHY-3002 : Step(7): len = 193516, overlap = 4.5
PHY-3002 : Step(8): len = 170067, overlap = 4.5
PHY-3002 : Step(9): len = 146920, overlap = 5.375
PHY-3002 : Step(10): len = 125782, overlap = 8.5
PHY-3002 : Step(11): len = 114401, overlap = 9.59375
PHY-3002 : Step(12): len = 100375, overlap = 11.625
PHY-3002 : Step(13): len = 92213.1, overlap = 18.0625
PHY-3002 : Step(14): len = 84181.5, overlap = 19.4375
PHY-3002 : Step(15): len = 73785, overlap = 20.0938
PHY-3002 : Step(16): len = 68884.1, overlap = 20.6562
PHY-3002 : Step(17): len = 61252.1, overlap = 20.4375
PHY-3002 : Step(18): len = 56809.1, overlap = 20.4375
PHY-3002 : Step(19): len = 53383.7, overlap = 16.1875
PHY-3001 : :::1::: Try harder cell spreading with beta_ = 0.00285422
PHY-3002 : Step(20): len = 53281.1, overlap = 16.1875
PHY-3002 : Step(21): len = 51415, overlap = 16.1875
PHY-3002 : Step(22): len = 50680.9, overlap = 16.1875
PHY-3002 : Step(23): len = 49154.7, overlap = 15.6562
PHY-3002 : Step(24): len = 48846.5, overlap = 15.4688
PHY-3002 : Step(25): len = 47227.2, overlap = 15.4688
PHY-3002 : Step(26): len = 46797.7, overlap = 15.7188
PHY-3002 : Step(27): len = 46594.2, overlap = 15.5
PHY-3001 : :::2::: Try harder cell spreading with beta_ = 0.00570844
PHY-3002 : Step(28): len = 45313.6, overlap = 15.375
PHY-3002 : Step(29): len = 45269.9, overlap = 15.375
PHY-3002 : Step(30): len = 45195.6, overlap = 15.375
PHY-3001 : :::3::: Try harder cell spreading with beta_ = 0.0114169
PHY-3002 : Step(31): len = 44865.7, overlap = 15.375
PHY-3002 : Step(32): len = 44798.1, overlap = 15.375
PHY-3001 : Legalization ...
PHY-3001 : End legalization;  0.003873s wall, 0.000000s user + 0.000000s system = 0.000000s CPU (n/a%)

PHY-3001 : Run with size of 4
PHY-3001 : Cell area utilization is 8%
PHY-3001 : Update timing in Manhattan mode ...
TMR-2503 : Start to update net delay, extr mode = 3.
TMR-2504 : Update delay of 2317 nets completely.
TMR-2502 : Annotate delay completely, extr mode = 3.
TMR-3501 : Forward propagation: start to calculate arrival time...
TMR-3502 : Backward propagation: start to calculate required time...
TMR-3503 : Timing propagation completes.
PHY-3001 : End timing update;  0.038615s wall, 0.015625s user + 0.000000s system = 0.015625s CPU (40.5%)

PHY-3001 : :::0::: Try harder cell spreading with beta_ = 3.63575e-05
PHY-3002 : Step(33): len = 44548.8, overlap = 22.875
PHY-3002 : Step(34): len = 44600.6, overlap = 23.125
PHY-3002 : Step(35): len = 43629.3, overlap = 23.7188
PHY-3002 : Step(36): len = 43342.6, overlap = 23.9375
PHY-3002 : Step(37): len = 42202.6, overlap = 25.3125
PHY-3002 : Step(38): len = 41116, overlap = 26.9062
PHY-3002 : Step(39): len = 40614.5, overlap = 28.625
PHY-3002 : Step(40): len = 39461, overlap = 30.625
PHY-3002 : Step(41): len = 38836.2, overlap = 30.8125
PHY-3002 : Step(42): len = 37733.6, overlap = 31.9062
PHY-3002 : Step(43): len = 36655.5, overlap = 31.7188
PHY-3002 : Step(44): len = 36007.5, overlap = 32.3438
PHY-3002 : Step(45): len = 35598.3, overlap = 32.4062
PHY-3001 : :::1::: Try harder cell spreading with beta_ = 7.2715e-05
PHY-3002 : Step(46): len = 35389.5, overlap = 31.75
PHY-3002 : Step(47): len = 35446.6, overlap = 31.6875
PHY-3001 : :::2::: Try harder cell spreading with beta_ = 0.00014543
PHY-3002 : Step(48): len = 36503.3, overlap = 29.0312
PHY-3002 : Step(49): len = 37079.6, overlap = 28.9375
PHY-3002 : Step(50): len = 37850.2, overlap = 30.9375
PHY-3002 : Step(51): len = 37827.2, overlap = 30.5938
PHY-3002 : Step(52): len = 37839.9, overlap = 30.6875
PHY-3001 : :::3::: Try harder cell spreading with beta_ = 0.00029086
PHY-3002 : Step(53): len = 37561.3, overlap = 28.4062
PHY-3002 : Step(54): len = 37586.6, overlap = 28.4062
PHY-3001 : Run with size of 2
PHY-3001 : Cell area utilization is 8%
PHY-3001 : Update timing in Manhattan mode ...
TMR-2503 : Start to update net delay, extr mode = 3.
TMR-2504 : Update delay of 2317 nets completely.
TMR-2502 : Annotate delay completely, extr mode = 3.
TMR-3501 : Forward propagation: start to calculate arrival time...
TMR-3502 : Backward propagation: start to calculate required time...
TMR-3503 : Timing propagation completes.
PHY-3001 : End timing update;  0.042355s wall, 0.046875s user + 0.000000s system = 0.046875s CPU (110.7%)

PHY-3001 : :::0::: Try harder cell spreading with beta_ = 8.03561e-05
PHY-3002 : Step(55): len = 37658.8, overlap = 71.0938
PHY-3002 : Step(56): len = 37972.9, overlap = 68.1562
PHY-3002 : Step(57): len = 37728.1, overlap = 66.0312
PHY-3002 : Step(58): len = 37904.8, overlap = 62.2188
PHY-3002 : Step(59): len = 38154.8, overlap = 59.6562
PHY-3001 : :::1::: Try harder cell spreading with beta_ = 0.000160712
PHY-3002 : Step(60): len = 38295.2, overlap = 56.8125
PHY-3002 : Step(61): len = 38595, overlap = 55.9062
PHY-3002 : Step(62): len = 39371.8, overlap = 52.6562
PHY-3002 : Step(63): len = 39517.4, overlap = 51.0938
PHY-3002 : Step(64): len = 39687.3, overlap = 50.4375
PHY-3002 : Step(65): len = 39694.2, overlap = 48.375
PHY-3001 : :::2::: Try harder cell spreading with beta_ = 0.000321425
PHY-3002 : Step(66): len = 39887.3, overlap = 48.8438
PHY-3002 : Step(67): len = 40121.9, overlap = 48.375
PHY-3002 : Step(68): len = 40323.9, overlap = 48.1875
PHY-3001 : :::3::: Try harder cell spreading with beta_ = 0.000642849
PHY-3002 : Step(69): len = 40712.8, overlap = 48.0625
PHY-3002 : Step(70): len = 40926.9, overlap = 49
PHY-3002 : Step(71): len = 40925.5, overlap = 49.5
PHY-3001 : :::4::: Try harder cell spreading with beta_ = 0.0012857
PHY-3002 : Step(72): len = 40908.8, overlap = 49.1562
PHY-3002 : Step(73): len = 40881.8, overlap = 49.0312
PHY-3001 : :::5::: Try harder cell spreading with beta_ = 0.0025714
PHY-3002 : Step(74): len = 41198.8, overlap = 48.4062
PHY-3002 : Step(75): len = 41463.6, overlap = 48
PHY-3002 : Step(76): len = 41493.7, overlap = 47.6562
PHY-3001 : :::6::: Try harder cell spreading with beta_ = 0.00514279
PHY-3002 : Step(77): len = 41379.9, overlap = 44.5
PHY-3002 : Step(78): len = 41308.9, overlap = 45.0938
PHY-3001 : :::7::: Try harder cell spreading with beta_ = 0.0102856
PHY-3002 : Step(79): len = 41566.7, overlap = 47.8438
PHY-3002 : Step(80): len = 41780.5, overlap = 47.7812
PHY-3001 : :::8::: Try harder cell spreading with beta_ = 0.0205712
PHY-3002 : Step(81): len = 41851.9, overlap = 44.6875
PHY-3002 : Step(82): len = 41906.8, overlap = 44.5625
PHY-3001 : :::9::: Try harder cell spreading with beta_ = 0.0398912
PHY-3002 : Step(83): len = 41952, overlap = 44.5938
PHY-3002 : Step(84): len = 42050.4, overlap = 43.4688
PHY-3001 : :::10::: Try harder cell spreading with beta_ = 0.0656769
PHY-3002 : Step(85): len = 42111.4, overlap = 43.6875
PHY-3002 : Step(86): len = 42117.3, overlap = 43.875
PHY-3001 : :::11::: Try harder cell spreading with beta_ = 0.11645
PHY-3002 : Step(87): len = 42090, overlap = 43.6875
PHY-3002 : Step(88): len = 42080.6, overlap = 44.1875
PHY-3001 : :::12::: Try harder cell spreading with beta_ = 0.218114
PHY-3002 : Step(89): len = 42075.4, overlap = 44.25
PHY-3002 : Step(90): len = 42068.2, overlap = 43.8438
PHY-3001 : :::13::: Try harder cell spreading with beta_ = 0.436227
PHY-3002 : Step(91): len = 42068.2, overlap = 43.8438
PHY-3002 : Step(92): len = 42068.2, overlap = 43.8438
PHY-3001 : :::14::: Try harder cell spreading with beta_ = 0.705816
PHY-3002 : Step(93): len = 42068.2, overlap = 43.8438
PHY-3002 : Step(94): len = 42068.2, overlap = 43.8438
OPT-1001 : Start physical optimization ...
RUN-1002 : start command "start_timer -report"
TMR-2505 : Start building timing graph for model top.
TMR-2506 : Build timing graph completely. Port num: 22, tpin num: 9213, tnet num: 2317, tinst num: 1977, tnode num: 11975, tedge num: 14917.
TMR-2508 : Levelizing timing graph completed, there are 41 levels in total.
TMR-2501 : Timing graph initialized successfully.
OPT-1001 : Total overflow 99.50 peak overflow 4.12
OPT-1001 : Start high-fanout net optimization ...
OPT-1001 : Update timing in global mode
PHY-1001 : Start incremental global routing, caller is place ...
RUN-1001 : Generating global routing grids ...
RUN-1001 : Building simple global routing graph ...
PHY-1001 : Generate routing nets ...
PHY-1001 : Reuse net number 0/2319.
PHY-1001 : Global iterations in 16 thread ...
PHY-1002 : len = 48656, over cnt = 195(0%), over = 783, worst = 19
PHY-1001 : End global iterations;  0.059509s wall, 0.031250s user + 0.000000s system = 0.031250s CPU (52.5%)

PHY-1001 : Congestion index: top1 = 36.53, top5 = 21.80, top10 = 14.15, top15 = 10.31.
PHY-1001 : End incremental global routing;  0.098944s wall, 0.046875s user + 0.015625s system = 0.062500s CPU (63.2%)

TMR-2503 : Start to update net delay, extr mode = 5.
TMR-2504 : Update delay of 2317 nets completely.
TMR-2502 : Annotate delay completely, extr mode = 5.
TMR-3001 : Initiate 4 clocks from SDC.
TMR-3004 : Map sdc constraints, there are 8 constraints in total.
TMR-3003 : Constraints initiated successfully.
TMR-3501 : Forward propagation: start to calculate arrival time...
TMR-3502 : Backward propagation: start to calculate required time...
TMR-3503 : Timing propagation completes.
OPT-1001 : End timing update;  0.048868s wall, 0.031250s user + 0.000000s system = 0.031250s CPU (63.9%)

OPT-1001 : 1 high-fanout net processed.
PHY-3001 : Start incremental placement ...
PHY-1001 : Populate physical database on model top.
PHY-3001 : Initial placement ...
PHY-3001 : eco special cells: 1 has valid locations, 0 needs to be replaced
PHY-3001 : eco pad cells: 102 has valid locations, 0 needs to be replaced
PHY-3001 : eco cells: 1868 has valid locations, 4 needs to be replaced
PHY-3001 : design contains 1980 instances, 864 luts, 797 seqs, 209 slices, 30 macros(209 instances: 129 mslices 80 lslices)
PHY-3001 : Global placement ...
PHY-3001 : Initial: Len = 42550.8
PHY-3001 : Run with size of 4
PHY-3001 : Cell area utilization is 8%
PHY-3001 : Update timing in Manhattan mode ...
RUN-1002 : start command "start_timer -report"
TMR-2505 : Start building timing graph for model top.
TMR-2506 : Build timing graph completely. Port num: 22, tpin num: 9225, tnet num: 2320, tinst num: 1980, tnode num: 11987, tedge num: 14935.
TMR-2508 : Levelizing timing graph completed, there are 41 levels in total.
TMR-2501 : Timing graph initialized successfully.
TMR-2503 : Start to update net delay, extr mode = 3.
TMR-2504 : Update delay of 2320 nets completely.
TMR-2502 : Annotate delay completely, extr mode = 3.
TMR-3001 : Initiate 4 clocks from SDC.
TMR-3004 : Map sdc constraints, there are 8 constraints in total.
TMR-3003 : Constraints initiated successfully.
TMR-3501 : Forward propagation: start to calculate arrival time...
TMR-3502 : Backward propagation: start to calculate required time...
TMR-3503 : Timing propagation completes.
PHY-3001 : End timing update;  0.427889s wall, 0.375000s user + 0.000000s system = 0.375000s CPU (87.6%)

PHY-3001 : :::0::: Try harder cell spreading with beta_ = 0
PHY-3002 : Step(95): len = 42468.4, overlap = 1.875
PHY-3002 : Step(96): len = 42423.3, overlap = 1.9375
PHY-3002 : Step(97): len = 42409.9, overlap = 1.9375
PHY-3002 : Step(98): len = 42423.7, overlap = 1.9375
PHY-3002 : Step(99): len = 42423.7, overlap = 1.9375
PHY-3001 : Run with size of 2
PHY-3001 : Cell area utilization is 8%
PHY-3001 : Update timing in Manhattan mode ...
TMR-2503 : Start to update net delay, extr mode = 3.
TMR-2504 : Update delay of 2320 nets completely.
TMR-2502 : Annotate delay completely, extr mode = 3.
TMR-3501 : Forward propagation: start to calculate arrival time...
TMR-3502 : Backward propagation: start to calculate required time...
TMR-3503 : Timing propagation completes.
PHY-3001 : End timing update;  0.036860s wall, 0.015625s user + 0.000000s system = 0.015625s CPU (42.4%)

PHY-3001 : :::0::: Try harder cell spreading with beta_ = 0.00294703
PHY-3002 : Step(100): len = 42418.9, overlap = 43.9375
PHY-3002 : Step(101): len = 42418.9, overlap = 43.9375
PHY-3001 : Final: Len = 42418.9, Over = 43.9375
PHY-3001 : End incremental placement;  0.570840s wall, 0.453125s user + 0.015625s system = 0.468750s CPU (82.1%)

OPT-1001 : Total overflow 99.50 peak overflow 4.12
OPT-1001 : End high-fanout net optimization;  0.751191s wall, 0.546875s user + 0.031250s system = 0.578125s CPU (77.0%)

OPT-1001 : Current memory(MB): used = 218, reserve = 184, peak = 218.
OPT-1001 : Start global optimization ...
OPT-1001 : Start congestion update ...
RUN-1001 : Generating global routing grids ...
PHY-1001 : Generate routing nets ...
PHY-1001 : Reuse net number 1391/2322.
PHY-1001 : Global iterations in 16 thread ...
PHY-1002 : len = 48984, over cnt = 194(0%), over = 776, worst = 19
PHY-1002 : len = 53960, over cnt = 124(0%), over = 379, worst = 19
PHY-1002 : len = 56488, over cnt = 52(0%), over = 188, worst = 19
PHY-1002 : len = 58456, over cnt = 3(0%), over = 3, worst = 1
PHY-1002 : len = 58504, over cnt = 0(0%), over = 0, worst = 0
PHY-1001 : End global iterations;  0.067652s wall, 0.031250s user + 0.000000s system = 0.031250s CPU (46.2%)

PHY-1001 : Congestion index: top1 = 33.64, top5 = 22.15, top10 = 15.78, top15 = 11.77.
OPT-1001 : End congestion update;  0.101395s wall, 0.031250s user + 0.000000s system = 0.031250s CPU (30.8%)

OPT-1001 : Update timing in Manhattan mode
TMR-2503 : Start to update net delay, extr mode = 3.
TMR-2504 : Update delay of 2320 nets completely.
TMR-2502 : Annotate delay completely, extr mode = 3.
TMR-3501 : Forward propagation: start to calculate arrival time...
TMR-3502 : Backward propagation: start to calculate required time...
TMR-3503 : Timing propagation completes.
OPT-1001 : End timing update;  0.044457s wall, 0.046875s user + 0.000000s system = 0.046875s CPU (105.4%)

OPT-0007 : Start: WNS 4290 TNS 0 NUM_FEPS 0
OPT-1001 : End global optimization;  0.146037s wall, 0.078125s user + 0.000000s system = 0.078125s CPU (53.5%)

OPT-1001 : Current memory(MB): used = 218, reserve = 184, peak = 219.
OPT-1001 : End physical optimization;  1.291162s wall, 0.984375s user + 0.031250s system = 1.015625s CPU (78.7%)

PHY-3001 : Start packing ...
SYN-4007 : Packing 0 MUX to BLE ...
SYN-4008 : Packed 0 MUX and 0 SEQ to BLE.
SYN-4007 : Packing 864 LUT to BLE ...
SYN-4008 : Packed 864 LUT and 378 SEQ to BLE.
SYN-4003 : Packing 419 remaining SEQ's ...
SYN-4005 : Packed 164 SEQ with LUT/SLICE
SYN-4006 : 353 single LUT's are left
SYN-4006 : 255 single SEQ's are left
SYN-4011 : Packing model "top" (AL_USER_NORMAL) with 1119/1554 primitive instances ...
PHY-3001 : End packing;  0.050931s wall, 0.031250s user + 0.000000s system = 0.031250s CPU (61.4%)

PHY-1001 : Populate physical database on model top.
RUN-1001 : There are total 928 instances
RUN-1001 : 408 mslices, 408 lslices, 102 pads, 2 brams, 0 dsps
RUN-1001 : There are total 1957 nets
RUN-6004 WARNING: There are 48 nets with only 1 pin.
RUN-1001 : 1131 nets have 2 pins
RUN-1001 : 580 nets have [3 - 5] pins
RUN-1001 : 113 nets have [6 - 10] pins
RUN-1001 : 43 nets have [11 - 20] pins
RUN-1001 : 36 nets have [21 - 99] pins
RUN-1001 : 6 nets have 100+ pins
PHY-3001 : design contains 926 instances, 816 slices, 30 macros(209 instances: 129 mslices 80 lslices)
PHY-3001 : Cell area utilization is 10%
PHY-3001 : After packing: Len = 42630.8, Over = 61.5
PHY-3001 : Run with size of 2
PHY-3001 : Cell area utilization is 10%
PHY-3001 : Update timing in Manhattan mode ...
RUN-1002 : start command "start_timer -report"
TMR-2505 : Start building timing graph for model top.
TMR-2506 : Build timing graph completely. Port num: 22, tpin num: 7924, tnet num: 1955, tinst num: 926, tnode num: 9924, tedge num: 13424.
TMR-2508 : Levelizing timing graph completed, there are 39 levels in total.
TMR-2501 : Timing graph initialized successfully.
TMR-2503 : Start to update net delay, extr mode = 3.
TMR-2504 : Update delay of 1955 nets completely.
TMR-2502 : Annotate delay completely, extr mode = 3.
TMR-3001 : Initiate 4 clocks from SDC.
TMR-3004 : Map sdc constraints, there are 8 constraints in total.
TMR-3003 : Constraints initiated successfully.
TMR-3501 : Forward propagation: start to calculate arrival time...
TMR-3502 : Backward propagation: start to calculate required time...
TMR-3503 : Timing propagation completes.
PHY-3001 : End timing update;  0.464143s wall, 0.281250s user + 0.000000s system = 0.281250s CPU (60.6%)

PHY-3001 : :::0::: Try harder cell spreading with beta_ = 0.000109698
PHY-3002 : Step(102): len = 41389.8, overlap = 61.75
PHY-3002 : Step(103): len = 40715.5, overlap = 64.5
PHY-3002 : Step(104): len = 40432.6, overlap = 63.75
PHY-3002 : Step(105): len = 40475.7, overlap = 60
PHY-3002 : Step(106): len = 40503, overlap = 60.5
PHY-3001 : :::1::: Try harder cell spreading with beta_ = 0.000219396
PHY-3002 : Step(107): len = 41561.9, overlap = 56.25
PHY-3002 : Step(108): len = 42268, overlap = 52.75
PHY-3002 : Step(109): len = 42273, overlap = 53
PHY-3001 : :::2::: Try harder cell spreading with beta_ = 0.000438792
PHY-3002 : Step(110): len = 43310.4, overlap = 49
PHY-3002 : Step(111): len = 44321.5, overlap = 47
PHY-3002 : Step(112): len = 44637.9, overlap = 46
PHY-3001 : Legalization ...
PHY-3001 : End legalization;  0.115172s wall, 0.015625s user + 0.015625s system = 0.031250s CPU (27.1%)

PHY-3001 : Trial Legalized: Len = 60049
PHY-3001 : Run with size of 2
PHY-3001 : Cell area utilization is 10%
PHY-3001 : Update timing in Manhattan mode ...
TMR-2503 : Start to update net delay, extr mode = 3.
TMR-2504 : Update delay of 1955 nets completely.
TMR-2502 : Annotate delay completely, extr mode = 3.
TMR-3501 : Forward propagation: start to calculate arrival time...
TMR-3502 : Backward propagation: start to calculate required time...
TMR-3503 : Timing propagation completes.
PHY-3001 : End timing update;  0.033160s wall, 0.015625s user + 0.000000s system = 0.015625s CPU (47.1%)

PHY-3001 : :::0::: Try harder cell spreading with beta_ = 0.00210122
PHY-3002 : Step(113): len = 57031.7, overlap = 5
PHY-3002 : Step(114): len = 55005.3, overlap = 7.5
PHY-3002 : Step(115): len = 53114.3, overlap = 8.75
PHY-3002 : Step(116): len = 51582.7, overlap = 10.75
PHY-3002 : Step(117): len = 50350.9, overlap = 14.75
PHY-3002 : Step(118): len = 49188.7, overlap = 16.75
PHY-3002 : Step(119): len = 48625.1, overlap = 18.5
PHY-3002 : Step(120): len = 47898.8, overlap = 20
PHY-3001 : :::1::: Try harder cell spreading with beta_ = 0.00420244
PHY-3002 : Step(121): len = 48008.5, overlap = 19.75
PHY-3002 : Step(122): len = 48046.8, overlap = 20.5
PHY-3001 : :::2::: Try harder cell spreading with beta_ = 0.00840487
PHY-3002 : Step(123): len = 48089.1, overlap = 20
PHY-3002 : Step(124): len = 48145.2, overlap = 21
PHY-3001 : Legalization ...
PHY-3001 : End legalization;  0.004205s wall, 0.000000s user + 0.000000s system = 0.000000s CPU (n/a%)

PHY-3001 : Legalized: Len = 54713.6, Over = 0
PHY-3001 : Spreading special nets. 5 overflows in 2952 tiles.
PHY-3001 : End spreading;  0.003967s wall, 0.000000s user + 0.000000s system = 0.000000s CPU (n/a%)

PHY-3001 : 6 instances has been re-located, deltaX = 0, deltaY = 6, maxDist = 1.
PHY-3001 : Final: Len = 54889.6, Over = 0
OPT-1001 : Start physical optimization ...
RUN-1002 : start command "start_timer -report"
TMR-2505 : Start building timing graph for model top.
TMR-2506 : Build timing graph completely. Port num: 22, tpin num: 7924, tnet num: 1955, tinst num: 926, tnode num: 9924, tedge num: 13424.
TMR-2508 : Levelizing timing graph completed, there are 39 levels in total.
TMR-2501 : Timing graph initialized successfully.
OPT-1001 : Total overflow 0.00 peak overflow 0.00
OPT-1001 : Start high-fanout net optimization ...
OPT-1001 : Update timing in global mode
PHY-1001 : Start incremental global routing, caller is place ...
RUN-1001 : Generating global routing grids ...
PHY-1001 : Generate routing nets ...
PHY-1001 : Reuse net number 77/1957.
PHY-1001 : Global iterations in 16 thread ...
PHY-1002 : len = 65136, over cnt = 215(0%), over = 324, worst = 6
PHY-1002 : len = 66624, over cnt = 88(0%), over = 111, worst = 4
PHY-1002 : len = 67656, over cnt = 25(0%), over = 33, worst = 4
PHY-1002 : len = 67856, over cnt = 11(0%), over = 14, worst = 3
PHY-1002 : len = 68032, over cnt = 0(0%), over = 0, worst = 0
PHY-1001 : End global iterations;  0.121643s wall, 0.031250s user + 0.000000s system = 0.031250s CPU (25.7%)

PHY-1001 : Congestion index: top1 = 29.74, top5 = 23.22, top10 = 17.95, top15 = 13.89.
PHY-1001 : End incremental global routing;  0.165428s wall, 0.062500s user + 0.000000s system = 0.062500s CPU (37.8%)

TMR-2503 : Start to update net delay, extr mode = 5.
TMR-2504 : Update delay of 1955 nets completely.
TMR-2502 : Annotate delay completely, extr mode = 5.
TMR-3001 : Initiate 4 clocks from SDC.
TMR-3004 : Map sdc constraints, there are 8 constraints in total.
TMR-3003 : Constraints initiated successfully.
TMR-3501 : Forward propagation: start to calculate arrival time...
TMR-3502 : Backward propagation: start to calculate required time...
TMR-3503 : Timing propagation completes.
OPT-1001 : End timing update;  0.046313s wall, 0.031250s user + 0.000000s system = 0.031250s CPU (67.5%)

OPT-1001 : 1 high-fanout net processed.
PHY-3001 : Start incremental placement ...
PHY-1001 : Populate physical database on model top.
PHY-3001 : Initial placement ...
PHY-3001 : eco special cells: 1 has valid locations, 0 needs to be replaced
PHY-3001 : eco pad cells: 102 has valid locations, 0 needs to be replaced
PHY-3001 : eco cells: 817 has valid locations, 3 needs to be replaced
PHY-3001 : design contains 928 instances, 818 slices, 30 macros(209 instances: 129 mslices 80 lslices)
PHY-3001 : Global placement ...
PHY-3001 : Initial: Len = 55121
PHY-3001 : Run with size of 4
PHY-3001 : Cell area utilization is 10%
PHY-3001 : Update timing in Manhattan mode ...
RUN-1002 : start command "start_timer -report"
TMR-2505 : Start building timing graph for model top.
TMR-2506 : Build timing graph completely. Port num: 22, tpin num: 7947, tnet num: 1956, tinst num: 928, tnode num: 9952, tedge num: 13454.
TMR-2508 : Levelizing timing graph completed, there are 39 levels in total.
TMR-2501 : Timing graph initialized successfully.
TMR-2503 : Start to update net delay, extr mode = 3.
TMR-2504 : Update delay of 1956 nets completely.
TMR-2502 : Annotate delay completely, extr mode = 3.
TMR-3001 : Initiate 4 clocks from SDC.
TMR-3004 : Map sdc constraints, there are 8 constraints in total.
TMR-3003 : Constraints initiated successfully.
TMR-3501 : Forward propagation: start to calculate arrival time...
TMR-3502 : Backward propagation: start to calculate required time...
TMR-3503 : Timing propagation completes.
PHY-3001 : End timing update;  0.446529s wall, 0.250000s user + 0.000000s system = 0.250000s CPU (56.0%)

PHY-3001 : :::0::: Try harder cell spreading with beta_ = 0
PHY-3002 : Step(125): len = 54923.9, overlap = 0
PHY-3002 : Step(126): len = 54902.7, overlap = 0
PHY-3002 : Step(127): len = 54881, overlap = 0
PHY-3001 : Run with size of 2
PHY-3001 : Cell area utilization is 10%
PHY-3001 : Update timing in Manhattan mode ...
TMR-2503 : Start to update net delay, extr mode = 3.
TMR-2504 : Update delay of 1956 nets completely.
TMR-2502 : Annotate delay completely, extr mode = 3.
TMR-3501 : Forward propagation: start to calculate arrival time...
TMR-3502 : Backward propagation: start to calculate required time...
TMR-3503 : Timing propagation completes.
PHY-3001 : End timing update;  0.032989s wall, 0.015625s user + 0.000000s system = 0.015625s CPU (47.4%)

PHY-3001 : :::0::: Try harder cell spreading with beta_ = 0.00169063
PHY-3002 : Step(128): len = 54905.3, overlap = 0.25
PHY-3002 : Step(129): len = 54937.8, overlap = 0.25
PHY-3001 : Legalization ...
PHY-3001 : End legalization;  0.003609s wall, 0.015625s user + 0.000000s system = 0.015625s CPU (433.0%)

PHY-3001 : Legalized: Len = 54918.8, Over = 0
PHY-3001 : End spreading;  0.003682s wall, 0.000000s user + 0.000000s system = 0.000000s CPU (n/a%)

PHY-3001 : Final: Len = 54918.8, Over = 0
PHY-3001 : End incremental placement;  0.565168s wall, 0.375000s user + 0.000000s system = 0.375000s CPU (66.4%)

OPT-1001 : Total overflow 0.00 peak overflow 0.00
OPT-1001 : End high-fanout net optimization;  0.812698s wall, 0.500000s user + 0.000000s system = 0.500000s CPU (61.5%)

OPT-1001 : Current memory(MB): used = 225, reserve = 191, peak = 225.
OPT-1001 : Start path based optimization ...
OPT-1001 : Start congestion update ...
RUN-1001 : Generating global routing grids ...
PHY-1001 : Generate routing nets ...
PHY-1001 : Reuse net number 1606/1958.
PHY-1001 : Global iterations in 16 thread ...
PHY-1002 : len = 68072, over cnt = 9(0%), over = 11, worst = 2
PHY-1002 : len = 68128, over cnt = 0(0%), over = 0, worst = 0
PHY-1001 : End global iterations;  0.018113s wall, 0.015625s user + 0.000000s system = 0.015625s CPU (86.3%)

PHY-1001 : Congestion index: top1 = 29.83, top5 = 23.32, top10 = 18.01, top15 = 13.93.
OPT-1001 : End congestion update;  0.058827s wall, 0.031250s user + 0.000000s system = 0.031250s CPU (53.1%)

OPT-1001 : Update timing in Manhattan mode
TMR-2503 : Start to update net delay, extr mode = 3.
TMR-2504 : Update delay of 1956 nets completely.
TMR-2502 : Annotate delay completely, extr mode = 3.
TMR-3501 : Forward propagation: start to calculate arrival time...
TMR-3502 : Backward propagation: start to calculate required time...
TMR-3503 : Timing propagation completes.
OPT-1001 : End timing update;  0.033404s wall, 0.015625s user + 0.000000s system = 0.015625s CPU (46.8%)

OPT-0007 : Start: WNS 4120 TNS 0 NUM_FEPS 0
OPT-1001 : End path based optimization;  0.092369s wall, 0.046875s user + 0.000000s system = 0.046875s CPU (50.7%)

OPT-1001 : Current memory(MB): used = 225, reserve = 192, peak = 225.
OPT-1001 : Update timing in Manhattan mode
TMR-2503 : Start to update net delay, extr mode = 3.
TMR-2504 : Update delay of 1956 nets completely.
TMR-2502 : Annotate delay completely, extr mode = 3.
TMR-3501 : Forward propagation: start to calculate arrival time...
TMR-3502 : Backward propagation: start to calculate required time...
TMR-3503 : Timing propagation completes.
OPT-1001 : End timing update;  0.039528s wall, 0.015625s user + 0.000000s system = 0.015625s CPU (39.5%)

OPT-1001 : Start pin optimization...
OPT-1001 : skip pin optimization...
RUN-1001 : Generating global routing grids ...
PHY-1001 : Generate routing nets ...
PHY-1001 : Reuse net number 1612/1958.
PHY-1001 : Global iterations in 16 thread ...
PHY-1002 : len = 68128, over cnt = 0(0%), over = 0, worst = 0
PHY-1001 : End global iterations;  0.009538s wall, 0.000000s user + 0.000000s system = 0.000000s CPU (n/a%)

PHY-1001 : Congestion index: top1 = 29.83, top5 = 23.32, top10 = 18.01, top15 = 13.93.
OPT-1001 : Update timing in Manhattan mode
TMR-2503 : Start to update net delay, extr mode = 3.
TMR-2504 : Update delay of 1956 nets completely.
TMR-2502 : Annotate delay completely, extr mode = 3.
TMR-3501 : Forward propagation: start to calculate arrival time...
TMR-3502 : Backward propagation: start to calculate required time...
TMR-3503 : Timing propagation completes.
OPT-1001 : End timing update;  0.040630s wall, 0.031250s user + 0.000000s system = 0.031250s CPU (76.9%)

RUN-1001 : QoR Analysis:
OPT-0007 :   WNS 4120 TNS 0 NUM_FEPS 0
RUN-1001 :   No local congestion issue, and most congested 1% tile average routing util is 29.413793
RUN-1001 :   Top critical paths
RUN-1001 :       #1 path slack 4120ps with logic level 8 
RUN-1001 :       #2 path slack 4204ps with logic level 8 
RUN-1001 :       #3 path slack 4213ps with logic level 8 
OPT-1001 : End physical optimization;  1.464542s wall, 0.937500s user + 0.000000s system = 0.937500s CPU (64.0%)

RUN-1003 : finish command "place" in  6.107587s wall, 3.750000s user + 0.734375s system = 4.484375s CPU (73.4%)

RUN-1004 : used memory is 202 MB, reserved memory is 168 MB, peak memory is 225 MB
RUN-1002 : start command "export_db pic_sdram_place.db"
RUN-1001 : Exported /
RUN-1001 : Exported flow parameters
RUN-1001 : Exported libs
RUN-1001 : Exported entities
RUN-1001 : Exported ports
RUN-1001 : Exported pins
RUN-1001 : Exported instances
RUN-1001 : Exported nets
RUN-1001 : Exported buses
RUN-1001 : Exported models
RUN-1001 : Exported congestions
RUN-1001 : Exported violations
RUN-1001 : Exported timing constraints
RUN-1001 : Exported IO constraints
RUN-1001 : Exported Inst constraints
RUN-1001 : Exported ChipWatcher
RUN-1002 : start command "route"
RUN-1001 : Open license file D:/Program/Anlogic/TD5.6.2/license/Anlogic.lic
RUN-1001 : Print Global Property
RUN-1001 : ---------------------------------------------------------------
RUN-1001 :        Parameters        |  Settings  |  Default Values  |  Note  
RUN-1001 : ---------------------------------------------------------------
RUN-1001 :          message         |  standard  |     standard     |        
RUN-1001 :   mixed_pack_place_flow  |     on     |        on        |        
RUN-1001 :        qor_monitor       |    off     |       off        |        
RUN-1001 :        syn_ip_flow       |    off     |       off        |        
RUN-1001 :          thread          |    auto    |       auto       |        
RUN-1001 : ---------------------------------------------------------------
RUN-1001 : Print Route Property
RUN-1001 : -------------------------------------------------------
RUN-1001 :    Parameters    |  Settings  |  Default Values  |  Note  
RUN-1001 : -------------------------------------------------------
RUN-1001 :      effort      |   medium   |      medium      |        
RUN-1001 :     fix_hold     |    off     |       off        |        
RUN-1001 :    opt_timing    |   medium   |      medium      |        
RUN-1001 :   phy_sim_model  |    off     |       off        |        
RUN-1001 :     priority     |   timing   |      timing      |        
RUN-1001 :     swap_pin     |     on     |        on        |        
RUN-1001 : -------------------------------------------------------
PHY-1001 : Route runs in 16 thread(s)
RUN-1001 : There are total 930 instances
RUN-1001 : 408 mslices, 410 lslices, 102 pads, 2 brams, 0 dsps
RUN-1001 : There are total 1958 nets
RUN-6004 WARNING: There are 48 nets with only 1 pin.
RUN-1001 : 1129 nets have 2 pins
RUN-1001 : 580 nets have [3 - 5] pins
RUN-1001 : 114 nets have [6 - 10] pins
RUN-1001 : 44 nets have [11 - 20] pins
RUN-1001 : 37 nets have [21 - 99] pins
RUN-1001 : 6 nets have 100+ pins
RUN-1002 : start command "start_timer -report"
TMR-2505 : Start building timing graph for model top.
TMR-2506 : Build timing graph completely. Port num: 22, tpin num: 7947, tnet num: 1956, tinst num: 928, tnode num: 9952, tedge num: 13454.
TMR-2508 : Levelizing timing graph completed, there are 39 levels in total.
TMR-2501 : Timing graph initialized successfully.
PHY-1001 : 408 mslices, 410 lslices, 102 pads, 2 brams, 0 dsps
TMR-2503 : Start to update net delay, extr mode = 3.
TMR-2504 : Update delay of 1956 nets completely.
TMR-2502 : Annotate delay completely, extr mode = 3.
TMR-3001 : Initiate 4 clocks from SDC.
TMR-3004 : Map sdc constraints, there are 8 constraints in total.
TMR-3003 : Constraints initiated successfully.
TMR-3501 : Forward propagation: start to calculate arrival time...
TMR-3502 : Backward propagation: start to calculate required time...
TMR-3503 : Timing propagation completes.
PHY-1001 : Start global routing, caller is route ...
RUN-1001 : Generating global routing grids ...
PHY-1001 : Generate routing nets ...
PHY-1001 : Global iterations in 16 thread ...
PHY-1002 : len = 64016, over cnt = 214(0%), over = 323, worst = 6
PHY-1002 : len = 65744, over cnt = 76(0%), over = 104, worst = 3
PHY-1002 : len = 67032, over cnt = 4(0%), over = 6, worst = 3
PHY-1002 : len = 67096, over cnt = 0(0%), over = 0, worst = 0
PHY-1001 : End global iterations;  0.122917s wall, 0.031250s user + 0.015625s system = 0.046875s CPU (38.1%)

PHY-1001 : Congestion index: top1 = 29.85, top5 = 22.99, top10 = 17.83, top15 = 13.76.
PHY-1001 : End global routing;  0.170232s wall, 0.031250s user + 0.015625s system = 0.046875s CPU (27.5%)

PHY-1001 : Start detail routing ...
PHY-1001 : Current memory(MB): used = 243, reserve = 209, peak = 256.
PHY-1001 : Detailed router is running in normal mode.
PHY-1001 : Generate detailed routing grids ...
PHY-1001 : Generate nets ...
PHY-1001 : net clk_dup_1 will be routed on clock mesh
PHY-1001 : net U3/u2_ram/SDRAM_CLK will be routed on clock mesh
PHY-5010 WARNING: Net U3/u2_ram/u2_wrrd/Sdr_rd_dout[31] is skipped due to 0 input or output
PHY-5010 WARNING: Net U3/u2_ram/u2_wrrd/Sdr_rd_dout[30] is skipped due to 0 input or output
PHY-5010 WARNING: Net U3/u2_ram/u2_wrrd/Sdr_rd_dout[29] is skipped due to 0 input or output
PHY-5010 WARNING: Net U3/u2_ram/u2_wrrd/Sdr_rd_dout[28] is skipped due to 0 input or output
PHY-5010 WARNING: Net U3/u2_ram/u2_wrrd/Sdr_rd_dout[27] is skipped due to 0 input or output
PHY-5010 WARNING: Net U3/u2_ram/u2_wrrd/Sdr_rd_dout[26] is skipped due to 0 input or output
PHY-5010 WARNING: Net U3/u2_ram/u2_wrrd/Sdr_rd_dout[25] is skipped due to 0 input or output
PHY-5010 WARNING: Net U3/u2_ram/u2_wrrd/Sdr_rd_dout[24] is skipped due to 0 input or output
PHY-5010 WARNING: Net U3/u2_ram/u2_wrrd/Sdr_rd_dout[23] is skipped due to 0 input or output
PHY-5010 WARNING: Net U3/u2_ram/u2_wrrd/Sdr_rd_dout[22] is skipped due to 0 input or output
PHY-5010 Similar messages will be suppressed.
PHY-1001 : clock net sd_card_bmp_m0/bmp_read_m0/clk will be merged with clock sys_pll_m0/clk0_buf
PHY-1001 : clock net video_timing_data_m0/color_bar_m0/clk will be merged with clock video_pll_m0/clk0_buf
PHY-1001 : clock net config_inst_syn_10 will be merged with clock config_inst_syn_9
PHY-1001 : Current memory(MB): used = 509, reserve = 479, peak = 509.
PHY-1001 : End build detailed router design. 2.482213s wall, 1.765625s user + 0.093750s system = 1.859375s CPU (74.9%)

PHY-1001 : Detail Route ...
PHY-1001 : ===== Detail Route Phase 1 =====
PHY-1001 : Clock net routing.....
PHY-1001 : Routed 0% nets.
PHY-1022 : len = 37568, over cnt = 0(0%), over = 0, worst = 0, crit = 0
PHY-1001 : End initial clock net routed; 0.896768s wall, 0.718750s user + 0.000000s system = 0.718750s CPU (80.1%)

PHY-1001 : Current memory(MB): used = 541, reserve = 513, peak = 541.
PHY-1001 : End phase 1; 0.901733s wall, 0.718750s user + 0.000000s system = 0.718750s CPU (79.7%)

PHY-1001 : ===== Detail Route Phase 2 =====
PHY-1001 : Initial routing.....
PHY-1001 : Routed 36% nets.
PHY-1001 : Routed 42% nets.
PHY-1001 : Routed 52% nets.
PHY-1001 : Routed 66% nets.
PHY-1001 : Routed 85% nets.
PHY-1022 : len = 253424, over cnt = 55(0%), over = 55, worst = 1, crit = 0
PHY-1001 : Current memory(MB): used = 542, reserve = 514, peak = 542.
PHY-1001 : End initial routed; 1.036690s wall, 0.609375s user + 0.031250s system = 0.640625s CPU (61.8%)

PHY-1001 : Update timing.....
PHY-1001 : 0/1682(0%) critical/total net(s).
RUN-1001 : --------------------------------------
RUN-1001 :   Type   |  WNS(ns)  |  TNS(ns)  |  FEP  
RUN-1001 : --------------------------------------
RUN-1001 :   Setup  |   1.059   |   0.000   |   0   
RUN-1001 :   Hold   |  -0.694   |  -1.813   |   3   
RUN-1001 : --------------------------------------
PHY-1001 : End update timing; 0.489492s wall, 0.390625s user + 0.000000s system = 0.390625s CPU (79.8%)

PHY-1001 : Current memory(MB): used = 542, reserve = 515, peak = 542.
PHY-1001 : End phase 2; 1.526239s wall, 1.000000s user + 0.031250s system = 1.031250s CPU (67.6%)

PHY-1001 : ===== Detail Route Phase 3 =====
PHY-1001 : Optimize timing.....
PHY-1022 : len = 253424, over cnt = 55(0%), over = 55, worst = 1, crit = 0
PHY-1001 : End optimize timing; 0.011170s wall, 0.000000s user + 0.000000s system = 0.000000s CPU (n/a%)

PHY-1001 : Ripup-reroute.....
PHY-1001 : ===== DR Iter 1 =====
PHY-1022 : len = 253024, over cnt = 13(0%), over = 13, worst = 1, crit = 0
PHY-1001 : End DR Iter 1; 0.028333s wall, 0.000000s user + 0.000000s system = 0.000000s CPU (n/a%)

PHY-1001 : ===== DR Iter 2 =====
PHY-1022 : len = 253168, over cnt = 1(0%), over = 1, worst = 1, crit = 0
PHY-1001 : End DR Iter 2; 0.021830s wall, 0.031250s user + 0.000000s system = 0.031250s CPU (143.2%)

PHY-1001 : ===== DR Iter 3 =====
PHY-1022 : len = 253184, over cnt = 0(0%), over = 0, worst = 0, crit = 0
PHY-1001 : End DR Iter 3; 0.018425s wall, 0.015625s user + 0.000000s system = 0.015625s CPU (84.8%)

PHY-1001 : Update timing.....
PHY-1001 : 0/1682(0%) critical/total net(s).
RUN-1001 : --------------------------------------
RUN-1001 :   Type   |  WNS(ns)  |  TNS(ns)  |  FEP  
RUN-1001 : --------------------------------------
RUN-1001 :   Setup  |   1.059   |   0.000   |   0   
RUN-1001 :   Hold   |  -0.694   |  -1.813   |   3   
RUN-1001 : --------------------------------------
PHY-1001 : End update timing; 0.483362s wall, 0.421875s user + 0.000000s system = 0.421875s CPU (87.3%)

PHY-1001 : Commit to database.....
PHY-1001 : 8 feed throughs used by 6 nets
PHY-1001 : End commit to database; 0.158311s wall, 0.140625s user + 0.000000s system = 0.140625s CPU (88.8%)

PHY-1001 : Current memory(MB): used = 557, reserve = 529, peak = 557.
PHY-1001 : End phase 3; 0.832785s wall, 0.703125s user + 0.000000s system = 0.703125s CPU (84.4%)

PHY-1003 : Routed, final wirelength = 253184
PHY-1001 : Current memory(MB): used = 558, reserve = 530, peak = 558.
PHY-1001 : End export database. 0.008337s wall, 0.015625s user + 0.000000s system = 0.015625s CPU (187.4%)

PHY-1001 : End detail routing;  5.901560s wall, 4.296875s user + 0.140625s system = 4.437500s CPU (75.2%)

RUN-1003 : finish command "route" in  6.584526s wall, 4.640625s user + 0.156250s system = 4.796875s CPU (72.9%)

RUN-1004 : used memory is 508 MB, reserved memory is 483 MB, peak memory is 558 MB
RUN-1002 : start command "report_area -io_info -file pic_sdram_phy.area"
RUN-1001 : standard
***Report Model: top Device: EG4S20BG256***

IO Statistics
#IO                        47
  #input                    6
  #output                  37
  #inout                    4

Utilization Statistics
#lut                     1337   out of  19600    6.82%
#reg                      822   out of  19600    4.19%
#le                      1591
  #lut only               769   out of   1591   48.33%
  #reg only               254   out of   1591   15.96%
  #lut&reg                568   out of   1591   35.70%
#dsp                        0   out of     29    0.00%
#bram                       2   out of     64    3.12%
  #bram9k                   2
  #fifo9k                   0
#bram32k                    0   out of     16    0.00%
#pad                       47   out of    188   25.00%
  #ireg                     1
  #oreg                    18
  #treg                     0
#pll                        2   out of      4   50.00%
#gclk                       3   out of     16   18.75%

Clock Resource Statistics
Index     ClockNet                 Type               DriverType         Driver                         Fanout
#1        sys_pll_m0/clk0_buf      GCLK               pll                sys_pll_m0/pll_inst.clkc0      230
#2        U3/u2_ram/SDRAM_CLK      GCLK               pll                sys_pll_m0/pll_inst.clkc1      131
#3        config_inst_syn_9        GCLK               config             config_inst.jtck               99
#4        clk_dup_1                GCLK               io                 clk_syn_2.di                   72
#5        video_pll_m0/clk0_buf    GCLK               pll                video_pll_m0/pll_inst.clkc0    26


Detailed IO Report

       Name         Direction    Location    IOStandard    DriveStrength    PullType    PackReg  
       clk            INPUT         R7        LVCMOS33          N/A           NONE       NONE    
       key1           INPUT         B2        LVCMOS33          N/A           NONE       IREG    
       key2           INPUT         B1        LVCMOS33          N/A           NONE       NONE    
      rst_n           INPUT         A2        LVCMOS33          N/A           NONE       NONE    
     sd_miso          INPUT        B14        LVCMOS33          N/A           NONE       NONE    
     switch1          INPUT         C8        LVCMOS33          N/A           NONE       NONE    
    flash_cs_n       OUTPUT         P8        LVCMOS33           8            NONE       NONE    
    flash_sck        OUTPUT         M9        LVCMOS33           8            NONE       NONE    
     sd_dclk         OUTPUT        A14        LVCMOS33           8            NONE       OREG    
     sd_mosi         OUTPUT        A13        LVCMOS33           8            NONE       OREG    
      sd_ncs         OUTPUT        A12        LVCMOS33           8            NONE       OREG    
   seg_data[7]       OUTPUT         A6        LVCMOS33           8            NONE       NONE    
   seg_data[6]       OUTPUT         A7        LVCMOS33           8            NONE       OREG    
   seg_data[5]       OUTPUT         A8        LVCMOS33           8            NONE       OREG    
   seg_data[4]       OUTPUT         B5        LVCMOS33           8            NONE       OREG    
   seg_data[3]       OUTPUT         A5        LVCMOS33           8            NONE       OREG    
   seg_data[2]       OUTPUT         B6        LVCMOS33           8            NONE       OREG    
   seg_data[1]       OUTPUT        C16        LVCMOS33           8            NONE       OREG    
   seg_data[0]       OUTPUT        C15        LVCMOS33           8            NONE       OREG    
    seg_sel[5]       OUTPUT        D11        LVCMOS33           8            NONE       OREG    
    seg_sel[4]       OUTPUT        E11        LVCMOS33           8            NONE       OREG    
    seg_sel[3]       OUTPUT        F10        LVCMOS33           8            NONE       OREG    
    seg_sel[2]       OUTPUT        C13        LVCMOS33           8            NONE       OREG    
    seg_sel[1]       OUTPUT        E10        LVCMOS33           8            NONE       OREG    
    seg_sel[0]       OUTPUT        E12        LVCMOS33           8            NONE       OREG    
   vga_out_b[4]      OUTPUT         D5        LVCMOS33           8            NONE       NONE    
   vga_out_b[3]      OUTPUT         D6        LVCMOS33           8            NONE       NONE    
   vga_out_b[2]      OUTPUT         E6        LVCMOS33           8            NONE       NONE    
   vga_out_b[1]      OUTPUT         F6        LVCMOS33           8            NONE       NONE    
   vga_out_b[0]      OUTPUT        H16        LVCMOS25           8            N/A        NONE    
   vga_out_g[5]      OUTPUT         N6        LVCMOS33           8            NONE       NONE    
   vga_out_g[4]      OUTPUT         N5        LVCMOS33           8            NONE       NONE    
   vga_out_g[3]      OUTPUT         P5        LVCMOS33           8            NONE       NONE    
   vga_out_g[2]      OUTPUT         T5        LVCMOS33           8            NONE       NONE    
   vga_out_g[1]      OUTPUT        F14        LVCMOS25           8            N/A        NONE    
   vga_out_g[0]      OUTPUT         A4        LVCMOS33           8            N/A        NONE    
    vga_out_hs       OUTPUT         E7        LVCMOS33           8            NONE       OREG    
   vga_out_r[4]      OUTPUT        E13        LVCMOS33           8            NONE       NONE    
   vga_out_r[3]      OUTPUT         L8        LVCMOS33           8            NONE       NONE    
   vga_out_r[2]      OUTPUT         L7        LVCMOS33           8            NONE       NONE    
   vga_out_r[1]      OUTPUT         R5        LVCMOS33           8            NONE       NONE    
   vga_out_r[0]      OUTPUT         H5        LVCMOS33           8            N/A        NONE    
    vga_out_vs       OUTPUT         F7        LVCMOS33           8            NONE       OREG    
  flash_qspi_IO0      INOUT         P7        LVCMOS33           8            NONE       NONE    
  flash_qspi_IO1      INOUT         N8        LVCMOS33           8            NONE       NONE    
  flash_qspi_IO2      INOUT         P9        LVCMOS33           8            NONE       NONE    
  flash_qspi_IO3      INOUT         R9        LVCMOS33           8            NONE       NONE    
       dm0           OUTPUT        S14        LVCMOS25           8            NONE       OREG    
       cke           OUTPUT        S18        LVCMOS25           8            NONE       NONE    
       we_n          OUTPUT        S19        LVCMOS25           8            NONE       OREG    
      cas_n          OUTPUT        S20        LVCMOS25           8            NONE       OREG    
      ras_n          OUTPUT        S21        LVCMOS25           8            NONE       OREG    
       cs_n          OUTPUT        S22        LVCMOS25           8            NONE       NONE    
     addr[9]         OUTPUT        S23        LVCMOS25           8            NONE       NONE    
     addr[8]         OUTPUT        S24        LVCMOS25           8            NONE       NONE    
     addr[7]         OUTPUT        S25        LVCMOS25           8            NONE       NONE    
     addr[6]         OUTPUT        S26        LVCMOS25           8            NONE       NONE    
     addr[5]         OUTPUT        S27        LVCMOS25           8            NONE       OREG    
     addr[4]         OUTPUT        S28        LVCMOS25           8            NONE       OREG    
       dm2           OUTPUT        S29        LVCMOS25           8            NONE       OREG    
       dm3           OUTPUT        S61        LVCMOS25           8            NONE       OREG    
     addr[3]         OUTPUT        S64        LVCMOS25           8            NONE       NONE    
     addr[2]         OUTPUT        S65        LVCMOS25           8            NONE       NONE    
     addr[1]         OUTPUT        S66        LVCMOS25           8            NONE       OREG    
     addr[0]         OUTPUT        S67        LVCMOS25           8            NONE       NONE    
     addr[10]        OUTPUT        S68        LVCMOS25           8            NONE       OREG    
      ba[0]          OUTPUT        S69        LVCMOS25           8            NONE       NONE    
      ba[1]          OUTPUT        S70        LVCMOS25           8            NONE       NONE    
       clk           OUTPUT        S73        LVCMOS25           8            NONE       NONE    
       dm1           OUTPUT        S76        LVCMOS25           8            NONE       OREG    
      dq[0]           INOUT         S1        LVCMOS25           8           PULLUP      IREG    
      dq[6]           INOUT        S11        LVCMOS25           8           PULLUP      IREG    
      dq[7]           INOUT        S12        LVCMOS25           8           PULLUP      IREG    
      dq[1]           INOUT         S2        LVCMOS25           8           PULLUP      IREG    
      dq[23]          INOUT        S31        LVCMOS25           8           PULLUP      IREG    
      dq[22]          INOUT        S32        LVCMOS25           8           PULLUP      IREG    
      dq[21]          INOUT        S35        LVCMOS25           8           PULLUP      IREG    
      dq[20]          INOUT        S36        LVCMOS25           8           PULLUP      IREG    
      dq[19]          INOUT        S37        LVCMOS25           8           PULLUP      IREG    
      dq[18]          INOUT        S38        LVCMOS25           8           PULLUP      IREG    
      dq[17]          INOUT        S41        LVCMOS25           8           PULLUP      IREG    
      dq[16]          INOUT        S42        LVCMOS25           8           PULLUP      IREG    
      dq[31]          INOUT        S48        LVCMOS25           8           PULLUP      IREG    
      dq[30]          INOUT        S49        LVCMOS25           8           PULLUP      IREG    
      dq[2]           INOUT         S5        LVCMOS25           8           PULLUP      IREG    
      dq[29]          INOUT        S52        LVCMOS25           8           PULLUP      IREG    
      dq[28]          INOUT        S53        LVCMOS25           8           PULLUP      IREG    
      dq[27]          INOUT        S54        LVCMOS25           8           PULLUP      IREG    
      dq[26]          INOUT        S55        LVCMOS25           8           PULLUP      IREG    
      dq[25]          INOUT        S58        LVCMOS25           8           PULLUP      IREG    
      dq[24]          INOUT        S59        LVCMOS25           8           PULLUP      IREG    
      dq[3]           INOUT         S6        LVCMOS25           8           PULLUP      IREG    
      dq[4]           INOUT         S7        LVCMOS25           8           PULLUP      IREG    
      dq[8]           INOUT        S78        LVCMOS25           8           PULLUP      IREG    
      dq[9]           INOUT        S79        LVCMOS25           8           PULLUP      IREG    
      dq[5]           INOUT         S8        LVCMOS25           8           PULLUP      IREG    
      dq[10]          INOUT        S82        LVCMOS25           8           PULLUP      IREG    
      dq[11]          INOUT        S83        LVCMOS25           8           PULLUP      IREG    
      dq[12]          INOUT        S84        LVCMOS25           8           PULLUP      IREG    
      dq[13]          INOUT        S85        LVCMOS25           8           PULLUP      IREG    
      dq[14]          INOUT        S88        LVCMOS25           8           PULLUP      IREG    
      dq[15]          INOUT        S89        LVCMOS25           8           PULLUP      IREG    

Report Hierarchy Area:
+-----------------------------------------------------------------------------------------------------------------------------------------+
|Instance                            |Module                                         |le     |lut     |ripple  |seq     |bram    |dsp     |
+-----------------------------------------------------------------------------------------------------------------------------------------+
|top                                 |top                                            |1591   |1128    |209     |841     |2       |0       |
|  U3                                |sdram                                          |120    |35      |5       |108     |0       |0       |
|    u2_ram                          |sdr_as_ram                                     |120    |35      |5       |108     |0       |0       |
|      u1_init_ref                   |sdr_init_ref                                   |84     |12      |5       |76      |0       |0       |
|      u2_wrrd                       |sdr_wrrd                                       |36     |23      |0       |32      |0       |0       |
|  frame_read_write_m0               |frame_read_write                               |67     |32      |15      |48      |0       |0       |
|    frame_fifo_read_m0              |frame_fifo_read                                |1      |1       |0       |0       |0       |0       |
|    read_buf                        |afifo_16_256                                   |59     |31      |15      |41      |0       |0       |
|      rd_to_wr_cross_inst           |fifo_cross_domain_addr_process_al_afifo_16_256 |20     |8       |0       |20      |0       |0       |
|      wr_to_rd_cross_inst           |fifo_cross_domain_addr_process_al_afifo_16_256 |8      |7       |0       |8       |0       |0       |
|    write_buf                       |afifo_16_256                                   |7      |0       |0       |7       |0       |0       |
|      wr_to_rd_cross_inst           |fifo_cross_domain_addr_process_al_afifo_16_256 |7      |0       |0       |7       |0       |0       |
|  sd_card_bmp_m0                    |sd_card_bmp                                    |869    |750     |80      |360     |0       |0       |
|    ax_debounce_m0                  |ax_debounce                                    |62     |53      |9       |37      |0       |0       |
|    bmp_read_m0                     |bmp_read                                       |241    |167     |41      |145     |0       |0       |
|    sd_card_top_m0                  |sd_card_top                                    |566    |530     |30      |178     |0       |0       |
|      sd_card_cmd_m0                |sd_card_cmd                                    |327    |302     |25      |56      |0       |0       |
|      sd_card_sec_read_write_m0     |sd_card_sec_read_write                         |174    |168     |0       |81      |0       |0       |
|      spi_master_m0                 |spi_master                                     |65     |60      |5       |41      |0       |0       |
|  seg_scan_m0                       |seg_scan                                       |86     |60      |26      |22      |0       |0       |
|  sys_pll_m0                        |sys_pll                                        |0      |0       |0       |0       |0       |0       |
|  video_pll_m0                      |video_pll                                      |0      |0       |0       |0       |0       |0       |
|  video_timing_data_m0              |video_timing_data                              |53     |38      |14      |29      |0       |0       |
|    color_bar_m0                    |color_bar                                      |50     |36      |14      |27      |0       |0       |
|  cw_top                            |CW_TOP_WRAPPER                                 |393    |210     |69      |254     |0       |0       |
|    wrapper_cwc_top                 |cwc_top                                        |393    |210     |69      |254     |0       |0       |
|      cfg_int_inst                  |cwc_cfg_int                                    |179    |65      |0       |167     |0       |0       |
|        reg_inst                    |register                                       |177    |64      |0       |165     |0       |0       |
|        tap_inst                    |tap                                            |2      |1       |0       |2       |0       |0       |
|      trigger_inst                  |trigger                                        |214    |145     |69      |87      |0       |0       |
|        bus_inst                    |bus_top                                        |12     |8       |4       |6       |0       |0       |
|          BUS_DETECTOR[0]$bus_nodes |bus_det                                        |2      |2       |0       |2       |0       |0       |
|          BUS_DETECTOR[1]$bus_nodes |bus_det                                        |2      |2       |0       |2       |0       |0       |
|          BUS_DETECTOR[3]$bus_nodes |bus_det                                        |8      |4       |4       |2       |0       |0       |
|        emb_ctrl_inst               |emb_ctrl                                       |122    |89      |33      |56      |0       |0       |
+-----------------------------------------------------------------------------------------------------------------------------------------+


DataNet Average Fanout:

   Index     Fanout     Nets  
    #1          1       1082  
    #2          2       375   
    #3          3       133   
    #4          4        72   
    #5        5-10      121   
    #6        11-50      70   
    #7       51-100      2    
    #8       101-500     1    
  Average     2.83            

RUN-1002 : start command "export_db pic_sdram_pr.db"
RUN-1001 : Exported /
RUN-1001 : Exported flow parameters
RUN-1001 : Exported libs
RUN-1001 : Exported entities
RUN-1001 : Exported ports
RUN-1001 : Exported pins
RUN-1001 : Exported instances
RUN-1001 : Exported nets
RUN-1001 : Exported buses
RUN-1001 : Exported models
RUN-1001 : Exported congestions
RUN-1001 : Exported violations
RUN-1001 : Exported timing constraints
RUN-1001 : Exported IO constraints
RUN-1001 : Exported Inst constraints
RUN-1001 : Exported ChipWatcher
RUN-1002 : start command "start_timer"
TMR-2505 : Start building timing graph for model top.
TMR-2506 : Build timing graph completely. Port num: 22, tpin num: 7947, tnet num: 1956, tinst num: 928, tnode num: 9952, tedge num: 13454.
TMR-2508 : Levelizing timing graph completed, there are 39 levels in total.
TMR-2501 : Timing graph initialized successfully.
RUN-1002 : start command "report_timing -mode FINAL -net_info -rpt_autogen true -file pic_sdram_phy.timing"
TMR-2503 : Start to update net delay, extr mode = 6.
TMR-2504 : Update delay of 1956 nets completely.
TMR-2502 : Annotate delay completely, extr mode = 6.
TMR-3001 : Initiate 4 clocks from SDC.
TMR-3004 : Map sdc constraints, there are 8 constraints in total.
TMR-3003 : Constraints initiated successfully.
TMR-3501 : Forward propagation: start to calculate arrival time...
TMR-3502 : Backward propagation: start to calculate required time...
TMR-3503 : Timing propagation completes.
TMR-3506 : Start to generate timing report.
TMR-1502 : Number of clock constraints = 4. Number of clock nets = 5 (1 unconstrainted).
TMR-5009 WARNING: No clock constraint on 1 clock net(s): 
		config_inst_syn_10
TMR-3508 : Export timing summary.
TMR-3507 : Timing report generated successfully in pic_sdram_phy.timing, timing summary in pic_sdram_phy.tsm.
RUN-1002 : start command "export_bid pic_sdram_inst.bid"
PRG-1000 : <!-- HMAC is: cc57f8037cf0876fc394f8b309fcd725a110378c0ed6415f2f4b2d05dd25ac31 -->
RUN-1002 : start command "bitgen -bit pic_sdram.bit"
BIT-1003 : Start to generate bitstream. 
BIT-1002 : Init instances with 16 threads.
BIT-1002 : Init instances completely, inst num: 928
BIT-1002 : Init pips with 16 threads.
BIT-1002 : Init pips completely, net num: 1958, pip num: 18462
BIT-1002 : Init feedthrough completely, num: 8
BIT-1003 : Multithreading accelaration with 16 threads.
BIT-1003 : Generate bitstream completely, there are 1793 valid insts, and 51917 bits set as '1'.
BIT-1004 : the usercode register value: 00000000011110000111101011111001
BIT-1004 : PLL setting string = 0110
BIT-1004 : Generate bits file pic_sdram.bit.
RUN-1003 : finish command "bitgen -bit pic_sdram.bit" in  2.395660s wall, 19.796875s user + 0.062500s system = 19.859375s CPU (829.0%)

RUN-1004 : used memory is 529 MB, reserved memory is 501 MB, peak memory is 706 MB
RUN-1002 : start command "backup_run_log run.log ../.logs/phy_1/td_20231214_150229.log"
