============================================================
   Tang Dynasty, V5.6.71036
      Copyright (c) 2012-2023 Anlogic Inc.
   Executable = D:/Program/Anlogic/TD5.6.2/bin/td.exe
   Built at =   20:34:38 Mar 21 2023
   Run by =     28408
   Run Date =   Tue Dec 12 20:43:50 2023

   Run on =     DESKTOP-T1B5OP5
============================================================
RUN-1002 : start command "open_project pic_sdram.prj"
RUN-1001 : Print Global Property
RUN-1001 : ---------------------------------------------------------------
RUN-1001 :        Parameters        |  Settings  |  Default Values  |  Note  
RUN-1001 : ---------------------------------------------------------------
RUN-1001 :          message         |  standard  |     standard     |        
RUN-1001 :   mixed_pack_place_flow  |     on     |        on        |        
RUN-1001 :        qor_monitor       |    off     |       off        |        
RUN-1001 :        syn_ip_flow       |    off     |       off        |        
RUN-1001 :          thread          |    auto    |       auto       |        
RUN-1001 : ---------------------------------------------------------------
RUN-1001 : Print Design Property
RUN-1001 : --------------------------------------------------------------
RUN-1001 :        Parameters       |  Settings  |  Default Values  |  Note  
RUN-1001 : --------------------------------------------------------------
RUN-1001 :   default_reg_initial   |    auto    |       auto       |        
RUN-1001 :        infer_add        |     on     |        on        |        
RUN-1001 :        infer_fsm        |    off     |       off        |        
RUN-1001 :        infer_mult       |     on     |        on        |        
RUN-1001 :        infer_ram        |     on     |        on        |        
RUN-1001 :        infer_reg        |     on     |        on        |        
RUN-1001 :   infer_reg_init_value  |     on     |        on        |        
RUN-1001 :        infer_rom        |     on     |        on        |        
RUN-1001 :      infer_shifter      |     on     |        on        |        
RUN-1001 : --------------------------------------------------------------
RUN-1001 : Print Rtl Property
RUN-1001 : --------------------------------------------------------------
RUN-1001 :        Parameters       |  Settings  |  Default Values  |  Note  
RUN-1001 : --------------------------------------------------------------
RUN-1001 :       compress_add      |   ripple   |      ripple      |        
RUN-1001 :        elf_sload        |    off     |       off        |        
RUN-1001 :       fix_undriven      |     0      |        0         |        
RUN-1001 :         flatten         |    off     |       off        |        
RUN-1001 :       gate_sharing      |     on     |        on        |        
RUN-1001 :    hdl_warning_level    |   normal   |      normal      |        
RUN-1001 :   impl_internal_tribuf  |     on     |        on        |        
RUN-1001 :      impl_set_reset     |     on     |        on        |        
RUN-1001 :        infer_gsr        |    off     |       off        |        
RUN-1001 :      keep_hierarchy     |    auto    |       auto       |        
RUN-1001 :        max_fanout       |    9999    |       9999       |        
RUN-1001 :      max_oh2bin_len     |     10     |        10        |        
RUN-1001 :       merge_equal       |     on     |        on        |        
RUN-1001 :       merge_equiv       |     on     |        on        |        
RUN-1001 :        merge_mux        |    off     |       off        |        
RUN-1001 :     min_control_set     |     8      |        8         |        
RUN-1001 :      min_ripple_len     |    auto    |       auto       |        
RUN-1001 :       oh2bin_ratio      |    0.08    |       0.08       |        
RUN-1001 :     opt_adder_fanout    |     on     |        on        |        
RUN-1001 :        opt_arith        |     on     |        on        |        
RUN-1001 :       opt_big_gate      |    off     |       off        |        
RUN-1001 :        opt_const        |     on     |        on        |        
RUN-1001 :      opt_const_mult     |     on     |        on        |        
RUN-1001 :       opt_lessthan      |     on     |        on        |        
RUN-1001 :         opt_mux         |    off     |       off        |        
RUN-1001 :         opt_ram         |    high    |       high       |        
RUN-1001 :      rtl_sim_model      |    off     |       off        |        
RUN-1001 :         seq_syn         |     on     |        on        |        
RUN-1001 : --------------------------------------------------------------
HDL-1007 : analyze verilog file ../../al_ip/sys_pll.v
HDL-1007 : undeclared symbol 'open', assumed default net type 'wire' in ../../al_ip/sys_pll.v(77)
HDL-1007 : analyze verilog file ../../al_ip/video_pll.v
HDL-1007 : undeclared symbol 'open', assumed default net type 'wire' in ../../al_ip/video_pll.v(63)
HDL-1007 : analyze verilog file ../../al_ip/afifo_16_256.v
HDL-1007 : analyze verilog file ../../al_ip/sdram.v
HDL-1007 : analyze verilog file ../../Qspi_master.v
HDL-1007 : analyze verilog file ../../flash_cmd.v
HDL-1007 : analyze verilog file ../../flash_reader.v
HDL-1007 : analyze verilog file ../../flash_step.v
HDL-1007 : analyze verilog file ../../flash_write_read.v
HDL-1007 : analyze verilog file ../../flash_writer.v
HDL-1007 : analyze verilog file ../../sys_state_ctrl.v
HDL-1007 : analyze verilog file ../../src/ax_debounce.v
HDL-1007 : analyze verilog file ../../src/bmp_read.v
HDL-1007 : analyze verilog file ../../src/color_bar.v
HDL-1007 : analyze included file ../../src/video_define.v in ../../src/color_bar.v(2)
HDL-1007 : back to file '../../src/color_bar.v' in ../../src/color_bar.v(2)
HDL-1007 : analyze verilog file ../../src/frame_fifo_read.v
HDL-1007 : undeclared symbol 'read_busy', assumed default net type 'wire' in ../../src/frame_fifo_read.v(56)
HDL-1007 : analyze verilog file ../../src/frame_fifo_write.v
HDL-1007 : undeclared symbol 'write_busy', assumed default net type 'wire' in ../../src/frame_fifo_write.v(55)
HDL-1007 : analyze verilog file ../../src/frame_read_write.v
HDL-1007 : analyze verilog file ../../src/sd_card/sd_card_cmd.v
HDL-1007 : analyze verilog file ../../src/sd_card/sd_card_sec_read_write.v
HDL-1007 : analyze verilog file ../../src/sd_card/sd_card_top.v
HDL-1007 : analyze verilog file ../../src/sd_card/spi_master.v
HDL-1007 : analyze verilog file ../../src/sd_card_bmp.v
HDL-1007 : analyze verilog file ../../src/seg_decoder.v
HDL-1007 : analyze verilog file ../../src/seg_scan.v
HDL-1007 : analyze verilog file ../../src/top.v
HDL-1007 : analyze verilog file ../../src/video_timing_data.v
HDL-1007 : analyze verilog file ../../src/sdram_r/sdram_cmd.v
HDL-1007 : analyze included file ../../src/sdram_r/sdram_para.v in ../../src/sdram_r/sdram_cmd.v(45)
HDL-1007 : back to file '../../src/sdram_r/sdram_cmd.v' in ../../src/sdram_r/sdram_cmd.v(45)
HDL-1007 : analyze verilog file ../../src/sdram_r/sdram_controller.v
HDL-1007 : analyze verilog file ../../src/sdram_r/sdram_ctrl.v
HDL-1007 : analyze included file ../../src/sdram_r/sdram_para.v in ../../src/sdram_r/sdram_ctrl.v(19)
HDL-1007 : back to file '../../src/sdram_r/sdram_ctrl.v' in ../../src/sdram_r/sdram_ctrl.v(19)
HDL-1007 : analyze verilog file ../../src/sdram_r/sdram_data.v
HDL-1007 : analyze included file ../../src/sdram_r/sdram_para.v in ../../src/sdram_r/sdram_data.v(13)
HDL-1007 : back to file '../../src/sdram_r/sdram_data.v' in ../../src/sdram_r/sdram_data.v(13)
RUN-1001 : Project manager successfully analyzed 32 source files.
RUN-1002 : start command "import_device eagle_s20.db -package EG4S20BG256"
ARC-1001 : Device Initialization.
ARC-1001 : ------------------------------------------------------------------
ARC-1001 :            OPTION            |          IO          |   SETTING   
ARC-1001 : ------------------------------------------------------------------
ARC-1001 :   cso_b/cclk/mosi/miso/dout  |  T3/R11/T10/P10/S11  |    gpio    
ARC-1001 :             done             |         P13          |    gpio    
ARC-1001 :           program_b          |          T2          |  dedicate  
ARC-1001 :        tdi/tms/tck/tdo       |   C12/A15/C14/E14    |  dedicate  
ARC-1001 : ------------------------------------------------------------------
ARC-1004 : Device setting, marked 5 dedicate IOs in total.
RUN-1002 : start command "import_db ../syn_1/pic_sdram_gate.db"
RUN-1001 : Importing database generated by Tang Dynasty, V5.6.71036.
RUN-1001 : Database version number 46146.
RUN-1001 : Import flow parameters
RUN-1001 : Import timing constraints
RUN-1001 : Import IO constraints
RUN-1001 : Import Inst constraints
RUN-1001 : Import design success TD_VERSION=5.6.71036 , DB_VERSION=46146
RUN-1002 : start command "read_sdc ../../top.sdc"
RUN-1002 : start command "get_ports clk"
RUN-1002 : start command "create_clock -name clk -period 20 -waveform 0 10 "
RUN-1102 : create_clock: clock name: clk, type: 0, period: 20000, rise: 0, fall: 10000.
RUN-1002 : start command "derive_pll_clocks"
USR-1002 : Gen clock cmd:  create_generated_clock -name {sys_pll_m0/pll_inst.clkc[0]} -source [get_ports {clk}] -master_clock {clk} -multiply_by 2.0000 [get_pins {sys_pll_m0/pll_inst.clkc[0]}]
RUN-1002 : start command "get_ports clk"
RUN-1002 : start command "get_pins sys_pll_m0/pll_inst.clkc[0]"
RUN-1002 : start command "create_generated_clock -name sys_pll_m0/pll_inst.clkc[0] -source  -master_clock clk -multiply_by 2.0000 "
USR-1002 : Gen clock cmd:  create_generated_clock -name {sys_pll_m0/pll_inst.clkc[1]} -source [get_ports {clk}] -master_clock {clk} -multiply_by 2.0000 -phase 270 [get_pins {sys_pll_m0/pll_inst.clkc[1]}]
RUN-1002 : start command "get_ports clk"
RUN-1002 : start command "get_pins sys_pll_m0/pll_inst.clkc[1]"
RUN-1002 : start command "create_generated_clock -name sys_pll_m0/pll_inst.clkc[1] -source  -master_clock clk -multiply_by 2.0000 -phase 270 "
USR-1002 : Gen clock cmd:  create_generated_clock -name {sys_pll_m0/pll_inst.clkc[2]} -source [get_ports {clk}] -master_clock {clk} -multiply_by 2.0000 [get_pins {sys_pll_m0/pll_inst.clkc[2]}]
RUN-1002 : start command "get_ports clk"
RUN-1002 : start command "get_pins sys_pll_m0/pll_inst.clkc[2]"
RUN-1002 : start command "create_generated_clock -name sys_pll_m0/pll_inst.clkc[2] -source  -master_clock clk -multiply_by 2.0000 "
USR-1002 : Gen clock cmd:  create_generated_clock -name {video_pll_m0/pll_inst.clkc[0]} -source [get_ports {clk}] -master_clock {clk} -divide_by 2.0000 [get_pins {video_pll_m0/pll_inst.clkc[0]}]
RUN-1002 : start command "get_ports clk"
RUN-1002 : start command "get_pins video_pll_m0/pll_inst.clkc[0]"
RUN-1002 : start command "create_generated_clock -name video_pll_m0/pll_inst.clkc[0] -source  -master_clock clk -divide_by 2.0000 "
RUN-1002 : start command "get_ports clk"
RUN-1002 : start command "get_pins sys_pll_m0/pll_inst.clkc[0]"
RUN-1002 : start command "rename_clock -name sd_card_clk -source  -master_clock clk "
RUN-1105 : Rename Clock: clock sys_pll_m0/pll_inst.clkc[0] was renamed, new name is sd_card_clk.
RUN-1002 : start command "get_ports clk"
RUN-1002 : start command "get_pins sys_pll_m0/pll_inst.clkc[1]"
RUN-1002 : start command "rename_clock -name ext_mem_clk -source  -master_clock clk "
RUN-1105 : Rename Clock: clock sys_pll_m0/pll_inst.clkc[1] was renamed, new name is ext_mem_clk.
RUN-1002 : start command "get_ports clk"
RUN-1002 : start command "get_pins sys_pll_m0/pll_inst.clkc[2]"
RUN-1002 : start command "rename_clock -name flash_sys_clk -source  -master_clock clk "
RUN-1105 : Rename Clock: clock sys_pll_m0/pll_inst.clkc[2] was renamed, new name is flash_sys_clk.
RUN-1002 : start command "get_ports clk"
RUN-1002 : start command "get_pins video_pll_m0/pll_inst.clkc[0]"
RUN-1002 : start command "rename_clock -name video_clk -source  -master_clock clk "
RUN-1105 : Rename Clock: clock video_pll_m0/pll_inst.clkc[0] was renamed, new name is video_clk.
RUN-1002 : start command "read_sdc -ip afifo_16_256 ../../al_ip/afifo_16_256.tcl"
RUN-1002 : start command "get_ports clkw"
RUN-1002 : start command "get_nets  clkw  "
RUN-1002 : start command "get_clocks -nowarn -of nets 21157008900096"
RUN-1002 : start command "get_ports clkr"
RUN-1002 : start command "get_nets  clkr  "
RUN-1002 : start command "get_clocks -nowarn -of nets 25696789331968"
RUN-1002 : start command "get_property -nowarn -max PERIOD "
RUN-1002 : start command "get_property -nowarn -max PERIOD "
RUN-1002 : start command "get_regs rd_to_wr_cross_inst/primary_addr_gray_reg[*]"
RUN-1002 : start command "get_regs rd_to_wr_cross_inst/sync_r1[*]"
RUN-1002 : start command "set_max_delay -from  -to  9.6999999999999993 -datapath_only"
RUN-1002 : start command "get_regs rd_to_wr_cross_inst/primary_addr_gray_reg[*]"
RUN-1002 : start command "get_regs rd_to_wr_cross_inst/sync_r1[*]"
RUN-1002 : start command "set_false_path -from  -to  -hold 9.6999999999999993"
USR-1002 : set_false_path -help -setup -hold -from <list> -rise_from <list> -fall_from <list> -to <list> -rise_to <list> -fall_to <list> -through <list>
RUN-1002 : start command "get_regs wr_to_rd_cross_inst/primary_addr_gray_reg[*]"
RUN-1002 : start command "get_regs wr_to_rd_cross_inst/sync_r1[*]"
RUN-1002 : start command "set_max_delay -from  -to  9.6999999999999993 -datapath_only"
RUN-1002 : start command "get_regs wr_to_rd_cross_inst/primary_addr_gray_reg[*]"
RUN-1002 : start command "get_regs wr_to_rd_cross_inst/sync_r1[*]"
RUN-1002 : start command "set_false_path -from  -to  -hold 9.6999999999999993"
USR-1002 : set_false_path -help -setup -hold -from <list> -rise_from <list> -fall_from <list> -to <list> -rise_to <list> -fall_to <list> -through <list>
RUN-1002 : start command "get_ports clkw"
RUN-1002 : start command "get_nets  clkw  "
RUN-1002 : start command "get_clocks -nowarn -of nets 31671088840704"
RUN-1002 : start command "get_ports clkr"
RUN-1002 : start command "get_nets  clkr  "
RUN-1002 : start command "get_clocks -nowarn -of nets 21157008900096"
RUN-1002 : start command "get_property -nowarn -max PERIOD "
RUN-1002 : start command "get_property -nowarn -max PERIOD "
RUN-1002 : start command "get_regs rd_to_wr_cross_inst/primary_addr_gray_reg[*]"
RUN-1002 : start command "get_regs rd_to_wr_cross_inst/sync_r1[*]"
RUN-1002 : start command "set_max_delay -from  -to  9.6999999999999993 -datapath_only"
RUN-1002 : start command "get_regs rd_to_wr_cross_inst/primary_addr_gray_reg[*]"
RUN-1002 : start command "get_regs rd_to_wr_cross_inst/sync_r1[*]"
RUN-1002 : start command "set_false_path -from  -to  -hold 9.6999999999999993"
USR-1002 : set_false_path -help -setup -hold -from <list> -rise_from <list> -fall_from <list> -to <list> -rise_to <list> -fall_to <list> -through <list>
RUN-1002 : start command "get_regs wr_to_rd_cross_inst/primary_addr_gray_reg[*]"
RUN-1002 : start command "get_regs wr_to_rd_cross_inst/sync_r1[*]"
RUN-1002 : start command "set_max_delay -from  -to  9.6999999999999993 -datapath_only"
RUN-1002 : start command "get_regs wr_to_rd_cross_inst/primary_addr_gray_reg[*]"
RUN-1002 : start command "get_regs wr_to_rd_cross_inst/sync_r1[*]"
RUN-1002 : start command "set_false_path -from  -to  -hold 9.6999999999999993"
USR-1002 : set_false_path -help -setup -hold -from <list> -rise_from <list> -fall_from <list> -to <list> -rise_to <list> -fall_to <list> -through <list>
RUN-1002 : start command "config_chipwatcher ../../A.cwc -dir "
RUN-1002 : start command "legalize_phy_inst"
SYN-1011 : Flatten model top
KIT-1004 : ChipWatcher: import watcher inst auto_chipwatcher_0 completed, there are 2 view nodes, 2 trigger nets, 2 data nets.
KIT-1004 : Chipwatcher code = 0001011011001111
RUN-1002 : start command "compile_watcher"
RUN-1002 : start command "read_verilog -no_sch -dir D:/Program/Anlogic/TD5.6.2/cw/ -file pic_sdram_watcherInst.sv -lib cw -top CW_TOP_WRAPPER"
HDL-1007 : analyze verilog file D:/Program/Anlogic/TD5.6.2/cw\bus_det.v
HDL-1007 : analyze verilog file D:/Program/Anlogic/TD5.6.2/cw\bus_top.sv
HDL-1007 : analyze verilog file D:/Program/Anlogic/TD5.6.2/cw\cfg_int.v
HDL-1007 : analyze verilog file D:/Program/Anlogic/TD5.6.2/cw\cwc_cfg_int.v
HDL-1007 : analyze verilog file D:/Program/Anlogic/TD5.6.2/cw\cwc_top.sv
HDL-1007 : analyze verilog file D:/Program/Anlogic/TD5.6.2/cw\detect_bus.v
HDL-1007 : analyze verilog file D:/Program/Anlogic/TD5.6.2/cw\detect_non_bus.v
HDL-1007 : analyze verilog file D:/Program/Anlogic/TD5.6.2/cw\emb_ctrl.v
HDL-1007 : analyze verilog file D:/Program/Anlogic/TD5.6.2/cw\register.v
HDL-1007 : analyze verilog file D:/Program/Anlogic/TD5.6.2/cw\tap.v
HDL-1007 : analyze verilog file D:/Program/Anlogic/TD5.6.2/cw\trigger.sv
HDL-1007 : analyze verilog file pic_sdram_watcherInst.sv
HDL-1007 : elaborate module CW_TOP_WRAPPER in pic_sdram_watcherInst.sv(1)
HDL-1007 : elaborate module cwc_top(BUS_NUM=2,BUS_DIN_NUM=2,BUS_CTRL_NUM=12,BUS_WIDTH='{32'sb01,32'sb01},BUS_DIN_POS='{32'sb0,32'sb01},BUS_CTRL_POS='{32'sb0,32'sb0110}) in D:/Program/Anlogic/TD5.6.2/cw\cwc_top.sv(21)
HDL-1007 : elaborate module cwc_cfg_int(CTRL_REG_LEN=34) in D:/Program/Anlogic/TD5.6.2/cw\cwc_cfg_int.v(21)
HDL-1007 : elaborate module register(CTRL_REG_LEN=34) in D:/Program/Anlogic/TD5.6.2/cw\register.v(21)
HDL-1007 : elaborate module tap in D:/Program/Anlogic/TD5.6.2/cw\tap.v(21)
HDL-1007 : elaborate module trigger(BUS_NUM=2,BUS_DIN_NUM=2,BUS_CTRL_NUM=12,BUS_WIDTH='{32'sb01,32'sb01},BUS_DIN_POS='{32'sb0,32'sb01},BUS_CTRL_POS='{32'sb0,32'sb0110}) in D:/Program/Anlogic/TD5.6.2/cw\trigger.sv(21)
HDL-1007 : elaborate module bus_top(BUS_NODE_NUM=2,BUS_DIN_NUM=2,BUS_CTRL_NUM=12,BUS_WIDTH='{32'sb01,32'sb01},BUS_DIN_POS='{32'sb0,32'sb01},BUS_CTRL_POS='{32'sb0,32'sb0110}) in D:/Program/Anlogic/TD5.6.2/cw\bus_top.sv(22)
HDL-1007 : elaborate module bus_det(BUS_WIDTH=32'sb01) in D:/Program/Anlogic/TD5.6.2/cw\bus_det.v(21)
HDL-1007 : elaborate module emb_ctrl in D:/Program/Anlogic/TD5.6.2/cw\emb_ctrl.v(21)
HDL-1200 : Current top model is CW_TOP_WRAPPER
HDL-1100 : Inferred 0 RAMs.
RUN-1002 : start command "force_keep -a auto_chipwatcher_0_logicbram"
RUN-1002 : start command "optimize_rtl -no_sch"
RUN-1001 : Open license file D:/Program/Anlogic/TD5.6.2/license/Anlogic.lic
RUN-1001 : Print Global Property
RUN-1001 : ---------------------------------------------------------------
RUN-1001 :        Parameters        |  Settings  |  Default Values  |  Note  
RUN-1001 : ---------------------------------------------------------------
RUN-1001 :          message         |  standard  |     standard     |        
RUN-1001 :   mixed_pack_place_flow  |     on     |        on        |        
RUN-1001 :        qor_monitor       |    off     |       off        |        
RUN-1001 :        syn_ip_flow       |    off     |       off        |        
RUN-1001 :          thread          |    auto    |       auto       |        
RUN-1001 : ---------------------------------------------------------------
RUN-1001 : Print Rtl Property
RUN-1001 : --------------------------------------------------------------
RUN-1001 :        Parameters       |  Settings  |  Default Values  |  Note  
RUN-1001 : --------------------------------------------------------------
RUN-1001 :       compress_add      |   ripple   |      ripple      |        
RUN-1001 :        elf_sload        |    off     |       off        |        
RUN-1001 :       fix_undriven      |     0      |        0         |        
RUN-1001 :         flatten         |    off     |       off        |        
RUN-1001 :       gate_sharing      |     on     |        on        |        
RUN-1001 :    hdl_warning_level    |   normal   |      normal      |        
RUN-1001 :   impl_internal_tribuf  |     on     |        on        |        
RUN-1001 :      impl_set_reset     |     on     |        on        |        
RUN-1001 :        infer_gsr        |    off     |       off        |        
RUN-1001 :      keep_hierarchy     |    auto    |       auto       |        
RUN-1001 :        max_fanout       |    9999    |       9999       |        
RUN-1001 :      max_oh2bin_len     |     10     |        10        |        
RUN-1001 :       merge_equal       |     on     |        on        |        
RUN-1001 :       merge_equiv       |     on     |        on        |        
RUN-1001 :        merge_mux        |    off     |       off        |        
RUN-1001 :     min_control_set     |     8      |        8         |        
RUN-1001 :      min_ripple_len     |    auto    |       auto       |        
RUN-1001 :       oh2bin_ratio      |    0.08    |       0.08       |        
RUN-1001 :     opt_adder_fanout    |     on     |        on        |        
RUN-1001 :        opt_arith        |     on     |        on        |        
RUN-1001 :       opt_big_gate      |    off     |       off        |        
RUN-1001 :        opt_const        |     on     |        on        |        
RUN-1001 :      opt_const_mult     |     on     |        on        |        
RUN-1001 :       opt_lessthan      |     on     |        on        |        
RUN-1001 :         opt_mux         |    off     |       off        |        
RUN-1001 :         opt_ram         |    high    |       high       |        
RUN-1001 :      rtl_sim_model      |    off     |       off        |        
RUN-1001 :         seq_syn         |     on     |        on        |        
RUN-1001 : --------------------------------------------------------------
SYN-1012 : SanityCheck: Model "top"
SYN-1012 : SanityCheck: Model "CW_TOP_WRAPPER"
SYN-1012 : SanityCheck: Model "cwc_top(BUS_NUM=2,BUS_DIN_NUM=2,BUS_CTRL_NUM=12,BUS_WIDTH='{32'sb01,32'sb01},BUS_DIN_POS='{32'sb0,32'sb01},BUS_CTRL_POS='{32'sb0,32'sb0110})"
SYN-1012 : SanityCheck: Model "cwc_cfg_int(CTRL_REG_LEN=34)"
SYN-1012 : SanityCheck: Model "register(CTRL_REG_LEN=34)"
SYN-1012 : SanityCheck: Model "tap"
SYN-1012 : SanityCheck: Model "trigger(BUS_NUM=2,BUS_DIN_NUM=2,BUS_CTRL_NUM=12,BUS_WIDTH='{32'sb01,32'sb01},BUS_DIN_POS='{32'sb0,32'sb01},BUS_CTRL_POS='{32'sb0,32'sb0110})"
SYN-1012 : SanityCheck: Model "bus_top(BUS_NODE_NUM=2,BUS_DIN_NUM=2,BUS_CTRL_NUM=12,BUS_WIDTH='{32'sb01,32'sb01},BUS_DIN_POS='{32'sb0,32'sb01},BUS_CTRL_POS='{32'sb0,32'sb0110})"
SYN-1012 : SanityCheck: Model "bus_det(BUS_WIDTH=32'sb01)"
SYN-1012 : SanityCheck: Model "emb_ctrl"
SYN-1011 : Flatten model top
SYN-1032 : 5780/8 useful/useless nets, 3442/6 useful/useless insts
SYN-1016 : Merged 17 instances.
SYN-1032 : 5644/20 useful/useless nets, 3656/16 useful/useless insts
SYN-1014 : Optimize round 1
SYN-1020 : Optimized 1 distributor mux.
SYN-1015 : Optimize round 1, 165 better
SYN-1014 : Optimize round 2
SYN-1015 : Optimize round 2, 0 better
SYN-1014 : Optimize round 1
SYN-1015 : Optimize round 1, 0 better
RUN-1002 : start command "optimize_gate -no_sch"
RUN-1001 : Open license file D:/Program/Anlogic/TD5.6.2/license/Anlogic.lic
RUN-1001 : Print Global Property
RUN-1001 : ---------------------------------------------------------------
RUN-1001 :        Parameters        |  Settings  |  Default Values  |  Note  
RUN-1001 : ---------------------------------------------------------------
RUN-1001 :          message         |  standard  |     standard     |        
RUN-1001 :   mixed_pack_place_flow  |     on     |        on        |        
RUN-1001 :        qor_monitor       |    off     |       off        |        
RUN-1001 :        syn_ip_flow       |    off     |       off        |        
RUN-1001 :          thread          |    auto    |       auto       |        
RUN-1001 : ---------------------------------------------------------------
RUN-1001 : Print Gate Property
RUN-1001 : ------------------------------------------------------------------
RUN-1001 :          Parameters         |  Settings  |  Default Values  |  Note  
RUN-1001 : ------------------------------------------------------------------
RUN-1001 :         cascade_dsp         |    off     |       off        |        
RUN-1001 :         cascade_eram        |    off     |       off        |        
RUN-1001 :        gate_sim_model       |    off     |       off        |        
RUN-1001 :        map_sim_model        |    off     |       off        |        
RUN-1001 :         map_strategy        |     1      |        1         |        
RUN-1001 :           opt_area          |   medium   |      medium      |        
RUN-1001 :          opt_timing         |    auto    |       auto       |        
RUN-1001 :         pack_effort         |   medium   |      medium      |        
RUN-1001 :      pack_lslice_ripple     |     on     |        on        |        
RUN-1001 :   pack_lslice_ripple_ratio  |    0.5     |       0.5        |        
RUN-1001 :        pack_seq_in_io       |    auto    |       auto       |        
RUN-1001 :        ph1_mux_ratio        |    1.0     |       1.0        |        
RUN-1001 :            report           |  standard  |     standard     |        
RUN-1001 :           retiming          |    off     |       off        |        
RUN-1001 : ------------------------------------------------------------------
SYN-2001 : Map 47 IOs to PADs
RUN-1002 : start command "update_pll_param -module top"
SYN-2501 : Processed 0 LOGIC_BUF instances.
SYN-2512 : LOGIC BRAM "auto_chipwatcher_0_logicbram"
SYN-2571 : Optimize after map_dsp, round 1
SYN-2571 : Optimize after map_dsp, round 1, 0 better
SYN-1001 : Throwback 3 control mux instances
SYN-2501 : Optimize round 1
SYN-2501 : Optimize round 1, 2 better
SYN-2501 : Optimize round 2
SYN-2501 : Optimize round 2, 0 better
SYN-2501 : Map 10 macro adder
SYN-1019 : Optimized 1 mux instances.
SYN-1016 : Merged 8 instances.
SYN-1032 : 5828/2 useful/useless nets, 3840/1 useful/useless insts
RUN-1002 : start command "start_timer -prepack"
TMR-2505 : Start building timing graph for model top.
TMR-2506 : Build timing graph completely. Port num: 22, tpin num: 19167, tnet num: 4420, tinst num: 3839, tnode num: 23488, tedge num: 30791.
TMR-2508 : Levelizing timing graph completed, there are 51 levels in total.
TMR-2501 : Timing graph initialized successfully.
TMR-2503 : Start to update net delay, extr mode = 2.
TMR-2504 : Update delay of 4420 nets completely.
TMR-2502 : Annotate delay completely, extr mode = 2.
TMR-3001 : Initiate 5 clocks from SDC.
TMR-3004 : Map sdc constraints, there are 8 constraints in total.
TMR-3003 : Constraints initiated successfully.
TMR-3501 : Forward propagation: start to calculate arrival time...
TMR-3502 : Backward propagation: start to calculate required time...
TMR-3503 : Timing propagation completes.
SYN-3001 : Running gate level optimization.
SYN-2581 : Mapping with K=5, #lut = 103 (4.19), #lev = 5 (2.40)
SYN-2551 : Post LUT mapping optimization.
SYN-2581 : Mapping with K=5, #lut = 103 (4.19), #lev = 5 (2.40)
SYN-3001 : Logic optimization runtime opt =   0.01 sec, map =   0.00 sec
SYN-3001 : Mapper mapped 283 instances into 103 LUTs, name keeping = 78%.
SYN-1001 : Packing model "top" ...
SYN-4010 : Pack lib has 58 rtl pack models with 25 top pack blocks
SYN-1014 : Optimize round 1
SYN-1015 : Optimize round 1, 0 better
SYN-4002 : Packing 164 DFF/LATCH to SEQ ...
SYN-4009 : Pack 5 carry chain into lslice
SYN-4007 : Packing 86 adder to BLE ...
SYN-4008 : Packed 86 adder and 0 SEQ to BLE.
SYN-4007 : Packing 0 gate4 to BLE ...
SYN-4008 : Packed 0 gate4 and 0 SEQ to BLE.
SYN-4012 : Packed 0 FxMUX
RUN-1002 : start command "legalize_phy_inst"
SYN-1011 : Flatten model top
KIT-1004 : Compile Chipwatcher: Clear obsolete physical data.
RUN-1003 : finish command "compile_watcher" in  1.305059s wall, 0.546875s user + 0.046875s system = 0.593750s CPU (45.5%)

RUN-1004 : used memory is 165 MB, reserved memory is 133 MB, peak memory is 211 MB
RUN-1002 : start command "place"
RUN-1001 : Open license file D:/Program/Anlogic/TD5.6.2/license/Anlogic.lic
RUN-1001 : Print Global Property
RUN-1001 : ---------------------------------------------------------------
RUN-1001 :        Parameters        |  Settings  |  Default Values  |  Note  
RUN-1001 : ---------------------------------------------------------------
RUN-1001 :          message         |  standard  |     standard     |        
RUN-1001 :   mixed_pack_place_flow  |     on     |        on        |        
RUN-1001 :        qor_monitor       |    off     |       off        |        
RUN-1001 :        syn_ip_flow       |    off     |       off        |        
RUN-1001 :          thread          |    auto    |       auto       |        
RUN-1001 : ---------------------------------------------------------------
RUN-1001 : Print Place Property
RUN-1001 : --------------------------------------------------------------
RUN-1001 :        Parameters       |  Settings  |  Default Values  |  Note  
RUN-1001 : --------------------------------------------------------------
RUN-1001 :      detailed_place     |     on     |        on        |        
RUN-1001 :          effort         |   medium   |      medium      |        
RUN-1001 :         fix_hold        |    off     |       off        |        
RUN-1001 :       legalization      |    ori     |       ori        |        
RUN-1001 :      new_spreading      |     on     |        on        |        
RUN-1001 :        opt_timing       |   medium   |      medium      |        
RUN-1001 :   post_clock_route_opt  |    off     |       off        |        
RUN-1001 :       pr_strategy       |     1      |        1         |        
RUN-1001 :        relaxation       |    1.00    |       1.00       |        
RUN-1001 :         retiming        |    off     |       off        |        
RUN-1001 : --------------------------------------------------------------
PHY-3001 : Placer runs in 16 thread(s).
RUN-1002 : start command "legalize_phy_inst"
SYN-1011 : Flatten model top
RUN-1002 : start command "phys_opt -simplify_lut"
SYN-4016 : Net frame_read_write_m0/write_buf/clkw driven by BUFG (488 clock/control pins, 1 other pins).
SYN-4016 : Net frame_read_write_m0/read_buf/clkr driven by BUFG (109 clock/control pins, 1 other pins).
SYN-4016 : Net config_inst_syn_10 driven by BUFG (87 clock/control pins, 0 other pins).
SYN-4027 : Net frame_read_write_m0/frame_fifo_read_m0/mem_clk is clkc1 of pll sys_pll_m0/pll_inst.
SYN-4027 : Net flash_write_read_m0/flash_cmd_m0/sys_clk is clkc2 of pll sys_pll_m0/pll_inst.
SYN-4019 : Net clk_dup_1 is refclk of pll sys_pll_m0/pll_inst.
SYN-4020 : Net clk_dup_1 is fbclk of pll sys_pll_m0/pll_inst.
SYN-4019 : Net clk_dup_1 is refclk of pll video_pll_m0/pll_inst.
SYN-4020 : Net clk_dup_1 is fbclk of pll video_pll_m0/pll_inst.
SYN-4025 : Tag rtl::Net clk_dup_1 as clock net
SYN-4025 : Tag rtl::Net config_inst_syn_10 as clock net
SYN-4025 : Tag rtl::Net flash_write_read_m0/flash_cmd_m0/sys_clk as clock net
SYN-4025 : Tag rtl::Net frame_read_write_m0/frame_fifo_read_m0/mem_clk as clock net
SYN-4025 : Tag rtl::Net frame_read_write_m0/read_buf/clkr as clock net
SYN-4025 : Tag rtl::Net frame_read_write_m0/write_buf/clkw as clock net
SYN-4026 : Tagged 6 rtl::Net as clock net
PHY-1001 : Populate physical database on model top.
RUN-1001 : There are total 3430 instances
RUN-0007 : 1617 luts, 992 seqs, 467 mslices, 243 lslices, 102 pads, 1 brams, 0 dsps
RUN-1001 : There are total 5418 nets
RUN-1001 : 3424 nets have 2 pins
RUN-1001 : 1655 nets have [3 - 5] pins
RUN-1001 : 146 nets have [6 - 10] pins
RUN-1001 : 109 nets have [11 - 20] pins
RUN-1001 : 67 nets have [21 - 99] pins
RUN-1001 : 17 nets have 100+ pins
RUN-1001 : Report Control nets information:
RUN-1001 : DFF Distribution
RUN-1001 : ----------------------------------
RUN-1001 :   CE   |  SSR  |  ASR  |  DFF Count  
RUN-1001 : ----------------------------------
RUN-1001 :   No   |  No   |  No   |      3      
RUN-1001 :   No   |  No   |  Yes  |     578     
RUN-1001 :   No   |  Yes  |  No   |      0      
RUN-1001 :   Yes  |  No   |  No   |     16      
RUN-1001 :   Yes  |  No   |  Yes  |     395     
RUN-1001 :   Yes  |  Yes  |  No   |      0      
RUN-1001 : ----------------------------------
RUN-0007 : Control Group Statistic
RUN-0007 : ---------------------------
RUN-0007 :   #CLK  |  #CE  |  #SSR/ASR  
RUN-0007 : ---------------------------
RUN-0007 :    6    |  27   |     11     
RUN-0007 : ---------------------------
RUN-0007 : Control Set = 44
PHY-3001 : Initial placement ...
PHY-3001 : design contains 3428 instances, 1617 luts, 992 seqs, 710 slices, 179 macros(710 instances: 467 mslices 243 lslices)
PHY-0007 : Cell area utilization is 15%
PHY-3001 : Start timing update ...
RUN-1002 : start command "start_timer -report"
TMR-2505 : Start building timing graph for model top.
TMR-2506 : Build timing graph completely. Port num: 22, tpin num: 18296, tnet num: 4008, tinst num: 3428, tnode num: 22525, tedge num: 29955.
TMR-2508 : Levelizing timing graph completed, there are 43 levels in total.
TMR-2501 : Timing graph initialized successfully.
TMR-2503 : Start to update net delay, extr mode = 2.
TMR-2504 : Update delay of 4008 nets completely.
TMR-2502 : Annotate delay completely, extr mode = 2.
TMR-3001 : Initiate 5 clocks from SDC.
TMR-3004 : Map sdc constraints, there are 8 constraints in total.
TMR-3003 : Constraints initiated successfully.
TMR-3501 : Forward propagation: start to calculate arrival time...
TMR-3502 : Backward propagation: start to calculate required time...
TMR-3503 : Timing propagation completes.
PHY-3001 : End timing update;  0.539681s wall, 0.218750s user + 0.000000s system = 0.218750s CPU (40.5%)

PHY-3001 : Global placement ...
PHY-3001 : Initial: Len = 878230
PHY-3001 : Clustering ...
PHY-3001 : Level 0 #clusters 3428.
PHY-3001 : End clustering;  0.000008s wall, 0.000000s user + 0.000000s system = 0.000000s CPU (n/a%)

PHY-3001 : Run with size of 4
PHY-3001 : Cell area utilization is 15%
PHY-3001 : :::0::: Try harder cell spreading with beta_ = 0
PHY-3002 : Step(1): len = 730287, overlap = 2.25
PHY-3002 : Step(2): len = 609259, overlap = 2.25
PHY-3002 : Step(3): len = 539827, overlap = 2.25
PHY-3002 : Step(4): len = 490287, overlap = 2.375
PHY-3002 : Step(5): len = 441274, overlap = 3.25
PHY-3002 : Step(6): len = 390381, overlap = 5.5625
PHY-3002 : Step(7): len = 349086, overlap = 5.125
PHY-3002 : Step(8): len = 318492, overlap = 10.625
PHY-3002 : Step(9): len = 273059, overlap = 24.9688
PHY-3002 : Step(10): len = 251501, overlap = 30.1562
PHY-3002 : Step(11): len = 221012, overlap = 30.3438
PHY-3002 : Step(12): len = 191078, overlap = 40.4062
PHY-3002 : Step(13): len = 170192, overlap = 57.0938
PHY-3002 : Step(14): len = 154123, overlap = 82.5938
PHY-3002 : Step(15): len = 138850, overlap = 96.625
PHY-3002 : Step(16): len = 129834, overlap = 105.344
PHY-3002 : Step(17): len = 121851, overlap = 109.031
PHY-3001 : :::1::: Try harder cell spreading with beta_ = 5.72558e-05
PHY-3002 : Step(18): len = 128276, overlap = 63.0312
PHY-3002 : Step(19): len = 129301, overlap = 66.1875
PHY-3002 : Step(20): len = 121975, overlap = 77.7812
PHY-3002 : Step(21): len = 119747, overlap = 91.125
PHY-3002 : Step(22): len = 113063, overlap = 120.062
PHY-3002 : Step(23): len = 108490, overlap = 131.25
PHY-3002 : Step(24): len = 105173, overlap = 130.75
PHY-3002 : Step(25): len = 103044, overlap = 118.219
PHY-3002 : Step(26): len = 100310, overlap = 97.4375
PHY-3002 : Step(27): len = 97164.2, overlap = 90.4062
PHY-3002 : Step(28): len = 95700.4, overlap = 87.1562
PHY-3002 : Step(29): len = 93239.6, overlap = 81.0312
PHY-3002 : Step(30): len = 91995.7, overlap = 88.625
PHY-3002 : Step(31): len = 90132.5, overlap = 81.9375
PHY-3002 : Step(32): len = 89405.6, overlap = 76.5938
PHY-3002 : Step(33): len = 87406.5, overlap = 75.1562
PHY-3002 : Step(34): len = 86109, overlap = 66.0625
PHY-3002 : Step(35): len = 85132.3, overlap = 58.1562
PHY-3002 : Step(36): len = 82820.5, overlap = 58.6875
PHY-3002 : Step(37): len = 82450.3, overlap = 59.0938
PHY-3002 : Step(38): len = 81525, overlap = 61.7812
PHY-3001 : :::2::: Try harder cell spreading with beta_ = 0.000114512
PHY-3002 : Step(39): len = 80469.9, overlap = 62.4062
PHY-3002 : Step(40): len = 80782.6, overlap = 63
PHY-3001 : :::3::: Try harder cell spreading with beta_ = 0.000229023
PHY-3002 : Step(41): len = 81123.5, overlap = 61.4688
PHY-3002 : Step(42): len = 81587.5, overlap = 60.5625
PHY-3002 : Step(43): len = 82132.2, overlap = 56.6562
PHY-3001 : Legalization ...
PHY-3001 : End legalization;  0.003187s wall, 0.000000s user + 0.000000s system = 0.000000s CPU (n/a%)

PHY-3001 : Run with size of 4
PHY-3001 : Cell area utilization is 19%
PHY-3001 : Update timing in Manhattan mode ...
TMR-2503 : Start to update net delay, extr mode = 3.
TMR-2504 : Update delay of 4008 nets completely.
TMR-2502 : Annotate delay completely, extr mode = 3.
TMR-3501 : Forward propagation: start to calculate arrival time...
TMR-3502 : Backward propagation: start to calculate required time...
TMR-3503 : Timing propagation completes.
PHY-3001 : End timing update;  0.110956s wall, 0.046875s user + 0.000000s system = 0.046875s CPU (42.2%)

PHY-3001 : :::0::: Try harder cell spreading with beta_ = 1.08221e-05
PHY-3002 : Step(44): len = 81629.4, overlap = 123.156
PHY-3002 : Step(45): len = 82362.9, overlap = 122.75
PHY-3002 : Step(46): len = 81119.9, overlap = 123.75
PHY-3002 : Step(47): len = 81147.6, overlap = 126.281
PHY-3002 : Step(48): len = 80164.3, overlap = 127.844
PHY-3002 : Step(49): len = 79988.8, overlap = 127.5
PHY-3002 : Step(50): len = 79680.8, overlap = 129.562
PHY-3002 : Step(51): len = 78811.1, overlap = 137.219
PHY-3002 : Step(52): len = 78951.6, overlap = 150.875
PHY-3002 : Step(53): len = 77619.7, overlap = 160.469
PHY-3002 : Step(54): len = 77533, overlap = 164.844
PHY-3002 : Step(55): len = 77216.8, overlap = 167.719
PHY-3002 : Step(56): len = 76131.3, overlap = 175.906
PHY-3002 : Step(57): len = 75950.5, overlap = 185.438
PHY-3002 : Step(58): len = 75968.2, overlap = 193.531
PHY-3002 : Step(59): len = 74837.9, overlap = 198.281
PHY-3002 : Step(60): len = 74324.7, overlap = 204.594
PHY-3002 : Step(61): len = 74224.1, overlap = 207.875
PHY-3001 : :::1::: Try harder cell spreading with beta_ = 2.16441e-05
PHY-3002 : Step(62): len = 73652.2, overlap = 209.844
PHY-3002 : Step(63): len = 73996.3, overlap = 209.781
PHY-3001 : :::2::: Try harder cell spreading with beta_ = 4.32883e-05
PHY-3002 : Step(64): len = 77420.2, overlap = 191.531
PHY-3002 : Step(65): len = 78295.4, overlap = 188.5
PHY-3002 : Step(66): len = 78749.8, overlap = 185.188
PHY-3002 : Step(67): len = 80476.5, overlap = 184.219
PHY-3002 : Step(68): len = 84355, overlap = 169.625
PHY-3002 : Step(69): len = 83807.3, overlap = 156.469
PHY-3002 : Step(70): len = 83885.8, overlap = 156.875
PHY-3002 : Step(71): len = 84121.5, overlap = 157.125
PHY-3001 : :::3::: Try harder cell spreading with beta_ = 8.65765e-05
PHY-3002 : Step(72): len = 84044.5, overlap = 154.531
PHY-3002 : Step(73): len = 84905, overlap = 155.531
PHY-3002 : Step(74): len = 87236.2, overlap = 152.281
PHY-3002 : Step(75): len = 86305.9, overlap = 150.5
PHY-3002 : Step(76): len = 86193.2, overlap = 142.281
PHY-3002 : Step(77): len = 86102.9, overlap = 140.531
PHY-3001 : :::4::: Try harder cell spreading with beta_ = 0.000173153
PHY-3002 : Step(78): len = 85689.4, overlap = 133
PHY-3002 : Step(79): len = 86561.6, overlap = 130.375
PHY-3002 : Step(80): len = 87727.9, overlap = 131.812
PHY-3001 : :::5::: Try harder cell spreading with beta_ = 0.000346306
PHY-3002 : Step(81): len = 88137.7, overlap = 131.125
PHY-3002 : Step(82): len = 89892.6, overlap = 125.188
PHY-3002 : Step(83): len = 91071.3, overlap = 107.531
PHY-3002 : Step(84): len = 89331.9, overlap = 108.594
PHY-3002 : Step(85): len = 88835.3, overlap = 111.281
PHY-3002 : Step(86): len = 88013.9, overlap = 108
PHY-3001 : :::6::: Try harder cell spreading with beta_ = 0.000692612
PHY-3002 : Step(87): len = 88857.3, overlap = 110.594
PHY-3002 : Step(88): len = 89641.1, overlap = 106.125
PHY-3002 : Step(89): len = 90675, overlap = 101.406
PHY-3001 : :::7::: Try harder cell spreading with beta_ = 0.00138522
PHY-3002 : Step(90): len = 90586.9, overlap = 93.0938
PHY-3002 : Step(91): len = 90797.1, overlap = 91.9375
PHY-3002 : Step(92): len = 91768.3, overlap = 90
PHY-3002 : Step(93): len = 91929.4, overlap = 85.4375
PHY-3002 : Step(94): len = 91018.1, overlap = 84.9688
PHY-3001 : :::8::: Try harder cell spreading with beta_ = 0.00277045
PHY-3002 : Step(95): len = 91109.6, overlap = 84.3125
PHY-3002 : Step(96): len = 90934.2, overlap = 82.6562
PHY-3001 : :::9::: Try harder cell spreading with beta_ = 0.0055409
PHY-3002 : Step(97): len = 90918.6, overlap = 83.75
PHY-3002 : Step(98): len = 90902.8, overlap = 84.125
PHY-3001 : :::10::: Try harder cell spreading with beta_ = 0.00896517
PHY-3002 : Step(99): len = 90928.7, overlap = 83.375
PHY-3002 : Step(100): len = 91020.9, overlap = 83.3438
PHY-3001 : :::11::: Try harder cell spreading with beta_ = 0.0179303
PHY-3002 : Step(101): len = 91146.3, overlap = 84.25
PHY-3002 : Step(102): len = 91237.4, overlap = 85.4062
PHY-3001 : Run with size of 2
PHY-3001 : Cell area utilization is 19%
PHY-3001 : Update timing in Manhattan mode ...
TMR-2503 : Start to update net delay, extr mode = 3.
TMR-2504 : Update delay of 4008 nets completely.
TMR-2502 : Annotate delay completely, extr mode = 3.
TMR-3501 : Forward propagation: start to calculate arrival time...
TMR-3502 : Backward propagation: start to calculate required time...
TMR-3503 : Timing propagation completes.
PHY-3001 : End timing update;  0.095224s wall, 0.046875s user + 0.000000s system = 0.046875s CPU (49.2%)

PHY-3001 : :::0::: Try harder cell spreading with beta_ = 6.32708e-05
PHY-3002 : Step(103): len = 94222.3, overlap = 174.219
PHY-3002 : Step(104): len = 96811.6, overlap = 155.094
PHY-3002 : Step(105): len = 95011.3, overlap = 149
PHY-3002 : Step(106): len = 94689.3, overlap = 152
PHY-3002 : Step(107): len = 92081.5, overlap = 158.781
PHY-3002 : Step(108): len = 91013.6, overlap = 160.594
PHY-3002 : Step(109): len = 90173, overlap = 156.438
PHY-3001 : :::1::: Try harder cell spreading with beta_ = 0.000126542
PHY-3002 : Step(110): len = 90929.8, overlap = 140.844
PHY-3002 : Step(111): len = 91595.4, overlap = 136.812
PHY-3002 : Step(112): len = 91430.5, overlap = 128.969
PHY-3001 : :::2::: Try harder cell spreading with beta_ = 0.000253083
PHY-3002 : Step(113): len = 93184, overlap = 119.906
PHY-3002 : Step(114): len = 93596.7, overlap = 120.688
PHY-3002 : Step(115): len = 93601.2, overlap = 118.188
PHY-3001 : :::3::: Try harder cell spreading with beta_ = 0.000506166
PHY-3002 : Step(116): len = 94865.5, overlap = 114.438
PHY-3002 : Step(117): len = 95757.7, overlap = 109.312
PHY-3002 : Step(118): len = 96046.7, overlap = 110.219
PHY-3001 : :::4::: Try harder cell spreading with beta_ = 0.00101233
PHY-3002 : Step(119): len = 96301.4, overlap = 102.75
PHY-3002 : Step(120): len = 96596.6, overlap = 102.531
PHY-3001 : :::5::: Try harder cell spreading with beta_ = 0.00202467
PHY-3002 : Step(121): len = 97063.7, overlap = 105.281
PHY-3002 : Step(122): len = 97703.7, overlap = 99.7188
PHY-3002 : Step(123): len = 97993.8, overlap = 98.875
PHY-3001 : :::6::: Try harder cell spreading with beta_ = 0.00404933
PHY-3002 : Step(124): len = 98138.6, overlap = 98.75
PHY-3002 : Step(125): len = 98417.7, overlap = 96.625
PHY-3001 : :::7::: Try harder cell spreading with beta_ = 0.00655601
PHY-3002 : Step(126): len = 98634.2, overlap = 91.0938
PHY-3002 : Step(127): len = 99005.8, overlap = 91.2188
PHY-3001 : :::8::: Try harder cell spreading with beta_ = 0.0124317
PHY-3002 : Step(128): len = 99222.8, overlap = 91.9375
PHY-3002 : Step(129): len = 99796.2, overlap = 86.9688
PHY-3001 : :::9::: Try harder cell spreading with beta_ = 0.0243484
PHY-3002 : Step(130): len = 99886.3, overlap = 87.875
PHY-3002 : Step(131): len = 99981.8, overlap = 87.4375
PHY-3001 : :::10::: Try harder cell spreading with beta_ = 0.0393958
PHY-3002 : Step(132): len = 100061, overlap = 87.875
PHY-3002 : Step(133): len = 100251, overlap = 88.9062
PHY-3001 : :::11::: Try harder cell spreading with beta_ = 0.0637424
PHY-3002 : Step(134): len = 100265, overlap = 88.9375
PHY-3002 : Step(135): len = 100346, overlap = 89.9062
OPT-1001 : Start physical optimization ...
RUN-1002 : start command "start_timer -report"
TMR-2505 : Start building timing graph for model top.
TMR-2506 : Build timing graph completely. Port num: 22, tpin num: 18296, tnet num: 4008, tinst num: 3428, tnode num: 22525, tedge num: 29955.
TMR-2508 : Levelizing timing graph completed, there are 43 levels in total.
TMR-2501 : Timing graph initialized successfully.
OPT-1001 : Total overflow 267.31 peak overflow 4.19
OPT-1001 : Start high-fanout net optimization ...
OPT-1001 : Update timing in global mode
PHY-1001 : Start incremental global routing, caller is place ...
RUN-1001 : Generating global routing grids ...
RUN-1001 : Building simple global routing graph ...
PHY-1001 : Generate routing nets ...
PHY-1001 : Reuse net number 0/5418.
PHY-1001 : Global iterations in 16 thread ...
PHY-1002 : len = 128264, over cnt = 493(1%), over = 2388, worst = 40
PHY-1001 : End global iterations;  0.165565s wall, 0.046875s user + 0.000000s system = 0.046875s CPU (28.3%)

PHY-1001 : Congestion index: top1 = 47.07, top5 = 34.79, top10 = 27.86, top15 = 23.13.
PHY-1001 : End incremental global routing;  0.223464s wall, 0.046875s user + 0.000000s system = 0.046875s CPU (21.0%)

TMR-2503 : Start to update net delay, extr mode = 5.
TMR-2504 : Update delay of 4008 nets completely.
TMR-2502 : Annotate delay completely, extr mode = 5.
TMR-3001 : Initiate 5 clocks from SDC.
TMR-3004 : Map sdc constraints, there are 8 constraints in total.
TMR-3003 : Constraints initiated successfully.
TMR-3501 : Forward propagation: start to calculate arrival time...
TMR-3502 : Backward propagation: start to calculate required time...
TMR-3503 : Timing propagation completes.
OPT-1001 : End timing update;  0.109703s wall, 0.062500s user + 0.000000s system = 0.062500s CPU (57.0%)

OPT-1001 : 4 high-fanout net processed.
PHY-3001 : Start incremental placement ...
PHY-1001 : Populate physical database on model top.
PHY-3001 : Initial placement ...
PHY-3001 : eco special cells: 1 has valid locations, 0 needs to be replaced
PHY-3001 : eco pad cells: 102 has valid locations, 0 needs to be replaced
PHY-3001 : eco cells: 3316 has valid locations, 24 needs to be replaced
PHY-3001 : design contains 3448 instances, 1617 luts, 1012 seqs, 710 slices, 179 macros(710 instances: 467 mslices 243 lslices)
PHY-3001 : Global placement ...
PHY-3001 : Initial: Len = 101300
PHY-3001 : Run with size of 4
PHY-3001 : Cell area utilization is 19%
PHY-3001 : Update timing in Manhattan mode ...
RUN-1002 : start command "start_timer -report"
TMR-2505 : Start building timing graph for model top.
TMR-2506 : Build timing graph completely. Port num: 22, tpin num: 18392, tnet num: 4028, tinst num: 3448, tnode num: 22697, tedge num: 30107.
TMR-2508 : Levelizing timing graph completed, there are 43 levels in total.
TMR-2501 : Timing graph initialized successfully.
TMR-2503 : Start to update net delay, extr mode = 3.
TMR-2504 : Update delay of 4028 nets completely.
TMR-2502 : Annotate delay completely, extr mode = 3.
TMR-3001 : Initiate 5 clocks from SDC.
TMR-3004 : Map sdc constraints, there are 8 constraints in total.
TMR-3003 : Constraints initiated successfully.
TMR-3501 : Forward propagation: start to calculate arrival time...
TMR-3502 : Backward propagation: start to calculate required time...
TMR-3503 : Timing propagation completes.
PHY-3001 : End timing update;  0.624174s wall, 0.296875s user + 0.015625s system = 0.312500s CPU (50.1%)

PHY-3001 : :::0::: Try harder cell spreading with beta_ = 0
PHY-3002 : Step(136): len = 101187, overlap = 1.5
PHY-3002 : Step(137): len = 101138, overlap = 1.5
PHY-3002 : Step(138): len = 101177, overlap = 1.5
PHY-3002 : Step(139): len = 101164, overlap = 1.5
PHY-3001 : Run with size of 2
PHY-3001 : Cell area utilization is 19%
PHY-3001 : Update timing in Manhattan mode ...
TMR-2503 : Start to update net delay, extr mode = 3.
TMR-2504 : Update delay of 4028 nets completely.
TMR-2502 : Annotate delay completely, extr mode = 3.
TMR-3501 : Forward propagation: start to calculate arrival time...
TMR-3502 : Backward propagation: start to calculate required time...
TMR-3503 : Timing propagation completes.
PHY-3001 : End timing update;  0.101858s wall, 0.015625s user + 0.000000s system = 0.015625s CPU (15.3%)

PHY-3001 : :::0::: Try harder cell spreading with beta_ = 0
PHY-3002 : Step(140): len = 101179, overlap = 89.8438
PHY-3002 : Step(141): len = 101179, overlap = 89.8438
PHY-3001 : Final: Len = 101179, Over = 89.8438
PHY-3001 : End incremental placement;  0.856012s wall, 0.328125s user + 0.031250s system = 0.359375s CPU (42.0%)

OPT-1001 : Total overflow 267.44 peak overflow 4.19
OPT-1001 : End high-fanout net optimization;  1.256610s wall, 0.515625s user + 0.031250s system = 0.546875s CPU (43.5%)

OPT-1001 : Current memory(MB): used = 272, reserve = 240, peak = 273.
OPT-1001 : Start global optimization ...
OPT-1001 : Start congestion update ...
RUN-1001 : Generating global routing grids ...
PHY-1001 : Generate routing nets ...
PHY-1001 : Reuse net number 3542/5438.
PHY-1001 : Global iterations in 16 thread ...
PHY-1002 : len = 129176, over cnt = 493(1%), over = 2351, worst = 40
PHY-1002 : len = 146856, over cnt = 371(1%), over = 1116, worst = 27
PHY-1002 : len = 159024, over cnt = 139(0%), over = 351, worst = 20
PHY-1002 : len = 164248, over cnt = 54(0%), over = 86, worst = 12
PHY-1002 : len = 166184, over cnt = 0(0%), over = 0, worst = 0
PHY-1001 : End global iterations;  0.221673s wall, 0.062500s user + 0.000000s system = 0.062500s CPU (28.2%)

PHY-1001 : Congestion index: top1 = 42.41, top5 = 33.90, top10 = 28.77, top15 = 25.16.
OPT-1001 : End congestion update;  0.273144s wall, 0.062500s user + 0.000000s system = 0.062500s CPU (22.9%)

OPT-1001 : Update timing in Manhattan mode
TMR-2503 : Start to update net delay, extr mode = 3.
TMR-2504 : Update delay of 4028 nets completely.
TMR-2502 : Annotate delay completely, extr mode = 3.
TMR-3501 : Forward propagation: start to calculate arrival time...
TMR-3502 : Backward propagation: start to calculate required time...
TMR-3503 : Timing propagation completes.
OPT-1001 : End timing update;  0.088998s wall, 0.031250s user + 0.000000s system = 0.031250s CPU (35.1%)

OPT-0007 : Start: WNS 872 TNS 0 NUM_FEPS 0
OPT-0007 : Iter 1: improved WNS 872 TNS 0 NUM_FEPS 0 with 12 cells processed and 766 slack improved
OPT-0007 : Iter 2: improved WNS 872 TNS 0 NUM_FEPS 0 with 5 cells processed and 100 slack improved
OPT-0007 : Iter 3: improved WNS 872 TNS 0 NUM_FEPS 0 with 1 cells processed and 100 slack improved
OPT-0007 : Iter 4: improved WNS 872 TNS 0 NUM_FEPS 0 with 1 cells processed and 100 slack improved
OPT-0007 : Iter 5: improved WNS 872 TNS 0 NUM_FEPS 0 with 4 cells processed and 100 slack improved
OPT-1001 : End global optimization;  0.369153s wall, 0.093750s user + 0.000000s system = 0.093750s CPU (25.4%)

OPT-1001 : Current memory(MB): used = 273, reserve = 240, peak = 273.
OPT-1001 : End physical optimization;  2.222606s wall, 0.828125s user + 0.031250s system = 0.859375s CPU (38.7%)

PHY-3001 : Start packing ...
SYN-4007 : Packing 0 MUX to BLE ...
SYN-4008 : Packed 0 MUX and 0 SEQ to BLE.
SYN-4007 : Packing 1617 LUT to BLE ...
SYN-4008 : Packed 1617 LUT and 632 SEQ to BLE.
SYN-4003 : Packing 380 remaining SEQ's ...
SYN-4005 : Packed 222 SEQ with LUT/SLICE
SYN-4006 : 788 single LUT's are left
SYN-4006 : 158 single SEQ's are left
SYN-4011 : Packing model "top" (AL_USER_NORMAL) with 1775/2724 primitive instances ...
PHY-3001 : End packing;  0.094780s wall, 0.046875s user + 0.000000s system = 0.046875s CPU (49.5%)

PHY-1001 : Populate physical database on model top.
RUN-1001 : There are total 1780 instances
RUN-1001 : 834 mslices, 835 lslices, 102 pads, 1 brams, 0 dsps
RUN-1001 : There are total 4864 nets
RUN-1001 : 2861 nets have 2 pins
RUN-1001 : 1640 nets have [3 - 5] pins
RUN-1001 : 146 nets have [6 - 10] pins
RUN-1001 : 122 nets have [11 - 20] pins
RUN-1001 : 82 nets have [21 - 99] pins
RUN-1001 : 13 nets have 100+ pins
PHY-3001 : design contains 1778 instances, 1669 slices, 179 macros(710 instances: 467 mslices 243 lslices)
PHY-3001 : Cell area utilization is 21%
PHY-3001 : After packing: Len = 100966, Over = 117
PHY-3001 : Run with size of 2
PHY-3001 : Cell area utilization is 21%
PHY-3001 : Update timing in Manhattan mode ...
RUN-1002 : start command "start_timer -report"
TMR-2505 : Start building timing graph for model top.
TMR-2506 : Build timing graph completely. Port num: 22, tpin num: 16467, tnet num: 3454, tinst num: 1778, tnode num: 19829, tedge num: 27964.
TMR-2508 : Levelizing timing graph completed, there are 41 levels in total.
TMR-2501 : Timing graph initialized successfully.
TMR-2503 : Start to update net delay, extr mode = 3.
TMR-2504 : Update delay of 3454 nets completely.
TMR-2502 : Annotate delay completely, extr mode = 3.
TMR-3001 : Initiate 5 clocks from SDC.
TMR-3004 : Map sdc constraints, there are 8 constraints in total.
TMR-3003 : Constraints initiated successfully.
TMR-3501 : Forward propagation: start to calculate arrival time...
TMR-3502 : Backward propagation: start to calculate required time...
TMR-3503 : Timing propagation completes.
PHY-3001 : End timing update;  0.639326s wall, 0.312500s user + 0.015625s system = 0.328125s CPU (51.3%)

PHY-3001 : :::0::: Try harder cell spreading with beta_ = 7.86322e-05
PHY-3002 : Step(142): len = 98459.2, overlap = 120
PHY-3002 : Step(143): len = 96671.3, overlap = 131.5
PHY-3002 : Step(144): len = 95728.1, overlap = 131.5
PHY-3002 : Step(145): len = 95062.9, overlap = 128
PHY-3002 : Step(146): len = 95213, overlap = 127.75
PHY-3002 : Step(147): len = 94987.4, overlap = 127.75
PHY-3001 : :::1::: Try harder cell spreading with beta_ = 0.000157264
PHY-3002 : Step(148): len = 97770.8, overlap = 121.75
PHY-3002 : Step(149): len = 99278.9, overlap = 119.5
PHY-3002 : Step(150): len = 99017.7, overlap = 116.5
PHY-3001 : :::2::: Try harder cell spreading with beta_ = 0.000314529
PHY-3002 : Step(151): len = 102947, overlap = 108
PHY-3002 : Step(152): len = 106873, overlap = 101.75
PHY-3002 : Step(153): len = 106824, overlap = 94.25
PHY-3002 : Step(154): len = 106451, overlap = 95.25
PHY-3002 : Step(155): len = 106465, overlap = 97.25
PHY-3001 : Legalization ...
PHY-3001 : End legalization;  0.191891s wall, 0.000000s user + 0.000000s system = 0.000000s CPU (n/a%)

PHY-3001 : Trial Legalized: Len = 135181
PHY-3001 : Run with size of 2
PHY-3001 : Cell area utilization is 20%
PHY-3001 : Update timing in Manhattan mode ...
TMR-2503 : Start to update net delay, extr mode = 3.
TMR-2504 : Update delay of 3454 nets completely.
TMR-2502 : Annotate delay completely, extr mode = 3.
TMR-3501 : Forward propagation: start to calculate arrival time...
TMR-3502 : Backward propagation: start to calculate required time...
TMR-3503 : Timing propagation completes.
PHY-3001 : End timing update;  0.089242s wall, 0.000000s user + 0.000000s system = 0.000000s CPU (n/a%)

PHY-3001 : :::0::: Try harder cell spreading with beta_ = 0.000729091
PHY-3002 : Step(156): len = 125481, overlap = 12.5
PHY-3002 : Step(157): len = 120786, overlap = 25
PHY-3002 : Step(158): len = 117715, overlap = 32.25
PHY-3002 : Step(159): len = 115051, overlap = 38.5
PHY-3002 : Step(160): len = 113641, overlap = 40.75
PHY-3002 : Step(161): len = 113029, overlap = 43.75
PHY-3002 : Step(162): len = 112440, overlap = 43.5
PHY-3001 : :::1::: Try harder cell spreading with beta_ = 0.00145818
PHY-3002 : Step(163): len = 113023, overlap = 43
PHY-3002 : Step(164): len = 113653, overlap = 41
PHY-3002 : Step(165): len = 113877, overlap = 39.75
PHY-3001 : :::2::: Try harder cell spreading with beta_ = 0.00282707
PHY-3002 : Step(166): len = 114250, overlap = 38.75
PHY-3002 : Step(167): len = 114650, overlap = 38
PHY-3001 : Legalization ...
PHY-3001 : End legalization;  0.004710s wall, 0.000000s user + 0.000000s system = 0.000000s CPU (n/a%)

PHY-3001 : Legalized: Len = 123935, Over = 0
PHY-3001 : Spreading special nets. 30 overflows in 2952 tiles.
PHY-3001 : End spreading;  0.007835s wall, 0.000000s user + 0.000000s system = 0.000000s CPU (n/a%)

PHY-3001 : 41 instances has been re-located, deltaX = 15, deltaY = 29, maxDist = 2.
PHY-3001 : Final: Len = 124533, Over = 0
OPT-1001 : Start physical optimization ...
RUN-1002 : start command "start_timer -report"
TMR-2505 : Start building timing graph for model top.
TMR-2506 : Build timing graph completely. Port num: 22, tpin num: 16467, tnet num: 3454, tinst num: 1778, tnode num: 19829, tedge num: 27964.
TMR-2508 : Levelizing timing graph completed, there are 41 levels in total.
TMR-2501 : Timing graph initialized successfully.
OPT-1001 : Total overflow 0.00 peak overflow 0.00
OPT-1001 : Start high-fanout net optimization ...
OPT-1001 : Update timing in global mode
PHY-1001 : Start incremental global routing, caller is place ...
RUN-1001 : Generating global routing grids ...
PHY-1001 : Generate routing nets ...
PHY-1001 : Reuse net number 83/4864.
PHY-1001 : Global iterations in 16 thread ...
PHY-1002 : len = 159264, over cnt = 424(1%), over = 814, worst = 7
PHY-1002 : len = 163232, over cnt = 235(0%), over = 322, worst = 5
PHY-1002 : len = 165080, over cnt = 98(0%), over = 135, worst = 5
PHY-1002 : len = 166160, over cnt = 26(0%), over = 35, worst = 5
PHY-1002 : len = 166592, over cnt = 0(0%), over = 0, worst = 0
PHY-1001 : End global iterations;  0.303274s wall, 0.109375s user + 0.000000s system = 0.109375s CPU (36.1%)

PHY-1001 : Congestion index: top1 = 32.18, top5 = 27.05, top10 = 23.97, top15 = 21.64.
PHY-1001 : End incremental global routing;  0.377919s wall, 0.156250s user + 0.000000s system = 0.156250s CPU (41.3%)

TMR-2503 : Start to update net delay, extr mode = 5.
TMR-2504 : Update delay of 3454 nets completely.
TMR-2502 : Annotate delay completely, extr mode = 5.
TMR-3001 : Initiate 5 clocks from SDC.
TMR-3004 : Map sdc constraints, there are 8 constraints in total.
TMR-3003 : Constraints initiated successfully.
TMR-3501 : Forward propagation: start to calculate arrival time...
TMR-3502 : Backward propagation: start to calculate required time...
TMR-3503 : Timing propagation completes.
OPT-1001 : End timing update;  0.107409s wall, 0.062500s user + 0.000000s system = 0.062500s CPU (58.2%)

OPT-1001 : 1 high-fanout net processed.
PHY-3001 : Start incremental placement ...
PHY-1001 : Populate physical database on model top.
PHY-3001 : Initial placement ...
PHY-3001 : eco special cells: 1 has valid locations, 0 needs to be replaced
PHY-3001 : eco pad cells: 102 has valid locations, 0 needs to be replaced
PHY-3001 : eco cells: 1669 has valid locations, 4 needs to be replaced
PHY-3001 : design contains 1781 instances, 1672 slices, 179 macros(710 instances: 467 mslices 243 lslices)
PHY-3001 : Global placement ...
PHY-3001 : Initial: Len = 125370
PHY-3001 : Run with size of 4
PHY-3001 : Cell area utilization is 21%
PHY-3001 : Update timing in Manhattan mode ...
RUN-1002 : start command "start_timer -report"
TMR-2505 : Start building timing graph for model top.
TMR-2506 : Build timing graph completely. Port num: 22, tpin num: 16505, tnet num: 3456, tinst num: 1781, tnode num: 19876, tedge num: 28012.
TMR-2508 : Levelizing timing graph completed, there are 41 levels in total.
TMR-2501 : Timing graph initialized successfully.
TMR-2503 : Start to update net delay, extr mode = 3.
TMR-2504 : Update delay of 3456 nets completely.
TMR-2502 : Annotate delay completely, extr mode = 3.
TMR-3001 : Initiate 5 clocks from SDC.
TMR-3004 : Map sdc constraints, there are 8 constraints in total.
TMR-3003 : Constraints initiated successfully.
TMR-3501 : Forward propagation: start to calculate arrival time...
TMR-3502 : Backward propagation: start to calculate required time...
TMR-3503 : Timing propagation completes.
PHY-3001 : End timing update;  0.645641s wall, 0.296875s user + 0.000000s system = 0.296875s CPU (46.0%)

PHY-3001 : :::0::: Try harder cell spreading with beta_ = 0
PHY-3002 : Step(168): len = 124870, overlap = 0
PHY-3002 : Step(169): len = 124777, overlap = 0
PHY-3002 : Step(170): len = 124715, overlap = 0
PHY-3001 : Run with size of 2
PHY-3001 : Cell area utilization is 21%
PHY-3001 : Update timing in Manhattan mode ...
TMR-2503 : Start to update net delay, extr mode = 3.
TMR-2504 : Update delay of 3456 nets completely.
TMR-2502 : Annotate delay completely, extr mode = 3.
TMR-3501 : Forward propagation: start to calculate arrival time...
TMR-3502 : Backward propagation: start to calculate required time...
TMR-3503 : Timing propagation completes.
PHY-3001 : End timing update;  0.095122s wall, 0.062500s user + 0.000000s system = 0.062500s CPU (65.7%)

PHY-3001 : :::0::: Try harder cell spreading with beta_ = 0.00022628
PHY-3002 : Step(171): len = 124719, overlap = 0.5
PHY-3002 : Step(172): len = 124700, overlap = 0.5
PHY-3001 : Legalization ...
PHY-3001 : End legalization;  0.003527s wall, 0.000000s user + 0.000000s system = 0.000000s CPU (n/a%)

PHY-3001 : Legalized: Len = 124876, Over = 0
PHY-3001 : End spreading;  0.006287s wall, 0.000000s user + 0.000000s system = 0.000000s CPU (n/a%)

PHY-3001 : Final: Len = 124876, Over = 0
PHY-3001 : End incremental placement;  0.863304s wall, 0.375000s user + 0.000000s system = 0.375000s CPU (43.4%)

OPT-1001 : Total overflow 0.00 peak overflow 0.00
OPT-1001 : End high-fanout net optimization;  1.418519s wall, 0.609375s user + 0.000000s system = 0.609375s CPU (43.0%)

OPT-1001 : Current memory(MB): used = 283, reserve = 251, peak = 283.
OPT-1001 : Start path based optimization ...
OPT-1001 : Start congestion update ...
RUN-1001 : Generating global routing grids ...
PHY-1001 : Generate routing nets ...
PHY-1001 : Reuse net number 3014/4866.
PHY-1001 : Global iterations in 16 thread ...
PHY-1002 : len = 166896, over cnt = 10(0%), over = 15, worst = 6
PHY-1002 : len = 166920, over cnt = 8(0%), over = 8, worst = 1
PHY-1002 : len = 167032, over cnt = 0(0%), over = 0, worst = 0
PHY-1001 : End global iterations;  0.042039s wall, 0.000000s user + 0.000000s system = 0.000000s CPU (n/a%)

PHY-1001 : Congestion index: top1 = 32.28, top5 = 27.07, top10 = 24.01, top15 = 21.68.
OPT-1001 : End congestion update;  0.106820s wall, 0.031250s user + 0.000000s system = 0.031250s CPU (29.3%)

OPT-1001 : Update timing in Manhattan mode
TMR-2503 : Start to update net delay, extr mode = 3.
TMR-2504 : Update delay of 3456 nets completely.
TMR-2502 : Annotate delay completely, extr mode = 3.
TMR-3501 : Forward propagation: start to calculate arrival time...
TMR-3502 : Backward propagation: start to calculate required time...
TMR-3503 : Timing propagation completes.
OPT-1001 : End timing update;  0.086480s wall, 0.015625s user + 0.000000s system = 0.015625s CPU (18.1%)

OPT-0007 : Start: WNS 972 TNS 0 NUM_FEPS 0
PHY-3001 : Start incremental legalization ...
PHY-1001 : Populate physical database on model top.
PHY-3001 : Initial placement ...
PHY-3001 : eco special cells: 1 has valid locations, 0 needs to be replaced
PHY-3001 : eco pad cells: 102 has valid locations, 0 needs to be replaced
PHY-3001 : eco cells: 1673 has valid locations, 0 needs to be replaced
PHY-3001 : design contains 1781 instances, 1672 slices, 179 macros(710 instances: 467 mslices 243 lslices)
PHY-3001 : Cell area utilization is 21%
PHY-3001 : Initial: Len = 125229, Over = 0
PHY-3001 : Spreading special nets. 3 overflows in 2952 tiles.
PHY-3001 : End spreading;  0.006737s wall, 0.000000s user + 0.000000s system = 0.000000s CPU (n/a%)

PHY-3001 : 3 instances has been re-located, deltaX = 2, deltaY = 3, maxDist = 2.
PHY-3001 : Final: Len = 125167, Over = 0
PHY-3001 : End incremental legalization;  0.066483s wall, 0.015625s user + 0.000000s system = 0.015625s CPU (23.5%)

OPT-0007 : Iter 1: improved WNS 972 TNS 0 NUM_FEPS 0 with 5 cells processed and 600 slack improved
OPT-0007 : Iter 2: improved WNS 972 TNS 0 NUM_FEPS 0 with 0 cells processed and 0 slack improved
OPT-1001 : End path based optimization;  0.277987s wall, 0.062500s user + 0.000000s system = 0.062500s CPU (22.5%)

OPT-1001 : Current memory(MB): used = 283, reserve = 251, peak = 283.
OPT-1001 : Update timing in Manhattan mode
TMR-2503 : Start to update net delay, extr mode = 3.
TMR-2504 : Update delay of 3456 nets completely.
TMR-2502 : Annotate delay completely, extr mode = 3.
TMR-3501 : Forward propagation: start to calculate arrival time...
TMR-3502 : Backward propagation: start to calculate required time...
TMR-3503 : Timing propagation completes.
OPT-1001 : End timing update;  0.086897s wall, 0.031250s user + 0.000000s system = 0.031250s CPU (36.0%)

OPT-1001 : Start pin optimization...
OPT-1001 : skip pin optimization...
RUN-1001 : Generating global routing grids ...
PHY-1001 : Generate routing nets ...
PHY-1001 : Reuse net number 3001/4866.
PHY-1001 : Global iterations in 16 thread ...
PHY-1002 : len = 167408, over cnt = 12(0%), over = 12, worst = 1
PHY-1002 : len = 167424, over cnt = 6(0%), over = 6, worst = 1
PHY-1002 : len = 167448, over cnt = 2(0%), over = 2, worst = 1
PHY-1002 : len = 167480, over cnt = 0(0%), over = 0, worst = 0
PHY-1001 : End global iterations;  0.069957s wall, 0.000000s user + 0.000000s system = 0.000000s CPU (n/a%)

PHY-1001 : Congestion index: top1 = 32.26, top5 = 27.09, top10 = 24.06, top15 = 21.74.
OPT-1001 : Update timing in Manhattan mode
TMR-2503 : Start to update net delay, extr mode = 3.
TMR-2504 : Update delay of 3456 nets completely.
TMR-2502 : Annotate delay completely, extr mode = 3.
TMR-3501 : Forward propagation: start to calculate arrival time...
TMR-3502 : Backward propagation: start to calculate required time...
TMR-3503 : Timing propagation completes.
OPT-1001 : End timing update;  0.084874s wall, 0.031250s user + 0.000000s system = 0.031250s CPU (36.8%)

RUN-1001 : QoR Analysis:
OPT-0007 :   WNS 972 TNS 0 NUM_FEPS 0
RUN-1001 :   No local congestion issue, and most congested 1% tile average routing util is 31.862069
RUN-1001 :   Top critical paths
RUN-1001 :       #1 path slack 972ps with logic level 2 
OPT-1001 : End physical optimization;  2.575545s wall, 0.968750s user + 0.000000s system = 0.968750s CPU (37.6%)

RUN-1003 : finish command "place" in  10.152589s wall, 3.328125s user + 0.375000s system = 3.703125s CPU (36.5%)

RUN-1004 : used memory is 264 MB, reserved memory is 231 MB, peak memory is 283 MB
RUN-1002 : start command "export_db pic_sdram_place.db"
RUN-1001 : Exported /
RUN-1001 : Exported flow parameters
RUN-1001 : Exported libs
RUN-1001 : Exported entities
RUN-1001 : Exported ports
RUN-1001 : Exported pins
RUN-1001 : Exported instances
RUN-1001 : Exported nets
RUN-1001 : Exported buses
RUN-1001 : Exported models
RUN-1001 : Exported congestions
RUN-1001 : Exported violations
RUN-1001 : Exported timing constraints
RUN-1001 : Exported IO constraints
RUN-1001 : Exported Inst constraints
RUN-1001 : Exported ChipWatcher
RUN-1002 : start command "route"
RUN-1001 : Open license file D:/Program/Anlogic/TD5.6.2/license/Anlogic.lic
RUN-1001 : Print Global Property
RUN-1001 : ---------------------------------------------------------------
RUN-1001 :        Parameters        |  Settings  |  Default Values  |  Note  
RUN-1001 : ---------------------------------------------------------------
RUN-1001 :          message         |  standard  |     standard     |        
RUN-1001 :   mixed_pack_place_flow  |     on     |        on        |        
RUN-1001 :        qor_monitor       |    off     |       off        |        
RUN-1001 :        syn_ip_flow       |    off     |       off        |        
RUN-1001 :          thread          |    auto    |       auto       |        
RUN-1001 : ---------------------------------------------------------------
RUN-1001 : Print Route Property
RUN-1001 : -------------------------------------------------------
RUN-1001 :    Parameters    |  Settings  |  Default Values  |  Note  
RUN-1001 : -------------------------------------------------------
RUN-1001 :      effort      |   medium   |      medium      |        
RUN-1001 :     fix_hold     |    off     |       off        |        
RUN-1001 :    opt_timing    |   medium   |      medium      |        
RUN-1001 :   phy_sim_model  |    off     |       off        |        
RUN-1001 :     priority     |   timing   |      timing      |        
RUN-1001 :     swap_pin     |     on     |        on        |        
RUN-1001 : -------------------------------------------------------
PHY-1001 : Route runs in 16 thread(s)
RUN-1001 : There are total 1783 instances
RUN-1001 : 834 mslices, 838 lslices, 102 pads, 1 brams, 0 dsps
RUN-1001 : There are total 4866 nets
RUN-1001 : 2861 nets have 2 pins
RUN-1001 : 1640 nets have [3 - 5] pins
RUN-1001 : 143 nets have [6 - 10] pins
RUN-1001 : 126 nets have [11 - 20] pins
RUN-1001 : 83 nets have [21 - 99] pins
RUN-1001 : 13 nets have 100+ pins
RUN-1002 : start command "start_timer -report"
TMR-2505 : Start building timing graph for model top.
TMR-2506 : Build timing graph completely. Port num: 22, tpin num: 16505, tnet num: 3456, tinst num: 1781, tnode num: 19876, tedge num: 28012.
TMR-2508 : Levelizing timing graph completed, there are 41 levels in total.
TMR-2501 : Timing graph initialized successfully.
PHY-1001 : 834 mslices, 838 lslices, 102 pads, 1 brams, 0 dsps
TMR-2503 : Start to update net delay, extr mode = 3.
TMR-2504 : Update delay of 3456 nets completely.
TMR-2502 : Annotate delay completely, extr mode = 3.
TMR-3001 : Initiate 5 clocks from SDC.
TMR-3004 : Map sdc constraints, there are 8 constraints in total.
TMR-3003 : Constraints initiated successfully.
TMR-3501 : Forward propagation: start to calculate arrival time...
TMR-3502 : Backward propagation: start to calculate required time...
TMR-3503 : Timing propagation completes.
PHY-1001 : Start global routing, caller is route ...
RUN-1001 : Generating global routing grids ...
PHY-1001 : Generate routing nets ...
PHY-1001 : Global iterations in 16 thread ...
PHY-1002 : len = 158384, over cnt = 418(1%), over = 835, worst = 7
PHY-1002 : len = 162672, over cnt = 230(0%), over = 328, worst = 5
PHY-1002 : len = 165840, over cnt = 31(0%), over = 37, worst = 3
PHY-1002 : len = 166272, over cnt = 0(0%), over = 0, worst = 0
PHY-1001 : End global iterations;  0.269043s wall, 0.062500s user + 0.000000s system = 0.062500s CPU (23.2%)

PHY-1001 : Congestion index: top1 = 32.18, top5 = 27.12, top10 = 24.10, top15 = 21.70.
PHY-1001 : End global routing;  0.337701s wall, 0.078125s user + 0.000000s system = 0.078125s CPU (23.1%)

PHY-1001 : Start detail routing ...
PHY-1001 : Current memory(MB): used = 308, reserve = 276, peak = 313.
PHY-1001 : Detailed router is running in normal mode.
PHY-1001 : Generate detailed routing grids ...
PHY-1001 : Generate nets ...
PHY-1001 : net clk_dup_1 will be routed on clock mesh
PHY-1001 : net flash_write_read_m0/flash_cmd_m0/sys_clk will be routed on clock mesh
PHY-1001 : net frame_read_write_m0/frame_fifo_read_m0/mem_clk will be routed on clock mesh
PHY-1001 : clock net frame_read_write_m0/read_buf/clkr will be merged with clock video_pll_m0/clk0_buf
PHY-1001 : clock net frame_read_write_m0/write_buf/clkw will be merged with clock sys_pll_m0/clk0_buf
PHY-1001 : clock net config_inst_syn_10 will be merged with clock config_inst_syn_9
PHY-1001 : Current memory(MB): used = 561, reserve = 532, peak = 561.
PHY-1001 : End build detailed router design. 2.580138s wall, 0.859375s user + 0.015625s system = 0.875000s CPU (33.9%)

PHY-1001 : Detail Route ...
PHY-1001 : ===== Detail Route Phase 1 =====
PHY-1001 : Clock net routing.....
PHY-1001 : Routed 0% nets.
PHY-1022 : len = 57968, over cnt = 0(0%), over = 0, worst = 0, crit = 0
PHY-1001 : End initial clock net routed; 1.232603s wall, 0.593750s user + 0.000000s system = 0.593750s CPU (48.2%)

PHY-1001 : Current memory(MB): used = 593, reserve = 566, peak = 593.
PHY-1001 : End phase 1; 1.238213s wall, 0.593750s user + 0.000000s system = 0.593750s CPU (48.0%)

PHY-1001 : ===== Detail Route Phase 2 =====
PHY-1001 : Initial routing.....
PHY-1001 : Routed 26% nets.
PHY-1001 : Routed 32% nets.
PHY-1001 : Routed 40% nets.
PHY-1001 : Routed 50% nets.
PHY-1001 : Routed 64% nets.
PHY-1022 : len = 612328, over cnt = 120(0%), over = 120, worst = 1, crit = 0
PHY-1001 : Current memory(MB): used = 595, reserve = 567, peak = 595.
PHY-1001 : End initial routed; 4.253315s wall, 1.578125s user + 0.000000s system = 1.578125s CPU (37.1%)

PHY-1001 : Update timing.....
PHY-1001 : 2/3134(0%) critical/total net(s).
RUN-1001 : --------------------------------------
RUN-1001 :   Type   |  WNS(ns)  |  TNS(ns)  |  FEP  
RUN-1001 : --------------------------------------
RUN-1001 :   Setup  |  -0.356   |  -0.356   |   1   
RUN-1001 :   Hold   |  -0.614   |  -1.457   |   3   
RUN-1001 : --------------------------------------
PHY-1001 : End update timing; 0.694829s wall, 0.281250s user + 0.000000s system = 0.281250s CPU (40.5%)

PHY-1001 : Current memory(MB): used = 598, reserve = 570, peak = 598.
PHY-1001 : End phase 2; 4.948199s wall, 1.859375s user + 0.000000s system = 1.859375s CPU (37.6%)

PHY-1001 : ===== Detail Route Phase 3 =====
PHY-1001 : Optimize timing.....
PHY-1001 : ===== OPT Iter 1 =====
PHY-1001 : Processed 2 pins with SWNS -0.221ns STNS -0.221ns FEP 1.
PHY-1001 : End OPT Iter 1; 0.020168s wall, 0.000000s user + 0.000000s system = 0.000000s CPU (n/a%)

PHY-1022 : len = 612344, over cnt = 121(0%), over = 121, worst = 1, crit = 0
PHY-1001 : End optimize timing; 0.057442s wall, 0.000000s user + 0.000000s system = 0.000000s CPU (n/a%)

PHY-1001 : Ripup-reroute.....
PHY-1001 : ===== DR Iter 1 =====
PHY-1022 : len = 609744, over cnt = 33(0%), over = 33, worst = 1, crit = 0
PHY-1001 : End DR Iter 1; 0.074029s wall, 0.015625s user + 0.000000s system = 0.015625s CPU (21.1%)

PHY-1001 : ===== DR Iter 2 =====
PHY-1022 : len = 609824, over cnt = 1(0%), over = 1, worst = 1, crit = 0
PHY-1001 : End DR Iter 2; 0.048132s wall, 0.015625s user + 0.000000s system = 0.015625s CPU (32.5%)

PHY-1001 : ===== DR Iter 3 =====
PHY-1022 : len = 609808, over cnt = 0(0%), over = 0, worst = 0, crit = 0
PHY-1001 : End DR Iter 3; 0.028083s wall, 0.015625s user + 0.000000s system = 0.015625s CPU (55.6%)

PHY-1001 : Update timing.....
PHY-1001 : 2/3134(0%) critical/total net(s).
RUN-1001 : --------------------------------------
RUN-1001 :   Type   |  WNS(ns)  |  TNS(ns)  |  FEP  
RUN-1001 : --------------------------------------
RUN-1001 :   Setup  |  -0.221   |  -0.221   |   1   
RUN-1001 :   Hold   |  -0.614   |  -1.457   |   3   
RUN-1001 : --------------------------------------
PHY-1001 : End update timing; 0.693866s wall, 0.171875s user + 0.000000s system = 0.171875s CPU (24.8%)

PHY-1001 : Commit to database.....
PHY-1001 : 19 feed throughs used by 19 nets
PHY-1001 : End commit to database; 0.359635s wall, 0.156250s user + 0.000000s system = 0.156250s CPU (43.4%)

PHY-1001 : Current memory(MB): used = 623, reserve = 596, peak = 623.
PHY-1001 : End phase 3; 1.385023s wall, 0.390625s user + 0.000000s system = 0.390625s CPU (28.2%)

PHY-1001 : ===== Detail Route Phase 4 =====
PHY-1001 : Optimize timing.....
PHY-1001 : ===== OPT Iter 1 =====
PHY-1001 : Processed 2 pins with SWNS -0.221ns STNS -0.221ns FEP 1.
PHY-1001 : End OPT Iter 1; 0.022758s wall, 0.000000s user + 0.000000s system = 0.000000s CPU (n/a%)

PHY-1022 : len = 609808, over cnt = 0(0%), over = 0, worst = 0, crit = 0
PHY-1001 : End optimize timing; 0.048786s wall, 0.015625s user + 0.000000s system = 0.015625s CPU (32.0%)

PHY-0007 : Phase: 4; Congestion: {, , , }; Timing: {-0.221ns, -0.221ns, 1}
PHY-1001 : Update timing.....
PHY-1001 : 2/3134(0%) critical/total net(s).
RUN-1001 : --------------------------------------
RUN-1001 :   Type   |  WNS(ns)  |  TNS(ns)  |  FEP  
RUN-1001 : --------------------------------------
RUN-1001 :   Setup  |  -0.221   |  -0.221   |   1   
RUN-1001 :   Hold   |  -0.614   |  -1.457   |   3   
RUN-1001 : --------------------------------------
PHY-1001 : End update timing; 0.703318s wall, 0.296875s user + 0.000000s system = 0.296875s CPU (42.2%)

PHY-1001 : Commit to database.....
PHY-1001 : 19 feed throughs used by 19 nets
PHY-1001 : End commit to database; 0.375248s wall, 0.109375s user + 0.015625s system = 0.125000s CPU (33.3%)

PHY-1001 : Current memory(MB): used = 626, reserve = 599, peak = 626.
PHY-1001 : End phase 4; 1.129347s wall, 0.421875s user + 0.015625s system = 0.437500s CPU (38.7%)

PHY-1003 : Routed, final wirelength = 609808
PHY-1001 : Current memory(MB): used = 626, reserve = 599, peak = 626.
PHY-1001 : End export database. 0.011597s wall, 0.000000s user + 0.000000s system = 0.000000s CPU (n/a%)

PHY-1001 : End detail routing;  11.459006s wall, 4.218750s user + 0.031250s system = 4.250000s CPU (37.1%)

RUN-1003 : finish command "route" in  12.460933s wall, 4.593750s user + 0.031250s system = 4.625000s CPU (37.1%)

RUN-1004 : used memory is 596 MB, reserved memory is 572 MB, peak memory is 626 MB
RUN-1002 : start command "report_area -io_info -file pic_sdram_phy.area"
RUN-1001 : standard
***Report Model: top Device: EG4S20BG256***

IO Statistics
#IO                        47
  #input                    6
  #output                  37
  #inout                    4

Utilization Statistics
#lut                     3099   out of  19600   15.81%
#reg                     1042   out of  19600    5.32%
#le                      3257
  #lut only              2215   out of   3257   68.01%
  #reg only               158   out of   3257    4.85%
  #lut&reg                884   out of   3257   27.14%
#dsp                        0   out of     29    0.00%
#bram                       1   out of     64    1.56%
  #bram9k                   1
  #fifo9k                   0
#bram32k                    0   out of     16    0.00%
#pad                       47   out of    188   25.00%
  #ireg                     1
  #oreg                    40
  #treg                     1
#pll                        2   out of      4   50.00%
#gclk                       3   out of     16   18.75%

Clock Resource Statistics
Index     ClockNet                                          Type               DriverType         Driver                         Fanout
#1        sys_pll_m0/clk0_buf                               GCLK               pll                sys_pll_m0/pll_inst.clkc0      333
#2        frame_read_write_m0/frame_fifo_read_m0/mem_clk    GCLK               pll                sys_pll_m0/pll_inst.clkc1      272
#3        video_pll_m0/clk0_buf                             GCLK               pll                video_pll_m0/pll_inst.clkc0    85
#4        clk_dup_1                                         GCLK               io                 clk_syn_2.di                   71
#5        config_inst_syn_9                                 GCLK               config             config_inst.jtck               52
#6        flash_write_read_m0/flash_cmd_m0/sys_clk          GCLK               pll                sys_pll_m0/pll_inst.clkc2      41


Detailed IO Report

       Name         Direction    Location    IOStandard    DriveStrength    PullType     PackReg   
       clk            INPUT         R7        LVCMOS33          N/A           NONE        NONE     
       key1           INPUT         B2        LVCMOS33          N/A           NONE        IREG     
       key2           INPUT         B1        LVCMOS33          N/A           NONE        NONE     
      rst_n           INPUT         A2        LVCMOS33          N/A           NONE        NONE     
     sd_miso          INPUT        B14        LVCMOS33          N/A           NONE        NONE     
     switch1          INPUT         C8        LVCMOS33          N/A           NONE        NONE     
    flash_cs_n       OUTPUT         P8        LVCMOS33           8            NONE        OREG     
    flash_sck        OUTPUT         M9        LVCMOS33           8            NONE        OREG     
     sd_dclk         OUTPUT        A14        LVCMOS33           8            NONE        OREG     
     sd_mosi         OUTPUT        A13        LVCMOS33           8            NONE        OREG     
      sd_ncs         OUTPUT        A12        LVCMOS33           8            NONE        OREG     
   seg_data[7]       OUTPUT         A6        LVCMOS33           8            NONE        NONE     
   seg_data[6]       OUTPUT         A7        LVCMOS33           8            NONE        OREG     
   seg_data[5]       OUTPUT         A8        LVCMOS33           8            NONE        OREG     
   seg_data[4]       OUTPUT         B5        LVCMOS33           8            NONE        OREG     
   seg_data[3]       OUTPUT         A5        LVCMOS33           8            NONE        OREG     
   seg_data[2]       OUTPUT         B6        LVCMOS33           8            NONE        OREG     
   seg_data[1]       OUTPUT        C16        LVCMOS33           8            NONE        OREG     
   seg_data[0]       OUTPUT        C15        LVCMOS33           8            NONE        OREG     
    seg_sel[5]       OUTPUT        D11        LVCMOS33           8            NONE        OREG     
    seg_sel[4]       OUTPUT        E11        LVCMOS33           8            NONE        OREG     
    seg_sel[3]       OUTPUT        F10        LVCMOS33           8            NONE        OREG     
    seg_sel[2]       OUTPUT        C13        LVCMOS33           8            NONE        OREG     
    seg_sel[1]       OUTPUT        E10        LVCMOS33           8            NONE        OREG     
    seg_sel[0]       OUTPUT        E12        LVCMOS33           8            NONE        OREG     
   vga_out_b[4]      OUTPUT         D5        LVCMOS33           8            NONE        OREG     
   vga_out_b[3]      OUTPUT         D6        LVCMOS33           8            NONE        OREG     
   vga_out_b[2]      OUTPUT         E6        LVCMOS33           8            NONE        OREG     
   vga_out_b[1]      OUTPUT         F6        LVCMOS33           8            NONE        OREG     
   vga_out_b[0]      OUTPUT        H16        LVCMOS25           8            N/A         OREG     
   vga_out_g[5]      OUTPUT         N6        LVCMOS33           8            NONE        OREG     
   vga_out_g[4]      OUTPUT         N5        LVCMOS33           8            NONE        OREG     
   vga_out_g[3]      OUTPUT         P5        LVCMOS33           8            NONE        OREG     
   vga_out_g[2]      OUTPUT         T5        LVCMOS33           8            NONE        OREG     
   vga_out_g[1]      OUTPUT        F14        LVCMOS25           8            N/A         OREG     
   vga_out_g[0]      OUTPUT         A4        LVCMOS33           8            N/A         OREG     
    vga_out_hs       OUTPUT         E7        LVCMOS33           8            NONE        OREG     
   vga_out_r[4]      OUTPUT        E13        LVCMOS33           8            NONE        OREG     
   vga_out_r[3]      OUTPUT         L8        LVCMOS33           8            NONE        OREG     
   vga_out_r[2]      OUTPUT         L7        LVCMOS33           8            NONE        OREG     
   vga_out_r[1]      OUTPUT         R5        LVCMOS33           8            NONE        OREG     
   vga_out_r[0]      OUTPUT         H5        LVCMOS33           8            N/A         OREG     
    vga_out_vs       OUTPUT         F7        LVCMOS33           8            NONE        OREG     
  flash_qspi_IO0      INOUT         P7        LVCMOS33           8            NONE      OREG;TREG  
  flash_qspi_IO1      INOUT         N8        LVCMOS33           8            NONE        OREG     
  flash_qspi_IO2      INOUT         P9        LVCMOS33           8            NONE        OREG     
  flash_qspi_IO3      INOUT         R9        LVCMOS33           8            NONE        OREG     
      dq[23]          INPUT        S31        LVCMOS25           8           PULLUP       NONE     
      dq[22]          INPUT        S32        LVCMOS25           8           PULLUP       NONE     
      dq[21]          INPUT        S35        LVCMOS25           8           PULLUP       NONE     
      dq[20]          INPUT        S36        LVCMOS25           8           PULLUP       NONE     
      dq[19]          INPUT        S37        LVCMOS25           8           PULLUP       NONE     
      dq[18]          INPUT        S38        LVCMOS25           8           PULLUP       NONE     
      dq[17]          INPUT        S41        LVCMOS25           8           PULLUP       NONE     
      dq[16]          INPUT        S42        LVCMOS25           8           PULLUP       NONE     
      dq[31]          INPUT        S48        LVCMOS25           8           PULLUP       NONE     
      dq[30]          INPUT        S49        LVCMOS25           8           PULLUP       NONE     
      dq[29]          INPUT        S52        LVCMOS25           8           PULLUP       NONE     
      dq[28]          INPUT        S53        LVCMOS25           8           PULLUP       NONE     
      dq[27]          INPUT        S54        LVCMOS25           8           PULLUP       NONE     
      dq[26]          INPUT        S55        LVCMOS25           8           PULLUP       NONE     
      dq[25]          INPUT        S58        LVCMOS25           8           PULLUP       NONE     
      dq[24]          INPUT        S59        LVCMOS25           8           PULLUP       NONE     
       dm0           OUTPUT        S14        LVCMOS25           8            NONE        NONE     
       cke           OUTPUT        S18        LVCMOS25           8            NONE        OREG     
       we_n          OUTPUT        S19        LVCMOS25           8            NONE        OREG     
      cas_n          OUTPUT        S20        LVCMOS25           8            NONE        OREG     
      ras_n          OUTPUT        S21        LVCMOS25           8            NONE        OREG     
       cs_n          OUTPUT        S22        LVCMOS25           8            NONE        OREG     
     addr[9]         OUTPUT        S23        LVCMOS25           8            NONE        OREG     
     addr[8]         OUTPUT        S24        LVCMOS25           8            NONE        OREG     
     addr[7]         OUTPUT        S25        LVCMOS25           8            NONE        OREG     
     addr[6]         OUTPUT        S26        LVCMOS25           8            NONE        OREG     
     addr[5]         OUTPUT        S27        LVCMOS25           8            NONE        OREG     
     addr[4]         OUTPUT        S28        LVCMOS25           8            NONE        OREG     
       dm2           OUTPUT        S29        LVCMOS25           8            NONE        NONE     
       dm3           OUTPUT        S61        LVCMOS25           8            NONE        NONE     
     addr[3]         OUTPUT        S64        LVCMOS25           8            NONE        OREG     
     addr[2]         OUTPUT        S65        LVCMOS25           8            NONE        OREG     
     addr[1]         OUTPUT        S66        LVCMOS25           8            NONE        OREG     
     addr[0]         OUTPUT        S67        LVCMOS25           8            NONE        OREG     
     addr[10]        OUTPUT        S68        LVCMOS25           8            NONE        OREG     
      ba[0]          OUTPUT        S69        LVCMOS25           8            NONE        OREG     
      ba[1]          OUTPUT        S70        LVCMOS25           8            NONE        OREG     
       clk           OUTPUT        S73        LVCMOS25           8            NONE        NONE     
       dm1           OUTPUT        S76        LVCMOS25           8            NONE        NONE     
      dq[0]           INOUT         S1        LVCMOS25           8           PULLUP       IREG     
      dq[6]           INOUT        S11        LVCMOS25           8           PULLUP       IREG     
      dq[7]           INOUT        S12        LVCMOS25           8           PULLUP       IREG     
      dq[1]           INOUT         S2        LVCMOS25           8           PULLUP       IREG     
      dq[2]           INOUT         S5        LVCMOS25           8           PULLUP       IREG     
      dq[3]           INOUT         S6        LVCMOS25           8           PULLUP       IREG     
      dq[4]           INOUT         S7        LVCMOS25           8           PULLUP       IREG     
      dq[8]           INOUT        S78        LVCMOS25           8           PULLUP       IREG     
      dq[9]           INOUT        S79        LVCMOS25           8           PULLUP       IREG     
      dq[5]           INOUT         S8        LVCMOS25           8           PULLUP       IREG     
      dq[10]          INOUT        S82        LVCMOS25           8           PULLUP       IREG     
      dq[11]          INOUT        S83        LVCMOS25           8           PULLUP       IREG     
      dq[12]          INOUT        S84        LVCMOS25           8           PULLUP       IREG     
      dq[13]          INOUT        S85        LVCMOS25           8           PULLUP       IREG     
      dq[14]          INOUT        S88        LVCMOS25           8           PULLUP       IREG     
      dq[15]          INOUT        S89        LVCMOS25           8           PULLUP       IREG     

Report Hierarchy Area:
+-----------------------------------------------------------------------------------------------------------------------------------------+
|Instance                            |Module                                         |le     |lut     |ripple  |seq     |bram    |dsp     |
+-----------------------------------------------------------------------------------------------------------------------------------------+
|top                                 |top                                            |3257   |2773    |326     |1084    |1       |0       |
|  flash_write_read_m0               |flash_write_read                               |102    |96      |6       |58      |0       |0       |
|    Qspi_master_m0                  |Qspi_master                                    |27     |27      |0       |17      |0       |0       |
|    flash_cmd_m0                    |flash_cmd                                      |75     |69      |6       |41      |0       |0       |
|      flash_step_m0                 |flash_step                                     |55     |49      |6       |25      |0       |0       |
|  frame_read_write_m0               |frame_read_write                               |1510   |1390    |84      |291     |0       |0       |
|    frame_fifo_read_m0              |frame_fifo_read                                |81     |63      |17      |37      |0       |0       |
|    frame_fifo_write_m0             |frame_fifo_write                               |73     |55      |17      |32      |0       |0       |
|    read_buf                        |afifo_16_256                                   |680    |642     |25      |112     |0       |0       |
|      ram_inst                      |ram_infer_afifo_16_256                         |538    |538     |0       |23      |0       |0       |
|      rd_to_wr_cross_inst           |fifo_cross_domain_addr_process_al_afifo_16_256 |24     |15      |0       |24      |0       |0       |
|      wr_to_rd_cross_inst           |fifo_cross_domain_addr_process_al_afifo_16_256 |34     |30      |0       |34      |0       |0       |
|    write_buf                       |afifo_16_256                                   |676    |630     |25      |110     |0       |0       |
|      ram_inst                      |ram_infer_afifo_16_256                         |544    |544     |0       |26      |0       |0       |
|      rd_to_wr_cross_inst           |fifo_cross_domain_addr_process_al_afifo_16_256 |28     |13      |0       |28      |0       |0       |
|      wr_to_rd_cross_inst           |fifo_cross_domain_addr_process_al_afifo_16_256 |29     |24      |0       |29      |0       |0       |
|  sd_card_bmp_m0                    |sd_card_bmp                                    |922    |794     |91      |381     |0       |0       |
|    ax_debounce_m0                  |ax_debounce                                    |63     |54      |9       |35      |0       |0       |
|    bmp_read_m0                     |bmp_read                                       |275    |195     |55      |165     |0       |0       |
|    sd_card_top_m0                  |sd_card_top                                    |584    |545     |27      |181     |0       |0       |
|      sd_card_cmd_m0                |sd_card_cmd                                    |348    |326     |22      |55      |0       |0       |
|      sd_card_sec_read_write_m0     |sd_card_sec_read_write                         |170    |158     |0       |85      |0       |0       |
|      spi_master_m0                 |spi_master                                     |66     |61      |5       |41      |0       |0       |
|  sdram_m0                          |sdram                                          |0      |0       |0       |0       |0       |0       |
|  seg_scan_m0                       |seg_scan                                       |78     |56      |22      |25      |0       |0       |
|  sys_pll_m0                        |sys_pll                                        |0      |0       |0       |0       |0       |0       |
|  u_sdram_controller                |sdram_controller                               |269    |202     |46      |91      |0       |0       |
|    u_sdram_cmd                     |sdram_cmd                                      |66     |66      |0       |23      |0       |0       |
|    u_sdram_ctrl                    |sdram_ctrl                                     |187    |133     |46      |52      |0       |0       |
|    u_sdram_data                    |sdram_data                                     |16     |3       |0       |16      |0       |0       |
|  video_pll_m0                      |video_pll                                      |0      |0       |0       |0       |0       |0       |
|  video_timing_data_m0              |video_timing_data                              |64     |53      |8       |33      |0       |0       |
|    color_bar_m0                    |color_bar                                      |45     |35      |8       |29      |0       |0       |
|  cw_top                            |CW_TOP_WRAPPER                                 |310    |180     |69      |162     |0       |0       |
|    wrapper_cwc_top                 |cwc_top                                        |310    |180     |69      |162     |0       |0       |
|      cfg_int_inst                  |cwc_cfg_int                                    |91     |44      |0       |83      |0       |0       |
|        reg_inst                    |register                                       |89     |42      |0       |81      |0       |0       |
|        tap_inst                    |tap                                            |2      |2       |0       |2       |0       |0       |
|      trigger_inst                  |trigger                                        |219    |136     |69      |79      |0       |0       |
|        bus_inst                    |bus_top                                        |3      |2       |0       |3       |0       |0       |
|          BUS_DETECTOR[0]$bus_nodes |bus_det                                        |3      |2       |0       |3       |0       |0       |
|        emb_ctrl_inst               |emb_ctrl                                       |128    |91      |37      |53      |0       |0       |
+-----------------------------------------------------------------------------------------------------------------------------------------+


DataNet Average Fanout:

   Index     Fanout     Nets  
    #1          1       2814  
    #2          2       1268  
    #3          3       208   
    #4          4       164   
    #5        5-10      163   
    #6        11-50     173   
    #7       51-100      12   
    #8       101-500     9    
  Average     3.00            

RUN-1002 : start command "export_db pic_sdram_pr.db"
RUN-1001 : Exported /
RUN-1001 : Exported flow parameters
RUN-1001 : Exported libs
RUN-1001 : Exported entities
RUN-1001 : Exported ports
RUN-1001 : Exported pins
RUN-1001 : Exported instances
RUN-1001 : Exported nets
RUN-1001 : Exported buses
RUN-1001 : Exported models
RUN-1001 : Exported congestions
RUN-1001 : Exported violations
RUN-1001 : Exported timing constraints
RUN-1001 : Exported IO constraints
RUN-1001 : Exported Inst constraints
RUN-1001 : Exported ChipWatcher
RUN-1002 : start command "start_timer"
TMR-2505 : Start building timing graph for model top.
TMR-2506 : Build timing graph completely. Port num: 22, tpin num: 16505, tnet num: 3456, tinst num: 1781, tnode num: 19876, tedge num: 28012.
TMR-2508 : Levelizing timing graph completed, there are 41 levels in total.
TMR-2501 : Timing graph initialized successfully.
RUN-1002 : start command "report_timing -mode FINAL -net_info -rpt_autogen true -file pic_sdram_phy.timing"
TMR-2503 : Start to update net delay, extr mode = 6.
TMR-2504 : Update delay of 3456 nets completely.
TMR-2502 : Annotate delay completely, extr mode = 6.
TMR-3001 : Initiate 5 clocks from SDC.
TMR-3004 : Map sdc constraints, there are 8 constraints in total.
TMR-3003 : Constraints initiated successfully.
TMR-3501 : Forward propagation: start to calculate arrival time...
TMR-3502 : Backward propagation: start to calculate required time...
TMR-3503 : Timing propagation completes.
TMR-3506 : Start to generate timing report.
TMR-1502 : Number of clock constraints = 5. Number of clock nets = 6 (1 unconstrainted).
TMR-5009 WARNING: No clock constraint on 1 clock net(s): 
		config_inst_syn_10
TMR-3508 : Export timing summary.
TMR-3507 : Timing report generated successfully in pic_sdram_phy.timing, timing summary in pic_sdram_phy.tsm.
RUN-1002 : start command "export_bid pic_sdram_inst.bid"
PRG-1000 : <!-- HMAC is: 50e5595315da22b4d39636f45096f0d0b0b6349c376f27e0365b568323a0acff -->
RUN-1002 : start command "bitgen -bit pic_sdram.bit"
BIT-1003 : Start to generate bitstream. 
BIT-1002 : Init instances with 16 threads.
BIT-1002 : Init instances completely, inst num: 1781
BIT-1002 : Init pips with 16 threads.
BIT-1002 : Init pips completely, net num: 4866, pip num: 39035
BIT-1002 : Init feedthrough with 16 threads.
BIT-1002 : Init feedthrough completely, num: 19
BIT-1003 : Multithreading accelaration with 16 threads.
BIT-1003 : Generate bitstream completely, there are 2294 valid insts, and 103775 bits set as '1'.
BIT-1004 : the usercode register value: 00000000110110110001011011001111
BIT-1004 : PLL setting string = 0110
BIT-1004 : Generate bits file pic_sdram.bit.
RUN-1003 : finish command "bitgen -bit pic_sdram.bit" in  4.276935s wall, 35.906250s user + 0.093750s system = 36.000000s CPU (841.7%)

RUN-1004 : used memory is 603 MB, reserved memory is 578 MB, peak memory is 783 MB
RUN-1002 : start command "backup_run_log run.log ../.logs/phy_1/td_20231212_204350.log"
