============================================================
   Tang Dynasty, V5.6.71036
      Copyright (c) 2012-2023 Anlogic Inc.
   Executable = D:/Program/Anlogic/TD5.6.2/bin/td.exe
   Built at =   20:34:38 Mar 21 2023
   Run by =     28408
   Run Date =   Tue Dec 19 16:18:52 2023

   Run on =     DESKTOP-T1B5OP5
============================================================
RUN-1002 : start command "open_project pic_sdram.prj"
RUN-1001 : Print Global Property
RUN-1001 : ---------------------------------------------------------------
RUN-1001 :        Parameters        |  Settings  |  Default Values  |  Note  
RUN-1001 : ---------------------------------------------------------------
RUN-1001 :          message         |  standard  |     standard     |        
RUN-1001 :   mixed_pack_place_flow  |     on     |        on        |        
RUN-1001 :        qor_monitor       |    off     |       off        |        
RUN-1001 :        syn_ip_flow       |    off     |       off        |        
RUN-1001 :          thread          |    auto    |       auto       |        
RUN-1001 : ---------------------------------------------------------------
RUN-1001 : Print Design Property
RUN-1001 : --------------------------------------------------------------
RUN-1001 :        Parameters       |  Settings  |  Default Values  |  Note  
RUN-1001 : --------------------------------------------------------------
RUN-1001 :   default_reg_initial   |    auto    |       auto       |        
RUN-1001 :        infer_add        |     on     |        on        |        
RUN-1001 :        infer_fsm        |    off     |       off        |        
RUN-1001 :        infer_mult       |     on     |        on        |        
RUN-1001 :        infer_ram        |     on     |        on        |        
RUN-1001 :        infer_reg        |     on     |        on        |        
RUN-1001 :   infer_reg_init_value  |     on     |        on        |        
RUN-1001 :        infer_rom        |     on     |        on        |        
RUN-1001 :      infer_shifter      |     on     |        on        |        
RUN-1001 : --------------------------------------------------------------
RUN-1001 : Print Rtl Property
RUN-1001 : --------------------------------------------------------------
RUN-1001 :        Parameters       |  Settings  |  Default Values  |  Note  
RUN-1001 : --------------------------------------------------------------
RUN-1001 :       compress_add      |   ripple   |      ripple      |        
RUN-1001 :        elf_sload        |    off     |       off        |        
RUN-1001 :       fix_undriven      |     0      |        0         |        
RUN-1001 :         flatten         |    off     |       off        |        
RUN-1001 :       gate_sharing      |     on     |        on        |        
RUN-1001 :    hdl_warning_level    |   normal   |      normal      |        
RUN-1001 :   impl_internal_tribuf  |     on     |        on        |        
RUN-1001 :      impl_set_reset     |     on     |        on        |        
RUN-1001 :        infer_gsr        |    off     |       off        |        
RUN-1001 :      keep_hierarchy     |    auto    |       auto       |        
RUN-1001 :        max_fanout       |    9999    |       9999       |        
RUN-1001 :      max_oh2bin_len     |     10     |        10        |        
RUN-1001 :       merge_equal       |     on     |        on        |        
RUN-1001 :       merge_equiv       |     on     |        on        |        
RUN-1001 :        merge_mux        |    off     |       off        |        
RUN-1001 :     min_control_set     |     8      |        8         |        
RUN-1001 :      min_ripple_len     |    auto    |       auto       |        
RUN-1001 :       oh2bin_ratio      |    0.08    |       0.08       |        
RUN-1001 :     opt_adder_fanout    |     on     |        on        |        
RUN-1001 :        opt_arith        |     on     |        on        |        
RUN-1001 :       opt_big_gate      |    off     |       off        |        
RUN-1001 :        opt_const        |     on     |        on        |        
RUN-1001 :      opt_const_mult     |     on     |        on        |        
RUN-1001 :       opt_lessthan      |     on     |        on        |        
RUN-1001 :         opt_mux         |    off     |       off        |        
RUN-1001 :         opt_ram         |    high    |       high       |        
RUN-1001 :      rtl_sim_model      |    off     |       off        |        
RUN-1001 :         seq_syn         |     on     |        on        |        
RUN-1001 : --------------------------------------------------------------
HDL-1007 : analyze verilog file ../../al_ip/sys_pll.v
HDL-1007 : undeclared symbol 'open', assumed default net type 'wire' in ../../al_ip/sys_pll.v(77)
HDL-1007 : analyze verilog file ../../al_ip/video_pll.v
HDL-1007 : undeclared symbol 'open', assumed default net type 'wire' in ../../al_ip/video_pll.v(63)
HDL-1007 : analyze verilog file ../../al_ip/afifo_16_256.v
HDL-1007 : analyze verilog file ../../src/ax_debounce.v
HDL-1007 : analyze verilog file ../../src/bmp_read.v
HDL-1007 : analyze verilog file ../../src/color_bar.v
HDL-1007 : analyze included file ../../src/video_define.v in ../../src/color_bar.v(2)
HDL-1007 : back to file '../../src/color_bar.v' in ../../src/color_bar.v(2)
HDL-1007 : analyze verilog file ../../src/frame_fifo_read.v
HDL-1007 : analyze verilog file ../../src/frame_fifo_write.v
HDL-1007 : analyze verilog file ../../src/sd_card/sd_card_cmd.v
HDL-1007 : analyze verilog file ../../src/sd_card/sd_card_sec_read_write.v
HDL-1007 : analyze verilog file ../../src/sd_card/sd_card_top.v
HDL-1007 : analyze verilog file ../../src/sd_card/spi_master.v
HDL-1007 : analyze verilog file ../../src/sd_card_bmp.v
HDL-1007 : analyze verilog file ../../src/seg_decoder.v
HDL-1007 : analyze verilog file ../../src/seg_scan.v
HDL-1007 : analyze verilog file ../../src/top.v
HDL-1007 : undeclared symbol 'sdram_clk', assumed default net type 'wire' in ../../src/top.v(102)
HDL-1007 : analyze verilog file ../../src/video_timing_data.v
HDL-1007 : analyze verilog file ../../src/sdram_r/sdram_para.v
HDL-1007 : analyze verilog file ../../src/sdram/enc_file/global_def.v
HDL-1007 : analyze verilog file ../../src/sdram/enc_file/sdr_as_ram.enc.v
Copyright (c) 1998-2019 The OpenSSL Project.  All rights reserved.
This product includes software developed by the OpenSSL Project
for use in the OpenSSL Toolkit (http://www.openssl.org/)
Copyright (C) 1995-1998 Eric Young (eay@cryptsoft.com)
All rights reserved.
This product includes cryptographic software written by Eric Young (eay@cryptsoft.com)
HDL-1007 : back to file '../../src/sdram/enc_file/sdr_as_ram.enc.v' in ../../src/sdram/enc_file/sdr_as_ram.enc.v(148)
HDL-1007 : analyze verilog file ../../src/sdram/enc_file/sdr_init_ref.enc.v
HDL-1007 : undeclared symbol '**', assumed default net type '**' in encrypted_text(0)
HDL-1007 : back to file '../../src/sdram/enc_file/sdr_init_ref.enc.v' in ../../src/sdram/enc_file/sdr_init_ref.enc.v(242)
HDL-5007 WARNING: concatenation with an unsized literal will be treated as 32 bits in encrypted_text(0)
HDL-1007 : analyze verilog file ../../src/sdram/enc_file/sdr_wrrd.enc.v
HDL-5007 WARNING: concatenation with an unsized literal will be treated as 32 bits in encrypted_text(0)
HDL-1007 : back to file '../../src/sdram/enc_file/sdr_wrrd.enc.v' in ../../src/sdram/enc_file/sdr_wrrd.enc.v(255)
HDL-1007 : analyze verilog file ../../src/sdram/sdram.v
HDL-1007 : analyze included file D:\Projects\2023_10_10_HX4S20_test\spi_FLASH_SDRAM_pic\HX4S20\/./src/sdram/enc_file/global_def.v in ../../src/sdram/sdram.v(10)
HDL-1007 : back to file '../../src/sdram/sdram.v' in ../../src/sdram/sdram.v(10)
HDL-1007 : undeclared symbol 'Sdr_busy', assumed default net type 'wire' in ../../src/sdram/sdram.v(63)
HDL-1007 : undeclared symbol 'SDR_CKE', assumed default net type 'wire' in ../../src/sdram/sdram.v(88)
HDL-1007 : analyze verilog file ../../src/frame_read_write.v
RUN-1001 : Project manager successfully analyzed 25 source files.
RUN-1002 : start command "import_device eagle_s20.db -package EG4S20BG256"
ARC-1001 : Device Initialization.
ARC-1001 : ------------------------------------------------------------------
ARC-1001 :            OPTION            |          IO          |   SETTING   
ARC-1001 : ------------------------------------------------------------------
ARC-1001 :   cso_b/cclk/mosi/miso/dout  |  T3/R11/T10/P10/S11  |    gpio    
ARC-1001 :             done             |         P13          |    gpio    
ARC-1001 :           program_b          |          T2          |  dedicate  
ARC-1001 :        tdi/tms/tck/tdo       |   C12/A15/C14/E14    |  dedicate  
ARC-1001 : ------------------------------------------------------------------
ARC-1004 : Device setting, marked 5 dedicate IOs in total.
RUN-1002 : start command "import_db ../syn_1/pic_sdram_gate.db"
RUN-1001 : Importing database generated by Tang Dynasty, V5.6.71036.
RUN-1001 : Database version number 46146.
RUN-1001 : Import flow parameters
RUN-1001 : Import timing constraints
RUN-1001 : Import IO constraints
RUN-1001 : Import Inst constraints
RUN-1001 : Import design success TD_VERSION=5.6.71036 , DB_VERSION=46146
RUN-1002 : start command "read_sdc ../../top.sdc"
RUN-1002 : start command "get_ports clk"
RUN-1002 : start command "create_clock -name clk -period 20 -waveform 0 10 "
RUN-1102 : create_clock: clock name: clk, type: 0, period: 20000, rise: 0, fall: 10000.
RUN-1002 : start command "derive_pll_clocks"
USR-1002 : Gen clock cmd:  create_generated_clock -name {sys_pll_m0/pll_inst.clkc[0]} -source [get_ports {clk}] -master_clock {clk} -multiply_by 2.0000 [get_pins {sys_pll_m0/pll_inst.clkc[0]}]
RUN-1002 : start command "get_ports clk"
RUN-1002 : start command "get_pins sys_pll_m0/pll_inst.clkc[0]"
RUN-1002 : start command "create_generated_clock -name sys_pll_m0/pll_inst.clkc[0] -source  -master_clock clk -multiply_by 2.0000 "
USR-1002 : Gen clock cmd:  create_generated_clock -name {sys_pll_m0/pll_inst.clkc[1]} -source [get_ports {clk}] -master_clock {clk} -multiply_by 2.0000 [get_pins {sys_pll_m0/pll_inst.clkc[1]}]
RUN-1002 : start command "get_ports clk"
RUN-1002 : start command "get_pins sys_pll_m0/pll_inst.clkc[1]"
RUN-1002 : start command "create_generated_clock -name sys_pll_m0/pll_inst.clkc[1] -source  -master_clock clk -multiply_by 2.0000 "
USR-1002 : Gen clock cmd:  create_generated_clock -name {video_pll_m0/pll_inst.clkc[0]} -source [get_ports {clk}] -master_clock {clk} -divide_by 2.0000 [get_pins {video_pll_m0/pll_inst.clkc[0]}]
RUN-1002 : start command "get_ports clk"
RUN-1002 : start command "get_pins video_pll_m0/pll_inst.clkc[0]"
RUN-1002 : start command "create_generated_clock -name video_pll_m0/pll_inst.clkc[0] -source  -master_clock clk -divide_by 2.0000 "
RUN-1002 : start command "get_ports clk"
RUN-1002 : start command "get_pins sys_pll_m0/pll_inst.clkc[0]"
RUN-1002 : start command "rename_clock -name sd_card_clk -source  -master_clock clk "
RUN-1105 : Rename Clock: clock sys_pll_m0/pll_inst.clkc[0] was renamed, new name is sd_card_clk.
RUN-1002 : start command "get_ports clk"
RUN-1002 : start command "get_pins sys_pll_m0/pll_inst.clkc[1]"
RUN-1002 : start command "rename_clock -name ext_mem_clk -source  -master_clock clk "
RUN-1105 : Rename Clock: clock sys_pll_m0/pll_inst.clkc[1] was renamed, new name is ext_mem_clk.
RUN-1002 : start command "get_ports clk"
RUN-1002 : start command "get_pins sys_pll_m0/pll_inst.clkc[2]"
RUN-1002 : start command "rename_clock -name flash_sys_clk -source  -master_clock clk "
RUN-1107 : Rename Clock: new clock flash_sys_clk is created by rename_clock temporarily.
RUN-1002 : start command "get_ports clk"
RUN-1002 : start command "get_pins video_pll_m0/pll_inst.clkc[0]"
RUN-1002 : start command "rename_clock -name video_clk -source  -master_clock clk "
RUN-1105 : Rename Clock: clock video_pll_m0/pll_inst.clkc[0] was renamed, new name is video_clk.
RUN-1002 : start command "read_sdc -ip afifo_16_256 ../../al_ip/afifo_16_256.tcl"
RUN-1002 : start command "get_ports clkw"
RUN-1002 : start command "get_nets  clkw  "
RUN-1002 : start command "get_clocks -nowarn -of nets 8967891714048"
RUN-1002 : start command "get_ports clkr"
RUN-1002 : start command "get_nets  clkr  "
RUN-1002 : start command "get_clocks -nowarn -of nets 17952963297280"
RUN-1002 : start command "get_property -nowarn -max PERIOD "
RUN-1002 : start command "get_property -nowarn -max PERIOD "
RUN-1002 : start command "get_regs rd_to_wr_cross_inst/primary_addr_gray_reg[*]"
RUN-1002 : start command "get_regs rd_to_wr_cross_inst/sync_r1[*]"
RUN-1002 : start command "set_max_delay -from  -to  9.6999999999999993 -datapath_only"
RUN-1002 : start command "get_regs rd_to_wr_cross_inst/primary_addr_gray_reg[*]"
RUN-1002 : start command "get_regs rd_to_wr_cross_inst/sync_r1[*]"
RUN-1002 : start command "set_false_path -from  -to  -hold 9.6999999999999993"
USR-1002 : set_false_path -help -setup -hold -from <list> -rise_from <list> -fall_from <list> -to <list> -rise_to <list> -fall_to <list> -through <list>
RUN-1002 : start command "get_regs wr_to_rd_cross_inst/primary_addr_gray_reg[*]"
RUN-1002 : start command "get_regs wr_to_rd_cross_inst/sync_r1[*]"
RUN-1002 : start command "set_max_delay -from  -to  9.6999999999999993 -datapath_only"
RUN-1002 : start command "get_regs wr_to_rd_cross_inst/primary_addr_gray_reg[*]"
RUN-1002 : start command "get_regs wr_to_rd_cross_inst/sync_r1[*]"
RUN-1002 : start command "set_false_path -from  -to  -hold 9.6999999999999993"
USR-1002 : set_false_path -help -setup -hold -from <list> -rise_from <list> -fall_from <list> -to <list> -rise_to <list> -fall_to <list> -through <list>
RUN-1002 : start command "get_ports clkw"
RUN-1002 : start command "get_nets  clkw  "
RUN-1002 : start command "get_clocks -nowarn -of nets 24142011170816"
RUN-1002 : start command "get_ports clkr"
RUN-1002 : start command "get_nets  clkr  "
RUN-1002 : start command "get_clocks -nowarn -of nets 8967891714048"
RUN-1002 : start command "get_property -nowarn -max PERIOD "
RUN-1002 : start command "get_property -nowarn -max PERIOD "
RUN-1002 : start command "get_regs rd_to_wr_cross_inst/primary_addr_gray_reg[*]"
RUN-1002 : start command "get_regs rd_to_wr_cross_inst/sync_r1[*]"
RUN-1002 : start command "set_max_delay -from  -to  9.6999999999999993 -datapath_only"
RUN-1002 : start command "get_regs rd_to_wr_cross_inst/primary_addr_gray_reg[*]"
RUN-1002 : start command "get_regs rd_to_wr_cross_inst/sync_r1[*]"
RUN-1002 : start command "set_false_path -from  -to  -hold 9.6999999999999993"
USR-1002 : set_false_path -help -setup -hold -from <list> -rise_from <list> -fall_from <list> -to <list> -rise_to <list> -fall_to <list> -through <list>
RUN-1002 : start command "get_regs wr_to_rd_cross_inst/primary_addr_gray_reg[*]"
RUN-1002 : start command "get_regs wr_to_rd_cross_inst/sync_r1[*]"
RUN-1002 : start command "set_max_delay -from  -to  9.6999999999999993 -datapath_only"
RUN-1002 : start command "get_regs wr_to_rd_cross_inst/primary_addr_gray_reg[*]"
RUN-1002 : start command "get_regs wr_to_rd_cross_inst/sync_r1[*]"
RUN-1002 : start command "set_false_path -from  -to  -hold 9.6999999999999993"
USR-1002 : set_false_path -help -setup -hold -from <list> -rise_from <list> -fall_from <list> -to <list> -rise_to <list> -fall_to <list> -through <list>
RUN-1002 : start command "place"
RUN-1001 : Open license file D:/Program/Anlogic/TD5.6.2/license/Anlogic.lic
RUN-1001 : Print Global Property
RUN-1001 : ---------------------------------------------------------------
RUN-1001 :        Parameters        |  Settings  |  Default Values  |  Note  
RUN-1001 : ---------------------------------------------------------------
RUN-1001 :          message         |  standard  |     standard     |        
RUN-1001 :   mixed_pack_place_flow  |     on     |        on        |        
RUN-1001 :        qor_monitor       |    off     |       off        |        
RUN-1001 :        syn_ip_flow       |    off     |       off        |        
RUN-1001 :          thread          |    auto    |       auto       |        
RUN-1001 : ---------------------------------------------------------------
RUN-1001 : Print Place Property
RUN-1001 : --------------------------------------------------------------
RUN-1001 :        Parameters       |  Settings  |  Default Values  |  Note  
RUN-1001 : --------------------------------------------------------------
RUN-1001 :      detailed_place     |     on     |        on        |        
RUN-1001 :          effort         |   medium   |      medium      |        
RUN-1001 :         fix_hold        |    off     |       off        |        
RUN-1001 :       legalization      |    ori     |       ori        |        
RUN-1001 :      new_spreading      |     on     |        on        |        
RUN-1001 :        opt_timing       |   medium   |      medium      |        
RUN-1001 :   post_clock_route_opt  |    off     |       off        |        
RUN-1001 :       pr_strategy       |     1      |        1         |        
RUN-1001 :        relaxation       |    1.00    |       1.00       |        
RUN-1001 :         retiming        |    off     |       off        |        
RUN-1001 : --------------------------------------------------------------
PHY-3001 : Placer runs in 16 thread(s).
RUN-1002 : start command "legalize_phy_inst"
SYN-1011 : Flatten model top
SYN-5055 WARNING: The kept net frame_read_write_m0/frame_fifo_read_m0/App_rd_en_d0 will be merged to another kept net U3/App_rd_en
SYN-5055 WARNING: The kept net U3/u2_ram/u2_wrrd/App_rd_en will be merged to another kept net U3/App_rd_en
SYN-5055 WARNING: The kept net frame_read_write_m0/Sdr_rd_dout[15] will be merged to another kept net U3/Sdr_rd_dout[15]
SYN-5055 WARNING: The kept net frame_read_write_m0/Sdr_rd_dout[14] will be merged to another kept net U3/Sdr_rd_dout[14]
SYN-5055 WARNING: The kept net frame_read_write_m0/Sdr_rd_dout[13] will be merged to another kept net U3/Sdr_rd_dout[13]
SYN-5055 WARNING: The kept net frame_read_write_m0/Sdr_rd_dout[12] will be merged to another kept net U3/Sdr_rd_dout[12]
SYN-5055 WARNING: The kept net frame_read_write_m0/Sdr_rd_dout[11] will be merged to another kept net U3/Sdr_rd_dout[11]
SYN-5055 WARNING: The kept net frame_read_write_m0/Sdr_rd_dout[10] will be merged to another kept net U3/Sdr_rd_dout[10]
SYN-5055 WARNING: The kept net frame_read_write_m0/Sdr_rd_dout[9] will be merged to another kept net U3/Sdr_rd_dout[9]
SYN-5055 WARNING: The kept net frame_read_write_m0/Sdr_rd_dout[8] will be merged to another kept net U3/Sdr_rd_dout[8]
SYN-5055 Similar messages will be suppressed.
RUN-1002 : start command "phys_opt -simplify_lut"
SYN-1032 : 2787/1 useful/useless nets, 2411/0 useful/useless insts
SYN-4016 : Net frame_read_write_m0/write_buf/clkw driven by BUFG (429 clock/control pins, 1 other pins).
SYN-4016 : Net frame_read_write_m0/read_buf/clkr driven by BUFG (98 clock/control pins, 1 other pins).
SYN-4027 : Net U3/u2_ram/SDRAM_CLK is clkc1 of pll sys_pll_m0/pll_inst.
SYN-4019 : Net clk_dup_1 is refclk of pll sys_pll_m0/pll_inst.
SYN-4020 : Net clk_dup_1 is fbclk of pll sys_pll_m0/pll_inst.
SYN-4019 : Net clk_dup_1 is refclk of pll video_pll_m0/pll_inst.
SYN-4020 : Net clk_dup_1 is fbclk of pll video_pll_m0/pll_inst.
SYN-4025 : Tag rtl::Net U3/u2_ram/SDRAM_CLK as clock net
SYN-4025 : Tag rtl::Net clk_dup_1 as clock net
SYN-4025 : Tag rtl::Net frame_read_write_m0/read_buf/clkr as clock net
SYN-4025 : Tag rtl::Net frame_read_write_m0/write_buf/clkw as clock net
SYN-4026 : Tagged 4 rtl::Net as clock net
PHY-1001 : Populate physical database on model top.
RUN-1001 : There are total 2411 instances
RUN-0007 : 1030 luts, 1040 seqs, 147 mslices, 83 lslices, 102 pads, 2 brams, 0 dsps
RUN-1001 : There are total 2787 nets
RUN-6004 WARNING: There are 16 nets with only 1 pin.
RUN-1001 : 1973 nets have 2 pins
RUN-1001 : 566 nets have [3 - 5] pins
RUN-1001 : 134 nets have [6 - 10] pins
RUN-1001 : 51 nets have [11 - 20] pins
RUN-1001 : 42 nets have [21 - 99] pins
RUN-1001 : 5 nets have 100+ pins
RUN-1001 : Report Control nets information:
RUN-1001 : DFF Distribution
RUN-1001 : ----------------------------------
RUN-1001 :   CE   |  SSR  |  ASR  |  DFF Count  
RUN-1001 : ----------------------------------
RUN-1001 :   No   |  No   |  No   |     255     
RUN-1001 :   No   |  No   |  Yes  |     484     
RUN-1001 :   No   |  Yes  |  No   |     65      
RUN-1001 :   Yes  |  No   |  No   |     16      
RUN-1001 :   Yes  |  No   |  Yes  |     202     
RUN-1001 :   Yes  |  Yes  |  No   |     18      
RUN-1001 : ----------------------------------
RUN-0007 : Control Group Statistic
RUN-0007 : ---------------------------
RUN-0007 :   #CLK  |  #CE  |  #SSR/ASR  
RUN-0007 : ---------------------------
RUN-0007 :    4    |  21   |     8      
RUN-0007 : ---------------------------
RUN-0007 : Control Set = 33
PHY-3001 : Initial placement ...
PHY-3001 : design contains 2409 instances, 1030 luts, 1040 seqs, 230 slices, 35 macros(230 instances: 147 mslices 83 lslices)
PHY-0007 : Cell area utilization is 7%
PHY-3001 : Start timing update ...
RUN-1002 : start command "start_timer -report"
TMR-2505 : Start building timing graph for model top.
TMR-2506 : Build timing graph completely. Port num: 22, tpin num: 10851, tnet num: 2785, tinst num: 2409, tnode num: 14155, tedge num: 17205.
TMR-2508 : Levelizing timing graph completed, there are 43 levels in total.
TMR-2501 : Timing graph initialized successfully.
TMR-2503 : Start to update net delay, extr mode = 2.
TMR-2504 : Update delay of 2785 nets completely.
TMR-2502 : Annotate delay completely, extr mode = 2.
TMR-3001 : Initiate 4 clocks from SDC.
TMR-3004 : Map sdc constraints, there are 8 constraints in total.
TMR-3003 : Constraints initiated successfully.
TMR-3501 : Forward propagation: start to calculate arrival time...
TMR-3502 : Backward propagation: start to calculate required time...
TMR-3503 : Timing propagation completes.
PHY-3001 : End timing update;  0.430373s wall, 0.281250s user + 0.000000s system = 0.281250s CPU (65.4%)

PHY-3001 : Global placement ...
PHY-3001 : Initial: Len = 664254
PHY-3001 : Clustering ...
PHY-3001 : Level 0 #clusters 2409.
PHY-3001 : End clustering;  0.000008s wall, 0.000000s user + 0.000000s system = 0.000000s CPU (n/a%)

PHY-3001 : Run with size of 4
PHY-3001 : Cell area utilization is 7%
PHY-3001 : :::0::: Try harder cell spreading with beta_ = 0
PHY-3002 : Step(1): len = 531481, overlap = 2.25
PHY-3002 : Step(2): len = 436957, overlap = 2.25
PHY-3002 : Step(3): len = 383441, overlap = 2.25
PHY-3002 : Step(4): len = 340516, overlap = 2.25
PHY-3002 : Step(5): len = 304810, overlap = 2.25
PHY-3002 : Step(6): len = 273809, overlap = 2.25
PHY-3002 : Step(7): len = 245132, overlap = 4.625
PHY-3002 : Step(8): len = 219160, overlap = 5.15625
PHY-3002 : Step(9): len = 192723, overlap = 7.5
PHY-3002 : Step(10): len = 167056, overlap = 14.0312
PHY-3002 : Step(11): len = 149800, overlap = 15.6562
PHY-3002 : Step(12): len = 133370, overlap = 17.9375
PHY-3002 : Step(13): len = 123143, overlap = 21.375
PHY-3002 : Step(14): len = 116198, overlap = 21.9688
PHY-3002 : Step(15): len = 108544, overlap = 21.4062
PHY-3001 : :::1::: Try harder cell spreading with beta_ = 0.00924888
PHY-3002 : Step(16): len = 112217, overlap = 19.2812
PHY-3002 : Step(17): len = 112014, overlap = 19.9062
PHY-3002 : Step(18): len = 107440, overlap = 19.9062
PHY-3002 : Step(19): len = 102449, overlap = 19.6562
PHY-3002 : Step(20): len = 100564, overlap = 22.25
PHY-3002 : Step(21): len = 99014.1, overlap = 22.4375
PHY-3002 : Step(22): len = 98534.2, overlap = 22.3438
PHY-3002 : Step(23): len = 98444, overlap = 22.3438
PHY-3001 : :::2::: Try harder cell spreading with beta_ = 0.0184978
PHY-3002 : Step(24): len = 98353.3, overlap = 22.3438
PHY-3002 : Step(25): len = 98252.3, overlap = 22.3438
PHY-3001 : :::3::: Try harder cell spreading with beta_ = 0.0369955
PHY-3002 : Step(26): len = 98120.5, overlap = 22.3438
PHY-3002 : Step(27): len = 97962.7, overlap = 22.3438
PHY-3001 : :::4::: Try harder cell spreading with beta_ = 0.073991
PHY-3002 : Step(28): len = 97898.9, overlap = 22.3438
PHY-3002 : Step(29): len = 97844.7, overlap = 22.3438
PHY-3001 : Legalization ...
PHY-3001 : End legalization;  0.004807s wall, 0.000000s user + 0.000000s system = 0.000000s CPU (n/a%)

PHY-3001 : Run with size of 4
PHY-3001 : Cell area utilization is 9%
PHY-3001 : Update timing in Manhattan mode ...
TMR-2503 : Start to update net delay, extr mode = 3.
TMR-2504 : Update delay of 2785 nets completely.
TMR-2502 : Annotate delay completely, extr mode = 3.
TMR-3501 : Forward propagation: start to calculate arrival time...
TMR-3502 : Backward propagation: start to calculate required time...
TMR-3503 : Timing propagation completes.
PHY-3001 : End timing update;  0.051548s wall, 0.046875s user + 0.000000s system = 0.046875s CPU (90.9%)

PHY-3001 : :::0::: Try harder cell spreading with beta_ = 4.88361e-05
PHY-3002 : Step(30): len = 93572.8, overlap = 24.1562
PHY-3002 : Step(31): len = 92405.8, overlap = 24.125
PHY-3002 : Step(32): len = 89654.8, overlap = 26.7812
PHY-3002 : Step(33): len = 87764.6, overlap = 27.4688
PHY-3002 : Step(34): len = 85859.1, overlap = 26.25
PHY-3002 : Step(35): len = 84023.8, overlap = 29.1562
PHY-3002 : Step(36): len = 82664.4, overlap = 29.7188
PHY-3002 : Step(37): len = 81118.6, overlap = 30.5
PHY-3002 : Step(38): len = 79419, overlap = 29.9375
PHY-3002 : Step(39): len = 77332.9, overlap = 27.5312
PHY-3002 : Step(40): len = 75393.9, overlap = 28.3438
PHY-3002 : Step(41): len = 73504.9, overlap = 29.5938
PHY-3002 : Step(42): len = 72315.7, overlap = 34.125
PHY-3002 : Step(43): len = 71028.2, overlap = 35.2812
PHY-3002 : Step(44): len = 69614.5, overlap = 35.2812
PHY-3002 : Step(45): len = 68783.4, overlap = 33.125
PHY-3002 : Step(46): len = 67245.2, overlap = 33.0625
PHY-3002 : Step(47): len = 66643.2, overlap = 32.875
PHY-3002 : Step(48): len = 65878.3, overlap = 32.6562
PHY-3001 : :::1::: Try harder cell spreading with beta_ = 9.76721e-05
PHY-3002 : Step(49): len = 65375.6, overlap = 33.1562
PHY-3002 : Step(50): len = 65393.8, overlap = 33.3125
PHY-3002 : Step(51): len = 65620.4, overlap = 34.6562
PHY-3001 : :::2::: Try harder cell spreading with beta_ = 0.000195344
PHY-3002 : Step(52): len = 65811.3, overlap = 36.0625
PHY-3002 : Step(53): len = 65998.4, overlap = 35.3125
PHY-3002 : Step(54): len = 66033.2, overlap = 35.5
PHY-3002 : Step(55): len = 66114.2, overlap = 34.5312
PHY-3002 : Step(56): len = 65831.8, overlap = 29.25
PHY-3002 : Step(57): len = 65258.1, overlap = 29.0312
PHY-3002 : Step(58): len = 65041.2, overlap = 26.0312
PHY-3001 : Run with size of 2
PHY-3001 : Cell area utilization is 9%
PHY-3001 : Update timing in Manhattan mode ...
TMR-2503 : Start to update net delay, extr mode = 3.
TMR-2504 : Update delay of 2785 nets completely.
TMR-2502 : Annotate delay completely, extr mode = 3.
TMR-3501 : Forward propagation: start to calculate arrival time...
TMR-3502 : Backward propagation: start to calculate required time...
TMR-3503 : Timing propagation completes.
PHY-3001 : End timing update;  0.050608s wall, 0.046875s user + 0.000000s system = 0.046875s CPU (92.6%)

PHY-3001 : :::0::: Try harder cell spreading with beta_ = 7.01811e-05
PHY-3002 : Step(59): len = 65531.7, overlap = 73.3125
PHY-3002 : Step(60): len = 66688.8, overlap = 71.25
PHY-3002 : Step(61): len = 67287, overlap = 70
PHY-3002 : Step(62): len = 67416.6, overlap = 65.5312
PHY-3002 : Step(63): len = 67743.3, overlap = 66.25
PHY-3002 : Step(64): len = 67282.4, overlap = 64.7812
PHY-3002 : Step(65): len = 67185.8, overlap = 60.5625
PHY-3002 : Step(66): len = 67401.5, overlap = 58.5
PHY-3001 : :::1::: Try harder cell spreading with beta_ = 0.000140362
PHY-3002 : Step(67): len = 66793, overlap = 56.6562
PHY-3002 : Step(68): len = 66793, overlap = 56.6562
PHY-3002 : Step(69): len = 66625.9, overlap = 56.4062
PHY-3001 : :::2::: Try harder cell spreading with beta_ = 0.000280724
PHY-3002 : Step(70): len = 67887.2, overlap = 51.0938
PHY-3002 : Step(71): len = 68569.8, overlap = 50.1875
PHY-3002 : Step(72): len = 68558.8, overlap = 46.4688
OPT-1001 : Start physical optimization ...
RUN-1002 : start command "start_timer -report"
TMR-2505 : Start building timing graph for model top.
TMR-2506 : Build timing graph completely. Port num: 22, tpin num: 10851, tnet num: 2785, tinst num: 2409, tnode num: 14155, tedge num: 17205.
TMR-2508 : Levelizing timing graph completed, there are 43 levels in total.
TMR-2501 : Timing graph initialized successfully.
OPT-1001 : Total overflow 110.84 peak overflow 4.41
OPT-1001 : Start high-fanout net optimization ...
OPT-1001 : Update timing in global mode
PHY-1001 : Start incremental global routing, caller is place ...
RUN-1001 : Generating global routing grids ...
RUN-1001 : Building simple global routing graph ...
PHY-1001 : Generate routing nets ...
PHY-1001 : Reuse net number 0/2787.
PHY-1001 : Global iterations in 16 thread ...
PHY-1002 : len = 75256, over cnt = 239(0%), over = 809, worst = 12
PHY-1001 : End global iterations;  0.084739s wall, 0.031250s user + 0.015625s system = 0.046875s CPU (55.3%)

PHY-1001 : Congestion index: top1 = 35.43, top5 = 24.26, top10 = 17.14, top15 = 13.11.
PHY-1001 : End incremental global routing;  0.126415s wall, 0.062500s user + 0.015625s system = 0.078125s CPU (61.8%)

TMR-2503 : Start to update net delay, extr mode = 5.
TMR-2504 : Update delay of 2785 nets completely.
TMR-2502 : Annotate delay completely, extr mode = 5.
TMR-3001 : Initiate 4 clocks from SDC.
TMR-3004 : Map sdc constraints, there are 8 constraints in total.
TMR-3003 : Constraints initiated successfully.
TMR-3501 : Forward propagation: start to calculate arrival time...
TMR-3502 : Backward propagation: start to calculate required time...
TMR-3503 : Timing propagation completes.
OPT-1001 : End timing update;  0.057274s wall, 0.062500s user + 0.000000s system = 0.062500s CPU (109.1%)

OPT-1001 : 0 high-fanout net processed.
OPT-1001 : End high-fanout net optimization;  0.215502s wall, 0.125000s user + 0.015625s system = 0.140625s CPU (65.3%)

OPT-1001 : Current memory(MB): used = 217, reserve = 188, peak = 217.
OPT-1001 : Start global optimization ...
OPT-1001 : Start congestion update ...
RUN-1001 : Generating global routing grids ...
PHY-1001 : Generate routing nets ...
PHY-1001 : Reuse net number 1798/2787.
PHY-1001 : Global iterations in 16 thread ...
PHY-1002 : len = 75256, over cnt = 239(0%), over = 809, worst = 12
PHY-1002 : len = 79840, over cnt = 135(0%), over = 362, worst = 12
PHY-1002 : len = 82584, over cnt = 64(0%), over = 160, worst = 11
PHY-1002 : len = 84160, over cnt = 26(0%), over = 57, worst = 5
PHY-1002 : len = 85008, over cnt = 0(0%), over = 0, worst = 0
PHY-1001 : End global iterations;  0.072730s wall, 0.015625s user + 0.000000s system = 0.015625s CPU (21.5%)

PHY-1001 : Congestion index: top1 = 32.44, top5 = 24.12, top10 = 18.25, top15 = 14.32.
OPT-1001 : End congestion update;  0.109910s wall, 0.031250s user + 0.000000s system = 0.031250s CPU (28.4%)

OPT-1001 : Update timing in Manhattan mode
TMR-2503 : Start to update net delay, extr mode = 3.
TMR-2504 : Update delay of 2785 nets completely.
TMR-2502 : Annotate delay completely, extr mode = 3.
TMR-3501 : Forward propagation: start to calculate arrival time...
TMR-3502 : Backward propagation: start to calculate required time...
TMR-3503 : Timing propagation completes.
OPT-1001 : End timing update;  0.047732s wall, 0.062500s user + 0.000000s system = 0.062500s CPU (130.9%)

OPT-0007 : Start: WNS 4574 TNS 0 NUM_FEPS 0
OPT-1001 : End global optimization;  0.157870s wall, 0.093750s user + 0.000000s system = 0.093750s CPU (59.4%)

OPT-1001 : Current memory(MB): used = 220, reserve = 192, peak = 220.
OPT-1001 : End physical optimization;  0.888438s wall, 0.609375s user + 0.031250s system = 0.640625s CPU (72.1%)

PHY-3001 : Start packing ...
SYN-4007 : Packing 0 MUX to BLE ...
SYN-4008 : Packed 0 MUX and 0 SEQ to BLE.
SYN-4007 : Packing 1030 LUT to BLE ...
SYN-4008 : Packed 1030 LUT and 533 SEQ to BLE.
SYN-4003 : Packing 507 remaining SEQ's ...
SYN-4005 : Packed 137 SEQ with LUT/SLICE
SYN-4006 : 387 single LUT's are left
SYN-4006 : 370 single SEQ's are left
SYN-4011 : Packing model "top" (AL_USER_NORMAL) with 1400/1953 primitive instances ...
PHY-3001 : End packing;  0.059740s wall, 0.031250s user + 0.000000s system = 0.031250s CPU (52.3%)

PHY-1001 : Populate physical database on model top.
RUN-1001 : There are total 1100 instances
RUN-1001 : 495 mslices, 494 lslices, 102 pads, 2 brams, 0 dsps
RUN-1001 : There are total 2293 nets
RUN-6004 WARNING: There are 16 nets with only 1 pin.
RUN-1001 : 1487 nets have 2 pins
RUN-1001 : 553 nets have [3 - 5] pins
RUN-1001 : 134 nets have [6 - 10] pins
RUN-1001 : 57 nets have [11 - 20] pins
RUN-1001 : 42 nets have [21 - 99] pins
RUN-1001 : 4 nets have 100+ pins
PHY-3001 : design contains 1098 instances, 989 slices, 35 macros(230 instances: 147 mslices 83 lslices)
PHY-3001 : Cell area utilization is 13%
PHY-3001 : After packing: Len = 68077, Over = 69.25
PHY-3001 : Run with size of 2
PHY-3001 : Cell area utilization is 13%
PHY-3001 : Update timing in Manhattan mode ...
RUN-1002 : start command "start_timer -report"
TMR-2505 : Start building timing graph for model top.
TMR-2506 : Build timing graph completely. Port num: 22, tpin num: 9126, tnet num: 2291, tinst num: 1098, tnode num: 11576, tedge num: 15265.
TMR-2508 : Levelizing timing graph completed, there are 41 levels in total.
TMR-2501 : Timing graph initialized successfully.
TMR-2503 : Start to update net delay, extr mode = 3.
TMR-2504 : Update delay of 2291 nets completely.
TMR-2502 : Annotate delay completely, extr mode = 3.
TMR-3001 : Initiate 4 clocks from SDC.
TMR-3004 : Map sdc constraints, there are 8 constraints in total.
TMR-3003 : Constraints initiated successfully.
TMR-3501 : Forward propagation: start to calculate arrival time...
TMR-3502 : Backward propagation: start to calculate required time...
TMR-3503 : Timing propagation completes.
PHY-3001 : End timing update;  0.466215s wall, 0.343750s user + 0.000000s system = 0.343750s CPU (73.7%)

PHY-3001 : :::0::: Try harder cell spreading with beta_ = 5.69594e-05
PHY-3002 : Step(73): len = 66873.6, overlap = 72.25
PHY-3002 : Step(74): len = 66451.3, overlap = 72.5
PHY-3002 : Step(75): len = 65939.8, overlap = 72
PHY-3002 : Step(76): len = 65980.4, overlap = 70.75
PHY-3002 : Step(77): len = 65696.4, overlap = 69.75
PHY-3002 : Step(78): len = 65629.9, overlap = 68.25
PHY-3002 : Step(79): len = 65358, overlap = 68.5
PHY-3002 : Step(80): len = 65089.5, overlap = 66.5
PHY-3002 : Step(81): len = 64775.1, overlap = 63.25
PHY-3001 : :::1::: Try harder cell spreading with beta_ = 0.000113919
PHY-3002 : Step(82): len = 64992.2, overlap = 63.75
PHY-3002 : Step(83): len = 65532.4, overlap = 62.5
PHY-3002 : Step(84): len = 65752.6, overlap = 61.25
PHY-3001 : :::2::: Try harder cell spreading with beta_ = 0.000227837
PHY-3002 : Step(85): len = 66616.8, overlap = 59.75
PHY-3002 : Step(86): len = 67236.4, overlap = 57.5
PHY-3002 : Step(87): len = 67278.4, overlap = 58.25
PHY-3001 : Legalization ...
PHY-3001 : End legalization;  0.129067s wall, 0.000000s user + 0.000000s system = 0.000000s CPU (n/a%)

PHY-3001 : Trial Legalized: Len = 85498.4
PHY-3001 : Run with size of 2
PHY-3001 : Cell area utilization is 12%
PHY-3001 : Update timing in Manhattan mode ...
TMR-2503 : Start to update net delay, extr mode = 3.
TMR-2504 : Update delay of 2291 nets completely.
TMR-2502 : Annotate delay completely, extr mode = 3.
TMR-3501 : Forward propagation: start to calculate arrival time...
TMR-3502 : Backward propagation: start to calculate required time...
TMR-3503 : Timing propagation completes.
PHY-3001 : End timing update;  0.046519s wall, 0.000000s user + 0.000000s system = 0.000000s CPU (n/a%)

PHY-3001 : :::0::: Try harder cell spreading with beta_ = 0.000981535
PHY-3002 : Step(88): len = 79977.6, overlap = 8.25
PHY-3002 : Step(89): len = 76603.9, overlap = 13.75
PHY-3002 : Step(90): len = 74479.3, overlap = 19.75
PHY-3002 : Step(91): len = 72948.1, overlap = 24
PHY-3002 : Step(92): len = 71414.9, overlap = 29.25
PHY-3002 : Step(93): len = 70325, overlap = 31.75
PHY-3002 : Step(94): len = 69581.3, overlap = 33.5
PHY-3001 : :::1::: Try harder cell spreading with beta_ = 0.00196307
PHY-3002 : Step(95): len = 69764, overlap = 32.75
PHY-3002 : Step(96): len = 69860.1, overlap = 31.75
PHY-3001 : :::2::: Try harder cell spreading with beta_ = 0.00392614
PHY-3002 : Step(97): len = 69896.2, overlap = 31.25
PHY-3002 : Step(98): len = 69943.4, overlap = 30.25
PHY-3001 : Legalization ...
PHY-3001 : End legalization;  0.004667s wall, 0.000000s user + 0.000000s system = 0.000000s CPU (n/a%)

PHY-3001 : Legalized: Len = 78132.8, Over = 0
PHY-3001 : Spreading special nets. 22 overflows in 2952 tiles.
PHY-3001 : End spreading;  0.006088s wall, 0.000000s user + 0.000000s system = 0.000000s CPU (n/a%)

PHY-3001 : 29 instances has been re-located, deltaX = 14, deltaY = 18, maxDist = 2.
PHY-3001 : Final: Len = 78622.8, Over = 0
OPT-1001 : Start physical optimization ...
RUN-1002 : start command "start_timer -report"
TMR-2505 : Start building timing graph for model top.
TMR-2506 : Build timing graph completely. Port num: 22, tpin num: 9126, tnet num: 2291, tinst num: 1098, tnode num: 11576, tedge num: 15265.
TMR-2508 : Levelizing timing graph completed, there are 41 levels in total.
TMR-2501 : Timing graph initialized successfully.
OPT-1001 : Total overflow 0.00 peak overflow 0.00
OPT-1001 : Start high-fanout net optimization ...
OPT-1001 : Update timing in global mode
PHY-1001 : Start incremental global routing, caller is place ...
RUN-1001 : Generating global routing grids ...
PHY-1001 : Generate routing nets ...
PHY-1001 : Reuse net number 65/2293.
PHY-1001 : Global iterations in 16 thread ...
PHY-1002 : len = 90192, over cnt = 166(0%), over = 293, worst = 6
PHY-1002 : len = 91696, over cnt = 85(0%), over = 126, worst = 6
PHY-1002 : len = 92968, over cnt = 8(0%), over = 8, worst = 1
PHY-1002 : len = 93016, over cnt = 5(0%), over = 5, worst = 1
PHY-1002 : len = 93112, over cnt = 0(0%), over = 0, worst = 0
PHY-1001 : End global iterations;  0.133436s wall, 0.015625s user + 0.000000s system = 0.015625s CPU (11.7%)

PHY-1001 : Congestion index: top1 = 28.21, top5 = 22.05, top10 = 18.23, top15 = 15.01.
PHY-1001 : End incremental global routing;  0.180593s wall, 0.062500s user + 0.000000s system = 0.062500s CPU (34.6%)

TMR-2503 : Start to update net delay, extr mode = 5.
TMR-2504 : Update delay of 2291 nets completely.
TMR-2502 : Annotate delay completely, extr mode = 5.
TMR-3001 : Initiate 4 clocks from SDC.
TMR-3004 : Map sdc constraints, there are 8 constraints in total.
TMR-3003 : Constraints initiated successfully.
TMR-3501 : Forward propagation: start to calculate arrival time...
TMR-3502 : Backward propagation: start to calculate required time...
TMR-3503 : Timing propagation completes.
OPT-1001 : End timing update;  0.052530s wall, 0.015625s user + 0.000000s system = 0.015625s CPU (29.7%)

OPT-1001 : 0 high-fanout net processed.
OPT-1001 : End high-fanout net optimization;  0.264078s wall, 0.109375s user + 0.000000s system = 0.109375s CPU (41.4%)

OPT-1001 : Current memory(MB): used = 222, reserve = 194, peak = 225.
OPT-1001 : Start path based optimization ...
OPT-1001 : Start congestion update ...
RUN-1001 : Generating global routing grids ...
PHY-1001 : Generate routing nets ...
PHY-1001 : Reuse net number 1901/2293.
PHY-1001 : Global iterations in 16 thread ...
PHY-1002 : len = 93112, over cnt = 0(0%), over = 0, worst = 0
PHY-1001 : End global iterations;  0.004269s wall, 0.000000s user + 0.000000s system = 0.000000s CPU (n/a%)

PHY-1001 : Congestion index: top1 = 28.21, top5 = 22.05, top10 = 18.23, top15 = 15.01.
OPT-1001 : End congestion update;  0.044244s wall, 0.046875s user + 0.000000s system = 0.046875s CPU (105.9%)

OPT-1001 : Update timing in Manhattan mode
TMR-2503 : Start to update net delay, extr mode = 3.
TMR-2504 : Update delay of 2291 nets completely.
TMR-2502 : Annotate delay completely, extr mode = 3.
TMR-3501 : Forward propagation: start to calculate arrival time...
TMR-3502 : Backward propagation: start to calculate required time...
TMR-3503 : Timing propagation completes.
OPT-1001 : End timing update;  0.045189s wall, 0.031250s user + 0.000000s system = 0.031250s CPU (69.2%)

OPT-0007 : Start: WNS 4176 TNS 0 NUM_FEPS 0
OPT-1001 : End path based optimization;  0.089664s wall, 0.078125s user + 0.000000s system = 0.078125s CPU (87.1%)

OPT-1001 : Current memory(MB): used = 224, reserve = 197, peak = 225.
OPT-1001 : Update timing in Manhattan mode
TMR-2503 : Start to update net delay, extr mode = 3.
TMR-2504 : Update delay of 2291 nets completely.
TMR-2502 : Annotate delay completely, extr mode = 3.
TMR-3501 : Forward propagation: start to calculate arrival time...
TMR-3502 : Backward propagation: start to calculate required time...
TMR-3503 : Timing propagation completes.
OPT-1001 : End timing update;  0.046014s wall, 0.015625s user + 0.000000s system = 0.015625s CPU (34.0%)

OPT-1001 : Start pin optimization...
OPT-1001 : skip pin optimization...
RUN-1001 : Generating global routing grids ...
PHY-1001 : Generate routing nets ...
PHY-1001 : Reuse net number 1901/2293.
PHY-1001 : Global iterations in 16 thread ...
PHY-1002 : len = 93112, over cnt = 0(0%), over = 0, worst = 0
PHY-1001 : End global iterations;  0.004363s wall, 0.000000s user + 0.000000s system = 0.000000s CPU (n/a%)

PHY-1001 : Congestion index: top1 = 28.21, top5 = 22.05, top10 = 18.23, top15 = 15.01.
OPT-1001 : Update timing in Manhattan mode
TMR-2503 : Start to update net delay, extr mode = 3.
TMR-2504 : Update delay of 2291 nets completely.
TMR-2502 : Annotate delay completely, extr mode = 3.
TMR-3501 : Forward propagation: start to calculate arrival time...
TMR-3502 : Backward propagation: start to calculate required time...
TMR-3503 : Timing propagation completes.
OPT-1001 : End timing update;  0.043351s wall, 0.046875s user + 0.000000s system = 0.046875s CPU (108.1%)

RUN-1001 : QoR Analysis:
OPT-0007 :   WNS 4176 TNS 0 NUM_FEPS 0
RUN-1001 :   No local congestion issue, and most congested 1% tile average routing util is 27.793103
RUN-1001 :   Top critical paths
RUN-1001 :       #1 path slack 4176ps with logic level 8 
RUN-1001 :       #2 path slack 4216ps with logic level 8 
OPT-1001 : End physical optimization;  0.935353s wall, 0.468750s user + 0.000000s system = 0.468750s CPU (50.1%)

RUN-1003 : finish command "place" in  4.895761s wall, 2.031250s user + 0.140625s system = 2.171875s CPU (44.4%)

RUN-1004 : used memory is 198 MB, reserved memory is 169 MB, peak memory is 225 MB
RUN-1002 : start command "export_db pic_sdram_place.db"
RUN-1001 : Exported /
RUN-1001 : Exported flow parameters
RUN-1001 : Exported libs
RUN-1001 : Exported entities
RUN-1001 : Exported ports
RUN-1001 : Exported pins
RUN-1001 : Exported instances
RUN-1001 : Exported nets
RUN-1001 : Exported buses
RUN-1001 : Exported models
RUN-1001 : Exported congestions
RUN-1001 : Exported violations
RUN-1001 : Exported timing constraints
RUN-1001 : Exported IO constraints
RUN-1001 : Exported Inst constraints
RUN-1002 : start command "route"
RUN-1001 : Open license file D:/Program/Anlogic/TD5.6.2/license/Anlogic.lic
RUN-1001 : Print Global Property
RUN-1001 : ---------------------------------------------------------------
RUN-1001 :        Parameters        |  Settings  |  Default Values  |  Note  
RUN-1001 : ---------------------------------------------------------------
RUN-1001 :          message         |  standard  |     standard     |        
RUN-1001 :   mixed_pack_place_flow  |     on     |        on        |        
RUN-1001 :        qor_monitor       |    off     |       off        |        
RUN-1001 :        syn_ip_flow       |    off     |       off        |        
RUN-1001 :          thread          |    auto    |       auto       |        
RUN-1001 : ---------------------------------------------------------------
RUN-1001 : Print Route Property
RUN-1001 : -------------------------------------------------------
RUN-1001 :    Parameters    |  Settings  |  Default Values  |  Note  
RUN-1001 : -------------------------------------------------------
RUN-1001 :      effort      |   medium   |      medium      |        
RUN-1001 :     fix_hold     |    off     |       off        |        
RUN-1001 :    opt_timing    |   medium   |      medium      |        
RUN-1001 :   phy_sim_model  |    off     |       off        |        
RUN-1001 :     priority     |   timing   |      timing      |        
RUN-1001 :     swap_pin     |     on     |        on        |        
RUN-1001 : -------------------------------------------------------
PHY-1001 : Route runs in 16 thread(s)
RUN-1001 : There are total 1100 instances
RUN-1001 : 495 mslices, 494 lslices, 102 pads, 2 brams, 0 dsps
RUN-1001 : There are total 2293 nets
RUN-6004 WARNING: There are 16 nets with only 1 pin.
RUN-1001 : 1487 nets have 2 pins
RUN-1001 : 553 nets have [3 - 5] pins
RUN-1001 : 134 nets have [6 - 10] pins
RUN-1001 : 57 nets have [11 - 20] pins
RUN-1001 : 42 nets have [21 - 99] pins
RUN-1001 : 4 nets have 100+ pins
RUN-1002 : start command "start_timer -report"
TMR-2505 : Start building timing graph for model top.
TMR-2506 : Build timing graph completely. Port num: 22, tpin num: 9126, tnet num: 2291, tinst num: 1098, tnode num: 11576, tedge num: 15265.
TMR-2508 : Levelizing timing graph completed, there are 41 levels in total.
TMR-2501 : Timing graph initialized successfully.
PHY-1001 : 495 mslices, 494 lslices, 102 pads, 2 brams, 0 dsps
TMR-2503 : Start to update net delay, extr mode = 3.
TMR-2504 : Update delay of 2291 nets completely.
TMR-2502 : Annotate delay completely, extr mode = 3.
TMR-3001 : Initiate 4 clocks from SDC.
TMR-3004 : Map sdc constraints, there are 8 constraints in total.
TMR-3003 : Constraints initiated successfully.
TMR-3501 : Forward propagation: start to calculate arrival time...
TMR-3502 : Backward propagation: start to calculate required time...
TMR-3503 : Timing propagation completes.
PHY-1001 : Start global routing, caller is route ...
RUN-1001 : Generating global routing grids ...
PHY-1001 : Generate routing nets ...
PHY-1001 : Global iterations in 16 thread ...
PHY-1002 : len = 89384, over cnt = 164(0%), over = 313, worst = 9
PHY-1002 : len = 91320, over cnt = 70(0%), over = 91, worst = 5
PHY-1002 : len = 92296, over cnt = 10(0%), over = 11, worst = 2
PHY-1002 : len = 92392, over cnt = 1(0%), over = 1, worst = 1
PHY-1002 : len = 92408, over cnt = 0(0%), over = 0, worst = 0
PHY-1001 : End global iterations;  0.130990s wall, 0.031250s user + 0.000000s system = 0.031250s CPU (23.9%)

PHY-1001 : Congestion index: top1 = 27.72, top5 = 21.76, top10 = 18.01, top15 = 14.84.
PHY-1001 : End global routing;  0.176476s wall, 0.062500s user + 0.000000s system = 0.062500s CPU (35.4%)

PHY-1001 : Start detail routing ...
PHY-1001 : Current memory(MB): used = 246, reserve = 218, peak = 259.
PHY-1001 : Detailed router is running in normal mode.
PHY-1001 : Generate detailed routing grids ...
PHY-1001 : Generate nets ...
PHY-1001 : net clk_dup_1 will be routed on clock mesh
PHY-1001 : net U3/u2_ram/SDRAM_CLK will be routed on clock mesh
PHY-5010 WARNING: Net U3/u2_ram/u2_wrrd/Sdr_rd_dout[31] is skipped due to 0 input or output
PHY-5010 WARNING: Net U3/u2_ram/u2_wrrd/Sdr_rd_dout[30] is skipped due to 0 input or output
PHY-5010 WARNING: Net U3/u2_ram/u2_wrrd/Sdr_rd_dout[29] is skipped due to 0 input or output
PHY-5010 WARNING: Net U3/u2_ram/u2_wrrd/Sdr_rd_dout[28] is skipped due to 0 input or output
PHY-5010 WARNING: Net U3/u2_ram/u2_wrrd/Sdr_rd_dout[27] is skipped due to 0 input or output
PHY-5010 WARNING: Net U3/u2_ram/u2_wrrd/Sdr_rd_dout[26] is skipped due to 0 input or output
PHY-5010 WARNING: Net U3/u2_ram/u2_wrrd/Sdr_rd_dout[25] is skipped due to 0 input or output
PHY-5010 WARNING: Net U3/u2_ram/u2_wrrd/Sdr_rd_dout[24] is skipped due to 0 input or output
PHY-5010 WARNING: Net U3/u2_ram/u2_wrrd/Sdr_rd_dout[23] is skipped due to 0 input or output
PHY-5010 WARNING: Net U3/u2_ram/u2_wrrd/Sdr_rd_dout[22] is skipped due to 0 input or output
PHY-5010 Similar messages will be suppressed.
PHY-1001 : clock net frame_read_write_m0/read_buf/clkr will be merged with clock video_pll_m0/clk0_buf
PHY-1001 : clock net frame_read_write_m0/write_buf/clkw will be merged with clock sys_pll_m0/clk0_buf
PHY-1001 : Current memory(MB): used = 512, reserve = 490, peak = 512.
PHY-1001 : End build detailed router design. 2.459994s wall, 1.593750s user + 0.078125s system = 1.671875s CPU (68.0%)

PHY-1001 : Detail Route ...
PHY-1001 : ===== Detail Route Phase 1 =====
PHY-1001 : Clock net routing.....
PHY-1001 : Routed 0% nets.
PHY-1022 : len = 41344, over cnt = 0(0%), over = 0, worst = 0, crit = 0
PHY-1001 : End initial clock net routed; 0.670732s wall, 0.406250s user + 0.015625s system = 0.421875s CPU (62.9%)

PHY-1001 : Current memory(MB): used = 545, reserve = 525, peak = 545.
PHY-1001 : End phase 1; 0.675283s wall, 0.406250s user + 0.015625s system = 0.421875s CPU (62.5%)

PHY-1001 : ===== Detail Route Phase 2 =====
PHY-1001 : Initial routing.....
PHY-1001 : Routed 38% nets.
PHY-1001 : Routed 43% nets.
PHY-1001 : Routed 54% nets.
PHY-1001 : Routed 68% nets.
PHY-1001 : Routed 88% nets.
PHY-1022 : len = 270872, over cnt = 47(0%), over = 47, worst = 1, crit = 0
PHY-1001 : Current memory(MB): used = 546, reserve = 525, peak = 546.
PHY-1001 : End initial routed; 1.670613s wall, 0.703125s user + 0.031250s system = 0.734375s CPU (44.0%)

PHY-1001 : Update timing.....
PHY-1001 : 0/2033(0%) critical/total net(s).
RUN-1001 : --------------------------------------
RUN-1001 :   Type   |  WNS(ns)  |  TNS(ns)  |  FEP  
RUN-1001 : --------------------------------------
RUN-1001 :   Setup  |   1.575   |   0.000   |   0   
RUN-1001 :   Hold   |   0.036   |   0.000   |   0   
RUN-1001 : --------------------------------------
PHY-1001 : End update timing; 0.522725s wall, 0.375000s user + 0.000000s system = 0.375000s CPU (71.7%)

PHY-1001 : Current memory(MB): used = 548, reserve = 526, peak = 548.
PHY-1001 : End phase 2; 2.193392s wall, 1.078125s user + 0.031250s system = 1.109375s CPU (50.6%)

PHY-1001 : ===== Detail Route Phase 3 =====
PHY-1001 : Optimize timing.....
PHY-1022 : len = 270872, over cnt = 47(0%), over = 47, worst = 1, crit = 0
PHY-1001 : End optimize timing; 0.016204s wall, 0.015625s user + 0.000000s system = 0.015625s CPU (96.4%)

PHY-1001 : Ripup-reroute.....
PHY-1001 : ===== DR Iter 1 =====
PHY-1022 : len = 270632, over cnt = 10(0%), over = 10, worst = 1, crit = 0
PHY-1001 : End DR Iter 1; 0.031887s wall, 0.000000s user + 0.015625s system = 0.015625s CPU (49.0%)

PHY-1001 : ===== DR Iter 2 =====
PHY-1022 : len = 270704, over cnt = 0(0%), over = 0, worst = 0, crit = 0
PHY-1001 : End DR Iter 2; 0.021696s wall, 0.000000s user + 0.000000s system = 0.000000s CPU (n/a%)

PHY-1001 : Update timing.....
PHY-1001 : 0/2033(0%) critical/total net(s).
RUN-1001 : --------------------------------------
RUN-1001 :   Type   |  WNS(ns)  |  TNS(ns)  |  FEP  
RUN-1001 : --------------------------------------
RUN-1001 :   Setup  |   1.575   |   0.000   |   0   
RUN-1001 :   Hold   |   0.036   |   0.000   |   0   
RUN-1001 : --------------------------------------
PHY-1001 : End update timing; 0.524489s wall, 0.375000s user + 0.000000s system = 0.375000s CPU (71.5%)

PHY-1001 : Commit to database.....
PHY-1001 : 5 feed throughs used by 5 nets
PHY-1001 : End commit to database; 0.174141s wall, 0.140625s user + 0.000000s system = 0.140625s CPU (80.8%)

PHY-1001 : Current memory(MB): used = 566, reserve = 544, peak = 566.
PHY-1001 : End phase 3; 0.867199s wall, 0.625000s user + 0.031250s system = 0.656250s CPU (75.7%)

PHY-1003 : Routed, final wirelength = 270704
PHY-1001 : Current memory(MB): used = 566, reserve = 544, peak = 566.
PHY-1001 : End export database. 0.007883s wall, 0.000000s user + 0.000000s system = 0.000000s CPU (n/a%)

PHY-1001 : End detail routing;  6.340517s wall, 3.812500s user + 0.156250s system = 3.968750s CPU (62.6%)

RUN-1003 : finish command "route" in  7.029160s wall, 4.187500s user + 0.171875s system = 4.359375s CPU (62.0%)

RUN-1004 : used memory is 511 MB, reserved memory is 494 MB, peak memory is 566 MB
RUN-1002 : start command "report_area -io_info -file pic_sdram_phy.area"
RUN-1001 : standard
***Report Model: top Device: EG4S20BG256***

IO Statistics
#IO                        47
  #input                    6
  #output                  37
  #inout                    4

Utilization Statistics
#lut                     1529   out of  19600    7.80%
#reg                     1074   out of  19600    5.48%
#le                      1894
  #lut only               820   out of   1894   43.29%
  #reg only               365   out of   1894   19.27%
  #lut&reg                709   out of   1894   37.43%
#dsp                        0   out of     29    0.00%
#bram                       2   out of     64    3.12%
  #bram9k                   2
  #fifo9k                   0
#bram32k                    0   out of     16    0.00%
#pad                       47   out of    188   25.00%
  #ireg                     1
  #oreg                    34
  #treg                     0
#pll                        2   out of      4   50.00%
#gclk                       2   out of     16   12.50%

Clock Resource Statistics
Index     ClockNet                 Type               DriverType         Driver                         Fanout
#1        U3/u2_ram/SDRAM_CLK      GCLK               pll                sys_pll_m0/pll_inst.clkc1      374
#2        sys_pll_m0/clk0_buf      GCLK               pll                sys_pll_m0/pll_inst.clkc0      267
#3        video_pll_m0/clk0_buf    GCLK               pll                video_pll_m0/pll_inst.clkc0    67
#4        clk_dup_1                GCLK               io                 clk_syn_2.di                   26


Detailed IO Report

       Name         Direction    Location    IOStandard    DriveStrength    PullType     PackReg   
       clk            INPUT         R7        LVCMOS33          N/A           NONE        NONE     
       key1           INPUT         B2        LVCMOS33          N/A           NONE        IREG     
       key2           INPUT         B1        LVCMOS33          N/A           NONE        NONE     
      rst_n           INPUT         A2        LVCMOS33          N/A           NONE        NONE     
     sd_miso          INPUT        B14        LVCMOS33          N/A           NONE        NONE     
     switch1          INPUT         C8        LVCMOS33          N/A           NONE        NONE     
    flash_cs_n       OUTPUT         P8        LVCMOS33           8            NONE        NONE     
    flash_sck        OUTPUT         M9        LVCMOS33           8            NONE        NONE     
     sd_dclk         OUTPUT        A14        LVCMOS33           8            NONE        OREG     
     sd_mosi         OUTPUT        A13        LVCMOS33           8            NONE        OREG     
      sd_ncs         OUTPUT        A12        LVCMOS33           8            NONE        OREG     
   seg_data[7]       OUTPUT         A6        LVCMOS33           8            NONE        NONE     
   seg_data[6]       OUTPUT         A7        LVCMOS33           8            NONE        OREG     
   seg_data[5]       OUTPUT         A8        LVCMOS33           8            NONE        OREG     
   seg_data[4]       OUTPUT         B5        LVCMOS33           8            NONE        OREG     
   seg_data[3]       OUTPUT         A5        LVCMOS33           8            NONE        OREG     
   seg_data[2]       OUTPUT         B6        LVCMOS33           8            NONE        OREG     
   seg_data[1]       OUTPUT        C16        LVCMOS33           8            NONE        OREG     
   seg_data[0]       OUTPUT        C15        LVCMOS33           8            NONE        OREG     
    seg_sel[5]       OUTPUT        D11        LVCMOS33           8            NONE        OREG     
    seg_sel[4]       OUTPUT        E11        LVCMOS33           8            NONE        OREG     
    seg_sel[3]       OUTPUT        F10        LVCMOS33           8            NONE        OREG     
    seg_sel[2]       OUTPUT        C13        LVCMOS33           8            NONE        OREG     
    seg_sel[1]       OUTPUT        E10        LVCMOS33           8            NONE        OREG     
    seg_sel[0]       OUTPUT        E12        LVCMOS33           8            NONE        OREG     
   vga_out_b[4]      OUTPUT         D5        LVCMOS33           8            NONE        OREG     
   vga_out_b[3]      OUTPUT         D6        LVCMOS33           8            NONE        OREG     
   vga_out_b[2]      OUTPUT         E6        LVCMOS33           8            NONE        OREG     
   vga_out_b[1]      OUTPUT         F6        LVCMOS33           8            NONE        OREG     
   vga_out_b[0]      OUTPUT        H16        LVCMOS25           8            N/A         OREG     
   vga_out_g[5]      OUTPUT         N6        LVCMOS33           8            NONE        OREG     
   vga_out_g[4]      OUTPUT         N5        LVCMOS33           8            NONE        OREG     
   vga_out_g[3]      OUTPUT         P5        LVCMOS33           8            NONE        OREG     
   vga_out_g[2]      OUTPUT         T5        LVCMOS33           8            NONE        OREG     
   vga_out_g[1]      OUTPUT        F14        LVCMOS25           8            N/A         OREG     
   vga_out_g[0]      OUTPUT         A4        LVCMOS33           8            N/A         OREG     
    vga_out_hs       OUTPUT         E7        LVCMOS33           8            NONE        OREG     
   vga_out_r[4]      OUTPUT        E13        LVCMOS33           8            NONE        OREG     
   vga_out_r[3]      OUTPUT         L8        LVCMOS33           8            NONE        OREG     
   vga_out_r[2]      OUTPUT         L7        LVCMOS33           8            NONE        OREG     
   vga_out_r[1]      OUTPUT         R5        LVCMOS33           8            NONE        OREG     
   vga_out_r[0]      OUTPUT         H5        LVCMOS33           8            N/A         OREG     
    vga_out_vs       OUTPUT         F7        LVCMOS33           8            NONE        OREG     
  flash_qspi_IO0      INOUT         P7        LVCMOS33           8            NONE        NONE     
  flash_qspi_IO1      INOUT         N8        LVCMOS33           8            NONE        NONE     
  flash_qspi_IO2      INOUT         P9        LVCMOS33           8            NONE        NONE     
  flash_qspi_IO3      INOUT         R9        LVCMOS33           8            NONE        NONE     
       dm0           OUTPUT        S14        LVCMOS25           8            NONE        OREG     
       cke           OUTPUT        S18        LVCMOS25           8            NONE        NONE     
       we_n          OUTPUT        S19        LVCMOS25           8            NONE        OREG     
      cas_n          OUTPUT        S20        LVCMOS25           8            NONE        OREG     
      ras_n          OUTPUT        S21        LVCMOS25           8            NONE        OREG     
       cs_n          OUTPUT        S22        LVCMOS25           8            NONE        NONE     
     addr[9]         OUTPUT        S23        LVCMOS25           8            NONE        OREG     
     addr[8]         OUTPUT        S24        LVCMOS25           8            NONE        OREG     
     addr[7]         OUTPUT        S25        LVCMOS25           8            NONE        OREG     
     addr[6]         OUTPUT        S26        LVCMOS25           8            NONE        OREG     
     addr[5]         OUTPUT        S27        LVCMOS25           8            NONE        OREG     
     addr[4]         OUTPUT        S28        LVCMOS25           8            NONE        OREG     
       dm2           OUTPUT        S29        LVCMOS25           8            NONE        OREG     
       dm3           OUTPUT        S61        LVCMOS25           8            NONE        OREG     
     addr[3]         OUTPUT        S64        LVCMOS25           8            NONE        OREG     
     addr[2]         OUTPUT        S65        LVCMOS25           8            NONE        OREG     
     addr[1]         OUTPUT        S66        LVCMOS25           8            NONE        OREG     
     addr[0]         OUTPUT        S67        LVCMOS25           8            NONE        OREG     
     addr[10]        OUTPUT        S68        LVCMOS25           8            NONE        OREG     
      ba[0]          OUTPUT        S69        LVCMOS25           8            NONE        OREG     
      ba[1]          OUTPUT        S70        LVCMOS25           8            NONE        OREG     
       clk           OUTPUT        S73        LVCMOS25           8            NONE        NONE     
       dm1           OUTPUT        S76        LVCMOS25           8            NONE        OREG     
      dq[0]           INOUT         S1        LVCMOS25           8           PULLUP     IREG;OREG  
      dq[6]           INOUT        S11        LVCMOS25           8           PULLUP     IREG;OREG  
      dq[7]           INOUT        S12        LVCMOS25           8           PULLUP     IREG;OREG  
      dq[1]           INOUT         S2        LVCMOS25           8           PULLUP     IREG;OREG  
      dq[23]          INOUT        S31        LVCMOS25           8           PULLUP       IREG     
      dq[22]          INOUT        S32        LVCMOS25           8           PULLUP       IREG     
      dq[21]          INOUT        S35        LVCMOS25           8           PULLUP       IREG     
      dq[20]          INOUT        S36        LVCMOS25           8           PULLUP       IREG     
      dq[19]          INOUT        S37        LVCMOS25           8           PULLUP       IREG     
      dq[18]          INOUT        S38        LVCMOS25           8           PULLUP       IREG     
      dq[17]          INOUT        S41        LVCMOS25           8           PULLUP       IREG     
      dq[16]          INOUT        S42        LVCMOS25           8           PULLUP       IREG     
      dq[31]          INOUT        S48        LVCMOS25           8           PULLUP       IREG     
      dq[30]          INOUT        S49        LVCMOS25           8           PULLUP       IREG     
      dq[2]           INOUT         S5        LVCMOS25           8           PULLUP     IREG;OREG  
      dq[29]          INOUT        S52        LVCMOS25           8           PULLUP       IREG     
      dq[28]          INOUT        S53        LVCMOS25           8           PULLUP       IREG     
      dq[27]          INOUT        S54        LVCMOS25           8           PULLUP       IREG     
      dq[26]          INOUT        S55        LVCMOS25           8           PULLUP       IREG     
      dq[25]          INOUT        S58        LVCMOS25           8           PULLUP       IREG     
      dq[24]          INOUT        S59        LVCMOS25           8           PULLUP       IREG     
      dq[3]           INOUT         S6        LVCMOS25           8           PULLUP     IREG;OREG  
      dq[4]           INOUT         S7        LVCMOS25           8           PULLUP     IREG;OREG  
      dq[8]           INOUT        S78        LVCMOS25           8           PULLUP     IREG;OREG  
      dq[9]           INOUT        S79        LVCMOS25           8           PULLUP     IREG;OREG  
      dq[5]           INOUT         S8        LVCMOS25           8           PULLUP     IREG;OREG  
      dq[10]          INOUT        S82        LVCMOS25           8           PULLUP     IREG;OREG  
      dq[11]          INOUT        S83        LVCMOS25           8           PULLUP     IREG;OREG  
      dq[12]          INOUT        S84        LVCMOS25           8           PULLUP     IREG;OREG  
      dq[13]          INOUT        S85        LVCMOS25           8           PULLUP     IREG;OREG  
      dq[14]          INOUT        S88        LVCMOS25           8           PULLUP     IREG;OREG  
      dq[15]          INOUT        S89        LVCMOS25           8           PULLUP     IREG;OREG  

Report Hierarchy Area:
+-------------------------------------------------------------------------------------------------------------------------------------+
|Instance                        |Module                                         |le     |lut     |ripple  |seq     |bram    |dsp     |
+-------------------------------------------------------------------------------------------------------------------------------------+
|top                             |top                                            |1894   |1299    |230     |1109    |2       |0       |
|  U3                            |sdram                                          |342    |92      |5       |331     |0       |0       |
|    u2_ram                      |sdr_as_ram                                     |342    |92      |5       |331     |0       |0       |
|      u1_init_ref               |sdr_init_ref                                   |89     |16      |5       |81      |0       |0       |
|      u2_wrrd                   |sdr_wrrd                                       |253    |76      |0       |250     |0       |0       |
|  frame_read_write_m0           |frame_read_write                               |473    |297     |98      |306     |2       |0       |
|    frame_fifo_read_m0          |frame_fifo_read                                |109    |84      |24      |58      |0       |0       |
|    frame_fifo_write_m0         |frame_fifo_write                               |114    |86      |24      |60      |0       |0       |
|    read_buf                    |afifo_16_256                                   |126    |58      |25      |98      |1       |0       |
|      ram_inst                  |ram_infer_afifo_16_256                         |0      |0       |0       |0       |1       |0       |
|      rd_to_wr_cross_inst       |fifo_cross_domain_addr_process_al_afifo_16_256 |35     |17      |0       |35      |0       |0       |
|      wr_to_rd_cross_inst       |fifo_cross_domain_addr_process_al_afifo_16_256 |36     |16      |0       |36      |0       |0       |
|    write_buf                   |afifo_16_256                                   |124    |69      |25      |90      |1       |0       |
|      ram_inst                  |ram_infer_afifo_16_256                         |0      |0       |0       |0       |1       |0       |
|      rd_to_wr_cross_inst       |fifo_cross_domain_addr_process_al_afifo_16_256 |31     |16      |0       |31      |0       |0       |
|      wr_to_rd_cross_inst       |fifo_cross_domain_addr_process_al_afifo_16_256 |33     |20      |0       |33      |0       |0       |
|  sd_card_bmp_m0                |sd_card_bmp                                    |939    |803     |97      |381     |0       |0       |
|    ax_debounce_m0              |ax_debounce                                    |63     |53      |9       |35      |0       |0       |
|    bmp_read_m0                 |bmp_read                                       |301    |210     |58      |167     |0       |0       |
|    sd_card_top_m0              |sd_card_top                                    |575    |540     |30      |179     |0       |0       |
|      sd_card_cmd_m0            |sd_card_cmd                                    |355    |330     |25      |57      |0       |0       |
|      sd_card_sec_read_write_m0 |sd_card_sec_read_write                         |157    |152     |0       |85      |0       |0       |
|      spi_master_m0             |spi_master                                     |63     |58      |5       |37      |0       |0       |
|  seg_scan_m0                   |seg_scan                                       |75     |53      |22      |20      |0       |0       |
|  sys_pll_m0                    |sys_pll                                        |0      |0       |0       |0       |0       |0       |
|  video_pll_m0                  |video_pll                                      |0      |0       |0       |0       |0       |0       |
|  video_timing_data_m0          |video_timing_data                              |65     |54      |8       |36      |0       |0       |
|    color_bar_m0                |color_bar                                      |46     |36      |8       |31      |0       |0       |
+-------------------------------------------------------------------------------------------------------------------------------------+


DataNet Average Fanout:

   Index     Fanout     Nets  
    #1          1       1440  
    #2          2       260   
    #3          3       180   
    #4          4       113   
    #5        5-10      148   
    #6        11-50      80   
    #7       51-100      2    
    #8       101-500     1    
  Average     2.70            

RUN-1002 : start command "export_db pic_sdram_pr.db"
RUN-1001 : Exported /
RUN-1001 : Exported flow parameters
RUN-1001 : Exported libs
RUN-1001 : Exported entities
RUN-1001 : Exported ports
RUN-1001 : Exported pins
RUN-1001 : Exported instances
RUN-1001 : Exported nets
RUN-1001 : Exported buses
RUN-1001 : Exported models
RUN-1001 : Exported congestions
RUN-1001 : Exported violations
RUN-1001 : Exported timing constraints
RUN-1001 : Exported IO constraints
RUN-1001 : Exported Inst constraints
RUN-1002 : start command "start_timer"
TMR-2505 : Start building timing graph for model top.
TMR-2506 : Build timing graph completely. Port num: 22, tpin num: 9126, tnet num: 2291, tinst num: 1098, tnode num: 11576, tedge num: 15265.
TMR-2508 : Levelizing timing graph completed, there are 41 levels in total.
TMR-2501 : Timing graph initialized successfully.
RUN-1002 : start command "report_timing -mode FINAL -net_info -rpt_autogen true -file pic_sdram_phy.timing"
TMR-2503 : Start to update net delay, extr mode = 6.
TMR-2504 : Update delay of 2291 nets completely.
TMR-2502 : Annotate delay completely, extr mode = 6.
TMR-3001 : Initiate 4 clocks from SDC.
TMR-3004 : Map sdc constraints, there are 8 constraints in total.
TMR-3003 : Constraints initiated successfully.
TMR-3501 : Forward propagation: start to calculate arrival time...
TMR-3502 : Backward propagation: start to calculate required time...
TMR-3503 : Timing propagation completes.
TMR-3506 : Start to generate timing report.
TMR-1502 : Number of clock constraints = 4. Number of clock nets = 4 (0 unconstrainted).
TMR-3508 : Export timing summary.
TMR-3507 : Timing report generated successfully in pic_sdram_phy.timing, timing summary in pic_sdram_phy.tsm.
RUN-1002 : start command "export_bid pic_sdram_inst.bid"
PRG-1000 : <!-- HMAC is: 54b7019ecea91c3b82dae8f45267b3b86b1ac3f0bdeb4c721a823b05dd911fba -->
RUN-1002 : start command "bitgen -bit pic_sdram.bit"
BIT-1003 : Start to generate bitstream. 
BIT-1002 : Init instances with 16 threads.
BIT-1002 : Init instances completely, inst num: 1098
BIT-1002 : Init pips with 16 threads.
BIT-1002 : Init pips completely, net num: 2293, pip num: 20334
BIT-1002 : Init feedthrough completely, num: 5
BIT-1003 : Multithreading accelaration with 16 threads.
BIT-1003 : Generate bitstream completely, there are 1836 valid insts, and 58440 bits set as '1'.
BIT-1004 : the usercode register value: 00000000111110110000000000000000
BIT-1004 : PLL setting string = 0110
BIT-1004 : Generate bits file pic_sdram.bit.
RUN-1003 : finish command "bitgen -bit pic_sdram.bit" in  2.546106s wall, 21.015625s user + 0.031250s system = 21.046875s CPU (826.6%)

RUN-1004 : used memory is 535 MB, reserved memory is 519 MB, peak memory is 712 MB
RUN-1002 : start command "backup_run_log run.log ../.logs/phy_1/td_20231219_161852.log"
