============================================================
   Tang Dynasty, V5.6.71036
      Copyright (c) 2012-2023 Anlogic Inc.
   Executable = D:/Program/Anlogic/TD5.6.2/bin/td.exe
   Built at =   20:34:38 Mar 21 2023
   Run by =     28408
   Run Date =   Tue Dec 19 16:13:01 2023

   Run on =     DESKTOP-T1B5OP5
============================================================
RUN-1002 : start command "open_project pic_sdram.prj"
RUN-1001 : Print Global Property
RUN-1001 : ---------------------------------------------------------------
RUN-1001 :        Parameters        |  Settings  |  Default Values  |  Note  
RUN-1001 : ---------------------------------------------------------------
RUN-1001 :          message         |  standard  |     standard     |        
RUN-1001 :   mixed_pack_place_flow  |     on     |        on        |        
RUN-1001 :        qor_monitor       |    off     |       off        |        
RUN-1001 :        syn_ip_flow       |    off     |       off        |        
RUN-1001 :          thread          |    auto    |       auto       |        
RUN-1001 : ---------------------------------------------------------------
RUN-1001 : Print Design Property
RUN-1001 : --------------------------------------------------------------
RUN-1001 :        Parameters       |  Settings  |  Default Values  |  Note  
RUN-1001 : --------------------------------------------------------------
RUN-1001 :   default_reg_initial   |    auto    |       auto       |        
RUN-1001 :        infer_add        |     on     |        on        |        
RUN-1001 :        infer_fsm        |    off     |       off        |        
RUN-1001 :        infer_mult       |     on     |        on        |        
RUN-1001 :        infer_ram        |     on     |        on        |        
RUN-1001 :        infer_reg        |     on     |        on        |        
RUN-1001 :   infer_reg_init_value  |     on     |        on        |        
RUN-1001 :        infer_rom        |     on     |        on        |        
RUN-1001 :      infer_shifter      |     on     |        on        |        
RUN-1001 : --------------------------------------------------------------
RUN-1001 : Print Rtl Property
RUN-1001 : --------------------------------------------------------------
RUN-1001 :        Parameters       |  Settings  |  Default Values  |  Note  
RUN-1001 : --------------------------------------------------------------
RUN-1001 :       compress_add      |   ripple   |      ripple      |        
RUN-1001 :        elf_sload        |    off     |       off        |        
RUN-1001 :       fix_undriven      |     0      |        0         |        
RUN-1001 :         flatten         |    off     |       off        |        
RUN-1001 :       gate_sharing      |     on     |        on        |        
RUN-1001 :    hdl_warning_level    |   normal   |      normal      |        
RUN-1001 :   impl_internal_tribuf  |     on     |        on        |        
RUN-1001 :      impl_set_reset     |     on     |        on        |        
RUN-1001 :        infer_gsr        |    off     |       off        |        
RUN-1001 :      keep_hierarchy     |    auto    |       auto       |        
RUN-1001 :        max_fanout       |    9999    |       9999       |        
RUN-1001 :      max_oh2bin_len     |     10     |        10        |        
RUN-1001 :       merge_equal       |     on     |        on        |        
RUN-1001 :       merge_equiv       |     on     |        on        |        
RUN-1001 :        merge_mux        |    off     |       off        |        
RUN-1001 :     min_control_set     |     8      |        8         |        
RUN-1001 :      min_ripple_len     |    auto    |       auto       |        
RUN-1001 :       oh2bin_ratio      |    0.08    |       0.08       |        
RUN-1001 :     opt_adder_fanout    |     on     |        on        |        
RUN-1001 :        opt_arith        |     on     |        on        |        
RUN-1001 :       opt_big_gate      |    off     |       off        |        
RUN-1001 :        opt_const        |     on     |        on        |        
RUN-1001 :      opt_const_mult     |     on     |        on        |        
RUN-1001 :       opt_lessthan      |     on     |        on        |        
RUN-1001 :         opt_mux         |    off     |       off        |        
RUN-1001 :         opt_ram         |    high    |       high       |        
RUN-1001 :      rtl_sim_model      |    off     |       off        |        
RUN-1001 :         seq_syn         |     on     |        on        |        
RUN-1001 : --------------------------------------------------------------
HDL-1007 : analyze verilog file ../../al_ip/sys_pll.v
HDL-1007 : undeclared symbol 'open', assumed default net type 'wire' in ../../al_ip/sys_pll.v(77)
HDL-1007 : analyze verilog file ../../al_ip/video_pll.v
HDL-1007 : undeclared symbol 'open', assumed default net type 'wire' in ../../al_ip/video_pll.v(63)
HDL-1007 : analyze verilog file ../../al_ip/afifo_16_256.v
HDL-1007 : analyze verilog file ../../src/ax_debounce.v
HDL-1007 : analyze verilog file ../../src/bmp_read.v
HDL-1007 : analyze verilog file ../../src/color_bar.v
HDL-1007 : analyze included file ../../src/video_define.v in ../../src/color_bar.v(2)
HDL-1007 : back to file '../../src/color_bar.v' in ../../src/color_bar.v(2)
HDL-1007 : analyze verilog file ../../src/frame_fifo_read.v
HDL-1007 : analyze verilog file ../../src/frame_fifo_write.v
HDL-1007 : analyze verilog file ../../src/sd_card/sd_card_cmd.v
HDL-1007 : analyze verilog file ../../src/sd_card/sd_card_sec_read_write.v
HDL-1007 : analyze verilog file ../../src/sd_card/sd_card_top.v
HDL-1007 : analyze verilog file ../../src/sd_card/spi_master.v
HDL-1007 : analyze verilog file ../../src/sd_card_bmp.v
HDL-1007 : analyze verilog file ../../src/seg_decoder.v
HDL-1007 : analyze verilog file ../../src/seg_scan.v
HDL-1007 : analyze verilog file ../../src/top.v
HDL-1007 : undeclared symbol 'sdram_clk', assumed default net type 'wire' in ../../src/top.v(102)
HDL-1007 : analyze verilog file ../../src/video_timing_data.v
HDL-1007 : analyze verilog file ../../src/sdram_r/sdram_para.v
HDL-1007 : analyze verilog file ../../src/sdram/enc_file/global_def.v
HDL-1007 : analyze verilog file ../../src/sdram/enc_file/sdr_as_ram.enc.v
Copyright (c) 1998-2019 The OpenSSL Project.  All rights reserved.
This product includes software developed by the OpenSSL Project
for use in the OpenSSL Toolkit (http://www.openssl.org/)
Copyright (C) 1995-1998 Eric Young (eay@cryptsoft.com)
All rights reserved.
This product includes cryptographic software written by Eric Young (eay@cryptsoft.com)
HDL-1007 : back to file '../../src/sdram/enc_file/sdr_as_ram.enc.v' in ../../src/sdram/enc_file/sdr_as_ram.enc.v(148)
HDL-1007 : analyze verilog file ../../src/sdram/enc_file/sdr_init_ref.enc.v
HDL-1007 : undeclared symbol '**', assumed default net type '**' in encrypted_text(0)
HDL-1007 : back to file '../../src/sdram/enc_file/sdr_init_ref.enc.v' in ../../src/sdram/enc_file/sdr_init_ref.enc.v(242)
HDL-5007 WARNING: concatenation with an unsized literal will be treated as 32 bits in encrypted_text(0)
HDL-1007 : analyze verilog file ../../src/sdram/enc_file/sdr_wrrd.enc.v
HDL-5007 WARNING: concatenation with an unsized literal will be treated as 32 bits in encrypted_text(0)
HDL-1007 : back to file '../../src/sdram/enc_file/sdr_wrrd.enc.v' in ../../src/sdram/enc_file/sdr_wrrd.enc.v(255)
HDL-1007 : analyze verilog file ../../src/sdram/sdram.v
HDL-1007 : analyze included file D:\Projects\2023_10_10_HX4S20_test\spi_FLASH_SDRAM_pic\HX4S20\/./src/sdram/enc_file/global_def.v in ../../src/sdram/sdram.v(10)
HDL-1007 : back to file '../../src/sdram/sdram.v' in ../../src/sdram/sdram.v(10)
HDL-1007 : undeclared symbol 'Sdr_busy', assumed default net type 'wire' in ../../src/sdram/sdram.v(63)
HDL-1007 : undeclared symbol 'SDR_CKE', assumed default net type 'wire' in ../../src/sdram/sdram.v(88)
HDL-1007 : analyze verilog file ../../src/frame_read_write.v
RUN-1001 : Project manager successfully analyzed 25 source files.
RUN-1002 : start command "import_device eagle_s20.db -package EG4S20BG256"
ARC-1001 : Device Initialization.
ARC-1001 : ------------------------------------------------------------------
ARC-1001 :            OPTION            |          IO          |   SETTING   
ARC-1001 : ------------------------------------------------------------------
ARC-1001 :   cso_b/cclk/mosi/miso/dout  |  T3/R11/T10/P10/S11  |    gpio    
ARC-1001 :             done             |         P13          |    gpio    
ARC-1001 :           program_b          |          T2          |  dedicate  
ARC-1001 :        tdi/tms/tck/tdo       |   C12/A15/C14/E14    |  dedicate  
ARC-1001 : ------------------------------------------------------------------
ARC-1004 : Device setting, marked 5 dedicate IOs in total.
RUN-1002 : start command "import_db ../syn_1/pic_sdram_gate.db"
RUN-1001 : Importing database generated by Tang Dynasty, V5.6.71036.
RUN-1001 : Database version number 46146.
RUN-1001 : Import flow parameters
RUN-1001 : Import timing constraints
RUN-1001 : Import IO constraints
RUN-1001 : Import Inst constraints
RUN-1001 : Import design success TD_VERSION=5.6.71036 , DB_VERSION=46146
RUN-1002 : start command "read_sdc ../../top.sdc"
RUN-1002 : start command "get_ports clk"
RUN-1002 : start command "create_clock -name clk -period 20 -waveform 0 10 "
RUN-1102 : create_clock: clock name: clk, type: 0, period: 20000, rise: 0, fall: 10000.
RUN-1002 : start command "derive_pll_clocks"
USR-1002 : Gen clock cmd:  create_generated_clock -name {sys_pll_m0/pll_inst.clkc[0]} -source [get_ports {clk}] -master_clock {clk} -multiply_by 2.0000 [get_pins {sys_pll_m0/pll_inst.clkc[0]}]
RUN-1002 : start command "get_ports clk"
RUN-1002 : start command "get_pins sys_pll_m0/pll_inst.clkc[0]"
RUN-1002 : start command "create_generated_clock -name sys_pll_m0/pll_inst.clkc[0] -source  -master_clock clk -multiply_by 2.0000 "
USR-1002 : Gen clock cmd:  create_generated_clock -name {sys_pll_m0/pll_inst.clkc[1]} -source [get_ports {clk}] -master_clock {clk} -multiply_by 2.0000 [get_pins {sys_pll_m0/pll_inst.clkc[1]}]
RUN-1002 : start command "get_ports clk"
RUN-1002 : start command "get_pins sys_pll_m0/pll_inst.clkc[1]"
RUN-1002 : start command "create_generated_clock -name sys_pll_m0/pll_inst.clkc[1] -source  -master_clock clk -multiply_by 2.0000 "
USR-1002 : Gen clock cmd:  create_generated_clock -name {video_pll_m0/pll_inst.clkc[0]} -source [get_ports {clk}] -master_clock {clk} -divide_by 2.0000 [get_pins {video_pll_m0/pll_inst.clkc[0]}]
RUN-1002 : start command "get_ports clk"
RUN-1002 : start command "get_pins video_pll_m0/pll_inst.clkc[0]"
RUN-1002 : start command "create_generated_clock -name video_pll_m0/pll_inst.clkc[0] -source  -master_clock clk -divide_by 2.0000 "
RUN-1002 : start command "get_ports clk"
RUN-1002 : start command "get_pins sys_pll_m0/pll_inst.clkc[0]"
RUN-1002 : start command "rename_clock -name sd_card_clk -source  -master_clock clk "
RUN-1105 : Rename Clock: clock sys_pll_m0/pll_inst.clkc[0] was renamed, new name is sd_card_clk.
RUN-1002 : start command "get_ports clk"
RUN-1002 : start command "get_pins sys_pll_m0/pll_inst.clkc[1]"
RUN-1002 : start command "rename_clock -name ext_mem_clk -source  -master_clock clk "
RUN-1105 : Rename Clock: clock sys_pll_m0/pll_inst.clkc[1] was renamed, new name is ext_mem_clk.
RUN-1002 : start command "get_ports clk"
RUN-1002 : start command "get_pins sys_pll_m0/pll_inst.clkc[2]"
RUN-1002 : start command "rename_clock -name flash_sys_clk -source  -master_clock clk "
RUN-1107 : Rename Clock: new clock flash_sys_clk is created by rename_clock temporarily.
RUN-1002 : start command "get_ports clk"
RUN-1002 : start command "get_pins video_pll_m0/pll_inst.clkc[0]"
RUN-1002 : start command "rename_clock -name video_clk -source  -master_clock clk "
RUN-1105 : Rename Clock: clock video_pll_m0/pll_inst.clkc[0] was renamed, new name is video_clk.
RUN-1002 : start command "read_sdc -ip afifo_16_256 ../../al_ip/afifo_16_256.tcl"
RUN-1002 : start command "get_ports clkw"
RUN-1002 : start command "get_nets  clkw  "
RUN-1002 : start command "get_clocks -nowarn -of nets 8967891714048"
RUN-1002 : start command "get_ports clkr"
RUN-1002 : start command "get_nets  clkr  "
RUN-1002 : start command "get_clocks -nowarn -of nets 18253611008000"
RUN-1002 : start command "get_property -nowarn -max PERIOD "
RUN-1002 : start command "get_property -nowarn -max PERIOD "
RUN-1002 : start command "get_regs rd_to_wr_cross_inst/primary_addr_gray_reg[*]"
RUN-1002 : start command "get_regs rd_to_wr_cross_inst/sync_r1[*]"
RUN-1002 : start command "set_max_delay -from  -to  9.6999999999999993 -datapath_only"
RUN-1002 : start command "get_regs rd_to_wr_cross_inst/primary_addr_gray_reg[*]"
RUN-1002 : start command "get_regs rd_to_wr_cross_inst/sync_r1[*]"
RUN-1002 : start command "set_false_path -from  -to  -hold 9.6999999999999993"
USR-1002 : set_false_path -help -setup -hold -from <list> -rise_from <list> -fall_from <list> -to <list> -rise_to <list> -fall_to <list> -through <list>
RUN-1002 : start command "get_regs wr_to_rd_cross_inst/primary_addr_gray_reg[*]"
RUN-1002 : start command "get_regs wr_to_rd_cross_inst/sync_r1[*]"
RUN-1002 : start command "set_max_delay -from  -to  9.6999999999999993 -datapath_only"
RUN-1002 : start command "get_regs wr_to_rd_cross_inst/primary_addr_gray_reg[*]"
RUN-1002 : start command "get_regs wr_to_rd_cross_inst/sync_r1[*]"
RUN-1002 : start command "set_false_path -from  -to  -hold 9.6999999999999993"
USR-1002 : set_false_path -help -setup -hold -from <list> -rise_from <list> -fall_from <list> -to <list> -rise_to <list> -fall_to <list> -through <list>
RUN-1002 : start command "get_ports clkw"
RUN-1002 : start command "get_nets  clkw  "
RUN-1002 : start command "get_clocks -nowarn -of nets 24442658881536"
RUN-1002 : start command "get_ports clkr"
RUN-1002 : start command "get_nets  clkr  "
RUN-1002 : start command "get_clocks -nowarn -of nets 8967891714048"
RUN-1002 : start command "get_property -nowarn -max PERIOD "
RUN-1002 : start command "get_property -nowarn -max PERIOD "
RUN-1002 : start command "get_regs rd_to_wr_cross_inst/primary_addr_gray_reg[*]"
RUN-1002 : start command "get_regs rd_to_wr_cross_inst/sync_r1[*]"
RUN-1002 : start command "set_max_delay -from  -to  9.6999999999999993 -datapath_only"
RUN-1002 : start command "get_regs rd_to_wr_cross_inst/primary_addr_gray_reg[*]"
RUN-1002 : start command "get_regs rd_to_wr_cross_inst/sync_r1[*]"
RUN-1002 : start command "set_false_path -from  -to  -hold 9.6999999999999993"
USR-1002 : set_false_path -help -setup -hold -from <list> -rise_from <list> -fall_from <list> -to <list> -rise_to <list> -fall_to <list> -through <list>
RUN-1002 : start command "get_regs wr_to_rd_cross_inst/primary_addr_gray_reg[*]"
RUN-1002 : start command "get_regs wr_to_rd_cross_inst/sync_r1[*]"
RUN-1002 : start command "set_max_delay -from  -to  9.6999999999999993 -datapath_only"
RUN-1002 : start command "get_regs wr_to_rd_cross_inst/primary_addr_gray_reg[*]"
RUN-1002 : start command "get_regs wr_to_rd_cross_inst/sync_r1[*]"
RUN-1002 : start command "set_false_path -from  -to  -hold 9.6999999999999993"
USR-1002 : set_false_path -help -setup -hold -from <list> -rise_from <list> -fall_from <list> -to <list> -rise_to <list> -fall_to <list> -through <list>
RUN-1002 : start command "place"
RUN-1001 : Open license file D:/Program/Anlogic/TD5.6.2/license/Anlogic.lic
RUN-1001 : Print Global Property
RUN-1001 : ---------------------------------------------------------------
RUN-1001 :        Parameters        |  Settings  |  Default Values  |  Note  
RUN-1001 : ---------------------------------------------------------------
RUN-1001 :          message         |  standard  |     standard     |        
RUN-1001 :   mixed_pack_place_flow  |     on     |        on        |        
RUN-1001 :        qor_monitor       |    off     |       off        |        
RUN-1001 :        syn_ip_flow       |    off     |       off        |        
RUN-1001 :          thread          |    auto    |       auto       |        
RUN-1001 : ---------------------------------------------------------------
RUN-1001 : Print Place Property
RUN-1001 : --------------------------------------------------------------
RUN-1001 :        Parameters       |  Settings  |  Default Values  |  Note  
RUN-1001 : --------------------------------------------------------------
RUN-1001 :      detailed_place     |     on     |        on        |        
RUN-1001 :          effort         |   medium   |      medium      |        
RUN-1001 :         fix_hold        |    off     |       off        |        
RUN-1001 :       legalization      |    ori     |       ori        |        
RUN-1001 :      new_spreading      |     on     |        on        |        
RUN-1001 :        opt_timing       |   medium   |      medium      |        
RUN-1001 :   post_clock_route_opt  |    off     |       off        |        
RUN-1001 :       pr_strategy       |     1      |        1         |        
RUN-1001 :        relaxation       |    1.00    |       1.00       |        
RUN-1001 :         retiming        |    off     |       off        |        
RUN-1001 : --------------------------------------------------------------
PHY-3001 : Placer runs in 16 thread(s).
RUN-1002 : start command "legalize_phy_inst"
SYN-1011 : Flatten model top
SYN-5055 WARNING: The kept net frame_read_write_m0/frame_fifo_read_m0/App_rd_en_d0 will be merged to another kept net U3/App_rd_en
SYN-5055 WARNING: The kept net U3/u2_ram/u2_wrrd/App_rd_en will be merged to another kept net U3/App_rd_en
SYN-5055 WARNING: The kept net U3/u2_ram/u2_wrrd/Sdr_clk_sft will be merged to another kept net U3/u2_ram/SDRAM_CLK
SYN-5055 WARNING: The kept net U3/SDRAM_CLK will be merged to another kept net U3/u2_ram/SDRAM_CLK
SYN-5055 WARNING: The kept net U3/Sdr_rd_dout[31] will be merged to another kept net U3/u2_ram/Sdr_rd_dout[31]
SYN-5055 WARNING: The kept net U3/Sdr_rd_dout[30] will be merged to another kept net U3/u2_ram/Sdr_rd_dout[30]
SYN-5055 WARNING: The kept net U3/Sdr_rd_dout[29] will be merged to another kept net U3/u2_ram/Sdr_rd_dout[29]
SYN-5055 WARNING: The kept net U3/Sdr_rd_dout[28] will be merged to another kept net U3/u2_ram/Sdr_rd_dout[28]
SYN-5055 WARNING: The kept net U3/Sdr_rd_dout[27] will be merged to another kept net U3/u2_ram/Sdr_rd_dout[27]
SYN-5055 WARNING: The kept net U3/Sdr_rd_dout[26] will be merged to another kept net U3/u2_ram/Sdr_rd_dout[26]
SYN-5055 Similar messages will be suppressed.
RUN-1002 : start command "phys_opt -simplify_lut"
SYN-1032 : 2769/1 useful/useless nets, 2408/0 useful/useless insts
SYN-4016 : Net frame_read_write_m0/write_buf/clkw driven by BUFG (429 clock/control pins, 1 other pins).
SYN-4016 : Net frame_read_write_m0/read_buf/clkr driven by BUFG (86 clock/control pins, 1 other pins).
SYN-4027 : Net U3/u2_ram/SDRAM_CLK is clkc1 of pll sys_pll_m0/pll_inst.
SYN-4019 : Net clk_dup_1 is refclk of pll sys_pll_m0/pll_inst.
SYN-4020 : Net clk_dup_1 is fbclk of pll sys_pll_m0/pll_inst.
SYN-4019 : Net clk_dup_1 is refclk of pll video_pll_m0/pll_inst.
SYN-4020 : Net clk_dup_1 is fbclk of pll video_pll_m0/pll_inst.
SYN-4025 : Tag rtl::Net U3/u2_ram/SDRAM_CLK as clock net
SYN-4025 : Tag rtl::Net clk_dup_1 as clock net
SYN-4025 : Tag rtl::Net frame_read_write_m0/read_buf/clkr as clock net
SYN-4025 : Tag rtl::Net frame_read_write_m0/write_buf/clkw as clock net
SYN-4026 : Tagged 4 rtl::Net as clock net
PHY-1001 : Populate physical database on model top.
RUN-1001 : There are total 2408 instances
RUN-0007 : 1026 luts, 1042 seqs, 147 mslices, 83 lslices, 102 pads, 1 brams, 0 dsps
RUN-1001 : There are total 2769 nets
RUN-6004 WARNING: There are 32 nets with only 1 pin.
RUN-1001 : 1935 nets have 2 pins
RUN-1001 : 587 nets have [3 - 5] pins
RUN-1001 : 124 nets have [6 - 10] pins
RUN-1001 : 45 nets have [11 - 20] pins
RUN-1001 : 42 nets have [21 - 99] pins
RUN-1001 : 4 nets have 100+ pins
RUN-1001 : Report Control nets information:
RUN-1001 : DFF Distribution
RUN-1001 : ----------------------------------
RUN-1001 :   CE   |  SSR  |  ASR  |  DFF Count  
RUN-1001 : ----------------------------------
RUN-1001 :   No   |  No   |  No   |     255     
RUN-1001 :   No   |  No   |  Yes  |     486     
RUN-1001 :   No   |  Yes  |  No   |     65      
RUN-1001 :   Yes  |  No   |  No   |     16      
RUN-1001 :   Yes  |  No   |  Yes  |     202     
RUN-1001 :   Yes  |  Yes  |  No   |     18      
RUN-1001 : ----------------------------------
RUN-0007 : Control Group Statistic
RUN-0007 : ---------------------------
RUN-0007 :   #CLK  |  #CE  |  #SSR/ASR  
RUN-0007 : ---------------------------
RUN-0007 :    4    |  21   |     8      
RUN-0007 : ---------------------------
RUN-0007 : Control Set = 33
PHY-3001 : Initial placement ...
PHY-3001 : design contains 2406 instances, 1026 luts, 1042 seqs, 230 slices, 35 macros(230 instances: 147 mslices 83 lslices)
PHY-0007 : Cell area utilization is 7%
PHY-3001 : Start timing update ...
RUN-1002 : start command "start_timer -report"
TMR-2505 : Start building timing graph for model top.
TMR-2506 : Build timing graph completely. Port num: 22, tpin num: 10765, tnet num: 2767, tinst num: 2406, tnode num: 14034, tedge num: 17055.
TMR-2508 : Levelizing timing graph completed, there are 43 levels in total.
TMR-2501 : Timing graph initialized successfully.
TMR-2503 : Start to update net delay, extr mode = 2.
TMR-2504 : Update delay of 2767 nets completely.
TMR-2502 : Annotate delay completely, extr mode = 2.
TMR-3001 : Initiate 4 clocks from SDC.
TMR-3004 : Map sdc constraints, there are 8 constraints in total.
TMR-3003 : Constraints initiated successfully.
TMR-3501 : Forward propagation: start to calculate arrival time...
TMR-3502 : Backward propagation: start to calculate required time...
TMR-3503 : Timing propagation completes.
PHY-3001 : End timing update;  0.442884s wall, 0.375000s user + 0.000000s system = 0.375000s CPU (84.7%)

PHY-3001 : Global placement ...
PHY-3001 : Initial: Len = 613673
PHY-3001 : Clustering ...
PHY-3001 : Level 0 #clusters 2406.
PHY-3001 : End clustering;  0.000007s wall, 0.000000s user + 0.000000s system = 0.000000s CPU (n/a%)

PHY-3001 : Run with size of 4
PHY-3001 : Cell area utilization is 7%
PHY-3001 : :::0::: Try harder cell spreading with beta_ = 0
PHY-3002 : Step(1): len = 505171, overlap = 2.25
PHY-3002 : Step(2): len = 417013, overlap = 2.25
PHY-3002 : Step(3): len = 368236, overlap = 2.25
PHY-3002 : Step(4): len = 328647, overlap = 2.25
PHY-3002 : Step(5): len = 287086, overlap = 2.25
PHY-3002 : Step(6): len = 256600, overlap = 4.90625
PHY-3002 : Step(7): len = 229285, overlap = 6.34375
PHY-3002 : Step(8): len = 203586, overlap = 4.84375
PHY-3002 : Step(9): len = 179462, overlap = 6.46875
PHY-3002 : Step(10): len = 158736, overlap = 7.84375
PHY-3002 : Step(11): len = 140510, overlap = 18.4688
PHY-3002 : Step(12): len = 126275, overlap = 19.5625
PHY-3002 : Step(13): len = 116295, overlap = 20.5
PHY-3002 : Step(14): len = 108960, overlap = 20.875
PHY-3002 : Step(15): len = 98742.9, overlap = 22
PHY-3002 : Step(16): len = 92653, overlap = 22.3438
PHY-3002 : Step(17): len = 87183.6, overlap = 23.9688
PHY-3001 : :::1::: Try harder cell spreading with beta_ = 0.00284669
PHY-3002 : Step(18): len = 87903.6, overlap = 23.7812
PHY-3002 : Step(19): len = 84760.9, overlap = 21.7188
PHY-3002 : Step(20): len = 83826.4, overlap = 21.8438
PHY-3002 : Step(21): len = 83382.6, overlap = 21.75
PHY-3001 : :::2::: Try harder cell spreading with beta_ = 0.00569338
PHY-3002 : Step(22): len = 83469, overlap = 21.875
PHY-3002 : Step(23): len = 82905.5, overlap = 20.1562
PHY-3002 : Step(24): len = 80360.9, overlap = 22.1875
PHY-3002 : Step(25): len = 76166.9, overlap = 24.8125
PHY-3002 : Step(26): len = 72997.4, overlap = 22.8438
PHY-3002 : Step(27): len = 72937, overlap = 22.7812
PHY-3002 : Step(28): len = 71718, overlap = 22.7188
PHY-3001 : :::3::: Try harder cell spreading with beta_ = 0.0113868
PHY-3002 : Step(29): len = 71794.6, overlap = 22.9688
PHY-3002 : Step(30): len = 71773, overlap = 23.0312
PHY-3002 : Step(31): len = 71635.1, overlap = 21.1875
PHY-3001 : :::4::: Try harder cell spreading with beta_ = 0.0227735
PHY-3002 : Step(32): len = 71010.7, overlap = 23.5312
PHY-3002 : Step(33): len = 70891, overlap = 23.4375
PHY-3001 : :::5::: Try harder cell spreading with beta_ = 0.0455471
PHY-3002 : Step(34): len = 70933.8, overlap = 23.25
PHY-3002 : Step(35): len = 70905.7, overlap = 23.1562
PHY-3001 : :::6::: Try harder cell spreading with beta_ = 0.0910942
PHY-3002 : Step(36): len = 70724.5, overlap = 23.1562
PHY-3002 : Step(37): len = 70619.2, overlap = 23.1562
PHY-3001 : :::7::: Try harder cell spreading with beta_ = 0.182188
PHY-3002 : Step(38): len = 70619.2, overlap = 23.1562
PHY-3002 : Step(39): len = 70619.2, overlap = 23.1562
PHY-3001 : :::8::: Try harder cell spreading with beta_ = 0.364377
PHY-3002 : Step(40): len = 70615.3, overlap = 23.1562
PHY-3002 : Step(41): len = 70593.5, overlap = 23.1562
PHY-3001 : Legalization ...
PHY-3001 : End legalization;  0.003443s wall, 0.000000s user + 0.000000s system = 0.000000s CPU (n/a%)

PHY-3001 : Run with size of 4
PHY-3001 : Cell area utilization is 9%
PHY-3001 : Update timing in Manhattan mode ...
TMR-2503 : Start to update net delay, extr mode = 3.
TMR-2504 : Update delay of 2767 nets completely.
TMR-2502 : Annotate delay completely, extr mode = 3.
TMR-3501 : Forward propagation: start to calculate arrival time...
TMR-3502 : Backward propagation: start to calculate required time...
TMR-3503 : Timing propagation completes.
PHY-3001 : End timing update;  0.052784s wall, 0.046875s user + 0.000000s system = 0.046875s CPU (88.8%)

PHY-3001 : :::0::: Try harder cell spreading with beta_ = 2.74152e-05
PHY-3002 : Step(42): len = 71060.6, overlap = 31.9688
PHY-3002 : Step(43): len = 71178.4, overlap = 31.4375
PHY-3002 : Step(44): len = 69603.6, overlap = 31.5
PHY-3002 : Step(45): len = 69097, overlap = 31
PHY-3002 : Step(46): len = 68043.4, overlap = 30.1875
PHY-3002 : Step(47): len = 67172.7, overlap = 29.4062
PHY-3002 : Step(48): len = 66091.2, overlap = 29.875
PHY-3002 : Step(49): len = 65198.6, overlap = 29.8125
PHY-3002 : Step(50): len = 63975.1, overlap = 29.3438
PHY-3002 : Step(51): len = 62534, overlap = 28.0312
PHY-3002 : Step(52): len = 61510.4, overlap = 27.4062
PHY-3002 : Step(53): len = 60309.9, overlap = 24.75
PHY-3002 : Step(54): len = 59520.8, overlap = 26.4688
PHY-3002 : Step(55): len = 58559.8, overlap = 28.3438
PHY-3002 : Step(56): len = 57498.1, overlap = 30.0312
PHY-3002 : Step(57): len = 56420.8, overlap = 31.9062
PHY-3002 : Step(58): len = 55104.1, overlap = 33.0312
PHY-3002 : Step(59): len = 54158.1, overlap = 36.0312
PHY-3002 : Step(60): len = 52676.5, overlap = 43.7812
PHY-3002 : Step(61): len = 51517.9, overlap = 45.9062
PHY-3002 : Step(62): len = 50682.2, overlap = 46.2188
PHY-3002 : Step(63): len = 50257.1, overlap = 45.1875
PHY-3002 : Step(64): len = 49560.8, overlap = 44.2812
PHY-3002 : Step(65): len = 48949, overlap = 44.375
PHY-3002 : Step(66): len = 48262.3, overlap = 44.5625
PHY-3002 : Step(67): len = 47909.7, overlap = 44.375
PHY-3002 : Step(68): len = 47641.7, overlap = 44.8438
PHY-3001 : :::1::: Try harder cell spreading with beta_ = 5.48304e-05
PHY-3002 : Step(69): len = 47286.8, overlap = 44.4062
PHY-3002 : Step(70): len = 47342.9, overlap = 44.4375
PHY-3001 : :::2::: Try harder cell spreading with beta_ = 0.000109661
PHY-3002 : Step(71): len = 47585.8, overlap = 44.7188
PHY-3002 : Step(72): len = 47845.2, overlap = 44.4062
PHY-3001 : Run with size of 2
PHY-3001 : Cell area utilization is 9%
PHY-3001 : Update timing in Manhattan mode ...
TMR-2503 : Start to update net delay, extr mode = 3.
TMR-2504 : Update delay of 2767 nets completely.
TMR-2502 : Annotate delay completely, extr mode = 3.
TMR-3501 : Forward propagation: start to calculate arrival time...
TMR-3502 : Backward propagation: start to calculate required time...
TMR-3503 : Timing propagation completes.
PHY-3001 : End timing update;  0.052513s wall, 0.046875s user + 0.000000s system = 0.046875s CPU (89.3%)

PHY-3001 : :::0::: Try harder cell spreading with beta_ = 3.63969e-05
PHY-3002 : Step(73): len = 47785.8, overlap = 91.375
PHY-3002 : Step(74): len = 48001.5, overlap = 91.0938
PHY-3002 : Step(75): len = 49779.4, overlap = 87.5
PHY-3002 : Step(76): len = 49991.4, overlap = 82.4375
PHY-3002 : Step(77): len = 50117.7, overlap = 77.4688
PHY-3002 : Step(78): len = 50053.9, overlap = 72.0625
PHY-3002 : Step(79): len = 50093.6, overlap = 72.0938
PHY-3001 : :::1::: Try harder cell spreading with beta_ = 7.27938e-05
PHY-3002 : Step(80): len = 49917.7, overlap = 75.6562
PHY-3002 : Step(81): len = 50032.2, overlap = 74.9375
PHY-3001 : :::2::: Try harder cell spreading with beta_ = 0.000145588
PHY-3002 : Step(82): len = 50970.3, overlap = 66.9062
PHY-3002 : Step(83): len = 51852.9, overlap = 64.8438
PHY-3002 : Step(84): len = 52802.2, overlap = 55.1875
PHY-3002 : Step(85): len = 52787.4, overlap = 50.5625
PHY-3002 : Step(86): len = 52888.7, overlap = 48.9375
PHY-3002 : Step(87): len = 52462.7, overlap = 48.5938
PHY-3002 : Step(88): len = 52506.2, overlap = 47.4375
PHY-3002 : Step(89): len = 52130, overlap = 49.8438
OPT-1001 : Start physical optimization ...
RUN-1002 : start command "start_timer -report"
TMR-2505 : Start building timing graph for model top.
TMR-2506 : Build timing graph completely. Port num: 22, tpin num: 10765, tnet num: 2767, tinst num: 2406, tnode num: 14034, tedge num: 17055.
TMR-2508 : Levelizing timing graph completed, there are 43 levels in total.
TMR-2501 : Timing graph initialized successfully.
OPT-1001 : Total overflow 123.91 peak overflow 3.56
OPT-1001 : Start high-fanout net optimization ...
OPT-1001 : Update timing in global mode
PHY-1001 : Start incremental global routing, caller is place ...
RUN-1001 : Generating global routing grids ...
RUN-1001 : Building simple global routing graph ...
PHY-1001 : Generate routing nets ...
PHY-1001 : Reuse net number 0/2769.
PHY-1001 : Global iterations in 16 thread ...
PHY-1002 : len = 58512, over cnt = 226(0%), over = 694, worst = 18
PHY-1001 : End global iterations;  0.070311s wall, 0.015625s user + 0.000000s system = 0.015625s CPU (22.2%)

PHY-1001 : Congestion index: top1 = 32.28, top5 = 21.55, top10 = 15.22, top15 = 11.66.
PHY-1001 : End incremental global routing;  0.111131s wall, 0.015625s user + 0.015625s system = 0.031250s CPU (28.1%)

TMR-2503 : Start to update net delay, extr mode = 5.
TMR-2504 : Update delay of 2767 nets completely.
TMR-2502 : Annotate delay completely, extr mode = 5.
TMR-3001 : Initiate 4 clocks from SDC.
TMR-3004 : Map sdc constraints, there are 8 constraints in total.
TMR-3003 : Constraints initiated successfully.
TMR-3501 : Forward propagation: start to calculate arrival time...
TMR-3502 : Backward propagation: start to calculate required time...
TMR-3503 : Timing propagation completes.
OPT-1001 : End timing update;  0.056977s wall, 0.062500s user + 0.000000s system = 0.062500s CPU (109.7%)

OPT-1001 : 1 high-fanout net processed.
PHY-3001 : Start incremental placement ...
PHY-1001 : Populate physical database on model top.
PHY-3001 : Initial placement ...
PHY-3001 : eco special cells: 1 has valid locations, 0 needs to be replaced
PHY-3001 : eco pad cells: 102 has valid locations, 0 needs to be replaced
PHY-3001 : eco cells: 2298 has valid locations, 4 needs to be replaced
PHY-3001 : design contains 2409 instances, 1029 luts, 1042 seqs, 230 slices, 35 macros(230 instances: 147 mslices 83 lslices)
PHY-3001 : Global placement ...
PHY-3001 : Initial: Len = 52398.8
PHY-3001 : Run with size of 4
PHY-3001 : Cell area utilization is 9%
PHY-3001 : Update timing in Manhattan mode ...
RUN-1002 : start command "start_timer -report"
TMR-2505 : Start building timing graph for model top.
TMR-2506 : Build timing graph completely. Port num: 22, tpin num: 10777, tnet num: 2770, tinst num: 2409, tnode num: 14046, tedge num: 17073.
TMR-2508 : Levelizing timing graph completed, there are 43 levels in total.
TMR-2501 : Timing graph initialized successfully.
TMR-2503 : Start to update net delay, extr mode = 3.
TMR-2504 : Update delay of 2770 nets completely.
TMR-2502 : Annotate delay completely, extr mode = 3.
TMR-3001 : Initiate 4 clocks from SDC.
TMR-3004 : Map sdc constraints, there are 8 constraints in total.
TMR-3003 : Constraints initiated successfully.
TMR-3501 : Forward propagation: start to calculate arrival time...
TMR-3502 : Backward propagation: start to calculate required time...
TMR-3503 : Timing propagation completes.
PHY-3001 : End timing update;  0.463795s wall, 0.265625s user + 0.000000s system = 0.265625s CPU (57.3%)

PHY-3001 : :::0::: Try harder cell spreading with beta_ = 0
PHY-3002 : Step(90): len = 52280.9, overlap = 9.9375
PHY-3002 : Step(91): len = 52272, overlap = 9.9375
PHY-3002 : Step(92): len = 52272, overlap = 9.9375
PHY-3001 : :::1::: Try harder cell spreading with beta_ = 0.000147946
PHY-3002 : Step(93): len = 52293.1, overlap = 9.9375
PHY-3002 : Step(94): len = 52293.1, overlap = 9.9375
PHY-3001 : Run with size of 2
PHY-3001 : Cell area utilization is 9%
PHY-3001 : Update timing in Manhattan mode ...
TMR-2503 : Start to update net delay, extr mode = 3.
TMR-2504 : Update delay of 2770 nets completely.
TMR-2502 : Annotate delay completely, extr mode = 3.
TMR-3501 : Forward propagation: start to calculate arrival time...
TMR-3502 : Backward propagation: start to calculate required time...
TMR-3503 : Timing propagation completes.
PHY-3001 : End timing update;  0.048436s wall, 0.046875s user + 0.000000s system = 0.046875s CPU (96.8%)

PHY-3001 : :::0::: Try harder cell spreading with beta_ = 0.000272192
PHY-3002 : Step(95): len = 52277.6, overlap = 49.8438
PHY-3002 : Step(96): len = 52277.6, overlap = 49.8438
PHY-3001 : Final: Len = 52277.6, Over = 49.8438
PHY-3001 : End incremental placement;  0.613513s wall, 0.328125s user + 0.000000s system = 0.328125s CPU (53.5%)

OPT-1001 : Total overflow 123.91 peak overflow 3.56
OPT-1001 : End high-fanout net optimization;  0.817046s wall, 0.421875s user + 0.015625s system = 0.437500s CPU (53.5%)

OPT-1001 : Current memory(MB): used = 224, reserve = 196, peak = 224.
OPT-1001 : Start global optimization ...
OPT-1001 : Start congestion update ...
RUN-1001 : Generating global routing grids ...
PHY-1001 : Generate routing nets ...
PHY-1001 : Reuse net number 1699/2772.
PHY-1001 : Global iterations in 16 thread ...
PHY-1002 : len = 58744, over cnt = 225(0%), over = 680, worst = 18
PHY-1002 : len = 61992, over cnt = 159(0%), over = 380, worst = 11
PHY-1002 : len = 66328, over cnt = 34(0%), over = 79, worst = 6
PHY-1002 : len = 67792, over cnt = 2(0%), over = 2, worst = 1
PHY-1002 : len = 67824, over cnt = 0(0%), over = 0, worst = 0
PHY-1001 : End global iterations;  0.061888s wall, 0.000000s user + 0.000000s system = 0.000000s CPU (n/a%)

PHY-1001 : Congestion index: top1 = 31.29, top5 = 22.05, top10 = 16.44, top15 = 12.85.
OPT-1001 : End congestion update;  0.099059s wall, 0.000000s user + 0.000000s system = 0.000000s CPU (n/a%)

OPT-1001 : Update timing in Manhattan mode
TMR-2503 : Start to update net delay, extr mode = 3.
TMR-2504 : Update delay of 2770 nets completely.
TMR-2502 : Annotate delay completely, extr mode = 3.
TMR-3501 : Forward propagation: start to calculate arrival time...
TMR-3502 : Backward propagation: start to calculate required time...
TMR-3503 : Timing propagation completes.
OPT-1001 : End timing update;  0.049321s wall, 0.031250s user + 0.000000s system = 0.031250s CPU (63.4%)

OPT-0007 : Start: WNS 4574 TNS 0 NUM_FEPS 0
OPT-1001 : End global optimization;  0.148627s wall, 0.031250s user + 0.000000s system = 0.031250s CPU (21.0%)

OPT-1001 : Current memory(MB): used = 220, reserve = 192, peak = 224.
OPT-1001 : End physical optimization;  1.392030s wall, 0.812500s user + 0.015625s system = 0.828125s CPU (59.5%)

PHY-3001 : Start packing ...
SYN-4007 : Packing 0 MUX to BLE ...
SYN-4008 : Packed 0 MUX and 0 SEQ to BLE.
SYN-4007 : Packing 1029 LUT to BLE ...
SYN-4008 : Packed 1029 LUT and 535 SEQ to BLE.
SYN-4003 : Packing 507 remaining SEQ's ...
SYN-4005 : Packed 149 SEQ with LUT/SLICE
SYN-4006 : 380 single LUT's are left
SYN-4006 : 358 single SEQ's are left
SYN-4011 : Packing model "top" (AL_USER_NORMAL) with 1387/1939 primitive instances ...
PHY-3001 : End packing;  0.057953s wall, 0.031250s user + 0.000000s system = 0.031250s CPU (53.9%)

PHY-1001 : Populate physical database on model top.
RUN-1001 : There are total 1093 instances
RUN-1001 : 492 mslices, 491 lslices, 102 pads, 1 brams, 0 dsps
RUN-1001 : There are total 2276 nets
RUN-6004 WARNING: There are 32 nets with only 1 pin.
RUN-1001 : 1451 nets have 2 pins
RUN-1001 : 572 nets have [3 - 5] pins
RUN-1001 : 125 nets have [6 - 10] pins
RUN-1001 : 48 nets have [11 - 20] pins
RUN-1001 : 44 nets have [21 - 99] pins
RUN-1001 : 4 nets have 100+ pins
PHY-3001 : design contains 1091 instances, 983 slices, 35 macros(230 instances: 147 mslices 83 lslices)
PHY-3001 : Cell area utilization is 12%
PHY-3001 : After packing: Len = 52255.6, Over = 70.25
PHY-3001 : Run with size of 2
PHY-3001 : Cell area utilization is 12%
PHY-3001 : Update timing in Manhattan mode ...
RUN-1002 : start command "start_timer -report"
TMR-2505 : Start building timing graph for model top.
TMR-2506 : Build timing graph completely. Port num: 22, tpin num: 9074, tnet num: 2274, tinst num: 1091, tnode num: 11515, tedge num: 15173.
TMR-2508 : Levelizing timing graph completed, there are 41 levels in total.
TMR-2501 : Timing graph initialized successfully.
TMR-2503 : Start to update net delay, extr mode = 3.
TMR-2504 : Update delay of 2274 nets completely.
TMR-2502 : Annotate delay completely, extr mode = 3.
TMR-3001 : Initiate 4 clocks from SDC.
TMR-3004 : Map sdc constraints, there are 8 constraints in total.
TMR-3003 : Constraints initiated successfully.
TMR-3501 : Forward propagation: start to calculate arrival time...
TMR-3502 : Backward propagation: start to calculate required time...
TMR-3503 : Timing propagation completes.
PHY-3001 : End timing update;  0.462603s wall, 0.343750s user + 0.000000s system = 0.343750s CPU (74.3%)

PHY-3001 : :::0::: Try harder cell spreading with beta_ = 4.61548e-05
PHY-3002 : Step(97): len = 51106.9, overlap = 76.75
PHY-3002 : Step(98): len = 50532.7, overlap = 77.5
PHY-3002 : Step(99): len = 50321.7, overlap = 80.25
PHY-3002 : Step(100): len = 50261.6, overlap = 79.5
PHY-3002 : Step(101): len = 50241.6, overlap = 80
PHY-3001 : :::1::: Try harder cell spreading with beta_ = 9.23096e-05
PHY-3002 : Step(102): len = 50794.4, overlap = 73.75
PHY-3002 : Step(103): len = 51075.4, overlap = 66.25
PHY-3002 : Step(104): len = 51092.8, overlap = 64.25
PHY-3001 : :::2::: Try harder cell spreading with beta_ = 0.000184619
PHY-3002 : Step(105): len = 52368.2, overlap = 62.5
PHY-3002 : Step(106): len = 53199.8, overlap = 62.25
PHY-3002 : Step(107): len = 53506.4, overlap = 63
PHY-3001 : Legalization ...
PHY-3001 : End legalization;  0.120331s wall, 0.000000s user + 0.015625s system = 0.015625s CPU (13.0%)

PHY-3001 : Trial Legalized: Len = 71419.2
PHY-3001 : Run with size of 2
PHY-3001 : Cell area utilization is 12%
PHY-3001 : Update timing in Manhattan mode ...
TMR-2503 : Start to update net delay, extr mode = 3.
TMR-2504 : Update delay of 2274 nets completely.
TMR-2502 : Annotate delay completely, extr mode = 3.
TMR-3501 : Forward propagation: start to calculate arrival time...
TMR-3502 : Backward propagation: start to calculate required time...
TMR-3503 : Timing propagation completes.
PHY-3001 : End timing update;  0.042388s wall, 0.000000s user + 0.000000s system = 0.000000s CPU (n/a%)

PHY-3001 : :::0::: Try harder cell spreading with beta_ = 0.000729458
PHY-3002 : Step(108): len = 65712.1, overlap = 13.5
PHY-3002 : Step(109): len = 63205.9, overlap = 18.5
PHY-3002 : Step(110): len = 61092.9, overlap = 24
PHY-3002 : Step(111): len = 59007.6, overlap = 27.75
PHY-3002 : Step(112): len = 57282.5, overlap = 33.5
PHY-3002 : Step(113): len = 56381.4, overlap = 36.25
PHY-3002 : Step(114): len = 55678.1, overlap = 39.25
PHY-3002 : Step(115): len = 55180, overlap = 40.5
PHY-3001 : :::1::: Try harder cell spreading with beta_ = 0.00145892
PHY-3002 : Step(116): len = 55361.2, overlap = 39.25
PHY-3002 : Step(117): len = 55476.4, overlap = 41
PHY-3002 : Step(118): len = 55390.2, overlap = 41.5
PHY-3001 : :::2::: Try harder cell spreading with beta_ = 0.00291783
PHY-3002 : Step(119): len = 55544.4, overlap = 40.5
PHY-3002 : Step(120): len = 55687.1, overlap = 39.75
PHY-3001 : Legalization ...
PHY-3001 : End legalization;  0.004581s wall, 0.000000s user + 0.000000s system = 0.000000s CPU (n/a%)

PHY-3001 : Legalized: Len = 65148, Over = 0
PHY-3001 : Spreading special nets. 11 overflows in 2952 tiles.
PHY-3001 : End spreading;  0.005228s wall, 0.000000s user + 0.000000s system = 0.000000s CPU (n/a%)

PHY-3001 : 17 instances has been re-located, deltaX = 12, deltaY = 5, maxDist = 1.
PHY-3001 : Final: Len = 65402, Over = 0
OPT-1001 : Start physical optimization ...
RUN-1002 : start command "start_timer -report"
TMR-2505 : Start building timing graph for model top.
TMR-2506 : Build timing graph completely. Port num: 22, tpin num: 9074, tnet num: 2274, tinst num: 1091, tnode num: 11515, tedge num: 15173.
TMR-2508 : Levelizing timing graph completed, there are 41 levels in total.
TMR-2501 : Timing graph initialized successfully.
OPT-1001 : Total overflow 0.00 peak overflow 0.00
OPT-1001 : Start high-fanout net optimization ...
OPT-1001 : Update timing in global mode
PHY-1001 : Start incremental global routing, caller is place ...
RUN-1001 : Generating global routing grids ...
PHY-1001 : Generate routing nets ...
PHY-1001 : Reuse net number 49/2276.
PHY-1001 : Global iterations in 16 thread ...
PHY-1002 : len = 76104, over cnt = 193(0%), over = 319, worst = 5
PHY-1002 : len = 77352, over cnt = 109(0%), over = 167, worst = 5
PHY-1002 : len = 78928, over cnt = 23(0%), over = 34, worst = 3
PHY-1002 : len = 79104, over cnt = 12(0%), over = 17, worst = 3
PHY-1002 : len = 79304, over cnt = 0(0%), over = 0, worst = 0
PHY-1001 : End global iterations;  0.126026s wall, 0.015625s user + 0.000000s system = 0.015625s CPU (12.4%)

PHY-1001 : Congestion index: top1 = 28.81, top5 = 22.04, top10 = 17.99, top15 = 14.60.
PHY-1001 : End incremental global routing;  0.176502s wall, 0.031250s user + 0.000000s system = 0.031250s CPU (17.7%)

TMR-2503 : Start to update net delay, extr mode = 5.
TMR-2504 : Update delay of 2274 nets completely.
TMR-2502 : Annotate delay completely, extr mode = 5.
TMR-3001 : Initiate 4 clocks from SDC.
TMR-3004 : Map sdc constraints, there are 8 constraints in total.
TMR-3003 : Constraints initiated successfully.
TMR-3501 : Forward propagation: start to calculate arrival time...
TMR-3502 : Backward propagation: start to calculate required time...
TMR-3503 : Timing propagation completes.
OPT-1001 : End timing update;  0.056310s wall, 0.031250s user + 0.015625s system = 0.046875s CPU (83.2%)

OPT-1001 : 0 high-fanout net processed.
OPT-1001 : End high-fanout net optimization;  0.269968s wall, 0.093750s user + 0.015625s system = 0.109375s CPU (40.5%)

OPT-1001 : Current memory(MB): used = 223, reserve = 197, peak = 224.
OPT-1001 : Start path based optimization ...
OPT-1001 : Start congestion update ...
RUN-1001 : Generating global routing grids ...
PHY-1001 : Generate routing nets ...
PHY-1001 : Reuse net number 1856/2276.
PHY-1001 : Global iterations in 16 thread ...
PHY-1002 : len = 79304, over cnt = 0(0%), over = 0, worst = 0
PHY-1001 : End global iterations;  0.004427s wall, 0.000000s user + 0.000000s system = 0.000000s CPU (n/a%)

PHY-1001 : Congestion index: top1 = 28.81, top5 = 22.04, top10 = 17.99, top15 = 14.60.
OPT-1001 : End congestion update;  0.050543s wall, 0.046875s user + 0.000000s system = 0.046875s CPU (92.7%)

OPT-1001 : Update timing in Manhattan mode
TMR-2503 : Start to update net delay, extr mode = 3.
TMR-2504 : Update delay of 2274 nets completely.
TMR-2502 : Annotate delay completely, extr mode = 3.
TMR-3501 : Forward propagation: start to calculate arrival time...
TMR-3502 : Backward propagation: start to calculate required time...
TMR-3503 : Timing propagation completes.
OPT-1001 : End timing update;  0.055682s wall, 0.046875s user + 0.000000s system = 0.046875s CPU (84.2%)

OPT-0007 : Start: WNS 3856 TNS 0 NUM_FEPS 0
OPT-1001 : End path based optimization;  0.106441s wall, 0.093750s user + 0.000000s system = 0.093750s CPU (88.1%)

OPT-1001 : Current memory(MB): used = 226, reserve = 200, peak = 226.
OPT-1001 : Update timing in Manhattan mode
TMR-2503 : Start to update net delay, extr mode = 3.
TMR-2504 : Update delay of 2274 nets completely.
TMR-2502 : Annotate delay completely, extr mode = 3.
TMR-3501 : Forward propagation: start to calculate arrival time...
TMR-3502 : Backward propagation: start to calculate required time...
TMR-3503 : Timing propagation completes.
OPT-1001 : End timing update;  0.051885s wall, 0.046875s user + 0.000000s system = 0.046875s CPU (90.3%)

OPT-1001 : Start pin optimization...
OPT-1001 : skip pin optimization...
RUN-1001 : Generating global routing grids ...
PHY-1001 : Generate routing nets ...
PHY-1001 : Reuse net number 1856/2276.
PHY-1001 : Global iterations in 16 thread ...
PHY-1002 : len = 79304, over cnt = 0(0%), over = 0, worst = 0
PHY-1001 : End global iterations;  0.004102s wall, 0.000000s user + 0.000000s system = 0.000000s CPU (n/a%)

PHY-1001 : Congestion index: top1 = 28.81, top5 = 22.04, top10 = 17.99, top15 = 14.60.
OPT-1001 : Update timing in Manhattan mode
TMR-2503 : Start to update net delay, extr mode = 3.
TMR-2504 : Update delay of 2274 nets completely.
TMR-2502 : Annotate delay completely, extr mode = 3.
TMR-3501 : Forward propagation: start to calculate arrival time...
TMR-3502 : Backward propagation: start to calculate required time...
TMR-3503 : Timing propagation completes.
OPT-1001 : End timing update;  0.050745s wall, 0.046875s user + 0.000000s system = 0.046875s CPU (92.4%)

RUN-1001 : QoR Analysis:
OPT-0007 :   WNS 3856 TNS 0 NUM_FEPS 0
RUN-1001 :   No local congestion issue, and most congested 1% tile average routing util is 28.344828
RUN-1001 :   Top critical paths
RUN-1001 :       #1 path slack 3856ps with logic level 8 
RUN-1001 :       #2 path slack 3882ps with logic level 8 
OPT-1001 : End physical optimization;  0.975003s wall, 0.593750s user + 0.015625s system = 0.609375s CPU (62.5%)

RUN-1003 : finish command "place" in  5.737521s wall, 2.546875s user + 0.156250s system = 2.703125s CPU (47.1%)

RUN-1004 : used memory is 196 MB, reserved memory is 167 MB, peak memory is 227 MB
RUN-1002 : start command "export_db pic_sdram_place.db"
RUN-1001 : Exported /
RUN-1001 : Exported flow parameters
RUN-1001 : Exported libs
RUN-1001 : Exported entities
RUN-1001 : Exported ports
RUN-1001 : Exported pins
RUN-1001 : Exported instances
RUN-1001 : Exported nets
RUN-1001 : Exported buses
RUN-1001 : Exported models
RUN-1001 : Exported congestions
RUN-1001 : Exported violations
RUN-1001 : Exported timing constraints
RUN-1001 : Exported IO constraints
RUN-1001 : Exported Inst constraints
RUN-1002 : start command "route"
RUN-1001 : Open license file D:/Program/Anlogic/TD5.6.2/license/Anlogic.lic
RUN-1001 : Print Global Property
RUN-1001 : ---------------------------------------------------------------
RUN-1001 :        Parameters        |  Settings  |  Default Values  |  Note  
RUN-1001 : ---------------------------------------------------------------
RUN-1001 :          message         |  standard  |     standard     |        
RUN-1001 :   mixed_pack_place_flow  |     on     |        on        |        
RUN-1001 :        qor_monitor       |    off     |       off        |        
RUN-1001 :        syn_ip_flow       |    off     |       off        |        
RUN-1001 :          thread          |    auto    |       auto       |        
RUN-1001 : ---------------------------------------------------------------
RUN-1001 : Print Route Property
RUN-1001 : -------------------------------------------------------
RUN-1001 :    Parameters    |  Settings  |  Default Values  |  Note  
RUN-1001 : -------------------------------------------------------
RUN-1001 :      effort      |   medium   |      medium      |        
RUN-1001 :     fix_hold     |    off     |       off        |        
RUN-1001 :    opt_timing    |   medium   |      medium      |        
RUN-1001 :   phy_sim_model  |    off     |       off        |        
RUN-1001 :     priority     |   timing   |      timing      |        
RUN-1001 :     swap_pin     |     on     |        on        |        
RUN-1001 : -------------------------------------------------------
PHY-1001 : Route runs in 16 thread(s)
RUN-1001 : There are total 1093 instances
RUN-1001 : 492 mslices, 491 lslices, 102 pads, 1 brams, 0 dsps
RUN-1001 : There are total 2276 nets
RUN-6004 WARNING: There are 32 nets with only 1 pin.
RUN-1001 : 1451 nets have 2 pins
RUN-1001 : 572 nets have [3 - 5] pins
RUN-1001 : 125 nets have [6 - 10] pins
RUN-1001 : 48 nets have [11 - 20] pins
RUN-1001 : 44 nets have [21 - 99] pins
RUN-1001 : 4 nets have 100+ pins
RUN-1002 : start command "start_timer -report"
TMR-2505 : Start building timing graph for model top.
TMR-2506 : Build timing graph completely. Port num: 22, tpin num: 9074, tnet num: 2274, tinst num: 1091, tnode num: 11515, tedge num: 15173.
TMR-2508 : Levelizing timing graph completed, there are 41 levels in total.
TMR-2501 : Timing graph initialized successfully.
PHY-1001 : 492 mslices, 491 lslices, 102 pads, 1 brams, 0 dsps
TMR-2503 : Start to update net delay, extr mode = 3.
TMR-2504 : Update delay of 2274 nets completely.
TMR-2502 : Annotate delay completely, extr mode = 3.
TMR-3001 : Initiate 4 clocks from SDC.
TMR-3004 : Map sdc constraints, there are 8 constraints in total.
TMR-3003 : Constraints initiated successfully.
TMR-3501 : Forward propagation: start to calculate arrival time...
TMR-3502 : Backward propagation: start to calculate required time...
TMR-3503 : Timing propagation completes.
PHY-1001 : Start global routing, caller is route ...
RUN-1001 : Generating global routing grids ...
PHY-1001 : Generate routing nets ...
PHY-1001 : Global iterations in 16 thread ...
PHY-1002 : len = 75320, over cnt = 195(0%), over = 325, worst = 5
PHY-1002 : len = 76856, over cnt = 96(0%), over = 124, worst = 4
PHY-1002 : len = 78080, over cnt = 19(0%), over = 27, worst = 4
PHY-1002 : len = 78464, over cnt = 0(0%), over = 0, worst = 0
PHY-1001 : End global iterations;  0.135462s wall, 0.046875s user + 0.000000s system = 0.046875s CPU (34.6%)

PHY-1001 : Congestion index: top1 = 28.88, top5 = 21.86, top10 = 17.79, top15 = 14.49.
PHY-1001 : End global routing;  0.179589s wall, 0.078125s user + 0.000000s system = 0.078125s CPU (43.5%)

PHY-1001 : Start detail routing ...
PHY-1001 : Current memory(MB): used = 246, reserve = 218, peak = 261.
PHY-1001 : Detailed router is running in normal mode.
PHY-1001 : Generate detailed routing grids ...
PHY-1001 : Generate nets ...
PHY-1001 : net clk_dup_1 will be routed on clock mesh
PHY-1001 : net U3/u2_ram/SDRAM_CLK will be routed on clock mesh
PHY-5010 WARNING: Net U3/u2_ram/u2_wrrd/Sdr_rd_dout[31] is skipped due to 0 input or output
PHY-5010 WARNING: Net U3/u2_ram/u2_wrrd/Sdr_rd_dout[30] is skipped due to 0 input or output
PHY-5010 WARNING: Net U3/u2_ram/u2_wrrd/Sdr_rd_dout[29] is skipped due to 0 input or output
PHY-5010 WARNING: Net U3/u2_ram/u2_wrrd/Sdr_rd_dout[28] is skipped due to 0 input or output
PHY-5010 WARNING: Net U3/u2_ram/u2_wrrd/Sdr_rd_dout[27] is skipped due to 0 input or output
PHY-5010 WARNING: Net U3/u2_ram/u2_wrrd/Sdr_rd_dout[26] is skipped due to 0 input or output
PHY-5010 WARNING: Net U3/u2_ram/u2_wrrd/Sdr_rd_dout[25] is skipped due to 0 input or output
PHY-5010 WARNING: Net U3/u2_ram/u2_wrrd/Sdr_rd_dout[24] is skipped due to 0 input or output
PHY-5010 WARNING: Net U3/u2_ram/u2_wrrd/Sdr_rd_dout[23] is skipped due to 0 input or output
PHY-5010 WARNING: Net U3/u2_ram/u2_wrrd/Sdr_rd_dout[22] is skipped due to 0 input or output
PHY-5010 Similar messages will be suppressed.
PHY-1001 : clock net frame_read_write_m0/read_buf/clkr will be merged with clock video_pll_m0/clk0_buf
PHY-1001 : clock net frame_read_write_m0/write_buf/clkw will be merged with clock sys_pll_m0/clk0_buf
PHY-1001 : Current memory(MB): used = 514, reserve = 491, peak = 514.
PHY-1001 : End build detailed router design. 2.485570s wall, 1.453125s user + 0.015625s system = 1.468750s CPU (59.1%)

PHY-1001 : Detail Route ...
PHY-1001 : ===== Detail Route Phase 1 =====
PHY-1001 : Clock net routing.....
PHY-1001 : Routed 0% nets.
PHY-1022 : len = 36576, over cnt = 0(0%), over = 0, worst = 0, crit = 0
PHY-1001 : End initial clock net routed; 0.668494s wall, 0.406250s user + 0.000000s system = 0.406250s CPU (60.8%)

PHY-1001 : Current memory(MB): used = 547, reserve = 525, peak = 547.
PHY-1001 : End phase 1; 0.673254s wall, 0.406250s user + 0.000000s system = 0.406250s CPU (60.3%)

PHY-1001 : ===== Detail Route Phase 2 =====
PHY-1001 : Initial routing.....
PHY-1001 : Routed 38% nets.
PHY-1001 : Routed 43% nets.
PHY-1001 : Routed 56% nets.
PHY-1001 : Routed 69% nets.
PHY-1001 : Routed 87% nets.
PHY-1022 : len = 253640, over cnt = 54(0%), over = 54, worst = 1, crit = 0
PHY-1001 : Current memory(MB): used = 547, reserve = 526, peak = 547.
PHY-1001 : End initial routed; 1.467100s wall, 0.640625s user + 0.031250s system = 0.671875s CPU (45.8%)

PHY-1001 : Update timing.....
PHY-1001 : 0/2000(0%) critical/total net(s).
RUN-1001 : --------------------------------------
RUN-1001 :   Type   |  WNS(ns)  |  TNS(ns)  |  FEP  
RUN-1001 : --------------------------------------
RUN-1001 :   Setup  |   1.030   |   0.000   |   0   
RUN-1001 :   Hold   |   0.076   |   0.000   |   0   
RUN-1001 : --------------------------------------
PHY-1001 : End update timing; 0.519267s wall, 0.218750s user + 0.000000s system = 0.218750s CPU (42.1%)

PHY-1001 : Current memory(MB): used = 548, reserve = 526, peak = 548.
PHY-1001 : End phase 2; 1.986420s wall, 0.859375s user + 0.031250s system = 0.890625s CPU (44.8%)

PHY-1001 : ===== Detail Route Phase 3 =====
PHY-1001 : Optimize timing.....
PHY-1022 : len = 253640, over cnt = 54(0%), over = 54, worst = 1, crit = 0
PHY-1001 : End optimize timing; 0.013520s wall, 0.015625s user + 0.000000s system = 0.015625s CPU (115.6%)

PHY-1001 : Ripup-reroute.....
PHY-1001 : ===== DR Iter 1 =====
PHY-1022 : len = 253320, over cnt = 21(0%), over = 21, worst = 1, crit = 0
PHY-1001 : End DR Iter 1; 0.029320s wall, 0.000000s user + 0.000000s system = 0.000000s CPU (n/a%)

PHY-1001 : ===== DR Iter 2 =====
PHY-1022 : len = 253432, over cnt = 2(0%), over = 2, worst = 1, crit = 0
PHY-1001 : End DR Iter 2; 0.026628s wall, 0.000000s user + 0.000000s system = 0.000000s CPU (n/a%)

PHY-1001 : ===== DR Iter 3 =====
PHY-1022 : len = 253448, over cnt = 0(0%), over = 0, worst = 0, crit = 0
PHY-1001 : End DR Iter 3; 0.021941s wall, 0.015625s user + 0.000000s system = 0.015625s CPU (71.2%)

PHY-1001 : Update timing.....
PHY-1001 : 0/2000(0%) critical/total net(s).
RUN-1001 : --------------------------------------
RUN-1001 :   Type   |  WNS(ns)  |  TNS(ns)  |  FEP  
RUN-1001 : --------------------------------------
RUN-1001 :   Setup  |   1.030   |   0.000   |   0   
RUN-1001 :   Hold   |   0.076   |   0.000   |   0   
RUN-1001 : --------------------------------------
PHY-1001 : End update timing; 0.526155s wall, 0.343750s user + 0.000000s system = 0.343750s CPU (65.3%)

PHY-1001 : Commit to database.....
PHY-1001 : 8 feed throughs used by 7 nets
PHY-1001 : End commit to database; 0.172006s wall, 0.109375s user + 0.000000s system = 0.109375s CPU (63.6%)

PHY-1001 : Current memory(MB): used = 565, reserve = 543, peak = 565.
PHY-1001 : End phase 3; 0.895471s wall, 0.515625s user + 0.000000s system = 0.515625s CPU (57.6%)

PHY-1003 : Routed, final wirelength = 253448
PHY-1001 : Current memory(MB): used = 565, reserve = 543, peak = 565.
PHY-1001 : End export database. 0.008141s wall, 0.015625s user + 0.000000s system = 0.015625s CPU (191.9%)

PHY-1001 : End detail routing;  6.196092s wall, 3.343750s user + 0.046875s system = 3.390625s CPU (54.7%)

RUN-1003 : finish command "route" in  6.897264s wall, 3.796875s user + 0.062500s system = 3.859375s CPU (56.0%)

RUN-1004 : used memory is 539 MB, reserved memory is 519 MB, peak memory is 565 MB
RUN-1002 : start command "report_area -io_info -file pic_sdram_phy.area"
RUN-1001 : standard
***Report Model: top Device: EG4S20BG256***

IO Statistics
#IO                        47
  #input                    6
  #output                  37
  #inout                    4

Utilization Statistics
#lut                     1528   out of  19600    7.80%
#reg                     1076   out of  19600    5.49%
#le                      1882
  #lut only               806   out of   1882   42.83%
  #reg only               354   out of   1882   18.81%
  #lut&reg                722   out of   1882   38.36%
#dsp                        0   out of     29    0.00%
#bram                       1   out of     64    1.56%
  #bram9k                   1
  #fifo9k                   0
#bram32k                    0   out of     16    0.00%
#pad                       47   out of    188   25.00%
  #ireg                     1
  #oreg                    23
  #treg                     0
#pll                        2   out of      4   50.00%
#gclk                       2   out of     16   12.50%

Clock Resource Statistics
Index     ClockNet                 Type               DriverType         Driver                         Fanout
#1        U3/u2_ram/SDRAM_CLK      GCLK               pll                sys_pll_m0/pll_inst.clkc1      376
#2        sys_pll_m0/clk0_buf      GCLK               pll                sys_pll_m0/pll_inst.clkc0      272
#3        video_pll_m0/clk0_buf    GCLK               pll                video_pll_m0/pll_inst.clkc0    57
#4        clk_dup_1                GCLK               io                 clk_syn_2.di                   26


Detailed IO Report

       Name         Direction    Location    IOStandard    DriveStrength    PullType     PackReg   
       clk            INPUT         R7        LVCMOS33          N/A           NONE        NONE     
       key1           INPUT         B2        LVCMOS33          N/A           NONE        IREG     
       key2           INPUT         B1        LVCMOS33          N/A           NONE        NONE     
      rst_n           INPUT         A2        LVCMOS33          N/A           NONE        NONE     
     sd_miso          INPUT        B14        LVCMOS33          N/A           NONE        NONE     
     switch1          INPUT         C8        LVCMOS33          N/A           NONE        NONE     
    flash_cs_n       OUTPUT         P8        LVCMOS33           8            NONE        NONE     
    flash_sck        OUTPUT         M9        LVCMOS33           8            NONE        NONE     
     sd_dclk         OUTPUT        A14        LVCMOS33           8            NONE        OREG     
     sd_mosi         OUTPUT        A13        LVCMOS33           8            NONE        OREG     
      sd_ncs         OUTPUT        A12        LVCMOS33           8            NONE        OREG     
   seg_data[7]       OUTPUT         A6        LVCMOS33           8            NONE        NONE     
   seg_data[6]       OUTPUT         A7        LVCMOS33           8            NONE        OREG     
   seg_data[5]       OUTPUT         A8        LVCMOS33           8            NONE        OREG     
   seg_data[4]       OUTPUT         B5        LVCMOS33           8            NONE        OREG     
   seg_data[3]       OUTPUT         A5        LVCMOS33           8            NONE        OREG     
   seg_data[2]       OUTPUT         B6        LVCMOS33           8            NONE        OREG     
   seg_data[1]       OUTPUT        C16        LVCMOS33           8            NONE        OREG     
   seg_data[0]       OUTPUT        C15        LVCMOS33           8            NONE        OREG     
    seg_sel[5]       OUTPUT        D11        LVCMOS33           8            NONE        OREG     
    seg_sel[4]       OUTPUT        E11        LVCMOS33           8            NONE        OREG     
    seg_sel[3]       OUTPUT        F10        LVCMOS33           8            NONE        OREG     
    seg_sel[2]       OUTPUT        C13        LVCMOS33           8            NONE        OREG     
    seg_sel[1]       OUTPUT        E10        LVCMOS33           8            NONE        OREG     
    seg_sel[0]       OUTPUT        E12        LVCMOS33           8            NONE        OREG     
   vga_out_b[4]      OUTPUT         D5        LVCMOS33           8            NONE        NONE     
   vga_out_b[3]      OUTPUT         D6        LVCMOS33           8            NONE        NONE     
   vga_out_b[2]      OUTPUT         E6        LVCMOS33           8            NONE        NONE     
   vga_out_b[1]      OUTPUT         F6        LVCMOS33           8            NONE        NONE     
   vga_out_b[0]      OUTPUT        H16        LVCMOS25           8            N/A         NONE     
   vga_out_g[5]      OUTPUT         N6        LVCMOS33           8            NONE        NONE     
   vga_out_g[4]      OUTPUT         N5        LVCMOS33           8            NONE        NONE     
   vga_out_g[3]      OUTPUT         P5        LVCMOS33           8            NONE        NONE     
   vga_out_g[2]      OUTPUT         T5        LVCMOS33           8            NONE        NONE     
   vga_out_g[1]      OUTPUT        F14        LVCMOS25           8            N/A         NONE     
   vga_out_g[0]      OUTPUT         A4        LVCMOS33           8            N/A         NONE     
    vga_out_hs       OUTPUT         E7        LVCMOS33           8            NONE        OREG     
   vga_out_r[4]      OUTPUT        E13        LVCMOS33           8            NONE        OREG     
   vga_out_r[3]      OUTPUT         L8        LVCMOS33           8            NONE        OREG     
   vga_out_r[2]      OUTPUT         L7        LVCMOS33           8            NONE        OREG     
   vga_out_r[1]      OUTPUT         R5        LVCMOS33           8            NONE        OREG     
   vga_out_r[0]      OUTPUT         H5        LVCMOS33           8            N/A         OREG     
    vga_out_vs       OUTPUT         F7        LVCMOS33           8            NONE        OREG     
  flash_qspi_IO0      INOUT         P7        LVCMOS33           8            NONE        NONE     
  flash_qspi_IO1      INOUT         N8        LVCMOS33           8            NONE        NONE     
  flash_qspi_IO2      INOUT         P9        LVCMOS33           8            NONE        NONE     
  flash_qspi_IO3      INOUT         R9        LVCMOS33           8            NONE        NONE     
       dm0           OUTPUT        S14        LVCMOS25           8            NONE        OREG     
       cke           OUTPUT        S18        LVCMOS25           8            NONE        NONE     
       we_n          OUTPUT        S19        LVCMOS25           8            NONE        OREG     
      cas_n          OUTPUT        S20        LVCMOS25           8            NONE        OREG     
      ras_n          OUTPUT        S21        LVCMOS25           8            NONE        OREG     
       cs_n          OUTPUT        S22        LVCMOS25           8            NONE        NONE     
     addr[9]         OUTPUT        S23        LVCMOS25           8            NONE        OREG     
     addr[8]         OUTPUT        S24        LVCMOS25           8            NONE        OREG     
     addr[7]         OUTPUT        S25        LVCMOS25           8            NONE        OREG     
     addr[6]         OUTPUT        S26        LVCMOS25           8            NONE        OREG     
     addr[5]         OUTPUT        S27        LVCMOS25           8            NONE        OREG     
     addr[4]         OUTPUT        S28        LVCMOS25           8            NONE        OREG     
       dm2           OUTPUT        S29        LVCMOS25           8            NONE        OREG     
       dm3           OUTPUT        S61        LVCMOS25           8            NONE        OREG     
     addr[3]         OUTPUT        S64        LVCMOS25           8            NONE        OREG     
     addr[2]         OUTPUT        S65        LVCMOS25           8            NONE        OREG     
     addr[1]         OUTPUT        S66        LVCMOS25           8            NONE        OREG     
     addr[0]         OUTPUT        S67        LVCMOS25           8            NONE        OREG     
     addr[10]        OUTPUT        S68        LVCMOS25           8            NONE        OREG     
      ba[0]          OUTPUT        S69        LVCMOS25           8            NONE        OREG     
      ba[1]          OUTPUT        S70        LVCMOS25           8            NONE        OREG     
       clk           OUTPUT        S73        LVCMOS25           8            NONE        NONE     
       dm1           OUTPUT        S76        LVCMOS25           8            NONE        OREG     
      dq[0]           INOUT         S1        LVCMOS25           8           PULLUP     IREG;OREG  
      dq[6]           INOUT        S11        LVCMOS25           8           PULLUP     IREG;OREG  
      dq[7]           INOUT        S12        LVCMOS25           8           PULLUP     IREG;OREG  
      dq[1]           INOUT         S2        LVCMOS25           8           PULLUP     IREG;OREG  
      dq[23]          INOUT        S31        LVCMOS25           8           PULLUP       IREG     
      dq[22]          INOUT        S32        LVCMOS25           8           PULLUP       IREG     
      dq[21]          INOUT        S35        LVCMOS25           8           PULLUP       IREG     
      dq[20]          INOUT        S36        LVCMOS25           8           PULLUP       IREG     
      dq[19]          INOUT        S37        LVCMOS25           8           PULLUP       IREG     
      dq[18]          INOUT        S38        LVCMOS25           8           PULLUP       IREG     
      dq[17]          INOUT        S41        LVCMOS25           8           PULLUP       IREG     
      dq[16]          INOUT        S42        LVCMOS25           8           PULLUP       IREG     
      dq[31]          INOUT        S48        LVCMOS25           8           PULLUP       IREG     
      dq[30]          INOUT        S49        LVCMOS25           8           PULLUP       IREG     
      dq[2]           INOUT         S5        LVCMOS25           8           PULLUP     IREG;OREG  
      dq[29]          INOUT        S52        LVCMOS25           8           PULLUP       IREG     
      dq[28]          INOUT        S53        LVCMOS25           8           PULLUP       IREG     
      dq[27]          INOUT        S54        LVCMOS25           8           PULLUP       IREG     
      dq[26]          INOUT        S55        LVCMOS25           8           PULLUP       IREG     
      dq[25]          INOUT        S58        LVCMOS25           8           PULLUP       IREG     
      dq[24]          INOUT        S59        LVCMOS25           8           PULLUP       IREG     
      dq[3]           INOUT         S6        LVCMOS25           8           PULLUP     IREG;OREG  
      dq[4]           INOUT         S7        LVCMOS25           8           PULLUP     IREG;OREG  
      dq[8]           INOUT        S78        LVCMOS25           8           PULLUP     IREG;OREG  
      dq[9]           INOUT        S79        LVCMOS25           8           PULLUP     IREG;OREG  
      dq[5]           INOUT         S8        LVCMOS25           8           PULLUP     IREG;OREG  
      dq[10]          INOUT        S82        LVCMOS25           8           PULLUP     IREG;OREG  
      dq[11]          INOUT        S83        LVCMOS25           8           PULLUP     IREG;OREG  
      dq[12]          INOUT        S84        LVCMOS25           8           PULLUP     IREG;OREG  
      dq[13]          INOUT        S85        LVCMOS25           8           PULLUP     IREG;OREG  
      dq[14]          INOUT        S88        LVCMOS25           8           PULLUP     IREG;OREG  
      dq[15]          INOUT        S89        LVCMOS25           8           PULLUP     IREG;OREG  

Report Hierarchy Area:
+-------------------------------------------------------------------------------------------------------------------------------------+
|Instance                        |Module                                         |le     |lut     |ripple  |seq     |bram    |dsp     |
+-------------------------------------------------------------------------------------------------------------------------------------+
|top                             |top                                            |1882   |1298    |230     |1100    |1       |0       |
|  U3                            |sdram                                          |335    |96      |5       |323     |0       |0       |
|    u2_ram                      |sdr_as_ram                                     |335    |96      |5       |323     |0       |0       |
|      u1_init_ref               |sdr_init_ref                                   |91     |18      |5       |83      |0       |0       |
|      u2_wrrd                   |sdr_wrrd                                       |244    |78      |0       |240     |0       |0       |
|  frame_read_write_m0           |frame_read_write                               |474    |298     |98      |319     |1       |0       |
|    frame_fifo_read_m0          |frame_fifo_read                                |119    |91      |24      |68      |0       |0       |
|    frame_fifo_write_m0         |frame_fifo_write                               |107    |81      |24      |61      |0       |0       |
|    read_buf                    |afifo_16_256                                   |122    |62      |25      |94      |0       |0       |
|      rd_to_wr_cross_inst       |fifo_cross_domain_addr_process_al_afifo_16_256 |34     |19      |0       |34      |0       |0       |
|      wr_to_rd_cross_inst       |fifo_cross_domain_addr_process_al_afifo_16_256 |32     |18      |0       |32      |0       |0       |
|    write_buf                   |afifo_16_256                                   |126    |64      |25      |96      |1       |0       |
|      ram_inst                  |ram_infer_afifo_16_256                         |0      |0       |0       |0       |1       |0       |
|      rd_to_wr_cross_inst       |fifo_cross_domain_addr_process_al_afifo_16_256 |32     |16      |0       |32      |0       |0       |
|      wr_to_rd_cross_inst       |fifo_cross_domain_addr_process_al_afifo_16_256 |36     |20      |0       |36      |0       |0       |
|  sd_card_bmp_m0                |sd_card_bmp                                    |949    |814     |97      |382     |0       |0       |
|    ax_debounce_m0              |ax_debounce                                    |63     |54      |9       |35      |0       |0       |
|    bmp_read_m0                 |bmp_read                                       |292    |208     |58      |166     |0       |0       |
|    sd_card_top_m0              |sd_card_top                                    |594    |552     |30      |181     |0       |0       |
|      sd_card_cmd_m0            |sd_card_cmd                                    |362    |333     |25      |53      |0       |0       |
|      sd_card_sec_read_write_m0 |sd_card_sec_read_write                         |162    |154     |0       |85      |0       |0       |
|      spi_master_m0             |spi_master                                     |70     |65      |5       |43      |0       |0       |
|  seg_scan_m0                   |seg_scan                                       |75     |53      |22      |18      |0       |0       |
|  sys_pll_m0                    |sys_pll                                        |0      |0       |0       |0       |0       |0       |
|  video_pll_m0                  |video_pll                                      |0      |0       |0       |0       |0       |0       |
|  video_timing_data_m0          |video_timing_data                              |49     |37      |8       |34      |0       |0       |
|    color_bar_m0                |color_bar                                      |46     |36      |8       |31      |0       |0       |
+-------------------------------------------------------------------------------------------------------------------------------------+


DataNet Average Fanout:

   Index     Fanout     Nets  
    #1          1       1404  
    #2          2       263   
    #3          3       181   
    #4          4       128   
    #5        5-10      133   
    #6        11-50      80   
    #7       51-100      1    
    #8       101-500     1    
  Average     2.71            

RUN-1002 : start command "export_db pic_sdram_pr.db"
RUN-1001 : Exported /
RUN-1001 : Exported flow parameters
RUN-1001 : Exported libs
RUN-1001 : Exported entities
RUN-1001 : Exported ports
RUN-1001 : Exported pins
RUN-1001 : Exported instances
RUN-1001 : Exported nets
RUN-1001 : Exported buses
RUN-1001 : Exported models
RUN-1001 : Exported congestions
RUN-1001 : Exported violations
RUN-1001 : Exported timing constraints
RUN-1001 : Exported IO constraints
RUN-1001 : Exported Inst constraints
RUN-1002 : start command "start_timer"
TMR-2505 : Start building timing graph for model top.
TMR-2506 : Build timing graph completely. Port num: 22, tpin num: 9074, tnet num: 2274, tinst num: 1091, tnode num: 11515, tedge num: 15173.
TMR-2508 : Levelizing timing graph completed, there are 41 levels in total.
TMR-2501 : Timing graph initialized successfully.
RUN-1002 : start command "report_timing -mode FINAL -net_info -rpt_autogen true -file pic_sdram_phy.timing"
TMR-2503 : Start to update net delay, extr mode = 6.
TMR-2504 : Update delay of 2274 nets completely.
TMR-2502 : Annotate delay completely, extr mode = 6.
TMR-3001 : Initiate 4 clocks from SDC.
TMR-3004 : Map sdc constraints, there are 8 constraints in total.
TMR-3003 : Constraints initiated successfully.
TMR-3501 : Forward propagation: start to calculate arrival time...
TMR-3502 : Backward propagation: start to calculate required time...
TMR-3503 : Timing propagation completes.
TMR-3506 : Start to generate timing report.
TMR-1502 : Number of clock constraints = 4. Number of clock nets = 4 (0 unconstrainted).
TMR-3508 : Export timing summary.
TMR-3507 : Timing report generated successfully in pic_sdram_phy.timing, timing summary in pic_sdram_phy.tsm.
RUN-1002 : start command "export_bid pic_sdram_inst.bid"
PRG-1000 : <!-- HMAC is: 2a81b6f6f3f2bc11ef9a542538efda43581e39be30f07c690cbcaf999f17a9a8 -->
RUN-1002 : start command "bitgen -bit pic_sdram.bit"
BIT-1003 : Start to generate bitstream. 
BIT-1002 : Init instances with 16 threads.
BIT-1002 : Init instances completely, inst num: 1091
BIT-1002 : Init pips with 16 threads.
BIT-1002 : Init pips completely, net num: 2276, pip num: 20038
BIT-1002 : Init feedthrough completely, num: 8
BIT-1003 : Multithreading accelaration with 16 threads.
BIT-1003 : Generate bitstream completely, there are 1680 valid insts, and 57835 bits set as '1'.
BIT-1004 : the usercode register value: 00000000101111010000000000000000
BIT-1004 : PLL setting string = 0110
BIT-1004 : Generate bits file pic_sdram.bit.
RUN-1003 : finish command "bitgen -bit pic_sdram.bit" in  2.423503s wall, 20.375000s user + 0.015625s system = 20.390625s CPU (841.4%)

RUN-1004 : used memory is 549 MB, reserved memory is 526 MB, peak memory is 722 MB
RUN-1002 : start command "backup_run_log run.log ../.logs/phy_1/td_20231219_161301.log"
