============================================================
   Tang Dynasty, V5.6.71036
      Copyright (c) 2012-2023 Anlogic Inc.
   Executable = D:/Program/Anlogic/TD5.6.2/bin/td.exe
   Built at =   20:34:38 Mar 21 2023
   Run by =     28408
   Run Date =   Thu Dec 14 15:09:52 2023

   Run on =     DESKTOP-T1B5OP5
============================================================
RUN-1002 : start command "open_project pic_sdram.prj"
RUN-1001 : Print Global Property
RUN-1001 : ---------------------------------------------------------------
RUN-1001 :        Parameters        |  Settings  |  Default Values  |  Note  
RUN-1001 : ---------------------------------------------------------------
RUN-1001 :          message         |  standard  |     standard     |        
RUN-1001 :   mixed_pack_place_flow  |     on     |        on        |        
RUN-1001 :        qor_monitor       |    off     |       off        |        
RUN-1001 :        syn_ip_flow       |    off     |       off        |        
RUN-1001 :          thread          |    auto    |       auto       |        
RUN-1001 : ---------------------------------------------------------------
RUN-1001 : Print Design Property
RUN-1001 : --------------------------------------------------------------
RUN-1001 :        Parameters       |  Settings  |  Default Values  |  Note  
RUN-1001 : --------------------------------------------------------------
RUN-1001 :   default_reg_initial   |    auto    |       auto       |        
RUN-1001 :        infer_add        |     on     |        on        |        
RUN-1001 :        infer_fsm        |    off     |       off        |        
RUN-1001 :        infer_mult       |     on     |        on        |        
RUN-1001 :        infer_ram        |     on     |        on        |        
RUN-1001 :        infer_reg        |     on     |        on        |        
RUN-1001 :   infer_reg_init_value  |     on     |        on        |        
RUN-1001 :        infer_rom        |     on     |        on        |        
RUN-1001 :      infer_shifter      |     on     |        on        |        
RUN-1001 : --------------------------------------------------------------
RUN-1001 : Print Rtl Property
RUN-1001 : --------------------------------------------------------------
RUN-1001 :        Parameters       |  Settings  |  Default Values  |  Note  
RUN-1001 : --------------------------------------------------------------
RUN-1001 :       compress_add      |   ripple   |      ripple      |        
RUN-1001 :        elf_sload        |    off     |       off        |        
RUN-1001 :       fix_undriven      |     0      |        0         |        
RUN-1001 :         flatten         |    off     |       off        |        
RUN-1001 :       gate_sharing      |     on     |        on        |        
RUN-1001 :    hdl_warning_level    |   normal   |      normal      |        
RUN-1001 :   impl_internal_tribuf  |     on     |        on        |        
RUN-1001 :      impl_set_reset     |     on     |        on        |        
RUN-1001 :        infer_gsr        |    off     |       off        |        
RUN-1001 :      keep_hierarchy     |    auto    |       auto       |        
RUN-1001 :        max_fanout       |    9999    |       9999       |        
RUN-1001 :      max_oh2bin_len     |     10     |        10        |        
RUN-1001 :       merge_equal       |     on     |        on        |        
RUN-1001 :       merge_equiv       |     on     |        on        |        
RUN-1001 :        merge_mux        |    off     |       off        |        
RUN-1001 :     min_control_set     |     8      |        8         |        
RUN-1001 :      min_ripple_len     |    auto    |       auto       |        
RUN-1001 :       oh2bin_ratio      |    0.08    |       0.08       |        
RUN-1001 :     opt_adder_fanout    |     on     |        on        |        
RUN-1001 :        opt_arith        |     on     |        on        |        
RUN-1001 :       opt_big_gate      |    off     |       off        |        
RUN-1001 :        opt_const        |     on     |        on        |        
RUN-1001 :      opt_const_mult     |     on     |        on        |        
RUN-1001 :       opt_lessthan      |     on     |        on        |        
RUN-1001 :         opt_mux         |    off     |       off        |        
RUN-1001 :         opt_ram         |    high    |       high       |        
RUN-1001 :      rtl_sim_model      |    off     |       off        |        
RUN-1001 :         seq_syn         |     on     |        on        |        
RUN-1001 : --------------------------------------------------------------
HDL-1007 : analyze verilog file ../../al_ip/sys_pll.v
HDL-1007 : undeclared symbol 'open', assumed default net type 'wire' in ../../al_ip/sys_pll.v(77)
HDL-1007 : analyze verilog file ../../al_ip/video_pll.v
HDL-1007 : undeclared symbol 'open', assumed default net type 'wire' in ../../al_ip/video_pll.v(63)
HDL-1007 : analyze verilog file ../../al_ip/afifo_16_256.v
HDL-1007 : analyze verilog file ../../src/ax_debounce.v
HDL-1007 : analyze verilog file ../../src/bmp_read.v
HDL-1007 : analyze verilog file ../../src/color_bar.v
HDL-1007 : analyze included file ../../src/video_define.v in ../../src/color_bar.v(2)
HDL-1007 : back to file '../../src/color_bar.v' in ../../src/color_bar.v(2)
HDL-1007 : analyze verilog file ../../src/frame_fifo_read.v
HDL-1007 : analyze verilog file ../../src/frame_fifo_write.v
HDL-1007 : analyze verilog file ../../src/frame_read_write.v
HDL-1007 : analyze verilog file ../../src/sd_card/sd_card_cmd.v
HDL-1007 : analyze verilog file ../../src/sd_card/sd_card_sec_read_write.v
HDL-1007 : analyze verilog file ../../src/sd_card/sd_card_top.v
HDL-1007 : analyze verilog file ../../src/sd_card/spi_master.v
HDL-1007 : analyze verilog file ../../src/sd_card_bmp.v
HDL-1007 : analyze verilog file ../../src/seg_decoder.v
HDL-1007 : analyze verilog file ../../src/seg_scan.v
HDL-1007 : analyze verilog file ../../src/top.v
HDL-1007 : undeclared symbol 'sdram_clk', assumed default net type 'wire' in ../../src/top.v(100)
HDL-1007 : undeclared symbol 'wr_en', assumed default net type 'wire' in ../../src/top.v(223)
HDL-1007 : undeclared symbol 'wr_data', assumed default net type 'wire' in ../../src/top.v(226)
HDL-1007 : analyze verilog file ../../src/video_timing_data.v
HDL-1007 : analyze verilog file ../../src/sdram_r/sdram_para.v
HDL-1007 : analyze verilog file ../../src/sdram/enc_file/global_def.v
HDL-1007 : analyze verilog file ../../src/sdram/enc_file/sdr_as_ram.enc.v
Copyright (c) 1998-2019 The OpenSSL Project.  All rights reserved.
This product includes software developed by the OpenSSL Project
for use in the OpenSSL Toolkit (http://www.openssl.org/)
Copyright (C) 1995-1998 Eric Young (eay@cryptsoft.com)
All rights reserved.
This product includes cryptographic software written by Eric Young (eay@cryptsoft.com)
HDL-1007 : back to file '../../src/sdram/enc_file/sdr_as_ram.enc.v' in ../../src/sdram/enc_file/sdr_as_ram.enc.v(148)
HDL-1007 : analyze verilog file ../../src/sdram/enc_file/sdr_init_ref.enc.v
HDL-1007 : undeclared symbol '**', assumed default net type '**' in encrypted_text(0)
HDL-1007 : back to file '../../src/sdram/enc_file/sdr_init_ref.enc.v' in ../../src/sdram/enc_file/sdr_init_ref.enc.v(242)
HDL-5007 WARNING: concatenation with an unsized literal will be treated as 32 bits in encrypted_text(0)
HDL-1007 : analyze verilog file ../../src/sdram/enc_file/sdr_wrrd.enc.v
HDL-5007 WARNING: concatenation with an unsized literal will be treated as 32 bits in encrypted_text(0)
HDL-1007 : back to file '../../src/sdram/enc_file/sdr_wrrd.enc.v' in ../../src/sdram/enc_file/sdr_wrrd.enc.v(255)
HDL-1007 : analyze verilog file ../../src/sdram/sdram.v
HDL-1007 : analyze included file D:\Projects\2023_10_10_HX4S20_test\spi_FLASH_SDRAM_pic\HX4S20\/./src/sdram/enc_file/global_def.v in ../../src/sdram/sdram.v(10)
HDL-1007 : back to file '../../src/sdram/sdram.v' in ../../src/sdram/sdram.v(10)
HDL-1007 : undeclared symbol 'Sdr_busy', assumed default net type 'wire' in ../../src/sdram/sdram.v(63)
HDL-1007 : undeclared symbol 'SDR_CKE', assumed default net type 'wire' in ../../src/sdram/sdram.v(88)
RUN-1001 : Project manager successfully analyzed 25 source files.
RUN-1002 : start command "import_device eagle_s20.db -package EG4S20BG256"
ARC-1001 : Device Initialization.
ARC-1001 : ------------------------------------------------------------------
ARC-1001 :            OPTION            |          IO          |   SETTING   
ARC-1001 : ------------------------------------------------------------------
ARC-1001 :   cso_b/cclk/mosi/miso/dout  |  T3/R11/T10/P10/S11  |    gpio    
ARC-1001 :             done             |         P13          |    gpio    
ARC-1001 :           program_b          |          T2          |  dedicate  
ARC-1001 :        tdi/tms/tck/tdo       |   C12/A15/C14/E14    |  dedicate  
ARC-1001 : ------------------------------------------------------------------
ARC-1004 : Device setting, marked 5 dedicate IOs in total.
RUN-1002 : start command "import_db ../syn_1/pic_sdram_gate.db"
RUN-1001 : Importing database generated by Tang Dynasty, V5.6.71036.
RUN-1001 : Database version number 46146.
RUN-1001 : Import flow parameters
RUN-1001 : Import timing constraints
RUN-1001 : Import IO constraints
RUN-1001 : Import Inst constraints
RUN-1001 : Import design success TD_VERSION=5.6.71036 , DB_VERSION=46146
RUN-1002 : start command "read_sdc ../../top.sdc"
RUN-1002 : start command "get_ports clk"
RUN-1002 : start command "create_clock -name clk -period 20 -waveform 0 10 "
RUN-1102 : create_clock: clock name: clk, type: 0, period: 20000, rise: 0, fall: 10000.
RUN-1002 : start command "derive_pll_clocks"
USR-1002 : Gen clock cmd:  create_generated_clock -name {sys_pll_m0/pll_inst.clkc[0]} -source [get_ports {clk}] -master_clock {clk} -multiply_by 2.0000 [get_pins {sys_pll_m0/pll_inst.clkc[0]}]
RUN-1002 : start command "get_ports clk"
RUN-1002 : start command "get_pins sys_pll_m0/pll_inst.clkc[0]"
RUN-1002 : start command "create_generated_clock -name sys_pll_m0/pll_inst.clkc[0] -source  -master_clock clk -multiply_by 2.0000 "
USR-1002 : Gen clock cmd:  create_generated_clock -name {sys_pll_m0/pll_inst.clkc[1]} -source [get_ports {clk}] -master_clock {clk} -multiply_by 2.0000 [get_pins {sys_pll_m0/pll_inst.clkc[1]}]
RUN-1002 : start command "get_ports clk"
RUN-1002 : start command "get_pins sys_pll_m0/pll_inst.clkc[1]"
RUN-1002 : start command "create_generated_clock -name sys_pll_m0/pll_inst.clkc[1] -source  -master_clock clk -multiply_by 2.0000 "
USR-1002 : Gen clock cmd:  create_generated_clock -name {video_pll_m0/pll_inst.clkc[0]} -source [get_ports {clk}] -master_clock {clk} -divide_by 2.0000 [get_pins {video_pll_m0/pll_inst.clkc[0]}]
RUN-1002 : start command "get_ports clk"
RUN-1002 : start command "get_pins video_pll_m0/pll_inst.clkc[0]"
RUN-1002 : start command "create_generated_clock -name video_pll_m0/pll_inst.clkc[0] -source  -master_clock clk -divide_by 2.0000 "
RUN-1002 : start command "get_ports clk"
RUN-1002 : start command "get_pins sys_pll_m0/pll_inst.clkc[0]"
RUN-1002 : start command "rename_clock -name sd_card_clk -source  -master_clock clk "
RUN-1105 : Rename Clock: clock sys_pll_m0/pll_inst.clkc[0] was renamed, new name is sd_card_clk.
RUN-1002 : start command "get_ports clk"
RUN-1002 : start command "get_pins sys_pll_m0/pll_inst.clkc[1]"
RUN-1002 : start command "rename_clock -name ext_mem_clk -source  -master_clock clk "
RUN-1105 : Rename Clock: clock sys_pll_m0/pll_inst.clkc[1] was renamed, new name is ext_mem_clk.
RUN-1002 : start command "get_ports clk"
RUN-1002 : start command "get_pins sys_pll_m0/pll_inst.clkc[2]"
RUN-1002 : start command "rename_clock -name flash_sys_clk -source  -master_clock clk "
RUN-1107 : Rename Clock: new clock flash_sys_clk is created by rename_clock temporarily.
RUN-1002 : start command "get_ports clk"
RUN-1002 : start command "get_pins video_pll_m0/pll_inst.clkc[0]"
RUN-1002 : start command "rename_clock -name video_clk -source  -master_clock clk "
RUN-1105 : Rename Clock: clock video_pll_m0/pll_inst.clkc[0] was renamed, new name is video_clk.
RUN-1002 : start command "read_sdc -ip afifo_16_256 ../../al_ip/afifo_16_256.tcl"
RUN-1002 : start command "get_ports clkw"
RUN-1002 : start command "get_nets  clkw  "
RUN-1002 : start command "get_clocks -nowarn -of nets 8972186681344"
RUN-1002 : start command "get_ports clkr"
RUN-1002 : start command "get_nets  clkr  "
RUN-1002 : start command "get_clocks -nowarn -of nets 17888538787840"
RUN-1002 : start command "get_property -nowarn -max PERIOD "
RUN-1002 : start command "get_property -nowarn -max PERIOD "
RUN-1002 : start command "get_regs rd_to_wr_cross_inst/primary_addr_gray_reg[*]"
RUN-1002 : start command "get_regs rd_to_wr_cross_inst/sync_r1[*]"
RUN-1002 : start command "set_max_delay -from  -to  9.6999999999999993 -datapath_only"
RUN-1002 : start command "get_regs rd_to_wr_cross_inst/primary_addr_gray_reg[*]"
RUN-1002 : start command "get_regs rd_to_wr_cross_inst/sync_r1[*]"
RUN-1002 : start command "set_false_path -from  -to  -hold 9.6999999999999993"
USR-1002 : set_false_path -help -setup -hold -from <list> -rise_from <list> -fall_from <list> -to <list> -rise_to <list> -fall_to <list> -through <list>
RUN-1002 : start command "get_regs wr_to_rd_cross_inst/primary_addr_gray_reg[*]"
RUN-1002 : start command "get_regs wr_to_rd_cross_inst/sync_r1[*]"
RUN-1002 : start command "set_max_delay -from  -to  9.6999999999999993 -datapath_only"
RUN-1002 : start command "get_regs wr_to_rd_cross_inst/primary_addr_gray_reg[*]"
RUN-1002 : start command "get_regs wr_to_rd_cross_inst/sync_r1[*]"
RUN-1002 : start command "set_false_path -from  -to  -hold 9.6999999999999993"
USR-1002 : set_false_path -help -setup -hold -from <list> -rise_from <list> -fall_from <list> -to <list> -rise_to <list> -fall_to <list> -through <list>
RUN-1002 : start command "get_ports clkw"
RUN-1002 : start command "get_nets  clkw  "
RUN-1002 : start command "get_clocks -nowarn -of nets 23862838296576"
RUN-1002 : start command "get_ports clkr"
RUN-1002 : start command "get_nets  clkr  "
RUN-1002 : start command "get_clocks -nowarn -of nets 8972186681344"
RUN-1002 : start command "get_property -nowarn -max PERIOD "
RUN-1002 : start command "get_property -nowarn -max PERIOD "
RUN-1002 : start command "get_regs rd_to_wr_cross_inst/primary_addr_gray_reg[*]"
RUN-1002 : start command "get_regs rd_to_wr_cross_inst/sync_r1[*]"
RUN-1002 : start command "set_max_delay -from  -to  9.6999999999999993 -datapath_only"
RUN-1002 : start command "get_regs rd_to_wr_cross_inst/primary_addr_gray_reg[*]"
RUN-1002 : start command "get_regs rd_to_wr_cross_inst/sync_r1[*]"
RUN-1002 : start command "set_false_path -from  -to  -hold 9.6999999999999993"
USR-1002 : set_false_path -help -setup -hold -from <list> -rise_from <list> -fall_from <list> -to <list> -rise_to <list> -fall_to <list> -through <list>
RUN-1002 : start command "get_regs wr_to_rd_cross_inst/primary_addr_gray_reg[*]"
RUN-1002 : start command "get_regs wr_to_rd_cross_inst/sync_r1[*]"
RUN-1002 : start command "set_max_delay -from  -to  9.6999999999999993 -datapath_only"
RUN-1002 : start command "get_regs wr_to_rd_cross_inst/primary_addr_gray_reg[*]"
RUN-1002 : start command "get_regs wr_to_rd_cross_inst/sync_r1[*]"
RUN-1002 : start command "set_false_path -from  -to  -hold 9.6999999999999993"
USR-1002 : set_false_path -help -setup -hold -from <list> -rise_from <list> -fall_from <list> -to <list> -rise_to <list> -fall_to <list> -through <list>
RUN-1002 : start command "config_chipwatcher ../../A.cwc -dir "
RUN-1002 : start command "legalize_phy_inst"
SYN-1011 : Flatten model top
KIT-1004 : ChipWatcher: import watcher inst auto_chipwatcher_0 completed, there are 5 view nodes, 18 trigger nets, 18 data nets.
KIT-1004 : Chipwatcher code = 0111101011111001
RUN-1002 : start command "compile_watcher"
RUN-1002 : start command "read_verilog -no_sch -dir D:/Program/Anlogic/TD5.6.2/cw/ -file pic_sdram_watcherInst.sv -lib cw -top CW_TOP_WRAPPER"
HDL-1007 : analyze verilog file D:/Program/Anlogic/TD5.6.2/cw\bus_det.v
HDL-1007 : analyze verilog file D:/Program/Anlogic/TD5.6.2/cw\bus_top.sv
HDL-1007 : analyze verilog file D:/Program/Anlogic/TD5.6.2/cw\cfg_int.v
HDL-1007 : analyze verilog file D:/Program/Anlogic/TD5.6.2/cw\cwc_cfg_int.v
HDL-1007 : analyze verilog file D:/Program/Anlogic/TD5.6.2/cw\cwc_top.sv
HDL-1007 : analyze verilog file D:/Program/Anlogic/TD5.6.2/cw\detect_bus.v
HDL-1007 : analyze verilog file D:/Program/Anlogic/TD5.6.2/cw\detect_non_bus.v
HDL-1007 : analyze verilog file D:/Program/Anlogic/TD5.6.2/cw\emb_ctrl.v
HDL-1007 : analyze verilog file D:/Program/Anlogic/TD5.6.2/cw\register.v
HDL-1007 : analyze verilog file D:/Program/Anlogic/TD5.6.2/cw\tap.v
HDL-1007 : analyze verilog file D:/Program/Anlogic/TD5.6.2/cw\trigger.sv
HDL-1007 : analyze verilog file pic_sdram_watcherInst.sv
HDL-1007 : elaborate module CW_TOP_WRAPPER in pic_sdram_watcherInst.sv(1)
HDL-1007 : elaborate module cwc_top(BUS_NUM=5,BUS_DIN_NUM=18,BUS_CTRL_NUM=56,BUS_WIDTH='{32'sb01,32'sb01,32'sb0101,32'sb0110,32'sb0101},BUS_DIN_POS='{32'sb0,32'sb01,32'sb010,32'sb0111,32'sb01101},BUS_CTRL_POS='{32'sb0,32'sb0110,32'sb01100,32'sb011010,32'sb0101010}) in D:/Program/Anlogic/TD5.6.2/cw\cwc_top.sv(21)
HDL-1007 : elaborate module cwc_cfg_int(CTRL_REG_LEN=78) in D:/Program/Anlogic/TD5.6.2/cw\cwc_cfg_int.v(21)
HDL-1007 : elaborate module register(CTRL_REG_LEN=78) in D:/Program/Anlogic/TD5.6.2/cw\register.v(21)
HDL-1007 : elaborate module tap in D:/Program/Anlogic/TD5.6.2/cw\tap.v(21)
HDL-1007 : elaborate module trigger(BUS_NUM=5,BUS_DIN_NUM=18,BUS_CTRL_NUM=56,BUS_WIDTH='{32'sb01,32'sb01,32'sb0101,32'sb0110,32'sb0101},BUS_DIN_POS='{32'sb0,32'sb01,32'sb010,32'sb0111,32'sb01101},BUS_CTRL_POS='{32'sb0,32'sb0110,32'sb01100,32'sb011010,32'sb0101010}) in D:/Program/Anlogic/TD5.6.2/cw\trigger.sv(21)
HDL-1007 : elaborate module bus_top(BUS_NODE_NUM=5,BUS_DIN_NUM=18,BUS_CTRL_NUM=56,BUS_WIDTH='{32'sb01,32'sb01,32'sb0101,32'sb0110,32'sb0101},BUS_DIN_POS='{32'sb0,32'sb01,32'sb010,32'sb0111,32'sb01101},BUS_CTRL_POS='{32'sb0,32'sb0110,32'sb01100,32'sb011010,32'sb0101010}) in D:/Program/Anlogic/TD5.6.2/cw\bus_top.sv(22)
HDL-1007 : elaborate module bus_det(BUS_WIDTH=32'sb01) in D:/Program/Anlogic/TD5.6.2/cw\bus_det.v(21)
HDL-1007 : elaborate module bus_det(BUS_WIDTH=32'sb0101) in D:/Program/Anlogic/TD5.6.2/cw\bus_det.v(21)
HDL-1007 : elaborate module bus_det(BUS_WIDTH=32'sb0110) in D:/Program/Anlogic/TD5.6.2/cw\bus_det.v(21)
HDL-1007 : elaborate module emb_ctrl in D:/Program/Anlogic/TD5.6.2/cw\emb_ctrl.v(21)
HDL-1200 : Current top model is CW_TOP_WRAPPER
HDL-1100 : Inferred 0 RAMs.
RUN-1002 : start command "force_keep -a auto_chipwatcher_0_logicbram"
RUN-1002 : start command "optimize_rtl -no_sch"
RUN-1001 : Open license file D:/Program/Anlogic/TD5.6.2/license/Anlogic.lic
RUN-1001 : Print Global Property
RUN-1001 : ---------------------------------------------------------------
RUN-1001 :        Parameters        |  Settings  |  Default Values  |  Note  
RUN-1001 : ---------------------------------------------------------------
RUN-1001 :          message         |  standard  |     standard     |        
RUN-1001 :   mixed_pack_place_flow  |     on     |        on        |        
RUN-1001 :        qor_monitor       |    off     |       off        |        
RUN-1001 :        syn_ip_flow       |    off     |       off        |        
RUN-1001 :          thread          |    auto    |       auto       |        
RUN-1001 : ---------------------------------------------------------------
RUN-1001 : Print Rtl Property
RUN-1001 : --------------------------------------------------------------
RUN-1001 :        Parameters       |  Settings  |  Default Values  |  Note  
RUN-1001 : --------------------------------------------------------------
RUN-1001 :       compress_add      |   ripple   |      ripple      |        
RUN-1001 :        elf_sload        |    off     |       off        |        
RUN-1001 :       fix_undriven      |     0      |        0         |        
RUN-1001 :         flatten         |    off     |       off        |        
RUN-1001 :       gate_sharing      |     on     |        on        |        
RUN-1001 :    hdl_warning_level    |   normal   |      normal      |        
RUN-1001 :   impl_internal_tribuf  |     on     |        on        |        
RUN-1001 :      impl_set_reset     |     on     |        on        |        
RUN-1001 :        infer_gsr        |    off     |       off        |        
RUN-1001 :      keep_hierarchy     |    auto    |       auto       |        
RUN-1001 :        max_fanout       |    9999    |       9999       |        
RUN-1001 :      max_oh2bin_len     |     10     |        10        |        
RUN-1001 :       merge_equal       |     on     |        on        |        
RUN-1001 :       merge_equiv       |     on     |        on        |        
RUN-1001 :        merge_mux        |    off     |       off        |        
RUN-1001 :     min_control_set     |     8      |        8         |        
RUN-1001 :      min_ripple_len     |    auto    |       auto       |        
RUN-1001 :       oh2bin_ratio      |    0.08    |       0.08       |        
RUN-1001 :     opt_adder_fanout    |     on     |        on        |        
RUN-1001 :        opt_arith        |     on     |        on        |        
RUN-1001 :       opt_big_gate      |    off     |       off        |        
RUN-1001 :        opt_const        |     on     |        on        |        
RUN-1001 :      opt_const_mult     |     on     |        on        |        
RUN-1001 :       opt_lessthan      |     on     |        on        |        
RUN-1001 :         opt_mux         |    off     |       off        |        
RUN-1001 :         opt_ram         |    high    |       high       |        
RUN-1001 :      rtl_sim_model      |    off     |       off        |        
RUN-1001 :         seq_syn         |     on     |        on        |        
RUN-1001 : --------------------------------------------------------------
SYN-1012 : SanityCheck: Model "top"
SYN-1012 : SanityCheck: Model "CW_TOP_WRAPPER"
SYN-1012 : SanityCheck: Model "cwc_top(BUS_NUM=5,BUS_DIN_NUM=18,BUS_CTRL_NUM=56,BUS_WIDTH='{32'sb01,32'sb01,32'sb0101,32'sb0110,32'sb0101},BUS_DIN_POS='{32'sb0,32'sb01,32'sb010,32'sb0111,32'sb01101},BUS_CTRL_POS='{32'sb0,32'sb0110,32'sb01100,32'sb011010,32'sb0101010})"
SYN-1012 : SanityCheck: Model "cwc_cfg_int(CTRL_REG_LEN=78)"
SYN-1012 : SanityCheck: Model "register(CTRL_REG_LEN=78)"
SYN-1012 : SanityCheck: Model "tap"
SYN-1012 : SanityCheck: Model "trigger(BUS_NUM=5,BUS_DIN_NUM=18,BUS_CTRL_NUM=56,BUS_WIDTH='{32'sb01,32'sb01,32'sb0101,32'sb0110,32'sb0101},BUS_DIN_POS='{32'sb0,32'sb01,32'sb010,32'sb0111,32'sb01101},BUS_CTRL_POS='{32'sb0,32'sb0110,32'sb01100,32'sb011010,32'sb0101010})"
SYN-1012 : SanityCheck: Model "bus_top(BUS_NODE_NUM=5,BUS_DIN_NUM=18,BUS_CTRL_NUM=56,BUS_WIDTH='{32'sb01,32'sb01,32'sb0101,32'sb0110,32'sb0101},BUS_DIN_POS='{32'sb0,32'sb01,32'sb010,32'sb0111,32'sb01101},BUS_CTRL_POS='{32'sb0,32'sb0110,32'sb01100,32'sb011010,32'sb0101010})"
SYN-1012 : SanityCheck: Model "bus_det(BUS_WIDTH=32'sb01)"
SYN-1012 : SanityCheck: Model "bus_det(BUS_WIDTH=32'sb0101)"
SYN-1012 : SanityCheck: Model "bus_det(BUS_WIDTH=32'sb0110)"
SYN-1012 : SanityCheck: Model "emb_ctrl"
SYN-1011 : Flatten model top
SYN-1032 : 3819/23 useful/useless nets, 2835/12 useful/useless insts
SYN-1016 : Merged 28 instances.
SYN-1032 : 3600/4 useful/useless nets, 3154/4 useful/useless insts
SYN-1014 : Optimize round 1
SYN-1032 : 3584/16 useful/useless nets, 3142/12 useful/useless insts
SYN-1021 : Optimized 3 onehot mux instances.
SYN-1020 : Optimized 1 distributor mux.
SYN-1019 : Optimized 3 mux instances.
SYN-1015 : Optimize round 1, 306 better
SYN-1014 : Optimize round 2
SYN-1032 : 3360/45 useful/useless nets, 2918/48 useful/useless insts
SYN-1015 : Optimize round 2, 96 better
SYN-1014 : Optimize round 1
SYN-1015 : Optimize round 1, 0 better
RUN-1002 : start command "optimize_gate -no_sch"
RUN-1001 : Open license file D:/Program/Anlogic/TD5.6.2/license/Anlogic.lic
RUN-1001 : Print Global Property
RUN-1001 : ---------------------------------------------------------------
RUN-1001 :        Parameters        |  Settings  |  Default Values  |  Note  
RUN-1001 : ---------------------------------------------------------------
RUN-1001 :          message         |  standard  |     standard     |        
RUN-1001 :   mixed_pack_place_flow  |     on     |        on        |        
RUN-1001 :        qor_monitor       |    off     |       off        |        
RUN-1001 :        syn_ip_flow       |    off     |       off        |        
RUN-1001 :          thread          |    auto    |       auto       |        
RUN-1001 : ---------------------------------------------------------------
RUN-1001 : Print Gate Property
RUN-1001 : ------------------------------------------------------------------
RUN-1001 :          Parameters         |  Settings  |  Default Values  |  Note  
RUN-1001 : ------------------------------------------------------------------
RUN-1001 :         cascade_dsp         |    off     |       off        |        
RUN-1001 :         cascade_eram        |    off     |       off        |        
RUN-1001 :        gate_sim_model       |    off     |       off        |        
RUN-1001 :        map_sim_model        |    off     |       off        |        
RUN-1001 :         map_strategy        |     1      |        1         |        
RUN-1001 :           opt_area          |   medium   |      medium      |        
RUN-1001 :          opt_timing         |    auto    |       auto       |        
RUN-1001 :         pack_effort         |   medium   |      medium      |        
RUN-1001 :      pack_lslice_ripple     |     on     |        on        |        
RUN-1001 :   pack_lslice_ripple_ratio  |    0.5     |       0.5        |        
RUN-1001 :        pack_seq_in_io       |    auto    |       auto       |        
RUN-1001 :        ph1_mux_ratio        |    1.0     |       1.0        |        
RUN-1001 :            report           |  standard  |     standard     |        
RUN-1001 :           retiming          |    off     |       off        |        
RUN-1001 : ------------------------------------------------------------------
SYN-2001 : Map 47 IOs to PADs
RUN-1002 : start command "update_pll_param -module top"
SYN-2501 : Processed 0 LOGIC_BUF instances.
SYN-2512 : LOGIC BRAM "auto_chipwatcher_0_logicbram"
SYN-2571 : Optimize after map_dsp, round 1
SYN-2571 : Optimize after map_dsp, round 1, 0 better
SYN-1001 : Throwback 3 control mux instances
SYN-2501 : Optimize round 1
SYN-1016 : Merged 16 instances.
SYN-2501 : Optimize round 1, 34 better
SYN-2501 : Optimize round 2
SYN-2501 : Optimize round 2, 0 better
SYN-2501 : Map 16 macro adder
SYN-1019 : Optimized 13 mux instances.
SYN-1016 : Merged 11 instances.
SYN-1032 : 3736/2 useful/useless nets, 3295/1 useful/useless insts
RUN-1002 : start command "start_timer -prepack"
TMR-2505 : Start building timing graph for model top.
TMR-2506 : Build timing graph completely. Port num: 22, tpin num: 13672, tnet num: 3736, tinst num: 3294, tnode num: 17791, tedge num: 21351.
TMR-2508 : Levelizing timing graph completed, there are 51 levels in total.
TMR-2501 : Timing graph initialized successfully.
TMR-2503 : Start to update net delay, extr mode = 2.
TMR-2504 : Update delay of 3736 nets completely.
TMR-2502 : Annotate delay completely, extr mode = 2.
TMR-3001 : Initiate 4 clocks from SDC.
TMR-3004 : Map sdc constraints, there are 8 constraints in total.
TMR-3003 : Constraints initiated successfully.
TMR-3501 : Forward propagation: start to calculate arrival time...
TMR-3502 : Backward propagation: start to calculate required time...
TMR-3503 : Timing propagation completes.
SYN-3001 : Running gate level optimization.
SYN-2581 : Mapping with K=5, #lut = 165 (3.72), #lev = 6 (2.11)
SYN-2551 : Post LUT mapping optimization.
SYN-2581 : Mapping with K=5, #lut = 165 (3.72), #lev = 6 (2.11)
SYN-3001 : Logic optimization runtime opt =   0.02 sec, map =   0.00 sec
SYN-3001 : Mapper mapped 414 instances into 165 LUTs, name keeping = 77%.
SYN-1001 : Packing model "top" ...
SYN-4010 : Pack lib has 58 rtl pack models with 25 top pack blocks
SYN-1014 : Optimize round 1
SYN-1015 : Optimize round 1, 0 better
SYN-4002 : Packing 287 DFF/LATCH to SEQ ...
SYN-4009 : Pack 7 carry chain into lslice
SYN-4007 : Packing 96 adder to BLE ...
SYN-4008 : Packed 96 adder and 0 SEQ to BLE.
SYN-4007 : Packing 0 gate4 to BLE ...
SYN-4008 : Packed 0 gate4 and 0 SEQ to BLE.
SYN-4012 : Packed 0 FxMUX
RUN-1002 : start command "legalize_phy_inst"
SYN-1011 : Flatten model top
KIT-1004 : Compile Chipwatcher: Clear obsolete physical data.
RUN-1003 : finish command "compile_watcher" in  1.211844s wall, 0.796875s user + 0.031250s system = 0.828125s CPU (68.3%)

RUN-1004 : used memory is 155 MB, reserved memory is 123 MB, peak memory is 188 MB
RUN-1002 : start command "place"
RUN-1001 : Open license file D:/Program/Anlogic/TD5.6.2/license/Anlogic.lic
RUN-1001 : Print Global Property
RUN-1001 : ---------------------------------------------------------------
RUN-1001 :        Parameters        |  Settings  |  Default Values  |  Note  
RUN-1001 : ---------------------------------------------------------------
RUN-1001 :          message         |  standard  |     standard     |        
RUN-1001 :   mixed_pack_place_flow  |     on     |        on        |        
RUN-1001 :        qor_monitor       |    off     |       off        |        
RUN-1001 :        syn_ip_flow       |    off     |       off        |        
RUN-1001 :          thread          |    auto    |       auto       |        
RUN-1001 : ---------------------------------------------------------------
RUN-1001 : Print Place Property
RUN-1001 : --------------------------------------------------------------
RUN-1001 :        Parameters       |  Settings  |  Default Values  |  Note  
RUN-1001 : --------------------------------------------------------------
RUN-1001 :      detailed_place     |     on     |        on        |        
RUN-1001 :          effort         |   medium   |      medium      |        
RUN-1001 :         fix_hold        |    off     |       off        |        
RUN-1001 :       legalization      |    ori     |       ori        |        
RUN-1001 :      new_spreading      |     on     |        on        |        
RUN-1001 :        opt_timing       |   medium   |      medium      |        
RUN-1001 :   post_clock_route_opt  |    off     |       off        |        
RUN-1001 :       pr_strategy       |     1      |        1         |        
RUN-1001 :        relaxation       |    1.00    |       1.00       |        
RUN-1001 :         retiming        |    off     |       off        |        
RUN-1001 : --------------------------------------------------------------
PHY-3001 : Placer runs in 16 thread(s).
RUN-1002 : start command "legalize_phy_inst"
SYN-1011 : Flatten model top
SYN-5055 WARNING: The kept net frame_read_write_m0/frame_fifo_read_m0/App_rd_en_d0 will be merged to another kept net U3/App_rd_en
SYN-5055 WARNING: The kept net U3/u2_ram/u2_wrrd/App_rd_en will be merged to another kept net U3/App_rd_en
SYN-5055 WARNING: The kept net U3/u2_ram/u2_wrrd/Sdr_clk_sft will be merged to another kept net U3/u2_ram/SDRAM_CLK
SYN-5055 WARNING: The kept net U3/SDRAM_CLK will be merged to another kept net U3/u2_ram/SDRAM_CLK
SYN-5055 WARNING: The kept net frame_read_write_m0/Sdr_rd_dout[15] will be merged to another kept net U3/u2_ram/Sdr_rd_dout[15]
SYN-5055 WARNING: The kept net frame_read_write_m0/Sdr_rd_dout[14] will be merged to another kept net U3/u2_ram/Sdr_rd_dout[14]
SYN-5055 WARNING: The kept net frame_read_write_m0/Sdr_rd_dout[13] will be merged to another kept net U3/u2_ram/Sdr_rd_dout[13]
SYN-5055 WARNING: The kept net frame_read_write_m0/Sdr_rd_dout[12] will be merged to another kept net U3/u2_ram/Sdr_rd_dout[12]
SYN-5055 WARNING: The kept net frame_read_write_m0/Sdr_rd_dout[11] will be merged to another kept net U3/u2_ram/Sdr_rd_dout[11]
SYN-5055 WARNING: The kept net frame_read_write_m0/Sdr_rd_dout[10] will be merged to another kept net U3/u2_ram/Sdr_rd_dout[10]
SYN-5055 Similar messages will be suppressed.
RUN-1002 : start command "phys_opt -simplify_lut"
SYN-1032 : 3110/1 useful/useless nets, 2653/0 useful/useless insts
SYN-4016 : Net frame_read_write_m0/write_buf/clkw driven by BUFG (408 clock/control pins, 1 other pins).
SYN-4016 : Net frame_read_write_m0/read_buf/clkr driven by BUFG (110 clock/control pins, 1 other pins).
SYN-4016 : Net config_inst_syn_10 driven by BUFG (175 clock/control pins, 0 other pins).
SYN-4027 : Net U3/u2_ram/SDRAM_CLK is clkc1 of pll sys_pll_m0/pll_inst.
SYN-4019 : Net clk_dup_1 is refclk of pll sys_pll_m0/pll_inst.
SYN-4020 : Net clk_dup_1 is fbclk of pll sys_pll_m0/pll_inst.
SYN-4019 : Net clk_dup_1 is refclk of pll video_pll_m0/pll_inst.
SYN-4020 : Net clk_dup_1 is fbclk of pll video_pll_m0/pll_inst.
SYN-4025 : Tag rtl::Net U3/u2_ram/SDRAM_CLK as clock net
SYN-4025 : Tag rtl::Net clk_dup_1 as clock net
SYN-4025 : Tag rtl::Net config_inst_syn_10 as clock net
SYN-4025 : Tag rtl::Net frame_read_write_m0/read_buf/clkr as clock net
SYN-4025 : Tag rtl::Net frame_read_write_m0/write_buf/clkw as clock net
SYN-4026 : Tagged 5 rtl::Net as clock net
PHY-1001 : Populate physical database on model top.
RUN-1001 : There are total 2653 instances
RUN-0007 : 1108 luts, 1123 seqs, 197 mslices, 112 lslices, 102 pads, 3 brams, 0 dsps
RUN-1001 : There are total 3110 nets
RUN-6004 WARNING: There are 16 nets with only 1 pin.
RUN-1001 : 2068 nets have 2 pins
RUN-1001 : 789 nets have [3 - 5] pins
RUN-1001 : 137 nets have [6 - 10] pins
RUN-1001 : 48 nets have [11 - 20] pins
RUN-1001 : 43 nets have [21 - 99] pins
RUN-1001 : 9 nets have 100+ pins
RUN-1001 : Report Control nets information:
RUN-1001 : DFF Distribution
RUN-1001 : ----------------------------------
RUN-1001 :   CE   |  SSR  |  ASR  |  DFF Count  
RUN-1001 : ----------------------------------
RUN-1001 :   No   |  No   |  No   |     115     
RUN-1001 :   No   |  No   |  Yes  |     545     
RUN-1001 :   No   |  Yes  |  No   |     35      
RUN-1001 :   Yes  |  No   |  No   |     16      
RUN-1001 :   Yes  |  No   |  Yes  |     373     
RUN-1001 :   Yes  |  Yes  |  No   |     39      
RUN-1001 : ----------------------------------
RUN-0007 : Control Group Statistic
RUN-0007 : ---------------------------
RUN-0007 :   #CLK  |  #CE  |  #SSR/ASR  
RUN-0007 : ---------------------------
RUN-0007 :    5    |  26   |     11     
RUN-0007 : ---------------------------
RUN-0007 : Control Set = 42
PHY-3001 : Initial placement ...
PHY-3001 : design contains 2651 instances, 1108 luts, 1123 seqs, 309 slices, 50 macros(309 instances: 197 mslices 112 lslices)
PHY-0007 : Cell area utilization is 8%
PHY-3001 : Start timing update ...
RUN-1002 : start command "start_timer -report"
TMR-2505 : Start building timing graph for model top.
TMR-2506 : Build timing graph completely. Port num: 22, tpin num: 12306, tnet num: 3108, tinst num: 2651, tnode num: 16187, tedge num: 19900.
TMR-2508 : Levelizing timing graph completed, there are 43 levels in total.
TMR-2501 : Timing graph initialized successfully.
TMR-2503 : Start to update net delay, extr mode = 2.
TMR-2504 : Update delay of 3108 nets completely.
TMR-2502 : Annotate delay completely, extr mode = 2.
TMR-3001 : Initiate 4 clocks from SDC.
TMR-3004 : Map sdc constraints, there are 8 constraints in total.
TMR-3003 : Constraints initiated successfully.
TMR-3501 : Forward propagation: start to calculate arrival time...
TMR-3502 : Backward propagation: start to calculate required time...
TMR-3503 : Timing propagation completes.
PHY-3001 : End timing update;  0.448933s wall, 0.312500s user + 0.000000s system = 0.312500s CPU (69.6%)

PHY-3001 : Global placement ...
PHY-3001 : Initial: Len = 712505
PHY-3001 : Clustering ...
PHY-3001 : Level 0 #clusters 2651.
PHY-3001 : End clustering;  0.000011s wall, 0.000000s user + 0.000000s system = 0.000000s CPU (n/a%)

PHY-3001 : Run with size of 4
PHY-3001 : Cell area utilization is 8%
PHY-3001 : :::0::: Try harder cell spreading with beta_ = 0
PHY-3002 : Step(1): len = 573972, overlap = 4.5
PHY-3002 : Step(2): len = 472344, overlap = 6.75
PHY-3002 : Step(3): len = 413420, overlap = 6.75
PHY-3002 : Step(4): len = 366708, overlap = 6.75
PHY-3002 : Step(5): len = 324018, overlap = 6.75
PHY-3002 : Step(6): len = 280102, overlap = 6.75
PHY-3002 : Step(7): len = 240142, overlap = 6.8125
PHY-3002 : Step(8): len = 209853, overlap = 2.625
PHY-3002 : Step(9): len = 183447, overlap = 6.4375
PHY-3002 : Step(10): len = 163883, overlap = 9.8125
PHY-3002 : Step(11): len = 143886, overlap = 14.2812
PHY-3002 : Step(12): len = 128663, overlap = 15.3125
PHY-3002 : Step(13): len = 115821, overlap = 13.5
PHY-3002 : Step(14): len = 107838, overlap = 12.5625
PHY-3002 : Step(15): len = 98952.8, overlap = 12.2188
PHY-3002 : Step(16): len = 92436.3, overlap = 11.0625
PHY-3002 : Step(17): len = 87506.8, overlap = 12.3125
PHY-3001 : :::1::: Try harder cell spreading with beta_ = 0.00242018
PHY-3002 : Step(18): len = 83807, overlap = 5.78125
PHY-3002 : Step(19): len = 80869.2, overlap = 6.34375
PHY-3002 : Step(20): len = 79838.5, overlap = 6.46875
PHY-3002 : Step(21): len = 75558.2, overlap = 6.625
PHY-3002 : Step(22): len = 72874.9, overlap = 5.0625
PHY-3002 : Step(23): len = 70929.9, overlap = 4.65625
PHY-3002 : Step(24): len = 69231.4, overlap = 7.84375
PHY-3002 : Step(25): len = 68320.6, overlap = 3.84375
PHY-3002 : Step(26): len = 66052.2, overlap = 4.28125
PHY-3002 : Step(27): len = 64310.4, overlap = 2
PHY-3002 : Step(28): len = 61907.4, overlap = 2.625
PHY-3002 : Step(29): len = 60482, overlap = 3.875
PHY-3002 : Step(30): len = 58694.3, overlap = 4.875
PHY-3002 : Step(31): len = 57864.2, overlap = 8.6875
PHY-3002 : Step(32): len = 56765, overlap = 13.0938
PHY-3002 : Step(33): len = 56378.8, overlap = 14.5938
PHY-3002 : Step(34): len = 55891.7, overlap = 16.125
PHY-3001 : :::2::: Try harder cell spreading with beta_ = 0.00484036
PHY-3002 : Step(35): len = 54747.9, overlap = 17.2812
PHY-3002 : Step(36): len = 54665.8, overlap = 17.9688
PHY-3001 : :::3::: Try harder cell spreading with beta_ = 0.00968071
PHY-3002 : Step(37): len = 54457.5, overlap = 18.9375
PHY-3002 : Step(38): len = 54327.4, overlap = 19.2812
PHY-3001 : Legalization ...
PHY-3001 : End legalization;  0.004895s wall, 0.000000s user + 0.000000s system = 0.000000s CPU (n/a%)

PHY-3001 : Run with size of 4
PHY-3001 : Cell area utilization is 11%
PHY-3001 : Update timing in Manhattan mode ...
TMR-2503 : Start to update net delay, extr mode = 3.
TMR-2504 : Update delay of 3108 nets completely.
TMR-2502 : Annotate delay completely, extr mode = 3.
TMR-3501 : Forward propagation: start to calculate arrival time...
TMR-3502 : Backward propagation: start to calculate required time...
TMR-3503 : Timing propagation completes.
PHY-3001 : End timing update;  0.060538s wall, 0.000000s user + 0.000000s system = 0.000000s CPU (n/a%)

PHY-3001 : :::0::: Try harder cell spreading with beta_ = 1.78777e-05
PHY-3002 : Step(39): len = 54577.6, overlap = 42.7188
PHY-3002 : Step(40): len = 54678.5, overlap = 42.0625
PHY-3002 : Step(41): len = 54615.9, overlap = 46
PHY-3002 : Step(42): len = 54810.2, overlap = 44.875
PHY-3002 : Step(43): len = 54526, overlap = 44.75
PHY-3002 : Step(44): len = 54646.2, overlap = 44
PHY-3002 : Step(45): len = 54251.8, overlap = 44.2812
PHY-3002 : Step(46): len = 54142.5, overlap = 44.875
PHY-3002 : Step(47): len = 54193.6, overlap = 44.5312
PHY-3001 : :::1::: Try harder cell spreading with beta_ = 3.57554e-05
PHY-3002 : Step(48): len = 53709.6, overlap = 44.3125
PHY-3002 : Step(49): len = 53750.7, overlap = 44.6875
PHY-3001 : :::2::: Try harder cell spreading with beta_ = 7.15108e-05
PHY-3002 : Step(50): len = 53873.2, overlap = 45.0625
PHY-3002 : Step(51): len = 53873.2, overlap = 45.0625
PHY-3001 : :::3::: Try harder cell spreading with beta_ = 0.000143022
PHY-3002 : Step(52): len = 55195, overlap = 47.7188
PHY-3002 : Step(53): len = 55612, overlap = 48.1562
PHY-3002 : Step(54): len = 56154.2, overlap = 48.4375
PHY-3002 : Step(55): len = 56785.4, overlap = 48.0938
PHY-3002 : Step(56): len = 57671.2, overlap = 49.375
PHY-3002 : Step(57): len = 56855.6, overlap = 49.875
PHY-3002 : Step(58): len = 56586.1, overlap = 50.125
PHY-3002 : Step(59): len = 56332.1, overlap = 49.2812
PHY-3001 : Run with size of 2
PHY-3001 : Cell area utilization is 11%
PHY-3001 : Update timing in Manhattan mode ...
TMR-2503 : Start to update net delay, extr mode = 3.
TMR-2504 : Update delay of 3108 nets completely.
TMR-2502 : Annotate delay completely, extr mode = 3.
TMR-3501 : Forward propagation: start to calculate arrival time...
TMR-3502 : Backward propagation: start to calculate required time...
TMR-3503 : Timing propagation completes.
PHY-3001 : End timing update;  0.058434s wall, 0.031250s user + 0.000000s system = 0.031250s CPU (53.5%)

PHY-3001 : :::0::: Try harder cell spreading with beta_ = 5.34444e-05
PHY-3002 : Step(60): len = 56265.5, overlap = 103.469
PHY-3002 : Step(61): len = 56751.4, overlap = 101.875
PHY-3002 : Step(62): len = 58681.9, overlap = 89.875
PHY-3002 : Step(63): len = 59028.4, overlap = 85.5938
PHY-3002 : Step(64): len = 59422.2, overlap = 79.1562
PHY-3002 : Step(65): len = 58997.2, overlap = 73.1562
PHY-3002 : Step(66): len = 58844.4, overlap = 70.9688
PHY-3002 : Step(67): len = 58500.7, overlap = 73.5938
PHY-3001 : :::1::: Try harder cell spreading with beta_ = 0.000106889
PHY-3002 : Step(68): len = 58045.6, overlap = 67.2812
PHY-3002 : Step(69): len = 58078.3, overlap = 66.0312
PHY-3001 : :::2::: Try harder cell spreading with beta_ = 0.000213778
PHY-3002 : Step(70): len = 58914.6, overlap = 64.875
PHY-3002 : Step(71): len = 59240.3, overlap = 62.6875
PHY-3002 : Step(72): len = 59401, overlap = 62.25
PHY-3002 : Step(73): len = 59564.8, overlap = 62.0625
PHY-3002 : Step(74): len = 59585.3, overlap = 61.1875
OPT-1001 : Start physical optimization ...
RUN-1002 : start command "start_timer -report"
TMR-2505 : Start building timing graph for model top.
TMR-2506 : Build timing graph completely. Port num: 22, tpin num: 12306, tnet num: 3108, tinst num: 2651, tnode num: 16187, tedge num: 19900.
TMR-2508 : Levelizing timing graph completed, there are 43 levels in total.
TMR-2501 : Timing graph initialized successfully.
OPT-1001 : Total overflow 162.31 peak overflow 4.06
OPT-1001 : Start high-fanout net optimization ...
OPT-1001 : Update timing in global mode
PHY-1001 : Start incremental global routing, caller is place ...
RUN-1001 : Generating global routing grids ...
RUN-1001 : Building simple global routing graph ...
PHY-1001 : Generate routing nets ...
PHY-1001 : Reuse net number 0/3110.
PHY-1001 : Global iterations in 16 thread ...
PHY-1002 : len = 65432, over cnt = 240(0%), over = 963, worst = 20
PHY-1001 : End global iterations;  0.068426s wall, 0.000000s user + 0.000000s system = 0.000000s CPU (n/a%)

PHY-1001 : Congestion index: top1 = 38.43, top5 = 23.44, top10 = 16.27, top15 = 12.38.
PHY-1001 : End incremental global routing;  0.109465s wall, 0.015625s user + 0.000000s system = 0.015625s CPU (14.3%)

TMR-2503 : Start to update net delay, extr mode = 5.
TMR-2504 : Update delay of 3108 nets completely.
TMR-2502 : Annotate delay completely, extr mode = 5.
TMR-3001 : Initiate 4 clocks from SDC.
TMR-3004 : Map sdc constraints, there are 8 constraints in total.
TMR-3003 : Constraints initiated successfully.
TMR-3501 : Forward propagation: start to calculate arrival time...
TMR-3502 : Backward propagation: start to calculate required time...
TMR-3503 : Timing propagation completes.
OPT-1001 : End timing update;  0.065295s wall, 0.031250s user + 0.000000s system = 0.031250s CPU (47.9%)

OPT-1001 : 1 high-fanout net processed.
PHY-3001 : Start incremental placement ...
PHY-1001 : Populate physical database on model top.
PHY-3001 : Initial placement ...
PHY-3001 : eco special cells: 1 has valid locations, 0 needs to be replaced
PHY-3001 : eco pad cells: 102 has valid locations, 0 needs to be replaced
PHY-3001 : eco cells: 2542 has valid locations, 3 needs to be replaced
PHY-3001 : design contains 2653 instances, 1110 luts, 1123 seqs, 309 slices, 50 macros(309 instances: 197 mslices 112 lslices)
PHY-3001 : Global placement ...
PHY-3001 : Initial: Len = 59950.8
PHY-3001 : Run with size of 4
PHY-3001 : Cell area utilization is 11%
PHY-3001 : Update timing in Manhattan mode ...
RUN-1002 : start command "start_timer -report"
TMR-2505 : Start building timing graph for model top.
TMR-2506 : Build timing graph completely. Port num: 22, tpin num: 12314, tnet num: 3110, tinst num: 2653, tnode num: 16195, tedge num: 19912.
TMR-2508 : Levelizing timing graph completed, there are 43 levels in total.
TMR-2501 : Timing graph initialized successfully.
TMR-2503 : Start to update net delay, extr mode = 3.
TMR-2504 : Update delay of 3110 nets completely.
TMR-2502 : Annotate delay completely, extr mode = 3.
TMR-3001 : Initiate 4 clocks from SDC.
TMR-3004 : Map sdc constraints, there are 8 constraints in total.
TMR-3003 : Constraints initiated successfully.
TMR-3501 : Forward propagation: start to calculate arrival time...
TMR-3502 : Backward propagation: start to calculate required time...
TMR-3503 : Timing propagation completes.
PHY-3001 : End timing update;  0.477259s wall, 0.343750s user + 0.000000s system = 0.343750s CPU (72.0%)

PHY-3001 : :::0::: Try harder cell spreading with beta_ = 0
PHY-3002 : Step(75): len = 59878.2, overlap = 6.4375
PHY-3002 : Step(76): len = 59851.8, overlap = 6.4375
PHY-3002 : Step(77): len = 59862.3, overlap = 6.4375
PHY-3001 : :::1::: Try harder cell spreading with beta_ = 0.0019317
PHY-3002 : Step(78): len = 59859.5, overlap = 6.4375
PHY-3002 : Step(79): len = 59859.5, overlap = 6.4375
PHY-3001 : Run with size of 2
PHY-3001 : Cell area utilization is 11%
PHY-3001 : Update timing in Manhattan mode ...
TMR-2503 : Start to update net delay, extr mode = 3.
TMR-2504 : Update delay of 3110 nets completely.
TMR-2502 : Annotate delay completely, extr mode = 3.
TMR-3501 : Forward propagation: start to calculate arrival time...
TMR-3502 : Backward propagation: start to calculate required time...
TMR-3503 : Timing propagation completes.
PHY-3001 : End timing update;  0.056159s wall, 0.046875s user + 0.000000s system = 0.046875s CPU (83.5%)

PHY-3001 : :::0::: Try harder cell spreading with beta_ = 0.000526239
PHY-3002 : Step(80): len = 59855.6, overlap = 61.375
PHY-3002 : Step(81): len = 59855.6, overlap = 61.375
PHY-3001 : Final: Len = 59855.6, Over = 61.375
PHY-3001 : End incremental placement;  0.653035s wall, 0.421875s user + 0.015625s system = 0.437500s CPU (67.0%)

OPT-1001 : Total overflow 162.59 peak overflow 4.06
OPT-1001 : End high-fanout net optimization;  0.869510s wall, 0.578125s user + 0.015625s system = 0.593750s CPU (68.3%)

OPT-1001 : Current memory(MB): used = 236, reserve = 203, peak = 237.
OPT-1001 : Start global optimization ...
OPT-1001 : Start congestion update ...
RUN-1001 : Generating global routing grids ...
PHY-1001 : Generate routing nets ...
PHY-1001 : Reuse net number 1874/3112.
PHY-1001 : Global iterations in 16 thread ...
PHY-1002 : len = 65672, over cnt = 241(0%), over = 956, worst = 20
PHY-1002 : len = 74360, over cnt = 151(0%), over = 338, worst = 15
PHY-1002 : len = 77152, over cnt = 72(0%), over = 146, worst = 13
PHY-1002 : len = 78928, over cnt = 32(0%), over = 46, worst = 3
PHY-1002 : len = 79584, over cnt = 0(0%), over = 0, worst = 0
PHY-1001 : End global iterations;  0.110701s wall, 0.015625s user + 0.000000s system = 0.015625s CPU (14.1%)

PHY-1001 : Congestion index: top1 = 35.99, top5 = 24.19, top10 = 18.03, top15 = 14.17.
OPT-1001 : End congestion update;  0.150236s wall, 0.031250s user + 0.000000s system = 0.031250s CPU (20.8%)

OPT-1001 : Update timing in Manhattan mode
TMR-2503 : Start to update net delay, extr mode = 3.
TMR-2504 : Update delay of 3110 nets completely.
TMR-2502 : Annotate delay completely, extr mode = 3.
TMR-3501 : Forward propagation: start to calculate arrival time...
TMR-3502 : Backward propagation: start to calculate required time...
TMR-3503 : Timing propagation completes.
OPT-1001 : End timing update;  0.062308s wall, 0.031250s user + 0.000000s system = 0.031250s CPU (50.2%)

OPT-0007 : Start: WNS 4414 TNS 0 NUM_FEPS 0
OPT-1001 : End global optimization;  0.212775s wall, 0.062500s user + 0.000000s system = 0.062500s CPU (29.4%)

OPT-1001 : Current memory(MB): used = 237, reserve = 203, peak = 237.
OPT-1001 : End physical optimization;  1.522478s wall, 0.921875s user + 0.031250s system = 0.953125s CPU (62.6%)

PHY-3001 : Start packing ...
SYN-4007 : Packing 0 MUX to BLE ...
SYN-4008 : Packed 0 MUX and 0 SEQ to BLE.
SYN-4007 : Packing 1110 LUT to BLE ...
SYN-4008 : Packed 1110 LUT and 540 SEQ to BLE.
SYN-4003 : Packing 583 remaining SEQ's ...
SYN-4005 : Packed 242 SEQ with LUT/SLICE
SYN-4006 : 371 single LUT's are left
SYN-4006 : 341 single SEQ's are left
SYN-4011 : Packing model "top" (AL_USER_NORMAL) with 1451/2069 primitive instances ...
PHY-3001 : End packing;  0.069789s wall, 0.015625s user + 0.000000s system = 0.015625s CPU (22.4%)

PHY-1001 : Populate physical database on model top.
RUN-1001 : There are total 1218 instances
RUN-1001 : 553 mslices, 552 lslices, 102 pads, 3 brams, 0 dsps
RUN-1001 : There are total 2622 nets
RUN-6004 WARNING: There are 16 nets with only 1 pin.
RUN-1001 : 1607 nets have 2 pins
RUN-1001 : 760 nets have [3 - 5] pins
RUN-1001 : 132 nets have [6 - 10] pins
RUN-1001 : 55 nets have [11 - 20] pins
RUN-1001 : 47 nets have [21 - 99] pins
RUN-1001 : 5 nets have 100+ pins
PHY-3001 : design contains 1216 instances, 1105 slices, 50 macros(309 instances: 197 mslices 112 lslices)
PHY-3001 : Cell area utilization is 14%
PHY-3001 : After packing: Len = 60755.8, Over = 90
PHY-3001 : Run with size of 2
PHY-3001 : Cell area utilization is 14%
PHY-3001 : Update timing in Manhattan mode ...
RUN-1002 : start command "start_timer -report"
TMR-2505 : Start building timing graph for model top.
TMR-2506 : Build timing graph completely. Port num: 22, tpin num: 10358, tnet num: 2620, tinst num: 1216, tnode num: 13177, tedge num: 17552.
TMR-2508 : Levelizing timing graph completed, there are 41 levels in total.
TMR-2501 : Timing graph initialized successfully.
TMR-2503 : Start to update net delay, extr mode = 3.
TMR-2504 : Update delay of 2620 nets completely.
TMR-2502 : Annotate delay completely, extr mode = 3.
TMR-3001 : Initiate 4 clocks from SDC.
TMR-3004 : Map sdc constraints, there are 8 constraints in total.
TMR-3003 : Constraints initiated successfully.
TMR-3501 : Forward propagation: start to calculate arrival time...
TMR-3502 : Backward propagation: start to calculate required time...
TMR-3503 : Timing propagation completes.
PHY-3001 : End timing update;  0.515745s wall, 0.296875s user + 0.000000s system = 0.296875s CPU (57.6%)

PHY-3001 : :::0::: Try harder cell spreading with beta_ = 4.2139e-05
PHY-3002 : Step(82): len = 59469.1, overlap = 89.5
PHY-3002 : Step(83): len = 59159.6, overlap = 87.5
PHY-3002 : Step(84): len = 58740.6, overlap = 85.5
PHY-3002 : Step(85): len = 58590.8, overlap = 85.5
PHY-3002 : Step(86): len = 58469.3, overlap = 86.75
PHY-3001 : :::1::: Try harder cell spreading with beta_ = 8.4278e-05
PHY-3002 : Step(87): len = 59188.1, overlap = 80.5
PHY-3002 : Step(88): len = 59979.3, overlap = 77
PHY-3002 : Step(89): len = 60008.9, overlap = 78.5
PHY-3001 : :::2::: Try harder cell spreading with beta_ = 0.000168556
PHY-3002 : Step(90): len = 61286.2, overlap = 72
PHY-3002 : Step(91): len = 62046.8, overlap = 71
PHY-3002 : Step(92): len = 62067.8, overlap = 70.25
PHY-3001 : Legalization ...
PHY-3001 : End legalization;  0.128787s wall, 0.000000s user + 0.015625s system = 0.015625s CPU (12.1%)

PHY-3001 : Trial Legalized: Len = 86090.8
PHY-3001 : Run with size of 2
PHY-3001 : Cell area utilization is 14%
PHY-3001 : Update timing in Manhattan mode ...
TMR-2503 : Start to update net delay, extr mode = 3.
TMR-2504 : Update delay of 2620 nets completely.
TMR-2502 : Annotate delay completely, extr mode = 3.
TMR-3501 : Forward propagation: start to calculate arrival time...
TMR-3502 : Backward propagation: start to calculate required time...
TMR-3503 : Timing propagation completes.
PHY-3001 : End timing update;  0.047653s wall, 0.031250s user + 0.000000s system = 0.031250s CPU (65.6%)

PHY-3001 : :::0::: Try harder cell spreading with beta_ = 0.00112809
PHY-3002 : Step(93): len = 79892, overlap = 10.5
PHY-3002 : Step(94): len = 76756.6, overlap = 13.5
PHY-3002 : Step(95): len = 73970.4, overlap = 19.75
PHY-3002 : Step(96): len = 72364.9, overlap = 22.5
PHY-3002 : Step(97): len = 70785.4, overlap = 26.75
PHY-3002 : Step(98): len = 69463.2, overlap = 31.75
PHY-3002 : Step(99): len = 68633.6, overlap = 34.25
PHY-3002 : Step(100): len = 68063.4, overlap = 36.25
PHY-3001 : :::1::: Try harder cell spreading with beta_ = 0.00225619
PHY-3002 : Step(101): len = 68184.4, overlap = 36
PHY-3002 : Step(102): len = 68213.4, overlap = 36
PHY-3001 : :::2::: Try harder cell spreading with beta_ = 0.00451237
PHY-3002 : Step(103): len = 68308.8, overlap = 35.25
PHY-3002 : Step(104): len = 68446.3, overlap = 35
PHY-3001 : Legalization ...
PHY-3001 : End legalization;  0.004536s wall, 0.000000s user + 0.000000s system = 0.000000s CPU (n/a%)

PHY-3001 : Legalized: Len = 77715.2, Over = 0
PHY-3001 : Spreading special nets. 19 overflows in 2952 tiles.
PHY-3001 : End spreading;  0.005629s wall, 0.000000s user + 0.000000s system = 0.000000s CPU (n/a%)

PHY-3001 : 25 instances has been re-located, deltaX = 14, deltaY = 17, maxDist = 2.
PHY-3001 : Final: Len = 78245.2, Over = 0
OPT-1001 : Start physical optimization ...
RUN-1002 : start command "start_timer -report"
TMR-2505 : Start building timing graph for model top.
TMR-2506 : Build timing graph completely. Port num: 22, tpin num: 10358, tnet num: 2620, tinst num: 1216, tnode num: 13177, tedge num: 17552.
TMR-2508 : Levelizing timing graph completed, there are 41 levels in total.
TMR-2501 : Timing graph initialized successfully.
OPT-1001 : Total overflow 0.00 peak overflow 0.00
OPT-1001 : Start high-fanout net optimization ...
OPT-1001 : Update timing in global mode
PHY-1001 : Start incremental global routing, caller is place ...
RUN-1001 : Generating global routing grids ...
PHY-1001 : Generate routing nets ...
PHY-1001 : Reuse net number 115/2622.
PHY-1001 : Global iterations in 16 thread ...
PHY-1002 : len = 92048, over cnt = 239(0%), over = 428, worst = 7
PHY-1002 : len = 94432, over cnt = 102(0%), over = 127, worst = 4
PHY-1002 : len = 95680, over cnt = 19(0%), over = 22, worst = 3
PHY-1002 : len = 95792, over cnt = 10(0%), over = 11, worst = 2
PHY-1002 : len = 95944, over cnt = 0(0%), over = 0, worst = 0
PHY-1001 : End global iterations;  0.171821s wall, 0.031250s user + 0.015625s system = 0.046875s CPU (27.3%)

PHY-1001 : Congestion index: top1 = 29.35, top5 = 23.08, top10 = 19.31, top15 = 16.27.
PHY-1001 : End incremental global routing;  0.225672s wall, 0.078125s user + 0.015625s system = 0.093750s CPU (41.5%)

TMR-2503 : Start to update net delay, extr mode = 5.
TMR-2504 : Update delay of 2620 nets completely.
TMR-2502 : Annotate delay completely, extr mode = 5.
TMR-3001 : Initiate 4 clocks from SDC.
TMR-3004 : Map sdc constraints, there are 8 constraints in total.
TMR-3003 : Constraints initiated successfully.
TMR-3501 : Forward propagation: start to calculate arrival time...
TMR-3502 : Backward propagation: start to calculate required time...
TMR-3503 : Timing propagation completes.
OPT-1001 : End timing update;  0.064201s wall, 0.062500s user + 0.000000s system = 0.062500s CPU (97.4%)

OPT-1001 : 0 high-fanout net processed.
OPT-1001 : End high-fanout net optimization;  0.326526s wall, 0.156250s user + 0.015625s system = 0.171875s CPU (52.6%)

OPT-1001 : Current memory(MB): used = 234, reserve = 202, peak = 237.
OPT-1001 : Start path based optimization ...
OPT-1001 : Start congestion update ...
RUN-1001 : Generating global routing grids ...
PHY-1001 : Generate routing nets ...
PHY-1001 : Reuse net number 2166/2622.
PHY-1001 : Global iterations in 16 thread ...
PHY-1002 : len = 95944, over cnt = 0(0%), over = 0, worst = 0
PHY-1001 : End global iterations;  0.005792s wall, 0.000000s user + 0.000000s system = 0.000000s CPU (n/a%)

PHY-1001 : Congestion index: top1 = 29.35, top5 = 23.08, top10 = 19.31, top15 = 16.27.
OPT-1001 : End congestion update;  0.046736s wall, 0.015625s user + 0.000000s system = 0.015625s CPU (33.4%)

OPT-1001 : Update timing in Manhattan mode
TMR-2503 : Start to update net delay, extr mode = 3.
TMR-2504 : Update delay of 2620 nets completely.
TMR-2502 : Annotate delay completely, extr mode = 3.
TMR-3501 : Forward propagation: start to calculate arrival time...
TMR-3502 : Backward propagation: start to calculate required time...
TMR-3503 : Timing propagation completes.
OPT-1001 : End timing update;  0.061481s wall, 0.062500s user + 0.000000s system = 0.062500s CPU (101.7%)

OPT-0007 : Start: WNS 4198 TNS 0 NUM_FEPS 0
OPT-1001 : End path based optimization;  0.108578s wall, 0.078125s user + 0.000000s system = 0.078125s CPU (72.0%)

OPT-1001 : Current memory(MB): used = 236, reserve = 204, peak = 237.
OPT-1001 : Update timing in Manhattan mode
TMR-2503 : Start to update net delay, extr mode = 3.
TMR-2504 : Update delay of 2620 nets completely.
TMR-2502 : Annotate delay completely, extr mode = 3.
TMR-3501 : Forward propagation: start to calculate arrival time...
TMR-3502 : Backward propagation: start to calculate required time...
TMR-3503 : Timing propagation completes.
OPT-1001 : End timing update;  0.059071s wall, 0.062500s user + 0.000000s system = 0.062500s CPU (105.8%)

OPT-1001 : Start pin optimization...
OPT-1001 : skip pin optimization...
RUN-1001 : Generating global routing grids ...
PHY-1001 : Generate routing nets ...
PHY-1001 : Reuse net number 2166/2622.
PHY-1001 : Global iterations in 16 thread ...
PHY-1002 : len = 95944, over cnt = 0(0%), over = 0, worst = 0
PHY-1001 : End global iterations;  0.006392s wall, 0.000000s user + 0.000000s system = 0.000000s CPU (n/a%)

PHY-1001 : Congestion index: top1 = 29.35, top5 = 23.08, top10 = 19.31, top15 = 16.27.
OPT-1001 : Update timing in Manhattan mode
TMR-2503 : Start to update net delay, extr mode = 3.
TMR-2504 : Update delay of 2620 nets completely.
TMR-2502 : Annotate delay completely, extr mode = 3.
TMR-3501 : Forward propagation: start to calculate arrival time...
TMR-3502 : Backward propagation: start to calculate required time...
TMR-3503 : Timing propagation completes.
OPT-1001 : End timing update;  0.058566s wall, 0.031250s user + 0.000000s system = 0.031250s CPU (53.4%)

RUN-1001 : QoR Analysis:
OPT-0007 :   WNS 4198 TNS 0 NUM_FEPS 0
RUN-1001 :   No local congestion issue, and most congested 1% tile average routing util is 28.896552
RUN-1001 :   Top critical paths
RUN-1001 :       #1 path slack 4198ps with logic level 8 
RUN-1001 :       #2 path slack 4255ps with logic level 8 
OPT-1001 : End physical optimization;  1.130156s wall, 0.625000s user + 0.015625s system = 0.640625s CPU (56.7%)

RUN-1003 : finish command "place" in  5.980874s wall, 2.843750s user + 0.203125s system = 3.046875s CPU (50.9%)

RUN-1004 : used memory is 212 MB, reserved memory is 180 MB, peak memory is 238 MB
RUN-1002 : start command "export_db pic_sdram_place.db"
RUN-1001 : Exported /
RUN-1001 : Exported flow parameters
RUN-1001 : Exported libs
RUN-1001 : Exported entities
RUN-1001 : Exported ports
RUN-1001 : Exported pins
RUN-1001 : Exported instances
RUN-1001 : Exported nets
RUN-1001 : Exported buses
RUN-1001 : Exported models
RUN-1001 : Exported congestions
RUN-1001 : Exported violations
RUN-1001 : Exported timing constraints
RUN-1001 : Exported IO constraints
RUN-1001 : Exported Inst constraints
RUN-1001 : Exported ChipWatcher
RUN-1002 : start command "route"
RUN-1001 : Open license file D:/Program/Anlogic/TD5.6.2/license/Anlogic.lic
RUN-1001 : Print Global Property
RUN-1001 : ---------------------------------------------------------------
RUN-1001 :        Parameters        |  Settings  |  Default Values  |  Note  
RUN-1001 : ---------------------------------------------------------------
RUN-1001 :          message         |  standard  |     standard     |        
RUN-1001 :   mixed_pack_place_flow  |     on     |        on        |        
RUN-1001 :        qor_monitor       |    off     |       off        |        
RUN-1001 :        syn_ip_flow       |    off     |       off        |        
RUN-1001 :          thread          |    auto    |       auto       |        
RUN-1001 : ---------------------------------------------------------------
RUN-1001 : Print Route Property
RUN-1001 : -------------------------------------------------------
RUN-1001 :    Parameters    |  Settings  |  Default Values  |  Note  
RUN-1001 : -------------------------------------------------------
RUN-1001 :      effort      |   medium   |      medium      |        
RUN-1001 :     fix_hold     |    off     |       off        |        
RUN-1001 :    opt_timing    |   medium   |      medium      |        
RUN-1001 :   phy_sim_model  |    off     |       off        |        
RUN-1001 :     priority     |   timing   |      timing      |        
RUN-1001 :     swap_pin     |     on     |        on        |        
RUN-1001 : -------------------------------------------------------
PHY-1001 : Route runs in 16 thread(s)
RUN-1001 : There are total 1218 instances
RUN-1001 : 553 mslices, 552 lslices, 102 pads, 3 brams, 0 dsps
RUN-1001 : There are total 2622 nets
RUN-6004 WARNING: There are 16 nets with only 1 pin.
RUN-1001 : 1607 nets have 2 pins
RUN-1001 : 760 nets have [3 - 5] pins
RUN-1001 : 132 nets have [6 - 10] pins
RUN-1001 : 55 nets have [11 - 20] pins
RUN-1001 : 47 nets have [21 - 99] pins
RUN-1001 : 5 nets have 100+ pins
RUN-1002 : start command "start_timer -report"
TMR-2505 : Start building timing graph for model top.
TMR-2506 : Build timing graph completely. Port num: 22, tpin num: 10358, tnet num: 2620, tinst num: 1216, tnode num: 13177, tedge num: 17552.
TMR-2508 : Levelizing timing graph completed, there are 41 levels in total.
TMR-2501 : Timing graph initialized successfully.
PHY-1001 : 553 mslices, 552 lslices, 102 pads, 3 brams, 0 dsps
TMR-2503 : Start to update net delay, extr mode = 3.
TMR-2504 : Update delay of 2620 nets completely.
TMR-2502 : Annotate delay completely, extr mode = 3.
TMR-3001 : Initiate 4 clocks from SDC.
TMR-3004 : Map sdc constraints, there are 8 constraints in total.
TMR-3003 : Constraints initiated successfully.
TMR-3501 : Forward propagation: start to calculate arrival time...
TMR-3502 : Backward propagation: start to calculate required time...
TMR-3503 : Timing propagation completes.
PHY-1001 : Start global routing, caller is route ...
RUN-1001 : Generating global routing grids ...
PHY-1001 : Generate routing nets ...
PHY-1001 : Global iterations in 16 thread ...
PHY-1002 : len = 91000, over cnt = 237(0%), over = 441, worst = 7
PHY-1002 : len = 93680, over cnt = 119(0%), over = 145, worst = 4
PHY-1002 : len = 95520, over cnt = 2(0%), over = 2, worst = 1
PHY-1002 : len = 95552, over cnt = 0(0%), over = 0, worst = 0
PHY-1001 : End global iterations;  0.162095s wall, 0.046875s user + 0.000000s system = 0.046875s CPU (28.9%)

PHY-1001 : Congestion index: top1 = 29.29, top5 = 23.04, top10 = 19.24, top15 = 16.19.
PHY-1001 : End global routing;  0.210947s wall, 0.062500s user + 0.000000s system = 0.062500s CPU (29.6%)

PHY-1001 : Start detail routing ...
PHY-1001 : Current memory(MB): used = 257, reserve = 223, peak = 271.
PHY-1001 : Detailed router is running in normal mode.
PHY-1001 : Generate detailed routing grids ...
PHY-1001 : Generate nets ...
PHY-1001 : net clk_dup_1 will be routed on clock mesh
PHY-1001 : net U3/u2_ram/SDRAM_CLK will be routed on clock mesh
PHY-5010 WARNING: Net U3/u2_ram/u2_wrrd/Sdr_rd_dout[31] is skipped due to 0 input or output
PHY-5010 WARNING: Net U3/u2_ram/u2_wrrd/Sdr_rd_dout[30] is skipped due to 0 input or output
PHY-5010 WARNING: Net U3/u2_ram/u2_wrrd/Sdr_rd_dout[29] is skipped due to 0 input or output
PHY-5010 WARNING: Net U3/u2_ram/u2_wrrd/Sdr_rd_dout[28] is skipped due to 0 input or output
PHY-5010 WARNING: Net U3/u2_ram/u2_wrrd/Sdr_rd_dout[27] is skipped due to 0 input or output
PHY-5010 WARNING: Net U3/u2_ram/u2_wrrd/Sdr_rd_dout[26] is skipped due to 0 input or output
PHY-5010 WARNING: Net U3/u2_ram/u2_wrrd/Sdr_rd_dout[25] is skipped due to 0 input or output
PHY-5010 WARNING: Net U3/u2_ram/u2_wrrd/Sdr_rd_dout[24] is skipped due to 0 input or output
PHY-5010 WARNING: Net U3/u2_ram/u2_wrrd/Sdr_rd_dout[23] is skipped due to 0 input or output
PHY-5010 WARNING: Net U3/u2_ram/u2_wrrd/Sdr_rd_dout[22] is skipped due to 0 input or output
PHY-5010 Similar messages will be suppressed.
PHY-1001 : clock net frame_read_write_m0/read_buf/clkr will be merged with clock video_pll_m0/clk0_buf
PHY-1001 : clock net frame_read_write_m0/write_buf/clkw will be merged with clock sys_pll_m0/clk0_buf
PHY-1001 : clock net config_inst_syn_10 will be merged with clock config_inst_syn_9
PHY-1001 : Current memory(MB): used = 522, reserve = 493, peak = 522.
PHY-1001 : End build detailed router design. 2.548479s wall, 1.531250s user + 0.015625s system = 1.546875s CPU (60.7%)

PHY-1001 : Detail Route ...
PHY-1001 : ===== Detail Route Phase 1 =====
PHY-1001 : Clock net routing.....
PHY-1001 : Routed 0% nets.
PHY-1022 : len = 42336, over cnt = 0(0%), over = 0, worst = 0, crit = 0
PHY-1001 : End initial clock net routed; 0.875277s wall, 0.343750s user + 0.015625s system = 0.359375s CPU (41.1%)

PHY-1001 : Current memory(MB): used = 555, reserve = 528, peak = 555.
PHY-1001 : End phase 1; 0.880978s wall, 0.343750s user + 0.015625s system = 0.359375s CPU (40.8%)

PHY-1001 : ===== Detail Route Phase 2 =====
PHY-1001 : Initial routing.....
PHY-1001 : Routed 36% nets.
PHY-1001 : Routed 45% nets.
PHY-1001 : Routed 55% nets.
PHY-1001 : Routed 68% nets.
PHY-1001 : Routed 87% nets.
PHY-1022 : len = 292896, over cnt = 81(0%), over = 81, worst = 1, crit = 0
PHY-1001 : Current memory(MB): used = 556, reserve = 528, peak = 556.
PHY-1001 : End initial routed; 1.573657s wall, 0.609375s user + 0.031250s system = 0.640625s CPU (40.7%)

PHY-1001 : Update timing.....
PHY-1001 : 0/2298(0%) critical/total net(s).
RUN-1001 : --------------------------------------
RUN-1001 :   Type   |  WNS(ns)  |  TNS(ns)  |  FEP  
RUN-1001 : --------------------------------------
RUN-1001 :   Setup  |   1.543   |   0.000   |   0   
RUN-1001 :   Hold   |  -1.033   |  -12.315  |  20   
RUN-1001 : --------------------------------------
PHY-1001 : End update timing; 0.550750s wall, 0.343750s user + 0.000000s system = 0.343750s CPU (62.4%)

PHY-1001 : Current memory(MB): used = 558, reserve = 530, peak = 558.
PHY-1001 : End phase 2; 2.124460s wall, 0.953125s user + 0.031250s system = 0.984375s CPU (46.3%)

PHY-1001 : ===== Detail Route Phase 3 =====
PHY-1001 : Optimize timing.....
PHY-1022 : len = 292896, over cnt = 81(0%), over = 81, worst = 1, crit = 0
PHY-1001 : End optimize timing; 0.016150s wall, 0.015625s user + 0.000000s system = 0.015625s CPU (96.8%)

PHY-1001 : Ripup-reroute.....
PHY-1001 : ===== DR Iter 1 =====
PHY-1022 : len = 292736, over cnt = 27(0%), over = 27, worst = 1, crit = 0
PHY-1001 : End DR Iter 1; 0.039362s wall, 0.000000s user + 0.000000s system = 0.000000s CPU (n/a%)

PHY-1001 : ===== DR Iter 2 =====
PHY-1022 : len = 292832, over cnt = 3(0%), over = 3, worst = 1, crit = 0
PHY-1001 : End DR Iter 2; 0.035362s wall, 0.000000s user + 0.000000s system = 0.000000s CPU (n/a%)

PHY-1001 : ===== DR Iter 3 =====
PHY-1022 : len = 292880, over cnt = 0(0%), over = 0, worst = 0, crit = 0
PHY-1001 : End DR Iter 3; 0.024726s wall, 0.000000s user + 0.000000s system = 0.000000s CPU (n/a%)

PHY-1001 : Update timing.....
PHY-1001 : 0/2298(0%) critical/total net(s).
RUN-1001 : --------------------------------------
RUN-1001 :   Type   |  WNS(ns)  |  TNS(ns)  |  FEP  
RUN-1001 : --------------------------------------
RUN-1001 :   Setup  |   1.543   |   0.000   |   0   
RUN-1001 :   Hold   |  -1.033   |  -12.315  |  20   
RUN-1001 : --------------------------------------
PHY-1001 : End update timing; 0.555913s wall, 0.281250s user + 0.000000s system = 0.281250s CPU (50.6%)

PHY-1001 : Commit to database.....
PHY-1001 : 14 feed throughs used by 12 nets
PHY-1001 : End commit to database; 0.198764s wall, 0.109375s user + 0.015625s system = 0.125000s CPU (62.9%)

PHY-1001 : Current memory(MB): used = 575, reserve = 547, peak = 575.
PHY-1001 : End phase 3; 0.981825s wall, 0.515625s user + 0.015625s system = 0.531250s CPU (54.1%)

PHY-1003 : Routed, final wirelength = 292880
PHY-1001 : Current memory(MB): used = 575, reserve = 548, peak = 575.
PHY-1001 : End export database. 0.008897s wall, 0.000000s user + 0.000000s system = 0.000000s CPU (n/a%)

PHY-1001 : End detail routing;  6.698496s wall, 3.437500s user + 0.078125s system = 3.515625s CPU (52.5%)

RUN-1003 : finish command "route" in  7.483172s wall, 3.906250s user + 0.093750s system = 4.000000s CPU (53.5%)

RUN-1004 : used memory is 523 MB, reserved memory is 501 MB, peak memory is 575 MB
RUN-1002 : start command "report_area -io_info -file pic_sdram_phy.area"
RUN-1001 : standard
***Report Model: top Device: EG4S20BG256***

IO Statistics
#IO                        47
  #input                    6
  #output                  37
  #inout                    4

Utilization Statistics
#lut                     1762   out of  19600    8.99%
#reg                     1153   out of  19600    5.88%
#le                      2103
  #lut only               950   out of   2103   45.17%
  #reg only               341   out of   2103   16.21%
  #lut&reg                812   out of   2103   38.61%
#dsp                        0   out of     29    0.00%
#bram                       3   out of     64    4.69%
  #bram9k                   3
  #fifo9k                   0
#bram32k                    0   out of     16    0.00%
#pad                       47   out of    188   25.00%
  #ireg                     1
  #oreg                    34
  #treg                     0
#pll                        2   out of      4   50.00%
#gclk                       3   out of     16   18.75%

Clock Resource Statistics
Index     ClockNet                 Type               DriverType         Driver                         Fanout
#1        U3/u2_ram/SDRAM_CLK      GCLK               pll                sys_pll_m0/pll_inst.clkc1      261
#2        sys_pll_m0/clk0_buf      GCLK               pll                sys_pll_m0/pll_inst.clkc0      254
#3        config_inst_syn_9        GCLK               config             config_inst.jtck               97
#4        clk_dup_1                GCLK               io                 clk_syn_2.di                   84
#5        video_pll_m0/clk0_buf    GCLK               pll                video_pll_m0/pll_inst.clkc0    76


Detailed IO Report

       Name         Direction    Location    IOStandard    DriveStrength    PullType    PackReg  
       clk            INPUT         R7        LVCMOS33          N/A           NONE       NONE    
       key1           INPUT         B2        LVCMOS33          N/A           NONE       IREG    
       key2           INPUT         B1        LVCMOS33          N/A           NONE       NONE    
      rst_n           INPUT         A2        LVCMOS33          N/A           NONE       NONE    
     sd_miso          INPUT        B14        LVCMOS33          N/A           NONE       NONE    
     switch1          INPUT         C8        LVCMOS33          N/A           NONE       NONE    
    flash_cs_n       OUTPUT         P8        LVCMOS33           8            NONE       NONE    
    flash_sck        OUTPUT         M9        LVCMOS33           8            NONE       NONE    
     sd_dclk         OUTPUT        A14        LVCMOS33           8            NONE       OREG    
     sd_mosi         OUTPUT        A13        LVCMOS33           8            NONE       OREG    
      sd_ncs         OUTPUT        A12        LVCMOS33           8            NONE       OREG    
   seg_data[7]       OUTPUT         A6        LVCMOS33           8            NONE       NONE    
   seg_data[6]       OUTPUT         A7        LVCMOS33           8            NONE       OREG    
   seg_data[5]       OUTPUT         A8        LVCMOS33           8            NONE       OREG    
   seg_data[4]       OUTPUT         B5        LVCMOS33           8            NONE       OREG    
   seg_data[3]       OUTPUT         A5        LVCMOS33           8            NONE       OREG    
   seg_data[2]       OUTPUT         B6        LVCMOS33           8            NONE       OREG    
   seg_data[1]       OUTPUT        C16        LVCMOS33           8            NONE       OREG    
   seg_data[0]       OUTPUT        C15        LVCMOS33           8            NONE       OREG    
    seg_sel[5]       OUTPUT        D11        LVCMOS33           8            NONE       OREG    
    seg_sel[4]       OUTPUT        E11        LVCMOS33           8            NONE       OREG    
    seg_sel[3]       OUTPUT        F10        LVCMOS33           8            NONE       OREG    
    seg_sel[2]       OUTPUT        C13        LVCMOS33           8            NONE       OREG    
    seg_sel[1]       OUTPUT        E10        LVCMOS33           8            NONE       OREG    
    seg_sel[0]       OUTPUT        E12        LVCMOS33           8            NONE       OREG    
   vga_out_b[4]      OUTPUT         D5        LVCMOS33           8            NONE       OREG    
   vga_out_b[3]      OUTPUT         D6        LVCMOS33           8            NONE       OREG    
   vga_out_b[2]      OUTPUT         E6        LVCMOS33           8            NONE       OREG    
   vga_out_b[1]      OUTPUT         F6        LVCMOS33           8            NONE       OREG    
   vga_out_b[0]      OUTPUT        H16        LVCMOS25           8            N/A        OREG    
   vga_out_g[5]      OUTPUT         N6        LVCMOS33           8            NONE       OREG    
   vga_out_g[4]      OUTPUT         N5        LVCMOS33           8            NONE       OREG    
   vga_out_g[3]      OUTPUT         P5        LVCMOS33           8            NONE       OREG    
   vga_out_g[2]      OUTPUT         T5        LVCMOS33           8            NONE       OREG    
   vga_out_g[1]      OUTPUT        G14        LVCMOS25           8            N/A        OREG    
   vga_out_g[0]      OUTPUT         F4        LVCMOS33           8            N/A        OREG    
    vga_out_hs       OUTPUT         E7        LVCMOS33           8            NONE       OREG    
   vga_out_r[4]      OUTPUT        E13        LVCMOS33           8            NONE       OREG    
   vga_out_r[3]      OUTPUT         L8        LVCMOS33           8            NONE       OREG    
   vga_out_r[2]      OUTPUT         L7        LVCMOS33           8            NONE       OREG    
   vga_out_r[1]      OUTPUT         R5        LVCMOS33           8            NONE       OREG    
   vga_out_r[0]      OUTPUT        M11        LVCMOS25           8            N/A        OREG    
    vga_out_vs       OUTPUT         F7        LVCMOS33           8            NONE       OREG    
  flash_qspi_IO0      INOUT         P7        LVCMOS33           8            NONE       NONE    
  flash_qspi_IO1      INOUT         N8        LVCMOS33           8            NONE       NONE    
  flash_qspi_IO2      INOUT         P9        LVCMOS33           8            NONE       NONE    
  flash_qspi_IO3      INOUT         R9        LVCMOS33           8            NONE       NONE    
       dm0           OUTPUT        S14        LVCMOS25           8            NONE       OREG    
       cke           OUTPUT        S18        LVCMOS25           8            NONE       NONE    
       we_n          OUTPUT        S19        LVCMOS25           8            NONE       OREG    
      cas_n          OUTPUT        S20        LVCMOS25           8            NONE       OREG    
      ras_n          OUTPUT        S21        LVCMOS25           8            NONE       OREG    
       cs_n          OUTPUT        S22        LVCMOS25           8            NONE       NONE    
     addr[9]         OUTPUT        S23        LVCMOS25           8            NONE       OREG    
     addr[8]         OUTPUT        S24        LVCMOS25           8            NONE       OREG    
     addr[7]         OUTPUT        S25        LVCMOS25           8            NONE       OREG    
     addr[6]         OUTPUT        S26        LVCMOS25           8            NONE       OREG    
     addr[5]         OUTPUT        S27        LVCMOS25           8            NONE       OREG    
     addr[4]         OUTPUT        S28        LVCMOS25           8            NONE       OREG    
       dm2           OUTPUT        S29        LVCMOS25           8            NONE       OREG    
       dm3           OUTPUT        S61        LVCMOS25           8            NONE       OREG    
     addr[3]         OUTPUT        S64        LVCMOS25           8            NONE       OREG    
     addr[2]         OUTPUT        S65        LVCMOS25           8            NONE       OREG    
     addr[1]         OUTPUT        S66        LVCMOS25           8            NONE       OREG    
     addr[0]         OUTPUT        S67        LVCMOS25           8            NONE       OREG    
     addr[10]        OUTPUT        S68        LVCMOS25           8            NONE       OREG    
      ba[0]          OUTPUT        S69        LVCMOS25           8            NONE       OREG    
      ba[1]          OUTPUT        S70        LVCMOS25           8            NONE       OREG    
       clk           OUTPUT        S73        LVCMOS25           8            NONE       NONE    
       dm1           OUTPUT        S76        LVCMOS25           8            NONE       OREG    
      dq[0]           INOUT         S1        LVCMOS25           8           PULLUP      IREG    
      dq[6]           INOUT        S11        LVCMOS25           8           PULLUP      IREG    
      dq[7]           INOUT        S12        LVCMOS25           8           PULLUP      IREG    
      dq[1]           INOUT         S2        LVCMOS25           8           PULLUP      IREG    
      dq[23]          INOUT        S31        LVCMOS25           8           PULLUP      IREG    
      dq[22]          INOUT        S32        LVCMOS25           8           PULLUP      IREG    
      dq[21]          INOUT        S35        LVCMOS25           8           PULLUP      IREG    
      dq[20]          INOUT        S36        LVCMOS25           8           PULLUP      IREG    
      dq[19]          INOUT        S37        LVCMOS25           8           PULLUP      IREG    
      dq[18]          INOUT        S38        LVCMOS25           8           PULLUP      IREG    
      dq[17]          INOUT        S41        LVCMOS25           8           PULLUP      IREG    
      dq[16]          INOUT        S42        LVCMOS25           8           PULLUP      IREG    
      dq[31]          INOUT        S48        LVCMOS25           8           PULLUP      IREG    
      dq[30]          INOUT        S49        LVCMOS25           8           PULLUP      IREG    
      dq[2]           INOUT         S5        LVCMOS25           8           PULLUP      IREG    
      dq[29]          INOUT        S52        LVCMOS25           8           PULLUP      IREG    
      dq[28]          INOUT        S53        LVCMOS25           8           PULLUP      IREG    
      dq[27]          INOUT        S54        LVCMOS25           8           PULLUP      IREG    
      dq[26]          INOUT        S55        LVCMOS25           8           PULLUP      IREG    
      dq[25]          INOUT        S58        LVCMOS25           8           PULLUP      IREG    
      dq[24]          INOUT        S59        LVCMOS25           8           PULLUP      IREG    
      dq[3]           INOUT         S6        LVCMOS25           8           PULLUP      IREG    
      dq[4]           INOUT         S7        LVCMOS25           8           PULLUP      IREG    
      dq[8]           INOUT        S78        LVCMOS25           8           PULLUP      IREG    
      dq[9]           INOUT        S79        LVCMOS25           8           PULLUP      IREG    
      dq[5]           INOUT         S8        LVCMOS25           8           PULLUP      IREG    
      dq[10]          INOUT        S82        LVCMOS25           8           PULLUP      IREG    
      dq[11]          INOUT        S83        LVCMOS25           8           PULLUP      IREG    
      dq[12]          INOUT        S84        LVCMOS25           8           PULLUP      IREG    
      dq[13]          INOUT        S85        LVCMOS25           8           PULLUP      IREG    
      dq[14]          INOUT        S88        LVCMOS25           8           PULLUP      IREG    
      dq[15]          INOUT        S89        LVCMOS25           8           PULLUP      IREG    

Report Hierarchy Area:
+-----------------------------------------------------------------------------------------------------------------------------------------+
|Instance                            |Module                                         |le     |lut     |ripple  |seq     |bram    |dsp     |
+-----------------------------------------------------------------------------------------------------------------------------------------+
|top                                 |top                                            |2103   |1453    |309     |1188    |3       |0       |
|  U3                                |sdram                                          |196    |56      |5       |183     |0       |0       |
|    u2_ram                          |sdr_as_ram                                     |196    |56      |5       |183     |0       |0       |
|      u1_init_ref                   |sdr_init_ref                                   |86     |12      |5       |78      |0       |0       |
|      u2_wrrd                       |sdr_wrrd                                       |110    |44      |0       |105     |0       |0       |
|  frame_read_write_m0               |frame_read_write                               |427    |261     |92      |266     |1       |0       |
|    frame_fifo_read_m0              |frame_fifo_read                                |111    |85      |24      |58      |0       |0       |
|    frame_fifo_write_m0             |frame_fifo_write                               |83     |62      |18      |37      |0       |0       |
|    read_buf                        |afifo_16_256                                   |117    |57      |25      |85      |1       |0       |
|      ram_inst                      |ram_infer_afifo_16_256                         |0      |0       |0       |0       |1       |0       |
|      rd_to_wr_cross_inst           |fifo_cross_domain_addr_process_al_afifo_16_256 |30     |15      |0       |30      |0       |0       |
|      wr_to_rd_cross_inst           |fifo_cross_domain_addr_process_al_afifo_16_256 |30     |16      |0       |30      |0       |0       |
|    write_buf                       |afifo_16_256                                   |116    |57      |25      |86      |0       |0       |
|      rd_to_wr_cross_inst           |fifo_cross_domain_addr_process_al_afifo_16_256 |32     |14      |0       |32      |0       |0       |
|      wr_to_rd_cross_inst           |fifo_cross_domain_addr_process_al_afifo_16_256 |28     |17      |0       |28      |0       |0       |
|  sd_card_bmp_m0                    |sd_card_bmp                                    |909    |777     |97      |362     |0       |0       |
|    ax_debounce_m0                  |ax_debounce                                    |63     |54      |9       |35      |0       |0       |
|    bmp_read_m0                     |bmp_read                                       |274    |186     |58      |150     |0       |0       |
|    sd_card_top_m0                  |sd_card_top                                    |572    |537     |30      |177     |0       |0       |
|      sd_card_cmd_m0                |sd_card_cmd                                    |338    |313     |25      |54      |0       |0       |
|      sd_card_sec_read_write_m0     |sd_card_sec_read_write                         |166    |161     |0       |81      |0       |0       |
|      spi_master_m0                 |spi_master                                     |68     |63      |5       |42      |0       |0       |
|  seg_scan_m0                       |seg_scan                                       |76     |54      |22      |20      |0       |0       |
|  sys_pll_m0                        |sys_pll                                        |0      |0       |0       |0       |0       |0       |
|  video_pll_m0                      |video_pll                                      |0      |0       |0       |0       |0       |0       |
|  video_timing_data_m0              |video_timing_data                              |49     |37      |8       |35      |0       |0       |
|    color_bar_m0                    |color_bar                                      |45     |36      |8       |31      |0       |0       |
|  cw_top                            |CW_TOP_WRAPPER                                 |428    |250     |85      |270     |0       |0       |
|    wrapper_cwc_top                 |cwc_top                                        |428    |250     |85      |270     |0       |0       |
|      cfg_int_inst                  |cwc_cfg_int                                    |163    |72      |0       |163     |0       |0       |
|        reg_inst                    |register                                       |161    |70      |0       |161     |0       |0       |
|        tap_inst                    |tap                                            |2      |2       |0       |2       |0       |0       |
|      trigger_inst                  |trigger                                        |265    |178     |85      |107     |0       |0       |
|        bus_inst                    |bus_top                                        |63     |37      |24      |22      |0       |0       |
|          BUS_DETECTOR[1]$bus_nodes |bus_det                                        |2      |2       |0       |2       |0       |0       |
|          BUS_DETECTOR[2]$bus_nodes |bus_det                                        |20     |12      |8       |6       |0       |0       |
|          BUS_DETECTOR[3]$bus_nodes |bus_det                                        |20     |11      |8       |8       |0       |0       |
|          BUS_DETECTOR[4]$bus_nodes |bus_det                                        |21     |12      |8       |6       |0       |0       |
|        emb_ctrl_inst               |emb_ctrl                                       |112    |83      |29      |54      |0       |0       |
+-----------------------------------------------------------------------------------------------------------------------------------------+


DataNet Average Fanout:

   Index     Fanout     Nets  
    #1          1       1560  
    #2          2       407   
    #3          3       230   
    #4          4       123   
    #5        5-10      143   
    #6        11-50      85   
    #7       51-100      3    
    #8       101-500     1    
  Average     2.69            

RUN-1002 : start command "export_db pic_sdram_pr.db"
RUN-1001 : Exported /
RUN-1001 : Exported flow parameters
RUN-1001 : Exported libs
RUN-1001 : Exported entities
RUN-1001 : Exported ports
RUN-1001 : Exported pins
RUN-1001 : Exported instances
RUN-1001 : Exported nets
RUN-1001 : Exported buses
RUN-1001 : Exported models
RUN-1001 : Exported congestions
RUN-1001 : Exported violations
RUN-1001 : Exported timing constraints
RUN-1001 : Exported IO constraints
RUN-1001 : Exported Inst constraints
RUN-1001 : Exported ChipWatcher
RUN-1002 : start command "start_timer"
TMR-2505 : Start building timing graph for model top.
TMR-2506 : Build timing graph completely. Port num: 22, tpin num: 10358, tnet num: 2620, tinst num: 1216, tnode num: 13177, tedge num: 17552.
TMR-2508 : Levelizing timing graph completed, there are 41 levels in total.
TMR-2501 : Timing graph initialized successfully.
RUN-1002 : start command "report_timing -mode FINAL -net_info -rpt_autogen true -file pic_sdram_phy.timing"
TMR-2503 : Start to update net delay, extr mode = 6.
TMR-2504 : Update delay of 2620 nets completely.
TMR-2502 : Annotate delay completely, extr mode = 6.
TMR-3001 : Initiate 4 clocks from SDC.
TMR-3004 : Map sdc constraints, there are 8 constraints in total.
TMR-3003 : Constraints initiated successfully.
TMR-3501 : Forward propagation: start to calculate arrival time...
TMR-3502 : Backward propagation: start to calculate required time...
TMR-3503 : Timing propagation completes.
TMR-3506 : Start to generate timing report.
TMR-1502 : Number of clock constraints = 4. Number of clock nets = 5 (1 unconstrainted).
TMR-5009 WARNING: No clock constraint on 1 clock net(s): 
		config_inst_syn_10
TMR-3508 : Export timing summary.
TMR-3507 : Timing report generated successfully in pic_sdram_phy.timing, timing summary in pic_sdram_phy.tsm.
RUN-1002 : start command "export_bid pic_sdram_inst.bid"
PRG-1000 : <!-- HMAC is: 6ba6c089fd11652e6a81dce5530831834c86f8cf10e835beaccb8f4a102f58bc -->
RUN-1002 : start command "bitgen -bit pic_sdram.bit"
BIT-1003 : Start to generate bitstream. 
BIT-1002 : Init instances with 16 threads.
BIT-1002 : Init instances completely, inst num: 1216
BIT-1002 : Init pips with 16 threads.
BIT-1002 : Init pips completely, net num: 2622, pip num: 23201
BIT-1002 : Init feedthrough with 16 threads.
BIT-1002 : Init feedthrough completely, num: 14
BIT-1003 : Multithreading accelaration with 16 threads.
BIT-1003 : Generate bitstream completely, there are 1964 valid insts, and 66163 bits set as '1'.
BIT-1004 : the usercode register value: 00000000100100000111101011111001
BIT-1004 : PLL setting string = 0110
BIT-1004 : Generate bits file pic_sdram.bit.
RUN-1003 : finish command "bitgen -bit pic_sdram.bit" in  2.920925s wall, 25.140625s user + 0.046875s system = 25.187500s CPU (862.3%)

RUN-1004 : used memory is 548 MB, reserved memory is 520 MB, peak memory is 724 MB
RUN-1002 : start command "backup_run_log run.log ../.logs/phy_1/td_20231214_150952.log"
