============================================================
   Tang Dynasty, V5.6.71036
      Copyright (c) 2012-2023 Anlogic Inc.
   Executable = D:/Program/Anlogic/TD5.6.2/bin/td.exe
   Built at =   20:34:38 Mar 21 2023
   Run by =     28408
   Run Date =   Tue Dec 19 17:04:33 2023

   Run on =     DESKTOP-T1B5OP5
============================================================
RUN-1002 : start command "open_project pic_sdram.prj"
RUN-1001 : Print Global Property
RUN-1001 : ---------------------------------------------------------------
RUN-1001 :        Parameters        |  Settings  |  Default Values  |  Note  
RUN-1001 : ---------------------------------------------------------------
RUN-1001 :          message         |  standard  |     standard     |        
RUN-1001 :   mixed_pack_place_flow  |     on     |        on        |        
RUN-1001 :        qor_monitor       |    off     |       off        |        
RUN-1001 :        syn_ip_flow       |    off     |       off        |        
RUN-1001 :          thread          |    auto    |       auto       |        
RUN-1001 : ---------------------------------------------------------------
RUN-1001 : Print Design Property
RUN-1001 : --------------------------------------------------------------
RUN-1001 :        Parameters       |  Settings  |  Default Values  |  Note  
RUN-1001 : --------------------------------------------------------------
RUN-1001 :   default_reg_initial   |    auto    |       auto       |        
RUN-1001 :        infer_add        |     on     |        on        |        
RUN-1001 :        infer_fsm        |    off     |       off        |        
RUN-1001 :        infer_mult       |     on     |        on        |        
RUN-1001 :        infer_ram        |     on     |        on        |        
RUN-1001 :        infer_reg        |     on     |        on        |        
RUN-1001 :   infer_reg_init_value  |     on     |        on        |        
RUN-1001 :        infer_rom        |     on     |        on        |        
RUN-1001 :      infer_shifter      |     on     |        on        |        
RUN-1001 : --------------------------------------------------------------
RUN-1001 : Print Rtl Property
RUN-1001 : --------------------------------------------------------------
RUN-1001 :        Parameters       |  Settings  |  Default Values  |  Note  
RUN-1001 : --------------------------------------------------------------
RUN-1001 :       compress_add      |   ripple   |      ripple      |        
RUN-1001 :        elf_sload        |    off     |       off        |        
RUN-1001 :       fix_undriven      |     0      |        0         |        
RUN-1001 :         flatten         |    off     |       off        |        
RUN-1001 :       gate_sharing      |     on     |        on        |        
RUN-1001 :    hdl_warning_level    |   normal   |      normal      |        
RUN-1001 :   impl_internal_tribuf  |     on     |        on        |        
RUN-1001 :      impl_set_reset     |     on     |        on        |        
RUN-1001 :        infer_gsr        |    off     |       off        |        
RUN-1001 :      keep_hierarchy     |    auto    |       auto       |        
RUN-1001 :        max_fanout       |    9999    |       9999       |        
RUN-1001 :      max_oh2bin_len     |     10     |        10        |        
RUN-1001 :       merge_equal       |     on     |        on        |        
RUN-1001 :       merge_equiv       |     on     |        on        |        
RUN-1001 :        merge_mux        |    off     |       off        |        
RUN-1001 :     min_control_set     |     8      |        8         |        
RUN-1001 :      min_ripple_len     |    auto    |       auto       |        
RUN-1001 :       oh2bin_ratio      |    0.08    |       0.08       |        
RUN-1001 :     opt_adder_fanout    |     on     |        on        |        
RUN-1001 :        opt_arith        |     on     |        on        |        
RUN-1001 :       opt_big_gate      |    off     |       off        |        
RUN-1001 :        opt_const        |     on     |        on        |        
RUN-1001 :      opt_const_mult     |     on     |        on        |        
RUN-1001 :       opt_lessthan      |     on     |        on        |        
RUN-1001 :         opt_mux         |    off     |       off        |        
RUN-1001 :         opt_ram         |    high    |       high       |        
RUN-1001 :      rtl_sim_model      |    off     |       off        |        
RUN-1001 :         seq_syn         |     on     |        on        |        
RUN-1001 : --------------------------------------------------------------
HDL-1007 : analyze verilog file ../../al_ip/sys_pll.v
HDL-1007 : undeclared symbol 'open', assumed default net type 'wire' in ../../al_ip/sys_pll.v(77)
HDL-1007 : analyze verilog file ../../al_ip/video_pll.v
HDL-1007 : undeclared symbol 'open', assumed default net type 'wire' in ../../al_ip/video_pll.v(63)
HDL-1007 : analyze verilog file ../../al_ip/afifo_16_256.v
HDL-1007 : analyze verilog file ../../src/ax_debounce.v
HDL-1007 : analyze verilog file ../../src/bmp_read.v
HDL-1007 : analyze verilog file ../../src/color_bar.v
HDL-1007 : analyze included file ../../src/video_define.v in ../../src/color_bar.v(2)
HDL-1007 : back to file '../../src/color_bar.v' in ../../src/color_bar.v(2)
HDL-1007 : analyze verilog file ../../src/frame_fifo_read.v
HDL-1007 : analyze verilog file ../../src/frame_fifo_write.v
HDL-1007 : analyze verilog file ../../src/sd_card/sd_card_cmd.v
HDL-1007 : analyze verilog file ../../src/sd_card/sd_card_sec_read_write.v
HDL-1007 : analyze verilog file ../../src/sd_card/sd_card_top.v
HDL-1007 : analyze verilog file ../../src/sd_card/spi_master.v
HDL-1007 : analyze verilog file ../../src/sd_card_bmp.v
HDL-1007 : analyze verilog file ../../src/seg_decoder.v
HDL-1007 : analyze verilog file ../../src/seg_scan.v
HDL-1007 : analyze verilog file ../../src/top.v
HDL-1007 : undeclared symbol 'sdram_clk', assumed default net type 'wire' in ../../src/top.v(102)
HDL-1007 : analyze verilog file ../../src/video_timing_data.v
HDL-1007 : analyze verilog file ../../src/sdram_r/sdram_para.v
HDL-1007 : analyze verilog file ../../src/sdram/enc_file/global_def.v
HDL-1007 : analyze verilog file ../../src/sdram/enc_file/sdr_as_ram.enc.v
Copyright (c) 1998-2019 The OpenSSL Project.  All rights reserved.
This product includes software developed by the OpenSSL Project
for use in the OpenSSL Toolkit (http://www.openssl.org/)
Copyright (C) 1995-1998 Eric Young (eay@cryptsoft.com)
All rights reserved.
This product includes cryptographic software written by Eric Young (eay@cryptsoft.com)
HDL-1007 : back to file '../../src/sdram/enc_file/sdr_as_ram.enc.v' in ../../src/sdram/enc_file/sdr_as_ram.enc.v(148)
HDL-1007 : analyze verilog file ../../src/sdram/enc_file/sdr_init_ref.enc.v
HDL-1007 : undeclared symbol '**', assumed default net type '**' in encrypted_text(0)
HDL-1007 : back to file '../../src/sdram/enc_file/sdr_init_ref.enc.v' in ../../src/sdram/enc_file/sdr_init_ref.enc.v(242)
HDL-5007 WARNING: concatenation with an unsized literal will be treated as 32 bits in encrypted_text(0)
HDL-1007 : analyze verilog file ../../src/sdram/enc_file/sdr_wrrd.enc.v
HDL-5007 WARNING: concatenation with an unsized literal will be treated as 32 bits in encrypted_text(0)
HDL-1007 : back to file '../../src/sdram/enc_file/sdr_wrrd.enc.v' in ../../src/sdram/enc_file/sdr_wrrd.enc.v(255)
HDL-1007 : analyze verilog file ../../src/sdram/sdram.v
HDL-1007 : analyze included file D:\Projects\2023_10_10_HX4S20_test\spi_FLASH_SDRAM_pic\HX4S20\/./src/sdram/enc_file/global_def.v in ../../src/sdram/sdram.v(10)
HDL-1007 : back to file '../../src/sdram/sdram.v' in ../../src/sdram/sdram.v(10)
HDL-1007 : undeclared symbol 'Sdr_busy', assumed default net type 'wire' in ../../src/sdram/sdram.v(63)
HDL-1007 : undeclared symbol 'SDR_CKE', assumed default net type 'wire' in ../../src/sdram/sdram.v(88)
HDL-1007 : analyze verilog file ../../src/frame_read_write.v
HDL-1007 : analyze verilog file ../../src/video_delay.v
RUN-1001 : Project manager successfully analyzed 26 source files.
RUN-1002 : start command "import_device eagle_s20.db -package EG4S20BG256"
ARC-1001 : Device Initialization.
ARC-1001 : ------------------------------------------------------------------
ARC-1001 :            OPTION            |          IO          |   SETTING   
ARC-1001 : ------------------------------------------------------------------
ARC-1001 :   cso_b/cclk/mosi/miso/dout  |  T3/R11/T10/P10/S11  |    gpio    
ARC-1001 :             done             |         P13          |    gpio    
ARC-1001 :           program_b          |          T2          |  dedicate  
ARC-1001 :        tdi/tms/tck/tdo       |   C12/A15/C14/E14    |  dedicate  
ARC-1001 : ------------------------------------------------------------------
ARC-1004 : Device setting, marked 5 dedicate IOs in total.
RUN-1002 : start command "import_db ../syn_1/pic_sdram_gate.db"
RUN-1001 : Importing database generated by Tang Dynasty, V5.6.71036.
RUN-1001 : Database version number 46146.
RUN-1001 : Import flow parameters
RUN-1001 : Import timing constraints
RUN-1001 : Import IO constraints
RUN-1001 : Import Inst constraints
RUN-1001 : Import design success TD_VERSION=5.6.71036 , DB_VERSION=46146
RUN-1002 : start command "read_sdc ../../top.sdc"
RUN-1002 : start command "get_ports clk"
RUN-1002 : start command "create_clock -name clk -period 20 -waveform 0 10 "
RUN-1102 : create_clock: clock name: clk, type: 0, period: 20000, rise: 0, fall: 10000.
RUN-1002 : start command "derive_pll_clocks"
USR-1002 : Gen clock cmd:  create_generated_clock -name {sys_pll_m0/pll_inst.clkc[0]} -source [get_ports {clk}] -master_clock {clk} -multiply_by 2.0000 [get_pins {sys_pll_m0/pll_inst.clkc[0]}]
RUN-1002 : start command "get_ports clk"
RUN-1002 : start command "get_pins sys_pll_m0/pll_inst.clkc[0]"
RUN-1002 : start command "create_generated_clock -name sys_pll_m0/pll_inst.clkc[0] -source  -master_clock clk -multiply_by 2.0000 "
USR-1002 : Gen clock cmd:  create_generated_clock -name {sys_pll_m0/pll_inst.clkc[1]} -source [get_ports {clk}] -master_clock {clk} -multiply_by 2.0000 [get_pins {sys_pll_m0/pll_inst.clkc[1]}]
RUN-1002 : start command "get_ports clk"
RUN-1002 : start command "get_pins sys_pll_m0/pll_inst.clkc[1]"
RUN-1002 : start command "create_generated_clock -name sys_pll_m0/pll_inst.clkc[1] -source  -master_clock clk -multiply_by 2.0000 "
USR-1002 : Gen clock cmd:  create_generated_clock -name {video_pll_m0/pll_inst.clkc[0]} -source [get_ports {clk}] -master_clock {clk} -divide_by 2.0000 [get_pins {video_pll_m0/pll_inst.clkc[0]}]
RUN-1002 : start command "get_ports clk"
RUN-1002 : start command "get_pins video_pll_m0/pll_inst.clkc[0]"
RUN-1002 : start command "create_generated_clock -name video_pll_m0/pll_inst.clkc[0] -source  -master_clock clk -divide_by 2.0000 "
RUN-1002 : start command "get_ports clk"
RUN-1002 : start command "get_pins sys_pll_m0/pll_inst.clkc[0]"
RUN-1002 : start command "rename_clock -name sd_card_clk -source  -master_clock clk "
RUN-1105 : Rename Clock: clock sys_pll_m0/pll_inst.clkc[0] was renamed, new name is sd_card_clk.
RUN-1002 : start command "get_ports clk"
RUN-1002 : start command "get_pins sys_pll_m0/pll_inst.clkc[1]"
RUN-1002 : start command "rename_clock -name ext_mem_clk -source  -master_clock clk "
RUN-1105 : Rename Clock: clock sys_pll_m0/pll_inst.clkc[1] was renamed, new name is ext_mem_clk.
RUN-1002 : start command "get_ports clk"
RUN-1002 : start command "get_pins sys_pll_m0/pll_inst.clkc[2]"
RUN-1002 : start command "rename_clock -name flash_sys_clk -source  -master_clock clk "
RUN-1107 : Rename Clock: new clock flash_sys_clk is created by rename_clock temporarily.
RUN-1002 : start command "get_ports clk"
RUN-1002 : start command "get_pins video_pll_m0/pll_inst.clkc[0]"
RUN-1002 : start command "rename_clock -name video_clk -source  -master_clock clk "
RUN-1105 : Rename Clock: clock video_pll_m0/pll_inst.clkc[0] was renamed, new name is video_clk.
RUN-1002 : start command "read_sdc -ip afifo_16_256 ../../al_ip/afifo_16_256.tcl"
RUN-1002 : start command "get_ports clkw"
RUN-1002 : start command "get_nets  clkw  "
RUN-1002 : start command "get_clocks -nowarn -of nets 8985071583232"
RUN-1002 : start command "get_ports clkr"
RUN-1002 : start command "get_nets  clkr  "
RUN-1002 : start command "get_clocks -nowarn -of nets 17970143166464"
RUN-1002 : start command "get_property -nowarn -max PERIOD "
RUN-1002 : start command "get_property -nowarn -max PERIOD "
RUN-1002 : start command "get_regs rd_to_wr_cross_inst/primary_addr_gray_reg[*]"
RUN-1002 : start command "get_regs rd_to_wr_cross_inst/sync_r1[*]"
RUN-1002 : start command "set_max_delay -from  -to  9.6999999999999993 -datapath_only"
RUN-1002 : start command "get_regs rd_to_wr_cross_inst/primary_addr_gray_reg[*]"
RUN-1002 : start command "get_regs rd_to_wr_cross_inst/sync_r1[*]"
RUN-1002 : start command "set_false_path -from  -to  -hold 9.6999999999999993"
USR-1002 : set_false_path -help -setup -hold -from <list> -rise_from <list> -fall_from <list> -to <list> -rise_to <list> -fall_to <list> -through <list>
RUN-1002 : start command "get_regs wr_to_rd_cross_inst/primary_addr_gray_reg[*]"
RUN-1002 : start command "get_regs wr_to_rd_cross_inst/sync_r1[*]"
RUN-1002 : start command "set_max_delay -from  -to  9.6999999999999993 -datapath_only"
RUN-1002 : start command "get_regs wr_to_rd_cross_inst/primary_addr_gray_reg[*]"
RUN-1002 : start command "get_regs wr_to_rd_cross_inst/sync_r1[*]"
RUN-1002 : start command "set_false_path -from  -to  -hold 9.6999999999999993"
USR-1002 : set_false_path -help -setup -hold -from <list> -rise_from <list> -fall_from <list> -to <list> -rise_to <list> -fall_to <list> -through <list>
RUN-1002 : start command "get_ports clkw"
RUN-1002 : start command "get_nets  clkw  "
RUN-1002 : start command "get_clocks -nowarn -of nets 24159191040000"
RUN-1002 : start command "get_ports clkr"
RUN-1002 : start command "get_nets  clkr  "
RUN-1002 : start command "get_clocks -nowarn -of nets 8985071583232"
RUN-1002 : start command "get_property -nowarn -max PERIOD "
RUN-1002 : start command "get_property -nowarn -max PERIOD "
RUN-1002 : start command "get_regs rd_to_wr_cross_inst/primary_addr_gray_reg[*]"
RUN-1002 : start command "get_regs rd_to_wr_cross_inst/sync_r1[*]"
RUN-1002 : start command "set_max_delay -from  -to  9.6999999999999993 -datapath_only"
RUN-1002 : start command "get_regs rd_to_wr_cross_inst/primary_addr_gray_reg[*]"
RUN-1002 : start command "get_regs rd_to_wr_cross_inst/sync_r1[*]"
RUN-1002 : start command "set_false_path -from  -to  -hold 9.6999999999999993"
USR-1002 : set_false_path -help -setup -hold -from <list> -rise_from <list> -fall_from <list> -to <list> -rise_to <list> -fall_to <list> -through <list>
RUN-1002 : start command "get_regs wr_to_rd_cross_inst/primary_addr_gray_reg[*]"
RUN-1002 : start command "get_regs wr_to_rd_cross_inst/sync_r1[*]"
RUN-1002 : start command "set_max_delay -from  -to  9.6999999999999993 -datapath_only"
RUN-1002 : start command "get_regs wr_to_rd_cross_inst/primary_addr_gray_reg[*]"
RUN-1002 : start command "get_regs wr_to_rd_cross_inst/sync_r1[*]"
RUN-1002 : start command "set_false_path -from  -to  -hold 9.6999999999999993"
USR-1002 : set_false_path -help -setup -hold -from <list> -rise_from <list> -fall_from <list> -to <list> -rise_to <list> -fall_to <list> -through <list>
RUN-1002 : start command "place"
RUN-1001 : Open license file D:/Program/Anlogic/TD5.6.2/license/Anlogic.lic
RUN-1001 : Print Global Property
RUN-1001 : ---------------------------------------------------------------
RUN-1001 :        Parameters        |  Settings  |  Default Values  |  Note  
RUN-1001 : ---------------------------------------------------------------
RUN-1001 :          message         |  standard  |     standard     |        
RUN-1001 :   mixed_pack_place_flow  |     on     |        on        |        
RUN-1001 :        qor_monitor       |    off     |       off        |        
RUN-1001 :        syn_ip_flow       |    off     |       off        |        
RUN-1001 :          thread          |    auto    |       auto       |        
RUN-1001 : ---------------------------------------------------------------
RUN-1001 : Print Place Property
RUN-1001 : --------------------------------------------------------------
RUN-1001 :        Parameters       |  Settings  |  Default Values  |  Note  
RUN-1001 : --------------------------------------------------------------
RUN-1001 :      detailed_place     |     on     |        on        |        
RUN-1001 :          effort         |   medium   |      medium      |        
RUN-1001 :         fix_hold        |    off     |       off        |        
RUN-1001 :       legalization      |    ori     |       ori        |        
RUN-1001 :      new_spreading      |     on     |        on        |        
RUN-1001 :        opt_timing       |   medium   |      medium      |        
RUN-1001 :   post_clock_route_opt  |    off     |       off        |        
RUN-1001 :       pr_strategy       |     1      |        1         |        
RUN-1001 :        relaxation       |    1.00    |       1.00       |        
RUN-1001 :         retiming        |    off     |       off        |        
RUN-1001 : --------------------------------------------------------------
PHY-3001 : Placer runs in 16 thread(s).
RUN-1002 : start command "legalize_phy_inst"
SYN-1011 : Flatten model top
SYN-5055 WARNING: The kept net frame_read_write_m0/frame_fifo_read_m0/App_rd_en_d0 will be merged to another kept net U3/App_rd_en
SYN-5055 WARNING: The kept net U3/u2_ram/u2_wrrd/App_rd_en will be merged to another kept net U3/App_rd_en
SYN-5055 WARNING: The kept net frame_read_write_m0/Sdr_rd_dout[15] will be merged to another kept net U3/Sdr_rd_dout[15]
SYN-5055 WARNING: The kept net frame_read_write_m0/Sdr_rd_dout[14] will be merged to another kept net U3/Sdr_rd_dout[14]
SYN-5055 WARNING: The kept net frame_read_write_m0/Sdr_rd_dout[13] will be merged to another kept net U3/Sdr_rd_dout[13]
SYN-5055 WARNING: The kept net frame_read_write_m0/Sdr_rd_dout[12] will be merged to another kept net U3/Sdr_rd_dout[12]
SYN-5055 WARNING: The kept net frame_read_write_m0/Sdr_rd_dout[11] will be merged to another kept net U3/Sdr_rd_dout[11]
SYN-5055 WARNING: The kept net frame_read_write_m0/Sdr_rd_dout[10] will be merged to another kept net U3/Sdr_rd_dout[10]
SYN-5055 WARNING: The kept net frame_read_write_m0/Sdr_rd_dout[9] will be merged to another kept net U3/Sdr_rd_dout[9]
SYN-5055 WARNING: The kept net frame_read_write_m0/Sdr_rd_dout[8] will be merged to another kept net U3/Sdr_rd_dout[8]
SYN-5055 Similar messages will be suppressed.
RUN-1002 : start command "phys_opt -simplify_lut"
SYN-1032 : 2823/1 useful/useless nets, 2447/0 useful/useless insts
SYN-4016 : Net frame_read_write_m0/write_buf/clkw driven by BUFG (429 clock/control pins, 1 other pins).
SYN-4016 : Net frame_read_write_m0/read_buf/clkr driven by BUFG (131 clock/control pins, 1 other pins).
SYN-4027 : Net U3/u2_ram/SDRAM_CLK is clkc1 of pll sys_pll_m0/pll_inst.
SYN-4019 : Net clk_dup_1 is refclk of pll sys_pll_m0/pll_inst.
SYN-4020 : Net clk_dup_1 is fbclk of pll sys_pll_m0/pll_inst.
SYN-4019 : Net clk_dup_1 is refclk of pll video_pll_m0/pll_inst.
SYN-4020 : Net clk_dup_1 is fbclk of pll video_pll_m0/pll_inst.
SYN-4025 : Tag rtl::Net U3/u2_ram/SDRAM_CLK as clock net
SYN-4025 : Tag rtl::Net clk_dup_1 as clock net
SYN-4025 : Tag rtl::Net frame_read_write_m0/read_buf/clkr as clock net
SYN-4025 : Tag rtl::Net frame_read_write_m0/write_buf/clkw as clock net
SYN-4026 : Tagged 4 rtl::Net as clock net
PHY-1001 : Populate physical database on model top.
RUN-1001 : There are total 2447 instances
RUN-0007 : 1033 luts, 1073 seqs, 147 mslices, 83 lslices, 102 pads, 2 brams, 0 dsps
RUN-1001 : There are total 2823 nets
RUN-6004 WARNING: There are 16 nets with only 1 pin.
RUN-1001 : 2001 nets have 2 pins
RUN-1001 : 576 nets have [3 - 5] pins
RUN-1001 : 140 nets have [6 - 10] pins
RUN-1001 : 46 nets have [11 - 20] pins
RUN-1001 : 39 nets have [21 - 99] pins
RUN-1001 : 5 nets have 100+ pins
RUN-1001 : Report Control nets information:
RUN-1001 : DFF Distribution
RUN-1001 : ----------------------------------
RUN-1001 :   CE   |  SSR  |  ASR  |  DFF Count  
RUN-1001 : ----------------------------------
RUN-1001 :   No   |  No   |  No   |     258     
RUN-1001 :   No   |  No   |  Yes  |     514     
RUN-1001 :   No   |  Yes  |  No   |     65      
RUN-1001 :   Yes  |  No   |  No   |     16      
RUN-1001 :   Yes  |  No   |  Yes  |     202     
RUN-1001 :   Yes  |  Yes  |  No   |     18      
RUN-1001 : ----------------------------------
RUN-0007 : Control Group Statistic
RUN-0007 : ---------------------------
RUN-0007 :   #CLK  |  #CE  |  #SSR/ASR  
RUN-0007 : ---------------------------
RUN-0007 :    4    |  21   |     8      
RUN-0007 : ---------------------------
RUN-0007 : Control Set = 34
PHY-3001 : Initial placement ...
PHY-3001 : design contains 2445 instances, 1033 luts, 1073 seqs, 230 slices, 35 macros(230 instances: 147 mslices 83 lslices)
PHY-0007 : Cell area utilization is 7%
PHY-3001 : Start timing update ...
RUN-1002 : start command "start_timer -report"
TMR-2505 : Start building timing graph for model top.
TMR-2506 : Build timing graph completely. Port num: 22, tpin num: 10948, tnet num: 2821, tinst num: 2445, tnode num: 14348, tedge num: 17327.
TMR-2508 : Levelizing timing graph completed, there are 43 levels in total.
TMR-2501 : Timing graph initialized successfully.
TMR-2503 : Start to update net delay, extr mode = 2.
TMR-2504 : Update delay of 2821 nets completely.
TMR-2502 : Annotate delay completely, extr mode = 2.
TMR-3001 : Initiate 4 clocks from SDC.
TMR-3004 : Map sdc constraints, there are 8 constraints in total.
TMR-3003 : Constraints initiated successfully.
TMR-3501 : Forward propagation: start to calculate arrival time...
TMR-3502 : Backward propagation: start to calculate required time...
TMR-3503 : Timing propagation completes.
PHY-3001 : End timing update;  0.436762s wall, 0.171875s user + 0.000000s system = 0.171875s CPU (39.4%)

PHY-3001 : Global placement ...
PHY-3001 : Initial: Len = 661771
PHY-3001 : Clustering ...
PHY-3001 : Level 0 #clusters 2445.
PHY-3001 : End clustering;  0.000022s wall, 0.000000s user + 0.000000s system = 0.000000s CPU (n/a%)

PHY-3001 : Run with size of 4
PHY-3001 : Cell area utilization is 7%
PHY-3001 : :::0::: Try harder cell spreading with beta_ = 0
PHY-3002 : Step(1): len = 522677, overlap = 2.25
PHY-3002 : Step(2): len = 423623, overlap = 2.25
PHY-3002 : Step(3): len = 370892, overlap = 2.25
PHY-3002 : Step(4): len = 334744, overlap = 2.25
PHY-3002 : Step(5): len = 299202, overlap = 2.25
PHY-3002 : Step(6): len = 265563, overlap = 2.25
PHY-3002 : Step(7): len = 241030, overlap = 2.25
PHY-3002 : Step(8): len = 216765, overlap = 2.6875
PHY-3002 : Step(9): len = 189640, overlap = 3.3125
PHY-3002 : Step(10): len = 167353, overlap = 6.125
PHY-3002 : Step(11): len = 145476, overlap = 13.2812
PHY-3002 : Step(12): len = 134110, overlap = 18.9375
PHY-3002 : Step(13): len = 123280, overlap = 21
PHY-3002 : Step(14): len = 116375, overlap = 21.2812
PHY-3002 : Step(15): len = 104589, overlap = 20.0938
PHY-3002 : Step(16): len = 98454.1, overlap = 19.9375
PHY-3002 : Step(17): len = 93375.4, overlap = 21.3125
PHY-3001 : :::1::: Try harder cell spreading with beta_ = 0.00685998
PHY-3002 : Step(18): len = 96442.6, overlap = 19.0625
PHY-3002 : Step(19): len = 97367.5, overlap = 21.3125
PHY-3002 : Step(20): len = 98561.7, overlap = 16.8125
PHY-3002 : Step(21): len = 94389.3, overlap = 19.7188
PHY-3002 : Step(22): len = 94095.9, overlap = 19.9062
PHY-3002 : Step(23): len = 92246.2, overlap = 20.375
PHY-3002 : Step(24): len = 91704.1, overlap = 20.5625
PHY-3002 : Step(25): len = 90437.7, overlap = 20.5625
PHY-3002 : Step(26): len = 90068.1, overlap = 20.4688
PHY-3002 : Step(27): len = 88889.2, overlap = 20.4688
PHY-3001 : :::2::: Try harder cell spreading with beta_ = 0.01372
PHY-3002 : Step(28): len = 88983, overlap = 20.125
PHY-3002 : Step(29): len = 88575.8, overlap = 20.125
PHY-3002 : Step(30): len = 84490.5, overlap = 21.1562
PHY-3002 : Step(31): len = 81478.6, overlap = 20.9375
PHY-3002 : Step(32): len = 81424, overlap = 21.9375
PHY-3002 : Step(33): len = 80942.4, overlap = 22.4688
PHY-3001 : :::3::: Try harder cell spreading with beta_ = 0.0274399
PHY-3002 : Step(34): len = 80924.1, overlap = 22.9688
PHY-3002 : Step(35): len = 80867.8, overlap = 23.3438
PHY-3001 : Legalization ...
PHY-3001 : End legalization;  0.004521s wall, 0.000000s user + 0.000000s system = 0.000000s CPU (n/a%)

PHY-3001 : Run with size of 4
PHY-3001 : Cell area utilization is 9%
PHY-3001 : Update timing in Manhattan mode ...
TMR-2503 : Start to update net delay, extr mode = 3.
TMR-2504 : Update delay of 2821 nets completely.
TMR-2502 : Annotate delay completely, extr mode = 3.
TMR-3501 : Forward propagation: start to calculate arrival time...
TMR-3502 : Backward propagation: start to calculate required time...
TMR-3503 : Timing propagation completes.
PHY-3001 : End timing update;  0.055774s wall, 0.000000s user + 0.000000s system = 0.000000s CPU (n/a%)

PHY-3001 : :::0::: Try harder cell spreading with beta_ = 2.92438e-05
PHY-3002 : Step(36): len = 81763.8, overlap = 44.9062
PHY-3002 : Step(37): len = 81982.5, overlap = 46.1562
PHY-3002 : Step(38): len = 79584.9, overlap = 47.7188
PHY-3002 : Step(39): len = 78448.1, overlap = 49.0312
PHY-3002 : Step(40): len = 77535.9, overlap = 49.25
PHY-3002 : Step(41): len = 77361.3, overlap = 48.4375
PHY-3002 : Step(42): len = 76537.3, overlap = 47.6875
PHY-3002 : Step(43): len = 75913.5, overlap = 47.0625
PHY-3002 : Step(44): len = 74467.1, overlap = 47.0312
PHY-3002 : Step(45): len = 73381.9, overlap = 47.0625
PHY-3002 : Step(46): len = 72437.3, overlap = 45.75
PHY-3002 : Step(47): len = 71478.6, overlap = 43.1562
PHY-3002 : Step(48): len = 70446, overlap = 39.625
PHY-3002 : Step(49): len = 69449.9, overlap = 33.6875
PHY-3002 : Step(50): len = 68688.3, overlap = 35.125
PHY-3002 : Step(51): len = 67986.2, overlap = 35.4062
PHY-3002 : Step(52): len = 67642.9, overlap = 36.125
PHY-3002 : Step(53): len = 67014.1, overlap = 36.125
PHY-3001 : :::1::: Try harder cell spreading with beta_ = 5.84875e-05
PHY-3002 : Step(54): len = 66605.1, overlap = 36.1562
PHY-3002 : Step(55): len = 66603.9, overlap = 36.0625
PHY-3002 : Step(56): len = 66563.5, overlap = 36.0625
PHY-3001 : :::2::: Try harder cell spreading with beta_ = 0.000116975
PHY-3002 : Step(57): len = 66610.2, overlap = 35.875
PHY-3002 : Step(58): len = 66749.2, overlap = 35.625
PHY-3001 : :::3::: Try harder cell spreading with beta_ = 0.00023395
PHY-3002 : Step(59): len = 67389.7, overlap = 34.9062
PHY-3002 : Step(60): len = 67766.1, overlap = 34.8438
PHY-3002 : Step(61): len = 68095, overlap = 34.125
PHY-3002 : Step(62): len = 68193.5, overlap = 37.5938
PHY-3002 : Step(63): len = 67873.8, overlap = 38.1562
PHY-3001 : :::4::: Try harder cell spreading with beta_ = 0.0004679
PHY-3002 : Step(64): len = 67320.5, overlap = 37.5625
PHY-3002 : Step(65): len = 67228.7, overlap = 37.5625
PHY-3001 : :::5::: Try harder cell spreading with beta_ = 0.0009358
PHY-3002 : Step(66): len = 67265.9, overlap = 35.25
PHY-3002 : Step(67): len = 67398.7, overlap = 34.6875
PHY-3002 : Step(68): len = 67218.6, overlap = 25.6562
PHY-3002 : Step(69): len = 66953.6, overlap = 23.0938
PHY-3002 : Step(70): len = 66265, overlap = 21.875
PHY-3001 : Run with size of 2
PHY-3001 : Cell area utilization is 9%
PHY-3001 : Update timing in Manhattan mode ...
TMR-2503 : Start to update net delay, extr mode = 3.
TMR-2504 : Update delay of 2821 nets completely.
TMR-2502 : Annotate delay completely, extr mode = 3.
TMR-3501 : Forward propagation: start to calculate arrival time...
TMR-3502 : Backward propagation: start to calculate required time...
TMR-3503 : Timing propagation completes.
PHY-3001 : End timing update;  0.061174s wall, 0.078125s user + 0.000000s system = 0.078125s CPU (127.7%)

PHY-3001 : :::0::: Try harder cell spreading with beta_ = 6.31869e-05
PHY-3002 : Step(71): len = 66869.3, overlap = 75.0625
PHY-3002 : Step(72): len = 67284.8, overlap = 73.375
PHY-3002 : Step(73): len = 67189.7, overlap = 71.0625
PHY-3002 : Step(74): len = 67293.8, overlap = 69.0938
PHY-3002 : Step(75): len = 67634.5, overlap = 66.4375
PHY-3001 : :::1::: Try harder cell spreading with beta_ = 0.000126374
PHY-3002 : Step(76): len = 67256.4, overlap = 64.75
PHY-3002 : Step(77): len = 67344.7, overlap = 64.3438
PHY-3002 : Step(78): len = 67595.9, overlap = 59.0938
PHY-3002 : Step(79): len = 67464.7, overlap = 56.3125
PHY-3002 : Step(80): len = 66994.6, overlap = 53.6562
PHY-3001 : :::2::: Try harder cell spreading with beta_ = 0.000252748
PHY-3002 : Step(81): len = 67131.3, overlap = 50.25
PHY-3002 : Step(82): len = 67198.6, overlap = 50.3438
OPT-1001 : Start physical optimization ...
RUN-1002 : start command "start_timer -report"
TMR-2505 : Start building timing graph for model top.
TMR-2506 : Build timing graph completely. Port num: 22, tpin num: 10948, tnet num: 2821, tinst num: 2445, tnode num: 14348, tedge num: 17327.
TMR-2508 : Levelizing timing graph completed, there are 43 levels in total.
TMR-2501 : Timing graph initialized successfully.
OPT-1001 : Total overflow 121.28 peak overflow 3.50
OPT-1001 : Start high-fanout net optimization ...
OPT-1001 : Update timing in global mode
PHY-1001 : Start incremental global routing, caller is place ...
RUN-1001 : Generating global routing grids ...
RUN-1001 : Building simple global routing graph ...
PHY-1001 : Generate routing nets ...
PHY-1001 : Reuse net number 0/2823.
PHY-1001 : Global iterations in 16 thread ...
PHY-1002 : len = 74560, over cnt = 247(0%), over = 952, worst = 22
PHY-1001 : End global iterations;  0.079793s wall, 0.000000s user + 0.000000s system = 0.000000s CPU (n/a%)

PHY-1001 : Congestion index: top1 = 36.85, top5 = 23.81, top10 = 16.59, top15 = 12.68.
PHY-1001 : End incremental global routing;  0.120712s wall, 0.031250s user + 0.000000s system = 0.031250s CPU (25.9%)

TMR-2503 : Start to update net delay, extr mode = 5.
TMR-2504 : Update delay of 2821 nets completely.
TMR-2502 : Annotate delay completely, extr mode = 5.
TMR-3001 : Initiate 4 clocks from SDC.
TMR-3004 : Map sdc constraints, there are 8 constraints in total.
TMR-3003 : Constraints initiated successfully.
TMR-3501 : Forward propagation: start to calculate arrival time...
TMR-3502 : Backward propagation: start to calculate required time...
TMR-3503 : Timing propagation completes.
OPT-1001 : End timing update;  0.057482s wall, 0.062500s user + 0.000000s system = 0.062500s CPU (108.7%)

OPT-1001 : 0 high-fanout net processed.
OPT-1001 : End high-fanout net optimization;  0.210041s wall, 0.109375s user + 0.000000s system = 0.109375s CPU (52.1%)

OPT-1001 : Current memory(MB): used = 216, reserve = 187, peak = 216.
OPT-1001 : Start global optimization ...
OPT-1001 : Start congestion update ...
RUN-1001 : Generating global routing grids ...
PHY-1001 : Generate routing nets ...
PHY-1001 : Reuse net number 1824/2823.
PHY-1001 : Global iterations in 16 thread ...
PHY-1002 : len = 74560, over cnt = 247(0%), over = 952, worst = 22
PHY-1002 : len = 80952, over cnt = 130(0%), over = 337, worst = 13
PHY-1002 : len = 83768, over cnt = 31(0%), over = 67, worst = 10
PHY-1002 : len = 84856, over cnt = 4(0%), over = 4, worst = 1
PHY-1002 : len = 84968, over cnt = 0(0%), over = 0, worst = 0
PHY-1001 : End global iterations;  0.079677s wall, 0.000000s user + 0.000000s system = 0.000000s CPU (n/a%)

PHY-1001 : Congestion index: top1 = 32.82, top5 = 23.47, top10 = 17.56, top15 = 13.87.
OPT-1001 : End congestion update;  0.116601s wall, 0.000000s user + 0.000000s system = 0.000000s CPU (n/a%)

OPT-1001 : Update timing in Manhattan mode
TMR-2503 : Start to update net delay, extr mode = 3.
TMR-2504 : Update delay of 2821 nets completely.
TMR-2502 : Annotate delay completely, extr mode = 3.
TMR-3501 : Forward propagation: start to calculate arrival time...
TMR-3502 : Backward propagation: start to calculate required time...
TMR-3503 : Timing propagation completes.
OPT-1001 : End timing update;  0.050459s wall, 0.015625s user + 0.000000s system = 0.015625s CPU (31.0%)

OPT-0007 : Start: WNS 4740 TNS 0 NUM_FEPS 0
OPT-1001 : End global optimization;  0.167287s wall, 0.031250s user + 0.000000s system = 0.031250s CPU (18.7%)

OPT-1001 : Current memory(MB): used = 220, reserve = 191, peak = 220.
OPT-1001 : End physical optimization;  0.810000s wall, 0.468750s user + 0.000000s system = 0.468750s CPU (57.9%)

PHY-3001 : Start packing ...
SYN-4007 : Packing 0 MUX to BLE ...
SYN-4008 : Packed 0 MUX and 0 SEQ to BLE.
SYN-4007 : Packing 1033 LUT to BLE ...
SYN-4008 : Packed 1033 LUT and 536 SEQ to BLE.
SYN-4003 : Packing 537 remaining SEQ's ...
SYN-4005 : Packed 115 SEQ with LUT/SLICE
SYN-4006 : 413 single LUT's are left
SYN-4006 : 422 single SEQ's are left
SYN-4011 : Packing model "top" (AL_USER_NORMAL) with 1455/2008 primitive instances ...
PHY-3001 : End packing;  0.063181s wall, 0.015625s user + 0.000000s system = 0.015625s CPU (24.7%)

PHY-1001 : Populate physical database on model top.
RUN-1001 : There are total 1116 instances
RUN-1001 : 503 mslices, 502 lslices, 102 pads, 2 brams, 0 dsps
RUN-1001 : There are total 2326 nets
RUN-6004 WARNING: There are 16 nets with only 1 pin.
RUN-1001 : 1529 nets have 2 pins
RUN-1001 : 549 nets have [3 - 5] pins
RUN-1001 : 136 nets have [6 - 10] pins
RUN-1001 : 52 nets have [11 - 20] pins
RUN-1001 : 40 nets have [21 - 99] pins
RUN-1001 : 4 nets have 100+ pins
PHY-3001 : design contains 1114 instances, 1005 slices, 35 macros(230 instances: 147 mslices 83 lslices)
PHY-3001 : Cell area utilization is 13%
PHY-3001 : After packing: Len = 66904.6, Over = 75.25
PHY-3001 : Run with size of 2
PHY-3001 : Cell area utilization is 13%
PHY-3001 : Update timing in Manhattan mode ...
RUN-1002 : start command "start_timer -report"
TMR-2505 : Start building timing graph for model top.
TMR-2506 : Build timing graph completely. Port num: 22, tpin num: 9154, tnet num: 2324, tinst num: 1114, tnode num: 11681, tedge num: 15266.
TMR-2508 : Levelizing timing graph completed, there are 41 levels in total.
TMR-2501 : Timing graph initialized successfully.
TMR-2503 : Start to update net delay, extr mode = 3.
TMR-2504 : Update delay of 2324 nets completely.
TMR-2502 : Annotate delay completely, extr mode = 3.
TMR-3001 : Initiate 4 clocks from SDC.
TMR-3004 : Map sdc constraints, there are 8 constraints in total.
TMR-3003 : Constraints initiated successfully.
TMR-3501 : Forward propagation: start to calculate arrival time...
TMR-3502 : Backward propagation: start to calculate required time...
TMR-3503 : Timing propagation completes.
PHY-3001 : End timing update;  0.466450s wall, 0.265625s user + 0.000000s system = 0.265625s CPU (56.9%)

PHY-3001 : :::0::: Try harder cell spreading with beta_ = 4.98617e-05
PHY-3002 : Step(83): len = 65798.8, overlap = 79.5
PHY-3002 : Step(84): len = 65600.5, overlap = 81.25
PHY-3002 : Step(85): len = 65107.2, overlap = 79
PHY-3002 : Step(86): len = 65051, overlap = 76.75
PHY-3002 : Step(87): len = 64880.7, overlap = 77
PHY-3002 : Step(88): len = 64983.5, overlap = 75.75
PHY-3002 : Step(89): len = 64752.5, overlap = 74.75
PHY-3002 : Step(90): len = 64518.7, overlap = 75.75
PHY-3002 : Step(91): len = 64291.3, overlap = 80
PHY-3001 : :::1::: Try harder cell spreading with beta_ = 9.97235e-05
PHY-3002 : Step(92): len = 64442.3, overlap = 79.25
PHY-3002 : Step(93): len = 64804.9, overlap = 75
PHY-3002 : Step(94): len = 64901.4, overlap = 73.5
PHY-3001 : :::2::: Try harder cell spreading with beta_ = 0.000199447
PHY-3002 : Step(95): len = 66104.5, overlap = 67.5
PHY-3002 : Step(96): len = 66970.3, overlap = 60.75
PHY-3002 : Step(97): len = 67062.8, overlap = 60.25
PHY-3001 : Legalization ...
PHY-3001 : End legalization;  0.119457s wall, 0.000000s user + 0.015625s system = 0.015625s CPU (13.1%)

PHY-3001 : Trial Legalized: Len = 85057.5
PHY-3001 : Run with size of 2
PHY-3001 : Cell area utilization is 13%
PHY-3001 : Update timing in Manhattan mode ...
TMR-2503 : Start to update net delay, extr mode = 3.
TMR-2504 : Update delay of 2324 nets completely.
TMR-2502 : Annotate delay completely, extr mode = 3.
TMR-3501 : Forward propagation: start to calculate arrival time...
TMR-3502 : Backward propagation: start to calculate required time...
TMR-3503 : Timing propagation completes.
PHY-3001 : End timing update;  0.042923s wall, 0.000000s user + 0.000000s system = 0.000000s CPU (n/a%)

PHY-3001 : :::0::: Try harder cell spreading with beta_ = 0.000736716
PHY-3002 : Step(98): len = 79562.5, overlap = 8.75
PHY-3002 : Step(99): len = 76583.3, overlap = 13.25
PHY-3002 : Step(100): len = 74129.2, overlap = 21.25
PHY-3002 : Step(101): len = 72816.4, overlap = 26
PHY-3002 : Step(102): len = 71953.4, overlap = 27.75
PHY-3002 : Step(103): len = 70995.4, overlap = 33
PHY-3002 : Step(104): len = 70427.5, overlap = 36
PHY-3002 : Step(105): len = 69912.5, overlap = 38.5
PHY-3001 : :::1::: Try harder cell spreading with beta_ = 0.00147343
PHY-3002 : Step(106): len = 70329.8, overlap = 36.25
PHY-3002 : Step(107): len = 70478.5, overlap = 35.75
PHY-3001 : :::2::: Try harder cell spreading with beta_ = 0.00294686
PHY-3002 : Step(108): len = 70706.9, overlap = 35.25
PHY-3002 : Step(109): len = 70914.2, overlap = 34.25
PHY-3001 : Legalization ...
PHY-3001 : End legalization;  0.004528s wall, 0.000000s user + 0.000000s system = 0.000000s CPU (n/a%)

PHY-3001 : Legalized: Len = 79073, Over = 0
PHY-3001 : Spreading special nets. 11 overflows in 2952 tiles.
PHY-3001 : End spreading;  0.005020s wall, 0.000000s user + 0.000000s system = 0.000000s CPU (n/a%)

PHY-3001 : 14 instances has been re-located, deltaX = 10, deltaY = 9, maxDist = 2.
PHY-3001 : Final: Len = 79333, Over = 0
OPT-1001 : Start physical optimization ...
RUN-1002 : start command "start_timer -report"
TMR-2505 : Start building timing graph for model top.
TMR-2506 : Build timing graph completely. Port num: 22, tpin num: 9154, tnet num: 2324, tinst num: 1114, tnode num: 11681, tedge num: 15266.
TMR-2508 : Levelizing timing graph completed, there are 41 levels in total.
TMR-2501 : Timing graph initialized successfully.
OPT-1001 : Total overflow 0.00 peak overflow 0.00
OPT-1001 : Start high-fanout net optimization ...
OPT-1001 : Update timing in global mode
PHY-1001 : Start incremental global routing, caller is place ...
RUN-1001 : Generating global routing grids ...
PHY-1001 : Generate routing nets ...
PHY-1001 : Reuse net number 70/2326.
PHY-1001 : Global iterations in 16 thread ...
PHY-1002 : len = 90848, over cnt = 174(0%), over = 302, worst = 7
PHY-1002 : len = 91840, over cnt = 99(0%), over = 150, worst = 5
PHY-1002 : len = 92632, over cnt = 51(0%), over = 84, worst = 5
PHY-1002 : len = 93520, over cnt = 13(0%), over = 18, worst = 2
PHY-1002 : len = 93672, over cnt = 0(0%), over = 0, worst = 0
PHY-1001 : End global iterations;  0.139355s wall, 0.000000s user + 0.000000s system = 0.000000s CPU (n/a%)

PHY-1001 : Congestion index: top1 = 28.12, top5 = 22.05, top10 = 17.94, top15 = 14.71.
PHY-1001 : End incremental global routing;  0.189990s wall, 0.046875s user + 0.000000s system = 0.046875s CPU (24.7%)

TMR-2503 : Start to update net delay, extr mode = 5.
TMR-2504 : Update delay of 2324 nets completely.
TMR-2502 : Annotate delay completely, extr mode = 5.
TMR-3001 : Initiate 4 clocks from SDC.
TMR-3004 : Map sdc constraints, there are 8 constraints in total.
TMR-3003 : Constraints initiated successfully.
TMR-3501 : Forward propagation: start to calculate arrival time...
TMR-3502 : Backward propagation: start to calculate required time...
TMR-3503 : Timing propagation completes.
OPT-1001 : End timing update;  0.052424s wall, 0.031250s user + 0.000000s system = 0.031250s CPU (59.6%)

OPT-1001 : 0 high-fanout net processed.
OPT-1001 : End high-fanout net optimization;  0.274277s wall, 0.078125s user + 0.000000s system = 0.078125s CPU (28.5%)

OPT-1001 : Current memory(MB): used = 220, reserve = 192, peak = 222.
OPT-1001 : Start path based optimization ...
OPT-1001 : Start congestion update ...
RUN-1001 : Generating global routing grids ...
PHY-1001 : Generate routing nets ...
PHY-1001 : Reuse net number 1919/2326.
PHY-1001 : Global iterations in 16 thread ...
PHY-1002 : len = 93672, over cnt = 0(0%), over = 0, worst = 0
PHY-1001 : End global iterations;  0.005133s wall, 0.000000s user + 0.000000s system = 0.000000s CPU (n/a%)

PHY-1001 : Congestion index: top1 = 28.12, top5 = 22.05, top10 = 17.94, top15 = 14.71.
OPT-1001 : End congestion update;  0.046294s wall, 0.046875s user + 0.000000s system = 0.046875s CPU (101.3%)

OPT-1001 : Update timing in Manhattan mode
TMR-2503 : Start to update net delay, extr mode = 3.
TMR-2504 : Update delay of 2324 nets completely.
TMR-2502 : Annotate delay completely, extr mode = 3.
TMR-3501 : Forward propagation: start to calculate arrival time...
TMR-3502 : Backward propagation: start to calculate required time...
TMR-3503 : Timing propagation completes.
OPT-1001 : End timing update;  0.045795s wall, 0.031250s user + 0.000000s system = 0.031250s CPU (68.2%)

OPT-0007 : Start: WNS 4669 TNS 0 NUM_FEPS 0
OPT-1001 : End path based optimization;  0.092324s wall, 0.078125s user + 0.000000s system = 0.078125s CPU (84.6%)

OPT-1001 : Current memory(MB): used = 222, reserve = 194, peak = 222.
OPT-1001 : Update timing in Manhattan mode
TMR-2503 : Start to update net delay, extr mode = 3.
TMR-2504 : Update delay of 2324 nets completely.
TMR-2502 : Annotate delay completely, extr mode = 3.
TMR-3501 : Forward propagation: start to calculate arrival time...
TMR-3502 : Backward propagation: start to calculate required time...
TMR-3503 : Timing propagation completes.
OPT-1001 : End timing update;  0.043545s wall, 0.031250s user + 0.000000s system = 0.031250s CPU (71.8%)

OPT-1001 : Start pin optimization...
OPT-1001 : skip pin optimization...
RUN-1001 : Generating global routing grids ...
PHY-1001 : Generate routing nets ...
PHY-1001 : Reuse net number 1919/2326.
PHY-1001 : Global iterations in 16 thread ...
PHY-1002 : len = 93672, over cnt = 0(0%), over = 0, worst = 0
PHY-1001 : End global iterations;  0.004285s wall, 0.000000s user + 0.000000s system = 0.000000s CPU (n/a%)

PHY-1001 : Congestion index: top1 = 28.12, top5 = 22.05, top10 = 17.94, top15 = 14.71.
OPT-1001 : Update timing in Manhattan mode
TMR-2503 : Start to update net delay, extr mode = 3.
TMR-2504 : Update delay of 2324 nets completely.
TMR-2502 : Annotate delay completely, extr mode = 3.
TMR-3501 : Forward propagation: start to calculate arrival time...
TMR-3502 : Backward propagation: start to calculate required time...
TMR-3503 : Timing propagation completes.
OPT-1001 : End timing update;  0.044677s wall, 0.046875s user + 0.000000s system = 0.046875s CPU (104.9%)

RUN-1001 : QoR Analysis:
OPT-0007 :   WNS 4669 TNS 0 NUM_FEPS 0
RUN-1001 :   No local congestion issue, and most congested 1% tile average routing util is 27.620690
RUN-1001 :   Top critical paths
RUN-1001 :       #1 path slack 4669ps with logic level 7 
OPT-1001 : End physical optimization;  0.950814s wall, 0.390625s user + 0.000000s system = 0.390625s CPU (41.1%)

RUN-1003 : finish command "place" in  5.121352s wall, 1.937500s user + 0.140625s system = 2.078125s CPU (40.6%)

RUN-1004 : used memory is 194 MB, reserved memory is 166 MB, peak memory is 224 MB
RUN-1002 : start command "export_db pic_sdram_place.db"
RUN-1001 : Exported /
RUN-1001 : Exported flow parameters
RUN-1001 : Exported libs
RUN-1001 : Exported entities
RUN-1001 : Exported ports
RUN-1001 : Exported pins
RUN-1001 : Exported instances
RUN-1001 : Exported nets
RUN-1001 : Exported buses
RUN-1001 : Exported models
RUN-1001 : Exported congestions
RUN-1001 : Exported violations
RUN-1001 : Exported timing constraints
RUN-1001 : Exported IO constraints
RUN-1001 : Exported Inst constraints
RUN-1002 : start command "route"
RUN-1001 : Open license file D:/Program/Anlogic/TD5.6.2/license/Anlogic.lic
RUN-1001 : Print Global Property
RUN-1001 : ---------------------------------------------------------------
RUN-1001 :        Parameters        |  Settings  |  Default Values  |  Note  
RUN-1001 : ---------------------------------------------------------------
RUN-1001 :          message         |  standard  |     standard     |        
RUN-1001 :   mixed_pack_place_flow  |     on     |        on        |        
RUN-1001 :        qor_monitor       |    off     |       off        |        
RUN-1001 :        syn_ip_flow       |    off     |       off        |        
RUN-1001 :          thread          |    auto    |       auto       |        
RUN-1001 : ---------------------------------------------------------------
RUN-1001 : Print Route Property
RUN-1001 : -------------------------------------------------------
RUN-1001 :    Parameters    |  Settings  |  Default Values  |  Note  
RUN-1001 : -------------------------------------------------------
RUN-1001 :      effort      |   medium   |      medium      |        
RUN-1001 :     fix_hold     |    off     |       off        |        
RUN-1001 :    opt_timing    |   medium   |      medium      |        
RUN-1001 :   phy_sim_model  |    off     |       off        |        
RUN-1001 :     priority     |   timing   |      timing      |        
RUN-1001 :     swap_pin     |     on     |        on        |        
RUN-1001 : -------------------------------------------------------
PHY-1001 : Route runs in 16 thread(s)
RUN-1001 : There are total 1116 instances
RUN-1001 : 503 mslices, 502 lslices, 102 pads, 2 brams, 0 dsps
RUN-1001 : There are total 2326 nets
RUN-6004 WARNING: There are 16 nets with only 1 pin.
RUN-1001 : 1529 nets have 2 pins
RUN-1001 : 549 nets have [3 - 5] pins
RUN-1001 : 136 nets have [6 - 10] pins
RUN-1001 : 52 nets have [11 - 20] pins
RUN-1001 : 40 nets have [21 - 99] pins
RUN-1001 : 4 nets have 100+ pins
RUN-1002 : start command "start_timer -report"
TMR-2505 : Start building timing graph for model top.
TMR-2506 : Build timing graph completely. Port num: 22, tpin num: 9154, tnet num: 2324, tinst num: 1114, tnode num: 11681, tedge num: 15266.
TMR-2508 : Levelizing timing graph completed, there are 41 levels in total.
TMR-2501 : Timing graph initialized successfully.
PHY-1001 : 503 mslices, 502 lslices, 102 pads, 2 brams, 0 dsps
TMR-2503 : Start to update net delay, extr mode = 3.
TMR-2504 : Update delay of 2324 nets completely.
TMR-2502 : Annotate delay completely, extr mode = 3.
TMR-3001 : Initiate 4 clocks from SDC.
TMR-3004 : Map sdc constraints, there are 8 constraints in total.
TMR-3003 : Constraints initiated successfully.
TMR-3501 : Forward propagation: start to calculate arrival time...
TMR-3502 : Backward propagation: start to calculate required time...
TMR-3503 : Timing propagation completes.
PHY-1001 : Start global routing, caller is route ...
RUN-1001 : Generating global routing grids ...
PHY-1001 : Generate routing nets ...
PHY-1001 : Global iterations in 16 thread ...
PHY-1002 : len = 89592, over cnt = 173(0%), over = 299, worst = 7
PHY-1002 : len = 90760, over cnt = 106(0%), over = 147, worst = 5
PHY-1002 : len = 92200, over cnt = 20(0%), over = 27, worst = 3
PHY-1002 : len = 92576, over cnt = 0(0%), over = 0, worst = 0
PHY-1001 : End global iterations;  0.132322s wall, 0.015625s user + 0.015625s system = 0.031250s CPU (23.6%)

PHY-1001 : Congestion index: top1 = 28.36, top5 = 22.04, top10 = 17.92, top15 = 14.67.
PHY-1001 : End global routing;  0.178104s wall, 0.062500s user + 0.015625s system = 0.078125s CPU (43.9%)

PHY-1001 : Start detail routing ...
PHY-1001 : Current memory(MB): used = 242, reserve = 214, peak = 257.
PHY-1001 : Detailed router is running in normal mode.
PHY-1001 : Generate detailed routing grids ...
PHY-1001 : Generate nets ...
PHY-1001 : net clk_dup_1 will be routed on clock mesh
PHY-1001 : net U3/u2_ram/SDRAM_CLK will be routed on clock mesh
PHY-5010 WARNING: Net U3/u2_ram/u2_wrrd/Sdr_rd_dout[31] is skipped due to 0 input or output
PHY-5010 WARNING: Net U3/u2_ram/u2_wrrd/Sdr_rd_dout[30] is skipped due to 0 input or output
PHY-5010 WARNING: Net U3/u2_ram/u2_wrrd/Sdr_rd_dout[29] is skipped due to 0 input or output
PHY-5010 WARNING: Net U3/u2_ram/u2_wrrd/Sdr_rd_dout[28] is skipped due to 0 input or output
PHY-5010 WARNING: Net U3/u2_ram/u2_wrrd/Sdr_rd_dout[27] is skipped due to 0 input or output
PHY-5010 WARNING: Net U3/u2_ram/u2_wrrd/Sdr_rd_dout[26] is skipped due to 0 input or output
PHY-5010 WARNING: Net U3/u2_ram/u2_wrrd/Sdr_rd_dout[25] is skipped due to 0 input or output
PHY-5010 WARNING: Net U3/u2_ram/u2_wrrd/Sdr_rd_dout[24] is skipped due to 0 input or output
PHY-5010 WARNING: Net U3/u2_ram/u2_wrrd/Sdr_rd_dout[23] is skipped due to 0 input or output
PHY-5010 WARNING: Net U3/u2_ram/u2_wrrd/Sdr_rd_dout[22] is skipped due to 0 input or output
PHY-5010 Similar messages will be suppressed.
PHY-1001 : clock net frame_read_write_m0/read_buf/clkr will be merged with clock video_pll_m0/clk0_buf
PHY-1001 : clock net frame_read_write_m0/write_buf/clkw will be merged with clock sys_pll_m0/clk0_buf
PHY-1001 : Current memory(MB): used = 509, reserve = 486, peak = 509.
PHY-1001 : End build detailed router design. 2.470687s wall, 1.296875s user + 0.015625s system = 1.312500s CPU (53.1%)

PHY-1001 : Detail Route ...
PHY-1001 : ===== Detail Route Phase 1 =====
PHY-1001 : Clock net routing.....
PHY-1001 : Routed 0% nets.
PHY-1022 : len = 43448, over cnt = 0(0%), over = 0, worst = 0, crit = 0
PHY-1001 : End initial clock net routed; 0.683159s wall, 0.359375s user + 0.000000s system = 0.359375s CPU (52.6%)

PHY-1001 : Current memory(MB): used = 543, reserve = 521, peak = 543.
PHY-1001 : End phase 1; 0.689076s wall, 0.359375s user + 0.000000s system = 0.359375s CPU (52.2%)

PHY-1001 : ===== Detail Route Phase 2 =====
PHY-1001 : Initial routing.....
PHY-1001 : Routed 38% nets.
PHY-1001 : Routed 46% nets.
PHY-1001 : Routed 54% nets.
PHY-1001 : Routed 68% nets.
PHY-1001 : Routed 88% nets.
PHY-1022 : len = 274424, over cnt = 70(0%), over = 70, worst = 1, crit = 0
PHY-1001 : Current memory(MB): used = 543, reserve = 521, peak = 543.
PHY-1001 : End initial routed; 1.566526s wall, 0.484375s user + 0.000000s system = 0.484375s CPU (30.9%)

PHY-1001 : Update timing.....
PHY-1001 : 0/2066(0%) critical/total net(s).
RUN-1001 : --------------------------------------
RUN-1001 :   Type   |  WNS(ns)  |  TNS(ns)  |  FEP  
RUN-1001 : --------------------------------------
RUN-1001 :   Setup  |   2.254   |   0.000   |   0   
RUN-1001 :   Hold   |   0.130   |   0.000   |   0   
RUN-1001 : --------------------------------------
PHY-1001 : End update timing; 0.524921s wall, 0.343750s user + 0.000000s system = 0.343750s CPU (65.5%)

PHY-1001 : Current memory(MB): used = 547, reserve = 524, peak = 547.
PHY-1001 : End phase 2; 2.091502s wall, 0.828125s user + 0.000000s system = 0.828125s CPU (39.6%)

PHY-1001 : ===== Detail Route Phase 3 =====
PHY-1001 : Optimize timing.....
PHY-1022 : len = 274424, over cnt = 70(0%), over = 70, worst = 1, crit = 0
PHY-1001 : End optimize timing; 0.015982s wall, 0.000000s user + 0.000000s system = 0.000000s CPU (n/a%)

PHY-1001 : Ripup-reroute.....
PHY-1001 : ===== DR Iter 1 =====
PHY-1022 : len = 273848, over cnt = 9(0%), over = 9, worst = 1, crit = 0
PHY-1001 : End DR Iter 1; 0.050162s wall, 0.000000s user + 0.000000s system = 0.000000s CPU (n/a%)

PHY-1001 : ===== DR Iter 2 =====
PHY-1022 : len = 273856, over cnt = 0(0%), over = 0, worst = 0, crit = 0
PHY-1001 : End DR Iter 2; 0.020134s wall, 0.000000s user + 0.000000s system = 0.000000s CPU (n/a%)

PHY-1001 : Update timing.....
PHY-1001 : 0/2066(0%) critical/total net(s).
RUN-1001 : --------------------------------------
RUN-1001 :   Type   |  WNS(ns)  |  TNS(ns)  |  FEP  
RUN-1001 : --------------------------------------
RUN-1001 :   Setup  |   2.254   |   0.000   |   0   
RUN-1001 :   Hold   |   0.130   |   0.000   |   0   
RUN-1001 : --------------------------------------
PHY-1001 : End update timing; 0.522407s wall, 0.265625s user + 0.000000s system = 0.265625s CPU (50.8%)

PHY-1001 : Commit to database.....
PHY-1001 : 5 feed throughs used by 5 nets
PHY-1001 : End commit to database; 0.174673s wall, 0.109375s user + 0.000000s system = 0.109375s CPU (62.6%)

PHY-1001 : Current memory(MB): used = 561, reserve = 539, peak = 561.
PHY-1001 : End phase 3; 0.882155s wall, 0.437500s user + 0.000000s system = 0.437500s CPU (49.6%)

PHY-1003 : Routed, final wirelength = 273856
PHY-1001 : Current memory(MB): used = 562, reserve = 539, peak = 562.
PHY-1001 : End export database. 0.008517s wall, 0.015625s user + 0.000000s system = 0.015625s CPU (183.5%)

PHY-1001 : End detail routing;  6.292767s wall, 3.031250s user + 0.015625s system = 3.046875s CPU (48.4%)

RUN-1003 : finish command "route" in  6.993647s wall, 3.406250s user + 0.031250s system = 3.437500s CPU (49.2%)

RUN-1004 : used memory is 505 MB, reserved memory is 485 MB, peak memory is 562 MB
RUN-1002 : start command "report_area -io_info -file pic_sdram_phy.area"
RUN-1001 : standard
***Report Model: top Device: EG4S20BG256***

IO Statistics
#IO                        47
  #input                    6
  #output                  37
  #inout                    4

Utilization Statistics
#lut                     1521   out of  19600    7.76%
#reg                     1107   out of  19600    5.65%
#le                      1936
  #lut only               829   out of   1936   42.82%
  #reg only               415   out of   1936   21.44%
  #lut&reg                692   out of   1936   35.74%
#dsp                        0   out of     29    0.00%
#bram                       2   out of     64    3.12%
  #bram9k                   2
  #fifo9k                   0
#bram32k                    0   out of     16    0.00%
#pad                       47   out of    188   25.00%
  #ireg                     1
  #oreg                    34
  #treg                     0
#pll                        2   out of      4   50.00%
#gclk                       2   out of     16   12.50%

Clock Resource Statistics
Index     ClockNet                 Type               DriverType         Driver                         Fanout
#1        U3/u2_ram/SDRAM_CLK      GCLK               pll                sys_pll_m0/pll_inst.clkc1      375
#2        sys_pll_m0/clk0_buf      GCLK               pll                sys_pll_m0/pll_inst.clkc0      269
#3        video_pll_m0/clk0_buf    GCLK               pll                video_pll_m0/pll_inst.clkc0    86
#4        clk_dup_1                GCLK               io                 clk_syn_2.di                   26


Detailed IO Report

       Name         Direction    Location    IOStandard    DriveStrength    PullType     PackReg   
       clk            INPUT         R7        LVCMOS33          N/A           NONE        NONE     
       key1           INPUT         B2        LVCMOS33          N/A           NONE        IREG     
       key2           INPUT         B1        LVCMOS33          N/A           NONE        NONE     
      rst_n           INPUT         A2        LVCMOS33          N/A           NONE        NONE     
     sd_miso          INPUT        B14        LVCMOS33          N/A           NONE        NONE     
     switch1          INPUT         C8        LVCMOS33          N/A           NONE        NONE     
    flash_cs_n       OUTPUT         P8        LVCMOS33           8            NONE        NONE     
    flash_sck        OUTPUT         M9        LVCMOS33           8            NONE        NONE     
     sd_dclk         OUTPUT        A14        LVCMOS33           8            NONE        OREG     
     sd_mosi         OUTPUT        A13        LVCMOS33           8            NONE        OREG     
      sd_ncs         OUTPUT        A12        LVCMOS33           8            NONE        OREG     
   seg_data[7]       OUTPUT         A6        LVCMOS33           8            NONE        NONE     
   seg_data[6]       OUTPUT         A7        LVCMOS33           8            NONE        OREG     
   seg_data[5]       OUTPUT         A8        LVCMOS33           8            NONE        OREG     
   seg_data[4]       OUTPUT         B5        LVCMOS33           8            NONE        OREG     
   seg_data[3]       OUTPUT         A5        LVCMOS33           8            NONE        OREG     
   seg_data[2]       OUTPUT         B6        LVCMOS33           8            NONE        OREG     
   seg_data[1]       OUTPUT        C16        LVCMOS33           8            NONE        OREG     
   seg_data[0]       OUTPUT        C15        LVCMOS33           8            NONE        OREG     
    seg_sel[5]       OUTPUT        D11        LVCMOS33           8            NONE        OREG     
    seg_sel[4]       OUTPUT        E11        LVCMOS33           8            NONE        OREG     
    seg_sel[3]       OUTPUT        F10        LVCMOS33           8            NONE        OREG     
    seg_sel[2]       OUTPUT        C13        LVCMOS33           8            NONE        OREG     
    seg_sel[1]       OUTPUT        E10        LVCMOS33           8            NONE        OREG     
    seg_sel[0]       OUTPUT        E12        LVCMOS33           8            NONE        OREG     
   vga_out_b[4]      OUTPUT         D5        LVCMOS33           8            NONE        OREG     
   vga_out_b[3]      OUTPUT         D6        LVCMOS33           8            NONE        OREG     
   vga_out_b[2]      OUTPUT         E6        LVCMOS33           8            NONE        OREG     
   vga_out_b[1]      OUTPUT         F6        LVCMOS33           8            NONE        OREG     
   vga_out_b[0]      OUTPUT        H16        LVCMOS25           8            N/A         OREG     
   vga_out_g[5]      OUTPUT         N6        LVCMOS33           8            NONE        OREG     
   vga_out_g[4]      OUTPUT         N5        LVCMOS33           8            NONE        OREG     
   vga_out_g[3]      OUTPUT         P5        LVCMOS33           8            NONE        OREG     
   vga_out_g[2]      OUTPUT         T5        LVCMOS33           8            NONE        OREG     
   vga_out_g[1]      OUTPUT        F14        LVCMOS25           8            N/A         OREG     
   vga_out_g[0]      OUTPUT         A4        LVCMOS33           8            N/A         OREG     
    vga_out_hs       OUTPUT         E7        LVCMOS33           8            NONE        OREG     
   vga_out_r[4]      OUTPUT        E13        LVCMOS33           8            NONE        OREG     
   vga_out_r[3]      OUTPUT         L8        LVCMOS33           8            NONE        OREG     
   vga_out_r[2]      OUTPUT         L7        LVCMOS33           8            NONE        OREG     
   vga_out_r[1]      OUTPUT         R5        LVCMOS33           8            NONE        OREG     
   vga_out_r[0]      OUTPUT         H5        LVCMOS33           8            N/A         OREG     
    vga_out_vs       OUTPUT         F7        LVCMOS33           8            NONE        OREG     
  flash_qspi_IO0      INOUT         P7        LVCMOS33           8            NONE        NONE     
  flash_qspi_IO1      INOUT         N8        LVCMOS33           8            NONE        NONE     
  flash_qspi_IO2      INOUT         P9        LVCMOS33           8            NONE        NONE     
  flash_qspi_IO3      INOUT         R9        LVCMOS33           8            NONE        NONE     
       dm0           OUTPUT        S14        LVCMOS25           8            NONE        OREG     
       cke           OUTPUT        S18        LVCMOS25           8            NONE        NONE     
       we_n          OUTPUT        S19        LVCMOS25           8            NONE        OREG     
      cas_n          OUTPUT        S20        LVCMOS25           8            NONE        OREG     
      ras_n          OUTPUT        S21        LVCMOS25           8            NONE        OREG     
       cs_n          OUTPUT        S22        LVCMOS25           8            NONE        NONE     
     addr[9]         OUTPUT        S23        LVCMOS25           8            NONE        OREG     
     addr[8]         OUTPUT        S24        LVCMOS25           8            NONE        OREG     
     addr[7]         OUTPUT        S25        LVCMOS25           8            NONE        OREG     
     addr[6]         OUTPUT        S26        LVCMOS25           8            NONE        OREG     
     addr[5]         OUTPUT        S27        LVCMOS25           8            NONE        OREG     
     addr[4]         OUTPUT        S28        LVCMOS25           8            NONE        OREG     
       dm2           OUTPUT        S29        LVCMOS25           8            NONE        OREG     
       dm3           OUTPUT        S61        LVCMOS25           8            NONE        OREG     
     addr[3]         OUTPUT        S64        LVCMOS25           8            NONE        OREG     
     addr[2]         OUTPUT        S65        LVCMOS25           8            NONE        OREG     
     addr[1]         OUTPUT        S66        LVCMOS25           8            NONE        OREG     
     addr[0]         OUTPUT        S67        LVCMOS25           8            NONE        OREG     
     addr[10]        OUTPUT        S68        LVCMOS25           8            NONE        OREG     
      ba[0]          OUTPUT        S69        LVCMOS25           8            NONE        OREG     
      ba[1]          OUTPUT        S70        LVCMOS25           8            NONE        OREG     
       clk           OUTPUT        S73        LVCMOS25           8            NONE        NONE     
       dm1           OUTPUT        S76        LVCMOS25           8            NONE        OREG     
      dq[0]           INOUT         S1        LVCMOS25           8           PULLUP     IREG;OREG  
      dq[6]           INOUT        S11        LVCMOS25           8           PULLUP     IREG;OREG  
      dq[7]           INOUT        S12        LVCMOS25           8           PULLUP     IREG;OREG  
      dq[1]           INOUT         S2        LVCMOS25           8           PULLUP     IREG;OREG  
      dq[23]          INOUT        S31        LVCMOS25           8           PULLUP       IREG     
      dq[22]          INOUT        S32        LVCMOS25           8           PULLUP       IREG     
      dq[21]          INOUT        S35        LVCMOS25           8           PULLUP       IREG     
      dq[20]          INOUT        S36        LVCMOS25           8           PULLUP       IREG     
      dq[19]          INOUT        S37        LVCMOS25           8           PULLUP       IREG     
      dq[18]          INOUT        S38        LVCMOS25           8           PULLUP       IREG     
      dq[17]          INOUT        S41        LVCMOS25           8           PULLUP       IREG     
      dq[16]          INOUT        S42        LVCMOS25           8           PULLUP       IREG     
      dq[31]          INOUT        S48        LVCMOS25           8           PULLUP       IREG     
      dq[30]          INOUT        S49        LVCMOS25           8           PULLUP       IREG     
      dq[2]           INOUT         S5        LVCMOS25           8           PULLUP     IREG;OREG  
      dq[29]          INOUT        S52        LVCMOS25           8           PULLUP       IREG     
      dq[28]          INOUT        S53        LVCMOS25           8           PULLUP       IREG     
      dq[27]          INOUT        S54        LVCMOS25           8           PULLUP       IREG     
      dq[26]          INOUT        S55        LVCMOS25           8           PULLUP       IREG     
      dq[25]          INOUT        S58        LVCMOS25           8           PULLUP       IREG     
      dq[24]          INOUT        S59        LVCMOS25           8           PULLUP       IREG     
      dq[3]           INOUT         S6        LVCMOS25           8           PULLUP     IREG;OREG  
      dq[4]           INOUT         S7        LVCMOS25           8           PULLUP     IREG;OREG  
      dq[8]           INOUT        S78        LVCMOS25           8           PULLUP     IREG;OREG  
      dq[9]           INOUT        S79        LVCMOS25           8           PULLUP     IREG;OREG  
      dq[5]           INOUT         S8        LVCMOS25           8           PULLUP     IREG;OREG  
      dq[10]          INOUT        S82        LVCMOS25           8           PULLUP     IREG;OREG  
      dq[11]          INOUT        S83        LVCMOS25           8           PULLUP     IREG;OREG  
      dq[12]          INOUT        S84        LVCMOS25           8           PULLUP     IREG;OREG  
      dq[13]          INOUT        S85        LVCMOS25           8           PULLUP     IREG;OREG  
      dq[14]          INOUT        S88        LVCMOS25           8           PULLUP     IREG;OREG  
      dq[15]          INOUT        S89        LVCMOS25           8           PULLUP     IREG;OREG  

Report Hierarchy Area:
+-------------------------------------------------------------------------------------------------------------------------------------+
|Instance                        |Module                                         |le     |lut     |ripple  |seq     |bram    |dsp     |
+-------------------------------------------------------------------------------------------------------------------------------------+
|top                             |top                                            |1936   |1291    |230     |1142    |2       |0       |
|  U3                            |sdram                                          |340    |92      |5       |329     |0       |0       |
|    u2_ram                      |sdr_as_ram                                     |340    |92      |5       |329     |0       |0       |
|      u1_init_ref               |sdr_init_ref                                   |89     |16      |5       |81      |0       |0       |
|      u2_wrrd                   |sdr_wrrd                                       |251    |76      |0       |248     |0       |0       |
|  frame_read_write_m0           |frame_read_write                               |479    |300     |98      |309     |2       |0       |
|    frame_fifo_read_m0          |frame_fifo_read                                |110    |84      |24      |57      |0       |0       |
|    frame_fifo_write_m0         |frame_fifo_write                               |120    |93      |24      |64      |0       |0       |
|    read_buf                    |afifo_16_256                                   |125    |61      |25      |94      |1       |0       |
|      ram_inst                  |ram_infer_afifo_16_256                         |0      |0       |0       |0       |1       |0       |
|      rd_to_wr_cross_inst       |fifo_cross_domain_addr_process_al_afifo_16_256 |36     |17      |0       |36      |0       |0       |
|      wr_to_rd_cross_inst       |fifo_cross_domain_addr_process_al_afifo_16_256 |35     |17      |0       |35      |0       |0       |
|    write_buf                   |afifo_16_256                                   |124    |62      |25      |94      |1       |0       |
|      ram_inst                  |ram_infer_afifo_16_256                         |0      |0       |0       |0       |1       |0       |
|      rd_to_wr_cross_inst       |fifo_cross_domain_addr_process_al_afifo_16_256 |36     |16      |0       |36      |0       |0       |
|      wr_to_rd_cross_inst       |fifo_cross_domain_addr_process_al_afifo_16_256 |31     |19      |0       |31      |0       |0       |
|  sd_card_bmp_m0                |sd_card_bmp                                    |951    |789     |97      |380     |0       |0       |
|    ax_debounce_m0              |ax_debounce                                    |60     |51      |9       |33      |0       |0       |
|    bmp_read_m0                 |bmp_read                                       |299    |205     |58      |167     |0       |0       |
|    sd_card_top_m0              |sd_card_top                                    |592    |533     |30      |180     |0       |0       |
|      sd_card_cmd_m0            |sd_card_cmd                                    |335    |310     |25      |53      |0       |0       |
|      sd_card_sec_read_write_m0 |sd_card_sec_read_write                         |192    |163     |0       |90      |0       |0       |
|      spi_master_m0             |spi_master                                     |65     |60      |5       |37      |0       |0       |
|  seg_scan_m0                   |seg_scan                                       |73     |51      |22      |23      |0       |0       |
|  sys_pll_m0                    |sys_pll                                        |0      |0       |0       |0       |0       |0       |
|  video_delay_m0                |video_delay                                    |47     |21      |0       |32      |0       |0       |
|  video_pll_m0                  |video_pll                                      |0      |0       |0       |0       |0       |0       |
|  video_timing_data_m0          |video_timing_data                              |46     |38      |8       |34      |0       |0       |
|    color_bar_m0                |color_bar                                      |39     |31      |8       |27      |0       |0       |
+-------------------------------------------------------------------------------------------------------------------------------------+


DataNet Average Fanout:

   Index     Fanout     Nets  
    #1          1       1482  
    #2          2       255   
    #3          3       189   
    #4          4       105   
    #5        5-10      147   
    #6        11-50      77   
    #7       51-100      1    
    #8       101-500     1    
  Average     2.65            

RUN-1002 : start command "export_db pic_sdram_pr.db"
RUN-1001 : Exported /
RUN-1001 : Exported flow parameters
RUN-1001 : Exported libs
RUN-1001 : Exported entities
RUN-1001 : Exported ports
RUN-1001 : Exported pins
RUN-1001 : Exported instances
RUN-1001 : Exported nets
RUN-1001 : Exported buses
RUN-1001 : Exported models
RUN-1001 : Exported congestions
RUN-1001 : Exported violations
RUN-1001 : Exported timing constraints
RUN-1001 : Exported IO constraints
RUN-1001 : Exported Inst constraints
RUN-1002 : start command "start_timer"
TMR-2505 : Start building timing graph for model top.
TMR-2506 : Build timing graph completely. Port num: 22, tpin num: 9154, tnet num: 2324, tinst num: 1114, tnode num: 11681, tedge num: 15266.
TMR-2508 : Levelizing timing graph completed, there are 41 levels in total.
TMR-2501 : Timing graph initialized successfully.
RUN-1002 : start command "report_timing -mode FINAL -net_info -rpt_autogen true -file pic_sdram_phy.timing"
TMR-2503 : Start to update net delay, extr mode = 6.
TMR-2504 : Update delay of 2324 nets completely.
TMR-2502 : Annotate delay completely, extr mode = 6.
TMR-3001 : Initiate 4 clocks from SDC.
TMR-3004 : Map sdc constraints, there are 8 constraints in total.
TMR-3003 : Constraints initiated successfully.
TMR-3501 : Forward propagation: start to calculate arrival time...
TMR-3502 : Backward propagation: start to calculate required time...
TMR-3503 : Timing propagation completes.
TMR-3506 : Start to generate timing report.
TMR-1502 : Number of clock constraints = 4. Number of clock nets = 4 (0 unconstrainted).
TMR-3508 : Export timing summary.
TMR-3507 : Timing report generated successfully in pic_sdram_phy.timing, timing summary in pic_sdram_phy.tsm.
RUN-1002 : start command "export_bid pic_sdram_inst.bid"
PRG-1000 : <!-- HMAC is: 54b7019ecea91c3b82dae8f45267b3b86b1ac3f0bdeb4c721a823b05dd911fba -->
RUN-1002 : start command "bitgen -bit pic_sdram.bit"
BIT-1003 : Start to generate bitstream. 
BIT-1002 : Init instances with 16 threads.
BIT-1002 : Init instances completely, inst num: 1114
BIT-1002 : Init pips with 16 threads.
BIT-1002 : Init pips completely, net num: 2326, pip num: 20539
BIT-1002 : Init feedthrough completely, num: 5
BIT-1003 : Multithreading accelaration with 16 threads.
BIT-1003 : Generate bitstream completely, there are 1844 valid insts, and 59103 bits set as '1'.
BIT-1004 : the usercode register value: 00000000111110110000000000000000
BIT-1004 : PLL setting string = 0110
BIT-1004 : Generate bits file pic_sdram.bit.
RUN-1003 : finish command "bitgen -bit pic_sdram.bit" in  2.672468s wall, 23.250000s user + 0.000000s system = 23.250000s CPU (870.0%)

RUN-1004 : used memory is 530 MB, reserved memory is 510 MB, peak memory is 706 MB
RUN-1002 : start command "backup_run_log run.log ../.logs/phy_1/td_20231219_170433.log"
