============================================================
   Tang Dynasty, V5.6.71036
      Copyright (c) 2012-2023 Anlogic Inc.
   Executable = D:/Program/Anlogic/TD5.6.2/bin/td.exe
   Built at =   20:34:38 Mar 21 2023
   Run by =     28408
   Run Date =   Thu Dec 14 15:42:15 2023

   Run on =     DESKTOP-T1B5OP5
============================================================
RUN-1002 : start command "open_project pic_sdram.prj"
RUN-1001 : Print Global Property
RUN-1001 : ---------------------------------------------------------------
RUN-1001 :        Parameters        |  Settings  |  Default Values  |  Note  
RUN-1001 : ---------------------------------------------------------------
RUN-1001 :          message         |  standard  |     standard     |        
RUN-1001 :   mixed_pack_place_flow  |     on     |        on        |        
RUN-1001 :        qor_monitor       |    off     |       off        |        
RUN-1001 :        syn_ip_flow       |    off     |       off        |        
RUN-1001 :          thread          |    auto    |       auto       |        
RUN-1001 : ---------------------------------------------------------------
RUN-1001 : Print Design Property
RUN-1001 : --------------------------------------------------------------
RUN-1001 :        Parameters       |  Settings  |  Default Values  |  Note  
RUN-1001 : --------------------------------------------------------------
RUN-1001 :   default_reg_initial   |    auto    |       auto       |        
RUN-1001 :        infer_add        |     on     |        on        |        
RUN-1001 :        infer_fsm        |    off     |       off        |        
RUN-1001 :        infer_mult       |     on     |        on        |        
RUN-1001 :        infer_ram        |     on     |        on        |        
RUN-1001 :        infer_reg        |     on     |        on        |        
RUN-1001 :   infer_reg_init_value  |     on     |        on        |        
RUN-1001 :        infer_rom        |     on     |        on        |        
RUN-1001 :      infer_shifter      |     on     |        on        |        
RUN-1001 : --------------------------------------------------------------
RUN-1001 : Print Rtl Property
RUN-1001 : --------------------------------------------------------------
RUN-1001 :        Parameters       |  Settings  |  Default Values  |  Note  
RUN-1001 : --------------------------------------------------------------
RUN-1001 :       compress_add      |   ripple   |      ripple      |        
RUN-1001 :        elf_sload        |    off     |       off        |        
RUN-1001 :       fix_undriven      |     0      |        0         |        
RUN-1001 :         flatten         |    off     |       off        |        
RUN-1001 :       gate_sharing      |     on     |        on        |        
RUN-1001 :    hdl_warning_level    |   normal   |      normal      |        
RUN-1001 :   impl_internal_tribuf  |     on     |        on        |        
RUN-1001 :      impl_set_reset     |     on     |        on        |        
RUN-1001 :        infer_gsr        |    off     |       off        |        
RUN-1001 :      keep_hierarchy     |    auto    |       auto       |        
RUN-1001 :        max_fanout       |    9999    |       9999       |        
RUN-1001 :      max_oh2bin_len     |     10     |        10        |        
RUN-1001 :       merge_equal       |     on     |        on        |        
RUN-1001 :       merge_equiv       |     on     |        on        |        
RUN-1001 :        merge_mux        |    off     |       off        |        
RUN-1001 :     min_control_set     |     8      |        8         |        
RUN-1001 :      min_ripple_len     |    auto    |       auto       |        
RUN-1001 :       oh2bin_ratio      |    0.08    |       0.08       |        
RUN-1001 :     opt_adder_fanout    |     on     |        on        |        
RUN-1001 :        opt_arith        |     on     |        on        |        
RUN-1001 :       opt_big_gate      |    off     |       off        |        
RUN-1001 :        opt_const        |     on     |        on        |        
RUN-1001 :      opt_const_mult     |     on     |        on        |        
RUN-1001 :       opt_lessthan      |     on     |        on        |        
RUN-1001 :         opt_mux         |    off     |       off        |        
RUN-1001 :         opt_ram         |    high    |       high       |        
RUN-1001 :      rtl_sim_model      |    off     |       off        |        
RUN-1001 :         seq_syn         |     on     |        on        |        
RUN-1001 : --------------------------------------------------------------
HDL-1007 : analyze verilog file ../../al_ip/sys_pll.v
HDL-1007 : undeclared symbol 'open', assumed default net type 'wire' in ../../al_ip/sys_pll.v(84)
HDL-1007 : analyze verilog file ../../al_ip/video_pll.v
HDL-1007 : undeclared symbol 'open', assumed default net type 'wire' in ../../al_ip/video_pll.v(63)
HDL-1007 : analyze verilog file ../../al_ip/afifo_16_256.v
HDL-1007 : analyze verilog file ../../src/ax_debounce.v
HDL-1007 : analyze verilog file ../../src/bmp_read.v
HDL-1007 : analyze verilog file ../../src/color_bar.v
HDL-1007 : analyze included file ../../src/video_define.v in ../../src/color_bar.v(2)
HDL-1007 : back to file '../../src/color_bar.v' in ../../src/color_bar.v(2)
HDL-1007 : analyze verilog file ../../src/frame_fifo_read.v
HDL-1007 : analyze verilog file ../../src/frame_fifo_write.v
HDL-1007 : analyze verilog file ../../src/frame_read_write.v
HDL-1007 : analyze verilog file ../../src/sd_card/sd_card_cmd.v
HDL-1007 : analyze verilog file ../../src/sd_card/sd_card_sec_read_write.v
HDL-1007 : analyze verilog file ../../src/sd_card/sd_card_top.v
HDL-1007 : analyze verilog file ../../src/sd_card/spi_master.v
HDL-1007 : analyze verilog file ../../src/sd_card_bmp.v
HDL-1007 : analyze verilog file ../../src/seg_decoder.v
HDL-1007 : analyze verilog file ../../src/seg_scan.v
HDL-1007 : analyze verilog file ../../src/top.v
HDL-1007 : undeclared symbol 'sdram_clk', assumed default net type 'wire' in ../../src/top.v(102)
HDL-1007 : undeclared symbol 'wr_en', assumed default net type 'wire' in ../../src/top.v(226)
HDL-1007 : undeclared symbol 'wr_data', assumed default net type 'wire' in ../../src/top.v(229)
HDL-1007 : analyze verilog file ../../src/video_timing_data.v
HDL-1007 : analyze verilog file ../../src/sdram_r/sdram_para.v
HDL-1007 : analyze verilog file ../../src/sdram/enc_file/global_def.v
HDL-1007 : analyze verilog file ../../src/sdram/enc_file/sdr_as_ram.enc.v
Copyright (c) 1998-2019 The OpenSSL Project.  All rights reserved.
This product includes software developed by the OpenSSL Project
for use in the OpenSSL Toolkit (http://www.openssl.org/)
Copyright (C) 1995-1998 Eric Young (eay@cryptsoft.com)
All rights reserved.
This product includes cryptographic software written by Eric Young (eay@cryptsoft.com)
HDL-1007 : back to file '../../src/sdram/enc_file/sdr_as_ram.enc.v' in ../../src/sdram/enc_file/sdr_as_ram.enc.v(148)
HDL-1007 : analyze verilog file ../../src/sdram/enc_file/sdr_init_ref.enc.v
HDL-1007 : undeclared symbol '**', assumed default net type '**' in encrypted_text(0)
HDL-1007 : back to file '../../src/sdram/enc_file/sdr_init_ref.enc.v' in ../../src/sdram/enc_file/sdr_init_ref.enc.v(242)
HDL-5007 WARNING: concatenation with an unsized literal will be treated as 32 bits in encrypted_text(0)
HDL-1007 : analyze verilog file ../../src/sdram/enc_file/sdr_wrrd.enc.v
HDL-5007 WARNING: concatenation with an unsized literal will be treated as 32 bits in encrypted_text(0)
HDL-1007 : back to file '../../src/sdram/enc_file/sdr_wrrd.enc.v' in ../../src/sdram/enc_file/sdr_wrrd.enc.v(255)
HDL-1007 : analyze verilog file ../../src/sdram/sdram.v
HDL-1007 : analyze included file D:\Projects\2023_10_10_HX4S20_test\spi_FLASH_SDRAM_pic\HX4S20\/./src/sdram/enc_file/global_def.v in ../../src/sdram/sdram.v(10)
HDL-1007 : back to file '../../src/sdram/sdram.v' in ../../src/sdram/sdram.v(10)
HDL-1007 : undeclared symbol 'Sdr_busy', assumed default net type 'wire' in ../../src/sdram/sdram.v(63)
HDL-1007 : undeclared symbol 'SDR_CKE', assumed default net type 'wire' in ../../src/sdram/sdram.v(88)
RUN-1001 : Project manager successfully analyzed 25 source files.
RUN-1002 : start command "import_device eagle_s20.db -package EG4S20BG256"
ARC-1001 : Device Initialization.
ARC-1001 : ------------------------------------------------------------------
ARC-1001 :            OPTION            |          IO          |   SETTING   
ARC-1001 : ------------------------------------------------------------------
ARC-1001 :   cso_b/cclk/mosi/miso/dout  |  T3/R11/T10/P10/S11  |    gpio    
ARC-1001 :             done             |         P13          |    gpio    
ARC-1001 :           program_b          |          T2          |  dedicate  
ARC-1001 :        tdi/tms/tck/tdo       |   C12/A15/C14/E14    |  dedicate  
ARC-1001 : ------------------------------------------------------------------
ARC-1004 : Device setting, marked 5 dedicate IOs in total.
RUN-1002 : start command "import_db ../syn_1/pic_sdram_gate.db"
RUN-1001 : Importing database generated by Tang Dynasty, V5.6.71036.
RUN-1001 : Database version number 46146.
RUN-1001 : Import flow parameters
RUN-1001 : Import timing constraints
RUN-1001 : Import IO constraints
RUN-1001 : Import Inst constraints
RUN-1001 : Import design success TD_VERSION=5.6.71036 , DB_VERSION=46146
RUN-1002 : start command "read_sdc ../../top.sdc"
RUN-1002 : start command "get_ports clk"
RUN-1002 : start command "create_clock -name clk -period 20 -waveform 0 10 "
RUN-1102 : create_clock: clock name: clk, type: 0, period: 20000, rise: 0, fall: 10000.
RUN-1002 : start command "derive_pll_clocks"
USR-1002 : Gen clock cmd:  create_generated_clock -name {sys_pll_m0/pll_inst.clkc[0]} -source [get_ports {clk}] -master_clock {clk} -multiply_by 2.0000 [get_pins {sys_pll_m0/pll_inst.clkc[0]}]
RUN-1002 : start command "get_ports clk"
RUN-1002 : start command "get_pins sys_pll_m0/pll_inst.clkc[0]"
RUN-1002 : start command "create_generated_clock -name sys_pll_m0/pll_inst.clkc[0] -source  -master_clock clk -multiply_by 2.0000 "
USR-1002 : Gen clock cmd:  create_generated_clock -name {sys_pll_m0/pll_inst.clkc[1]} -source [get_ports {clk}] -master_clock {clk} -multiply_by 3.0000 [get_pins {sys_pll_m0/pll_inst.clkc[1]}]
RUN-1002 : start command "get_ports clk"
RUN-1002 : start command "get_pins sys_pll_m0/pll_inst.clkc[1]"
RUN-1002 : start command "create_generated_clock -name sys_pll_m0/pll_inst.clkc[1] -source  -master_clock clk -multiply_by 3.0000 "
USR-1002 : Gen clock cmd:  create_generated_clock -name {sys_pll_m0/pll_inst.clkc[3]} -source [get_ports {clk}] -master_clock {clk} -multiply_by 3.0000 -phase 180 [get_pins {sys_pll_m0/pll_inst.clkc[3]}]
RUN-1002 : start command "get_ports clk"
RUN-1002 : start command "get_pins sys_pll_m0/pll_inst.clkc[3]"
RUN-1002 : start command "create_generated_clock -name sys_pll_m0/pll_inst.clkc[3] -source  -master_clock clk -multiply_by 3.0000 -phase 180 "
USR-1002 : Gen clock cmd:  create_generated_clock -name {video_pll_m0/pll_inst.clkc[0]} -source [get_ports {clk}] -master_clock {clk} -divide_by 2.0000 [get_pins {video_pll_m0/pll_inst.clkc[0]}]
RUN-1002 : start command "get_ports clk"
RUN-1002 : start command "get_pins video_pll_m0/pll_inst.clkc[0]"
RUN-1002 : start command "create_generated_clock -name video_pll_m0/pll_inst.clkc[0] -source  -master_clock clk -divide_by 2.0000 "
RUN-1002 : start command "get_ports clk"
RUN-1002 : start command "get_pins sys_pll_m0/pll_inst.clkc[0]"
RUN-1002 : start command "rename_clock -name sd_card_clk -source  -master_clock clk "
RUN-1105 : Rename Clock: clock sys_pll_m0/pll_inst.clkc[0] was renamed, new name is sd_card_clk.
RUN-1002 : start command "get_ports clk"
RUN-1002 : start command "get_pins sys_pll_m0/pll_inst.clkc[1]"
RUN-1002 : start command "rename_clock -name ext_mem_clk -source  -master_clock clk "
RUN-1105 : Rename Clock: clock sys_pll_m0/pll_inst.clkc[1] was renamed, new name is ext_mem_clk.
RUN-1002 : start command "get_ports clk"
RUN-1002 : start command "get_pins sys_pll_m0/pll_inst.clkc[2]"
RUN-1002 : start command "rename_clock -name flash_sys_clk -source  -master_clock clk "
RUN-1107 : Rename Clock: new clock flash_sys_clk is created by rename_clock temporarily.
RUN-1002 : start command "get_ports clk"
RUN-1002 : start command "get_pins video_pll_m0/pll_inst.clkc[0]"
RUN-1002 : start command "rename_clock -name video_clk -source  -master_clock clk "
RUN-1105 : Rename Clock: clock video_pll_m0/pll_inst.clkc[0] was renamed, new name is video_clk.
RUN-1002 : start command "read_sdc -ip afifo_16_256 ../../al_ip/afifo_16_256.tcl"
RUN-1002 : start command "get_ports clkw"
RUN-1002 : start command "get_nets  clkw  "
RUN-1002 : start command "get_clocks -nowarn -of nets 8972186681344"
RUN-1002 : start command "get_ports clkr"
RUN-1002 : start command "get_nets  clkr  "
RUN-1002 : start command "get_clocks -nowarn -of nets 17901423689728"
RUN-1002 : start command "get_property -nowarn -max PERIOD "
RUN-1002 : start command "get_property -nowarn -max PERIOD "
RUN-1002 : start command "get_regs rd_to_wr_cross_inst/primary_addr_gray_reg[*]"
RUN-1002 : start command "get_regs rd_to_wr_cross_inst/sync_r1[*]"
RUN-1002 : start command "set_max_delay -from  -to  6.3660000000000005 -datapath_only"
RUN-1002 : start command "get_regs rd_to_wr_cross_inst/primary_addr_gray_reg[*]"
RUN-1002 : start command "get_regs rd_to_wr_cross_inst/sync_r1[*]"
RUN-1002 : start command "set_false_path -from  -to  -hold 6.3660000000000005"
USR-1002 : set_false_path -help -setup -hold -from <list> -rise_from <list> -fall_from <list> -to <list> -rise_to <list> -fall_to <list> -through <list>
RUN-1002 : start command "get_regs wr_to_rd_cross_inst/primary_addr_gray_reg[*]"
RUN-1002 : start command "get_regs wr_to_rd_cross_inst/sync_r1[*]"
RUN-1002 : start command "set_max_delay -from  -to  6.3660000000000005 -datapath_only"
RUN-1002 : start command "get_regs wr_to_rd_cross_inst/primary_addr_gray_reg[*]"
RUN-1002 : start command "get_regs wr_to_rd_cross_inst/sync_r1[*]"
RUN-1002 : start command "set_false_path -from  -to  -hold 6.3660000000000005"
USR-1002 : set_false_path -help -setup -hold -from <list> -rise_from <list> -fall_from <list> -to <list> -rise_to <list> -fall_to <list> -through <list>
RUN-1002 : start command "get_ports clkw"
RUN-1002 : start command "get_nets  clkw  "
RUN-1002 : start command "get_clocks -nowarn -of nets 23875723198464"
RUN-1002 : start command "get_ports clkr"
RUN-1002 : start command "get_nets  clkr  "
RUN-1002 : start command "get_clocks -nowarn -of nets 8972186681344"
RUN-1002 : start command "get_property -nowarn -max PERIOD "
RUN-1002 : start command "get_property -nowarn -max PERIOD "
RUN-1002 : start command "get_regs rd_to_wr_cross_inst/primary_addr_gray_reg[*]"
RUN-1002 : start command "get_regs rd_to_wr_cross_inst/sync_r1[*]"
RUN-1002 : start command "set_max_delay -from  -to  6.3660000000000005 -datapath_only"
RUN-1002 : start command "get_regs rd_to_wr_cross_inst/primary_addr_gray_reg[*]"
RUN-1002 : start command "get_regs rd_to_wr_cross_inst/sync_r1[*]"
RUN-1002 : start command "set_false_path -from  -to  -hold 6.3660000000000005"
USR-1002 : set_false_path -help -setup -hold -from <list> -rise_from <list> -fall_from <list> -to <list> -rise_to <list> -fall_to <list> -through <list>
RUN-1002 : start command "get_regs wr_to_rd_cross_inst/primary_addr_gray_reg[*]"
RUN-1002 : start command "get_regs wr_to_rd_cross_inst/sync_r1[*]"
RUN-1002 : start command "set_max_delay -from  -to  6.3660000000000005 -datapath_only"
RUN-1002 : start command "get_regs wr_to_rd_cross_inst/primary_addr_gray_reg[*]"
RUN-1002 : start command "get_regs wr_to_rd_cross_inst/sync_r1[*]"
RUN-1002 : start command "set_false_path -from  -to  -hold 6.3660000000000005"
USR-1002 : set_false_path -help -setup -hold -from <list> -rise_from <list> -fall_from <list> -to <list> -rise_to <list> -fall_to <list> -through <list>
RUN-1002 : start command "config_chipwatcher ../../A.cwc -dir "
RUN-1002 : start command "legalize_phy_inst"
SYN-1011 : Flatten model top
KIT-1004 : ChipWatcher: import watcher inst auto_chipwatcher_0 completed, there are 11 view nodes, 93 trigger nets, 93 data nets.
KIT-1004 : Chipwatcher code = 0001011001011100
RUN-1002 : start command "compile_watcher"
RUN-1002 : start command "read_verilog -no_sch -dir D:/Program/Anlogic/TD5.6.2/cw/ -file pic_sdram_watcherInst.sv -lib cw -top CW_TOP_WRAPPER"
HDL-1007 : analyze verilog file D:/Program/Anlogic/TD5.6.2/cw\bus_det.v
HDL-1007 : analyze verilog file D:/Program/Anlogic/TD5.6.2/cw\bus_top.sv
HDL-1007 : analyze verilog file D:/Program/Anlogic/TD5.6.2/cw\cfg_int.v
HDL-1007 : analyze verilog file D:/Program/Anlogic/TD5.6.2/cw\cwc_cfg_int.v
HDL-1007 : analyze verilog file D:/Program/Anlogic/TD5.6.2/cw\cwc_top.sv
HDL-1007 : analyze verilog file D:/Program/Anlogic/TD5.6.2/cw\detect_bus.v
HDL-1007 : analyze verilog file D:/Program/Anlogic/TD5.6.2/cw\detect_non_bus.v
HDL-1007 : analyze verilog file D:/Program/Anlogic/TD5.6.2/cw\emb_ctrl.v
HDL-1007 : analyze verilog file D:/Program/Anlogic/TD5.6.2/cw\register.v
HDL-1007 : analyze verilog file D:/Program/Anlogic/TD5.6.2/cw\tap.v
HDL-1007 : analyze verilog file D:/Program/Anlogic/TD5.6.2/cw\trigger.sv
HDL-1007 : analyze verilog file pic_sdram_watcherInst.sv
HDL-1007 : elaborate module CW_TOP_WRAPPER in pic_sdram_watcherInst.sv(1)
HDL-1007 : elaborate module cwc_top(BUS_NUM=11,BUS_DIN_NUM=93,BUS_CTRL_NUM=230,BUS_WIDTH='{32'sb01,32'sb01,32'sb0101,32'sb0110,32'sb0101,32'sb01010,32'sb01,32'sb01010,32'sb010101,32'sb01,32'sb0100000},BUS_DIN_POS='{32'sb0,32'sb01,32'sb010,32'sb0111,32'sb01101,32'sb010010,32'sb011100,32'sb011101,32'sb0100111,32'sb0111100,32'sb0111101},BUS_CTRL_POS='{32'sb0,32'sb0110,32'sb01100,32'sb011010,32'sb0101010,32'sb0111000,32'sb01010000,32'sb01010110,32'sb01101110,32'sb010011100,32'sb010100010}) in D:/Program/Anlogic/TD5.6.2/cw\cwc_top.sv(21)
HDL-1007 : elaborate module cwc_cfg_int(CTRL_REG_LEN=252) in D:/Program/Anlogic/TD5.6.2/cw\cwc_cfg_int.v(21)
HDL-1007 : elaborate module register(CTRL_REG_LEN=252) in D:/Program/Anlogic/TD5.6.2/cw\register.v(21)
HDL-1007 : elaborate module tap in D:/Program/Anlogic/TD5.6.2/cw\tap.v(21)
HDL-1007 : elaborate module trigger(BUS_NUM=11,BUS_DIN_NUM=93,BUS_CTRL_NUM=230,BUS_WIDTH='{32'sb01,32'sb01,32'sb0101,32'sb0110,32'sb0101,32'sb01010,32'sb01,32'sb01010,32'sb010101,32'sb01,32'sb0100000},BUS_DIN_POS='{32'sb0,32'sb01,32'sb010,32'sb0111,32'sb01101,32'sb010010,32'sb011100,32'sb011101,32'sb0100111,32'sb0111100,32'sb0111101},BUS_CTRL_POS='{32'sb0,32'sb0110,32'sb01100,32'sb011010,32'sb0101010,32'sb0111000,32'sb01010000,32'sb01010110,32'sb01101110,32'sb010011100,32'sb010100010}) in D:/Program/Anlogic/TD5.6.2/cw\trigger.sv(21)
HDL-1007 : elaborate module bus_top(BUS_NODE_NUM=11,BUS_DIN_NUM=93,BUS_CTRL_NUM=230,BUS_WIDTH='{32'sb01,32'sb01,32'sb0101,32'sb0110,32'sb0101,32'sb01010,32'sb01,32'sb01010,32'sb010101,32'sb01,32'sb0100000},BUS_DIN_POS='{32'sb0,32'sb01,32'sb010,32'sb0111,32'sb01101,32'sb010010,32'sb011100,32'sb011101,32'sb0100111,32'sb0111100,32'sb0111101},BUS_CTRL_POS='{32'sb0,32'sb0110,32'sb01100,32'sb011010,32'sb0101010,32'sb0111000,32'sb01010000,32'sb01010110,32'sb01101110,32'sb010011100,32'sb010100010}) in D:/Program/Anlogic/TD5.6.2/cw\bus_top.sv(22)
HDL-1007 : elaborate module bus_det(BUS_WIDTH=32'sb01) in D:/Program/Anlogic/TD5.6.2/cw\bus_det.v(21)
HDL-1007 : elaborate module bus_det(BUS_WIDTH=32'sb0101) in D:/Program/Anlogic/TD5.6.2/cw\bus_det.v(21)
HDL-1007 : elaborate module bus_det(BUS_WIDTH=32'sb0110) in D:/Program/Anlogic/TD5.6.2/cw\bus_det.v(21)
HDL-1007 : elaborate module bus_det(BUS_WIDTH=32'sb01010) in D:/Program/Anlogic/TD5.6.2/cw\bus_det.v(21)
HDL-1007 : elaborate module bus_det(BUS_WIDTH=32'sb010101) in D:/Program/Anlogic/TD5.6.2/cw\bus_det.v(21)
HDL-1007 : elaborate module bus_det(BUS_WIDTH=32'sb0100000) in D:/Program/Anlogic/TD5.6.2/cw\bus_det.v(21)
HDL-1007 : elaborate module emb_ctrl in D:/Program/Anlogic/TD5.6.2/cw\emb_ctrl.v(21)
HDL-1200 : Current top model is CW_TOP_WRAPPER
HDL-1100 : Inferred 0 RAMs.
RUN-1002 : start command "force_keep -a auto_chipwatcher_0_logicbram"
RUN-1002 : start command "optimize_rtl -no_sch"
RUN-1001 : Open license file D:/Program/Anlogic/TD5.6.2/license/Anlogic.lic
RUN-1001 : Print Global Property
RUN-1001 : ---------------------------------------------------------------
RUN-1001 :        Parameters        |  Settings  |  Default Values  |  Note  
RUN-1001 : ---------------------------------------------------------------
RUN-1001 :          message         |  standard  |     standard     |        
RUN-1001 :   mixed_pack_place_flow  |     on     |        on        |        
RUN-1001 :        qor_monitor       |    off     |       off        |        
RUN-1001 :        syn_ip_flow       |    off     |       off        |        
RUN-1001 :          thread          |    auto    |       auto       |        
RUN-1001 : ---------------------------------------------------------------
RUN-1001 : Print Rtl Property
RUN-1001 : --------------------------------------------------------------
RUN-1001 :        Parameters       |  Settings  |  Default Values  |  Note  
RUN-1001 : --------------------------------------------------------------
RUN-1001 :       compress_add      |   ripple   |      ripple      |        
RUN-1001 :        elf_sload        |    off     |       off        |        
RUN-1001 :       fix_undriven      |     0      |        0         |        
RUN-1001 :         flatten         |    off     |       off        |        
RUN-1001 :       gate_sharing      |     on     |        on        |        
RUN-1001 :    hdl_warning_level    |   normal   |      normal      |        
RUN-1001 :   impl_internal_tribuf  |     on     |        on        |        
RUN-1001 :      impl_set_reset     |     on     |        on        |        
RUN-1001 :        infer_gsr        |    off     |       off        |        
RUN-1001 :      keep_hierarchy     |    auto    |       auto       |        
RUN-1001 :        max_fanout       |    9999    |       9999       |        
RUN-1001 :      max_oh2bin_len     |     10     |        10        |        
RUN-1001 :       merge_equal       |     on     |        on        |        
RUN-1001 :       merge_equiv       |     on     |        on        |        
RUN-1001 :        merge_mux        |    off     |       off        |        
RUN-1001 :     min_control_set     |     8      |        8         |        
RUN-1001 :      min_ripple_len     |    auto    |       auto       |        
RUN-1001 :       oh2bin_ratio      |    0.08    |       0.08       |        
RUN-1001 :     opt_adder_fanout    |     on     |        on        |        
RUN-1001 :        opt_arith        |     on     |        on        |        
RUN-1001 :       opt_big_gate      |    off     |       off        |        
RUN-1001 :        opt_const        |     on     |        on        |        
RUN-1001 :      opt_const_mult     |     on     |        on        |        
RUN-1001 :       opt_lessthan      |     on     |        on        |        
RUN-1001 :         opt_mux         |    off     |       off        |        
RUN-1001 :         opt_ram         |    high    |       high       |        
RUN-1001 :      rtl_sim_model      |    off     |       off        |        
RUN-1001 :         seq_syn         |     on     |        on        |        
RUN-1001 : --------------------------------------------------------------
SYN-1012 : SanityCheck: Model "top"
SYN-1012 : SanityCheck: Model "CW_TOP_WRAPPER"
SYN-1012 : SanityCheck: Model "cwc_top(BUS_NUM=11,BUS_DIN_NUM=93,BUS_CTRL_NUM=230,BUS_WIDTH='{32'sb01,32'sb01,32'sb0101,32'sb0110,32'sb0101,32'sb01010,32'sb01,32'sb01010,32'sb010101,32'sb01,32'sb0100000},BUS_DIN_POS='{32'sb0,32'sb01,32'sb010,32'sb0111,32'sb01101,32'sb010010,32'sb011100,32'sb011101,32'sb0100111,32'sb0111100,32'sb0111101},BUS_CTRL_POS='{32'sb0,32'sb0110,32'sb01100,32'sb011010,32'sb0101010,32'sb0111000,32'sb01010000,32'sb01010110,32'sb01101110,32'sb010011100,32'sb010100010})"
SYN-1012 : SanityCheck: Model "cwc_cfg_int(CTRL_REG_LEN=252)"
SYN-1012 : SanityCheck: Model "register(CTRL_REG_LEN=252)"
SYN-1012 : SanityCheck: Model "tap"
SYN-1012 : SanityCheck: Model "trigger(BUS_NUM=11,BUS_DIN_NUM=93,BUS_CTRL_NUM=230,BUS_WIDTH='{32'sb01,32'sb01,32'sb0101,32'sb0110,32'sb0101,32'sb01010,32'sb01,32'sb01010,32'sb010101,32'sb01,32'sb0100000},BUS_DIN_POS='{32'sb0,32'sb01,32'sb010,32'sb0111,32'sb01101,32'sb010010,32'sb011100,32'sb011101,32'sb0100111,32'sb0111100,32'sb0111101},BUS_CTRL_POS='{32'sb0,32'sb0110,32'sb01100,32'sb011010,32'sb0101010,32'sb0111000,32'sb01010000,32'sb01010110,32'sb01101110,32'sb010011100,32'sb010100010})"
SYN-1012 : SanityCheck: Model "bus_top(BUS_NODE_NUM=11,BUS_DIN_NUM=93,BUS_CTRL_NUM=230,BUS_WIDTH='{32'sb01,32'sb01,32'sb0101,32'sb0110,32'sb0101,32'sb01010,32'sb01,32'sb01010,32'sb010101,32'sb01,32'sb0100000},BUS_DIN_POS='{32'sb0,32'sb01,32'sb010,32'sb0111,32'sb01101,32'sb010010,32'sb011100,32'sb011101,32'sb0100111,32'sb0111100,32'sb0111101},BUS_CTRL_POS='{32'sb0,32'sb0110,32'sb01100,32'sb011010,32'sb0101010,32'sb0111000,32'sb01010000,32'sb01010110,32'sb01101110,32'sb010011100,32'sb010100010})"
SYN-1012 : SanityCheck: Model "bus_det(BUS_WIDTH=32'sb01)"
SYN-1012 : SanityCheck: Model "bus_det(BUS_WIDTH=32'sb0100000)"
SYN-1012 : SanityCheck: Model "bus_det(BUS_WIDTH=32'sb0101)"
SYN-1012 : SanityCheck: Model "bus_det(BUS_WIDTH=32'sb0110)"
SYN-1012 : SanityCheck: Model "bus_det(BUS_WIDTH=32'sb01010)"
SYN-1012 : SanityCheck: Model "bus_det(BUS_WIDTH=32'sb010101)"
SYN-1012 : SanityCheck: Model "emb_ctrl"
SYN-1011 : Flatten model top
SYN-1032 : 5313/49 useful/useless nets, 3557/26 useful/useless insts
SYN-1016 : Merged 52 instances.
SYN-1032 : 4722/8 useful/useless nets, 4275/8 useful/useless insts
SYN-1014 : Optimize round 1
SYN-1032 : 4706/16 useful/useless nets, 4263/12 useful/useless insts
SYN-1021 : Optimized 7 onehot mux instances.
SYN-1020 : Optimized 1 distributor mux.
SYN-1019 : Optimized 7 mux instances.
SYN-1015 : Optimize round 1, 743 better
SYN-1014 : Optimize round 2
SYN-1032 : 4068/105 useful/useless nets, 3625/112 useful/useless insts
SYN-1015 : Optimize round 2, 224 better
SYN-1014 : Optimize round 1
SYN-1015 : Optimize round 1, 0 better
RUN-1002 : start command "optimize_gate -no_sch"
RUN-1001 : Open license file D:/Program/Anlogic/TD5.6.2/license/Anlogic.lic
RUN-1001 : Print Global Property
RUN-1001 : ---------------------------------------------------------------
RUN-1001 :        Parameters        |  Settings  |  Default Values  |  Note  
RUN-1001 : ---------------------------------------------------------------
RUN-1001 :          message         |  standard  |     standard     |        
RUN-1001 :   mixed_pack_place_flow  |     on     |        on        |        
RUN-1001 :        qor_monitor       |    off     |       off        |        
RUN-1001 :        syn_ip_flow       |    off     |       off        |        
RUN-1001 :          thread          |    auto    |       auto       |        
RUN-1001 : ---------------------------------------------------------------
RUN-1001 : Print Gate Property
RUN-1001 : ------------------------------------------------------------------
RUN-1001 :          Parameters         |  Settings  |  Default Values  |  Note  
RUN-1001 : ------------------------------------------------------------------
RUN-1001 :         cascade_dsp         |    off     |       off        |        
RUN-1001 :         cascade_eram        |    off     |       off        |        
RUN-1001 :        gate_sim_model       |    off     |       off        |        
RUN-1001 :        map_sim_model        |    off     |       off        |        
RUN-1001 :         map_strategy        |     1      |        1         |        
RUN-1001 :           opt_area          |   medium   |      medium      |        
RUN-1001 :          opt_timing         |    auto    |       auto       |        
RUN-1001 :         pack_effort         |   medium   |      medium      |        
RUN-1001 :      pack_lslice_ripple     |     on     |        on        |        
RUN-1001 :   pack_lslice_ripple_ratio  |    0.5     |       0.5        |        
RUN-1001 :        pack_seq_in_io       |    auto    |       auto       |        
RUN-1001 :        ph1_mux_ratio        |    1.0     |       1.0        |        
RUN-1001 :            report           |  standard  |     standard     |        
RUN-1001 :           retiming          |    off     |       off        |        
RUN-1001 : ------------------------------------------------------------------
SYN-2001 : Map 47 IOs to PADs
RUN-1002 : start command "update_pll_param -module top"
SYN-2501 : Processed 0 LOGIC_BUF instances.
SYN-2512 : LOGIC BRAM "auto_chipwatcher_0_logicbram"
SYN-2571 : Optimize after map_dsp, round 1
SYN-2571 : Optimize after map_dsp, round 1, 0 better
SYN-1001 : Throwback 3 control mux instances
SYN-2501 : Optimize round 1
SYN-1016 : Merged 89 instances.
SYN-2501 : Optimize round 1, 180 better
SYN-2501 : Optimize round 2
SYN-2501 : Optimize round 2, 0 better
SYN-2501 : Map 24 macro adder
SYN-1019 : Optimized 29 mux instances.
SYN-1016 : Merged 15 instances.
SYN-1032 : 4857/2 useful/useless nets, 4424/1 useful/useless insts
RUN-1002 : start command "start_timer -prepack"
TMR-2505 : Start building timing graph for model top.
TMR-2506 : Build timing graph completely. Port num: 22, tpin num: 18130, tnet num: 4857, tinst num: 4423, tnode num: 23626, tedge num: 27697.
TMR-2508 : Levelizing timing graph completed, there are 85 levels in total.
TMR-2501 : Timing graph initialized successfully.
TMR-2503 : Start to update net delay, extr mode = 2.
TMR-2504 : Update delay of 4857 nets completely.
TMR-2502 : Annotate delay completely, extr mode = 2.
TMR-3001 : Initiate 5 clocks from SDC.
TMR-3004 : Map sdc constraints, there are 8 constraints in total.
TMR-3003 : Constraints initiated successfully.
TMR-3501 : Forward propagation: start to calculate arrival time...
TMR-3502 : Backward propagation: start to calculate required time...
TMR-3503 : Timing propagation completes.
SYN-3001 : Running gate level optimization.
SYN-2581 : Mapping with K=5, #lut = 423 (3.28), #lev = 7 (1.55)
SYN-2551 : Post LUT mapping optimization.
SYN-2581 : Mapping with K=5, #lut = 423 (3.28), #lev = 7 (1.55)
SYN-3001 : Logic optimization runtime opt =   0.03 sec, map =   0.00 sec
SYN-3001 : Mapper mapped 897 instances into 423 LUTs, name keeping = 67%.
SYN-1001 : Packing model "top" ...
SYN-4010 : Pack lib has 58 rtl pack models with 25 top pack blocks
SYN-1014 : Optimize round 1
SYN-1015 : Optimize round 1, 0 better
SYN-4002 : Packing 716 DFF/LATCH to SEQ ...
SYN-4009 : Pack 8 carry chain into lslice
SYN-4007 : Packing 242 adder to BLE ...
SYN-4008 : Packed 242 adder and 0 SEQ to BLE.
SYN-4007 : Packing 0 gate4 to BLE ...
SYN-4008 : Packed 0 gate4 and 0 SEQ to BLE.
SYN-4012 : Packed 0 FxMUX
RUN-1003 : finish command "optimize_gate -no_sch" in  1.091508s wall, 0.671875s user + 0.000000s system = 0.671875s CPU (61.6%)

RUN-1004 : used memory is 163 MB, reserved memory is 129 MB, peak memory is 206 MB
RUN-1002 : start command "legalize_phy_inst"
SYN-1011 : Flatten model top
KIT-1004 : Compile Chipwatcher: Clear obsolete physical data.
RUN-1003 : finish command "compile_watcher" in  2.008769s wall, 1.187500s user + 0.046875s system = 1.234375s CPU (61.4%)

RUN-1004 : used memory is 163 MB, reserved memory is 129 MB, peak memory is 206 MB
RUN-1002 : start command "place"
RUN-1001 : Open license file D:/Program/Anlogic/TD5.6.2/license/Anlogic.lic
RUN-1001 : Print Global Property
RUN-1001 : ---------------------------------------------------------------
RUN-1001 :        Parameters        |  Settings  |  Default Values  |  Note  
RUN-1001 : ---------------------------------------------------------------
RUN-1001 :          message         |  standard  |     standard     |        
RUN-1001 :   mixed_pack_place_flow  |     on     |        on        |        
RUN-1001 :        qor_monitor       |    off     |       off        |        
RUN-1001 :        syn_ip_flow       |    off     |       off        |        
RUN-1001 :          thread          |    auto    |       auto       |        
RUN-1001 : ---------------------------------------------------------------
RUN-1001 : Print Place Property
RUN-1001 : --------------------------------------------------------------
RUN-1001 :        Parameters       |  Settings  |  Default Values  |  Note  
RUN-1001 : --------------------------------------------------------------
RUN-1001 :      detailed_place     |     on     |        on        |        
RUN-1001 :          effort         |   medium   |      medium      |        
RUN-1001 :         fix_hold        |    off     |       off        |        
RUN-1001 :       legalization      |    ori     |       ori        |        
RUN-1001 :      new_spreading      |     on     |        on        |        
RUN-1001 :        opt_timing       |   medium   |      medium      |        
RUN-1001 :   post_clock_route_opt  |    off     |       off        |        
RUN-1001 :       pr_strategy       |     1      |        1         |        
RUN-1001 :        relaxation       |    1.00    |       1.00       |        
RUN-1001 :         retiming        |    off     |       off        |        
RUN-1001 : --------------------------------------------------------------
PHY-3001 : Placer runs in 16 thread(s).
RUN-1002 : start command "legalize_phy_inst"
SYN-1011 : Flatten model top
SYN-5055 WARNING: The kept net frame_read_write_m0/frame_fifo_read_m0/App_rd_en_d0 will be merged to another kept net U3/App_rd_en
SYN-5055 WARNING: The kept net U3/u2_ram/u2_wrrd/App_rd_en will be merged to another kept net U3/App_rd_en
SYN-5055 WARNING: The kept net frame_read_write_m0/Sdr_rd_dout[15] will be merged to another kept net U3/Sdr_rd_dout[15]
SYN-5055 WARNING: The kept net frame_read_write_m0/Sdr_rd_dout[14] will be merged to another kept net U3/Sdr_rd_dout[14]
SYN-5055 WARNING: The kept net frame_read_write_m0/Sdr_rd_dout[13] will be merged to another kept net U3/Sdr_rd_dout[13]
SYN-5055 WARNING: The kept net frame_read_write_m0/Sdr_rd_dout[12] will be merged to another kept net U3/Sdr_rd_dout[12]
SYN-5055 WARNING: The kept net frame_read_write_m0/Sdr_rd_dout[11] will be merged to another kept net U3/Sdr_rd_dout[11]
SYN-5055 WARNING: The kept net frame_read_write_m0/Sdr_rd_dout[10] will be merged to another kept net U3/Sdr_rd_dout[10]
SYN-5055 WARNING: The kept net frame_read_write_m0/Sdr_rd_dout[9] will be merged to another kept net U3/Sdr_rd_dout[9]
SYN-5055 WARNING: The kept net frame_read_write_m0/Sdr_rd_dout[8] will be merged to another kept net U3/Sdr_rd_dout[8]
SYN-5055 Similar messages will be suppressed.
RUN-1002 : start command "phys_opt -simplify_lut"
SYN-1032 : 3858/1 useful/useless nets, 3409/0 useful/useless insts
SYN-4016 : Net frame_read_write_m0/write_buf/clkw driven by BUFG (408 clock/control pins, 1 other pins).
SYN-4016 : Net frame_read_write_m0/read_buf/clkr driven by BUFG (110 clock/control pins, 1 other pins).
SYN-4016 : Net config_inst_syn_10 driven by BUFG (521 clock/control pins, 0 other pins).
SYN-4027 : Net U3/u2_ram/u2_wrrd/Sdr_clk is clkc1 of pll sys_pll_m0/pll_inst.
SYN-4027 : Net U3/u2_ram/SDRAM_CLK is clkc3 of pll sys_pll_m0/pll_inst.
SYN-4019 : Net clk_dup_1 is refclk of pll sys_pll_m0/pll_inst.
SYN-4020 : Net clk_dup_1 is fbclk of pll sys_pll_m0/pll_inst.
SYN-4019 : Net clk_dup_1 is refclk of pll video_pll_m0/pll_inst.
SYN-4020 : Net clk_dup_1 is fbclk of pll video_pll_m0/pll_inst.
SYN-4025 : Tag rtl::Net U3/u2_ram/SDRAM_CLK as clock net
SYN-4025 : Tag rtl::Net U3/u2_ram/u2_wrrd/Sdr_clk as clock net
SYN-4025 : Tag rtl::Net clk_dup_1 as clock net
SYN-4025 : Tag rtl::Net config_inst_syn_10 as clock net
SYN-4025 : Tag rtl::Net frame_read_write_m0/read_buf/clkr as clock net
SYN-4025 : Tag rtl::Net frame_read_write_m0/write_buf/clkw as clock net
SYN-4026 : Tagged 6 rtl::Net as clock net
PHY-1001 : Populate physical database on model top.
RUN-1001 : There are total 3409 instances
RUN-0007 : 1348 luts, 1552 seqs, 271 mslices, 116 lslices, 102 pads, 12 brams, 0 dsps
RUN-1001 : There are total 3858 nets
RUN-1001 : 2292 nets have 2 pins
RUN-1001 : 1279 nets have [3 - 5] pins
RUN-1001 : 175 nets have [6 - 10] pins
RUN-1001 : 60 nets have [11 - 20] pins
RUN-1001 : 40 nets have [21 - 99] pins
RUN-1001 : 12 nets have 100+ pins
RUN-1001 : Report Control nets information:
RUN-1001 : DFF Distribution
RUN-1001 : ----------------------------------
RUN-1001 :   CE   |  SSR  |  ASR  |  DFF Count  
RUN-1001 : ----------------------------------
RUN-1001 :   No   |  No   |  No   |     115     
RUN-1001 :   No   |  No   |  Yes  |     628     
RUN-1001 :   No   |  Yes  |  No   |     35      
RUN-1001 :   Yes  |  No   |  No   |     16      
RUN-1001 :   Yes  |  No   |  Yes  |     719     
RUN-1001 :   Yes  |  Yes  |  No   |     39      
RUN-1001 : ----------------------------------
RUN-0007 : Control Group Statistic
RUN-0007 : ---------------------------
RUN-0007 :   #CLK  |  #CE  |  #SSR/ASR  
RUN-0007 : ---------------------------
RUN-0007 :    6    |  26   |     11     
RUN-0007 : ---------------------------
RUN-0007 : Control Set = 42
PHY-3001 : Initial placement ...
PHY-3001 : design contains 3407 instances, 1348 luts, 1552 seqs, 387 slices, 58 macros(387 instances: 271 mslices 116 lslices)
PHY-0007 : Cell area utilization is 10%
PHY-3001 : Start timing update ...
RUN-1002 : start command "start_timer -report"
TMR-2505 : Start building timing graph for model top.
TMR-2506 : Build timing graph completely. Port num: 22, tpin num: 15967, tnet num: 3856, tinst num: 3407, tnode num: 21526, tedge num: 25716.
TMR-2508 : Levelizing timing graph completed, there are 45 levels in total.
TMR-2501 : Timing graph initialized successfully.
TMR-2503 : Start to update net delay, extr mode = 2.
TMR-2504 : Update delay of 3856 nets completely.
TMR-2502 : Annotate delay completely, extr mode = 2.
TMR-3001 : Initiate 5 clocks from SDC.
TMR-3004 : Map sdc constraints, there are 8 constraints in total.
TMR-3003 : Constraints initiated successfully.
TMR-3501 : Forward propagation: start to calculate arrival time...
TMR-3502 : Backward propagation: start to calculate required time...
TMR-3503 : Timing propagation completes.
PHY-3001 : End timing update;  0.513537s wall, 0.312500s user + 0.000000s system = 0.312500s CPU (60.9%)

PHY-3001 : Global placement ...
PHY-3001 : Initial: Len = 913894
PHY-3001 : Clustering ...
PHY-3001 : Level 0 #clusters 3407.
PHY-3001 : End clustering;  0.000007s wall, 0.000000s user + 0.000000s system = 0.000000s CPU (n/a%)

PHY-3001 : Run with size of 4
PHY-3001 : Cell area utilization is 10%
PHY-3001 : :::0::: Try harder cell spreading with beta_ = 0
PHY-3002 : Step(1): len = 733509, overlap = 24.75
PHY-3002 : Step(2): len = 606534, overlap = 20.25
PHY-3002 : Step(3): len = 525104, overlap = 27.0625
PHY-3002 : Step(4): len = 460067, overlap = 25.375
PHY-3002 : Step(5): len = 401231, overlap = 25.3438
PHY-3002 : Step(6): len = 359453, overlap = 29.1875
PHY-3002 : Step(7): len = 324364, overlap = 34.9688
PHY-3002 : Step(8): len = 291371, overlap = 43.0625
PHY-3002 : Step(9): len = 262113, overlap = 44.7188
PHY-3002 : Step(10): len = 231982, overlap = 39.3438
PHY-3002 : Step(11): len = 214877, overlap = 44.0312
PHY-3002 : Step(12): len = 196889, overlap = 56.2812
PHY-3002 : Step(13): len = 180269, overlap = 58.5938
PHY-3002 : Step(14): len = 172646, overlap = 61.0312
PHY-3002 : Step(15): len = 161978, overlap = 60.7188
PHY-3002 : Step(16): len = 153360, overlap = 60.6562
PHY-3002 : Step(17): len = 146245, overlap = 59.5938
PHY-3002 : Step(18): len = 140157, overlap = 60.3438
PHY-3001 : :::1::: Try harder cell spreading with beta_ = 8.30794e-05
PHY-3002 : Step(19): len = 141508, overlap = 46.9062
PHY-3002 : Step(20): len = 140941, overlap = 41.9375
PHY-3002 : Step(21): len = 139650, overlap = 42.0312
PHY-3002 : Step(22): len = 137960, overlap = 44.6875
PHY-3002 : Step(23): len = 136484, overlap = 44.7812
PHY-3002 : Step(24): len = 134010, overlap = 46.1875
PHY-3002 : Step(25): len = 130776, overlap = 39.4375
PHY-3002 : Step(26): len = 129074, overlap = 39.6562
PHY-3002 : Step(27): len = 125898, overlap = 39.7812
PHY-3002 : Step(28): len = 123412, overlap = 37.5625
PHY-3002 : Step(29): len = 121432, overlap = 37.4375
PHY-3002 : Step(30): len = 120121, overlap = 38.0312
PHY-3002 : Step(31): len = 118686, overlap = 36.9375
PHY-3002 : Step(32): len = 116894, overlap = 40.75
PHY-3002 : Step(33): len = 115924, overlap = 42.125
PHY-3002 : Step(34): len = 114796, overlap = 39.9688
PHY-3002 : Step(35): len = 113610, overlap = 37.5
PHY-3002 : Step(36): len = 110108, overlap = 38.1562
PHY-3002 : Step(37): len = 108216, overlap = 33.2812
PHY-3002 : Step(38): len = 105717, overlap = 35.75
PHY-3002 : Step(39): len = 105112, overlap = 36.2812
PHY-3002 : Step(40): len = 104965, overlap = 38.4375
PHY-3001 : :::2::: Try harder cell spreading with beta_ = 0.000166159
PHY-3002 : Step(41): len = 104922, overlap = 35.8125
PHY-3002 : Step(42): len = 104883, overlap = 35.8125
PHY-3001 : :::3::: Try harder cell spreading with beta_ = 0.000332317
PHY-3002 : Step(43): len = 104871, overlap = 35.9375
PHY-3002 : Step(44): len = 104804, overlap = 37.7188
PHY-3001 : Legalization ...
PHY-3001 : End legalization;  0.008989s wall, 0.000000s user + 0.000000s system = 0.000000s CPU (n/a%)

PHY-3001 : Run with size of 4
PHY-3001 : Cell area utilization is 13%
PHY-3001 : Update timing in Manhattan mode ...
TMR-2503 : Start to update net delay, extr mode = 3.
TMR-2504 : Update delay of 3856 nets completely.
TMR-2502 : Annotate delay completely, extr mode = 3.
TMR-3501 : Forward propagation: start to calculate arrival time...
TMR-3502 : Backward propagation: start to calculate required time...
TMR-3503 : Timing propagation completes.
PHY-3001 : End timing update;  0.072095s wall, 0.062500s user + 0.000000s system = 0.062500s CPU (86.7%)

PHY-3001 : :::0::: Try harder cell spreading with beta_ = 2.42077e-05
PHY-3002 : Step(45): len = 105069, overlap = 58.1562
PHY-3002 : Step(46): len = 105854, overlap = 57.125
PHY-3002 : Step(47): len = 103936, overlap = 52.8438
PHY-3002 : Step(48): len = 103368, overlap = 53.2188
PHY-3002 : Step(49): len = 101246, overlap = 53.8125
PHY-3002 : Step(50): len = 101566, overlap = 56.625
PHY-3002 : Step(51): len = 99603.4, overlap = 56.75
PHY-3002 : Step(52): len = 99771.4, overlap = 58.7188
PHY-3002 : Step(53): len = 98327.8, overlap = 60.1562
PHY-3002 : Step(54): len = 98264.9, overlap = 58.6875
PHY-3002 : Step(55): len = 97254.7, overlap = 60.3125
PHY-3002 : Step(56): len = 96180.7, overlap = 63.125
PHY-3002 : Step(57): len = 95758.2, overlap = 65.9375
PHY-3002 : Step(58): len = 94851.8, overlap = 67.7188
PHY-3002 : Step(59): len = 94601.5, overlap = 70.5
PHY-3002 : Step(60): len = 94387.2, overlap = 72.6562
PHY-3002 : Step(61): len = 93305.2, overlap = 72.9375
PHY-3002 : Step(62): len = 93229.3, overlap = 70.7812
PHY-3002 : Step(63): len = 92393.4, overlap = 70.7812
PHY-3002 : Step(64): len = 92022.8, overlap = 72
PHY-3002 : Step(65): len = 91257.4, overlap = 72.3438
PHY-3002 : Step(66): len = 90057.4, overlap = 72.6875
PHY-3002 : Step(67): len = 89679.6, overlap = 75.9375
PHY-3002 : Step(68): len = 88945, overlap = 76.75
PHY-3002 : Step(69): len = 88510.3, overlap = 75.625
PHY-3002 : Step(70): len = 87924.7, overlap = 76.0312
PHY-3001 : :::1::: Try harder cell spreading with beta_ = 4.84155e-05
PHY-3002 : Step(71): len = 87519.8, overlap = 76.8125
PHY-3002 : Step(72): len = 87594.8, overlap = 76.4375
PHY-3001 : :::2::: Try harder cell spreading with beta_ = 9.6831e-05
PHY-3002 : Step(73): len = 88119.7, overlap = 71.7812
PHY-3002 : Step(74): len = 88264.2, overlap = 71.3125
PHY-3001 : Run with size of 2
PHY-3001 : Cell area utilization is 13%
PHY-3001 : Update timing in Manhattan mode ...
TMR-2503 : Start to update net delay, extr mode = 3.
TMR-2504 : Update delay of 3856 nets completely.
TMR-2502 : Annotate delay completely, extr mode = 3.
TMR-3501 : Forward propagation: start to calculate arrival time...
TMR-3502 : Backward propagation: start to calculate required time...
TMR-3503 : Timing propagation completes.
PHY-3001 : End timing update;  0.086916s wall, 0.093750s user + 0.000000s system = 0.093750s CPU (107.9%)

PHY-3001 : :::0::: Try harder cell spreading with beta_ = 3.70924e-05
PHY-3002 : Step(75): len = 88534.4, overlap = 151.969
PHY-3002 : Step(76): len = 88905.3, overlap = 151.844
PHY-3002 : Step(77): len = 91005.4, overlap = 131.312
PHY-3002 : Step(78): len = 92531.9, overlap = 117.031
PHY-3002 : Step(79): len = 93416.7, overlap = 109.312
PHY-3002 : Step(80): len = 94346.8, overlap = 98.5625
PHY-3002 : Step(81): len = 94343.8, overlap = 97.4688
PHY-3002 : Step(82): len = 94444.1, overlap = 97.9375
PHY-3002 : Step(83): len = 93861.2, overlap = 97.375
PHY-3001 : :::1::: Try harder cell spreading with beta_ = 7.41847e-05
PHY-3002 : Step(84): len = 93648.9, overlap = 96.6875
PHY-3002 : Step(85): len = 93702.1, overlap = 96
PHY-3001 : :::2::: Try harder cell spreading with beta_ = 0.000148369
PHY-3002 : Step(86): len = 94596.4, overlap = 95.875
PHY-3002 : Step(87): len = 95011.5, overlap = 93.9062
PHY-3002 : Step(88): len = 96217.2, overlap = 90.0625
PHY-3002 : Step(89): len = 97285.4, overlap = 77.375
PHY-3002 : Step(90): len = 97753, overlap = 73.1562
PHY-3001 : :::3::: Try harder cell spreading with beta_ = 0.000296739
PHY-3002 : Step(91): len = 97369.4, overlap = 73.75
PHY-3002 : Step(92): len = 97369.4, overlap = 73.75
PHY-3001 : :::4::: Try harder cell spreading with beta_ = 0.000593478
PHY-3002 : Step(93): len = 98380.9, overlap = 73.2188
PHY-3002 : Step(94): len = 98980, overlap = 70.4375
PHY-3002 : Step(95): len = 100068, overlap = 69.5
PHY-3002 : Step(96): len = 99062.3, overlap = 67.8438
PHY-3002 : Step(97): len = 99062.3, overlap = 67.8438
PHY-3001 : :::5::: Try harder cell spreading with beta_ = 0.00118696
PHY-3002 : Step(98): len = 99434.5, overlap = 66.9062
PHY-3002 : Step(99): len = 99755.9, overlap = 69.3125
PHY-3001 : :::6::: Try harder cell spreading with beta_ = 0.00237391
PHY-3002 : Step(100): len = 100064, overlap = 66.75
PHY-3002 : Step(101): len = 100675, overlap = 69.75
PHY-3001 : :::7::: Try harder cell spreading with beta_ = 0.00474782
PHY-3002 : Step(102): len = 100775, overlap = 69.6562
PHY-3002 : Step(103): len = 100892, overlap = 69.5625
PHY-3001 : :::8::: Try harder cell spreading with beta_ = 0.00949565
PHY-3002 : Step(104): len = 101168, overlap = 67.5
PHY-3002 : Step(105): len = 101318, overlap = 70.4688
PHY-3001 : :::9::: Try harder cell spreading with beta_ = 0.0189913
PHY-3002 : Step(106): len = 101356, overlap = 70.0625
PHY-3002 : Step(107): len = 101364, overlap = 67.2188
PHY-3001 : :::10::: Try harder cell spreading with beta_ = 0.0379826
PHY-3002 : Step(108): len = 101455, overlap = 67.0312
PHY-3002 : Step(109): len = 101520, overlap = 67.4062
PHY-3001 : :::11::: Try harder cell spreading with beta_ = 0.0759652
PHY-3002 : Step(110): len = 101471, overlap = 66.6875
PHY-3002 : Step(111): len = 101471, overlap = 66.6875
OPT-1001 : Start physical optimization ...
RUN-1002 : start command "start_timer -report"
TMR-2505 : Start building timing graph for model top.
TMR-2506 : Build timing graph completely. Port num: 22, tpin num: 15967, tnet num: 3856, tinst num: 3407, tnode num: 21526, tedge num: 25716.
TMR-2508 : Levelizing timing graph completed, there are 45 levels in total.
TMR-2501 : Timing graph initialized successfully.
OPT-1001 : Total overflow 197.75 peak overflow 3.88
OPT-1001 : Start high-fanout net optimization ...
OPT-1001 : Update timing in global mode
PHY-1001 : Start incremental global routing, caller is place ...
RUN-1001 : Generating global routing grids ...
RUN-1001 : Building simple global routing graph ...
PHY-1001 : Generate routing nets ...
PHY-1001 : Reuse net number 0/3858.
PHY-1001 : Global iterations in 16 thread ...
PHY-1002 : len = 115944, over cnt = 437(1%), over = 1591, worst = 22
PHY-1001 : End global iterations;  0.138719s wall, 0.031250s user + 0.000000s system = 0.031250s CPU (22.5%)

PHY-1001 : Congestion index: top1 = 45.99, top5 = 32.43, top10 = 25.57, top15 = 20.79.
PHY-1001 : End incremental global routing;  0.187493s wall, 0.031250s user + 0.000000s system = 0.031250s CPU (16.7%)

TMR-2503 : Start to update net delay, extr mode = 5.
TMR-2504 : Update delay of 3856 nets completely.
TMR-2502 : Annotate delay completely, extr mode = 5.
TMR-3001 : Initiate 5 clocks from SDC.
TMR-3004 : Map sdc constraints, there are 8 constraints in total.
TMR-3003 : Constraints initiated successfully.
TMR-3501 : Forward propagation: start to calculate arrival time...
TMR-3502 : Backward propagation: start to calculate required time...
TMR-3503 : Timing propagation completes.
OPT-1001 : End timing update;  0.084673s wall, 0.078125s user + 0.000000s system = 0.078125s CPU (92.3%)

OPT-1001 : 1 high-fanout net processed.
PHY-3001 : Start incremental placement ...
PHY-1001 : Populate physical database on model top.
PHY-3001 : Initial placement ...
PHY-3001 : eco special cells: 1 has valid locations, 0 needs to be replaced
PHY-3001 : eco pad cells: 102 has valid locations, 0 needs to be replaced
PHY-3001 : eco cells: 3298 has valid locations, 3 needs to be replaced
PHY-3001 : design contains 3409 instances, 1350 luts, 1552 seqs, 387 slices, 58 macros(387 instances: 271 mslices 116 lslices)
PHY-3001 : Global placement ...
PHY-3001 : Initial: Len = 101908
PHY-3001 : Run with size of 4
PHY-3001 : Cell area utilization is 13%
PHY-3001 : Update timing in Manhattan mode ...
RUN-1002 : start command "start_timer -report"
TMR-2505 : Start building timing graph for model top.
TMR-2506 : Build timing graph completely. Port num: 22, tpin num: 15975, tnet num: 3858, tinst num: 3409, tnode num: 21534, tedge num: 25728.
TMR-2508 : Levelizing timing graph completed, there are 45 levels in total.
TMR-2501 : Timing graph initialized successfully.
TMR-2503 : Start to update net delay, extr mode = 3.
TMR-2504 : Update delay of 3858 nets completely.
TMR-2502 : Annotate delay completely, extr mode = 3.
TMR-3001 : Initiate 5 clocks from SDC.
TMR-3004 : Map sdc constraints, there are 8 constraints in total.
TMR-3003 : Constraints initiated successfully.
TMR-3501 : Forward propagation: start to calculate arrival time...
TMR-3502 : Backward propagation: start to calculate required time...
TMR-3503 : Timing propagation completes.
PHY-3001 : End timing update;  0.546320s wall, 0.296875s user + 0.000000s system = 0.296875s CPU (54.3%)

PHY-3001 : :::0::: Try harder cell spreading with beta_ = 0
PHY-3002 : Step(112): len = 101767, overlap = 1.4375
PHY-3002 : Step(113): len = 101723, overlap = 1.375
PHY-3002 : Step(114): len = 101717, overlap = 1.375
PHY-3002 : Step(115): len = 101753, overlap = 1.375
PHY-3001 : Run with size of 2
PHY-3001 : Cell area utilization is 13%
PHY-3001 : Update timing in Manhattan mode ...
TMR-2503 : Start to update net delay, extr mode = 3.
TMR-2504 : Update delay of 3858 nets completely.
TMR-2502 : Annotate delay completely, extr mode = 3.
TMR-3501 : Forward propagation: start to calculate arrival time...
TMR-3502 : Backward propagation: start to calculate required time...
TMR-3503 : Timing propagation completes.
PHY-3001 : End timing update;  0.071711s wall, 0.062500s user + 0.000000s system = 0.062500s CPU (87.2%)

PHY-3001 : :::0::: Try harder cell spreading with beta_ = 0.0175077
PHY-3002 : Step(116): len = 101734, overlap = 66.8125
PHY-3002 : Step(117): len = 101717, overlap = 66.75
PHY-3001 : Final: Len = 101717, Over = 66.75
PHY-3001 : End incremental placement;  0.730926s wall, 0.375000s user + 0.000000s system = 0.375000s CPU (51.3%)

OPT-1001 : Total overflow 197.84 peak overflow 3.88
OPT-1001 : End high-fanout net optimization;  1.058489s wall, 0.515625s user + 0.000000s system = 0.515625s CPU (48.7%)

OPT-1001 : Current memory(MB): used = 260, reserve = 227, peak = 261.
OPT-1001 : Start global optimization ...
OPT-1001 : Start congestion update ...
RUN-1001 : Generating global routing grids ...
PHY-1001 : Generate routing nets ...
PHY-1001 : Reuse net number 2835/3860.
PHY-1001 : Global iterations in 16 thread ...
PHY-1002 : len = 116112, over cnt = 434(1%), over = 1585, worst = 22
PHY-1002 : len = 126048, over cnt = 267(0%), over = 666, worst = 22
PHY-1002 : len = 134280, over cnt = 47(0%), over = 52, worst = 4
PHY-1002 : len = 134856, over cnt = 12(0%), over = 12, worst = 1
PHY-1002 : len = 135080, over cnt = 0(0%), over = 0, worst = 0
PHY-1001 : End global iterations;  0.149047s wall, 0.046875s user + 0.015625s system = 0.062500s CPU (41.9%)

PHY-1001 : Congestion index: top1 = 39.48, top5 = 31.38, top10 = 26.52, top15 = 22.51.
OPT-1001 : End congestion update;  0.193303s wall, 0.046875s user + 0.015625s system = 0.062500s CPU (32.3%)

OPT-1001 : Update timing in Manhattan mode
TMR-2503 : Start to update net delay, extr mode = 3.
TMR-2504 : Update delay of 3858 nets completely.
TMR-2502 : Annotate delay completely, extr mode = 3.
TMR-3501 : Forward propagation: start to calculate arrival time...
TMR-3502 : Backward propagation: start to calculate required time...
TMR-3503 : Timing propagation completes.
OPT-1001 : End timing update;  0.071818s wall, 0.062500s user + 0.000000s system = 0.062500s CPU (87.0%)

OPT-0007 : Start: WNS 1579 TNS 0 NUM_FEPS 0
OPT-0007 : Iter 1: improved WNS 1579 TNS 0 NUM_FEPS 0 with 10 cells processed and 300 slack improved
OPT-0007 : Iter 2: improved WNS 1579 TNS 0 NUM_FEPS 0 with 0 cells processed and 0 slack improved
OPT-1001 : End global optimization;  0.269993s wall, 0.109375s user + 0.015625s system = 0.125000s CPU (46.3%)

OPT-1001 : Current memory(MB): used = 260, reserve = 227, peak = 261.
OPT-1001 : End physical optimization;  1.876666s wall, 0.906250s user + 0.015625s system = 0.921875s CPU (49.1%)

PHY-3001 : Start packing ...
SYN-4007 : Packing 0 MUX to BLE ...
SYN-4008 : Packed 0 MUX and 0 SEQ to BLE.
SYN-4007 : Packing 1350 LUT to BLE ...
SYN-4008 : Packed 1350 LUT and 546 SEQ to BLE.
SYN-4003 : Packing 1006 remaining SEQ's ...
SYN-4005 : Packed 502 SEQ with LUT/SLICE
SYN-4006 : 354 single LUT's are left
SYN-4006 : 504 single SEQ's are left
SYN-4011 : Packing model "top" (AL_USER_NORMAL) with 1854/2559 primitive instances ...
PHY-3001 : End packing;  0.092924s wall, 0.062500s user + 0.000000s system = 0.062500s CPU (67.3%)

PHY-1001 : Populate physical database on model top.
RUN-1001 : There are total 1517 instances
RUN-1001 : 697 mslices, 698 lslices, 102 pads, 12 brams, 0 dsps
RUN-1001 : There are total 3360 nets
RUN-1001 : 1820 nets have 2 pins
RUN-1001 : 1253 nets have [3 - 5] pins
RUN-1001 : 176 nets have [6 - 10] pins
RUN-1001 : 58 nets have [11 - 20] pins
RUN-1001 : 42 nets have [21 - 99] pins
RUN-1001 : 11 nets have 100+ pins
PHY-3001 : design contains 1515 instances, 1395 slices, 58 macros(387 instances: 271 mslices 116 lslices)
PHY-3001 : Cell area utilization is 18%
PHY-3001 : After packing: Len = 103406, Over = 92.75
PHY-3001 : Run with size of 2
PHY-3001 : Cell area utilization is 18%
PHY-3001 : Update timing in Manhattan mode ...
RUN-1002 : start command "start_timer -report"
TMR-2505 : Start building timing graph for model top.
TMR-2506 : Build timing graph completely. Port num: 22, tpin num: 13452, tnet num: 3358, tinst num: 1515, tnode num: 17430, tedge num: 22430.
TMR-2508 : Levelizing timing graph completed, there are 43 levels in total.
TMR-2501 : Timing graph initialized successfully.
TMR-2503 : Start to update net delay, extr mode = 3.
TMR-2504 : Update delay of 3358 nets completely.
TMR-2502 : Annotate delay completely, extr mode = 3.
TMR-3001 : Initiate 5 clocks from SDC.
TMR-3004 : Map sdc constraints, there are 8 constraints in total.
TMR-3003 : Constraints initiated successfully.
TMR-3501 : Forward propagation: start to calculate arrival time...
TMR-3502 : Backward propagation: start to calculate required time...
TMR-3503 : Timing propagation completes.
PHY-3001 : End timing update;  0.552285s wall, 0.343750s user + 0.015625s system = 0.359375s CPU (65.1%)

PHY-3001 : :::0::: Try harder cell spreading with beta_ = 5.38973e-05
PHY-3002 : Step(118): len = 102479, overlap = 91.5
PHY-3002 : Step(119): len = 103657, overlap = 94.5
PHY-3002 : Step(120): len = 101125, overlap = 93.25
PHY-3002 : Step(121): len = 100041, overlap = 94.25
PHY-3002 : Step(122): len = 99558.6, overlap = 94
PHY-3002 : Step(123): len = 99373.4, overlap = 93.5
PHY-3002 : Step(124): len = 99223.9, overlap = 96
PHY-3001 : :::1::: Try harder cell spreading with beta_ = 0.000107795
PHY-3002 : Step(125): len = 100475, overlap = 92.5
PHY-3002 : Step(126): len = 101910, overlap = 88.5
PHY-3002 : Step(127): len = 102218, overlap = 87.75
PHY-3001 : :::2::: Try harder cell spreading with beta_ = 0.000215589
PHY-3002 : Step(128): len = 103694, overlap = 85.5
PHY-3002 : Step(129): len = 104827, overlap = 83.25
PHY-3002 : Step(130): len = 105076, overlap = 81
PHY-3001 : Legalization ...
PHY-3001 : End legalization;  0.163912s wall, 0.000000s user + 0.000000s system = 0.000000s CPU (n/a%)

PHY-3001 : Trial Legalized: Len = 130609
PHY-3001 : Run with size of 2
PHY-3001 : Cell area utilization is 17%
PHY-3001 : Update timing in Manhattan mode ...
TMR-2503 : Start to update net delay, extr mode = 3.
TMR-2504 : Update delay of 3358 nets completely.
TMR-2502 : Annotate delay completely, extr mode = 3.
TMR-3501 : Forward propagation: start to calculate arrival time...
TMR-3502 : Backward propagation: start to calculate required time...
TMR-3503 : Timing propagation completes.
PHY-3001 : End timing update;  0.069104s wall, 0.000000s user + 0.000000s system = 0.000000s CPU (n/a%)

PHY-3001 : :::0::: Try harder cell spreading with beta_ = 0.000550071
PHY-3002 : Step(131): len = 123496, overlap = 8.5
PHY-3002 : Step(132): len = 118835, overlap = 16.5
PHY-3002 : Step(133): len = 115486, overlap = 25
PHY-3002 : Step(134): len = 113090, overlap = 29.5
PHY-3002 : Step(135): len = 111513, overlap = 36.75
PHY-3002 : Step(136): len = 110669, overlap = 37.5
PHY-3002 : Step(137): len = 109948, overlap = 41.5
PHY-3001 : :::1::: Try harder cell spreading with beta_ = 0.00110014
PHY-3002 : Step(138): len = 110279, overlap = 40.5
PHY-3002 : Step(139): len = 110581, overlap = 41.5
PHY-3001 : :::2::: Try harder cell spreading with beta_ = 0.00220028
PHY-3002 : Step(140): len = 110697, overlap = 40.75
PHY-3002 : Step(141): len = 110946, overlap = 39.5
PHY-3001 : Legalization ...
PHY-3001 : End legalization;  0.004950s wall, 0.000000s user + 0.000000s system = 0.000000s CPU (n/a%)

PHY-3001 : Legalized: Len = 120846, Over = 0
PHY-3001 : Spreading special nets. 52 overflows in 2952 tiles.
PHY-3001 : End spreading;  0.009553s wall, 0.000000s user + 0.000000s system = 0.000000s CPU (n/a%)

PHY-3001 : 70 instances has been re-located, deltaX = 33, deltaY = 50, maxDist = 3.
PHY-3001 : Final: Len = 122482, Over = 0
OPT-1001 : Start physical optimization ...
RUN-1002 : start command "start_timer -report"
TMR-2505 : Start building timing graph for model top.
TMR-2506 : Build timing graph completely. Port num: 22, tpin num: 13452, tnet num: 3358, tinst num: 1515, tnode num: 17430, tedge num: 22430.
TMR-2508 : Levelizing timing graph completed, there are 43 levels in total.
TMR-2501 : Timing graph initialized successfully.
OPT-1001 : Total overflow 0.00 peak overflow 0.00
OPT-1001 : Start high-fanout net optimization ...
OPT-1001 : Update timing in global mode
PHY-1001 : Start incremental global routing, caller is place ...
RUN-1001 : Generating global routing grids ...
PHY-1001 : Generate routing nets ...
PHY-1001 : Reuse net number 157/3360.
PHY-1001 : Global iterations in 16 thread ...
PHY-1002 : len = 144024, over cnt = 351(0%), over = 565, worst = 5
PHY-1002 : len = 145912, over cnt = 185(0%), over = 269, worst = 4
PHY-1002 : len = 147640, over cnt = 97(0%), over = 137, worst = 4
PHY-1002 : len = 149088, over cnt = 9(0%), over = 17, worst = 3
PHY-1002 : len = 149344, over cnt = 0(0%), over = 0, worst = 0
PHY-1001 : End global iterations;  0.254167s wall, 0.140625s user + 0.000000s system = 0.140625s CPU (55.3%)

PHY-1001 : Congestion index: top1 = 36.55, top5 = 29.78, top10 = 25.72, top15 = 22.48.
PHY-1001 : End incremental global routing;  0.313833s wall, 0.187500s user + 0.000000s system = 0.187500s CPU (59.7%)

TMR-2503 : Start to update net delay, extr mode = 5.
TMR-2504 : Update delay of 3358 nets completely.
TMR-2502 : Annotate delay completely, extr mode = 5.
TMR-3001 : Initiate 5 clocks from SDC.
TMR-3004 : Map sdc constraints, there are 8 constraints in total.
TMR-3003 : Constraints initiated successfully.
TMR-3501 : Forward propagation: start to calculate arrival time...
TMR-3502 : Backward propagation: start to calculate required time...
TMR-3503 : Timing propagation completes.
OPT-1001 : End timing update;  0.087639s wall, 0.078125s user + 0.000000s system = 0.078125s CPU (89.1%)

OPT-1001 : 0 high-fanout net processed.
OPT-1001 : End high-fanout net optimization;  0.448732s wall, 0.281250s user + 0.000000s system = 0.281250s CPU (62.7%)

OPT-1001 : Current memory(MB): used = 254, reserve = 222, peak = 261.
OPT-1001 : Start path based optimization ...
OPT-1001 : Start congestion update ...
RUN-1001 : Generating global routing grids ...
PHY-1001 : Generate routing nets ...
PHY-1001 : Reuse net number 2855/3360.
PHY-1001 : Global iterations in 16 thread ...
PHY-1002 : len = 149344, over cnt = 0(0%), over = 0, worst = 0
PHY-1001 : End global iterations;  0.008827s wall, 0.000000s user + 0.000000s system = 0.000000s CPU (n/a%)

PHY-1001 : Congestion index: top1 = 36.55, top5 = 29.78, top10 = 25.72, top15 = 22.48.
OPT-1001 : End congestion update;  0.058345s wall, 0.015625s user + 0.000000s system = 0.015625s CPU (26.8%)

OPT-1001 : Update timing in Manhattan mode
TMR-2503 : Start to update net delay, extr mode = 3.
TMR-2504 : Update delay of 3358 nets completely.
TMR-2502 : Annotate delay completely, extr mode = 3.
TMR-3501 : Forward propagation: start to calculate arrival time...
TMR-3502 : Backward propagation: start to calculate required time...
TMR-3503 : Timing propagation completes.
OPT-1001 : End timing update;  0.061505s wall, 0.046875s user + 0.000000s system = 0.046875s CPU (76.2%)

OPT-0007 : Start: WNS 1762 TNS 0 NUM_FEPS 0
PHY-3001 : Start incremental legalization ...
PHY-1001 : Populate physical database on model top.
PHY-3001 : Initial placement ...
PHY-3001 : eco special cells: 1 has valid locations, 0 needs to be replaced
PHY-3001 : eco pad cells: 102 has valid locations, 0 needs to be replaced
PHY-3001 : eco cells: 1407 has valid locations, 0 needs to be replaced
PHY-3001 : design contains 1515 instances, 1395 slices, 58 macros(387 instances: 271 mslices 116 lslices)
PHY-3001 : Cell area utilization is 18%
PHY-3001 : Initial: Len = 122579, Over = 0
PHY-3001 : Spreading special nets. 1 overflows in 2952 tiles.
PHY-3001 : End spreading;  0.006434s wall, 0.000000s user + 0.000000s system = 0.000000s CPU (n/a%)

PHY-3001 : 1 instances has been re-located, deltaX = 0, deltaY = 1, maxDist = 1.
PHY-3001 : Final: Len = 122551, Over = 0
PHY-3001 : End incremental legalization;  0.055175s wall, 0.015625s user + 0.000000s system = 0.015625s CPU (28.3%)

OPT-0007 : Iter 1: improved WNS 1762 TNS 0 NUM_FEPS 0 with 2 cells processed and 671 slack improved
OPT-0007 : Iter 2: improved WNS 1762 TNS 0 NUM_FEPS 0 with 0 cells processed and 0 slack improved
OPT-1001 : End path based optimization;  0.189992s wall, 0.078125s user + 0.000000s system = 0.078125s CPU (41.1%)

OPT-1001 : Current memory(MB): used = 260, reserve = 229, peak = 261.
OPT-1001 : Update timing in Manhattan mode
TMR-2503 : Start to update net delay, extr mode = 3.
TMR-2504 : Update delay of 3358 nets completely.
TMR-2502 : Annotate delay completely, extr mode = 3.
TMR-3501 : Forward propagation: start to calculate arrival time...
TMR-3502 : Backward propagation: start to calculate required time...
TMR-3503 : Timing propagation completes.
OPT-1001 : End timing update;  0.063507s wall, 0.062500s user + 0.000000s system = 0.062500s CPU (98.4%)

OPT-1001 : Start pin optimization...
OPT-1001 : skip pin optimization...
RUN-1001 : Generating global routing grids ...
PHY-1001 : Generate routing nets ...
PHY-1001 : Reuse net number 2854/3360.
PHY-1001 : Global iterations in 16 thread ...
PHY-1002 : len = 149400, over cnt = 0(0%), over = 0, worst = 0
PHY-1001 : End global iterations;  0.012356s wall, 0.000000s user + 0.000000s system = 0.000000s CPU (n/a%)

PHY-1001 : Congestion index: top1 = 36.55, top5 = 29.78, top10 = 25.72, top15 = 22.49.
OPT-1001 : Update timing in Manhattan mode
TMR-2503 : Start to update net delay, extr mode = 3.
TMR-2504 : Update delay of 3358 nets completely.
TMR-2502 : Annotate delay completely, extr mode = 3.
TMR-3501 : Forward propagation: start to calculate arrival time...
TMR-3502 : Backward propagation: start to calculate required time...
TMR-3503 : Timing propagation completes.
OPT-1001 : End timing update;  0.080864s wall, 0.031250s user + 0.000000s system = 0.031250s CPU (38.6%)

RUN-1001 : QoR Analysis:
OPT-0007 :   WNS 1762 TNS 0 NUM_FEPS 0
RUN-1001 :   No local congestion issue, and most congested 1% tile average routing util is 36.206897
RUN-1001 :   Top critical paths
RUN-1001 :       #1 path slack 1762ps with logic level 6 
RUN-1001 :       #2 path slack 1818ps with logic level 6 
RUN-1001 :       #3 path slack 1855ps with logic level 2 
OPT-1001 : End physical optimization;  1.366829s wall, 0.765625s user + 0.000000s system = 0.765625s CPU (56.0%)

RUN-1003 : finish command "place" in  7.807615s wall, 3.250000s user + 0.234375s system = 3.484375s CPU (44.6%)

RUN-1004 : used memory is 246 MB, reserved memory is 212 MB, peak memory is 261 MB
RUN-1002 : start command "export_db pic_sdram_place.db"
RUN-1001 : Exported /
RUN-1001 : Exported flow parameters
RUN-1001 : Exported libs
RUN-1001 : Exported entities
RUN-1001 : Exported ports
RUN-1001 : Exported pins
RUN-1001 : Exported instances
RUN-1001 : Exported nets
RUN-1001 : Exported buses
RUN-1001 : Exported models
RUN-1001 : Exported congestions
RUN-1001 : Exported violations
RUN-1001 : Exported timing constraints
RUN-1001 : Exported IO constraints
RUN-1001 : Exported Inst constraints
RUN-1001 : Exported ChipWatcher
RUN-1002 : start command "route"
RUN-1001 : Open license file D:/Program/Anlogic/TD5.6.2/license/Anlogic.lic
RUN-1001 : Print Global Property
RUN-1001 : ---------------------------------------------------------------
RUN-1001 :        Parameters        |  Settings  |  Default Values  |  Note  
RUN-1001 : ---------------------------------------------------------------
RUN-1001 :          message         |  standard  |     standard     |        
RUN-1001 :   mixed_pack_place_flow  |     on     |        on        |        
RUN-1001 :        qor_monitor       |    off     |       off        |        
RUN-1001 :        syn_ip_flow       |    off     |       off        |        
RUN-1001 :          thread          |    auto    |       auto       |        
RUN-1001 : ---------------------------------------------------------------
RUN-1001 : Print Route Property
RUN-1001 : -------------------------------------------------------
RUN-1001 :    Parameters    |  Settings  |  Default Values  |  Note  
RUN-1001 : -------------------------------------------------------
RUN-1001 :      effort      |   medium   |      medium      |        
RUN-1001 :     fix_hold     |    off     |       off        |        
RUN-1001 :    opt_timing    |   medium   |      medium      |        
RUN-1001 :   phy_sim_model  |    off     |       off        |        
RUN-1001 :     priority     |   timing   |      timing      |        
RUN-1001 :     swap_pin     |     on     |        on        |        
RUN-1001 : -------------------------------------------------------
PHY-1001 : Route runs in 16 thread(s)
RUN-1001 : There are total 1517 instances
RUN-1001 : 697 mslices, 698 lslices, 102 pads, 12 brams, 0 dsps
RUN-1001 : There are total 3360 nets
RUN-1001 : 1820 nets have 2 pins
RUN-1001 : 1253 nets have [3 - 5] pins
RUN-1001 : 176 nets have [6 - 10] pins
RUN-1001 : 58 nets have [11 - 20] pins
RUN-1001 : 42 nets have [21 - 99] pins
RUN-1001 : 11 nets have 100+ pins
RUN-1002 : start command "start_timer -report"
TMR-2505 : Start building timing graph for model top.
TMR-2506 : Build timing graph completely. Port num: 22, tpin num: 13452, tnet num: 3358, tinst num: 1515, tnode num: 17430, tedge num: 22430.
TMR-2508 : Levelizing timing graph completed, there are 43 levels in total.
TMR-2501 : Timing graph initialized successfully.
PHY-1001 : 697 mslices, 698 lslices, 102 pads, 12 brams, 0 dsps
TMR-2503 : Start to update net delay, extr mode = 3.
TMR-2504 : Update delay of 3358 nets completely.
TMR-2502 : Annotate delay completely, extr mode = 3.
TMR-3001 : Initiate 5 clocks from SDC.
TMR-3004 : Map sdc constraints, there are 8 constraints in total.
TMR-3003 : Constraints initiated successfully.
TMR-3501 : Forward propagation: start to calculate arrival time...
TMR-3502 : Backward propagation: start to calculate required time...
TMR-3503 : Timing propagation completes.
PHY-1001 : Start global routing, caller is route ...
RUN-1001 : Generating global routing grids ...
PHY-1001 : Generate routing nets ...
PHY-1001 : Global iterations in 16 thread ...
PHY-1002 : len = 142440, over cnt = 343(0%), over = 584, worst = 6
PHY-1002 : len = 144568, over cnt = 225(0%), over = 319, worst = 4
PHY-1002 : len = 147096, over cnt = 96(0%), over = 130, worst = 3
PHY-1002 : len = 148576, over cnt = 0(0%), over = 0, worst = 0
PHY-1001 : End global iterations;  0.218423s wall, 0.031250s user + 0.000000s system = 0.031250s CPU (14.3%)

PHY-1001 : Congestion index: top1 = 36.23, top5 = 29.91, top10 = 25.58, top15 = 22.37.
PHY-1001 : End global routing;  0.276735s wall, 0.093750s user + 0.000000s system = 0.093750s CPU (33.9%)

PHY-1001 : Start detail routing ...
PHY-1001 : Current memory(MB): used = 274, reserve = 241, peak = 295.
PHY-1001 : Detailed router is running in normal mode.
PHY-1001 : Generate detailed routing grids ...
PHY-1001 : Generate nets ...
PHY-1001 : net clk_dup_1 will be routed on clock mesh
PHY-1001 : net U3/u2_ram/SDRAM_CLK will be routed on clock mesh
PHY-1001 : net U3/u2_ram/u2_wrrd/Sdr_clk will be routed on clock mesh
PHY-1001 : clock net frame_read_write_m0/read_buf/clkr will be merged with clock video_pll_m0/clk0_buf
PHY-1001 : clock net frame_read_write_m0/write_buf/clkw will be merged with clock sys_pll_m0/clk0_buf
PHY-1001 : clock net config_inst_syn_10 will be merged with clock config_inst_syn_9
PHY-1001 : Current memory(MB): used = 543, reserve = 515, peak = 543.
PHY-1001 : End build detailed router design. 2.507121s wall, 1.421875s user + 0.031250s system = 1.453125s CPU (58.0%)

PHY-1001 : Detail Route ...
PHY-1001 : ===== Detail Route Phase 1 =====
PHY-1001 : Clock net routing.....
PHY-1001 : Routed 0% nets.
PHY-1022 : len = 60648, over cnt = 0(0%), over = 0, worst = 0, crit = 0
PHY-1001 : End initial clock net routed; 1.138269s wall, 0.500000s user + 0.000000s system = 0.500000s CPU (43.9%)

PHY-1001 : Current memory(MB): used = 576, reserve = 549, peak = 576.
PHY-1001 : End phase 1; 1.143952s wall, 0.500000s user + 0.000000s system = 0.500000s CPU (43.7%)

PHY-1001 : ===== Detail Route Phase 2 =====
PHY-1001 : Initial routing.....
PHY-1001 : Routed 34% nets.
PHY-1001 : Routed 42% nets.
PHY-1001 : Routed 51% nets.
PHY-1001 : Routed 67% nets.
PHY-1001 : Routed 88% nets.
PHY-1022 : len = 463400, over cnt = 123(0%), over = 123, worst = 1, crit = 0
PHY-1001 : Current memory(MB): used = 577, reserve = 550, peak = 577.
PHY-1001 : End initial routed; 4.441347s wall, 2.203125s user + 0.000000s system = 2.203125s CPU (49.6%)

PHY-1001 : Update timing.....
PHY-1001 : 16/2982(0%) critical/total net(s).
RUN-1001 : --------------------------------------
RUN-1001 :   Type   |  WNS(ns)  |  TNS(ns)  |  FEP  
RUN-1001 : --------------------------------------
RUN-1001 :   Setup  |  -0.828   |  -0.828   |   1   
RUN-1001 :   Hold   |   0.076   |   0.000   |   0   
RUN-1001 : --------------------------------------
PHY-1001 : End update timing; 0.615904s wall, 0.359375s user + 0.000000s system = 0.359375s CPU (58.3%)

PHY-1001 : Current memory(MB): used = 580, reserve = 553, peak = 580.
PHY-1001 : End phase 2; 5.057303s wall, 2.562500s user + 0.000000s system = 2.562500s CPU (50.7%)

PHY-1001 : ===== Detail Route Phase 3 =====
PHY-1001 : Optimize timing.....
PHY-1001 : ===== OPT Iter 1 =====
PHY-1001 : Processed 15 pins with SWNS -0.427ns STNS -0.427ns FEP 1.
PHY-1001 : End OPT Iter 1; 0.036231s wall, 0.046875s user + 0.000000s system = 0.046875s CPU (129.4%)

PHY-1022 : len = 463512, over cnt = 137(0%), over = 137, worst = 1, crit = 0
PHY-1001 : End optimize timing; 0.057182s wall, 0.046875s user + 0.000000s system = 0.046875s CPU (82.0%)

PHY-1001 : Ripup-reroute.....
PHY-1001 : ===== DR Iter 1 =====
PHY-1022 : len = 459280, over cnt = 24(0%), over = 24, worst = 1, crit = 0
PHY-1001 : End DR Iter 1; 0.183558s wall, 0.109375s user + 0.000000s system = 0.109375s CPU (59.6%)

PHY-1001 : ===== DR Iter 2 =====
PHY-1022 : len = 458464, over cnt = 4(0%), over = 4, worst = 1, crit = 0
PHY-1001 : End DR Iter 2; 0.081880s wall, 0.000000s user + 0.000000s system = 0.000000s CPU (n/a%)

PHY-1001 : ===== DR Iter 3 =====
PHY-1022 : len = 458248, over cnt = 0(0%), over = 0, worst = 0, crit = 0
PHY-1001 : End DR Iter 3; 0.041031s wall, 0.000000s user + 0.000000s system = 0.000000s CPU (n/a%)

PHY-1001 : Update timing.....
PHY-1001 : 12/2982(0%) critical/total net(s).
RUN-1001 : --------------------------------------
RUN-1001 :   Type   |  WNS(ns)  |  TNS(ns)  |  FEP  
RUN-1001 : --------------------------------------
RUN-1001 :   Setup  |  -0.427   |  -0.427   |   1   
RUN-1001 :   Hold   |   0.076   |   0.000   |   0   
RUN-1001 : --------------------------------------
PHY-1001 : End update timing; 0.626398s wall, 0.421875s user + 0.000000s system = 0.421875s CPU (67.3%)

PHY-1001 : Commit to database.....
PHY-1001 : 35 feed throughs used by 22 nets
PHY-1001 : End commit to database; 0.278668s wall, 0.156250s user + 0.000000s system = 0.156250s CPU (56.1%)

PHY-1001 : Current memory(MB): used = 600, reserve = 573, peak = 600.
PHY-1001 : End phase 3; 1.393668s wall, 0.781250s user + 0.000000s system = 0.781250s CPU (56.1%)

PHY-1001 : ===== Detail Route Phase 4 =====
PHY-1001 : Optimize timing.....
PHY-1001 : ===== OPT Iter 1 =====
PHY-1001 : Processed 7 pins with SWNS -0.140ns STNS -0.140ns FEP 1.
PHY-1001 : End OPT Iter 1; 0.027378s wall, 0.015625s user + 0.000000s system = 0.015625s CPU (57.1%)

PHY-1022 : len = 458216, over cnt = 1(0%), over = 1, worst = 1, crit = 0
PHY-1001 : End optimize timing; 0.047491s wall, 0.046875s user + 0.000000s system = 0.046875s CPU (98.7%)

PHY-0007 : Phase: 4; Congestion: {, , , }; Timing: {-0.140ns, -0.140ns, 1}
PHY-1001 : Ripup-reroute.....
PHY-1001 : ===== DR Iter 1 =====
PHY-1022 : len = 458216, over cnt = 0(0%), over = 0, worst = 0, crit = 0
PHY-1001 : End DR Iter 1; 0.022490s wall, 0.015625s user + 0.000000s system = 0.015625s CPU (69.5%)

PHY-1001 : Update timing.....
PHY-1001 : 7/2982(0%) critical/total net(s).
RUN-1001 : --------------------------------------
RUN-1001 :   Type   |  WNS(ns)  |  TNS(ns)  |  FEP  
RUN-1001 : --------------------------------------
RUN-1001 :   Setup  |  -0.140   |  -0.140   |   1   
RUN-1001 :   Hold   |   0.076   |   0.000   |   0   
RUN-1001 : --------------------------------------
PHY-1001 : End update timing; 0.617288s wall, 0.406250s user + 0.000000s system = 0.406250s CPU (65.8%)

PHY-1001 : Commit to database.....
PHY-1001 : 36 feed throughs used by 23 nets
PHY-1001 : End commit to database; 0.288295s wall, 0.140625s user + 0.000000s system = 0.140625s CPU (48.8%)

PHY-1001 : Current memory(MB): used = 602, reserve = 576, peak = 602.
PHY-1001 : End phase 4; 0.992049s wall, 0.609375s user + 0.000000s system = 0.609375s CPU (61.4%)

PHY-1003 : Routed, final wirelength = 458216
PHY-1001 : Current memory(MB): used = 603, reserve = 576, peak = 603.
PHY-1001 : End export database. 0.010389s wall, 0.000000s user + 0.000000s system = 0.000000s CPU (n/a%)

PHY-1001 : End detail routing;  11.258811s wall, 5.968750s user + 0.031250s system = 6.000000s CPU (53.3%)

RUN-1003 : finish command "route" in  12.215802s wall, 6.531250s user + 0.031250s system = 6.562500s CPU (53.7%)

RUN-1004 : used memory is 575 MB, reserved memory is 549 MB, peak memory is 603 MB
RUN-1002 : start command "report_area -io_info -file pic_sdram_phy.area"
RUN-1001 : standard
***Report Model: top Device: EG4S20BG256***

IO Statistics
#IO                        47
  #input                    6
  #output                  37
  #inout                    4

Utilization Statistics
#lut                     2150   out of  19600   10.97%
#reg                     1582   out of  19600    8.07%
#le                      2654
  #lut only              1072   out of   2654   40.39%
  #reg only               504   out of   2654   18.99%
  #lut&reg               1078   out of   2654   40.62%
#dsp                        0   out of     29    0.00%
#bram                      12   out of     64   18.75%
  #bram9k                  12
  #fifo9k                   0
#bram32k                    0   out of     16    0.00%
#pad                       47   out of    188   25.00%
  #ireg                     1
  #oreg                    34
  #treg                     0
#pll                        2   out of      4   50.00%
#gclk                       3   out of     16   18.75%

Clock Resource Statistics
Index     ClockNet                     Type               DriverType         Driver                         Fanout
#1        config_inst_syn_9            GCLK               config             config_inst.jtck               287
#2        U3/u2_ram/u2_wrrd/Sdr_clk    GCLK               pll                sys_pll_m0/pll_inst.clkc1      273
#3        sys_pll_m0/clk0_buf          GCLK               pll                sys_pll_m0/pll_inst.clkc0      254
#4        U3/u2_ram/SDRAM_CLK          GCLK               pll                sys_pll_m0/pll_inst.clkc3      113
#5        video_pll_m0/clk0_buf        GCLK               pll                video_pll_m0/pll_inst.clkc0    77
#6        clk_dup_1                    GCLK               io                 clk_syn_2.di                   26


Detailed IO Report

       Name         Direction    Location    IOStandard    DriveStrength    PullType    PackReg  
       clk            INPUT         R7        LVCMOS33          N/A           NONE       NONE    
       key1           INPUT         B2        LVCMOS33          N/A           NONE       IREG    
       key2           INPUT         B1        LVCMOS33          N/A           NONE       NONE    
      rst_n           INPUT         A2        LVCMOS33          N/A           NONE       NONE    
     sd_miso          INPUT        B14        LVCMOS33          N/A           NONE       NONE    
     switch1          INPUT         C8        LVCMOS33          N/A           NONE       NONE    
    flash_cs_n       OUTPUT         P8        LVCMOS33           8            NONE       NONE    
    flash_sck        OUTPUT         M9        LVCMOS33           8            NONE       NONE    
     sd_dclk         OUTPUT        A14        LVCMOS33           8            NONE       OREG    
     sd_mosi         OUTPUT        A13        LVCMOS33           8            NONE       OREG    
      sd_ncs         OUTPUT        A12        LVCMOS33           8            NONE       OREG    
   seg_data[7]       OUTPUT         A6        LVCMOS33           8            NONE       NONE    
   seg_data[6]       OUTPUT         A7        LVCMOS33           8            NONE       OREG    
   seg_data[5]       OUTPUT         A8        LVCMOS33           8            NONE       OREG    
   seg_data[4]       OUTPUT         B5        LVCMOS33           8            NONE       OREG    
   seg_data[3]       OUTPUT         A5        LVCMOS33           8            NONE       OREG    
   seg_data[2]       OUTPUT         B6        LVCMOS33           8            NONE       OREG    
   seg_data[1]       OUTPUT        C16        LVCMOS33           8            NONE       OREG    
   seg_data[0]       OUTPUT        C15        LVCMOS33           8            NONE       OREG    
    seg_sel[5]       OUTPUT        D11        LVCMOS33           8            NONE       OREG    
    seg_sel[4]       OUTPUT        E11        LVCMOS33           8            NONE       OREG    
    seg_sel[3]       OUTPUT        F10        LVCMOS33           8            NONE       OREG    
    seg_sel[2]       OUTPUT        C13        LVCMOS33           8            NONE       OREG    
    seg_sel[1]       OUTPUT        E10        LVCMOS33           8            NONE       OREG    
    seg_sel[0]       OUTPUT        E12        LVCMOS33           8            NONE       OREG    
   vga_out_b[4]      OUTPUT         D5        LVCMOS33           8            NONE       OREG    
   vga_out_b[3]      OUTPUT         D6        LVCMOS33           8            NONE       OREG    
   vga_out_b[2]      OUTPUT         E6        LVCMOS33           8            NONE       OREG    
   vga_out_b[1]      OUTPUT         F6        LVCMOS33           8            NONE       OREG    
   vga_out_b[0]      OUTPUT        H16        LVCMOS25           8            N/A        OREG    
   vga_out_g[5]      OUTPUT         N6        LVCMOS33           8            NONE       OREG    
   vga_out_g[4]      OUTPUT         N5        LVCMOS33           8            NONE       OREG    
   vga_out_g[3]      OUTPUT         P5        LVCMOS33           8            NONE       OREG    
   vga_out_g[2]      OUTPUT         T5        LVCMOS33           8            NONE       OREG    
   vga_out_g[1]      OUTPUT        G14        LVCMOS25           8            N/A        OREG    
   vga_out_g[0]      OUTPUT         F4        LVCMOS33           8            N/A        OREG    
    vga_out_hs       OUTPUT         E7        LVCMOS33           8            NONE       OREG    
   vga_out_r[4]      OUTPUT        E13        LVCMOS33           8            NONE       OREG    
   vga_out_r[3]      OUTPUT         L8        LVCMOS33           8            NONE       OREG    
   vga_out_r[2]      OUTPUT         L7        LVCMOS33           8            NONE       OREG    
   vga_out_r[1]      OUTPUT         R5        LVCMOS33           8            NONE       OREG    
   vga_out_r[0]      OUTPUT        M11        LVCMOS25           8            N/A        OREG    
    vga_out_vs       OUTPUT         F7        LVCMOS33           8            NONE       OREG    
  flash_qspi_IO0      INOUT         P7        LVCMOS33           8            NONE       NONE    
  flash_qspi_IO1      INOUT         N8        LVCMOS33           8            NONE       NONE    
  flash_qspi_IO2      INOUT         P9        LVCMOS33           8            NONE       NONE    
  flash_qspi_IO3      INOUT         R9        LVCMOS33           8            NONE       NONE    
       dm0           OUTPUT        S14        LVCMOS25           8            NONE       OREG    
       cke           OUTPUT        S18        LVCMOS25           8            NONE       NONE    
       we_n          OUTPUT        S19        LVCMOS25           8            NONE       OREG    
      cas_n          OUTPUT        S20        LVCMOS25           8            NONE       OREG    
      ras_n          OUTPUT        S21        LVCMOS25           8            NONE       OREG    
       cs_n          OUTPUT        S22        LVCMOS25           8            NONE       NONE    
     addr[9]         OUTPUT        S23        LVCMOS25           8            NONE       OREG    
     addr[8]         OUTPUT        S24        LVCMOS25           8            NONE       OREG    
     addr[7]         OUTPUT        S25        LVCMOS25           8            NONE       OREG    
     addr[6]         OUTPUT        S26        LVCMOS25           8            NONE       OREG    
     addr[5]         OUTPUT        S27        LVCMOS25           8            NONE       OREG    
     addr[4]         OUTPUT        S28        LVCMOS25           8            NONE       OREG    
       dm2           OUTPUT        S29        LVCMOS25           8            NONE       OREG    
       dm3           OUTPUT        S61        LVCMOS25           8            NONE       OREG    
     addr[3]         OUTPUT        S64        LVCMOS25           8            NONE       OREG    
     addr[2]         OUTPUT        S65        LVCMOS25           8            NONE       OREG    
     addr[1]         OUTPUT        S66        LVCMOS25           8            NONE       OREG    
     addr[0]         OUTPUT        S67        LVCMOS25           8            NONE       OREG    
     addr[10]        OUTPUT        S68        LVCMOS25           8            NONE       OREG    
      ba[0]          OUTPUT        S69        LVCMOS25           8            NONE       OREG    
      ba[1]          OUTPUT        S70        LVCMOS25           8            NONE       OREG    
       clk           OUTPUT        S73        LVCMOS25           8            NONE       NONE    
       dm1           OUTPUT        S76        LVCMOS25           8            NONE       OREG    
      dq[0]           INOUT         S1        LVCMOS25           8           PULLUP      IREG    
      dq[6]           INOUT        S11        LVCMOS25           8           PULLUP      IREG    
      dq[7]           INOUT        S12        LVCMOS25           8           PULLUP      IREG    
      dq[1]           INOUT         S2        LVCMOS25           8           PULLUP      IREG    
      dq[23]          INOUT        S31        LVCMOS25           8           PULLUP      IREG    
      dq[22]          INOUT        S32        LVCMOS25           8           PULLUP      IREG    
      dq[21]          INOUT        S35        LVCMOS25           8           PULLUP      IREG    
      dq[20]          INOUT        S36        LVCMOS25           8           PULLUP      IREG    
      dq[19]          INOUT        S37        LVCMOS25           8           PULLUP      IREG    
      dq[18]          INOUT        S38        LVCMOS25           8           PULLUP      IREG    
      dq[17]          INOUT        S41        LVCMOS25           8           PULLUP      IREG    
      dq[16]          INOUT        S42        LVCMOS25           8           PULLUP      IREG    
      dq[31]          INOUT        S48        LVCMOS25           8           PULLUP      IREG    
      dq[30]          INOUT        S49        LVCMOS25           8           PULLUP      IREG    
      dq[2]           INOUT         S5        LVCMOS25           8           PULLUP      IREG    
      dq[29]          INOUT        S52        LVCMOS25           8           PULLUP      IREG    
      dq[28]          INOUT        S53        LVCMOS25           8           PULLUP      IREG    
      dq[27]          INOUT        S54        LVCMOS25           8           PULLUP      IREG    
      dq[26]          INOUT        S55        LVCMOS25           8           PULLUP      IREG    
      dq[25]          INOUT        S58        LVCMOS25           8           PULLUP      IREG    
      dq[24]          INOUT        S59        LVCMOS25           8           PULLUP      IREG    
      dq[3]           INOUT         S6        LVCMOS25           8           PULLUP      IREG    
      dq[4]           INOUT         S7        LVCMOS25           8           PULLUP      IREG    
      dq[8]           INOUT        S78        LVCMOS25           8           PULLUP      IREG    
      dq[9]           INOUT        S79        LVCMOS25           8           PULLUP      IREG    
      dq[5]           INOUT         S8        LVCMOS25           8           PULLUP      IREG    
      dq[10]          INOUT        S82        LVCMOS25           8           PULLUP      IREG    
      dq[11]          INOUT        S83        LVCMOS25           8           PULLUP      IREG    
      dq[12]          INOUT        S84        LVCMOS25           8           PULLUP      IREG    
      dq[13]          INOUT        S85        LVCMOS25           8           PULLUP      IREG    
      dq[14]          INOUT        S88        LVCMOS25           8           PULLUP      IREG    
      dq[15]          INOUT        S89        LVCMOS25           8           PULLUP      IREG    

Report Hierarchy Area:
+------------------------------------------------------------------------------------------------------------------------------------------+
|Instance                             |Module                                         |le     |lut     |ripple  |seq     |bram    |dsp     |
+------------------------------------------------------------------------------------------------------------------------------------------+
|top                                  |top                                            |2654   |1763    |387     |1617    |12      |0       |
|  U3                                 |sdram                                          |183    |60      |5       |169     |0       |0       |
|    u2_ram                           |sdr_as_ram                                     |183    |60      |5       |169     |0       |0       |
|      u1_init_ref                    |sdr_init_ref                                   |88     |13      |5       |79      |0       |0       |
|      u2_wrrd                        |sdr_wrrd                                       |95     |47      |0       |90      |0       |0       |
|  frame_read_write_m0                |frame_read_write                               |433    |279     |92      |270     |1       |0       |
|    frame_fifo_read_m0               |frame_fifo_read                                |123    |97      |24      |62      |0       |0       |
|    frame_fifo_write_m0              |frame_fifo_write                               |78     |58      |18      |40      |0       |0       |
|    read_buf                         |afifo_16_256                                   |117    |66      |25      |85      |1       |0       |
|      ram_inst                       |ram_infer_afifo_16_256                         |0      |0       |0       |0       |1       |0       |
|      rd_to_wr_cross_inst            |fifo_cross_domain_addr_process_al_afifo_16_256 |33     |21      |0       |33      |0       |0       |
|      wr_to_rd_cross_inst            |fifo_cross_domain_addr_process_al_afifo_16_256 |26     |17      |0       |26      |0       |0       |
|    write_buf                        |afifo_16_256                                   |115    |58      |25      |83      |0       |0       |
|      rd_to_wr_cross_inst            |fifo_cross_domain_addr_process_al_afifo_16_256 |36     |18      |0       |36      |0       |0       |
|      wr_to_rd_cross_inst            |fifo_cross_domain_addr_process_al_afifo_16_256 |26     |13      |0       |26      |0       |0       |
|  sd_card_bmp_m0                     |sd_card_bmp                                    |884    |724     |97      |380     |0       |0       |
|    ax_debounce_m0                   |ax_debounce                                    |64     |54      |9       |36      |0       |0       |
|    bmp_read_m0                      |bmp_read                                       |272    |174     |58      |150     |0       |0       |
|    sd_card_top_m0                   |sd_card_top                                    |548    |496     |30      |194     |0       |0       |
|      sd_card_cmd_m0                 |sd_card_cmd                                    |310    |283     |25      |75      |0       |0       |
|      sd_card_sec_read_write_m0      |sd_card_sec_read_write                         |173    |153     |0       |80      |0       |0       |
|      spi_master_m0                  |spi_master                                     |65     |60      |5       |39      |0       |0       |
|  seg_scan_m0                        |seg_scan                                       |76     |54      |22      |24      |0       |0       |
|  sys_pll_m0                         |sys_pll                                        |0      |0       |0       |0       |0       |0       |
|  video_pll_m0                       |video_pll                                      |0      |0       |0       |0       |0       |0       |
|  video_timing_data_m0               |video_timing_data                              |46     |36      |8       |30      |0       |0       |
|    color_bar_m0                     |color_bar                                      |43     |34      |8       |27      |0       |0       |
|  cw_top                             |CW_TOP_WRAPPER                                 |1016   |594     |163     |694     |0       |0       |
|    wrapper_cwc_top                  |cwc_top                                        |1016   |594     |163     |694     |0       |0       |
|      cfg_int_inst                   |cwc_cfg_int                                    |498    |241     |0       |498     |0       |0       |
|        reg_inst                     |register                                       |495    |238     |0       |495     |0       |0       |
|        tap_inst                     |tap                                            |3      |3       |0       |3       |0       |0       |
|      trigger_inst                   |trigger                                        |518    |353     |163     |196     |0       |0       |
|        bus_inst                     |bus_top                                        |311    |205     |106     |110     |0       |0       |
|          BUS_DETECTOR[10]$bus_nodes |bus_det                                        |103    |69      |34      |39      |0       |0       |
|          BUS_DETECTOR[1]$bus_nodes  |bus_det                                        |1      |1       |0       |1       |0       |0       |
|          BUS_DETECTOR[2]$bus_nodes  |bus_det                                        |24     |16      |8       |9       |0       |0       |
|          BUS_DETECTOR[3]$bus_nodes  |bus_det                                        |24     |16      |8       |11      |0       |0       |
|          BUS_DETECTOR[4]$bus_nodes  |bus_det                                        |21     |13      |8       |8       |0       |0       |
|          BUS_DETECTOR[5]$bus_nodes  |bus_det                                        |35     |23      |12      |14      |0       |0       |
|          BUS_DETECTOR[7]$bus_nodes  |bus_det                                        |36     |24      |12      |9       |0       |0       |
|          BUS_DETECTOR[8]$bus_nodes  |bus_det                                        |67     |43      |24      |19      |0       |0       |
|        emb_ctrl_inst                |emb_ctrl                                       |116    |87      |29      |53      |0       |0       |
+------------------------------------------------------------------------------------------------------------------------------------------+


DataNet Average Fanout:

   Index     Fanout     Nets  
    #1          1       1773  
    #2          2       757   
    #3          3       342   
    #4          4       154   
    #5        5-10      187   
    #6        11-50      87   
    #7       51-100      1    
    #8       101-500     4    
  Average     2.73            

RUN-1002 : start command "export_db pic_sdram_pr.db"
RUN-1001 : Exported /
RUN-1001 : Exported flow parameters
RUN-1001 : Exported libs
RUN-1001 : Exported entities
RUN-1001 : Exported ports
RUN-1001 : Exported pins
RUN-1001 : Exported instances
RUN-1001 : Exported nets
RUN-1001 : Exported buses
RUN-1001 : Exported models
RUN-1001 : Exported congestions
RUN-1001 : Exported violations
RUN-1001 : Exported timing constraints
RUN-1001 : Exported IO constraints
RUN-1001 : Exported Inst constraints
RUN-1001 : Exported ChipWatcher
RUN-1002 : start command "start_timer"
TMR-2505 : Start building timing graph for model top.
TMR-2506 : Build timing graph completely. Port num: 22, tpin num: 13452, tnet num: 3358, tinst num: 1515, tnode num: 17430, tedge num: 22430.
TMR-2508 : Levelizing timing graph completed, there are 43 levels in total.
TMR-2501 : Timing graph initialized successfully.
RUN-1002 : start command "report_timing -mode FINAL -net_info -rpt_autogen true -file pic_sdram_phy.timing"
TMR-2503 : Start to update net delay, extr mode = 6.
TMR-2504 : Update delay of 3358 nets completely.
TMR-2502 : Annotate delay completely, extr mode = 6.
TMR-3001 : Initiate 5 clocks from SDC.
TMR-3004 : Map sdc constraints, there are 8 constraints in total.
TMR-3003 : Constraints initiated successfully.
TMR-3501 : Forward propagation: start to calculate arrival time...
TMR-3502 : Backward propagation: start to calculate required time...
TMR-3503 : Timing propagation completes.
TMR-3506 : Start to generate timing report.
TMR-1502 : Number of clock constraints = 5. Number of clock nets = 6 (1 unconstrainted).
TMR-5009 WARNING: No clock constraint on 1 clock net(s): 
		config_inst_syn_10
TMR-3508 : Export timing summary.
TMR-3507 : Timing report generated successfully in pic_sdram_phy.timing, timing summary in pic_sdram_phy.tsm.
RUN-1002 : start command "export_bid pic_sdram_inst.bid"
PRG-1000 : <!-- HMAC is: 7a5406d66503ac276cad235cefc16c4f20b4f9bf197e85b0411546cef0b256af -->
RUN-1002 : start command "bitgen -bit pic_sdram.bit"
BIT-1003 : Start to generate bitstream. 
BIT-1002 : Init instances with 16 threads.
BIT-1002 : Init instances completely, inst num: 1515
BIT-1002 : Init pips with 16 threads.
BIT-1002 : Init pips completely, net num: 3360, pip num: 32184
BIT-1002 : Init feedthrough with 16 threads.
BIT-1002 : Init feedthrough completely, num: 36
BIT-1003 : Multithreading accelaration with 16 threads.
BIT-1003 : Generate bitstream completely, there are 2251 valid insts, and 87334 bits set as '1'.
BIT-1004 : the usercode register value: 00000000100101100001011001011100
BIT-1004 : PLL setting string = 0110
BIT-1004 : Generate bits file pic_sdram.bit.
RUN-1003 : finish command "bitgen -bit pic_sdram.bit" in  3.426133s wall, 30.875000s user + 0.015625s system = 30.890625s CPU (901.6%)

RUN-1004 : used memory is 576 MB, reserved memory is 551 MB, peak memory is 759 MB
RUN-1002 : start command "backup_run_log run.log ../.logs/phy_1/td_20231214_154215.log"
