============================================================
   Tang Dynasty, V5.6.71036
      Copyright (c) 2012-2023 Anlogic Inc.
   Executable = D:/Program/Anlogic/TD5.6.2/bin/td.exe
   Built at =   20:34:38 Mar 21 2023
   Run by =     28408
   Run Date =   Tue Dec 12 20:48:14 2023

   Run on =     DESKTOP-T1B5OP5
============================================================
RUN-1002 : start command "open_project pic_sdram.prj"
RUN-1001 : Print Global Property
RUN-1001 : ---------------------------------------------------------------
RUN-1001 :        Parameters        |  Settings  |  Default Values  |  Note  
RUN-1001 : ---------------------------------------------------------------
RUN-1001 :          message         |  standard  |     standard     |        
RUN-1001 :   mixed_pack_place_flow  |     on     |        on        |        
RUN-1001 :        qor_monitor       |    off     |       off        |        
RUN-1001 :        syn_ip_flow       |    off     |       off        |        
RUN-1001 :          thread          |    auto    |       auto       |        
RUN-1001 : ---------------------------------------------------------------
RUN-1001 : Print Design Property
RUN-1001 : --------------------------------------------------------------
RUN-1001 :        Parameters       |  Settings  |  Default Values  |  Note  
RUN-1001 : --------------------------------------------------------------
RUN-1001 :   default_reg_initial   |    auto    |       auto       |        
RUN-1001 :        infer_add        |     on     |        on        |        
RUN-1001 :        infer_fsm        |    off     |       off        |        
RUN-1001 :        infer_mult       |     on     |        on        |        
RUN-1001 :        infer_ram        |     on     |        on        |        
RUN-1001 :        infer_reg        |     on     |        on        |        
RUN-1001 :   infer_reg_init_value  |     on     |        on        |        
RUN-1001 :        infer_rom        |     on     |        on        |        
RUN-1001 :      infer_shifter      |     on     |        on        |        
RUN-1001 : --------------------------------------------------------------
RUN-1001 : Print Rtl Property
RUN-1001 : --------------------------------------------------------------
RUN-1001 :        Parameters       |  Settings  |  Default Values  |  Note  
RUN-1001 : --------------------------------------------------------------
RUN-1001 :       compress_add      |   ripple   |      ripple      |        
RUN-1001 :        elf_sload        |    off     |       off        |        
RUN-1001 :       fix_undriven      |     0      |        0         |        
RUN-1001 :         flatten         |    off     |       off        |        
RUN-1001 :       gate_sharing      |     on     |        on        |        
RUN-1001 :    hdl_warning_level    |   normal   |      normal      |        
RUN-1001 :   impl_internal_tribuf  |     on     |        on        |        
RUN-1001 :      impl_set_reset     |     on     |        on        |        
RUN-1001 :        infer_gsr        |    off     |       off        |        
RUN-1001 :      keep_hierarchy     |    auto    |       auto       |        
RUN-1001 :        max_fanout       |    9999    |       9999       |        
RUN-1001 :      max_oh2bin_len     |     10     |        10        |        
RUN-1001 :       merge_equal       |     on     |        on        |        
RUN-1001 :       merge_equiv       |     on     |        on        |        
RUN-1001 :        merge_mux        |    off     |       off        |        
RUN-1001 :     min_control_set     |     8      |        8         |        
RUN-1001 :      min_ripple_len     |    auto    |       auto       |        
RUN-1001 :       oh2bin_ratio      |    0.08    |       0.08       |        
RUN-1001 :     opt_adder_fanout    |     on     |        on        |        
RUN-1001 :        opt_arith        |     on     |        on        |        
RUN-1001 :       opt_big_gate      |    off     |       off        |        
RUN-1001 :        opt_const        |     on     |        on        |        
RUN-1001 :      opt_const_mult     |     on     |        on        |        
RUN-1001 :       opt_lessthan      |     on     |        on        |        
RUN-1001 :         opt_mux         |    off     |       off        |        
RUN-1001 :         opt_ram         |    high    |       high       |        
RUN-1001 :      rtl_sim_model      |    off     |       off        |        
RUN-1001 :         seq_syn         |     on     |        on        |        
RUN-1001 : --------------------------------------------------------------
HDL-1007 : analyze verilog file ../../al_ip/sys_pll.v
HDL-1007 : undeclared symbol 'open', assumed default net type 'wire' in ../../al_ip/sys_pll.v(77)
HDL-1007 : analyze verilog file ../../al_ip/video_pll.v
HDL-1007 : undeclared symbol 'open', assumed default net type 'wire' in ../../al_ip/video_pll.v(63)
HDL-1007 : analyze verilog file ../../al_ip/afifo_16_256.v
HDL-1007 : analyze verilog file ../../al_ip/sdram.v
HDL-1007 : analyze verilog file ../../Qspi_master.v
HDL-1007 : analyze verilog file ../../flash_cmd.v
HDL-1007 : analyze verilog file ../../flash_reader.v
HDL-1007 : analyze verilog file ../../flash_step.v
HDL-1007 : analyze verilog file ../../flash_write_read.v
HDL-1007 : analyze verilog file ../../flash_writer.v
HDL-1007 : analyze verilog file ../../sys_state_ctrl.v
HDL-1007 : analyze verilog file ../../src/ax_debounce.v
HDL-1007 : analyze verilog file ../../src/bmp_read.v
HDL-1007 : analyze verilog file ../../src/color_bar.v
HDL-1007 : analyze included file ../../src/video_define.v in ../../src/color_bar.v(2)
HDL-1007 : back to file '../../src/color_bar.v' in ../../src/color_bar.v(2)
HDL-1007 : analyze verilog file ../../src/frame_fifo_read.v
HDL-1007 : undeclared symbol 'read_busy', assumed default net type 'wire' in ../../src/frame_fifo_read.v(56)
HDL-1007 : analyze verilog file ../../src/frame_fifo_write.v
HDL-1007 : undeclared symbol 'write_busy', assumed default net type 'wire' in ../../src/frame_fifo_write.v(55)
HDL-1007 : analyze verilog file ../../src/frame_read_write.v
HDL-1007 : analyze verilog file ../../src/sd_card/sd_card_cmd.v
HDL-1007 : analyze verilog file ../../src/sd_card/sd_card_sec_read_write.v
HDL-1007 : analyze verilog file ../../src/sd_card/sd_card_top.v
HDL-1007 : analyze verilog file ../../src/sd_card/spi_master.v
HDL-1007 : analyze verilog file ../../src/sd_card_bmp.v
HDL-1007 : analyze verilog file ../../src/seg_decoder.v
HDL-1007 : analyze verilog file ../../src/seg_scan.v
HDL-1007 : analyze verilog file ../../src/top.v
HDL-1007 : analyze verilog file ../../src/video_timing_data.v
HDL-1007 : analyze verilog file ../../src/sdram_r/sdram_cmd.v
HDL-1007 : analyze included file ../../src/sdram_r/sdram_para.v in ../../src/sdram_r/sdram_cmd.v(45)
HDL-1007 : back to file '../../src/sdram_r/sdram_cmd.v' in ../../src/sdram_r/sdram_cmd.v(45)
HDL-1007 : analyze verilog file ../../src/sdram_r/sdram_controller.v
HDL-1007 : analyze verilog file ../../src/sdram_r/sdram_ctrl.v
HDL-1007 : analyze included file ../../src/sdram_r/sdram_para.v in ../../src/sdram_r/sdram_ctrl.v(19)
HDL-1007 : back to file '../../src/sdram_r/sdram_ctrl.v' in ../../src/sdram_r/sdram_ctrl.v(19)
HDL-1007 : analyze verilog file ../../src/sdram_r/sdram_data.v
HDL-1007 : analyze included file ../../src/sdram_r/sdram_para.v in ../../src/sdram_r/sdram_data.v(13)
HDL-1007 : back to file '../../src/sdram_r/sdram_data.v' in ../../src/sdram_r/sdram_data.v(13)
RUN-1001 : Project manager successfully analyzed 32 source files.
RUN-1002 : start command "import_device eagle_s20.db -package EG4S20BG256"
ARC-1001 : Device Initialization.
ARC-1001 : ------------------------------------------------------------------
ARC-1001 :            OPTION            |          IO          |   SETTING   
ARC-1001 : ------------------------------------------------------------------
ARC-1001 :   cso_b/cclk/mosi/miso/dout  |  T3/R11/T10/P10/S11  |    gpio    
ARC-1001 :             done             |         P13          |    gpio    
ARC-1001 :           program_b          |          T2          |  dedicate  
ARC-1001 :        tdi/tms/tck/tdo       |   C12/A15/C14/E14    |  dedicate  
ARC-1001 : ------------------------------------------------------------------
ARC-1004 : Device setting, marked 5 dedicate IOs in total.
RUN-1002 : start command "import_db ../syn_1/pic_sdram_gate.db"
RUN-1001 : Importing database generated by Tang Dynasty, V5.6.71036.
RUN-1001 : Database version number 46146.
RUN-1001 : Import flow parameters
RUN-1001 : Import timing constraints
RUN-1001 : Import IO constraints
RUN-1001 : Import Inst constraints
RUN-1001 : Import design success TD_VERSION=5.6.71036 , DB_VERSION=46146
RUN-1002 : start command "read_sdc ../../top.sdc"
RUN-1002 : start command "get_ports clk"
RUN-1002 : start command "create_clock -name clk -period 20 -waveform 0 10 "
RUN-1102 : create_clock: clock name: clk, type: 0, period: 20000, rise: 0, fall: 10000.
RUN-1002 : start command "derive_pll_clocks"
USR-1002 : Gen clock cmd:  create_generated_clock -name {sys_pll_m0/pll_inst.clkc[0]} -source [get_ports {clk}] -master_clock {clk} -multiply_by 2.0000 [get_pins {sys_pll_m0/pll_inst.clkc[0]}]
RUN-1002 : start command "get_ports clk"
RUN-1002 : start command "get_pins sys_pll_m0/pll_inst.clkc[0]"
RUN-1002 : start command "create_generated_clock -name sys_pll_m0/pll_inst.clkc[0] -source  -master_clock clk -multiply_by 2.0000 "
USR-1002 : Gen clock cmd:  create_generated_clock -name {sys_pll_m0/pll_inst.clkc[1]} -source [get_ports {clk}] -master_clock {clk} -multiply_by 2.0000 [get_pins {sys_pll_m0/pll_inst.clkc[1]}]
RUN-1002 : start command "get_ports clk"
RUN-1002 : start command "get_pins sys_pll_m0/pll_inst.clkc[1]"
RUN-1002 : start command "create_generated_clock -name sys_pll_m0/pll_inst.clkc[1] -source  -master_clock clk -multiply_by 2.0000 "
USR-1002 : Gen clock cmd:  create_generated_clock -name {sys_pll_m0/pll_inst.clkc[2]} -source [get_ports {clk}] -master_clock {clk} -multiply_by 2.0000 [get_pins {sys_pll_m0/pll_inst.clkc[2]}]
RUN-1002 : start command "get_ports clk"
RUN-1002 : start command "get_pins sys_pll_m0/pll_inst.clkc[2]"
RUN-1002 : start command "create_generated_clock -name sys_pll_m0/pll_inst.clkc[2] -source  -master_clock clk -multiply_by 2.0000 "
USR-1002 : Gen clock cmd:  create_generated_clock -name {video_pll_m0/pll_inst.clkc[0]} -source [get_ports {clk}] -master_clock {clk} -divide_by 2.0000 [get_pins {video_pll_m0/pll_inst.clkc[0]}]
RUN-1002 : start command "get_ports clk"
RUN-1002 : start command "get_pins video_pll_m0/pll_inst.clkc[0]"
RUN-1002 : start command "create_generated_clock -name video_pll_m0/pll_inst.clkc[0] -source  -master_clock clk -divide_by 2.0000 "
RUN-1002 : start command "get_ports clk"
RUN-1002 : start command "get_pins sys_pll_m0/pll_inst.clkc[0]"
RUN-1002 : start command "rename_clock -name sd_card_clk -source  -master_clock clk "
RUN-1105 : Rename Clock: clock sys_pll_m0/pll_inst.clkc[0] was renamed, new name is sd_card_clk.
RUN-1002 : start command "get_ports clk"
RUN-1002 : start command "get_pins sys_pll_m0/pll_inst.clkc[1]"
RUN-1002 : start command "rename_clock -name ext_mem_clk -source  -master_clock clk "
RUN-1105 : Rename Clock: clock sys_pll_m0/pll_inst.clkc[1] was renamed, new name is ext_mem_clk.
RUN-1002 : start command "get_ports clk"
RUN-1002 : start command "get_pins sys_pll_m0/pll_inst.clkc[2]"
RUN-1002 : start command "rename_clock -name flash_sys_clk -source  -master_clock clk "
RUN-1105 : Rename Clock: clock sys_pll_m0/pll_inst.clkc[2] was renamed, new name is flash_sys_clk.
RUN-1002 : start command "get_ports clk"
RUN-1002 : start command "get_pins video_pll_m0/pll_inst.clkc[0]"
RUN-1002 : start command "rename_clock -name video_clk -source  -master_clock clk "
RUN-1105 : Rename Clock: clock video_pll_m0/pll_inst.clkc[0] was renamed, new name is video_clk.
RUN-1002 : start command "read_sdc -ip afifo_16_256 ../../al_ip/afifo_16_256.tcl"
RUN-1002 : start command "get_ports clkw"
RUN-1002 : start command "get_nets  clkw  "
RUN-1002 : start command "get_clocks -nowarn -of nets 21157008900096"
RUN-1002 : start command "get_ports clkr"
RUN-1002 : start command "get_nets  clkr  "
RUN-1002 : start command "get_clocks -nowarn -of nets 25696789331968"
RUN-1002 : start command "get_property -nowarn -max PERIOD "
RUN-1002 : start command "get_property -nowarn -max PERIOD "
RUN-1002 : start command "get_regs rd_to_wr_cross_inst/primary_addr_gray_reg[*]"
RUN-1002 : start command "get_regs rd_to_wr_cross_inst/sync_r1[*]"
RUN-1002 : start command "set_max_delay -from  -to  9.6999999999999993 -datapath_only"
RUN-1002 : start command "get_regs rd_to_wr_cross_inst/primary_addr_gray_reg[*]"
RUN-1002 : start command "get_regs rd_to_wr_cross_inst/sync_r1[*]"
RUN-1002 : start command "set_false_path -from  -to  -hold 9.6999999999999993"
USR-1002 : set_false_path -help -setup -hold -from <list> -rise_from <list> -fall_from <list> -to <list> -rise_to <list> -fall_to <list> -through <list>
RUN-1002 : start command "get_regs wr_to_rd_cross_inst/primary_addr_gray_reg[*]"
RUN-1002 : start command "get_regs wr_to_rd_cross_inst/sync_r1[*]"
RUN-1002 : start command "set_max_delay -from  -to  9.6999999999999993 -datapath_only"
RUN-1002 : start command "get_regs wr_to_rd_cross_inst/primary_addr_gray_reg[*]"
RUN-1002 : start command "get_regs wr_to_rd_cross_inst/sync_r1[*]"
RUN-1002 : start command "set_false_path -from  -to  -hold 9.6999999999999993"
USR-1002 : set_false_path -help -setup -hold -from <list> -rise_from <list> -fall_from <list> -to <list> -rise_to <list> -fall_to <list> -through <list>
RUN-1002 : start command "get_ports clkw"
RUN-1002 : start command "get_nets  clkw  "
RUN-1002 : start command "get_clocks -nowarn -of nets 31671088840704"
RUN-1002 : start command "get_ports clkr"
RUN-1002 : start command "get_nets  clkr  "
RUN-1002 : start command "get_clocks -nowarn -of nets 21157008900096"
RUN-1002 : start command "get_property -nowarn -max PERIOD "
RUN-1002 : start command "get_property -nowarn -max PERIOD "
RUN-1002 : start command "get_regs rd_to_wr_cross_inst/primary_addr_gray_reg[*]"
RUN-1002 : start command "get_regs rd_to_wr_cross_inst/sync_r1[*]"
RUN-1002 : start command "set_max_delay -from  -to  9.6999999999999993 -datapath_only"
RUN-1002 : start command "get_regs rd_to_wr_cross_inst/primary_addr_gray_reg[*]"
RUN-1002 : start command "get_regs rd_to_wr_cross_inst/sync_r1[*]"
RUN-1002 : start command "set_false_path -from  -to  -hold 9.6999999999999993"
USR-1002 : set_false_path -help -setup -hold -from <list> -rise_from <list> -fall_from <list> -to <list> -rise_to <list> -fall_to <list> -through <list>
RUN-1002 : start command "get_regs wr_to_rd_cross_inst/primary_addr_gray_reg[*]"
RUN-1002 : start command "get_regs wr_to_rd_cross_inst/sync_r1[*]"
RUN-1002 : start command "set_max_delay -from  -to  9.6999999999999993 -datapath_only"
RUN-1002 : start command "get_regs wr_to_rd_cross_inst/primary_addr_gray_reg[*]"
RUN-1002 : start command "get_regs wr_to_rd_cross_inst/sync_r1[*]"
RUN-1002 : start command "set_false_path -from  -to  -hold 9.6999999999999993"
USR-1002 : set_false_path -help -setup -hold -from <list> -rise_from <list> -fall_from <list> -to <list> -rise_to <list> -fall_to <list> -through <list>
RUN-1002 : start command "config_chipwatcher ../../A.cwc -dir "
RUN-1002 : start command "legalize_phy_inst"
SYN-1011 : Flatten model top
KIT-1004 : ChipWatcher: import watcher inst auto_chipwatcher_0 completed, there are 2 view nodes, 2 trigger nets, 2 data nets.
KIT-1004 : Chipwatcher code = 0001011011001111
RUN-1002 : start command "compile_watcher"
RUN-1002 : start command "read_verilog -no_sch -dir D:/Program/Anlogic/TD5.6.2/cw/ -file pic_sdram_watcherInst.sv -lib cw -top CW_TOP_WRAPPER"
HDL-1007 : analyze verilog file D:/Program/Anlogic/TD5.6.2/cw\bus_det.v
HDL-1007 : analyze verilog file D:/Program/Anlogic/TD5.6.2/cw\bus_top.sv
HDL-1007 : analyze verilog file D:/Program/Anlogic/TD5.6.2/cw\cfg_int.v
HDL-1007 : analyze verilog file D:/Program/Anlogic/TD5.6.2/cw\cwc_cfg_int.v
HDL-1007 : analyze verilog file D:/Program/Anlogic/TD5.6.2/cw\cwc_top.sv
HDL-1007 : analyze verilog file D:/Program/Anlogic/TD5.6.2/cw\detect_bus.v
HDL-1007 : analyze verilog file D:/Program/Anlogic/TD5.6.2/cw\detect_non_bus.v
HDL-1007 : analyze verilog file D:/Program/Anlogic/TD5.6.2/cw\emb_ctrl.v
HDL-1007 : analyze verilog file D:/Program/Anlogic/TD5.6.2/cw\register.v
HDL-1007 : analyze verilog file D:/Program/Anlogic/TD5.6.2/cw\tap.v
HDL-1007 : analyze verilog file D:/Program/Anlogic/TD5.6.2/cw\trigger.sv
HDL-1007 : analyze verilog file pic_sdram_watcherInst.sv
HDL-1007 : elaborate module CW_TOP_WRAPPER in pic_sdram_watcherInst.sv(1)
HDL-1007 : elaborate module cwc_top(BUS_NUM=2,BUS_DIN_NUM=2,BUS_CTRL_NUM=12,BUS_WIDTH='{32'sb01,32'sb01},BUS_DIN_POS='{32'sb0,32'sb01},BUS_CTRL_POS='{32'sb0,32'sb0110}) in D:/Program/Anlogic/TD5.6.2/cw\cwc_top.sv(21)
HDL-1007 : elaborate module cwc_cfg_int(CTRL_REG_LEN=34) in D:/Program/Anlogic/TD5.6.2/cw\cwc_cfg_int.v(21)
HDL-1007 : elaborate module register(CTRL_REG_LEN=34) in D:/Program/Anlogic/TD5.6.2/cw\register.v(21)
HDL-1007 : elaborate module tap in D:/Program/Anlogic/TD5.6.2/cw\tap.v(21)
HDL-1007 : elaborate module trigger(BUS_NUM=2,BUS_DIN_NUM=2,BUS_CTRL_NUM=12,BUS_WIDTH='{32'sb01,32'sb01},BUS_DIN_POS='{32'sb0,32'sb01},BUS_CTRL_POS='{32'sb0,32'sb0110}) in D:/Program/Anlogic/TD5.6.2/cw\trigger.sv(21)
HDL-1007 : elaborate module bus_top(BUS_NODE_NUM=2,BUS_DIN_NUM=2,BUS_CTRL_NUM=12,BUS_WIDTH='{32'sb01,32'sb01},BUS_DIN_POS='{32'sb0,32'sb01},BUS_CTRL_POS='{32'sb0,32'sb0110}) in D:/Program/Anlogic/TD5.6.2/cw\bus_top.sv(22)
HDL-1007 : elaborate module bus_det(BUS_WIDTH=32'sb01) in D:/Program/Anlogic/TD5.6.2/cw\bus_det.v(21)
HDL-1007 : elaborate module emb_ctrl in D:/Program/Anlogic/TD5.6.2/cw\emb_ctrl.v(21)
HDL-1200 : Current top model is CW_TOP_WRAPPER
HDL-1100 : Inferred 0 RAMs.
RUN-1002 : start command "force_keep -a auto_chipwatcher_0_logicbram"
RUN-1002 : start command "optimize_rtl -no_sch"
RUN-1001 : Open license file D:/Program/Anlogic/TD5.6.2/license/Anlogic.lic
RUN-1001 : Print Global Property
RUN-1001 : ---------------------------------------------------------------
RUN-1001 :        Parameters        |  Settings  |  Default Values  |  Note  
RUN-1001 : ---------------------------------------------------------------
RUN-1001 :          message         |  standard  |     standard     |        
RUN-1001 :   mixed_pack_place_flow  |     on     |        on        |        
RUN-1001 :        qor_monitor       |    off     |       off        |        
RUN-1001 :        syn_ip_flow       |    off     |       off        |        
RUN-1001 :          thread          |    auto    |       auto       |        
RUN-1001 : ---------------------------------------------------------------
RUN-1001 : Print Rtl Property
RUN-1001 : --------------------------------------------------------------
RUN-1001 :        Parameters       |  Settings  |  Default Values  |  Note  
RUN-1001 : --------------------------------------------------------------
RUN-1001 :       compress_add      |   ripple   |      ripple      |        
RUN-1001 :        elf_sload        |    off     |       off        |        
RUN-1001 :       fix_undriven      |     0      |        0         |        
RUN-1001 :         flatten         |    off     |       off        |        
RUN-1001 :       gate_sharing      |     on     |        on        |        
RUN-1001 :    hdl_warning_level    |   normal   |      normal      |        
RUN-1001 :   impl_internal_tribuf  |     on     |        on        |        
RUN-1001 :      impl_set_reset     |     on     |        on        |        
RUN-1001 :        infer_gsr        |    off     |       off        |        
RUN-1001 :      keep_hierarchy     |    auto    |       auto       |        
RUN-1001 :        max_fanout       |    9999    |       9999       |        
RUN-1001 :      max_oh2bin_len     |     10     |        10        |        
RUN-1001 :       merge_equal       |     on     |        on        |        
RUN-1001 :       merge_equiv       |     on     |        on        |        
RUN-1001 :        merge_mux        |    off     |       off        |        
RUN-1001 :     min_control_set     |     8      |        8         |        
RUN-1001 :      min_ripple_len     |    auto    |       auto       |        
RUN-1001 :       oh2bin_ratio      |    0.08    |       0.08       |        
RUN-1001 :     opt_adder_fanout    |     on     |        on        |        
RUN-1001 :        opt_arith        |     on     |        on        |        
RUN-1001 :       opt_big_gate      |    off     |       off        |        
RUN-1001 :        opt_const        |     on     |        on        |        
RUN-1001 :      opt_const_mult     |     on     |        on        |        
RUN-1001 :       opt_lessthan      |     on     |        on        |        
RUN-1001 :         opt_mux         |    off     |       off        |        
RUN-1001 :         opt_ram         |    high    |       high       |        
RUN-1001 :      rtl_sim_model      |    off     |       off        |        
RUN-1001 :         seq_syn         |     on     |        on        |        
RUN-1001 : --------------------------------------------------------------
SYN-1012 : SanityCheck: Model "top"
SYN-1012 : SanityCheck: Model "CW_TOP_WRAPPER"
SYN-1012 : SanityCheck: Model "cwc_top(BUS_NUM=2,BUS_DIN_NUM=2,BUS_CTRL_NUM=12,BUS_WIDTH='{32'sb01,32'sb01},BUS_DIN_POS='{32'sb0,32'sb01},BUS_CTRL_POS='{32'sb0,32'sb0110})"
SYN-1012 : SanityCheck: Model "cwc_cfg_int(CTRL_REG_LEN=34)"
SYN-1012 : SanityCheck: Model "register(CTRL_REG_LEN=34)"
SYN-1012 : SanityCheck: Model "tap"
SYN-1012 : SanityCheck: Model "trigger(BUS_NUM=2,BUS_DIN_NUM=2,BUS_CTRL_NUM=12,BUS_WIDTH='{32'sb01,32'sb01},BUS_DIN_POS='{32'sb0,32'sb01},BUS_CTRL_POS='{32'sb0,32'sb0110})"
SYN-1012 : SanityCheck: Model "bus_top(BUS_NODE_NUM=2,BUS_DIN_NUM=2,BUS_CTRL_NUM=12,BUS_WIDTH='{32'sb01,32'sb01},BUS_DIN_POS='{32'sb0,32'sb01},BUS_CTRL_POS='{32'sb0,32'sb0110})"
SYN-1012 : SanityCheck: Model "bus_det(BUS_WIDTH=32'sb01)"
SYN-1012 : SanityCheck: Model "emb_ctrl"
SYN-1011 : Flatten model top
SYN-1032 : 5764/8 useful/useless nets, 3426/6 useful/useless insts
SYN-1016 : Merged 17 instances.
SYN-1032 : 5628/20 useful/useless nets, 3640/16 useful/useless insts
SYN-1014 : Optimize round 1
SYN-1020 : Optimized 1 distributor mux.
SYN-1015 : Optimize round 1, 165 better
SYN-1014 : Optimize round 2
SYN-1015 : Optimize round 2, 0 better
SYN-1014 : Optimize round 1
SYN-1015 : Optimize round 1, 0 better
RUN-1002 : start command "optimize_gate -no_sch"
RUN-1001 : Open license file D:/Program/Anlogic/TD5.6.2/license/Anlogic.lic
RUN-1001 : Print Global Property
RUN-1001 : ---------------------------------------------------------------
RUN-1001 :        Parameters        |  Settings  |  Default Values  |  Note  
RUN-1001 : ---------------------------------------------------------------
RUN-1001 :          message         |  standard  |     standard     |        
RUN-1001 :   mixed_pack_place_flow  |     on     |        on        |        
RUN-1001 :        qor_monitor       |    off     |       off        |        
RUN-1001 :        syn_ip_flow       |    off     |       off        |        
RUN-1001 :          thread          |    auto    |       auto       |        
RUN-1001 : ---------------------------------------------------------------
RUN-1001 : Print Gate Property
RUN-1001 : ------------------------------------------------------------------
RUN-1001 :          Parameters         |  Settings  |  Default Values  |  Note  
RUN-1001 : ------------------------------------------------------------------
RUN-1001 :         cascade_dsp         |    off     |       off        |        
RUN-1001 :         cascade_eram        |    off     |       off        |        
RUN-1001 :        gate_sim_model       |    off     |       off        |        
RUN-1001 :        map_sim_model        |    off     |       off        |        
RUN-1001 :         map_strategy        |     1      |        1         |        
RUN-1001 :           opt_area          |   medium   |      medium      |        
RUN-1001 :          opt_timing         |    auto    |       auto       |        
RUN-1001 :         pack_effort         |   medium   |      medium      |        
RUN-1001 :      pack_lslice_ripple     |     on     |        on        |        
RUN-1001 :   pack_lslice_ripple_ratio  |    0.5     |       0.5        |        
RUN-1001 :        pack_seq_in_io       |    auto    |       auto       |        
RUN-1001 :        ph1_mux_ratio        |    1.0     |       1.0        |        
RUN-1001 :            report           |  standard  |     standard     |        
RUN-1001 :           retiming          |    off     |       off        |        
RUN-1001 : ------------------------------------------------------------------
SYN-2001 : Map 47 IOs to PADs
RUN-1002 : start command "update_pll_param -module top"
SYN-2501 : Processed 0 LOGIC_BUF instances.
SYN-2512 : LOGIC BRAM "auto_chipwatcher_0_logicbram"
SYN-2571 : Optimize after map_dsp, round 1
SYN-2571 : Optimize after map_dsp, round 1, 0 better
SYN-1001 : Throwback 3 control mux instances
SYN-2501 : Optimize round 1
SYN-2501 : Optimize round 1, 2 better
SYN-2501 : Optimize round 2
SYN-2501 : Optimize round 2, 0 better
SYN-2501 : Map 10 macro adder
SYN-1019 : Optimized 1 mux instances.
SYN-1016 : Merged 8 instances.
SYN-1032 : 5812/2 useful/useless nets, 3824/1 useful/useless insts
RUN-1002 : start command "start_timer -prepack"
TMR-2505 : Start building timing graph for model top.
TMR-2506 : Build timing graph completely. Port num: 22, tpin num: 19128, tnet num: 4404, tinst num: 3823, tnode num: 23453, tedge num: 30745.
TMR-2508 : Levelizing timing graph completed, there are 51 levels in total.
TMR-2501 : Timing graph initialized successfully.
TMR-2503 : Start to update net delay, extr mode = 2.
TMR-2504 : Update delay of 4404 nets completely.
TMR-2502 : Annotate delay completely, extr mode = 2.
TMR-3001 : Initiate 5 clocks from SDC.
TMR-3004 : Map sdc constraints, there are 8 constraints in total.
TMR-3003 : Constraints initiated successfully.
TMR-3501 : Forward propagation: start to calculate arrival time...
TMR-3502 : Backward propagation: start to calculate required time...
TMR-3503 : Timing propagation completes.
SYN-3001 : Running gate level optimization.
SYN-2581 : Mapping with K=5, #lut = 103 (4.19), #lev = 5 (2.40)
SYN-2551 : Post LUT mapping optimization.
SYN-2581 : Mapping with K=5, #lut = 103 (4.19), #lev = 5 (2.40)
SYN-3001 : Logic optimization runtime opt =   0.01 sec, map =   0.00 sec
SYN-3001 : Mapper mapped 283 instances into 103 LUTs, name keeping = 78%.
SYN-1001 : Packing model "top" ...
SYN-4010 : Pack lib has 58 rtl pack models with 25 top pack blocks
SYN-1014 : Optimize round 1
SYN-1015 : Optimize round 1, 0 better
SYN-4002 : Packing 164 DFF/LATCH to SEQ ...
SYN-4009 : Pack 5 carry chain into lslice
SYN-4007 : Packing 86 adder to BLE ...
SYN-4008 : Packed 86 adder and 0 SEQ to BLE.
SYN-4007 : Packing 0 gate4 to BLE ...
SYN-4008 : Packed 0 gate4 and 0 SEQ to BLE.
SYN-4012 : Packed 0 FxMUX
RUN-1002 : start command "legalize_phy_inst"
SYN-1011 : Flatten model top
KIT-1004 : Compile Chipwatcher: Clear obsolete physical data.
RUN-1003 : finish command "compile_watcher" in  1.270673s wall, 0.406250s user + 0.015625s system = 0.421875s CPU (33.2%)

RUN-1004 : used memory is 161 MB, reserved memory is 125 MB, peak memory is 212 MB
RUN-1002 : start command "place"
RUN-1001 : Open license file D:/Program/Anlogic/TD5.6.2/license/Anlogic.lic
RUN-1001 : Print Global Property
RUN-1001 : ---------------------------------------------------------------
RUN-1001 :        Parameters        |  Settings  |  Default Values  |  Note  
RUN-1001 : ---------------------------------------------------------------
RUN-1001 :          message         |  standard  |     standard     |        
RUN-1001 :   mixed_pack_place_flow  |     on     |        on        |        
RUN-1001 :        qor_monitor       |    off     |       off        |        
RUN-1001 :        syn_ip_flow       |    off     |       off        |        
RUN-1001 :          thread          |    auto    |       auto       |        
RUN-1001 : ---------------------------------------------------------------
RUN-1001 : Print Place Property
RUN-1001 : --------------------------------------------------------------
RUN-1001 :        Parameters       |  Settings  |  Default Values  |  Note  
RUN-1001 : --------------------------------------------------------------
RUN-1001 :      detailed_place     |     on     |        on        |        
RUN-1001 :          effort         |   medium   |      medium      |        
RUN-1001 :         fix_hold        |    off     |       off        |        
RUN-1001 :       legalization      |    ori     |       ori        |        
RUN-1001 :      new_spreading      |     on     |        on        |        
RUN-1001 :        opt_timing       |   medium   |      medium      |        
RUN-1001 :   post_clock_route_opt  |    off     |       off        |        
RUN-1001 :       pr_strategy       |     1      |        1         |        
RUN-1001 :        relaxation       |    1.00    |       1.00       |        
RUN-1001 :         retiming        |    off     |       off        |        
RUN-1001 : --------------------------------------------------------------
PHY-3001 : Placer runs in 16 thread(s).
RUN-1002 : start command "legalize_phy_inst"
SYN-1011 : Flatten model top
RUN-1002 : start command "phys_opt -simplify_lut"
SYN-4016 : Net frame_read_write_m0/write_buf/clkw driven by BUFG (604 clock/control pins, 1 other pins).
SYN-4016 : Net frame_read_write_m0/read_buf/clkr driven by BUFG (109 clock/control pins, 1 other pins).
SYN-4016 : Net config_inst_syn_10 driven by BUFG (87 clock/control pins, 0 other pins).
SYN-4027 : Net frame_read_write_m0/frame_fifo_read_m0/mem_clk is clkc1 of pll sys_pll_m0/pll_inst.
SYN-4027 : Net flash_write_read_m0/flash_cmd_m0/sys_clk is clkc2 of pll sys_pll_m0/pll_inst.
SYN-4019 : Net clk_dup_1 is refclk of pll sys_pll_m0/pll_inst.
SYN-4020 : Net clk_dup_1 is fbclk of pll sys_pll_m0/pll_inst.
SYN-4019 : Net clk_dup_1 is refclk of pll video_pll_m0/pll_inst.
SYN-4020 : Net clk_dup_1 is fbclk of pll video_pll_m0/pll_inst.
SYN-4025 : Tag rtl::Net clk_dup_1 as clock net
SYN-4025 : Tag rtl::Net config_inst_syn_10 as clock net
SYN-4025 : Tag rtl::Net flash_write_read_m0/flash_cmd_m0/sys_clk as clock net
SYN-4025 : Tag rtl::Net frame_read_write_m0/frame_fifo_read_m0/mem_clk as clock net
SYN-4025 : Tag rtl::Net frame_read_write_m0/read_buf/clkr as clock net
SYN-4025 : Tag rtl::Net frame_read_write_m0/write_buf/clkw as clock net
SYN-4026 : Tagged 6 rtl::Net as clock net
PHY-1001 : Populate physical database on model top.
RUN-1001 : There are total 3414 instances
RUN-0007 : 1600 luts, 993 seqs, 467 mslices, 243 lslices, 102 pads, 1 brams, 0 dsps
RUN-1001 : There are total 5402 nets
RUN-1001 : 3419 nets have 2 pins
RUN-1001 : 1640 nets have [3 - 5] pins
RUN-1001 : 154 nets have [6 - 10] pins
RUN-1001 : 103 nets have [11 - 20] pins
RUN-1001 : 69 nets have [21 - 99] pins
RUN-1001 : 17 nets have 100+ pins
RUN-1001 : Report Control nets information:
RUN-1001 : DFF Distribution
RUN-1001 : ----------------------------------
RUN-1001 :   CE   |  SSR  |  ASR  |  DFF Count  
RUN-1001 : ----------------------------------
RUN-1001 :   No   |  No   |  No   |      3      
RUN-1001 :   No   |  No   |  Yes  |     578     
RUN-1001 :   No   |  Yes  |  No   |      0      
RUN-1001 :   Yes  |  No   |  No   |     16      
RUN-1001 :   Yes  |  No   |  Yes  |     396     
RUN-1001 :   Yes  |  Yes  |  No   |      0      
RUN-1001 : ----------------------------------
RUN-0007 : Control Group Statistic
RUN-0007 : ---------------------------
RUN-0007 :   #CLK  |  #CE  |  #SSR/ASR  
RUN-0007 : ---------------------------
RUN-0007 :    6    |  27   |     11     
RUN-0007 : ---------------------------
RUN-0007 : Control Set = 44
PHY-3001 : Initial placement ...
PHY-3001 : design contains 3412 instances, 1600 luts, 993 seqs, 710 slices, 179 macros(710 instances: 467 mslices 243 lslices)
PHY-0007 : Cell area utilization is 15%
PHY-3001 : Start timing update ...
RUN-1002 : start command "start_timer -report"
TMR-2505 : Start building timing graph for model top.
TMR-2506 : Build timing graph completely. Port num: 22, tpin num: 18257, tnet num: 3992, tinst num: 3412, tnode num: 22490, tedge num: 29909.
TMR-2508 : Levelizing timing graph completed, there are 43 levels in total.
TMR-2501 : Timing graph initialized successfully.
TMR-2503 : Start to update net delay, extr mode = 2.
TMR-2504 : Update delay of 3992 nets completely.
TMR-2502 : Annotate delay completely, extr mode = 2.
TMR-3001 : Initiate 5 clocks from SDC.
TMR-3004 : Map sdc constraints, there are 8 constraints in total.
TMR-3003 : Constraints initiated successfully.
TMR-3501 : Forward propagation: start to calculate arrival time...
TMR-3502 : Backward propagation: start to calculate required time...
TMR-3503 : Timing propagation completes.
PHY-3001 : End timing update;  0.538518s wall, 0.234375s user + 0.031250s system = 0.265625s CPU (49.3%)

PHY-3001 : Global placement ...
PHY-3001 : Initial: Len = 855975
PHY-3001 : Clustering ...
PHY-3001 : Level 0 #clusters 3412.
PHY-3001 : End clustering;  0.000020s wall, 0.000000s user + 0.000000s system = 0.000000s CPU (n/a%)

PHY-3001 : Run with size of 4
PHY-3001 : Cell area utilization is 15%
PHY-3001 : :::0::: Try harder cell spreading with beta_ = 0
PHY-3002 : Step(1): len = 701693, overlap = 2.25
PHY-3002 : Step(2): len = 591608, overlap = 2.25
PHY-3002 : Step(3): len = 524289, overlap = 2.25
PHY-3002 : Step(4): len = 472915, overlap = 2.875
PHY-3002 : Step(5): len = 420957, overlap = 2.25
PHY-3002 : Step(6): len = 367838, overlap = 0
PHY-3002 : Step(7): len = 328618, overlap = 2.5625
PHY-3002 : Step(8): len = 293802, overlap = 2.59375
PHY-3002 : Step(9): len = 257854, overlap = 9.3125
PHY-3002 : Step(10): len = 232697, overlap = 27.3125
PHY-3002 : Step(11): len = 204736, overlap = 45.9688
PHY-3002 : Step(12): len = 183773, overlap = 49.7188
PHY-3002 : Step(13): len = 167694, overlap = 61.5625
PHY-3002 : Step(14): len = 150168, overlap = 91.0938
PHY-3002 : Step(15): len = 139602, overlap = 101.875
PHY-3002 : Step(16): len = 129766, overlap = 101.969
PHY-3001 : :::1::: Try harder cell spreading with beta_ = 7.95931e-05
PHY-3002 : Step(17): len = 134495, overlap = 87.0625
PHY-3002 : Step(18): len = 132598, overlap = 74.0312
PHY-3002 : Step(19): len = 126522, overlap = 74.875
PHY-3002 : Step(20): len = 123120, overlap = 74.375
PHY-3002 : Step(21): len = 116985, overlap = 86.6875
PHY-3002 : Step(22): len = 114604, overlap = 90.25
PHY-3002 : Step(23): len = 110410, overlap = 91.4375
PHY-3002 : Step(24): len = 108324, overlap = 91.0625
PHY-3002 : Step(25): len = 105188, overlap = 91.125
PHY-3002 : Step(26): len = 101294, overlap = 93.125
PHY-3002 : Step(27): len = 98482.9, overlap = 87.5
PHY-3002 : Step(28): len = 95961.3, overlap = 92.0312
PHY-3002 : Step(29): len = 93812.1, overlap = 89
PHY-3002 : Step(30): len = 92032.1, overlap = 89.3438
PHY-3002 : Step(31): len = 90789.8, overlap = 87.6875
PHY-3002 : Step(32): len = 88925.9, overlap = 87.625
PHY-3002 : Step(33): len = 88116.5, overlap = 90.0938
PHY-3002 : Step(34): len = 86399.1, overlap = 91.6875
PHY-3002 : Step(35): len = 85312, overlap = 90.75
PHY-3002 : Step(36): len = 84456.9, overlap = 92.9688
PHY-3002 : Step(37): len = 82726.1, overlap = 90.1562
PHY-3002 : Step(38): len = 81287.5, overlap = 87.2812
PHY-3002 : Step(39): len = 81187, overlap = 84.0312
PHY-3002 : Step(40): len = 79412.6, overlap = 90.2812
PHY-3002 : Step(41): len = 79189.3, overlap = 92.0312
PHY-3002 : Step(42): len = 77980.5, overlap = 97.2812
PHY-3001 : :::2::: Try harder cell spreading with beta_ = 0.000159186
PHY-3002 : Step(43): len = 77708.1, overlap = 97.7188
PHY-3002 : Step(44): len = 77708.1, overlap = 97.7188
PHY-3001 : :::3::: Try harder cell spreading with beta_ = 0.000318373
PHY-3002 : Step(45): len = 78136.8, overlap = 93.875
PHY-3002 : Step(46): len = 78510.7, overlap = 92.25
PHY-3001 : :::4::: Try harder cell spreading with beta_ = 0.000636745
PHY-3002 : Step(47): len = 78604.5, overlap = 91.1875
PHY-3002 : Step(48): len = 78761.1, overlap = 89.375
PHY-3001 : :::5::: Try harder cell spreading with beta_ = 0.00127349
PHY-3002 : Step(49): len = 79064.8, overlap = 87.375
PHY-3002 : Step(50): len = 79064.8, overlap = 87.375
PHY-3001 : :::6::: Try harder cell spreading with beta_ = 0.00254698
PHY-3002 : Step(51): len = 78989.1, overlap = 88.7188
PHY-3002 : Step(52): len = 78989.1, overlap = 88.7188
PHY-3001 : :::7::: Try harder cell spreading with beta_ = 0.00509396
PHY-3002 : Step(53): len = 79002.5, overlap = 85.875
PHY-3002 : Step(54): len = 79002.5, overlap = 85.875
PHY-3001 : Legalization ...
PHY-3001 : End legalization;  0.003811s wall, 0.000000s user + 0.000000s system = 0.000000s CPU (n/a%)

PHY-3001 : Run with size of 4
PHY-3001 : Cell area utilization is 19%
PHY-3001 : Update timing in Manhattan mode ...
TMR-2503 : Start to update net delay, extr mode = 3.
TMR-2504 : Update delay of 3992 nets completely.
TMR-2502 : Annotate delay completely, extr mode = 3.
TMR-3501 : Forward propagation: start to calculate arrival time...
TMR-3502 : Backward propagation: start to calculate required time...
TMR-3503 : Timing propagation completes.
PHY-3001 : End timing update;  0.102446s wall, 0.031250s user + 0.000000s system = 0.031250s CPU (30.5%)

PHY-3001 : :::0::: Try harder cell spreading with beta_ = 9.57123e-06
PHY-3002 : Step(55): len = 78615.6, overlap = 151.844
PHY-3002 : Step(56): len = 78926.5, overlap = 151.531
PHY-3002 : Step(57): len = 78317, overlap = 152.438
PHY-3002 : Step(58): len = 78585, overlap = 160.438
PHY-3002 : Step(59): len = 78126, overlap = 166.656
PHY-3002 : Step(60): len = 77585.1, overlap = 171.5
PHY-3002 : Step(61): len = 77192, overlap = 176.75
PHY-3002 : Step(62): len = 76968.6, overlap = 181.156
PHY-3002 : Step(63): len = 76935.2, overlap = 188.312
PHY-3002 : Step(64): len = 76084.3, overlap = 189.312
PHY-3002 : Step(65): len = 75808.1, overlap = 190.594
PHY-3002 : Step(66): len = 75265.5, overlap = 189.906
PHY-3002 : Step(67): len = 74482.2, overlap = 190.156
PHY-3002 : Step(68): len = 74161.6, overlap = 194.344
PHY-3002 : Step(69): len = 73685.6, overlap = 199.5
PHY-3002 : Step(70): len = 72991.1, overlap = 216.906
PHY-3002 : Step(71): len = 72292.1, overlap = 224.031
PHY-3002 : Step(72): len = 71948, overlap = 232.531
PHY-3002 : Step(73): len = 71736.5, overlap = 236
PHY-3002 : Step(74): len = 70906.6, overlap = 238.156
PHY-3002 : Step(75): len = 70567.1, overlap = 242.25
PHY-3002 : Step(76): len = 70267.3, overlap = 243.875
PHY-3001 : :::1::: Try harder cell spreading with beta_ = 1.91425e-05
PHY-3002 : Step(77): len = 69727.7, overlap = 243.875
PHY-3002 : Step(78): len = 69782.4, overlap = 243.938
PHY-3002 : Step(79): len = 69985.5, overlap = 243.062
PHY-3001 : :::2::: Try harder cell spreading with beta_ = 3.82849e-05
PHY-3002 : Step(80): len = 71298.9, overlap = 242.375
PHY-3002 : Step(81): len = 71298.9, overlap = 242.375
PHY-3002 : Step(82): len = 71536.4, overlap = 241.5
PHY-3001 : :::3::: Try harder cell spreading with beta_ = 7.4703e-05
PHY-3002 : Step(83): len = 77439.7, overlap = 232.625
PHY-3002 : Step(84): len = 78275, overlap = 229.844
PHY-3002 : Step(85): len = 78519.1, overlap = 224.906
PHY-3002 : Step(86): len = 79939.6, overlap = 215.875
PHY-3002 : Step(87): len = 87787.3, overlap = 143.781
PHY-3002 : Step(88): len = 91048.1, overlap = 121.062
PHY-3002 : Step(89): len = 89513, overlap = 121.75
PHY-3002 : Step(90): len = 89371.1, overlap = 122.281
PHY-3002 : Step(91): len = 87211.5, overlap = 116.281
PHY-3002 : Step(92): len = 86568, overlap = 113.594
PHY-3002 : Step(93): len = 86452.5, overlap = 112.344
PHY-3001 : :::4::: Try harder cell spreading with beta_ = 0.000149406
PHY-3002 : Step(94): len = 87443.1, overlap = 109
PHY-3002 : Step(95): len = 87871.9, overlap = 106.188
PHY-3002 : Step(96): len = 87951.3, overlap = 102.781
PHY-3002 : Step(97): len = 88066.6, overlap = 98.5
PHY-3002 : Step(98): len = 88251.6, overlap = 91.2812
PHY-3001 : :::5::: Try harder cell spreading with beta_ = 0.000298812
PHY-3002 : Step(99): len = 88553.4, overlap = 90
PHY-3002 : Step(100): len = 88818.6, overlap = 89.9062
PHY-3002 : Step(101): len = 90120.2, overlap = 91.9062
PHY-3002 : Step(102): len = 90594.7, overlap = 94.5625
PHY-3002 : Step(103): len = 89812.1, overlap = 94.8438
PHY-3001 : :::6::: Try harder cell spreading with beta_ = 0.000597624
PHY-3002 : Step(104): len = 89772.8, overlap = 88.9688
PHY-3002 : Step(105): len = 89772.8, overlap = 88.9688
PHY-3001 : :::7::: Try harder cell spreading with beta_ = 0.00119525
PHY-3002 : Step(106): len = 90737.4, overlap = 84.4062
PHY-3002 : Step(107): len = 91191.9, overlap = 85.5312
PHY-3002 : Step(108): len = 91467, overlap = 89.3438
PHY-3001 : :::8::: Try harder cell spreading with beta_ = 0.0023905
PHY-3002 : Step(109): len = 90913.6, overlap = 86.625
PHY-3002 : Step(110): len = 90913.6, overlap = 86.625
PHY-3001 : :::9::: Try harder cell spreading with beta_ = 0.00444982
PHY-3002 : Step(111): len = 91380.2, overlap = 88.8125
PHY-3002 : Step(112): len = 91687.7, overlap = 87.2812
PHY-3001 : :::10::: Try harder cell spreading with beta_ = 0.00889965
PHY-3002 : Step(113): len = 91557.6, overlap = 86.4688
PHY-3002 : Step(114): len = 91515.3, overlap = 86.5938
PHY-3001 : Run with size of 2
PHY-3001 : Cell area utilization is 19%
PHY-3001 : Update timing in Manhattan mode ...
TMR-2503 : Start to update net delay, extr mode = 3.
TMR-2504 : Update delay of 3992 nets completely.
TMR-2502 : Annotate delay completely, extr mode = 3.
TMR-3501 : Forward propagation: start to calculate arrival time...
TMR-3502 : Backward propagation: start to calculate required time...
TMR-3503 : Timing propagation completes.
PHY-3001 : End timing update;  0.094759s wall, 0.000000s user + 0.000000s system = 0.000000s CPU (n/a%)

PHY-3001 : :::0::: Try harder cell spreading with beta_ = 8.29767e-05
PHY-3002 : Step(115): len = 94489.4, overlap = 183
PHY-3002 : Step(116): len = 96617.1, overlap = 174.156
PHY-3002 : Step(117): len = 95446.2, overlap = 166.719
PHY-3002 : Step(118): len = 95296.2, overlap = 165.156
PHY-3002 : Step(119): len = 93437.2, overlap = 168.25
PHY-3002 : Step(120): len = 92406.5, overlap = 168.188
PHY-3002 : Step(121): len = 91493.3, overlap = 158.125
PHY-3001 : :::1::: Try harder cell spreading with beta_ = 0.000165953
PHY-3002 : Step(122): len = 92699.1, overlap = 145.312
PHY-3002 : Step(123): len = 93205.9, overlap = 140.688
PHY-3002 : Step(124): len = 93482.9, overlap = 135.875
PHY-3001 : :::2::: Try harder cell spreading with beta_ = 0.000331907
PHY-3002 : Step(125): len = 94899.3, overlap = 128.75
PHY-3002 : Step(126): len = 95650.2, overlap = 124.375
PHY-3002 : Step(127): len = 95779.2, overlap = 115.781
PHY-3001 : :::3::: Try harder cell spreading with beta_ = 0.000663814
PHY-3002 : Step(128): len = 96606.5, overlap = 111.344
PHY-3002 : Step(129): len = 97577.2, overlap = 108.438
PHY-3001 : :::4::: Try harder cell spreading with beta_ = 0.00132763
PHY-3002 : Step(130): len = 98719.7, overlap = 107.625
PHY-3002 : Step(131): len = 99551.5, overlap = 105.25
PHY-3002 : Step(132): len = 99803.7, overlap = 103.281
PHY-3001 : :::5::: Try harder cell spreading with beta_ = 0.00265526
PHY-3002 : Step(133): len = 99906.7, overlap = 105.031
PHY-3002 : Step(134): len = 99955.2, overlap = 104.906
PHY-3001 : :::6::: Try harder cell spreading with beta_ = 0.00531051
PHY-3002 : Step(135): len = 100292, overlap = 104.812
PHY-3002 : Step(136): len = 101008, overlap = 100.719
PHY-3001 : :::7::: Try harder cell spreading with beta_ = 0.010621
PHY-3002 : Step(137): len = 101167, overlap = 97.1562
PHY-3002 : Step(138): len = 101451, overlap = 96.5625
PHY-3001 : :::8::: Try harder cell spreading with beta_ = 0.0203063
PHY-3002 : Step(139): len = 101501, overlap = 95.9062
PHY-3002 : Step(140): len = 101545, overlap = 94.625
PHY-3001 : :::9::: Try harder cell spreading with beta_ = 0.0393333
PHY-3002 : Step(141): len = 101655, overlap = 94.9062
PHY-3002 : Step(142): len = 101730, overlap = 95.0938
PHY-3001 : :::10::: Try harder cell spreading with beta_ = 0.0786666
PHY-3002 : Step(143): len = 101744, overlap = 94.875
PHY-3002 : Step(144): len = 101776, overlap = 95.4062
PHY-3001 : :::11::: Try harder cell spreading with beta_ = 0.127283
PHY-3002 : Step(145): len = 101762, overlap = 95.4375
PHY-3002 : Step(146): len = 101760, overlap = 95.2188
PHY-3001 : :::12::: Try harder cell spreading with beta_ = 0.205943
PHY-3002 : Step(147): len = 101760, overlap = 95.2188
PHY-3002 : Step(148): len = 101760, overlap = 95.2188
OPT-1001 : Start physical optimization ...
RUN-1002 : start command "start_timer -report"
TMR-2505 : Start building timing graph for model top.
TMR-2506 : Build timing graph completely. Port num: 22, tpin num: 18257, tnet num: 3992, tinst num: 3412, tnode num: 22490, tedge num: 29909.
TMR-2508 : Levelizing timing graph completed, there are 43 levels in total.
TMR-2501 : Timing graph initialized successfully.
OPT-1001 : Total overflow 287.00 peak overflow 5.78
OPT-1001 : Start high-fanout net optimization ...
OPT-1001 : Update timing in global mode
PHY-1001 : Start incremental global routing, caller is place ...
RUN-1001 : Generating global routing grids ...
RUN-1001 : Building simple global routing graph ...
PHY-1001 : Generate routing nets ...
PHY-1001 : Reuse net number 0/5402.
PHY-1001 : Global iterations in 16 thread ...
PHY-1002 : len = 128736, over cnt = 510(1%), over = 2460, worst = 41
PHY-1001 : End global iterations;  0.157678s wall, 0.046875s user + 0.000000s system = 0.046875s CPU (29.7%)

PHY-1001 : Congestion index: top1 = 49.31, top5 = 35.82, top10 = 28.15, top15 = 23.14.
PHY-1001 : End incremental global routing;  0.216831s wall, 0.046875s user + 0.000000s system = 0.046875s CPU (21.6%)

TMR-2503 : Start to update net delay, extr mode = 5.
TMR-2504 : Update delay of 3992 nets completely.
TMR-2502 : Annotate delay completely, extr mode = 5.
TMR-3001 : Initiate 5 clocks from SDC.
TMR-3004 : Map sdc constraints, there are 8 constraints in total.
TMR-3003 : Constraints initiated successfully.
TMR-3501 : Forward propagation: start to calculate arrival time...
TMR-3502 : Backward propagation: start to calculate required time...
TMR-3503 : Timing propagation completes.
OPT-1001 : End timing update;  0.104787s wall, 0.046875s user + 0.000000s system = 0.046875s CPU (44.7%)

OPT-1001 : 2 high-fanout net processed.
PHY-3001 : Start incremental placement ...
PHY-1001 : Populate physical database on model top.
PHY-3001 : Initial placement ...
PHY-3001 : eco special cells: 1 has valid locations, 0 needs to be replaced
PHY-3001 : eco pad cells: 102 has valid locations, 0 needs to be replaced
PHY-3001 : eco cells: 3302 has valid locations, 16 needs to be replaced
PHY-3001 : design contains 3426 instances, 1600 luts, 1007 seqs, 710 slices, 179 macros(710 instances: 467 mslices 243 lslices)
PHY-3001 : Global placement ...
PHY-3001 : Initial: Len = 102395
PHY-3001 : Run with size of 4
PHY-3001 : Cell area utilization is 19%
PHY-3001 : Update timing in Manhattan mode ...
RUN-1002 : start command "start_timer -report"
TMR-2505 : Start building timing graph for model top.
TMR-2506 : Build timing graph completely. Port num: 22, tpin num: 18327, tnet num: 4006, tinst num: 3426, tnode num: 22616, tedge num: 30021.
TMR-2508 : Levelizing timing graph completed, there are 43 levels in total.
TMR-2501 : Timing graph initialized successfully.
TMR-2503 : Start to update net delay, extr mode = 3.
TMR-2504 : Update delay of 4006 nets completely.
TMR-2502 : Annotate delay completely, extr mode = 3.
TMR-3001 : Initiate 5 clocks from SDC.
TMR-3004 : Map sdc constraints, there are 8 constraints in total.
TMR-3003 : Constraints initiated successfully.
TMR-3501 : Forward propagation: start to calculate arrival time...
TMR-3502 : Backward propagation: start to calculate required time...
TMR-3503 : Timing propagation completes.
PHY-3001 : End timing update;  0.625131s wall, 0.281250s user + 0.000000s system = 0.281250s CPU (45.0%)

PHY-3001 : :::0::: Try harder cell spreading with beta_ = 0
PHY-3002 : Step(149): len = 102474, overlap = 6.34375
PHY-3002 : Step(150): len = 102496, overlap = 6.34375
PHY-3002 : Step(151): len = 102545, overlap = 6.34375
PHY-3001 : Run with size of 2
PHY-3001 : Cell area utilization is 19%
PHY-3001 : Update timing in Manhattan mode ...
TMR-2503 : Start to update net delay, extr mode = 3.
TMR-2504 : Update delay of 4006 nets completely.
TMR-2502 : Annotate delay completely, extr mode = 3.
TMR-3501 : Forward propagation: start to calculate arrival time...
TMR-3502 : Backward propagation: start to calculate required time...
TMR-3503 : Timing propagation completes.
PHY-3001 : End timing update;  0.094533s wall, 0.046875s user + 0.000000s system = 0.046875s CPU (49.6%)

PHY-3001 : :::0::: Try harder cell spreading with beta_ = 6.25586
PHY-3002 : Step(152): len = 102545, overlap = 95.2188
PHY-3002 : Step(153): len = 102545, overlap = 95.2188
PHY-3001 : :::1::: Try harder cell spreading with beta_ = 12.5117
PHY-3002 : Step(154): len = 102545, overlap = 95.2188
PHY-3002 : Step(155): len = 102545, overlap = 95.2188
PHY-3001 : :::2::: Try harder cell spreading with beta_ = 17.6916
PHY-3002 : Step(156): len = 102545, overlap = 95.2188
PHY-3002 : Step(157): len = 102545, overlap = 95.2188
PHY-3001 : Final: Len = 102545, Over = 95.2188
PHY-3001 : End incremental placement;  0.872070s wall, 0.359375s user + 0.000000s system = 0.359375s CPU (41.2%)

OPT-1001 : Total overflow 287.19 peak overflow 5.78
OPT-1001 : End high-fanout net optimization;  1.261991s wall, 0.453125s user + 0.000000s system = 0.453125s CPU (35.9%)

OPT-1001 : Current memory(MB): used = 272, reserve = 240, peak = 272.
OPT-1001 : Start global optimization ...
OPT-1001 : Start congestion update ...
RUN-1001 : Generating global routing grids ...
PHY-1001 : Generate routing nets ...
PHY-1001 : Reuse net number 3607/5416.
PHY-1001 : Global iterations in 16 thread ...
PHY-1002 : len = 129368, over cnt = 508(1%), over = 2439, worst = 41
PHY-1002 : len = 146664, over cnt = 350(0%), over = 1152, worst = 32
PHY-1002 : len = 164360, over cnt = 113(0%), over = 265, worst = 15
PHY-1002 : len = 169536, over cnt = 24(0%), over = 25, worst = 2
PHY-1002 : len = 170616, over cnt = 0(0%), over = 0, worst = 0
PHY-1001 : End global iterations;  0.208295s wall, 0.078125s user + 0.000000s system = 0.078125s CPU (37.5%)

PHY-1001 : Congestion index: top1 = 45.15, top5 = 34.79, top10 = 29.42, top15 = 25.61.
OPT-1001 : End congestion update;  0.261237s wall, 0.078125s user + 0.000000s system = 0.078125s CPU (29.9%)

OPT-1001 : Update timing in Manhattan mode
TMR-2503 : Start to update net delay, extr mode = 3.
TMR-2504 : Update delay of 4006 nets completely.
TMR-2502 : Annotate delay completely, extr mode = 3.
TMR-3501 : Forward propagation: start to calculate arrival time...
TMR-3502 : Backward propagation: start to calculate required time...
TMR-3503 : Timing propagation completes.
OPT-1001 : End timing update;  0.102556s wall, 0.078125s user + 0.000000s system = 0.078125s CPU (76.2%)

OPT-0007 : Start: WNS 3421 TNS 0 NUM_FEPS 0
OPT-1001 : End global optimization;  0.364177s wall, 0.156250s user + 0.000000s system = 0.156250s CPU (42.9%)

OPT-1001 : Current memory(MB): used = 272, reserve = 240, peak = 273.
OPT-1001 : End physical optimization;  2.134123s wall, 0.750000s user + 0.000000s system = 0.750000s CPU (35.1%)

PHY-3001 : Start packing ...
SYN-4007 : Packing 0 MUX to BLE ...
SYN-4008 : Packed 0 MUX and 0 SEQ to BLE.
SYN-4007 : Packing 1600 LUT to BLE ...
SYN-4008 : Packed 1600 LUT and 633 SEQ to BLE.
SYN-4003 : Packing 374 remaining SEQ's ...
SYN-4005 : Packed 215 SEQ with LUT/SLICE
SYN-4006 : 782 single LUT's are left
SYN-4006 : 159 single SEQ's are left
SYN-4011 : Packing model "top" (AL_USER_NORMAL) with 1759/2708 primitive instances ...
PHY-3001 : End packing;  0.099671s wall, 0.062500s user + 0.000000s system = 0.062500s CPU (62.7%)

PHY-1001 : Populate physical database on model top.
RUN-1001 : There are total 1768 instances
RUN-1001 : 828 mslices, 829 lslices, 102 pads, 1 brams, 0 dsps
RUN-1001 : There are total 4839 nets
RUN-1001 : 2843 nets have 2 pins
RUN-1001 : 1636 nets have [3 - 5] pins
RUN-1001 : 151 nets have [6 - 10] pins
RUN-1001 : 112 nets have [11 - 20] pins
RUN-1001 : 84 nets have [21 - 99] pins
RUN-1001 : 13 nets have 100+ pins
PHY-3001 : design contains 1766 instances, 1657 slices, 179 macros(710 instances: 467 mslices 243 lslices)
PHY-3001 : Cell area utilization is 21%
PHY-3001 : After packing: Len = 100754, Over = 125.75
PHY-3001 : Run with size of 2
PHY-3001 : Cell area utilization is 21%
PHY-3001 : Update timing in Manhattan mode ...
RUN-1002 : start command "start_timer -report"
TMR-2505 : Start building timing graph for model top.
TMR-2506 : Build timing graph completely. Port num: 22, tpin num: 16435, tnet num: 3429, tinst num: 1766, tnode num: 19802, tedge num: 27931.
TMR-2508 : Levelizing timing graph completed, there are 41 levels in total.
TMR-2501 : Timing graph initialized successfully.
TMR-2503 : Start to update net delay, extr mode = 3.
TMR-2504 : Update delay of 3429 nets completely.
TMR-2502 : Annotate delay completely, extr mode = 3.
TMR-3001 : Initiate 5 clocks from SDC.
TMR-3004 : Map sdc constraints, there are 8 constraints in total.
TMR-3003 : Constraints initiated successfully.
TMR-3501 : Forward propagation: start to calculate arrival time...
TMR-3502 : Backward propagation: start to calculate required time...
TMR-3503 : Timing propagation completes.
PHY-3001 : End timing update;  0.717674s wall, 0.406250s user + 0.000000s system = 0.406250s CPU (56.6%)

PHY-3001 : :::0::: Try harder cell spreading with beta_ = 7.83982e-05
PHY-3002 : Step(158): len = 97227.7, overlap = 130
PHY-3002 : Step(159): len = 95701.3, overlap = 136.75
PHY-3002 : Step(160): len = 95182.7, overlap = 138.5
PHY-3002 : Step(161): len = 95276.4, overlap = 140
PHY-3002 : Step(162): len = 95070.4, overlap = 137.25
PHY-3002 : Step(163): len = 95117.5, overlap = 131.5
PHY-3002 : Step(164): len = 95115.8, overlap = 129.75
PHY-3001 : :::1::: Try harder cell spreading with beta_ = 0.000156796
PHY-3002 : Step(165): len = 97668.8, overlap = 121.25
PHY-3002 : Step(166): len = 99168.4, overlap = 115.75
PHY-3002 : Step(167): len = 98924, overlap = 114.75
PHY-3001 : :::2::: Try harder cell spreading with beta_ = 0.000313593
PHY-3002 : Step(168): len = 102315, overlap = 109.5
PHY-3002 : Step(169): len = 105275, overlap = 102.5
PHY-3002 : Step(170): len = 105272, overlap = 101.25
PHY-3002 : Step(171): len = 105262, overlap = 95
PHY-3002 : Step(172): len = 105737, overlap = 95
PHY-3001 : Legalization ...
PHY-3001 : End legalization;  0.190558s wall, 0.000000s user + 0.000000s system = 0.000000s CPU (n/a%)

PHY-3001 : Trial Legalized: Len = 131372
PHY-3001 : Run with size of 2
PHY-3001 : Cell area utilization is 20%
PHY-3001 : Update timing in Manhattan mode ...
TMR-2503 : Start to update net delay, extr mode = 3.
TMR-2504 : Update delay of 3429 nets completely.
TMR-2502 : Annotate delay completely, extr mode = 3.
TMR-3501 : Forward propagation: start to calculate arrival time...
TMR-3502 : Backward propagation: start to calculate required time...
TMR-3503 : Timing propagation completes.
PHY-3001 : End timing update;  0.081979s wall, 0.015625s user + 0.000000s system = 0.015625s CPU (19.1%)

PHY-3001 : :::0::: Try harder cell spreading with beta_ = 0.000760249
PHY-3002 : Step(173): len = 122979, overlap = 19.25
PHY-3002 : Step(174): len = 119048, overlap = 29.25
PHY-3002 : Step(175): len = 116146, overlap = 34
PHY-3002 : Step(176): len = 114310, overlap = 40.5
PHY-3002 : Step(177): len = 113185, overlap = 41.75
PHY-3002 : Step(178): len = 112067, overlap = 43.5
PHY-3002 : Step(179): len = 111435, overlap = 44
PHY-3001 : :::1::: Try harder cell spreading with beta_ = 0.0015205
PHY-3002 : Step(180): len = 112311, overlap = 43.25
PHY-3002 : Step(181): len = 112933, overlap = 42.5
PHY-3002 : Step(182): len = 112818, overlap = 42.5
PHY-3001 : :::2::: Try harder cell spreading with beta_ = 0.003041
PHY-3002 : Step(183): len = 113288, overlap = 40.75
PHY-3002 : Step(184): len = 114091, overlap = 38.75
PHY-3001 : Legalization ...
PHY-3001 : End legalization;  0.004996s wall, 0.000000s user + 0.000000s system = 0.000000s CPU (n/a%)

PHY-3001 : Legalized: Len = 123831, Over = 0
PHY-3001 : Spreading special nets. 27 overflows in 2952 tiles.
PHY-3001 : End spreading;  0.008553s wall, 0.000000s user + 0.000000s system = 0.000000s CPU (n/a%)

PHY-3001 : 39 instances has been re-located, deltaX = 14, deltaY = 18, maxDist = 2.
PHY-3001 : Final: Len = 124711, Over = 0
OPT-1001 : Start physical optimization ...
RUN-1002 : start command "start_timer -report"
TMR-2505 : Start building timing graph for model top.
TMR-2506 : Build timing graph completely. Port num: 22, tpin num: 16435, tnet num: 3429, tinst num: 1766, tnode num: 19802, tedge num: 27931.
TMR-2508 : Levelizing timing graph completed, there are 41 levels in total.
TMR-2501 : Timing graph initialized successfully.
OPT-1001 : Total overflow 0.00 peak overflow 0.00
OPT-1001 : Start high-fanout net optimization ...
OPT-1001 : Update timing in global mode
PHY-1001 : Start incremental global routing, caller is place ...
RUN-1001 : Generating global routing grids ...
PHY-1001 : Generate routing nets ...
PHY-1001 : Reuse net number 119/4839.
PHY-1001 : Global iterations in 16 thread ...
PHY-1002 : len = 158808, over cnt = 421(1%), over = 757, worst = 7
PHY-1002 : len = 161200, over cnt = 268(0%), over = 434, worst = 7
PHY-1002 : len = 165008, over cnt = 45(0%), over = 80, worst = 4
PHY-1002 : len = 165840, over cnt = 2(0%), over = 2, worst = 1
PHY-1002 : len = 165872, over cnt = 0(0%), over = 0, worst = 0
PHY-1001 : End global iterations;  0.313048s wall, 0.078125s user + 0.000000s system = 0.078125s CPU (25.0%)

PHY-1001 : Congestion index: top1 = 34.27, top5 = 28.37, top10 = 24.84, top15 = 22.19.
PHY-1001 : End incremental global routing;  0.397737s wall, 0.140625s user + 0.000000s system = 0.140625s CPU (35.4%)

TMR-2503 : Start to update net delay, extr mode = 5.
TMR-2504 : Update delay of 3429 nets completely.
TMR-2502 : Annotate delay completely, extr mode = 5.
TMR-3001 : Initiate 5 clocks from SDC.
TMR-3004 : Map sdc constraints, there are 8 constraints in total.
TMR-3003 : Constraints initiated successfully.
TMR-3501 : Forward propagation: start to calculate arrival time...
TMR-3502 : Backward propagation: start to calculate required time...
TMR-3503 : Timing propagation completes.
OPT-1001 : End timing update;  0.117907s wall, 0.046875s user + 0.000000s system = 0.046875s CPU (39.8%)

OPT-1001 : 1 high-fanout net processed.
PHY-3001 : Start incremental placement ...
PHY-1001 : Populate physical database on model top.
PHY-3001 : Initial placement ...
PHY-3001 : eco special cells: 1 has valid locations, 0 needs to be replaced
PHY-3001 : eco pad cells: 102 has valid locations, 0 needs to be replaced
PHY-3001 : eco cells: 1657 has valid locations, 4 needs to be replaced
PHY-3001 : design contains 1769 instances, 1660 slices, 179 macros(710 instances: 467 mslices 243 lslices)
PHY-3001 : Global placement ...
PHY-3001 : Initial: Len = 125162
PHY-3001 : Run with size of 4
PHY-3001 : Cell area utilization is 21%
PHY-3001 : Update timing in Manhattan mode ...
RUN-1002 : start command "start_timer -report"
TMR-2505 : Start building timing graph for model top.
TMR-2506 : Build timing graph completely. Port num: 22, tpin num: 16455, tnet num: 3431, tinst num: 1769, tnode num: 19822, tedge num: 27955.
TMR-2508 : Levelizing timing graph completed, there are 41 levels in total.
TMR-2501 : Timing graph initialized successfully.
TMR-2503 : Start to update net delay, extr mode = 3.
TMR-2504 : Update delay of 3431 nets completely.
TMR-2502 : Annotate delay completely, extr mode = 3.
TMR-3001 : Initiate 5 clocks from SDC.
TMR-3004 : Map sdc constraints, there are 8 constraints in total.
TMR-3003 : Constraints initiated successfully.
TMR-3501 : Forward propagation: start to calculate arrival time...
TMR-3502 : Backward propagation: start to calculate required time...
TMR-3503 : Timing propagation completes.
PHY-3001 : End timing update;  0.619785s wall, 0.250000s user + 0.000000s system = 0.250000s CPU (40.3%)

PHY-3001 : :::0::: Try harder cell spreading with beta_ = 0
PHY-3002 : Step(185): len = 124919, overlap = 0
PHY-3002 : Step(186): len = 124879, overlap = 0
PHY-3002 : Step(187): len = 124864, overlap = 0
PHY-3002 : Step(188): len = 124864, overlap = 0
PHY-3001 : Run with size of 2
PHY-3001 : Cell area utilization is 21%
PHY-3001 : Update timing in Manhattan mode ...
TMR-2503 : Start to update net delay, extr mode = 3.
TMR-2504 : Update delay of 3431 nets completely.
TMR-2502 : Annotate delay completely, extr mode = 3.
TMR-3501 : Forward propagation: start to calculate arrival time...
TMR-3502 : Backward propagation: start to calculate required time...
TMR-3503 : Timing propagation completes.
PHY-3001 : End timing update;  0.086164s wall, 0.078125s user + 0.000000s system = 0.078125s CPU (90.7%)

PHY-3001 : :::0::: Try harder cell spreading with beta_ = 0.000515074
PHY-3002 : Step(189): len = 124871, overlap = 0.25
PHY-3002 : Step(190): len = 124871, overlap = 0.25
PHY-3001 : Legalization ...
PHY-3001 : End legalization;  0.003716s wall, 0.000000s user + 0.000000s system = 0.000000s CPU (n/a%)

PHY-3001 : Legalized: Len = 124918, Over = 0
PHY-3001 : End spreading;  0.006251s wall, 0.000000s user + 0.000000s system = 0.000000s CPU (n/a%)

PHY-3001 : Final: Len = 124918, Over = 0
PHY-3001 : End incremental placement;  0.824731s wall, 0.390625s user + 0.000000s system = 0.390625s CPU (47.4%)

OPT-1001 : Total overflow 0.00 peak overflow 0.00
OPT-1001 : End high-fanout net optimization;  1.406883s wall, 0.609375s user + 0.000000s system = 0.609375s CPU (43.3%)

OPT-1001 : Current memory(MB): used = 279, reserve = 247, peak = 279.
OPT-1001 : Start path based optimization ...
OPT-1001 : Start congestion update ...
RUN-1001 : Generating global routing grids ...
PHY-1001 : Generate routing nets ...
PHY-1001 : Reuse net number 3020/4841.
PHY-1001 : Global iterations in 16 thread ...
PHY-1002 : len = 166160, over cnt = 3(0%), over = 3, worst = 1
PHY-1002 : len = 166160, over cnt = 1(0%), over = 1, worst = 1
PHY-1002 : len = 166152, over cnt = 0(0%), over = 0, worst = 0
PHY-1001 : End global iterations;  0.039914s wall, 0.015625s user + 0.000000s system = 0.015625s CPU (39.1%)

PHY-1001 : Congestion index: top1 = 34.27, top5 = 28.38, top10 = 24.85, top15 = 22.21.
OPT-1001 : End congestion update;  0.106633s wall, 0.031250s user + 0.000000s system = 0.031250s CPU (29.3%)

OPT-1001 : Update timing in Manhattan mode
TMR-2503 : Start to update net delay, extr mode = 3.
TMR-2504 : Update delay of 3431 nets completely.
TMR-2502 : Annotate delay completely, extr mode = 3.
TMR-3501 : Forward propagation: start to calculate arrival time...
TMR-3502 : Backward propagation: start to calculate required time...
TMR-3503 : Timing propagation completes.
OPT-1001 : End timing update;  0.086001s wall, 0.031250s user + 0.000000s system = 0.031250s CPU (36.3%)

OPT-0007 : Start: WNS 3626 TNS 0 NUM_FEPS 0
OPT-1001 : End path based optimization;  0.192948s wall, 0.062500s user + 0.000000s system = 0.062500s CPU (32.4%)

OPT-1001 : Current memory(MB): used = 279, reserve = 247, peak = 279.
OPT-1001 : Update timing in Manhattan mode
TMR-2503 : Start to update net delay, extr mode = 3.
TMR-2504 : Update delay of 3431 nets completely.
TMR-2502 : Annotate delay completely, extr mode = 3.
TMR-3501 : Forward propagation: start to calculate arrival time...
TMR-3502 : Backward propagation: start to calculate required time...
TMR-3503 : Timing propagation completes.
OPT-1001 : End timing update;  0.082027s wall, 0.078125s user + 0.000000s system = 0.078125s CPU (95.2%)

OPT-1001 : Start pin optimization...
OPT-1001 : skip pin optimization...
RUN-1001 : Generating global routing grids ...
PHY-1001 : Generate routing nets ...
PHY-1001 : Reuse net number 3026/4841.
PHY-1001 : Global iterations in 16 thread ...
PHY-1002 : len = 166152, over cnt = 0(0%), over = 0, worst = 0
PHY-1001 : End global iterations;  0.010398s wall, 0.015625s user + 0.000000s system = 0.015625s CPU (150.3%)

PHY-1001 : Congestion index: top1 = 34.27, top5 = 28.38, top10 = 24.85, top15 = 22.21.
OPT-1001 : Update timing in Manhattan mode
TMR-2503 : Start to update net delay, extr mode = 3.
TMR-2504 : Update delay of 3431 nets completely.
TMR-2502 : Annotate delay completely, extr mode = 3.
TMR-3501 : Forward propagation: start to calculate arrival time...
TMR-3502 : Backward propagation: start to calculate required time...
TMR-3503 : Timing propagation completes.
OPT-1001 : End timing update;  0.083310s wall, 0.031250s user + 0.000000s system = 0.031250s CPU (37.5%)

RUN-1001 : QoR Analysis:
OPT-0007 :   WNS 3626 TNS 0 NUM_FEPS 0
RUN-1001 :   No local congestion issue, and most congested 1% tile average routing util is 33.827586
RUN-1001 :   Top critical paths
RUN-1001 :       #1 path slack 3626ps with logic level 6 
OPT-1001 : End physical optimization;  2.404229s wall, 1.046875s user + 0.000000s system = 1.046875s CPU (43.5%)

RUN-1003 : finish command "place" in  10.139366s wall, 3.140625s user + 0.265625s system = 3.406250s CPU (33.6%)

RUN-1004 : used memory is 262 MB, reserved memory is 230 MB, peak memory is 279 MB
RUN-1002 : start command "export_db pic_sdram_place.db"
RUN-1001 : Exported /
RUN-1001 : Exported flow parameters
RUN-1001 : Exported libs
RUN-1001 : Exported entities
RUN-1001 : Exported ports
RUN-1001 : Exported pins
RUN-1001 : Exported instances
RUN-1001 : Exported nets
RUN-1001 : Exported buses
RUN-1001 : Exported models
RUN-1001 : Exported congestions
RUN-1001 : Exported violations
RUN-1001 : Exported timing constraints
RUN-1001 : Exported IO constraints
RUN-1001 : Exported Inst constraints
RUN-1001 : Exported ChipWatcher
RUN-1002 : start command "route"
RUN-1001 : Open license file D:/Program/Anlogic/TD5.6.2/license/Anlogic.lic
RUN-1001 : Print Global Property
RUN-1001 : ---------------------------------------------------------------
RUN-1001 :        Parameters        |  Settings  |  Default Values  |  Note  
RUN-1001 : ---------------------------------------------------------------
RUN-1001 :          message         |  standard  |     standard     |        
RUN-1001 :   mixed_pack_place_flow  |     on     |        on        |        
RUN-1001 :        qor_monitor       |    off     |       off        |        
RUN-1001 :        syn_ip_flow       |    off     |       off        |        
RUN-1001 :          thread          |    auto    |       auto       |        
RUN-1001 : ---------------------------------------------------------------
RUN-1001 : Print Route Property
RUN-1001 : -------------------------------------------------------
RUN-1001 :    Parameters    |  Settings  |  Default Values  |  Note  
RUN-1001 : -------------------------------------------------------
RUN-1001 :      effort      |   medium   |      medium      |        
RUN-1001 :     fix_hold     |    off     |       off        |        
RUN-1001 :    opt_timing    |   medium   |      medium      |        
RUN-1001 :   phy_sim_model  |    off     |       off        |        
RUN-1001 :     priority     |   timing   |      timing      |        
RUN-1001 :     swap_pin     |     on     |        on        |        
RUN-1001 : -------------------------------------------------------
PHY-1001 : Route runs in 16 thread(s)
RUN-1001 : There are total 1771 instances
RUN-1001 : 831 mslices, 829 lslices, 102 pads, 1 brams, 0 dsps
RUN-1001 : There are total 4841 nets
RUN-1001 : 2843 nets have 2 pins
RUN-1001 : 1635 nets have [3 - 5] pins
RUN-1001 : 151 nets have [6 - 10] pins
RUN-1001 : 114 nets have [11 - 20] pins
RUN-1001 : 85 nets have [21 - 99] pins
RUN-1001 : 13 nets have 100+ pins
RUN-1002 : start command "start_timer -report"
TMR-2505 : Start building timing graph for model top.
TMR-2506 : Build timing graph completely. Port num: 22, tpin num: 16455, tnet num: 3431, tinst num: 1769, tnode num: 19822, tedge num: 27955.
TMR-2508 : Levelizing timing graph completed, there are 41 levels in total.
TMR-2501 : Timing graph initialized successfully.
PHY-1001 : 831 mslices, 829 lslices, 102 pads, 1 brams, 0 dsps
TMR-2503 : Start to update net delay, extr mode = 3.
TMR-2504 : Update delay of 3431 nets completely.
TMR-2502 : Annotate delay completely, extr mode = 3.
TMR-3001 : Initiate 5 clocks from SDC.
TMR-3004 : Map sdc constraints, there are 8 constraints in total.
TMR-3003 : Constraints initiated successfully.
TMR-3501 : Forward propagation: start to calculate arrival time...
TMR-3502 : Backward propagation: start to calculate required time...
TMR-3503 : Timing propagation completes.
PHY-1001 : Start global routing, caller is route ...
RUN-1001 : Generating global routing grids ...
PHY-1001 : Generate routing nets ...
PHY-1001 : Global iterations in 16 thread ...
PHY-1002 : len = 157224, over cnt = 399(1%), over = 746, worst = 7
PHY-1002 : len = 159824, over cnt = 252(0%), over = 425, worst = 6
PHY-1002 : len = 162832, over cnt = 100(0%), over = 179, worst = 5
PHY-1002 : len = 164792, over cnt = 0(0%), over = 0, worst = 0
PHY-1001 : End global iterations;  0.276345s wall, 0.046875s user + 0.000000s system = 0.046875s CPU (17.0%)

PHY-1001 : Congestion index: top1 = 34.27, top5 = 28.13, top10 = 24.59, top15 = 21.97.
PHY-1001 : End global routing;  0.346221s wall, 0.062500s user + 0.000000s system = 0.062500s CPU (18.1%)

PHY-1001 : Start detail routing ...
PHY-1001 : Current memory(MB): used = 306, reserve = 274, peak = 311.
PHY-1001 : Detailed router is running in normal mode.
PHY-1001 : Generate detailed routing grids ...
PHY-1001 : Generate nets ...
PHY-1001 : net clk_dup_1 will be routed on clock mesh
PHY-1001 : net flash_write_read_m0/flash_cmd_m0/sys_clk will be routed on clock mesh
PHY-1001 : net frame_read_write_m0/frame_fifo_read_m0/mem_clk will be routed on clock mesh
PHY-1001 : clock net frame_read_write_m0/read_buf/clkr will be merged with clock video_pll_m0/clk0_buf
PHY-1001 : clock net frame_read_write_m0/write_buf/clkw will be merged with clock sys_pll_m0/clk0_buf
PHY-1001 : clock net config_inst_syn_10 will be merged with clock config_inst_syn_9
PHY-1001 : Current memory(MB): used = 559, reserve = 531, peak = 559.
PHY-1001 : End build detailed router design. 2.553923s wall, 1.203125s user + 0.000000s system = 1.203125s CPU (47.1%)

PHY-1001 : Detail Route ...
PHY-1001 : ===== Detail Route Phase 1 =====
PHY-1001 : Clock net routing.....
PHY-1001 : Routed 0% nets.
PHY-1022 : len = 57936, over cnt = 0(0%), over = 0, worst = 0, crit = 0
PHY-1001 : End initial clock net routed; 1.188540s wall, 0.500000s user + 0.000000s system = 0.500000s CPU (42.1%)

PHY-1001 : Current memory(MB): used = 592, reserve = 564, peak = 592.
PHY-1001 : End phase 1; 1.193146s wall, 0.500000s user + 0.000000s system = 0.500000s CPU (41.9%)

PHY-1001 : ===== Detail Route Phase 2 =====
PHY-1001 : Initial routing.....
PHY-1001 : Routed 28% nets.
PHY-1001 : Routed 32% nets.
PHY-1001 : Routed 40% nets.
PHY-1001 : Routed 50% nets.
PHY-1001 : Routed 64% nets.
PHY-1022 : len = 597384, over cnt = 93(0%), over = 93, worst = 1, crit = 0
PHY-1001 : Current memory(MB): used = 594, reserve = 566, peak = 594.
PHY-1001 : End initial routed; 4.075851s wall, 2.031250s user + 0.078125s system = 2.109375s CPU (51.8%)

PHY-1001 : Update timing.....
PHY-1001 : 0/3109(0%) critical/total net(s).
RUN-1001 : --------------------------------------
RUN-1001 :   Type   |  WNS(ns)  |  TNS(ns)  |  FEP  
RUN-1001 : --------------------------------------
RUN-1001 :   Setup  |   0.967   |   0.000   |   0   
RUN-1001 :   Hold   |  -0.526   |  -0.975   |   3   
RUN-1001 : --------------------------------------
PHY-1001 : End update timing; 0.695784s wall, 0.359375s user + 0.000000s system = 0.359375s CPU (51.7%)

PHY-1001 : Current memory(MB): used = 596, reserve = 568, peak = 596.
PHY-1001 : End phase 2; 4.771691s wall, 2.390625s user + 0.078125s system = 2.468750s CPU (51.7%)

PHY-1001 : ===== Detail Route Phase 3 =====
PHY-1001 : Optimize timing.....
PHY-1022 : len = 597384, over cnt = 93(0%), over = 93, worst = 1, crit = 0
PHY-1001 : End optimize timing; 0.024876s wall, 0.031250s user + 0.000000s system = 0.031250s CPU (125.6%)

PHY-1001 : Ripup-reroute.....
PHY-1001 : ===== DR Iter 1 =====
PHY-1022 : len = 595016, over cnt = 14(0%), over = 14, worst = 1, crit = 0
PHY-1001 : End DR Iter 1; 0.075697s wall, 0.046875s user + 0.000000s system = 0.046875s CPU (61.9%)

PHY-1001 : ===== DR Iter 2 =====
PHY-1022 : len = 594992, over cnt = 1(0%), over = 1, worst = 1, crit = 0
PHY-1001 : End DR Iter 2; 0.034625s wall, 0.000000s user + 0.000000s system = 0.000000s CPU (n/a%)

PHY-1001 : ===== DR Iter 3 =====
PHY-1022 : len = 595008, over cnt = 0(0%), over = 0, worst = 0, crit = 0
PHY-1001 : End DR Iter 3; 0.027621s wall, 0.000000s user + 0.000000s system = 0.000000s CPU (n/a%)

PHY-1001 : Update timing.....
PHY-1001 : 0/3109(0%) critical/total net(s).
RUN-1001 : --------------------------------------
RUN-1001 :   Type   |  WNS(ns)  |  TNS(ns)  |  FEP  
RUN-1001 : --------------------------------------
RUN-1001 :   Setup  |   0.967   |   0.000   |   0   
RUN-1001 :   Hold   |  -0.526   |  -0.975   |   3   
RUN-1001 : --------------------------------------
PHY-1001 : End update timing; 0.696142s wall, 0.421875s user + 0.000000s system = 0.421875s CPU (60.6%)

PHY-1001 : Commit to database.....
PHY-1001 : 18 feed throughs used by 18 nets
PHY-1001 : End commit to database; 0.360083s wall, 0.203125s user + 0.015625s system = 0.218750s CPU (60.7%)

PHY-1001 : Current memory(MB): used = 626, reserve = 599, peak = 626.
PHY-1001 : End phase 3; 1.340691s wall, 0.812500s user + 0.015625s system = 0.828125s CPU (61.8%)

PHY-1003 : Routed, final wirelength = 595008
PHY-1001 : Current memory(MB): used = 627, reserve = 600, peak = 627.
PHY-1001 : End export database. 0.011255s wall, 0.000000s user + 0.000000s system = 0.000000s CPU (n/a%)

PHY-1001 : End detail routing;  10.024630s wall, 4.968750s user + 0.093750s system = 5.062500s CPU (50.5%)

RUN-1003 : finish command "route" in  11.028019s wall, 5.343750s user + 0.093750s system = 5.437500s CPU (49.3%)

RUN-1004 : used memory is 571 MB, reserved memory is 545 MB, peak memory is 627 MB
RUN-1002 : start command "report_area -io_info -file pic_sdram_phy.area"
RUN-1001 : standard
***Report Model: top Device: EG4S20BG256***

IO Statistics
#IO                        47
  #input                    6
  #output                  37
  #inout                    4

Utilization Statistics
#lut                     3086   out of  19600   15.74%
#reg                     1037   out of  19600    5.29%
#le                      3244
  #lut only              2207   out of   3244   68.03%
  #reg only               158   out of   3244    4.87%
  #lut&reg                879   out of   3244   27.10%
#dsp                        0   out of     29    0.00%
#bram                       1   out of     64    1.56%
  #bram9k                   1
  #fifo9k                   0
#bram32k                    0   out of     16    0.00%
#pad                       47   out of    188   25.00%
  #ireg                     1
  #oreg                    40
  #treg                     1
#pll                        2   out of      4   50.00%
#gclk                       3   out of     16   18.75%

Clock Resource Statistics
Index     ClockNet                                          Type               DriverType         Driver                         Fanout
#1        sys_pll_m0/clk0_buf                               GCLK               pll                sys_pll_m0/pll_inst.clkc0      414
#2        frame_read_write_m0/frame_fifo_read_m0/mem_clk    GCLK               pll                sys_pll_m0/pll_inst.clkc1      185
#3        video_pll_m0/clk0_buf                             GCLK               pll                video_pll_m0/pll_inst.clkc0    84
#4        clk_dup_1                                         GCLK               io                 clk_syn_2.di                   71
#5        config_inst_syn_9                                 GCLK               config             config_inst.jtck               55
#6        flash_write_read_m0/flash_cmd_m0/sys_clk          GCLK               pll                sys_pll_m0/pll_inst.clkc2      46


Detailed IO Report

       Name         Direction    Location    IOStandard    DriveStrength    PullType     PackReg   
       clk            INPUT         R7        LVCMOS33          N/A           NONE        NONE     
       key1           INPUT         B2        LVCMOS33          N/A           NONE        IREG     
       key2           INPUT         B1        LVCMOS33          N/A           NONE        NONE     
      rst_n           INPUT         A2        LVCMOS33          N/A           NONE        NONE     
     sd_miso          INPUT        B14        LVCMOS33          N/A           NONE        NONE     
     switch1          INPUT         C8        LVCMOS33          N/A           NONE        NONE     
    flash_cs_n       OUTPUT         P8        LVCMOS33           8            NONE        OREG     
    flash_sck        OUTPUT         M9        LVCMOS33           8            NONE        OREG     
     sd_dclk         OUTPUT        A14        LVCMOS33           8            NONE        OREG     
     sd_mosi         OUTPUT        A13        LVCMOS33           8            NONE        OREG     
      sd_ncs         OUTPUT        A12        LVCMOS33           8            NONE        OREG     
   seg_data[7]       OUTPUT         A6        LVCMOS33           8            NONE        NONE     
   seg_data[6]       OUTPUT         A7        LVCMOS33           8            NONE        OREG     
   seg_data[5]       OUTPUT         A8        LVCMOS33           8            NONE        OREG     
   seg_data[4]       OUTPUT         B5        LVCMOS33           8            NONE        OREG     
   seg_data[3]       OUTPUT         A5        LVCMOS33           8            NONE        OREG     
   seg_data[2]       OUTPUT         B6        LVCMOS33           8            NONE        OREG     
   seg_data[1]       OUTPUT        C16        LVCMOS33           8            NONE        OREG     
   seg_data[0]       OUTPUT        C15        LVCMOS33           8            NONE        OREG     
    seg_sel[5]       OUTPUT        D11        LVCMOS33           8            NONE        OREG     
    seg_sel[4]       OUTPUT        E11        LVCMOS33           8            NONE        OREG     
    seg_sel[3]       OUTPUT        F10        LVCMOS33           8            NONE        OREG     
    seg_sel[2]       OUTPUT        C13        LVCMOS33           8            NONE        OREG     
    seg_sel[1]       OUTPUT        E10        LVCMOS33           8            NONE        OREG     
    seg_sel[0]       OUTPUT        E12        LVCMOS33           8            NONE        OREG     
   vga_out_b[4]      OUTPUT         D5        LVCMOS33           8            NONE        OREG     
   vga_out_b[3]      OUTPUT         D6        LVCMOS33           8            NONE        OREG     
   vga_out_b[2]      OUTPUT         E6        LVCMOS33           8            NONE        OREG     
   vga_out_b[1]      OUTPUT         F6        LVCMOS33           8            NONE        OREG     
   vga_out_b[0]      OUTPUT        H16        LVCMOS25           8            N/A         OREG     
   vga_out_g[5]      OUTPUT         N6        LVCMOS33           8            NONE        OREG     
   vga_out_g[4]      OUTPUT         N5        LVCMOS33           8            NONE        OREG     
   vga_out_g[3]      OUTPUT         P5        LVCMOS33           8            NONE        OREG     
   vga_out_g[2]      OUTPUT         T5        LVCMOS33           8            NONE        OREG     
   vga_out_g[1]      OUTPUT        F14        LVCMOS25           8            N/A         OREG     
   vga_out_g[0]      OUTPUT         A4        LVCMOS33           8            N/A         OREG     
    vga_out_hs       OUTPUT         E7        LVCMOS33           8            NONE        OREG     
   vga_out_r[4]      OUTPUT        E13        LVCMOS33           8            NONE        OREG     
   vga_out_r[3]      OUTPUT         L8        LVCMOS33           8            NONE        OREG     
   vga_out_r[2]      OUTPUT         L7        LVCMOS33           8            NONE        OREG     
   vga_out_r[1]      OUTPUT         R5        LVCMOS33           8            NONE        OREG     
   vga_out_r[0]      OUTPUT         H5        LVCMOS33           8            N/A         OREG     
    vga_out_vs       OUTPUT         F7        LVCMOS33           8            NONE        OREG     
  flash_qspi_IO0      INOUT         P7        LVCMOS33           8            NONE      OREG;TREG  
  flash_qspi_IO1      INOUT         N8        LVCMOS33           8            NONE        OREG     
  flash_qspi_IO2      INOUT         P9        LVCMOS33           8            NONE        OREG     
  flash_qspi_IO3      INOUT         R9        LVCMOS33           8            NONE        OREG     
      dq[23]          INPUT        S31        LVCMOS25           8           PULLUP       NONE     
      dq[22]          INPUT        S32        LVCMOS25           8           PULLUP       NONE     
      dq[21]          INPUT        S35        LVCMOS25           8           PULLUP       NONE     
      dq[20]          INPUT        S36        LVCMOS25           8           PULLUP       NONE     
      dq[19]          INPUT        S37        LVCMOS25           8           PULLUP       NONE     
      dq[18]          INPUT        S38        LVCMOS25           8           PULLUP       NONE     
      dq[17]          INPUT        S41        LVCMOS25           8           PULLUP       NONE     
      dq[16]          INPUT        S42        LVCMOS25           8           PULLUP       NONE     
      dq[31]          INPUT        S48        LVCMOS25           8           PULLUP       NONE     
      dq[30]          INPUT        S49        LVCMOS25           8           PULLUP       NONE     
      dq[29]          INPUT        S52        LVCMOS25           8           PULLUP       NONE     
      dq[28]          INPUT        S53        LVCMOS25           8           PULLUP       NONE     
      dq[27]          INPUT        S54        LVCMOS25           8           PULLUP       NONE     
      dq[26]          INPUT        S55        LVCMOS25           8           PULLUP       NONE     
      dq[25]          INPUT        S58        LVCMOS25           8           PULLUP       NONE     
      dq[24]          INPUT        S59        LVCMOS25           8           PULLUP       NONE     
       dm0           OUTPUT        S14        LVCMOS25           8            NONE        NONE     
       cke           OUTPUT        S18        LVCMOS25           8            NONE        OREG     
       we_n          OUTPUT        S19        LVCMOS25           8            NONE        OREG     
      cas_n          OUTPUT        S20        LVCMOS25           8            NONE        OREG     
      ras_n          OUTPUT        S21        LVCMOS25           8            NONE        OREG     
       cs_n          OUTPUT        S22        LVCMOS25           8            NONE        OREG     
     addr[9]         OUTPUT        S23        LVCMOS25           8            NONE        OREG     
     addr[8]         OUTPUT        S24        LVCMOS25           8            NONE        OREG     
     addr[7]         OUTPUT        S25        LVCMOS25           8            NONE        OREG     
     addr[6]         OUTPUT        S26        LVCMOS25           8            NONE        OREG     
     addr[5]         OUTPUT        S27        LVCMOS25           8            NONE        OREG     
     addr[4]         OUTPUT        S28        LVCMOS25           8            NONE        OREG     
       dm2           OUTPUT        S29        LVCMOS25           8            NONE        NONE     
       dm3           OUTPUT        S61        LVCMOS25           8            NONE        NONE     
     addr[3]         OUTPUT        S64        LVCMOS25           8            NONE        OREG     
     addr[2]         OUTPUT        S65        LVCMOS25           8            NONE        OREG     
     addr[1]         OUTPUT        S66        LVCMOS25           8            NONE        OREG     
     addr[0]         OUTPUT        S67        LVCMOS25           8            NONE        OREG     
     addr[10]        OUTPUT        S68        LVCMOS25           8            NONE        OREG     
      ba[0]          OUTPUT        S69        LVCMOS25           8            NONE        OREG     
      ba[1]          OUTPUT        S70        LVCMOS25           8            NONE        OREG     
       clk           OUTPUT        S73        LVCMOS25           8            NONE        NONE     
       dm1           OUTPUT        S76        LVCMOS25           8            NONE        NONE     
      dq[0]           INOUT         S1        LVCMOS25           8           PULLUP       IREG     
      dq[6]           INOUT        S11        LVCMOS25           8           PULLUP       IREG     
      dq[7]           INOUT        S12        LVCMOS25           8           PULLUP       IREG     
      dq[1]           INOUT         S2        LVCMOS25           8           PULLUP       IREG     
      dq[2]           INOUT         S5        LVCMOS25           8           PULLUP       IREG     
      dq[3]           INOUT         S6        LVCMOS25           8           PULLUP       IREG     
      dq[4]           INOUT         S7        LVCMOS25           8           PULLUP       IREG     
      dq[8]           INOUT        S78        LVCMOS25           8           PULLUP       IREG     
      dq[9]           INOUT        S79        LVCMOS25           8           PULLUP       IREG     
      dq[5]           INOUT         S8        LVCMOS25           8           PULLUP       IREG     
      dq[10]          INOUT        S82        LVCMOS25           8           PULLUP       IREG     
      dq[11]          INOUT        S83        LVCMOS25           8           PULLUP       IREG     
      dq[12]          INOUT        S84        LVCMOS25           8           PULLUP       IREG     
      dq[13]          INOUT        S85        LVCMOS25           8           PULLUP       IREG     
      dq[14]          INOUT        S88        LVCMOS25           8           PULLUP       IREG     
      dq[15]          INOUT        S89        LVCMOS25           8           PULLUP       IREG     

Report Hierarchy Area:
+-----------------------------------------------------------------------------------------------------------------------------------------+
|Instance                            |Module                                         |le     |lut     |ripple  |seq     |bram    |dsp     |
+-----------------------------------------------------------------------------------------------------------------------------------------+
|top                                 |top                                            |3244   |2760    |326     |1079    |1       |0       |
|  flash_write_read_m0               |flash_write_read                               |109    |103     |6       |52      |0       |0       |
|    Qspi_master_m0                  |Qspi_master                                    |40     |40      |0       |18      |0       |0       |
|    flash_cmd_m0                    |flash_cmd                                      |69     |63      |6       |34      |0       |0       |
|      flash_step_m0                 |flash_step                                     |60     |54      |6       |28      |0       |0       |
|  frame_read_write_m0               |frame_read_write                               |1492   |1386    |84      |297     |0       |0       |
|    frame_fifo_read_m0              |frame_fifo_read                                |81     |64      |17      |40      |0       |0       |
|    frame_fifo_write_m0             |frame_fifo_write                               |77     |58      |17      |35      |0       |0       |
|    read_buf                        |afifo_16_256                                   |663    |636     |25      |116     |0       |0       |
|      ram_inst                      |ram_infer_afifo_16_256                         |531    |531     |0       |33      |0       |0       |
|      rd_to_wr_cross_inst           |fifo_cross_domain_addr_process_al_afifo_16_256 |24     |24      |0       |24      |0       |0       |
|      wr_to_rd_cross_inst           |fifo_cross_domain_addr_process_al_afifo_16_256 |31     |31      |0       |31      |0       |0       |
|    write_buf                       |afifo_16_256                                   |671    |628     |25      |106     |0       |0       |
|      ram_inst                      |ram_infer_afifo_16_256                         |548    |548     |0       |24      |0       |0       |
|      rd_to_wr_cross_inst           |fifo_cross_domain_addr_process_al_afifo_16_256 |31     |22      |0       |31      |0       |0       |
|      wr_to_rd_cross_inst           |fifo_cross_domain_addr_process_al_afifo_16_256 |29     |20      |0       |29      |0       |0       |
|  sd_card_bmp_m0                    |sd_card_bmp                                    |920    |774     |91      |379     |0       |0       |
|    ax_debounce_m0                  |ax_debounce                                    |65     |56      |9       |37      |0       |0       |
|    bmp_read_m0                     |bmp_read                                       |299    |198     |55      |164     |0       |0       |
|    sd_card_top_m0                  |sd_card_top                                    |556    |520     |27      |178     |0       |0       |
|      sd_card_cmd_m0                |sd_card_cmd                                    |322    |300     |22      |54      |0       |0       |
|      sd_card_sec_read_write_m0     |sd_card_sec_read_write                         |161    |152     |0       |83      |0       |0       |
|      spi_master_m0                 |spi_master                                     |73     |68      |5       |41      |0       |0       |
|  sdram_m0                          |sdram                                          |0      |0       |0       |0       |0       |0       |
|  seg_scan_m0                       |seg_scan                                       |76     |54      |22      |19      |0       |0       |
|  sys_pll_m0                        |sys_pll                                        |0      |0       |0       |0       |0       |0       |
|  u_sdram_controller                |sdram_controller                               |274    |206     |46      |92      |0       |0       |
|    u_sdram_cmd                     |sdram_cmd                                      |76     |76      |0       |28      |0       |0       |
|    u_sdram_ctrl                    |sdram_ctrl                                     |182    |128     |46      |48      |0       |0       |
|    u_sdram_data                    |sdram_data                                     |16     |2       |0       |16      |0       |0       |
|  video_pll_m0                      |video_pll                                      |0      |0       |0       |0       |0       |0       |
|  video_timing_data_m0              |video_timing_data                              |63     |51      |8       |34      |0       |0       |
|    color_bar_m0                    |color_bar                                      |46     |36      |8       |31      |0       |0       |
|  cw_top                            |CW_TOP_WRAPPER                                 |308    |184     |69      |163     |0       |0       |
|    wrapper_cwc_top                 |cwc_top                                        |308    |184     |69      |163     |0       |0       |
|      cfg_int_inst                  |cwc_cfg_int                                    |90     |47      |0       |79      |0       |0       |
|        reg_inst                    |register                                       |88     |45      |0       |77      |0       |0       |
|        tap_inst                    |tap                                            |2      |2       |0       |2       |0       |0       |
|      trigger_inst                  |trigger                                        |218    |137     |69      |84      |0       |0       |
|        bus_inst                    |bus_top                                        |3      |2       |0       |3       |0       |0       |
|          BUS_DETECTOR[0]$bus_nodes |bus_det                                        |1      |0       |0       |1       |0       |0       |
|          BUS_DETECTOR[1]$bus_nodes |bus_det                                        |2      |2       |0       |2       |0       |0       |
|        emb_ctrl_inst               |emb_ctrl                                       |133    |96      |37      |56      |0       |0       |
+-----------------------------------------------------------------------------------------------------------------------------------------+


DataNet Average Fanout:

   Index     Fanout     Nets  
    #1          1       2796  
    #2          2       1253  
    #3          3       220   
    #4          4       162   
    #5        5-10      169   
    #6        11-50     166   
    #7       51-100      11   
    #8       101-500     9    
  Average     3.01            

RUN-1002 : start command "export_db pic_sdram_pr.db"
RUN-1001 : Exported /
RUN-1001 : Exported flow parameters
RUN-1001 : Exported libs
RUN-1001 : Exported entities
RUN-1001 : Exported ports
RUN-1001 : Exported pins
RUN-1001 : Exported instances
RUN-1001 : Exported nets
RUN-1001 : Exported buses
RUN-1001 : Exported models
RUN-1001 : Exported congestions
RUN-1001 : Exported violations
RUN-1001 : Exported timing constraints
RUN-1001 : Exported IO constraints
RUN-1001 : Exported Inst constraints
RUN-1001 : Exported ChipWatcher
RUN-1002 : start command "start_timer"
TMR-2505 : Start building timing graph for model top.
TMR-2506 : Build timing graph completely. Port num: 22, tpin num: 16455, tnet num: 3431, tinst num: 1769, tnode num: 19822, tedge num: 27955.
TMR-2508 : Levelizing timing graph completed, there are 41 levels in total.
TMR-2501 : Timing graph initialized successfully.
RUN-1002 : start command "report_timing -mode FINAL -net_info -rpt_autogen true -file pic_sdram_phy.timing"
TMR-2503 : Start to update net delay, extr mode = 6.
TMR-2504 : Update delay of 3431 nets completely.
TMR-2502 : Annotate delay completely, extr mode = 6.
TMR-3001 : Initiate 5 clocks from SDC.
TMR-3004 : Map sdc constraints, there are 8 constraints in total.
TMR-3003 : Constraints initiated successfully.
TMR-3501 : Forward propagation: start to calculate arrival time...
TMR-3502 : Backward propagation: start to calculate required time...
TMR-3503 : Timing propagation completes.
TMR-3506 : Start to generate timing report.
TMR-1502 : Number of clock constraints = 5. Number of clock nets = 6 (1 unconstrainted).
TMR-5009 WARNING: No clock constraint on 1 clock net(s): 
		config_inst_syn_10
TMR-3508 : Export timing summary.
TMR-3507 : Timing report generated successfully in pic_sdram_phy.timing, timing summary in pic_sdram_phy.tsm.
RUN-1002 : start command "export_bid pic_sdram_inst.bid"
PRG-1000 : <!-- HMAC is: 50e5595315da22b4d39636f45096f0d0b0b6349c376f27e0365b568323a0acff -->
RUN-1002 : start command "bitgen -bit pic_sdram.bit"
BIT-1003 : Start to generate bitstream. 
BIT-1002 : Init instances with 16 threads.
BIT-1002 : Init instances completely, inst num: 1769
BIT-1002 : Init pips with 16 threads.
BIT-1002 : Init pips completely, net num: 4841, pip num: 38510
BIT-1002 : Init feedthrough with 16 threads.
BIT-1002 : Init feedthrough completely, num: 18
BIT-1003 : Multithreading accelaration with 16 threads.
BIT-1003 : Generate bitstream completely, there are 2302 valid insts, and 102846 bits set as '1'.
BIT-1004 : the usercode register value: 00000000110110110001011011001111
BIT-1004 : PLL setting string = 0110
BIT-1004 : Generate bits file pic_sdram.bit.
RUN-1003 : finish command "bitgen -bit pic_sdram.bit" in  4.148763s wall, 37.500000s user + 0.093750s system = 37.593750s CPU (906.1%)

RUN-1004 : used memory is 607 MB, reserved memory is 579 MB, peak memory is 774 MB
RUN-1002 : start command "backup_run_log run.log ../.logs/phy_1/td_20231212_204814.log"
