============================================================
   Tang Dynasty, V5.6.71036
      Copyright (c) 2012-2023 Anlogic Inc.
   Executable = D:/Program/Anlogic/TD5.6.2/bin/td.exe
   Built at =   20:34:38 Mar 21 2023
   Run by =     28408
   Run Date =   Tue Dec 19 20:12:32 2023

   Run on =     DESKTOP-T1B5OP5
============================================================
RUN-1002 : start command "open_project pic_sdram.prj"
RUN-1001 : Print Global Property
RUN-1001 : ---------------------------------------------------------------
RUN-1001 :        Parameters        |  Settings  |  Default Values  |  Note  
RUN-1001 : ---------------------------------------------------------------
RUN-1001 :          message         |  standard  |     standard     |        
RUN-1001 :   mixed_pack_place_flow  |     on     |        on        |        
RUN-1001 :        qor_monitor       |    off     |       off        |        
RUN-1001 :        syn_ip_flow       |    off     |       off        |        
RUN-1001 :          thread          |    auto    |       auto       |        
RUN-1001 : ---------------------------------------------------------------
RUN-1001 : Print Design Property
RUN-1001 : --------------------------------------------------------------
RUN-1001 :        Parameters       |  Settings  |  Default Values  |  Note  
RUN-1001 : --------------------------------------------------------------
RUN-1001 :   default_reg_initial   |    auto    |       auto       |        
RUN-1001 :        infer_add        |     on     |        on        |        
RUN-1001 :        infer_fsm        |    off     |       off        |        
RUN-1001 :        infer_mult       |     on     |        on        |        
RUN-1001 :        infer_ram        |     on     |        on        |        
RUN-1001 :        infer_reg        |     on     |        on        |        
RUN-1001 :   infer_reg_init_value  |     on     |        on        |        
RUN-1001 :        infer_rom        |     on     |        on        |        
RUN-1001 :      infer_shifter      |     on     |        on        |        
RUN-1001 : --------------------------------------------------------------
RUN-1001 : Print Rtl Property
RUN-1001 : --------------------------------------------------------------
RUN-1001 :        Parameters       |  Settings  |  Default Values  |  Note  
RUN-1001 : --------------------------------------------------------------
RUN-1001 :       compress_add      |   ripple   |      ripple      |        
RUN-1001 :        elf_sload        |    off     |       off        |        
RUN-1001 :       fix_undriven      |     0      |        0         |        
RUN-1001 :         flatten         |    off     |       off        |        
RUN-1001 :       gate_sharing      |     on     |        on        |        
RUN-1001 :    hdl_warning_level    |   normal   |      normal      |        
RUN-1001 :   impl_internal_tribuf  |     on     |        on        |        
RUN-1001 :      impl_set_reset     |     on     |        on        |        
RUN-1001 :        infer_gsr        |    off     |       off        |        
RUN-1001 :      keep_hierarchy     |    auto    |       auto       |        
RUN-1001 :        max_fanout       |    9999    |       9999       |        
RUN-1001 :      max_oh2bin_len     |     10     |        10        |        
RUN-1001 :       merge_equal       |     on     |        on        |        
RUN-1001 :       merge_equiv       |     on     |        on        |        
RUN-1001 :        merge_mux        |    off     |       off        |        
RUN-1001 :     min_control_set     |     8      |        8         |        
RUN-1001 :      min_ripple_len     |    auto    |       auto       |        
RUN-1001 :       oh2bin_ratio      |    0.08    |       0.08       |        
RUN-1001 :     opt_adder_fanout    |     on     |        on        |        
RUN-1001 :        opt_arith        |     on     |        on        |        
RUN-1001 :       opt_big_gate      |    off     |       off        |        
RUN-1001 :        opt_const        |     on     |        on        |        
RUN-1001 :      opt_const_mult     |     on     |        on        |        
RUN-1001 :       opt_lessthan      |     on     |        on        |        
RUN-1001 :         opt_mux         |    off     |       off        |        
RUN-1001 :         opt_ram         |    high    |       high       |        
RUN-1001 :      rtl_sim_model      |    off     |       off        |        
RUN-1001 :         seq_syn         |     on     |        on        |        
RUN-1001 : --------------------------------------------------------------
HDL-1007 : analyze verilog file ../../al_ip/sys_pll.v
HDL-1007 : undeclared symbol 'open', assumed default net type 'wire' in ../../al_ip/sys_pll.v(77)
HDL-1007 : analyze verilog file ../../al_ip/video_pll.v
HDL-1007 : undeclared symbol 'open', assumed default net type 'wire' in ../../al_ip/video_pll.v(63)
HDL-1007 : analyze verilog file ../../al_ip/afifo_16_256.v
HDL-1007 : analyze verilog file ../../src/ax_debounce.v
HDL-1007 : analyze verilog file ../../src/bmp_read.v
HDL-1007 : analyze verilog file ../../src/color_bar.v
HDL-1007 : analyze included file ../../src/video_define.v in ../../src/color_bar.v(2)
HDL-1007 : back to file '../../src/color_bar.v' in ../../src/color_bar.v(2)
HDL-1007 : analyze verilog file ../../src/frame_fifo_read.v
HDL-1007 : analyze verilog file ../../src/frame_fifo_write.v
HDL-1007 : analyze verilog file ../../src/sd_card/sd_card_cmd.v
HDL-1007 : analyze verilog file ../../src/sd_card/sd_card_sec_read_write.v
HDL-1007 : analyze verilog file ../../src/sd_card/sd_card_top.v
HDL-1007 : analyze verilog file ../../src/sd_card/spi_master.v
HDL-1007 : analyze verilog file ../../src/sd_card_bmp.v
HDL-1007 : analyze verilog file ../../src/seg_decoder.v
HDL-1007 : analyze verilog file ../../src/seg_scan.v
HDL-1007 : analyze verilog file ../../src/top.v
HDL-1007 : undeclared symbol 'sdram_clk', assumed default net type 'wire' in ../../src/top.v(102)
HDL-1007 : analyze verilog file ../../src/video_timing_data.v
HDL-1007 : analyze verilog file ../../src/sdram_r/sdram_para.v
HDL-1007 : analyze verilog file ../../src/sdram/enc_file/global_def.v
HDL-1007 : analyze verilog file ../../src/sdram/enc_file/sdr_as_ram.enc.v
Copyright (c) 1998-2019 The OpenSSL Project.  All rights reserved.
This product includes software developed by the OpenSSL Project
for use in the OpenSSL Toolkit (http://www.openssl.org/)
Copyright (C) 1995-1998 Eric Young (eay@cryptsoft.com)
All rights reserved.
This product includes cryptographic software written by Eric Young (eay@cryptsoft.com)
HDL-1007 : back to file '../../src/sdram/enc_file/sdr_as_ram.enc.v' in ../../src/sdram/enc_file/sdr_as_ram.enc.v(148)
HDL-1007 : analyze verilog file ../../src/sdram/enc_file/sdr_init_ref.enc.v
HDL-1007 : undeclared symbol '**', assumed default net type '**' in encrypted_text(0)
HDL-1007 : back to file '../../src/sdram/enc_file/sdr_init_ref.enc.v' in ../../src/sdram/enc_file/sdr_init_ref.enc.v(242)
HDL-5007 WARNING: concatenation with an unsized literal will be treated as 32 bits in encrypted_text(0)
HDL-1007 : analyze verilog file ../../src/sdram/enc_file/sdr_wrrd.enc.v
HDL-5007 WARNING: concatenation with an unsized literal will be treated as 32 bits in encrypted_text(0)
HDL-1007 : back to file '../../src/sdram/enc_file/sdr_wrrd.enc.v' in ../../src/sdram/enc_file/sdr_wrrd.enc.v(255)
HDL-1007 : analyze verilog file ../../src/sdram/sdram.v
HDL-1007 : analyze included file D:\Projects\2023_10_10_HX4S20_test\spi_FLASH_SDRAM_pic\HX4S20\/./src/sdram/enc_file/global_def.v in ../../src/sdram/sdram.v(10)
HDL-1007 : back to file '../../src/sdram/sdram.v' in ../../src/sdram/sdram.v(10)
HDL-1007 : undeclared symbol 'Sdr_busy', assumed default net type 'wire' in ../../src/sdram/sdram.v(63)
HDL-1007 : undeclared symbol 'SDR_CKE', assumed default net type 'wire' in ../../src/sdram/sdram.v(88)
HDL-1007 : analyze verilog file ../../src/frame_read_write.v
HDL-1007 : analyze verilog file ../../src/video_delay.v
RUN-1001 : Project manager successfully analyzed 26 source files.
RUN-1002 : start command "import_device eagle_s20.db -package EG4S20BG256"
ARC-1001 : Device Initialization.
ARC-1001 : ------------------------------------------------------------------
ARC-1001 :            OPTION            |          IO          |   SETTING   
ARC-1001 : ------------------------------------------------------------------
ARC-1001 :   cso_b/cclk/mosi/miso/dout  |  T3/R11/T10/P10/S11  |    gpio    
ARC-1001 :             done             |         P13          |    gpio    
ARC-1001 :           program_b          |          T2          |  dedicate  
ARC-1001 :        tdi/tms/tck/tdo       |   C12/A15/C14/E14    |  dedicate  
ARC-1001 : ------------------------------------------------------------------
ARC-1004 : Device setting, marked 5 dedicate IOs in total.
RUN-1002 : start command "import_db ../syn_1/pic_sdram_gate.db"
RUN-1001 : Importing database generated by Tang Dynasty, V5.6.71036.
RUN-1001 : Database version number 46146.
RUN-1001 : Import flow parameters
RUN-1001 : Import timing constraints
RUN-1001 : Import IO constraints
RUN-1001 : Import Inst constraints
RUN-1001 : Import design success TD_VERSION=5.6.71036 , DB_VERSION=46146
RUN-1002 : start command "read_sdc ../../top.sdc"
RUN-1002 : start command "get_ports clk"
RUN-1002 : start command "create_clock -name clk -period 20 -waveform 0 10 "
RUN-1102 : create_clock: clock name: clk, type: 0, period: 20000, rise: 0, fall: 10000.
RUN-1002 : start command "derive_pll_clocks"
USR-1002 : Gen clock cmd:  create_generated_clock -name {sys_pll_m0/pll_inst.clkc[0]} -source [get_ports {clk}] -master_clock {clk} -multiply_by 2.0000 [get_pins {sys_pll_m0/pll_inst.clkc[0]}]
RUN-1002 : start command "get_ports clk"
RUN-1002 : start command "get_pins sys_pll_m0/pll_inst.clkc[0]"
RUN-1002 : start command "create_generated_clock -name sys_pll_m0/pll_inst.clkc[0] -source  -master_clock clk -multiply_by 2.0000 "
USR-1002 : Gen clock cmd:  create_generated_clock -name {sys_pll_m0/pll_inst.clkc[1]} -source [get_ports {clk}] -master_clock {clk} -multiply_by 2.0000 [get_pins {sys_pll_m0/pll_inst.clkc[1]}]
RUN-1002 : start command "get_ports clk"
RUN-1002 : start command "get_pins sys_pll_m0/pll_inst.clkc[1]"
RUN-1002 : start command "create_generated_clock -name sys_pll_m0/pll_inst.clkc[1] -source  -master_clock clk -multiply_by 2.0000 "
USR-1002 : Gen clock cmd:  create_generated_clock -name {video_pll_m0/pll_inst.clkc[0]} -source [get_ports {clk}] -master_clock {clk} -divide_by 2.0000 [get_pins {video_pll_m0/pll_inst.clkc[0]}]
RUN-1002 : start command "get_ports clk"
RUN-1002 : start command "get_pins video_pll_m0/pll_inst.clkc[0]"
RUN-1002 : start command "create_generated_clock -name video_pll_m0/pll_inst.clkc[0] -source  -master_clock clk -divide_by 2.0000 "
RUN-1002 : start command "get_ports clk"
RUN-1002 : start command "get_pins sys_pll_m0/pll_inst.clkc[0]"
RUN-1002 : start command "rename_clock -name sd_card_clk -source  -master_clock clk "
RUN-1105 : Rename Clock: clock sys_pll_m0/pll_inst.clkc[0] was renamed, new name is sd_card_clk.
RUN-1002 : start command "get_ports clk"
RUN-1002 : start command "get_pins sys_pll_m0/pll_inst.clkc[1]"
RUN-1002 : start command "rename_clock -name ext_mem_clk -source  -master_clock clk "
RUN-1105 : Rename Clock: clock sys_pll_m0/pll_inst.clkc[1] was renamed, new name is ext_mem_clk.
RUN-1002 : start command "get_ports clk"
RUN-1002 : start command "get_pins sys_pll_m0/pll_inst.clkc[2]"
RUN-1002 : start command "rename_clock -name flash_sys_clk -source  -master_clock clk "
RUN-1107 : Rename Clock: new clock flash_sys_clk is created by rename_clock temporarily.
RUN-1002 : start command "get_ports clk"
RUN-1002 : start command "get_pins video_pll_m0/pll_inst.clkc[0]"
RUN-1002 : start command "rename_clock -name video_clk -source  -master_clock clk "
RUN-1105 : Rename Clock: clock video_pll_m0/pll_inst.clkc[0] was renamed, new name is video_clk.
RUN-1002 : start command "read_sdc -ip afifo_16_256 ../../al_ip/afifo_16_256.tcl"
RUN-1002 : start command "get_ports clkw"
RUN-1002 : start command "get_nets  clkw  "
RUN-1002 : start command "get_clocks -nowarn -of nets 8985071583232"
RUN-1002 : start command "get_ports clkr"
RUN-1002 : start command "get_nets  clkr  "
RUN-1002 : start command "get_clocks -nowarn -of nets 17935783428096"
RUN-1002 : start command "get_property -nowarn -max PERIOD "
RUN-1002 : start command "get_property -nowarn -max PERIOD "
RUN-1002 : start command "get_regs rd_to_wr_cross_inst/primary_addr_gray_reg[*]"
RUN-1002 : start command "get_regs rd_to_wr_cross_inst/sync_r1[*]"
RUN-1002 : start command "set_max_delay -from  -to  9.6999999999999993 -datapath_only"
RUN-1002 : start command "get_regs rd_to_wr_cross_inst/primary_addr_gray_reg[*]"
RUN-1002 : start command "get_regs rd_to_wr_cross_inst/sync_r1[*]"
RUN-1002 : start command "set_false_path -from  -to  -hold 9.6999999999999993"
USR-1002 : set_false_path -help -setup -hold -from <list> -rise_from <list> -fall_from <list> -to <list> -rise_to <list> -fall_to <list> -through <list>
RUN-1002 : start command "get_regs wr_to_rd_cross_inst/primary_addr_gray_reg[*]"
RUN-1002 : start command "get_regs wr_to_rd_cross_inst/sync_r1[*]"
RUN-1002 : start command "set_max_delay -from  -to  9.6999999999999993 -datapath_only"
RUN-1002 : start command "get_regs wr_to_rd_cross_inst/primary_addr_gray_reg[*]"
RUN-1002 : start command "get_regs wr_to_rd_cross_inst/sync_r1[*]"
RUN-1002 : start command "set_false_path -from  -to  -hold 9.6999999999999993"
USR-1002 : set_false_path -help -setup -hold -from <list> -rise_from <list> -fall_from <list> -to <list> -rise_to <list> -fall_to <list> -through <list>
RUN-1002 : start command "get_ports clkw"
RUN-1002 : start command "get_nets  clkw  "
RUN-1002 : start command "get_clocks -nowarn -of nets 24124831301632"
RUN-1002 : start command "get_ports clkr"
RUN-1002 : start command "get_nets  clkr  "
RUN-1002 : start command "get_clocks -nowarn -of nets 8985071583232"
RUN-1002 : start command "get_property -nowarn -max PERIOD "
RUN-1002 : start command "get_property -nowarn -max PERIOD "
RUN-1002 : start command "get_regs rd_to_wr_cross_inst/primary_addr_gray_reg[*]"
RUN-1002 : start command "get_regs rd_to_wr_cross_inst/sync_r1[*]"
RUN-1002 : start command "set_max_delay -from  -to  9.6999999999999993 -datapath_only"
RUN-1002 : start command "get_regs rd_to_wr_cross_inst/primary_addr_gray_reg[*]"
RUN-1002 : start command "get_regs rd_to_wr_cross_inst/sync_r1[*]"
RUN-1002 : start command "set_false_path -from  -to  -hold 9.6999999999999993"
USR-1002 : set_false_path -help -setup -hold -from <list> -rise_from <list> -fall_from <list> -to <list> -rise_to <list> -fall_to <list> -through <list>
RUN-1002 : start command "get_regs wr_to_rd_cross_inst/primary_addr_gray_reg[*]"
RUN-1002 : start command "get_regs wr_to_rd_cross_inst/sync_r1[*]"
RUN-1002 : start command "set_max_delay -from  -to  9.6999999999999993 -datapath_only"
RUN-1002 : start command "get_regs wr_to_rd_cross_inst/primary_addr_gray_reg[*]"
RUN-1002 : start command "get_regs wr_to_rd_cross_inst/sync_r1[*]"
RUN-1002 : start command "set_false_path -from  -to  -hold 9.6999999999999993"
USR-1002 : set_false_path -help -setup -hold -from <list> -rise_from <list> -fall_from <list> -to <list> -rise_to <list> -fall_to <list> -through <list>
RUN-1002 : start command "place"
RUN-1001 : Open license file D:/Program/Anlogic/TD5.6.2/license/Anlogic.lic
RUN-1001 : Print Global Property
RUN-1001 : ---------------------------------------------------------------
RUN-1001 :        Parameters        |  Settings  |  Default Values  |  Note  
RUN-1001 : ---------------------------------------------------------------
RUN-1001 :          message         |  standard  |     standard     |        
RUN-1001 :   mixed_pack_place_flow  |     on     |        on        |        
RUN-1001 :        qor_monitor       |    off     |       off        |        
RUN-1001 :        syn_ip_flow       |    off     |       off        |        
RUN-1001 :          thread          |    auto    |       auto       |        
RUN-1001 : ---------------------------------------------------------------
RUN-1001 : Print Place Property
RUN-1001 : --------------------------------------------------------------
RUN-1001 :        Parameters       |  Settings  |  Default Values  |  Note  
RUN-1001 : --------------------------------------------------------------
RUN-1001 :      detailed_place     |     on     |        on        |        
RUN-1001 :          effort         |   medium   |      medium      |        
RUN-1001 :         fix_hold        |    off     |       off        |        
RUN-1001 :       legalization      |    ori     |       ori        |        
RUN-1001 :      new_spreading      |     on     |        on        |        
RUN-1001 :        opt_timing       |   medium   |      medium      |        
RUN-1001 :   post_clock_route_opt  |    off     |       off        |        
RUN-1001 :       pr_strategy       |     1      |        1         |        
RUN-1001 :        relaxation       |    1.00    |       1.00       |        
RUN-1001 :         retiming        |    off     |       off        |        
RUN-1001 : --------------------------------------------------------------
PHY-3001 : Placer runs in 16 thread(s).
RUN-1002 : start command "legalize_phy_inst"
SYN-1011 : Flatten model top
SYN-5055 WARNING: The kept net frame_read_write_m0/frame_fifo_read_m0/App_rd_en_d0 will be merged to another kept net U3/App_rd_en
SYN-5055 WARNING: The kept net U3/u2_ram/u2_wrrd/App_rd_en will be merged to another kept net U3/App_rd_en
SYN-5055 WARNING: The kept net frame_read_write_m0/Sdr_rd_dout[15] will be merged to another kept net U3/Sdr_rd_dout[15]
SYN-5055 WARNING: The kept net frame_read_write_m0/Sdr_rd_dout[14] will be merged to another kept net U3/Sdr_rd_dout[14]
SYN-5055 WARNING: The kept net frame_read_write_m0/Sdr_rd_dout[13] will be merged to another kept net U3/Sdr_rd_dout[13]
SYN-5055 WARNING: The kept net frame_read_write_m0/Sdr_rd_dout[12] will be merged to another kept net U3/Sdr_rd_dout[12]
SYN-5055 WARNING: The kept net frame_read_write_m0/Sdr_rd_dout[11] will be merged to another kept net U3/Sdr_rd_dout[11]
SYN-5055 WARNING: The kept net frame_read_write_m0/Sdr_rd_dout[10] will be merged to another kept net U3/Sdr_rd_dout[10]
SYN-5055 WARNING: The kept net frame_read_write_m0/Sdr_rd_dout[9] will be merged to another kept net U3/Sdr_rd_dout[9]
SYN-5055 WARNING: The kept net frame_read_write_m0/Sdr_rd_dout[8] will be merged to another kept net U3/Sdr_rd_dout[8]
SYN-5055 Similar messages will be suppressed.
RUN-1002 : start command "phys_opt -simplify_lut"
SYN-1032 : 2817/1 useful/useless nets, 2444/0 useful/useless insts
SYN-4016 : Net frame_read_write_m0/write_buf/clkw driven by BUFG (429 clock/control pins, 1 other pins).
SYN-4016 : Net frame_read_write_m0/read_buf/clkr driven by BUFG (161 clock/control pins, 1 other pins).
SYN-4027 : Net U3/u2_ram/SDRAM_CLK is clkc1 of pll sys_pll_m0/pll_inst.
SYN-4019 : Net clk_dup_1 is refclk of pll sys_pll_m0/pll_inst.
SYN-4020 : Net clk_dup_1 is fbclk of pll sys_pll_m0/pll_inst.
SYN-4019 : Net clk_dup_1 is refclk of pll video_pll_m0/pll_inst.
SYN-4020 : Net clk_dup_1 is fbclk of pll video_pll_m0/pll_inst.
SYN-4025 : Tag rtl::Net U3/u2_ram/SDRAM_CLK as clock net
SYN-4025 : Tag rtl::Net clk_dup_1 as clock net
SYN-4025 : Tag rtl::Net frame_read_write_m0/read_buf/clkr as clock net
SYN-4025 : Tag rtl::Net frame_read_write_m0/write_buf/clkw as clock net
SYN-4026 : Tagged 4 rtl::Net as clock net
PHY-1001 : Populate physical database on model top.
RUN-1001 : There are total 2444 instances
RUN-0007 : 1005 luts, 1099 seqs, 146 mslices, 83 lslices, 102 pads, 2 brams, 0 dsps
RUN-1001 : There are total 2817 nets
RUN-6004 WARNING: There are 16 nets with only 1 pin.
RUN-1001 : 2024 nets have 2 pins
RUN-1001 : 555 nets have [3 - 5] pins
RUN-1001 : 128 nets have [6 - 10] pins
RUN-1001 : 48 nets have [11 - 20] pins
RUN-1001 : 41 nets have [21 - 99] pins
RUN-1001 : 5 nets have 100+ pins
RUN-1001 : Report Control nets information:
RUN-1001 : DFF Distribution
RUN-1001 : ----------------------------------
RUN-1001 :   CE   |  SSR  |  ASR  |  DFF Count  
RUN-1001 : ----------------------------------
RUN-1001 :   No   |  No   |  No   |     257     
RUN-1001 :   No   |  No   |  Yes  |     543     
RUN-1001 :   No   |  Yes  |  No   |     65      
RUN-1001 :   Yes  |  No   |  No   |     16      
RUN-1001 :   Yes  |  No   |  Yes  |     200     
RUN-1001 :   Yes  |  Yes  |  No   |     18      
RUN-1001 : ----------------------------------
RUN-0007 : Control Group Statistic
RUN-0007 : ---------------------------
RUN-0007 :   #CLK  |  #CE  |  #SSR/ASR  
RUN-0007 : ---------------------------
RUN-0007 :    4    |  21   |     8      
RUN-0007 : ---------------------------
RUN-0007 : Control Set = 34
PHY-3001 : Initial placement ...
PHY-3001 : design contains 2442 instances, 1005 luts, 1099 seqs, 229 slices, 35 macros(229 instances: 146 mslices 83 lslices)
PHY-0007 : Cell area utilization is 7%
PHY-3001 : Start timing update ...
RUN-1002 : start command "start_timer -report"
TMR-2505 : Start building timing graph for model top.
TMR-2506 : Build timing graph completely. Port num: 22, tpin num: 10969, tnet num: 2815, tinst num: 2442, tnode num: 14446, tedge num: 17372.
TMR-2508 : Levelizing timing graph completed, there are 43 levels in total.
TMR-2501 : Timing graph initialized successfully.
TMR-2503 : Start to update net delay, extr mode = 2.
TMR-2504 : Update delay of 2815 nets completely.
TMR-2502 : Annotate delay completely, extr mode = 2.
TMR-3001 : Initiate 4 clocks from SDC.
TMR-3004 : Map sdc constraints, there are 8 constraints in total.
TMR-3003 : Constraints initiated successfully.
TMR-3501 : Forward propagation: start to calculate arrival time...
TMR-3502 : Backward propagation: start to calculate required time...
TMR-3503 : Timing propagation completes.
PHY-3001 : End timing update;  0.433960s wall, 0.296875s user + 0.000000s system = 0.296875s CPU (68.4%)

PHY-3001 : Global placement ...
PHY-3001 : Initial: Len = 652417
PHY-3001 : Clustering ...
PHY-3001 : Level 0 #clusters 2442.
PHY-3001 : End clustering;  0.000009s wall, 0.000000s user + 0.000000s system = 0.000000s CPU (n/a%)

PHY-3001 : Run with size of 4
PHY-3001 : Cell area utilization is 7%
PHY-3001 : :::0::: Try harder cell spreading with beta_ = 0
PHY-3002 : Step(1): len = 519240, overlap = 2.25
PHY-3002 : Step(2): len = 429858, overlap = 0
PHY-3002 : Step(3): len = 378886, overlap = 2.25
PHY-3002 : Step(4): len = 341976, overlap = 2.25
PHY-3002 : Step(5): len = 305428, overlap = 2.25
PHY-3002 : Step(6): len = 273752, overlap = 2.25
PHY-3002 : Step(7): len = 247661, overlap = 2.9375
PHY-3002 : Step(8): len = 216926, overlap = 2.25
PHY-3002 : Step(9): len = 192344, overlap = 3.3125
PHY-3002 : Step(10): len = 171673, overlap = 4.0625
PHY-3002 : Step(11): len = 153183, overlap = 9.125
PHY-3002 : Step(12): len = 140286, overlap = 12.4688
PHY-3002 : Step(13): len = 126554, overlap = 15.3125
PHY-3002 : Step(14): len = 115514, overlap = 19.25
PHY-3002 : Step(15): len = 106872, overlap = 19.2812
PHY-3002 : Step(16): len = 99258.4, overlap = 20.375
PHY-3002 : Step(17): len = 94578.4, overlap = 21.9375
PHY-3002 : Step(18): len = 88570.7, overlap = 20.7812
PHY-3001 : :::1::: Try harder cell spreading with beta_ = 0.00172093
PHY-3002 : Step(19): len = 89460.3, overlap = 21.0312
PHY-3002 : Step(20): len = 88418, overlap = 20.125
PHY-3002 : Step(21): len = 86913.7, overlap = 22.5938
PHY-3002 : Step(22): len = 86694.9, overlap = 22.5938
PHY-3002 : Step(23): len = 84230.4, overlap = 22.7188
PHY-3002 : Step(24): len = 83714.9, overlap = 23.1562
PHY-3002 : Step(25): len = 83136.5, overlap = 23.1562
PHY-3002 : Step(26): len = 82139.1, overlap = 23.1875
PHY-3001 : :::2::: Try harder cell spreading with beta_ = 0.00344186
PHY-3002 : Step(27): len = 82318.3, overlap = 22.8438
PHY-3002 : Step(28): len = 82246.1, overlap = 22.8438
PHY-3002 : Step(29): len = 81696.3, overlap = 20.0938
PHY-3001 : Legalization ...
PHY-3001 : End legalization;  0.004656s wall, 0.000000s user + 0.000000s system = 0.000000s CPU (n/a%)

PHY-3001 : Run with size of 4
PHY-3001 : Cell area utilization is 9%
PHY-3001 : Update timing in Manhattan mode ...
TMR-2503 : Start to update net delay, extr mode = 3.
TMR-2504 : Update delay of 2815 nets completely.
TMR-2502 : Annotate delay completely, extr mode = 3.
TMR-3501 : Forward propagation: start to calculate arrival time...
TMR-3502 : Backward propagation: start to calculate required time...
TMR-3503 : Timing propagation completes.
PHY-3001 : End timing update;  0.053803s wall, 0.000000s user + 0.000000s system = 0.000000s CPU (n/a%)

PHY-3001 : :::0::: Try harder cell spreading with beta_ = 2.67946e-05
PHY-3002 : Step(30): len = 80389.1, overlap = 36.0625
PHY-3002 : Step(31): len = 80952.3, overlap = 33.8438
PHY-3002 : Step(32): len = 78593.5, overlap = 32.8125
PHY-3002 : Step(33): len = 75961.6, overlap = 31.6875
PHY-3002 : Step(34): len = 74932.6, overlap = 31.0938
PHY-3002 : Step(35): len = 73386.3, overlap = 30.3125
PHY-3002 : Step(36): len = 72779, overlap = 30.8125
PHY-3002 : Step(37): len = 72093.9, overlap = 31.0312
PHY-3002 : Step(38): len = 70919.8, overlap = 30.8438
PHY-3002 : Step(39): len = 69847.6, overlap = 31.3125
PHY-3002 : Step(40): len = 68865.2, overlap = 41.6875
PHY-3002 : Step(41): len = 67906.8, overlap = 41.3125
PHY-3002 : Step(42): len = 66349, overlap = 38.375
PHY-3002 : Step(43): len = 66203.2, overlap = 38.7188
PHY-3002 : Step(44): len = 65245.2, overlap = 39.5
PHY-3002 : Step(45): len = 64812.9, overlap = 39.6562
PHY-3002 : Step(46): len = 63861.4, overlap = 39.6875
PHY-3002 : Step(47): len = 62921, overlap = 39.0625
PHY-3002 : Step(48): len = 62244.1, overlap = 38.4375
PHY-3002 : Step(49): len = 61074.3, overlap = 37.5312
PHY-3002 : Step(50): len = 60332.1, overlap = 38.5625
PHY-3002 : Step(51): len = 59204.3, overlap = 44.8125
PHY-3002 : Step(52): len = 59045.2, overlap = 47.6875
PHY-3002 : Step(53): len = 58201.2, overlap = 50.3438
PHY-3002 : Step(54): len = 57982.5, overlap = 52.75
PHY-3002 : Step(55): len = 57312.9, overlap = 54.625
PHY-3002 : Step(56): len = 57027.3, overlap = 55.75
PHY-3002 : Step(57): len = 56377.7, overlap = 52.2188
PHY-3002 : Step(58): len = 55215.2, overlap = 52.1875
PHY-3002 : Step(59): len = 54702.7, overlap = 50.2812
PHY-3002 : Step(60): len = 54086.9, overlap = 46.9375
PHY-3002 : Step(61): len = 53905.2, overlap = 42.25
PHY-3001 : :::1::: Try harder cell spreading with beta_ = 5.35892e-05
PHY-3002 : Step(62): len = 53287.9, overlap = 42.2188
PHY-3002 : Step(63): len = 53374.5, overlap = 42.125
PHY-3002 : Step(64): len = 53481.9, overlap = 41.9375
PHY-3001 : :::2::: Try harder cell spreading with beta_ = 0.000107178
PHY-3002 : Step(65): len = 54169.8, overlap = 40.4062
PHY-3002 : Step(66): len = 54524.6, overlap = 39.875
PHY-3002 : Step(67): len = 55448.5, overlap = 39.1875
PHY-3002 : Step(68): len = 56080, overlap = 39.8125
PHY-3002 : Step(69): len = 55957, overlap = 39.75
PHY-3001 : Run with size of 2
PHY-3001 : Cell area utilization is 9%
PHY-3001 : Update timing in Manhattan mode ...
TMR-2503 : Start to update net delay, extr mode = 3.
TMR-2504 : Update delay of 2815 nets completely.
TMR-2502 : Annotate delay completely, extr mode = 3.
TMR-3501 : Forward propagation: start to calculate arrival time...
TMR-3502 : Backward propagation: start to calculate required time...
TMR-3503 : Timing propagation completes.
PHY-3001 : End timing update;  0.063239s wall, 0.078125s user + 0.000000s system = 0.078125s CPU (123.5%)

PHY-3001 : :::0::: Try harder cell spreading with beta_ = 4.73372e-05
PHY-3002 : Step(70): len = 55670.4, overlap = 83.25
PHY-3002 : Step(71): len = 56093.7, overlap = 76.5
PHY-3002 : Step(72): len = 55750.7, overlap = 78.2188
PHY-3002 : Step(73): len = 55819.7, overlap = 78.625
PHY-3002 : Step(74): len = 55877.3, overlap = 75.4062
PHY-3001 : :::1::: Try harder cell spreading with beta_ = 9.46745e-05
PHY-3002 : Step(75): len = 55944.8, overlap = 69.9688
PHY-3002 : Step(76): len = 56336.4, overlap = 68.0625
PHY-3002 : Step(77): len = 56881.8, overlap = 61.5
PHY-3002 : Step(78): len = 57113.4, overlap = 60.25
PHY-3002 : Step(79): len = 57067.5, overlap = 58.375
PHY-3001 : :::2::: Try harder cell spreading with beta_ = 0.000189349
PHY-3002 : Step(80): len = 57445.6, overlap = 53.4688
PHY-3002 : Step(81): len = 57832.9, overlap = 51.7188
PHY-3002 : Step(82): len = 58284.3, overlap = 48.5
PHY-3001 : :::3::: Try harder cell spreading with beta_ = 0.000378698
PHY-3002 : Step(83): len = 58954.6, overlap = 47.4688
PHY-3002 : Step(84): len = 59837.2, overlap = 46.6562
PHY-3002 : Step(85): len = 60179.2, overlap = 45.75
PHY-3001 : :::4::: Try harder cell spreading with beta_ = 0.000757396
PHY-3002 : Step(86): len = 60365.1, overlap = 45.2812
PHY-3002 : Step(87): len = 60672.6, overlap = 45.2188
PHY-3002 : Step(88): len = 61338.7, overlap = 37.375
OPT-1001 : Start physical optimization ...
RUN-1002 : start command "start_timer -report"
TMR-2505 : Start building timing graph for model top.
TMR-2506 : Build timing graph completely. Port num: 22, tpin num: 10969, tnet num: 2815, tinst num: 2442, tnode num: 14446, tedge num: 17372.
TMR-2508 : Levelizing timing graph completed, there are 43 levels in total.
TMR-2501 : Timing graph initialized successfully.
OPT-1001 : Total overflow 105.53 peak overflow 2.44
OPT-1001 : Start high-fanout net optimization ...
OPT-1001 : Update timing in global mode
PHY-1001 : Start incremental global routing, caller is place ...
RUN-1001 : Generating global routing grids ...
RUN-1001 : Building simple global routing graph ...
PHY-1001 : Generate routing nets ...
PHY-1001 : Reuse net number 0/2817.
PHY-1001 : Global iterations in 16 thread ...
PHY-1002 : len = 70248, over cnt = 252(0%), over = 832, worst = 17
PHY-1001 : End global iterations;  0.086726s wall, 0.015625s user + 0.000000s system = 0.015625s CPU (18.0%)

PHY-1001 : Congestion index: top1 = 34.94, top5 = 24.27, top10 = 17.08, top15 = 13.04.
PHY-1001 : End incremental global routing;  0.128853s wall, 0.046875s user + 0.000000s system = 0.046875s CPU (36.4%)

TMR-2503 : Start to update net delay, extr mode = 5.
TMR-2504 : Update delay of 2815 nets completely.
TMR-2502 : Annotate delay completely, extr mode = 5.
TMR-3001 : Initiate 4 clocks from SDC.
TMR-3004 : Map sdc constraints, there are 8 constraints in total.
TMR-3003 : Constraints initiated successfully.
TMR-3501 : Forward propagation: start to calculate arrival time...
TMR-3502 : Backward propagation: start to calculate required time...
TMR-3503 : Timing propagation completes.
OPT-1001 : End timing update;  0.058286s wall, 0.062500s user + 0.000000s system = 0.062500s CPU (107.2%)

OPT-1001 : 0 high-fanout net processed.
OPT-1001 : End high-fanout net optimization;  0.219436s wall, 0.125000s user + 0.000000s system = 0.125000s CPU (57.0%)

OPT-1001 : Current memory(MB): used = 216, reserve = 187, peak = 216.
OPT-1001 : Start global optimization ...
OPT-1001 : Start congestion update ...
RUN-1001 : Generating global routing grids ...
PHY-1001 : Generate routing nets ...
PHY-1001 : Reuse net number 1891/2817.
PHY-1001 : Global iterations in 16 thread ...
PHY-1002 : len = 70248, over cnt = 252(0%), over = 832, worst = 17
PHY-1002 : len = 75496, over cnt = 125(0%), over = 288, worst = 11
PHY-1002 : len = 78168, over cnt = 40(0%), over = 85, worst = 10
PHY-1002 : len = 79456, over cnt = 5(0%), over = 7, worst = 3
PHY-1002 : len = 79616, over cnt = 0(0%), over = 0, worst = 0
PHY-1001 : End global iterations;  0.076985s wall, 0.015625s user + 0.000000s system = 0.015625s CPU (20.3%)

PHY-1001 : Congestion index: top1 = 31.75, top5 = 23.89, top10 = 18.13, top15 = 14.20.
OPT-1001 : End congestion update;  0.116020s wall, 0.031250s user + 0.000000s system = 0.031250s CPU (26.9%)

OPT-1001 : Update timing in Manhattan mode
TMR-2503 : Start to update net delay, extr mode = 3.
TMR-2504 : Update delay of 2815 nets completely.
TMR-2502 : Annotate delay completely, extr mode = 3.
TMR-3501 : Forward propagation: start to calculate arrival time...
TMR-3502 : Backward propagation: start to calculate required time...
TMR-3503 : Timing propagation completes.
OPT-1001 : End timing update;  0.050433s wall, 0.046875s user + 0.000000s system = 0.046875s CPU (92.9%)

OPT-0007 : Start: WNS 4556 TNS 0 NUM_FEPS 0
OPT-1001 : End global optimization;  0.166697s wall, 0.078125s user + 0.000000s system = 0.078125s CPU (46.9%)

OPT-1001 : Current memory(MB): used = 220, reserve = 192, peak = 220.
OPT-1001 : End physical optimization;  0.811882s wall, 0.437500s user + 0.000000s system = 0.437500s CPU (53.9%)

PHY-3001 : Start packing ...
SYN-4007 : Packing 0 MUX to BLE ...
SYN-4008 : Packed 0 MUX and 0 SEQ to BLE.
SYN-4007 : Packing 1005 LUT to BLE ...
SYN-4008 : Packed 1005 LUT and 532 SEQ to BLE.
SYN-4003 : Packing 567 remaining SEQ's ...
SYN-4005 : Packed 160 SEQ with LUT/SLICE
SYN-4006 : 337 single LUT's are left
SYN-4006 : 407 single SEQ's are left
SYN-4011 : Packing model "top" (AL_USER_NORMAL) with 1412/1964 primitive instances ...
PHY-3001 : End packing;  0.062866s wall, 0.046875s user + 0.000000s system = 0.046875s CPU (74.6%)

PHY-1001 : Populate physical database on model top.
RUN-1001 : There are total 1114 instances
RUN-1001 : 502 mslices, 501 lslices, 102 pads, 2 brams, 0 dsps
RUN-1001 : There are total 2324 nets
RUN-6004 WARNING: There are 16 nets with only 1 pin.
RUN-1001 : 1550 nets have 2 pins
RUN-1001 : 532 nets have [3 - 5] pins
RUN-1001 : 131 nets have [6 - 10] pins
RUN-1001 : 48 nets have [11 - 20] pins
RUN-1001 : 42 nets have [21 - 99] pins
RUN-1001 : 5 nets have 100+ pins
PHY-3001 : design contains 1112 instances, 1003 slices, 35 macros(229 instances: 146 mslices 83 lslices)
PHY-3001 : Cell area utilization is 13%
PHY-3001 : After packing: Len = 60753.4, Over = 61.25
PHY-3001 : Run with size of 2
PHY-3001 : Cell area utilization is 13%
PHY-3001 : Update timing in Manhattan mode ...
RUN-1002 : start command "start_timer -report"
TMR-2505 : Start building timing graph for model top.
TMR-2506 : Build timing graph completely. Port num: 22, tpin num: 9208, tnet num: 2322, tinst num: 1112, tnode num: 11773, tedge num: 15388.
TMR-2508 : Levelizing timing graph completed, there are 41 levels in total.
TMR-2501 : Timing graph initialized successfully.
TMR-2503 : Start to update net delay, extr mode = 3.
TMR-2504 : Update delay of 2322 nets completely.
TMR-2502 : Annotate delay completely, extr mode = 3.
TMR-3001 : Initiate 4 clocks from SDC.
TMR-3004 : Map sdc constraints, there are 8 constraints in total.
TMR-3003 : Constraints initiated successfully.
TMR-3501 : Forward propagation: start to calculate arrival time...
TMR-3502 : Backward propagation: start to calculate required time...
TMR-3503 : Timing propagation completes.
PHY-3001 : End timing update;  0.475125s wall, 0.328125s user + 0.000000s system = 0.328125s CPU (69.1%)

PHY-3001 : :::0::: Try harder cell spreading with beta_ = 7.98275e-05
PHY-3002 : Step(89): len = 59615, overlap = 63.75
PHY-3002 : Step(90): len = 59070.3, overlap = 65
PHY-3002 : Step(91): len = 58695.9, overlap = 67.25
PHY-3002 : Step(92): len = 58566.6, overlap = 67
PHY-3002 : Step(93): len = 58318, overlap = 69.25
PHY-3001 : :::1::: Try harder cell spreading with beta_ = 0.000159655
PHY-3002 : Step(94): len = 59290.3, overlap = 64
PHY-3002 : Step(95): len = 59818.4, overlap = 60.25
PHY-3002 : Step(96): len = 60198.3, overlap = 60.75
PHY-3001 : :::2::: Try harder cell spreading with beta_ = 0.00031931
PHY-3002 : Step(97): len = 60911.3, overlap = 60.25
PHY-3002 : Step(98): len = 61948.6, overlap = 57
PHY-3002 : Step(99): len = 62615.9, overlap = 56.75
PHY-3001 : Legalization ...
PHY-3001 : End legalization;  0.133623s wall, 0.000000s user + 0.015625s system = 0.015625s CPU (11.7%)

PHY-3001 : Trial Legalized: Len = 78142.2
PHY-3001 : Run with size of 2
PHY-3001 : Cell area utilization is 13%
PHY-3001 : Update timing in Manhattan mode ...
TMR-2503 : Start to update net delay, extr mode = 3.
TMR-2504 : Update delay of 2322 nets completely.
TMR-2502 : Annotate delay completely, extr mode = 3.
TMR-3501 : Forward propagation: start to calculate arrival time...
TMR-3502 : Backward propagation: start to calculate required time...
TMR-3503 : Timing propagation completes.
PHY-3001 : End timing update;  0.044276s wall, 0.000000s user + 0.000000s system = 0.000000s CPU (n/a%)

PHY-3001 : :::0::: Try harder cell spreading with beta_ = 0.00128372
PHY-3002 : Step(100): len = 73449.2, overlap = 7.25
PHY-3002 : Step(101): len = 71073.6, overlap = 11.75
PHY-3002 : Step(102): len = 69482.6, overlap = 15.5
PHY-3002 : Step(103): len = 67869.3, overlap = 21
PHY-3002 : Step(104): len = 66438.6, overlap = 26
PHY-3002 : Step(105): len = 65725.1, overlap = 28
PHY-3002 : Step(106): len = 65166.7, overlap = 29.75
PHY-3001 : :::1::: Try harder cell spreading with beta_ = 0.00256744
PHY-3002 : Step(107): len = 65315.7, overlap = 28.75
PHY-3002 : Step(108): len = 65445.5, overlap = 30
PHY-3001 : :::2::: Try harder cell spreading with beta_ = 0.00513488
PHY-3002 : Step(109): len = 65648, overlap = 27.75
PHY-3002 : Step(110): len = 65817.1, overlap = 26.75
PHY-3001 : Legalization ...
PHY-3001 : End legalization;  0.004529s wall, 0.000000s user + 0.000000s system = 0.000000s CPU (n/a%)

PHY-3001 : Legalized: Len = 72990.8, Over = 0
PHY-3001 : Spreading special nets. 24 overflows in 2952 tiles.
PHY-3001 : End spreading;  0.006295s wall, 0.000000s user + 0.000000s system = 0.000000s CPU (n/a%)

PHY-3001 : 32 instances has been re-located, deltaX = 12, deltaY = 20, maxDist = 3.
PHY-3001 : Final: Len = 73760.8, Over = 0
OPT-1001 : Start physical optimization ...
RUN-1002 : start command "start_timer -report"
TMR-2505 : Start building timing graph for model top.
TMR-2506 : Build timing graph completely. Port num: 22, tpin num: 9208, tnet num: 2322, tinst num: 1112, tnode num: 11773, tedge num: 15388.
TMR-2508 : Levelizing timing graph completed, there are 41 levels in total.
TMR-2501 : Timing graph initialized successfully.
OPT-1001 : Total overflow 0.00 peak overflow 0.00
OPT-1001 : Start high-fanout net optimization ...
OPT-1001 : Update timing in global mode
PHY-1001 : Start incremental global routing, caller is place ...
RUN-1001 : Generating global routing grids ...
PHY-1001 : Generate routing nets ...
PHY-1001 : Reuse net number 97/2324.
PHY-1001 : Global iterations in 16 thread ...
PHY-1002 : len = 85208, over cnt = 166(0%), over = 279, worst = 6
PHY-1002 : len = 86472, over cnt = 88(0%), over = 117, worst = 4
PHY-1002 : len = 87528, over cnt = 18(0%), over = 25, worst = 3
PHY-1002 : len = 87816, over cnt = 2(0%), over = 2, worst = 1
PHY-1002 : len = 87848, over cnt = 0(0%), over = 0, worst = 0
PHY-1001 : End global iterations;  0.142944s wall, 0.015625s user + 0.000000s system = 0.015625s CPU (10.9%)

PHY-1001 : Congestion index: top1 = 27.84, top5 = 21.96, top10 = 17.86, top15 = 14.65.
PHY-1001 : End incremental global routing;  0.190005s wall, 0.031250s user + 0.000000s system = 0.031250s CPU (16.4%)

TMR-2503 : Start to update net delay, extr mode = 5.
TMR-2504 : Update delay of 2322 nets completely.
TMR-2502 : Annotate delay completely, extr mode = 5.
TMR-3001 : Initiate 4 clocks from SDC.
TMR-3004 : Map sdc constraints, there are 8 constraints in total.
TMR-3003 : Constraints initiated successfully.
TMR-3501 : Forward propagation: start to calculate arrival time...
TMR-3502 : Backward propagation: start to calculate required time...
TMR-3503 : Timing propagation completes.
OPT-1001 : End timing update;  0.053546s wall, 0.046875s user + 0.000000s system = 0.046875s CPU (87.5%)

OPT-1001 : 2 high-fanout net processed.
PHY-3001 : Start incremental placement ...
PHY-1001 : Populate physical database on model top.
PHY-3001 : Initial placement ...
PHY-3001 : eco special cells: 1 has valid locations, 0 needs to be replaced
PHY-3001 : eco pad cells: 102 has valid locations, 0 needs to be replaced
PHY-3001 : eco cells: 1003 has valid locations, 8 needs to be replaced
PHY-3001 : design contains 1118 instances, 1009 slices, 35 macros(229 instances: 146 mslices 83 lslices)
PHY-3001 : Global placement ...
PHY-3001 : Initial: Len = 74551.4
PHY-3001 : Run with size of 4
PHY-3001 : Cell area utilization is 13%
PHY-3001 : Update timing in Manhattan mode ...
RUN-1002 : start command "start_timer -report"
TMR-2505 : Start building timing graph for model top.
TMR-2506 : Build timing graph completely. Port num: 22, tpin num: 9264, tnet num: 2327, tinst num: 1118, tnode num: 11838, tedge num: 15466.
TMR-2508 : Levelizing timing graph completed, there are 41 levels in total.
TMR-2501 : Timing graph initialized successfully.
TMR-2503 : Start to update net delay, extr mode = 3.
TMR-2504 : Update delay of 2327 nets completely.
TMR-2502 : Annotate delay completely, extr mode = 3.
TMR-3001 : Initiate 4 clocks from SDC.
TMR-3004 : Map sdc constraints, there are 8 constraints in total.
TMR-3003 : Constraints initiated successfully.
TMR-3501 : Forward propagation: start to calculate arrival time...
TMR-3502 : Backward propagation: start to calculate required time...
TMR-3503 : Timing propagation completes.
PHY-3001 : End timing update;  0.487631s wall, 0.281250s user + 0.000000s system = 0.281250s CPU (57.7%)

PHY-3001 : :::0::: Try harder cell spreading with beta_ = 0
PHY-3002 : Step(111): len = 74087.4, overlap = 0.25
PHY-3002 : Step(112): len = 74050.5, overlap = 0.25
PHY-3002 : Step(113): len = 74014.6, overlap = 0.25
PHY-3001 : Run with size of 2
PHY-3001 : Cell area utilization is 13%
PHY-3001 : Update timing in Manhattan mode ...
TMR-2503 : Start to update net delay, extr mode = 3.
TMR-2504 : Update delay of 2327 nets completely.
TMR-2502 : Annotate delay completely, extr mode = 3.
TMR-3501 : Forward propagation: start to calculate arrival time...
TMR-3502 : Backward propagation: start to calculate required time...
TMR-3503 : Timing propagation completes.
PHY-3001 : End timing update;  0.044887s wall, 0.031250s user + 0.000000s system = 0.031250s CPU (69.6%)

PHY-3001 : :::0::: Try harder cell spreading with beta_ = 0.000432576
PHY-3002 : Step(114): len = 74049.1, overlap = 1.25
PHY-3002 : Step(115): len = 74053.2, overlap = 1.25
PHY-3001 : Legalization ...
PHY-3001 : End legalization;  0.003455s wall, 0.000000s user + 0.000000s system = 0.000000s CPU (n/a%)

PHY-3001 : Legalized: Len = 74223.8, Over = 0
PHY-3001 : End spreading;  0.004707s wall, 0.000000s user + 0.000000s system = 0.000000s CPU (n/a%)

PHY-3001 : Final: Len = 74223.8, Over = 0
PHY-3001 : End incremental placement;  0.618751s wall, 0.328125s user + 0.000000s system = 0.328125s CPU (53.0%)

OPT-1001 : Total overflow 0.00 peak overflow 0.00
OPT-1001 : End high-fanout net optimization;  0.899669s wall, 0.421875s user + 0.000000s system = 0.421875s CPU (46.9%)

OPT-1001 : Current memory(MB): used = 228, reserve = 201, peak = 229.
OPT-1001 : Start path based optimization ...
OPT-1001 : Start congestion update ...
RUN-1001 : Generating global routing grids ...
PHY-1001 : Generate routing nets ...
PHY-1001 : Reuse net number 1907/2329.
PHY-1001 : Global iterations in 16 thread ...
PHY-1002 : len = 88320, over cnt = 13(0%), over = 14, worst = 2
PHY-1002 : len = 88368, over cnt = 5(0%), over = 5, worst = 1
PHY-1002 : len = 88448, over cnt = 0(0%), over = 0, worst = 0
PHY-1001 : End global iterations;  0.024533s wall, 0.000000s user + 0.000000s system = 0.000000s CPU (n/a%)

PHY-1001 : Congestion index: top1 = 27.89, top5 = 22.24, top10 = 18.04, top15 = 14.80.
OPT-1001 : End congestion update;  0.064663s wall, 0.000000s user + 0.000000s system = 0.000000s CPU (n/a%)

OPT-1001 : Update timing in Manhattan mode
TMR-2503 : Start to update net delay, extr mode = 3.
TMR-2504 : Update delay of 2327 nets completely.
TMR-2502 : Annotate delay completely, extr mode = 3.
TMR-3501 : Forward propagation: start to calculate arrival time...
TMR-3502 : Backward propagation: start to calculate required time...
TMR-3503 : Timing propagation completes.
OPT-1001 : End timing update;  0.044955s wall, 0.062500s user + 0.000000s system = 0.062500s CPU (139.0%)

OPT-0007 : Start: WNS 4169 TNS 0 NUM_FEPS 0
OPT-1001 : End path based optimization;  0.109854s wall, 0.062500s user + 0.000000s system = 0.062500s CPU (56.9%)

OPT-1001 : Current memory(MB): used = 229, reserve = 202, peak = 229.
OPT-1001 : Update timing in Manhattan mode
TMR-2503 : Start to update net delay, extr mode = 3.
TMR-2504 : Update delay of 2327 nets completely.
TMR-2502 : Annotate delay completely, extr mode = 3.
TMR-3501 : Forward propagation: start to calculate arrival time...
TMR-3502 : Backward propagation: start to calculate required time...
TMR-3503 : Timing propagation completes.
OPT-1001 : End timing update;  0.044382s wall, 0.031250s user + 0.000000s system = 0.031250s CPU (70.4%)

OPT-1001 : Start pin optimization...
OPT-1001 : skip pin optimization...
RUN-1001 : Generating global routing grids ...
PHY-1001 : Generate routing nets ...
PHY-1001 : Reuse net number 1917/2329.
PHY-1001 : Global iterations in 16 thread ...
PHY-1002 : len = 88448, over cnt = 0(0%), over = 0, worst = 0
PHY-1001 : End global iterations;  0.004358s wall, 0.000000s user + 0.000000s system = 0.000000s CPU (n/a%)

PHY-1001 : Congestion index: top1 = 27.89, top5 = 22.24, top10 = 18.04, top15 = 14.80.
OPT-1001 : Update timing in Manhattan mode
TMR-2503 : Start to update net delay, extr mode = 3.
TMR-2504 : Update delay of 2327 nets completely.
TMR-2502 : Annotate delay completely, extr mode = 3.
TMR-3501 : Forward propagation: start to calculate arrival time...
TMR-3502 : Backward propagation: start to calculate required time...
TMR-3503 : Timing propagation completes.
OPT-1001 : End timing update;  0.045184s wall, 0.015625s user + 0.000000s system = 0.015625s CPU (34.6%)

RUN-1001 : QoR Analysis:
OPT-0007 :   WNS 4169 TNS 0 NUM_FEPS 0
RUN-1001 :   No local congestion issue, and most congested 1% tile average routing util is 27.551724
RUN-1001 :   Top critical paths
RUN-1001 :       #1 path slack 4169ps with logic level 8 
RUN-1001 :       #2 path slack 4228ps with logic level 8 
RUN-1001 :       #3 path slack 4269ps with logic level 8 
OPT-1001 : End physical optimization;  1.596703s wall, 0.765625s user + 0.000000s system = 0.765625s CPU (48.0%)

RUN-1003 : finish command "place" in  5.731782s wall, 2.359375s user + 0.140625s system = 2.500000s CPU (43.6%)

RUN-1004 : used memory is 202 MB, reserved memory is 173 MB, peak memory is 229 MB
RUN-1002 : start command "export_db pic_sdram_place.db"
RUN-1001 : Exported /
RUN-1001 : Exported flow parameters
RUN-1001 : Exported libs
RUN-1001 : Exported entities
RUN-1001 : Exported ports
RUN-1001 : Exported pins
RUN-1001 : Exported instances
RUN-1001 : Exported nets
RUN-1001 : Exported buses
RUN-1001 : Exported models
RUN-1001 : Exported congestions
RUN-1001 : Exported violations
RUN-1001 : Exported timing constraints
RUN-1001 : Exported IO constraints
RUN-1001 : Exported Inst constraints
RUN-1002 : start command "route"
RUN-1001 : Open license file D:/Program/Anlogic/TD5.6.2/license/Anlogic.lic
RUN-1001 : Print Global Property
RUN-1001 : ---------------------------------------------------------------
RUN-1001 :        Parameters        |  Settings  |  Default Values  |  Note  
RUN-1001 : ---------------------------------------------------------------
RUN-1001 :          message         |  standard  |     standard     |        
RUN-1001 :   mixed_pack_place_flow  |     on     |        on        |        
RUN-1001 :        qor_monitor       |    off     |       off        |        
RUN-1001 :        syn_ip_flow       |    off     |       off        |        
RUN-1001 :          thread          |    auto    |       auto       |        
RUN-1001 : ---------------------------------------------------------------
RUN-1001 : Print Route Property
RUN-1001 : -------------------------------------------------------
RUN-1001 :    Parameters    |  Settings  |  Default Values  |  Note  
RUN-1001 : -------------------------------------------------------
RUN-1001 :      effort      |   medium   |      medium      |        
RUN-1001 :     fix_hold     |    off     |       off        |        
RUN-1001 :    opt_timing    |   medium   |      medium      |        
RUN-1001 :   phy_sim_model  |    off     |       off        |        
RUN-1001 :     priority     |   timing   |      timing      |        
RUN-1001 :     swap_pin     |     on     |        on        |        
RUN-1001 : -------------------------------------------------------
PHY-1001 : Route runs in 16 thread(s)
RUN-1001 : There are total 1120 instances
RUN-1001 : 505 mslices, 504 lslices, 102 pads, 2 brams, 0 dsps
RUN-1001 : There are total 2329 nets
RUN-6004 WARNING: There are 16 nets with only 1 pin.
RUN-1001 : 1548 nets have 2 pins
RUN-1001 : 533 nets have [3 - 5] pins
RUN-1001 : 134 nets have [6 - 10] pins
RUN-1001 : 49 nets have [11 - 20] pins
RUN-1001 : 44 nets have [21 - 99] pins
RUN-1001 : 5 nets have 100+ pins
RUN-1002 : start command "start_timer -report"
TMR-2505 : Start building timing graph for model top.
TMR-2506 : Build timing graph completely. Port num: 22, tpin num: 9264, tnet num: 2327, tinst num: 1118, tnode num: 11838, tedge num: 15466.
TMR-2508 : Levelizing timing graph completed, there are 41 levels in total.
TMR-2501 : Timing graph initialized successfully.
PHY-1001 : 505 mslices, 504 lslices, 102 pads, 2 brams, 0 dsps
TMR-2503 : Start to update net delay, extr mode = 3.
TMR-2504 : Update delay of 2327 nets completely.
TMR-2502 : Annotate delay completely, extr mode = 3.
TMR-3001 : Initiate 4 clocks from SDC.
TMR-3004 : Map sdc constraints, there are 8 constraints in total.
TMR-3003 : Constraints initiated successfully.
TMR-3501 : Forward propagation: start to calculate arrival time...
TMR-3502 : Backward propagation: start to calculate required time...
TMR-3503 : Timing propagation completes.
PHY-1001 : Start global routing, caller is route ...
RUN-1001 : Generating global routing grids ...
PHY-1001 : Generate routing nets ...
PHY-1001 : Global iterations in 16 thread ...
PHY-1002 : len = 84752, over cnt = 170(0%), over = 298, worst = 8
PHY-1002 : len = 86064, over cnt = 97(0%), over = 142, worst = 5
PHY-1002 : len = 87024, over cnt = 32(0%), over = 49, worst = 3
PHY-1002 : len = 87680, over cnt = 0(0%), over = 0, worst = 0
PHY-1001 : End global iterations;  0.139944s wall, 0.000000s user + 0.000000s system = 0.000000s CPU (n/a%)

PHY-1001 : Congestion index: top1 = 28.19, top5 = 22.07, top10 = 17.96, top15 = 14.63.
PHY-1001 : End global routing;  0.186832s wall, 0.031250s user + 0.000000s system = 0.031250s CPU (16.7%)

PHY-1001 : Start detail routing ...
PHY-1001 : Current memory(MB): used = 244, reserve = 216, peak = 260.
PHY-1001 : Detailed router is running in normal mode.
PHY-1001 : Generate detailed routing grids ...
PHY-1001 : Generate nets ...
PHY-1001 : net clk_dup_1 will be routed on clock mesh
PHY-1001 : net U3/u2_ram/SDRAM_CLK will be routed on clock mesh
PHY-5010 WARNING: Net U3/u2_ram/u2_wrrd/Sdr_rd_dout[31] is skipped due to 0 input or output
PHY-5010 WARNING: Net U3/u2_ram/u2_wrrd/Sdr_rd_dout[30] is skipped due to 0 input or output
PHY-5010 WARNING: Net U3/u2_ram/u2_wrrd/Sdr_rd_dout[29] is skipped due to 0 input or output
PHY-5010 WARNING: Net U3/u2_ram/u2_wrrd/Sdr_rd_dout[28] is skipped due to 0 input or output
PHY-5010 WARNING: Net U3/u2_ram/u2_wrrd/Sdr_rd_dout[27] is skipped due to 0 input or output
PHY-5010 WARNING: Net U3/u2_ram/u2_wrrd/Sdr_rd_dout[26] is skipped due to 0 input or output
PHY-5010 WARNING: Net U3/u2_ram/u2_wrrd/Sdr_rd_dout[25] is skipped due to 0 input or output
PHY-5010 WARNING: Net U3/u2_ram/u2_wrrd/Sdr_rd_dout[24] is skipped due to 0 input or output
PHY-5010 WARNING: Net U3/u2_ram/u2_wrrd/Sdr_rd_dout[23] is skipped due to 0 input or output
PHY-5010 WARNING: Net U3/u2_ram/u2_wrrd/Sdr_rd_dout[22] is skipped due to 0 input or output
PHY-5010 Similar messages will be suppressed.
PHY-1001 : clock net frame_read_write_m0/read_buf/clkr will be merged with clock video_pll_m0/clk0_buf
PHY-1001 : clock net frame_read_write_m0/write_buf/clkw will be merged with clock sys_pll_m0/clk0_buf
PHY-1001 : Current memory(MB): used = 513, reserve = 490, peak = 513.
PHY-1001 : End build detailed router design. 2.467920s wall, 1.421875s user + 0.031250s system = 1.453125s CPU (58.9%)

PHY-1001 : Detail Route ...
PHY-1001 : ===== Detail Route Phase 1 =====
PHY-1001 : Clock net routing.....
PHY-1001 : Routed 0% nets.
PHY-1022 : len = 46288, over cnt = 0(0%), over = 0, worst = 0, crit = 0
PHY-1001 : End initial clock net routed; 0.681520s wall, 0.406250s user + 0.000000s system = 0.406250s CPU (59.6%)

PHY-1001 : Current memory(MB): used = 546, reserve = 525, peak = 546.
PHY-1001 : End phase 1; 0.687153s wall, 0.406250s user + 0.000000s system = 0.406250s CPU (59.1%)

PHY-1001 : ===== Detail Route Phase 2 =====
PHY-1001 : Initial routing.....
PHY-1001 : Routed 33% nets.
PHY-1001 : Routed 40% nets.
PHY-1001 : Routed 53% nets.
PHY-1001 : Routed 68% nets.
PHY-1001 : Routed 88% nets.
PHY-1022 : len = 279600, over cnt = 69(0%), over = 69, worst = 1, crit = 0
PHY-1001 : Current memory(MB): used = 547, reserve = 525, peak = 547.
PHY-1001 : End initial routed; 1.433532s wall, 0.390625s user + 0.000000s system = 0.390625s CPU (27.2%)

PHY-1001 : Update timing.....
PHY-1001 : 0/2070(0%) critical/total net(s).
RUN-1001 : --------------------------------------
RUN-1001 :   Type   |  WNS(ns)  |  TNS(ns)  |  FEP  
RUN-1001 : --------------------------------------
RUN-1001 :   Setup  |   1.319   |   0.000   |   0   
RUN-1001 :   Hold   |   0.104   |   0.000   |   0   
RUN-1001 : --------------------------------------
PHY-1001 : End update timing; 0.556777s wall, 0.375000s user + 0.000000s system = 0.375000s CPU (67.4%)

PHY-1001 : Current memory(MB): used = 548, reserve = 526, peak = 548.
PHY-1001 : End phase 2; 1.990359s wall, 0.765625s user + 0.000000s system = 0.765625s CPU (38.5%)

PHY-1001 : ===== Detail Route Phase 3 =====
PHY-1001 : Optimize timing.....
PHY-1022 : len = 279600, over cnt = 69(0%), over = 69, worst = 1, crit = 0
PHY-1001 : End optimize timing; 0.014914s wall, 0.000000s user + 0.000000s system = 0.000000s CPU (n/a%)

PHY-1001 : Ripup-reroute.....
PHY-1001 : ===== DR Iter 1 =====
PHY-1022 : len = 279288, over cnt = 14(0%), over = 14, worst = 1, crit = 0
PHY-1001 : End DR Iter 1; 0.042239s wall, 0.015625s user + 0.000000s system = 0.015625s CPU (37.0%)

PHY-1001 : ===== DR Iter 2 =====
PHY-1022 : len = 279424, over cnt = 0(0%), over = 0, worst = 0, crit = 0
PHY-1001 : End DR Iter 2; 0.019127s wall, 0.000000s user + 0.000000s system = 0.000000s CPU (n/a%)

PHY-1001 : Update timing.....
PHY-1001 : 0/2070(0%) critical/total net(s).
RUN-1001 : --------------------------------------
RUN-1001 :   Type   |  WNS(ns)  |  TNS(ns)  |  FEP  
RUN-1001 : --------------------------------------
RUN-1001 :   Setup  |   1.319   |   0.000   |   0   
RUN-1001 :   Hold   |   0.104   |   0.000   |   0   
RUN-1001 : --------------------------------------
PHY-1001 : End update timing; 0.533348s wall, 0.359375s user + 0.000000s system = 0.359375s CPU (67.4%)

PHY-1001 : Commit to database.....
PHY-1001 : 5 feed throughs used by 5 nets
PHY-1001 : End commit to database; 0.195885s wall, 0.093750s user + 0.015625s system = 0.109375s CPU (55.8%)

PHY-1001 : Current memory(MB): used = 565, reserve = 543, peak = 565.
PHY-1001 : End phase 3; 0.917798s wall, 0.515625s user + 0.015625s system = 0.531250s CPU (57.9%)

PHY-1003 : Routed, final wirelength = 279424
PHY-1001 : Current memory(MB): used = 566, reserve = 543, peak = 566.
PHY-1001 : End export database. 0.008319s wall, 0.000000s user + 0.000000s system = 0.000000s CPU (n/a%)

PHY-1001 : End detail routing;  6.218830s wall, 3.250000s user + 0.046875s system = 3.296875s CPU (53.0%)

RUN-1003 : finish command "route" in  6.933642s wall, 3.625000s user + 0.046875s system = 3.671875s CPU (53.0%)

RUN-1004 : used memory is 516 MB, reserved memory is 495 MB, peak memory is 566 MB
RUN-1002 : start command "report_area -io_info -file pic_sdram_phy.area"
RUN-1001 : standard
***Report Model: top Device: EG4S20BG256***

IO Statistics
#IO                        47
  #input                    6
  #output                  37
  #inout                    4

Utilization Statistics
#lut                     1519   out of  19600    7.75%
#reg                     1136   out of  19600    5.80%
#le                      1922
  #lut only               786   out of   1922   40.89%
  #reg only               403   out of   1922   20.97%
  #lut&reg                733   out of   1922   38.14%
#dsp                        0   out of     29    0.00%
#bram                       2   out of     64    3.12%
  #bram9k                   2
  #fifo9k                   0
#bram32k                    0   out of     16    0.00%
#pad                       47   out of    188   25.00%
  #ireg                     1
  #oreg                    34
  #treg                     0
#pll                        2   out of      4   50.00%
#gclk                       2   out of     16   12.50%

Clock Resource Statistics
Index     ClockNet                 Type               DriverType         Driver                         Fanout
#1        U3/u2_ram/SDRAM_CLK      GCLK               pll                sys_pll_m0/pll_inst.clkc1      376
#2        sys_pll_m0/clk0_buf      GCLK               pll                sys_pll_m0/pll_inst.clkc0      263
#3        video_pll_m0/clk0_buf    GCLK               pll                video_pll_m0/pll_inst.clkc0    105
#4        clk_dup_1                GCLK               io                 clk_syn_2.di                   26


Detailed IO Report

       Name         Direction    Location    IOStandard    DriveStrength    PullType     PackReg   
       clk            INPUT         R7        LVCMOS33          N/A           NONE        NONE     
       key1           INPUT         B2        LVCMOS33          N/A           NONE        IREG     
       key2           INPUT         B1        LVCMOS33          N/A           NONE        NONE     
      rst_n           INPUT         A2        LVCMOS33          N/A           NONE        NONE     
     sd_miso          INPUT        B14        LVCMOS33          N/A           NONE        NONE     
     switch1          INPUT         C8        LVCMOS33          N/A           NONE        NONE     
    flash_cs_n       OUTPUT         P8        LVCMOS33           8            NONE        NONE     
    flash_sck        OUTPUT         M9        LVCMOS33           8            NONE        NONE     
     sd_dclk         OUTPUT        A14        LVCMOS33           8            NONE        OREG     
     sd_mosi         OUTPUT        A13        LVCMOS33           8            NONE        OREG     
      sd_ncs         OUTPUT        A12        LVCMOS33           8            NONE        OREG     
   seg_data[7]       OUTPUT         A6        LVCMOS33           8            NONE        NONE     
   seg_data[6]       OUTPUT         A7        LVCMOS33           8            NONE        OREG     
   seg_data[5]       OUTPUT         A8        LVCMOS33           8            NONE        OREG     
   seg_data[4]       OUTPUT         B5        LVCMOS33           8            NONE        OREG     
   seg_data[3]       OUTPUT         A5        LVCMOS33           8            NONE        OREG     
   seg_data[2]       OUTPUT         B6        LVCMOS33           8            NONE        OREG     
   seg_data[1]       OUTPUT        C16        LVCMOS33           8            NONE        OREG     
   seg_data[0]       OUTPUT        C15        LVCMOS33           8            NONE        OREG     
    seg_sel[5]       OUTPUT        D11        LVCMOS33           8            NONE        OREG     
    seg_sel[4]       OUTPUT        E11        LVCMOS33           8            NONE        OREG     
    seg_sel[3]       OUTPUT        F10        LVCMOS33           8            NONE        OREG     
    seg_sel[2]       OUTPUT        C13        LVCMOS33           8            NONE        OREG     
    seg_sel[1]       OUTPUT        E10        LVCMOS33           8            NONE        OREG     
    seg_sel[0]       OUTPUT        E12        LVCMOS33           8            NONE        OREG     
   vga_out_b[4]      OUTPUT         D5        LVCMOS33           8            NONE        OREG     
   vga_out_b[3]      OUTPUT         D6        LVCMOS33           8            NONE        OREG     
   vga_out_b[2]      OUTPUT         E6        LVCMOS33           8            NONE        OREG     
   vga_out_b[1]      OUTPUT         F6        LVCMOS33           8            NONE        OREG     
   vga_out_b[0]      OUTPUT        H16        LVCMOS25           8            N/A         OREG     
   vga_out_g[5]      OUTPUT         N6        LVCMOS33           8            NONE        OREG     
   vga_out_g[4]      OUTPUT         N5        LVCMOS33           8            NONE        OREG     
   vga_out_g[3]      OUTPUT         P5        LVCMOS33           8            NONE        OREG     
   vga_out_g[2]      OUTPUT         T5        LVCMOS33           8            NONE        OREG     
   vga_out_g[1]      OUTPUT        F14        LVCMOS25           8            N/A         OREG     
   vga_out_g[0]      OUTPUT         A4        LVCMOS33           8            N/A         OREG     
    vga_out_hs       OUTPUT         E7        LVCMOS33           8            NONE        OREG     
   vga_out_r[4]      OUTPUT        E13        LVCMOS33           8            NONE        OREG     
   vga_out_r[3]      OUTPUT         L8        LVCMOS33           8            NONE        OREG     
   vga_out_r[2]      OUTPUT         L7        LVCMOS33           8            NONE        OREG     
   vga_out_r[1]      OUTPUT         R5        LVCMOS33           8            NONE        OREG     
   vga_out_r[0]      OUTPUT         H5        LVCMOS33           8            N/A         OREG     
    vga_out_vs       OUTPUT         F7        LVCMOS33           8            NONE        OREG     
  flash_qspi_IO0      INOUT         P7        LVCMOS33           8            NONE        NONE     
  flash_qspi_IO1      INOUT         N8        LVCMOS33           8            NONE        NONE     
  flash_qspi_IO2      INOUT         P9        LVCMOS33           8            NONE        NONE     
  flash_qspi_IO3      INOUT         R9        LVCMOS33           8            NONE        NONE     
       dm0           OUTPUT        S14        LVCMOS25           8            NONE        OREG     
       cke           OUTPUT        S18        LVCMOS25           8            NONE        NONE     
       we_n          OUTPUT        S19        LVCMOS25           8            NONE        OREG     
      cas_n          OUTPUT        S20        LVCMOS25           8            NONE        OREG     
      ras_n          OUTPUT        S21        LVCMOS25           8            NONE        OREG     
       cs_n          OUTPUT        S22        LVCMOS25           8            NONE        NONE     
     addr[9]         OUTPUT        S23        LVCMOS25           8            NONE        OREG     
     addr[8]         OUTPUT        S24        LVCMOS25           8            NONE        OREG     
     addr[7]         OUTPUT        S25        LVCMOS25           8            NONE        OREG     
     addr[6]         OUTPUT        S26        LVCMOS25           8            NONE        OREG     
     addr[5]         OUTPUT        S27        LVCMOS25           8            NONE        OREG     
     addr[4]         OUTPUT        S28        LVCMOS25           8            NONE        OREG     
       dm2           OUTPUT        S29        LVCMOS25           8            NONE        OREG     
       dm3           OUTPUT        S61        LVCMOS25           8            NONE        OREG     
     addr[3]         OUTPUT        S64        LVCMOS25           8            NONE        OREG     
     addr[2]         OUTPUT        S65        LVCMOS25           8            NONE        OREG     
     addr[1]         OUTPUT        S66        LVCMOS25           8            NONE        OREG     
     addr[0]         OUTPUT        S67        LVCMOS25           8            NONE        OREG     
     addr[10]        OUTPUT        S68        LVCMOS25           8            NONE        OREG     
      ba[0]          OUTPUT        S69        LVCMOS25           8            NONE        OREG     
      ba[1]          OUTPUT        S70        LVCMOS25           8            NONE        OREG     
       clk           OUTPUT        S73        LVCMOS25           8            NONE        NONE     
       dm1           OUTPUT        S76        LVCMOS25           8            NONE        OREG     
      dq[0]           INOUT         S1        LVCMOS25           8           PULLUP     IREG;OREG  
      dq[6]           INOUT        S11        LVCMOS25           8           PULLUP     IREG;OREG  
      dq[7]           INOUT        S12        LVCMOS25           8           PULLUP     IREG;OREG  
      dq[1]           INOUT         S2        LVCMOS25           8           PULLUP     IREG;OREG  
      dq[23]          INOUT        S31        LVCMOS25           8           PULLUP       IREG     
      dq[22]          INOUT        S32        LVCMOS25           8           PULLUP       IREG     
      dq[21]          INOUT        S35        LVCMOS25           8           PULLUP       IREG     
      dq[20]          INOUT        S36        LVCMOS25           8           PULLUP       IREG     
      dq[19]          INOUT        S37        LVCMOS25           8           PULLUP       IREG     
      dq[18]          INOUT        S38        LVCMOS25           8           PULLUP       IREG     
      dq[17]          INOUT        S41        LVCMOS25           8           PULLUP       IREG     
      dq[16]          INOUT        S42        LVCMOS25           8           PULLUP       IREG     
      dq[31]          INOUT        S48        LVCMOS25           8           PULLUP       IREG     
      dq[30]          INOUT        S49        LVCMOS25           8           PULLUP       IREG     
      dq[2]           INOUT         S5        LVCMOS25           8           PULLUP     IREG;OREG  
      dq[29]          INOUT        S52        LVCMOS25           8           PULLUP       IREG     
      dq[28]          INOUT        S53        LVCMOS25           8           PULLUP       IREG     
      dq[27]          INOUT        S54        LVCMOS25           8           PULLUP       IREG     
      dq[26]          INOUT        S55        LVCMOS25           8           PULLUP       IREG     
      dq[25]          INOUT        S58        LVCMOS25           8           PULLUP       IREG     
      dq[24]          INOUT        S59        LVCMOS25           8           PULLUP       IREG     
      dq[3]           INOUT         S6        LVCMOS25           8           PULLUP     IREG;OREG  
      dq[4]           INOUT         S7        LVCMOS25           8           PULLUP     IREG;OREG  
      dq[8]           INOUT        S78        LVCMOS25           8           PULLUP     IREG;OREG  
      dq[9]           INOUT        S79        LVCMOS25           8           PULLUP     IREG;OREG  
      dq[5]           INOUT         S8        LVCMOS25           8           PULLUP     IREG;OREG  
      dq[10]          INOUT        S82        LVCMOS25           8           PULLUP     IREG;OREG  
      dq[11]          INOUT        S83        LVCMOS25           8           PULLUP     IREG;OREG  
      dq[12]          INOUT        S84        LVCMOS25           8           PULLUP     IREG;OREG  
      dq[13]          INOUT        S85        LVCMOS25           8           PULLUP     IREG;OREG  
      dq[14]          INOUT        S88        LVCMOS25           8           PULLUP     IREG;OREG  
      dq[15]          INOUT        S89        LVCMOS25           8           PULLUP     IREG;OREG  

Report Hierarchy Area:
+-------------------------------------------------------------------------------------------------------------------------------------+
|Instance                        |Module                                         |le     |lut     |ripple  |seq     |bram    |dsp     |
+-------------------------------------------------------------------------------------------------------------------------------------+
|top                             |top                                            |1922   |1290    |229     |1171    |2       |0       |
|  U3                            |sdram                                          |343    |99      |5       |327     |0       |0       |
|    u2_ram                      |sdr_as_ram                                     |343    |99      |5       |327     |0       |0       |
|      u1_init_ref               |sdr_init_ref                                   |87     |13      |5       |79      |0       |0       |
|      u2_wrrd                   |sdr_wrrd                                       |256    |86      |0       |248     |0       |0       |
|  frame_read_write_m0           |frame_read_write                               |462    |295     |97      |305     |2       |0       |
|    frame_fifo_read_m0          |frame_fifo_read                                |106    |82      |23      |59      |0       |0       |
|    frame_fifo_write_m0         |frame_fifo_write                               |108    |82      |24      |56      |0       |0       |
|    read_buf                    |afifo_16_256                                   |125    |66      |25      |97      |1       |0       |
|      ram_inst                  |ram_infer_afifo_16_256                         |0      |0       |0       |0       |1       |0       |
|      rd_to_wr_cross_inst       |fifo_cross_domain_addr_process_al_afifo_16_256 |35     |16      |0       |35      |0       |0       |
|      wr_to_rd_cross_inst       |fifo_cross_domain_addr_process_al_afifo_16_256 |34     |24      |0       |34      |0       |0       |
|    write_buf                   |afifo_16_256                                   |123    |65      |25      |93      |1       |0       |
|      ram_inst                  |ram_infer_afifo_16_256                         |0      |0       |0       |0       |1       |0       |
|      rd_to_wr_cross_inst       |fifo_cross_domain_addr_process_al_afifo_16_256 |32     |21      |0       |32      |0       |0       |
|      wr_to_rd_cross_inst       |fifo_cross_domain_addr_process_al_afifo_16_256 |36     |18      |0       |36      |0       |0       |
|  sd_card_bmp_m0                |sd_card_bmp                                    |930    |794     |97      |390     |0       |0       |
|    ax_debounce_m0              |ax_debounce                                    |57     |48      |9       |37      |0       |0       |
|    bmp_read_m0                 |bmp_read                                       |295    |206     |58      |167     |0       |0       |
|    sd_card_top_m0              |sd_card_top                                    |578    |540     |30      |186     |0       |0       |
|      sd_card_cmd_m0            |sd_card_cmd                                    |342    |317     |25      |54      |0       |0       |
|      sd_card_sec_read_write_m0 |sd_card_sec_read_write                         |165    |157     |0       |92      |0       |0       |
|      spi_master_m0             |spi_master                                     |71     |66      |5       |40      |0       |0       |
|  seg_scan_m0                   |seg_scan                                       |71     |49      |22      |19      |0       |0       |
|  sys_pll_m0                    |sys_pll                                        |0      |0       |0       |0       |0       |0       |
|  video_delay_m0                |video_delay                                    |69     |17      |0       |60      |0       |0       |
|  video_pll_m0                  |video_pll                                      |0      |0       |0       |0       |0       |0       |
|  video_timing_data_m0          |video_timing_data                              |47     |36      |8       |35      |0       |0       |
|    color_bar_m0                |color_bar                                      |41     |33      |8       |29      |0       |0       |
+-------------------------------------------------------------------------------------------------------------------------------------+


DataNet Average Fanout:

   Index     Fanout     Nets  
    #1          1       1501  
    #2          2       230   
    #3          3       197   
    #4          4       106   
    #5        5-10      145   
    #6        11-50      79   
    #7       51-100      1    
    #8       101-500     1    
  Average     2.69            

RUN-1002 : start command "export_db pic_sdram_pr.db"
RUN-1001 : Exported /
RUN-1001 : Exported flow parameters
RUN-1001 : Exported libs
RUN-1001 : Exported entities
RUN-1001 : Exported ports
RUN-1001 : Exported pins
RUN-1001 : Exported instances
RUN-1001 : Exported nets
RUN-1001 : Exported buses
RUN-1001 : Exported models
RUN-1001 : Exported congestions
RUN-1001 : Exported violations
RUN-1001 : Exported timing constraints
RUN-1001 : Exported IO constraints
RUN-1001 : Exported Inst constraints
RUN-1002 : start command "start_timer"
TMR-2505 : Start building timing graph for model top.
TMR-2506 : Build timing graph completely. Port num: 22, tpin num: 9264, tnet num: 2327, tinst num: 1118, tnode num: 11838, tedge num: 15466.
TMR-2508 : Levelizing timing graph completed, there are 41 levels in total.
TMR-2501 : Timing graph initialized successfully.
RUN-1002 : start command "report_timing -mode FINAL -net_info -rpt_autogen true -file pic_sdram_phy.timing"
TMR-2503 : Start to update net delay, extr mode = 6.
TMR-2504 : Update delay of 2327 nets completely.
TMR-2502 : Annotate delay completely, extr mode = 6.
TMR-3001 : Initiate 4 clocks from SDC.
TMR-3004 : Map sdc constraints, there are 8 constraints in total.
TMR-3003 : Constraints initiated successfully.
TMR-3501 : Forward propagation: start to calculate arrival time...
TMR-3502 : Backward propagation: start to calculate required time...
TMR-3503 : Timing propagation completes.
TMR-3506 : Start to generate timing report.
TMR-1502 : Number of clock constraints = 4. Number of clock nets = 4 (0 unconstrainted).
TMR-3508 : Export timing summary.
TMR-3507 : Timing report generated successfully in pic_sdram_phy.timing, timing summary in pic_sdram_phy.tsm.
RUN-1002 : start command "export_bid pic_sdram_inst.bid"
PRG-1000 : <!-- HMAC is: 54b7019ecea91c3b82dae8f45267b3b86b1ac3f0bdeb4c721a823b05dd911fba -->
RUN-1002 : start command "bitgen -bit pic_sdram.bit"
BIT-1003 : Start to generate bitstream. 
BIT-1002 : Init instances with 16 threads.
BIT-1002 : Init instances completely, inst num: 1118
BIT-1002 : Init pips with 16 threads.
BIT-1002 : Init pips completely, net num: 2329, pip num: 20842
BIT-1002 : Init feedthrough completely, num: 5
BIT-1003 : Multithreading accelaration with 16 threads.
BIT-1003 : Generate bitstream completely, there are 1841 valid insts, and 59946 bits set as '1'.
BIT-1004 : the usercode register value: 00000000111110110000000000000000
BIT-1004 : PLL setting string = 0110
BIT-1004 : Generate bits file pic_sdram.bit.
RUN-1003 : finish command "bitgen -bit pic_sdram.bit" in  2.540931s wall, 22.328125s user + 0.031250s system = 22.359375s CPU (880.0%)

RUN-1004 : used memory is 538 MB, reserved memory is 515 MB, peak memory is 709 MB
RUN-1002 : start command "backup_run_log run.log ../.logs/phy_1/td_20231219_201232.log"
