============================================================
   Tang Dynasty, V5.6.71036
      Copyright (c) 2012-2023 Anlogic Inc.
   Executable = D:/Program/Anlogic/TD5.6.2/bin/td.exe
   Built at =   20:34:38 Mar 21 2023
   Run by =     28408
   Run Date =   Tue Dec 12 20:31:25 2023

   Run on =     DESKTOP-T1B5OP5
============================================================
RUN-1002 : start command "open_project pic_sdram.prj"
RUN-1001 : Print Global Property
RUN-1001 : ---------------------------------------------------------------
RUN-1001 :        Parameters        |  Settings  |  Default Values  |  Note  
RUN-1001 : ---------------------------------------------------------------
RUN-1001 :          message         |  standard  |     standard     |        
RUN-1001 :   mixed_pack_place_flow  |     on     |        on        |        
RUN-1001 :        qor_monitor       |    off     |       off        |        
RUN-1001 :        syn_ip_flow       |    off     |       off        |        
RUN-1001 :          thread          |    auto    |       auto       |        
RUN-1001 : ---------------------------------------------------------------
RUN-1001 : Print Design Property
RUN-1001 : --------------------------------------------------------------
RUN-1001 :        Parameters       |  Settings  |  Default Values  |  Note  
RUN-1001 : --------------------------------------------------------------
RUN-1001 :   default_reg_initial   |    auto    |       auto       |        
RUN-1001 :        infer_add        |     on     |        on        |        
RUN-1001 :        infer_fsm        |    off     |       off        |        
RUN-1001 :        infer_mult       |     on     |        on        |        
RUN-1001 :        infer_ram        |     on     |        on        |        
RUN-1001 :        infer_reg        |     on     |        on        |        
RUN-1001 :   infer_reg_init_value  |     on     |        on        |        
RUN-1001 :        infer_rom        |     on     |        on        |        
RUN-1001 :      infer_shifter      |     on     |        on        |        
RUN-1001 : --------------------------------------------------------------
RUN-1001 : Print Rtl Property
RUN-1001 : --------------------------------------------------------------
RUN-1001 :        Parameters       |  Settings  |  Default Values  |  Note  
RUN-1001 : --------------------------------------------------------------
RUN-1001 :       compress_add      |   ripple   |      ripple      |        
RUN-1001 :        elf_sload        |    off     |       off        |        
RUN-1001 :       fix_undriven      |     0      |        0         |        
RUN-1001 :         flatten         |    off     |       off        |        
RUN-1001 :       gate_sharing      |     on     |        on        |        
RUN-1001 :    hdl_warning_level    |   normal   |      normal      |        
RUN-1001 :   impl_internal_tribuf  |     on     |        on        |        
RUN-1001 :      impl_set_reset     |     on     |        on        |        
RUN-1001 :        infer_gsr        |    off     |       off        |        
RUN-1001 :      keep_hierarchy     |    auto    |       auto       |        
RUN-1001 :        max_fanout       |    9999    |       9999       |        
RUN-1001 :      max_oh2bin_len     |     10     |        10        |        
RUN-1001 :       merge_equal       |     on     |        on        |        
RUN-1001 :       merge_equiv       |     on     |        on        |        
RUN-1001 :        merge_mux        |    off     |       off        |        
RUN-1001 :     min_control_set     |     8      |        8         |        
RUN-1001 :      min_ripple_len     |    auto    |       auto       |        
RUN-1001 :       oh2bin_ratio      |    0.08    |       0.08       |        
RUN-1001 :     opt_adder_fanout    |     on     |        on        |        
RUN-1001 :        opt_arith        |     on     |        on        |        
RUN-1001 :       opt_big_gate      |    off     |       off        |        
RUN-1001 :        opt_const        |     on     |        on        |        
RUN-1001 :      opt_const_mult     |     on     |        on        |        
RUN-1001 :       opt_lessthan      |     on     |        on        |        
RUN-1001 :         opt_mux         |    off     |       off        |        
RUN-1001 :         opt_ram         |    high    |       high       |        
RUN-1001 :      rtl_sim_model      |    off     |       off        |        
RUN-1001 :         seq_syn         |     on     |        on        |        
RUN-1001 : --------------------------------------------------------------
HDL-1007 : analyze verilog file ../../al_ip/sys_pll.v
HDL-1007 : undeclared symbol 'open', assumed default net type 'wire' in ../../al_ip/sys_pll.v(77)
HDL-1007 : analyze verilog file ../../al_ip/video_pll.v
HDL-1007 : undeclared symbol 'open', assumed default net type 'wire' in ../../al_ip/video_pll.v(63)
HDL-1007 : analyze verilog file ../../al_ip/afifo_16_256.v
HDL-1007 : analyze verilog file ../../al_ip/sdram.v
HDL-1007 : analyze verilog file ../../Qspi_master.v
HDL-1007 : analyze verilog file ../../flash_cmd.v
HDL-1007 : analyze verilog file ../../flash_reader.v
HDL-1007 : analyze verilog file ../../flash_step.v
HDL-1007 : analyze verilog file ../../flash_write_read.v
HDL-1007 : analyze verilog file ../../flash_writer.v
HDL-1007 : analyze verilog file ../../sys_state_ctrl.v
HDL-1007 : analyze verilog file ../../src/ax_debounce.v
HDL-1007 : analyze verilog file ../../src/bmp_read.v
HDL-1007 : analyze verilog file ../../src/color_bar.v
HDL-1007 : analyze included file ../../src/video_define.v in ../../src/color_bar.v(2)
HDL-1007 : back to file '../../src/color_bar.v' in ../../src/color_bar.v(2)
HDL-1007 : analyze verilog file ../../src/frame_fifo_read.v
HDL-1007 : undeclared symbol 'read_busy', assumed default net type 'wire' in ../../src/frame_fifo_read.v(55)
HDL-1007 : analyze verilog file ../../src/frame_fifo_write.v
HDL-1007 : undeclared symbol 'write_busy', assumed default net type 'wire' in ../../src/frame_fifo_write.v(53)
HDL-1007 : analyze verilog file ../../src/frame_read_write.v
HDL-1007 : analyze verilog file ../../src/sd_card/sd_card_cmd.v
HDL-1007 : analyze verilog file ../../src/sd_card/sd_card_sec_read_write.v
HDL-1007 : analyze verilog file ../../src/sd_card/sd_card_top.v
HDL-1007 : analyze verilog file ../../src/sd_card/spi_master.v
HDL-1007 : analyze verilog file ../../src/sd_card_bmp.v
HDL-1007 : analyze verilog file ../../src/seg_decoder.v
HDL-1007 : analyze verilog file ../../src/seg_scan.v
HDL-1007 : analyze verilog file ../../src/top.v
HDL-1007 : analyze verilog file ../../src/video_timing_data.v
HDL-1007 : analyze verilog file ../../src/sdram_r/sdram_cmd.v
HDL-1007 : analyze included file ../../src/sdram_r/sdram_para.v in ../../src/sdram_r/sdram_cmd.v(45)
HDL-1007 : back to file '../../src/sdram_r/sdram_cmd.v' in ../../src/sdram_r/sdram_cmd.v(45)
HDL-1007 : analyze verilog file ../../src/sdram_r/sdram_controller.v
HDL-1007 : analyze verilog file ../../src/sdram_r/sdram_ctrl.v
HDL-1007 : analyze included file ../../src/sdram_r/sdram_para.v in ../../src/sdram_r/sdram_ctrl.v(19)
HDL-1007 : back to file '../../src/sdram_r/sdram_ctrl.v' in ../../src/sdram_r/sdram_ctrl.v(19)
HDL-1007 : analyze verilog file ../../src/sdram_r/sdram_data.v
HDL-1007 : analyze included file ../../src/sdram_r/sdram_para.v in ../../src/sdram_r/sdram_data.v(13)
HDL-1007 : back to file '../../src/sdram_r/sdram_data.v' in ../../src/sdram_r/sdram_data.v(13)
RUN-1001 : Project manager successfully analyzed 32 source files.
RUN-1002 : start command "import_device eagle_s20.db -package EG4S20BG256"
ARC-1001 : Device Initialization.
ARC-1001 : ------------------------------------------------------------------
ARC-1001 :            OPTION            |          IO          |   SETTING   
ARC-1001 : ------------------------------------------------------------------
ARC-1001 :   cso_b/cclk/mosi/miso/dout  |  T3/R11/T10/P10/S11  |    gpio    
ARC-1001 :             done             |         P13          |    gpio    
ARC-1001 :           program_b          |          T2          |  dedicate  
ARC-1001 :        tdi/tms/tck/tdo       |   C12/A15/C14/E14    |  dedicate  
ARC-1001 : ------------------------------------------------------------------
ARC-1004 : Device setting, marked 5 dedicate IOs in total.
RUN-1002 : start command "import_db ../syn_1/pic_sdram_gate.db"
RUN-1001 : Importing database generated by Tang Dynasty, V5.6.71036.
RUN-1001 : Database version number 46146.
RUN-1001 : Import flow parameters
RUN-1001 : Import timing constraints
RUN-1001 : Import IO constraints
RUN-1001 : Import Inst constraints
RUN-1001 : Import design success TD_VERSION=5.6.71036 , DB_VERSION=46146
RUN-1002 : start command "read_sdc ../../top.sdc"
RUN-1002 : start command "get_ports clk"
RUN-1002 : start command "create_clock -name clk -period 20 -waveform 0 10 "
RUN-1102 : create_clock: clock name: clk, type: 0, period: 20000, rise: 0, fall: 10000.
RUN-1002 : start command "get_ports clk"
RUN-1002 : start command "get_pins sys_pll_m0/pll_inst.clkc[0]"
RUN-1002 : start command "create_generated_clock -name sd_card_clk -source  -master_clock clk -phase 0 -multiply_by 2 "
RUN-1002 : start command "get_ports clk"
RUN-1002 : start command "get_pins sys_pll_m0/pll_inst.clkc[1]"
RUN-1002 : start command "create_generated_clock -name ext_mem_clk -source  -master_clock clk -phase 270 -multiply_by 2 "
RUN-1002 : start command "get_ports clk"
RUN-1002 : start command "get_pins sys_pll_m0/pll_inst.clkc[2]"
RUN-1002 : start command "create_generated_clock -name flash_sys_clk -source  -master_clock clk -phase 0 -multiply_by 2 "
RUN-1002 : start command "get_ports clk"
RUN-1002 : start command "get_pins video_pll_m0/pll_inst.clkc[0]"
RUN-1002 : start command "create_generated_clock -name video_clk -source  -master_clock clk -phase 0 -multiply_by 2 "
RUN-1002 : start command "read_sdc -ip afifo_16_256 ../../al_ip/afifo_16_256.tcl"
RUN-1002 : start command "get_ports clkw"
RUN-1002 : start command "get_nets  clkw  "
RUN-1002 : start command "get_clocks -nowarn -of nets 20770461843456"
RUN-1002 : start command "get_ports clkr"
RUN-1002 : start command "get_nets  clkr  "
RUN-1002 : start command "get_clocks -nowarn -of nets 24902220382208"
RUN-1002 : start command "get_property -nowarn -max PERIOD "
RUN-1002 : start command "get_property -nowarn -max PERIOD "
RUN-1002 : start command "get_regs rd_to_wr_cross_inst/primary_addr_gray_reg[*]"
RUN-1002 : start command "get_regs rd_to_wr_cross_inst/sync_r1[*]"
RUN-1002 : start command "set_max_delay -from  -to  9.6999999999999993 -datapath_only"
RUN-1002 : start command "get_regs rd_to_wr_cross_inst/primary_addr_gray_reg[*]"
RUN-1002 : start command "get_regs rd_to_wr_cross_inst/sync_r1[*]"
RUN-1002 : start command "set_false_path -from  -to  -hold 9.6999999999999993"
USR-1002 : set_false_path -help -setup -hold -from <list> -rise_from <list> -fall_from <list> -to <list> -rise_to <list> -fall_to <list> -through <list>
RUN-1002 : start command "get_regs wr_to_rd_cross_inst/primary_addr_gray_reg[*]"
RUN-1002 : start command "get_regs wr_to_rd_cross_inst/sync_r1[*]"
RUN-1002 : start command "set_max_delay -from  -to  9.6999999999999993 -datapath_only"
RUN-1002 : start command "get_regs wr_to_rd_cross_inst/primary_addr_gray_reg[*]"
RUN-1002 : start command "get_regs wr_to_rd_cross_inst/sync_r1[*]"
RUN-1002 : start command "set_false_path -from  -to  -hold 9.6999999999999993"
USR-1002 : set_false_path -help -setup -hold -from <list> -rise_from <list> -fall_from <list> -to <list> -rise_to <list> -fall_to <list> -through <list>
RUN-1002 : start command "get_ports clkw"
RUN-1002 : start command "get_nets  clkw  "
RUN-1002 : start command "get_clocks -nowarn -of nets 30876519890944"
RUN-1002 : start command "get_ports clkr"
RUN-1002 : start command "get_nets  clkr  "
RUN-1002 : start command "get_clocks -nowarn -of nets 20770461843456"
RUN-1002 : start command "get_property -nowarn -max PERIOD "
RUN-1002 : start command "get_property -nowarn -max PERIOD "
RUN-1002 : start command "get_regs rd_to_wr_cross_inst/primary_addr_gray_reg[*]"
RUN-1002 : start command "get_regs rd_to_wr_cross_inst/sync_r1[*]"
RUN-1002 : start command "set_max_delay -from  -to  9.6999999999999993 -datapath_only"
RUN-1002 : start command "get_regs rd_to_wr_cross_inst/primary_addr_gray_reg[*]"
RUN-1002 : start command "get_regs rd_to_wr_cross_inst/sync_r1[*]"
RUN-1002 : start command "set_false_path -from  -to  -hold 9.6999999999999993"
USR-1002 : set_false_path -help -setup -hold -from <list> -rise_from <list> -fall_from <list> -to <list> -rise_to <list> -fall_to <list> -through <list>
RUN-1002 : start command "get_regs wr_to_rd_cross_inst/primary_addr_gray_reg[*]"
RUN-1002 : start command "get_regs wr_to_rd_cross_inst/sync_r1[*]"
RUN-1002 : start command "set_max_delay -from  -to  9.6999999999999993 -datapath_only"
RUN-1002 : start command "get_regs wr_to_rd_cross_inst/primary_addr_gray_reg[*]"
RUN-1002 : start command "get_regs wr_to_rd_cross_inst/sync_r1[*]"
RUN-1002 : start command "set_false_path -from  -to  -hold 9.6999999999999993"
USR-1002 : set_false_path -help -setup -hold -from <list> -rise_from <list> -fall_from <list> -to <list> -rise_to <list> -fall_to <list> -through <list>
RUN-1002 : start command "config_chipwatcher ../../A.cwc -dir "
RUN-1002 : start command "legalize_phy_inst"
SYN-1011 : Flatten model top
KIT-1004 : ChipWatcher: import watcher inst auto_chipwatcher_0 completed, there are 2 view nodes, 2 trigger nets, 2 data nets.
KIT-1004 : Chipwatcher code = 0001011011001111
RUN-1002 : start command "compile_watcher"
RUN-1002 : start command "read_verilog -no_sch -dir D:/Program/Anlogic/TD5.6.2/cw/ -file pic_sdram_watcherInst.sv -lib cw -top CW_TOP_WRAPPER"
HDL-1007 : analyze verilog file D:/Program/Anlogic/TD5.6.2/cw\bus_det.v
HDL-1007 : analyze verilog file D:/Program/Anlogic/TD5.6.2/cw\bus_top.sv
HDL-1007 : analyze verilog file D:/Program/Anlogic/TD5.6.2/cw\cfg_int.v
HDL-1007 : analyze verilog file D:/Program/Anlogic/TD5.6.2/cw\cwc_cfg_int.v
HDL-1007 : analyze verilog file D:/Program/Anlogic/TD5.6.2/cw\cwc_top.sv
HDL-1007 : analyze verilog file D:/Program/Anlogic/TD5.6.2/cw\detect_bus.v
HDL-1007 : analyze verilog file D:/Program/Anlogic/TD5.6.2/cw\detect_non_bus.v
HDL-1007 : analyze verilog file D:/Program/Anlogic/TD5.6.2/cw\emb_ctrl.v
HDL-1007 : analyze verilog file D:/Program/Anlogic/TD5.6.2/cw\register.v
HDL-1007 : analyze verilog file D:/Program/Anlogic/TD5.6.2/cw\tap.v
HDL-1007 : analyze verilog file D:/Program/Anlogic/TD5.6.2/cw\trigger.sv
HDL-1007 : analyze verilog file pic_sdram_watcherInst.sv
HDL-1007 : elaborate module CW_TOP_WRAPPER in pic_sdram_watcherInst.sv(1)
HDL-1007 : elaborate module cwc_top(BUS_NUM=2,BUS_DIN_NUM=2,BUS_CTRL_NUM=12,BUS_WIDTH='{32'sb01,32'sb01},BUS_DIN_POS='{32'sb0,32'sb01},BUS_CTRL_POS='{32'sb0,32'sb0110}) in D:/Program/Anlogic/TD5.6.2/cw\cwc_top.sv(21)
HDL-1007 : elaborate module cwc_cfg_int(CTRL_REG_LEN=34) in D:/Program/Anlogic/TD5.6.2/cw\cwc_cfg_int.v(21)
HDL-1007 : elaborate module register(CTRL_REG_LEN=34) in D:/Program/Anlogic/TD5.6.2/cw\register.v(21)
HDL-1007 : elaborate module tap in D:/Program/Anlogic/TD5.6.2/cw\tap.v(21)
HDL-1007 : elaborate module trigger(BUS_NUM=2,BUS_DIN_NUM=2,BUS_CTRL_NUM=12,BUS_WIDTH='{32'sb01,32'sb01},BUS_DIN_POS='{32'sb0,32'sb01},BUS_CTRL_POS='{32'sb0,32'sb0110}) in D:/Program/Anlogic/TD5.6.2/cw\trigger.sv(21)
HDL-1007 : elaborate module bus_top(BUS_NODE_NUM=2,BUS_DIN_NUM=2,BUS_CTRL_NUM=12,BUS_WIDTH='{32'sb01,32'sb01},BUS_DIN_POS='{32'sb0,32'sb01},BUS_CTRL_POS='{32'sb0,32'sb0110}) in D:/Program/Anlogic/TD5.6.2/cw\bus_top.sv(22)
HDL-1007 : elaborate module bus_det(BUS_WIDTH=32'sb01) in D:/Program/Anlogic/TD5.6.2/cw\bus_det.v(21)
HDL-1007 : elaborate module emb_ctrl in D:/Program/Anlogic/TD5.6.2/cw\emb_ctrl.v(21)
HDL-1200 : Current top model is CW_TOP_WRAPPER
HDL-1100 : Inferred 0 RAMs.
RUN-1002 : start command "force_keep -a auto_chipwatcher_0_logicbram"
RUN-1002 : start command "optimize_rtl -no_sch"
RUN-1001 : Open license file D:/Program/Anlogic/TD5.6.2/license/Anlogic.lic
RUN-1001 : Print Global Property
RUN-1001 : ---------------------------------------------------------------
RUN-1001 :        Parameters        |  Settings  |  Default Values  |  Note  
RUN-1001 : ---------------------------------------------------------------
RUN-1001 :          message         |  standard  |     standard     |        
RUN-1001 :   mixed_pack_place_flow  |     on     |        on        |        
RUN-1001 :        qor_monitor       |    off     |       off        |        
RUN-1001 :        syn_ip_flow       |    off     |       off        |        
RUN-1001 :          thread          |    auto    |       auto       |        
RUN-1001 : ---------------------------------------------------------------
RUN-1001 : Print Rtl Property
RUN-1001 : --------------------------------------------------------------
RUN-1001 :        Parameters       |  Settings  |  Default Values  |  Note  
RUN-1001 : --------------------------------------------------------------
RUN-1001 :       compress_add      |   ripple   |      ripple      |        
RUN-1001 :        elf_sload        |    off     |       off        |        
RUN-1001 :       fix_undriven      |     0      |        0         |        
RUN-1001 :         flatten         |    off     |       off        |        
RUN-1001 :       gate_sharing      |     on     |        on        |        
RUN-1001 :    hdl_warning_level    |   normal   |      normal      |        
RUN-1001 :   impl_internal_tribuf  |     on     |        on        |        
RUN-1001 :      impl_set_reset     |     on     |        on        |        
RUN-1001 :        infer_gsr        |    off     |       off        |        
RUN-1001 :      keep_hierarchy     |    auto    |       auto       |        
RUN-1001 :        max_fanout       |    9999    |       9999       |        
RUN-1001 :      max_oh2bin_len     |     10     |        10        |        
RUN-1001 :       merge_equal       |     on     |        on        |        
RUN-1001 :       merge_equiv       |     on     |        on        |        
RUN-1001 :        merge_mux        |    off     |       off        |        
RUN-1001 :     min_control_set     |     8      |        8         |        
RUN-1001 :      min_ripple_len     |    auto    |       auto       |        
RUN-1001 :       oh2bin_ratio      |    0.08    |       0.08       |        
RUN-1001 :     opt_adder_fanout    |     on     |        on        |        
RUN-1001 :        opt_arith        |     on     |        on        |        
RUN-1001 :       opt_big_gate      |    off     |       off        |        
RUN-1001 :        opt_const        |     on     |        on        |        
RUN-1001 :      opt_const_mult     |     on     |        on        |        
RUN-1001 :       opt_lessthan      |     on     |        on        |        
RUN-1001 :         opt_mux         |    off     |       off        |        
RUN-1001 :         opt_ram         |    high    |       high       |        
RUN-1001 :      rtl_sim_model      |    off     |       off        |        
RUN-1001 :         seq_syn         |     on     |        on        |        
RUN-1001 : --------------------------------------------------------------
SYN-1012 : SanityCheck: Model "top"
SYN-1012 : SanityCheck: Model "CW_TOP_WRAPPER"
SYN-1012 : SanityCheck: Model "cwc_top(BUS_NUM=2,BUS_DIN_NUM=2,BUS_CTRL_NUM=12,BUS_WIDTH='{32'sb01,32'sb01},BUS_DIN_POS='{32'sb0,32'sb01},BUS_CTRL_POS='{32'sb0,32'sb0110})"
SYN-1012 : SanityCheck: Model "cwc_cfg_int(CTRL_REG_LEN=34)"
SYN-1012 : SanityCheck: Model "register(CTRL_REG_LEN=34)"
SYN-1012 : SanityCheck: Model "tap"
SYN-1012 : SanityCheck: Model "trigger(BUS_NUM=2,BUS_DIN_NUM=2,BUS_CTRL_NUM=12,BUS_WIDTH='{32'sb01,32'sb01},BUS_DIN_POS='{32'sb0,32'sb01},BUS_CTRL_POS='{32'sb0,32'sb0110})"
SYN-1012 : SanityCheck: Model "bus_top(BUS_NODE_NUM=2,BUS_DIN_NUM=2,BUS_CTRL_NUM=12,BUS_WIDTH='{32'sb01,32'sb01},BUS_DIN_POS='{32'sb0,32'sb01},BUS_CTRL_POS='{32'sb0,32'sb0110})"
SYN-1012 : SanityCheck: Model "bus_det(BUS_WIDTH=32'sb01)"
SYN-1012 : SanityCheck: Model "emb_ctrl"
SYN-1011 : Flatten model top
SYN-1032 : 5760/8 useful/useless nets, 3422/6 useful/useless insts
SYN-1016 : Merged 19 instances.
SYN-1032 : 5622/20 useful/useless nets, 3634/16 useful/useless insts
SYN-1014 : Optimize round 1
SYN-1020 : Optimized 1 distributor mux.
SYN-1015 : Optimize round 1, 165 better
SYN-1014 : Optimize round 2
SYN-1015 : Optimize round 2, 0 better
SYN-1014 : Optimize round 1
SYN-1015 : Optimize round 1, 0 better
RUN-1002 : start command "optimize_gate -no_sch"
RUN-1001 : Open license file D:/Program/Anlogic/TD5.6.2/license/Anlogic.lic
RUN-1001 : Print Global Property
RUN-1001 : ---------------------------------------------------------------
RUN-1001 :        Parameters        |  Settings  |  Default Values  |  Note  
RUN-1001 : ---------------------------------------------------------------
RUN-1001 :          message         |  standard  |     standard     |        
RUN-1001 :   mixed_pack_place_flow  |     on     |        on        |        
RUN-1001 :        qor_monitor       |    off     |       off        |        
RUN-1001 :        syn_ip_flow       |    off     |       off        |        
RUN-1001 :          thread          |    auto    |       auto       |        
RUN-1001 : ---------------------------------------------------------------
RUN-1001 : Print Gate Property
RUN-1001 : ------------------------------------------------------------------
RUN-1001 :          Parameters         |  Settings  |  Default Values  |  Note  
RUN-1001 : ------------------------------------------------------------------
RUN-1001 :         cascade_dsp         |    off     |       off        |        
RUN-1001 :         cascade_eram        |    off     |       off        |        
RUN-1001 :        gate_sim_model       |    off     |       off        |        
RUN-1001 :        map_sim_model        |    off     |       off        |        
RUN-1001 :         map_strategy        |     1      |        1         |        
RUN-1001 :           opt_area          |   medium   |      medium      |        
RUN-1001 :          opt_timing         |    auto    |       auto       |        
RUN-1001 :         pack_effort         |   medium   |      medium      |        
RUN-1001 :      pack_lslice_ripple     |     on     |        on        |        
RUN-1001 :   pack_lslice_ripple_ratio  |    0.5     |       0.5        |        
RUN-1001 :        pack_seq_in_io       |    auto    |       auto       |        
RUN-1001 :        ph1_mux_ratio        |    1.0     |       1.0        |        
RUN-1001 :            report           |  standard  |     standard     |        
RUN-1001 :           retiming          |    off     |       off        |        
RUN-1001 : ------------------------------------------------------------------
SYN-2001 : Map 47 IOs to PADs
RUN-1002 : start command "update_pll_param -module top"
SYN-2501 : Processed 0 LOGIC_BUF instances.
SYN-2512 : LOGIC BRAM "auto_chipwatcher_0_logicbram"
SYN-2571 : Optimize after map_dsp, round 1
SYN-2571 : Optimize after map_dsp, round 1, 0 better
SYN-1001 : Throwback 3 control mux instances
SYN-2501 : Optimize round 1
SYN-2501 : Optimize round 1, 2 better
SYN-2501 : Optimize round 2
SYN-2501 : Optimize round 2, 0 better
SYN-2501 : Map 10 macro adder
SYN-1019 : Optimized 1 mux instances.
SYN-1016 : Merged 8 instances.
SYN-1032 : 5806/2 useful/useless nets, 3818/1 useful/useless insts
RUN-1002 : start command "start_timer -prepack"
TMR-2505 : Start building timing graph for model top.
TMR-2506 : Build timing graph completely. Port num: 22, tpin num: 19041, tnet num: 4398, tinst num: 3817, tnode num: 23350, tedge num: 30583.
TMR-2508 : Levelizing timing graph completed, there are 51 levels in total.
TMR-2501 : Timing graph initialized successfully.
TMR-2503 : Start to update net delay, extr mode = 2.
TMR-2504 : Update delay of 4398 nets completely.
TMR-2502 : Annotate delay completely, extr mode = 2.
TMR-3001 : Initiate 5 clocks from SDC.
TMR-3004 : Map sdc constraints, there are 8 constraints in total.
TMR-3003 : Constraints initiated successfully.
TMR-3501 : Forward propagation: start to calculate arrival time...
TMR-3502 : Backward propagation: start to calculate required time...
TMR-3503 : Timing propagation completes.
SYN-3001 : Running gate level optimization.
SYN-2581 : Mapping with K=5, #lut = 103 (4.19), #lev = 5 (2.40)
SYN-2551 : Post LUT mapping optimization.
SYN-2581 : Mapping with K=5, #lut = 103 (4.19), #lev = 5 (2.40)
SYN-3001 : Logic optimization runtime opt =   0.01 sec, map =   0.00 sec
SYN-3001 : Mapper mapped 283 instances into 103 LUTs, name keeping = 78%.
SYN-1001 : Packing model "top" ...
SYN-4010 : Pack lib has 58 rtl pack models with 25 top pack blocks
SYN-1014 : Optimize round 1
SYN-1015 : Optimize round 1, 0 better
SYN-4002 : Packing 164 DFF/LATCH to SEQ ...
SYN-4009 : Pack 5 carry chain into lslice
SYN-4007 : Packing 86 adder to BLE ...
SYN-4008 : Packed 86 adder and 0 SEQ to BLE.
SYN-4007 : Packing 0 gate4 to BLE ...
SYN-4008 : Packed 0 gate4 and 0 SEQ to BLE.
SYN-4012 : Packed 0 FxMUX
RUN-1002 : start command "legalize_phy_inst"
SYN-1011 : Flatten model top
KIT-1004 : Compile Chipwatcher: Clear obsolete physical data.
RUN-1003 : finish command "compile_watcher" in  1.269673s wall, 0.562500s user + 0.000000s system = 0.562500s CPU (44.3%)

RUN-1004 : used memory is 164 MB, reserved memory is 134 MB, peak memory is 210 MB
RUN-1002 : start command "place"
RUN-1001 : Open license file D:/Program/Anlogic/TD5.6.2/license/Anlogic.lic
RUN-1001 : Print Global Property
RUN-1001 : ---------------------------------------------------------------
RUN-1001 :        Parameters        |  Settings  |  Default Values  |  Note  
RUN-1001 : ---------------------------------------------------------------
RUN-1001 :          message         |  standard  |     standard     |        
RUN-1001 :   mixed_pack_place_flow  |     on     |        on        |        
RUN-1001 :        qor_monitor       |    off     |       off        |        
RUN-1001 :        syn_ip_flow       |    off     |       off        |        
RUN-1001 :          thread          |    auto    |       auto       |        
RUN-1001 : ---------------------------------------------------------------
RUN-1001 : Print Place Property
RUN-1001 : --------------------------------------------------------------
RUN-1001 :        Parameters       |  Settings  |  Default Values  |  Note  
RUN-1001 : --------------------------------------------------------------
RUN-1001 :      detailed_place     |     on     |        on        |        
RUN-1001 :          effort         |   medium   |      medium      |        
RUN-1001 :         fix_hold        |    off     |       off        |        
RUN-1001 :       legalization      |    ori     |       ori        |        
RUN-1001 :      new_spreading      |     on     |        on        |        
RUN-1001 :        opt_timing       |   medium   |      medium      |        
RUN-1001 :   post_clock_route_opt  |    off     |       off        |        
RUN-1001 :       pr_strategy       |     1      |        1         |        
RUN-1001 :        relaxation       |    1.00    |       1.00       |        
RUN-1001 :         retiming        |    off     |       off        |        
RUN-1001 : --------------------------------------------------------------
PHY-3001 : Placer runs in 16 thread(s).
RUN-1002 : start command "legalize_phy_inst"
SYN-1011 : Flatten model top
RUN-1002 : start command "phys_opt -simplify_lut"
SYN-4016 : Net frame_read_write_m0/write_buf/clkw driven by BUFG (488 clock/control pins, 1 other pins).
SYN-4016 : Net frame_read_write_m0/read_buf/clkr driven by BUFG (109 clock/control pins, 1 other pins).
SYN-4016 : Net config_inst_syn_10 driven by BUFG (87 clock/control pins, 0 other pins).
SYN-4027 : Net frame_read_write_m0/frame_fifo_read_m0/mem_clk is clkc1 of pll sys_pll_m0/pll_inst.
SYN-4027 : Net flash_write_read_m0/flash_cmd_m0/sys_clk is clkc2 of pll sys_pll_m0/pll_inst.
SYN-4019 : Net clk_dup_1 is refclk of pll sys_pll_m0/pll_inst.
SYN-4020 : Net clk_dup_1 is fbclk of pll sys_pll_m0/pll_inst.
SYN-4019 : Net clk_dup_1 is refclk of pll video_pll_m0/pll_inst.
SYN-4020 : Net clk_dup_1 is fbclk of pll video_pll_m0/pll_inst.
SYN-4025 : Tag rtl::Net clk_dup_1 as clock net
SYN-4025 : Tag rtl::Net config_inst_syn_10 as clock net
SYN-4025 : Tag rtl::Net flash_write_read_m0/flash_cmd_m0/sys_clk as clock net
SYN-4025 : Tag rtl::Net frame_read_write_m0/frame_fifo_read_m0/mem_clk as clock net
SYN-4025 : Tag rtl::Net frame_read_write_m0/read_buf/clkr as clock net
SYN-4025 : Tag rtl::Net frame_read_write_m0/write_buf/clkw as clock net
SYN-4026 : Tagged 6 rtl::Net as clock net
PHY-1001 : Populate physical database on model top.
RUN-1001 : There are total 3408 instances
RUN-0007 : 1596 luts, 991 seqs, 467 mslices, 243 lslices, 102 pads, 1 brams, 0 dsps
RUN-1001 : There are total 5396 nets
RUN-1001 : 3408 nets have 2 pins
RUN-1001 : 1640 nets have [3 - 5] pins
RUN-1001 : 165 nets have [6 - 10] pins
RUN-1001 : 99 nets have [11 - 20] pins
RUN-1001 : 67 nets have [21 - 99] pins
RUN-1001 : 17 nets have 100+ pins
RUN-1001 : Report Control nets information:
RUN-1001 : DFF Distribution
RUN-1001 : ----------------------------------
RUN-1001 :   CE   |  SSR  |  ASR  |  DFF Count  
RUN-1001 : ----------------------------------
RUN-1001 :   No   |  No   |  No   |      3      
RUN-1001 :   No   |  No   |  Yes  |     586     
RUN-1001 :   No   |  Yes  |  No   |      0      
RUN-1001 :   Yes  |  No   |  No   |     16      
RUN-1001 :   Yes  |  No   |  Yes  |     386     
RUN-1001 :   Yes  |  Yes  |  No   |      0      
RUN-1001 : ----------------------------------
RUN-0007 : Control Group Statistic
RUN-0007 : ---------------------------
RUN-0007 :   #CLK  |  #CE  |  #SSR/ASR  
RUN-0007 : ---------------------------
RUN-0007 :    6    |  26   |     11     
RUN-0007 : ---------------------------
RUN-0007 : Control Set = 43
PHY-3001 : Initial placement ...
PHY-3001 : design contains 3406 instances, 1596 luts, 991 seqs, 710 slices, 179 macros(710 instances: 467 mslices 243 lslices)
PHY-0007 : Cell area utilization is 15%
PHY-3001 : Start timing update ...
RUN-1002 : start command "start_timer -report"
TMR-2505 : Start building timing graph for model top.
TMR-2506 : Build timing graph completely. Port num: 22, tpin num: 18170, tnet num: 3986, tinst num: 3406, tnode num: 22387, tedge num: 29747.
TMR-2508 : Levelizing timing graph completed, there are 43 levels in total.
TMR-2501 : Timing graph initialized successfully.
TMR-2503 : Start to update net delay, extr mode = 2.
TMR-2504 : Update delay of 3986 nets completely.
TMR-2502 : Annotate delay completely, extr mode = 2.
TMR-3001 : Initiate 5 clocks from SDC.
TMR-3004 : Map sdc constraints, there are 8 constraints in total.
TMR-3003 : Constraints initiated successfully.
TMR-3501 : Forward propagation: start to calculate arrival time...
TMR-3502 : Backward propagation: start to calculate required time...
TMR-3503 : Timing propagation completes.
PHY-3001 : End timing update;  0.543853s wall, 0.218750s user + 0.000000s system = 0.218750s CPU (40.2%)

PHY-3001 : Global placement ...
PHY-3001 : Initial: Len = 809452
PHY-3001 : Clustering ...
PHY-3001 : Level 0 #clusters 3406.
PHY-3001 : End clustering;  0.000012s wall, 0.000000s user + 0.000000s system = 0.000000s CPU (n/a%)

PHY-3001 : Run with size of 4
PHY-3001 : Cell area utilization is 15%
PHY-3001 : :::0::: Try harder cell spreading with beta_ = 0
PHY-3002 : Step(1): len = 666664, overlap = 2.25
PHY-3002 : Step(2): len = 555162, overlap = 2.25
PHY-3002 : Step(3): len = 486490, overlap = 2.25
PHY-3002 : Step(4): len = 435447, overlap = 2.5625
PHY-3002 : Step(5): len = 382158, overlap = 5.875
PHY-3002 : Step(6): len = 333805, overlap = 8.6875
PHY-3002 : Step(7): len = 296138, overlap = 11.4375
PHY-3002 : Step(8): len = 258121, overlap = 13.375
PHY-3002 : Step(9): len = 228775, overlap = 19.625
PHY-3002 : Step(10): len = 198966, overlap = 27.625
PHY-3002 : Step(11): len = 178800, overlap = 41.5312
PHY-3002 : Step(12): len = 159457, overlap = 61.0312
PHY-3002 : Step(13): len = 145700, overlap = 75.75
PHY-3002 : Step(14): len = 135418, overlap = 81.9688
PHY-3002 : Step(15): len = 124230, overlap = 94.4062
PHY-3002 : Step(16): len = 117099, overlap = 128.156
PHY-3001 : :::1::: Try harder cell spreading with beta_ = 6.70268e-05
PHY-3002 : Step(17): len = 123400, overlap = 70.7188
PHY-3002 : Step(18): len = 126130, overlap = 67.5938
PHY-3002 : Step(19): len = 120357, overlap = 76.625
PHY-3002 : Step(20): len = 115861, overlap = 93.4375
PHY-3002 : Step(21): len = 111885, overlap = 113.281
PHY-3002 : Step(22): len = 108056, overlap = 118.031
PHY-3002 : Step(23): len = 107036, overlap = 119.781
PHY-3002 : Step(24): len = 105235, overlap = 123.812
PHY-3002 : Step(25): len = 102858, overlap = 125.031
PHY-3002 : Step(26): len = 101352, overlap = 128.5
PHY-3002 : Step(27): len = 98072.2, overlap = 131.375
PHY-3002 : Step(28): len = 96726.2, overlap = 135.125
PHY-3002 : Step(29): len = 96024.4, overlap = 135.281
PHY-3001 : :::2::: Try harder cell spreading with beta_ = 0.000134054
PHY-3002 : Step(30): len = 94917.7, overlap = 130.875
PHY-3002 : Step(31): len = 95045.8, overlap = 128.438
PHY-3002 : Step(32): len = 95230.2, overlap = 115
PHY-3001 : :::3::: Try harder cell spreading with beta_ = 0.000268107
PHY-3002 : Step(33): len = 94687.5, overlap = 113.469
PHY-3002 : Step(34): len = 94896.2, overlap = 114.406
PHY-3002 : Step(35): len = 95338, overlap = 111.25
PHY-3001 : :::4::: Try harder cell spreading with beta_ = 0.000536214
PHY-3002 : Step(36): len = 94672.2, overlap = 110.5
PHY-3002 : Step(37): len = 94869.8, overlap = 110.062
PHY-3002 : Step(38): len = 94785.7, overlap = 104.812
PHY-3001 : :::5::: Try harder cell spreading with beta_ = 0.00107243
PHY-3002 : Step(39): len = 94059.1, overlap = 103.281
PHY-3002 : Step(40): len = 94099.9, overlap = 103.594
PHY-3001 : :::6::: Try harder cell spreading with beta_ = 0.00214486
PHY-3002 : Step(41): len = 94073.8, overlap = 100.938
PHY-3002 : Step(42): len = 93915.7, overlap = 100.312
PHY-3001 : :::7::: Try harder cell spreading with beta_ = 0.00428971
PHY-3002 : Step(43): len = 93169, overlap = 102.812
PHY-3002 : Step(44): len = 92854.4, overlap = 102.625
PHY-3001 : :::8::: Try harder cell spreading with beta_ = 0.0076689
PHY-3002 : Step(45): len = 93019.6, overlap = 101.062
PHY-3002 : Step(46): len = 92999, overlap = 100.656
PHY-3001 : :::9::: Try harder cell spreading with beta_ = 0.0153378
PHY-3002 : Step(47): len = 92684.7, overlap = 101.938
PHY-3002 : Step(48): len = 92536, overlap = 101.875
PHY-3001 : Legalization ...
PHY-3001 : End legalization;  0.004331s wall, 0.000000s user + 0.000000s system = 0.000000s CPU (n/a%)

PHY-3001 : Run with size of 4
PHY-3001 : Cell area utilization is 19%
PHY-3001 : Update timing in Manhattan mode ...
TMR-2503 : Start to update net delay, extr mode = 3.
TMR-2504 : Update delay of 3986 nets completely.
TMR-2502 : Annotate delay completely, extr mode = 3.
TMR-3501 : Forward propagation: start to calculate arrival time...
TMR-3502 : Backward propagation: start to calculate required time...
TMR-3503 : Timing propagation completes.
PHY-3001 : End timing update;  0.091523s wall, 0.015625s user + 0.000000s system = 0.015625s CPU (17.1%)

PHY-3001 : :::0::: Try harder cell spreading with beta_ = 1.86075e-05
PHY-3002 : Step(49): len = 92073.3, overlap = 160.344
PHY-3002 : Step(50): len = 92972.4, overlap = 159.969
PHY-3002 : Step(51): len = 90617, overlap = 159.531
PHY-3002 : Step(52): len = 89938, overlap = 160.062
PHY-3002 : Step(53): len = 88340.4, overlap = 161.469
PHY-3002 : Step(54): len = 87760.1, overlap = 161.406
PHY-3002 : Step(55): len = 87075.4, overlap = 164.688
PHY-3002 : Step(56): len = 86439.7, overlap = 164.938
PHY-3002 : Step(57): len = 85457.6, overlap = 164.375
PHY-3002 : Step(58): len = 85036.5, overlap = 168.062
PHY-3002 : Step(59): len = 84374.2, overlap = 164.531
PHY-3002 : Step(60): len = 83720.4, overlap = 177.344
PHY-3002 : Step(61): len = 82608.2, overlap = 185.906
PHY-3002 : Step(62): len = 81675.8, overlap = 190.125
PHY-3002 : Step(63): len = 81272.8, overlap = 192.125
PHY-3002 : Step(64): len = 79822.2, overlap = 194.531
PHY-3002 : Step(65): len = 78852.5, overlap = 194.594
PHY-3002 : Step(66): len = 78064.4, overlap = 194.844
PHY-3002 : Step(67): len = 76888.3, overlap = 196.312
PHY-3002 : Step(68): len = 76334.2, overlap = 199.969
PHY-3002 : Step(69): len = 75928.4, overlap = 199.906
PHY-3001 : :::1::: Try harder cell spreading with beta_ = 3.72149e-05
PHY-3002 : Step(70): len = 76663.7, overlap = 200.062
PHY-3002 : Step(71): len = 76663.7, overlap = 200.062
PHY-3002 : Step(72): len = 76889, overlap = 199.906
PHY-3001 : :::2::: Try harder cell spreading with beta_ = 7.44298e-05
PHY-3002 : Step(73): len = 83209.8, overlap = 182.5
PHY-3002 : Step(74): len = 83960.1, overlap = 176.5
PHY-3002 : Step(75): len = 83212.2, overlap = 172.406
PHY-3002 : Step(76): len = 83125.3, overlap = 172.594
PHY-3002 : Step(77): len = 83110.2, overlap = 172.719
PHY-3001 : :::3::: Try harder cell spreading with beta_ = 0.00014886
PHY-3002 : Step(78): len = 84963.8, overlap = 161.656
PHY-3002 : Step(79): len = 86198.1, overlap = 161.625
PHY-3002 : Step(80): len = 88286.2, overlap = 161.938
PHY-3002 : Step(81): len = 89004.2, overlap = 150.938
PHY-3002 : Step(82): len = 89296.3, overlap = 141.25
PHY-3002 : Step(83): len = 88081.2, overlap = 138.969
PHY-3002 : Step(84): len = 87746.3, overlap = 138.531
PHY-3002 : Step(85): len = 86332, overlap = 134
PHY-3001 : :::4::: Try harder cell spreading with beta_ = 0.000297719
PHY-3002 : Step(86): len = 86984.8, overlap = 127.25
PHY-3002 : Step(87): len = 87697.2, overlap = 123.969
PHY-3002 : Step(88): len = 88529.3, overlap = 122.594
PHY-3001 : :::5::: Try harder cell spreading with beta_ = 0.000595439
PHY-3002 : Step(89): len = 90003, overlap = 118.156
PHY-3002 : Step(90): len = 91012.2, overlap = 116.594
PHY-3002 : Step(91): len = 92401.8, overlap = 111.812
PHY-3002 : Step(92): len = 92293.2, overlap = 111.875
PHY-3002 : Step(93): len = 91507.8, overlap = 115.094
PHY-3001 : :::6::: Try harder cell spreading with beta_ = 0.00119088
PHY-3002 : Step(94): len = 91508.5, overlap = 110.625
PHY-3002 : Step(95): len = 90421.9, overlap = 107.125
PHY-3002 : Step(96): len = 90421.9, overlap = 107.125
PHY-3001 : :::7::: Try harder cell spreading with beta_ = 0.00238175
PHY-3002 : Step(97): len = 90679.3, overlap = 106.281
PHY-3002 : Step(98): len = 91038, overlap = 106.938
PHY-3001 : :::8::: Try harder cell spreading with beta_ = 0.00476351
PHY-3002 : Step(99): len = 91255, overlap = 106.406
PHY-3002 : Step(100): len = 91335.7, overlap = 105.438
PHY-3001 : :::9::: Try harder cell spreading with beta_ = 0.00844049
PHY-3002 : Step(101): len = 91409.5, overlap = 105.344
PHY-3002 : Step(102): len = 91539.1, overlap = 104.969
PHY-3001 : :::10::: Try harder cell spreading with beta_ = 0.016881
PHY-3002 : Step(103): len = 91571.9, overlap = 104.938
PHY-3002 : Step(104): len = 91661.4, overlap = 104.75
PHY-3001 : :::11::: Try harder cell spreading with beta_ = 0.033762
PHY-3002 : Step(105): len = 91645.1, overlap = 101.406
PHY-3002 : Step(106): len = 91657.2, overlap = 101.281
PHY-3001 : :::12::: Try harder cell spreading with beta_ = 0.0638122
PHY-3002 : Step(107): len = 91664.1, overlap = 99.2188
PHY-3002 : Step(108): len = 91664.1, overlap = 99.2188
PHY-3001 : Run with size of 2
PHY-3001 : Cell area utilization is 19%
PHY-3001 : Update timing in Manhattan mode ...
TMR-2503 : Start to update net delay, extr mode = 3.
TMR-2504 : Update delay of 3986 nets completely.
TMR-2502 : Annotate delay completely, extr mode = 3.
TMR-3501 : Forward propagation: start to calculate arrival time...
TMR-3502 : Backward propagation: start to calculate required time...
TMR-3503 : Timing propagation completes.
PHY-3001 : End timing update;  0.118355s wall, 0.125000s user + 0.000000s system = 0.125000s CPU (105.6%)

PHY-3001 : :::0::: Try harder cell spreading with beta_ = 9.41211e-05
PHY-3002 : Step(109): len = 96194.9, overlap = 173.312
PHY-3002 : Step(110): len = 99193.8, overlap = 156.438
PHY-3002 : Step(111): len = 95247, overlap = 155.844
PHY-3002 : Step(112): len = 93886.6, overlap = 147.344
PHY-3002 : Step(113): len = 92121.9, overlap = 139.25
PHY-3002 : Step(114): len = 91278.1, overlap = 141.469
PHY-3002 : Step(115): len = 89952.9, overlap = 138.594
PHY-3002 : Step(116): len = 89518.6, overlap = 136.594
PHY-3002 : Step(117): len = 89135.7, overlap = 141.344
PHY-3002 : Step(118): len = 88903.6, overlap = 143.469
PHY-3002 : Step(119): len = 88586.6, overlap = 143.656
PHY-3002 : Step(120): len = 88017.9, overlap = 145.875
PHY-3001 : :::1::: Try harder cell spreading with beta_ = 0.000188242
PHY-3002 : Step(121): len = 89965.5, overlap = 130.219
PHY-3002 : Step(122): len = 90413.3, overlap = 126.688
PHY-3002 : Step(123): len = 90034, overlap = 130.906
PHY-3001 : :::2::: Try harder cell spreading with beta_ = 0.000376484
PHY-3002 : Step(124): len = 91234.2, overlap = 126.094
PHY-3002 : Step(125): len = 92502.3, overlap = 119.781
PHY-3002 : Step(126): len = 92965.8, overlap = 117.875
PHY-3001 : :::3::: Try harder cell spreading with beta_ = 0.000752969
PHY-3002 : Step(127): len = 93459.2, overlap = 117.656
PHY-3002 : Step(128): len = 94368.6, overlap = 108.375
PHY-3001 : :::4::: Try harder cell spreading with beta_ = 0.00150594
PHY-3002 : Step(129): len = 95366.2, overlap = 114.25
PHY-3002 : Step(130): len = 96346.5, overlap = 116.969
PHY-3002 : Step(131): len = 96417.3, overlap = 112.906
PHY-3001 : :::5::: Try harder cell spreading with beta_ = 0.00301187
PHY-3002 : Step(132): len = 97225.3, overlap = 112.656
PHY-3002 : Step(133): len = 98205.8, overlap = 107.844
PHY-3001 : :::6::: Try harder cell spreading with beta_ = 0.00602375
PHY-3002 : Step(134): len = 98349.9, overlap = 106.281
PHY-3002 : Step(135): len = 99041.2, overlap = 99.0938
PHY-3001 : :::7::: Try harder cell spreading with beta_ = 0.0120475
PHY-3002 : Step(136): len = 99219.7, overlap = 91.8125
PHY-3002 : Step(137): len = 99372.9, overlap = 89.625
PHY-3001 : :::8::: Try harder cell spreading with beta_ = 0.024095
PHY-3002 : Step(138): len = 99572.2, overlap = 88.0312
PHY-3002 : Step(139): len = 99707.9, overlap = 88.875
OPT-1001 : Start physical optimization ...
RUN-1002 : start command "start_timer -report"
TMR-2505 : Start building timing graph for model top.
TMR-2506 : Build timing graph completely. Port num: 22, tpin num: 18170, tnet num: 3986, tinst num: 3406, tnode num: 22387, tedge num: 29747.
TMR-2508 : Levelizing timing graph completed, there are 43 levels in total.
TMR-2501 : Timing graph initialized successfully.
OPT-1001 : Total overflow 277.56 peak overflow 5.78
OPT-1001 : Start high-fanout net optimization ...
OPT-1001 : Update timing in global mode
PHY-1001 : Start incremental global routing, caller is place ...
RUN-1001 : Generating global routing grids ...
RUN-1001 : Building simple global routing graph ...
PHY-1001 : Generate routing nets ...
PHY-1001 : Reuse net number 0/5396.
PHY-1001 : Global iterations in 16 thread ...
PHY-1002 : len = 127256, over cnt = 499(1%), over = 2467, worst = 42
PHY-1001 : End global iterations;  0.141589s wall, 0.078125s user + 0.000000s system = 0.078125s CPU (55.2%)

PHY-1001 : Congestion index: top1 = 50.45, top5 = 35.84, top10 = 27.92, top15 = 22.89.
PHY-1001 : End incremental global routing;  0.199600s wall, 0.109375s user + 0.000000s system = 0.109375s CPU (54.8%)

TMR-2503 : Start to update net delay, extr mode = 5.
TMR-2504 : Update delay of 3986 nets completely.
TMR-2502 : Annotate delay completely, extr mode = 5.
TMR-3001 : Initiate 5 clocks from SDC.
TMR-3004 : Map sdc constraints, there are 8 constraints in total.
TMR-3003 : Constraints initiated successfully.
TMR-3501 : Forward propagation: start to calculate arrival time...
TMR-3502 : Backward propagation: start to calculate required time...
TMR-3503 : Timing propagation completes.
OPT-1001 : End timing update;  0.103496s wall, 0.078125s user + 0.000000s system = 0.078125s CPU (75.5%)

OPT-1001 : 3 high-fanout net processed.
PHY-3001 : Start incremental placement ...
PHY-1001 : Populate physical database on model top.
PHY-3001 : Initial placement ...
PHY-3001 : eco special cells: 1 has valid locations, 0 needs to be replaced
PHY-3001 : eco pad cells: 102 has valid locations, 0 needs to be replaced
PHY-3001 : eco cells: 3295 has valid locations, 21 needs to be replaced
PHY-3001 : design contains 3424 instances, 1599 luts, 1006 seqs, 710 slices, 179 macros(710 instances: 467 mslices 243 lslices)
PHY-3001 : Global placement ...
PHY-3001 : Initial: Len = 100830
PHY-3001 : Run with size of 4
PHY-3001 : Cell area utilization is 19%
PHY-3001 : Update timing in Manhattan mode ...
RUN-1002 : start command "start_timer -report"
TMR-2505 : Start building timing graph for model top.
TMR-2506 : Build timing graph completely. Port num: 22, tpin num: 18257, tnet num: 4004, tinst num: 3424, tnode num: 22534, tedge num: 29885.
TMR-2508 : Levelizing timing graph completed, there are 43 levels in total.
TMR-2501 : Timing graph initialized successfully.
TMR-2503 : Start to update net delay, extr mode = 3.
TMR-2504 : Update delay of 4004 nets completely.
TMR-2502 : Annotate delay completely, extr mode = 3.
TMR-3001 : Initiate 5 clocks from SDC.
TMR-3004 : Map sdc constraints, there are 8 constraints in total.
TMR-3003 : Constraints initiated successfully.
TMR-3501 : Forward propagation: start to calculate arrival time...
TMR-3502 : Backward propagation: start to calculate required time...
TMR-3503 : Timing propagation completes.
PHY-3001 : End timing update;  0.606296s wall, 0.218750s user + 0.015625s system = 0.234375s CPU (38.7%)

PHY-3001 : :::0::: Try harder cell spreading with beta_ = 0
PHY-3002 : Step(140): len = 100590, overlap = 1.1875
PHY-3002 : Step(141): len = 100630, overlap = 1.25
PHY-3002 : Step(142): len = 100660, overlap = 1.1875
PHY-3001 : Run with size of 2
PHY-3001 : Cell area utilization is 19%
PHY-3001 : Update timing in Manhattan mode ...
TMR-2503 : Start to update net delay, extr mode = 3.
TMR-2504 : Update delay of 4004 nets completely.
TMR-2502 : Annotate delay completely, extr mode = 3.
TMR-3501 : Forward propagation: start to calculate arrival time...
TMR-3502 : Backward propagation: start to calculate required time...
TMR-3503 : Timing propagation completes.
PHY-3001 : End timing update;  0.096450s wall, 0.078125s user + 0.000000s system = 0.078125s CPU (81.0%)

PHY-3001 : :::0::: Try harder cell spreading with beta_ = 0.00481445
PHY-3002 : Step(143): len = 100757, overlap = 88.875
PHY-3002 : Step(144): len = 100799, overlap = 88.875
PHY-3001 : :::1::: Try harder cell spreading with beta_ = 0.00962891
PHY-3002 : Step(145): len = 100781, overlap = 88.875
PHY-3002 : Step(146): len = 100762, overlap = 88.875
PHY-3001 : Final: Len = 100762, Over = 88.875
PHY-3001 : End incremental placement;  0.858813s wall, 0.375000s user + 0.015625s system = 0.390625s CPU (45.5%)

OPT-1001 : Total overflow 277.94 peak overflow 5.78
OPT-1001 : End high-fanout net optimization;  1.231923s wall, 0.593750s user + 0.015625s system = 0.609375s CPU (49.5%)

OPT-1001 : Current memory(MB): used = 270, reserve = 238, peak = 270.
OPT-1001 : Start global optimization ...
OPT-1001 : Start congestion update ...
RUN-1001 : Generating global routing grids ...
PHY-1001 : Generate routing nets ...
PHY-1001 : Reuse net number 3554/5414.
PHY-1001 : Global iterations in 16 thread ...
PHY-1002 : len = 127984, over cnt = 494(1%), over = 2407, worst = 41
PHY-1002 : len = 148728, over cnt = 401(1%), over = 1093, worst = 29
PHY-1002 : len = 161848, over cnt = 159(0%), over = 314, worst = 20
PHY-1002 : len = 165712, over cnt = 74(0%), over = 108, worst = 7
PHY-1002 : len = 168520, over cnt = 0(0%), over = 0, worst = 0
PHY-1001 : End global iterations;  0.196309s wall, 0.062500s user + 0.000000s system = 0.062500s CPU (31.8%)

PHY-1001 : Congestion index: top1 = 44.63, top5 = 34.89, top10 = 29.09, top15 = 25.23.
OPT-1001 : End congestion update;  0.247660s wall, 0.062500s user + 0.000000s system = 0.062500s CPU (25.2%)

OPT-1001 : Update timing in Manhattan mode
TMR-2503 : Start to update net delay, extr mode = 3.
TMR-2504 : Update delay of 4004 nets completely.
TMR-2502 : Annotate delay completely, extr mode = 3.
TMR-3501 : Forward propagation: start to calculate arrival time...
TMR-3502 : Backward propagation: start to calculate required time...
TMR-3503 : Timing propagation completes.
OPT-1001 : End timing update;  0.093663s wall, 0.031250s user + 0.000000s system = 0.031250s CPU (33.4%)

OPT-0007 : Start: WNS 872 TNS 0 NUM_FEPS 0
OPT-0007 : Iter 1: improved WNS 872 TNS 0 NUM_FEPS 0 with 14 cells processed and 100 slack improved
OPT-0007 : Iter 2: improved WNS 872 TNS 0 NUM_FEPS 0 with 6 cells processed and 100 slack improved
OPT-0007 : Iter 3: improved WNS 872 TNS 0 NUM_FEPS 0 with 1 cells processed and 100 slack improved
OPT-0007 : Iter 4: improved WNS 872 TNS 0 NUM_FEPS 0 with 1 cells processed and 100 slack improved
OPT-0007 : Iter 5: improved WNS 872 TNS 0 NUM_FEPS 0 with 0 cells processed and 0 slack improved
OPT-1001 : End global optimization;  0.346947s wall, 0.109375s user + 0.000000s system = 0.109375s CPU (31.5%)

OPT-1001 : Current memory(MB): used = 270, reserve = 238, peak = 270.
OPT-1001 : End physical optimization;  2.200138s wall, 0.859375s user + 0.015625s system = 0.875000s CPU (39.8%)

PHY-3001 : Start packing ...
SYN-4007 : Packing 0 MUX to BLE ...
SYN-4008 : Packed 0 MUX and 0 SEQ to BLE.
SYN-4007 : Packing 1599 LUT to BLE ...
SYN-4008 : Packed 1599 LUT and 631 SEQ to BLE.
SYN-4003 : Packing 375 remaining SEQ's ...
SYN-4005 : Packed 202 SEQ with LUT/SLICE
SYN-4006 : 797 single LUT's are left
SYN-4006 : 173 single SEQ's are left
SYN-4011 : Packing model "top" (AL_USER_NORMAL) with 1772/2721 primitive instances ...
PHY-3001 : End packing;  0.086083s wall, 0.015625s user + 0.000000s system = 0.015625s CPU (18.2%)

PHY-1001 : Populate physical database on model top.
RUN-1001 : There are total 1775 instances
RUN-1001 : 832 mslices, 832 lslices, 102 pads, 1 brams, 0 dsps
RUN-1001 : There are total 4841 nets
RUN-1001 : 2845 nets have 2 pins
RUN-1001 : 1622 nets have [3 - 5] pins
RUN-1001 : 168 nets have [6 - 10] pins
RUN-1001 : 107 nets have [11 - 20] pins
RUN-1001 : 86 nets have [21 - 99] pins
RUN-1001 : 13 nets have 100+ pins
PHY-3001 : design contains 1773 instances, 1664 slices, 179 macros(710 instances: 467 mslices 243 lslices)
PHY-3001 : Cell area utilization is 21%
PHY-3001 : After packing: Len = 99661.6, Over = 114.25
PHY-3001 : Run with size of 2
PHY-3001 : Cell area utilization is 21%
PHY-3001 : Update timing in Manhattan mode ...
RUN-1002 : start command "start_timer -report"
TMR-2505 : Start building timing graph for model top.
TMR-2506 : Build timing graph completely. Port num: 22, tpin num: 16313, tnet num: 3431, tinst num: 1773, tnode num: 19630, tedge num: 27708.
TMR-2508 : Levelizing timing graph completed, there are 41 levels in total.
TMR-2501 : Timing graph initialized successfully.
TMR-2503 : Start to update net delay, extr mode = 3.
TMR-2504 : Update delay of 3431 nets completely.
TMR-2502 : Annotate delay completely, extr mode = 3.
TMR-3001 : Initiate 5 clocks from SDC.
TMR-3004 : Map sdc constraints, there are 8 constraints in total.
TMR-3003 : Constraints initiated successfully.
TMR-3501 : Forward propagation: start to calculate arrival time...
TMR-3502 : Backward propagation: start to calculate required time...
TMR-3503 : Timing propagation completes.
PHY-3001 : End timing update;  0.630316s wall, 0.343750s user + 0.000000s system = 0.343750s CPU (54.5%)

PHY-3001 : :::0::: Try harder cell spreading with beta_ = 8.8927e-05
PHY-3002 : Step(147): len = 97380, overlap = 118.75
PHY-3002 : Step(148): len = 96029.8, overlap = 126.75
PHY-3002 : Step(149): len = 95300.1, overlap = 129.5
PHY-3002 : Step(150): len = 95340.3, overlap = 131.25
PHY-3002 : Step(151): len = 95119.1, overlap = 133
PHY-3001 : :::1::: Try harder cell spreading with beta_ = 0.000177854
PHY-3002 : Step(152): len = 98454.1, overlap = 122.25
PHY-3002 : Step(153): len = 100371, overlap = 114.25
PHY-3002 : Step(154): len = 99987, overlap = 115.5
PHY-3002 : Step(155): len = 99955.7, overlap = 115.75
PHY-3002 : Step(156): len = 100087, overlap = 117
PHY-3001 : :::2::: Try harder cell spreading with beta_ = 0.000323105
PHY-3002 : Step(157): len = 102959, overlap = 113
PHY-3002 : Step(158): len = 105972, overlap = 106
PHY-3002 : Step(159): len = 108039, overlap = 97.25
PHY-3002 : Step(160): len = 107324, overlap = 101
PHY-3001 : Legalization ...
PHY-3001 : End legalization;  0.192134s wall, 0.000000s user + 0.000000s system = 0.000000s CPU (n/a%)

PHY-3001 : Trial Legalized: Len = 133293
PHY-3001 : Run with size of 2
PHY-3001 : Cell area utilization is 20%
PHY-3001 : Update timing in Manhattan mode ...
TMR-2503 : Start to update net delay, extr mode = 3.
TMR-2504 : Update delay of 3431 nets completely.
TMR-2502 : Annotate delay completely, extr mode = 3.
TMR-3501 : Forward propagation: start to calculate arrival time...
TMR-3502 : Backward propagation: start to calculate required time...
TMR-3503 : Timing propagation completes.
PHY-3001 : End timing update;  0.085003s wall, 0.000000s user + 0.000000s system = 0.000000s CPU (n/a%)

PHY-3001 : :::0::: Try harder cell spreading with beta_ = 0.000761466
PHY-3002 : Step(161): len = 124570, overlap = 14.75
PHY-3002 : Step(162): len = 120571, overlap = 25
PHY-3002 : Step(163): len = 117791, overlap = 28.5
PHY-3002 : Step(164): len = 115677, overlap = 34.5
PHY-3002 : Step(165): len = 114321, overlap = 41
PHY-3002 : Step(166): len = 113763, overlap = 39.75
PHY-3001 : :::1::: Try harder cell spreading with beta_ = 0.00152293
PHY-3002 : Step(167): len = 114667, overlap = 37.75
PHY-3002 : Step(168): len = 115658, overlap = 35.75
PHY-3002 : Step(169): len = 115960, overlap = 36.25
PHY-3001 : :::2::: Try harder cell spreading with beta_ = 0.00304587
PHY-3002 : Step(170): len = 116446, overlap = 34.25
PHY-3002 : Step(171): len = 117532, overlap = 32.75
PHY-3001 : Legalization ...
PHY-3001 : End legalization;  0.005170s wall, 0.000000s user + 0.000000s system = 0.000000s CPU (n/a%)

PHY-3001 : Legalized: Len = 125399, Over = 0
PHY-3001 : Spreading special nets. 25 overflows in 2952 tiles.
PHY-3001 : End spreading;  0.007372s wall, 0.000000s user + 0.000000s system = 0.000000s CPU (n/a%)

PHY-3001 : 34 instances has been re-located, deltaX = 19, deltaY = 19, maxDist = 2.
PHY-3001 : Final: Len = 126433, Over = 0
OPT-1001 : Start physical optimization ...
RUN-1002 : start command "start_timer -report"
TMR-2505 : Start building timing graph for model top.
TMR-2506 : Build timing graph completely. Port num: 22, tpin num: 16313, tnet num: 3431, tinst num: 1773, tnode num: 19630, tedge num: 27708.
TMR-2508 : Levelizing timing graph completed, there are 41 levels in total.
TMR-2501 : Timing graph initialized successfully.
OPT-1001 : Total overflow 0.00 peak overflow 0.00
OPT-1001 : Start high-fanout net optimization ...
OPT-1001 : Update timing in global mode
PHY-1001 : Start incremental global routing, caller is place ...
RUN-1001 : Generating global routing grids ...
PHY-1001 : Generate routing nets ...
PHY-1001 : Reuse net number 114/4841.
PHY-1001 : Global iterations in 16 thread ...
PHY-1002 : len = 161280, over cnt = 394(1%), over = 709, worst = 6
PHY-1002 : len = 163824, over cnt = 217(0%), over = 325, worst = 6
PHY-1002 : len = 166400, over cnt = 58(0%), over = 81, worst = 4
PHY-1002 : len = 167128, over cnt = 15(0%), over = 15, worst = 1
PHY-1002 : len = 167312, over cnt = 0(0%), over = 0, worst = 0
PHY-1001 : End global iterations;  0.304700s wall, 0.125000s user + 0.000000s system = 0.125000s CPU (41.0%)

PHY-1001 : Congestion index: top1 = 33.79, top5 = 28.32, top10 = 24.59, top15 = 22.00.
PHY-1001 : End incremental global routing;  0.378676s wall, 0.140625s user + 0.000000s system = 0.140625s CPU (37.1%)

TMR-2503 : Start to update net delay, extr mode = 5.
TMR-2504 : Update delay of 3431 nets completely.
TMR-2502 : Annotate delay completely, extr mode = 5.
TMR-3001 : Initiate 5 clocks from SDC.
TMR-3004 : Map sdc constraints, there are 8 constraints in total.
TMR-3003 : Constraints initiated successfully.
TMR-3501 : Forward propagation: start to calculate arrival time...
TMR-3502 : Backward propagation: start to calculate required time...
TMR-3503 : Timing propagation completes.
OPT-1001 : End timing update;  0.102899s wall, 0.078125s user + 0.000000s system = 0.078125s CPU (75.9%)

OPT-1001 : 0 high-fanout net processed.
OPT-1001 : End high-fanout net optimization;  0.551913s wall, 0.250000s user + 0.000000s system = 0.250000s CPU (45.3%)

OPT-1001 : Current memory(MB): used = 271, reserve = 238, peak = 271.
OPT-1001 : Start path based optimization ...
OPT-1001 : Start congestion update ...
RUN-1001 : Generating global routing grids ...
PHY-1001 : Generate routing nets ...
PHY-1001 : Reuse net number 2998/4841.
PHY-1001 : Global iterations in 16 thread ...
PHY-1002 : len = 167312, over cnt = 0(0%), over = 0, worst = 0
PHY-1001 : End global iterations;  0.009717s wall, 0.015625s user + 0.000000s system = 0.015625s CPU (160.8%)

PHY-1001 : Congestion index: top1 = 33.79, top5 = 28.32, top10 = 24.59, top15 = 22.00.
OPT-1001 : End congestion update;  0.071686s wall, 0.031250s user + 0.015625s system = 0.046875s CPU (65.4%)

OPT-1001 : Update timing in Manhattan mode
TMR-2503 : Start to update net delay, extr mode = 3.
TMR-2504 : Update delay of 3431 nets completely.
TMR-2502 : Annotate delay completely, extr mode = 3.
TMR-3501 : Forward propagation: start to calculate arrival time...
TMR-3502 : Backward propagation: start to calculate required time...
TMR-3503 : Timing propagation completes.
OPT-1001 : End timing update;  0.106819s wall, 0.015625s user + 0.000000s system = 0.015625s CPU (14.6%)

OPT-0007 : Start: WNS 798 TNS 0 NUM_FEPS 0
PHY-3001 : Start incremental legalization ...
PHY-1001 : Populate physical database on model top.
PHY-3001 : Initial placement ...
PHY-3001 : eco special cells: 1 has valid locations, 0 needs to be replaced
PHY-3001 : eco pad cells: 102 has valid locations, 0 needs to be replaced
PHY-3001 : eco cells: 1665 has valid locations, 0 needs to be replaced
PHY-3001 : design contains 1773 instances, 1664 slices, 179 macros(710 instances: 467 mslices 243 lslices)
PHY-3001 : Cell area utilization is 21%
PHY-3001 : Initial: Len = 126832, Over = 0
PHY-3001 : Spreading special nets. 3 overflows in 2952 tiles.
PHY-3001 : End spreading;  0.006538s wall, 0.000000s user + 0.000000s system = 0.000000s CPU (n/a%)

PHY-3001 : 4 instances has been re-located, deltaX = 4, deltaY = 1, maxDist = 2.
PHY-3001 : Final: Len = 126958, Over = 0
PHY-3001 : End incremental legalization;  0.057271s wall, 0.000000s user + 0.000000s system = 0.000000s CPU (n/a%)

OPT-0007 : Iter 1: improved WNS 972 TNS 0 NUM_FEPS 0 with 5 cells processed and 624 slack improved
OPT-0007 : Iter 2: improved WNS 972 TNS 0 NUM_FEPS 0 with 0 cells processed and 0 slack improved
OPT-1001 : End path based optimization;  0.253607s wall, 0.062500s user + 0.015625s system = 0.078125s CPU (30.8%)

OPT-1001 : Current memory(MB): used = 278, reserve = 246, peak = 278.
OPT-1001 : Update timing in Manhattan mode
TMR-2503 : Start to update net delay, extr mode = 3.
TMR-2504 : Update delay of 3431 nets completely.
TMR-2502 : Annotate delay completely, extr mode = 3.
TMR-3501 : Forward propagation: start to calculate arrival time...
TMR-3502 : Backward propagation: start to calculate required time...
TMR-3503 : Timing propagation completes.
OPT-1001 : End timing update;  0.082968s wall, 0.046875s user + 0.000000s system = 0.046875s CPU (56.5%)

OPT-1001 : Start pin optimization...
OPT-1001 : skip pin optimization...
RUN-1001 : Generating global routing grids ...
PHY-1001 : Generate routing nets ...
PHY-1001 : Reuse net number 2972/4841.
PHY-1001 : Global iterations in 16 thread ...
PHY-1002 : len = 167968, over cnt = 8(0%), over = 9, worst = 2
PHY-1002 : len = 167992, over cnt = 4(0%), over = 4, worst = 1
PHY-1002 : len = 168040, over cnt = 0(0%), over = 0, worst = 0
PHY-1001 : End global iterations;  0.040650s wall, 0.000000s user + 0.000000s system = 0.000000s CPU (n/a%)

PHY-1001 : Congestion index: top1 = 33.92, top5 = 28.39, top10 = 24.64, top15 = 22.06.
OPT-1001 : Update timing in Manhattan mode
TMR-2503 : Start to update net delay, extr mode = 3.
TMR-2504 : Update delay of 3431 nets completely.
TMR-2502 : Annotate delay completely, extr mode = 3.
TMR-3501 : Forward propagation: start to calculate arrival time...
TMR-3502 : Backward propagation: start to calculate required time...
TMR-3503 : Timing propagation completes.
OPT-1001 : End timing update;  0.081771s wall, 0.046875s user + 0.000000s system = 0.046875s CPU (57.3%)

RUN-1001 : QoR Analysis:
OPT-0007 :   WNS 972 TNS 0 NUM_FEPS 0
RUN-1001 :   No local congestion issue, and most congested 1% tile average routing util is 33.448276
RUN-1001 :   Top critical paths
RUN-1001 :       #1 path slack 972ps with logic level 2 
RUN-1001 :       #2 path slack 1048ps with logic level 2 
OPT-1001 : End physical optimization;  1.663740s wall, 0.656250s user + 0.015625s system = 0.671875s CPU (40.4%)

RUN-1003 : finish command "place" in  9.235895s wall, 2.656250s user + 0.250000s system = 2.906250s CPU (31.5%)

RUN-1004 : used memory is 261 MB, reserved memory is 228 MB, peak memory is 278 MB
RUN-1002 : start command "export_db pic_sdram_place.db"
RUN-1001 : Exported /
RUN-1001 : Exported flow parameters
RUN-1001 : Exported libs
RUN-1001 : Exported entities
RUN-1001 : Exported ports
RUN-1001 : Exported pins
RUN-1001 : Exported instances
RUN-1001 : Exported nets
RUN-1001 : Exported buses
RUN-1001 : Exported models
RUN-1001 : Exported congestions
RUN-1001 : Exported violations
RUN-1001 : Exported timing constraints
RUN-1001 : Exported IO constraints
RUN-1001 : Exported Inst constraints
RUN-1001 : Exported ChipWatcher
RUN-1002 : start command "route"
RUN-1001 : Open license file D:/Program/Anlogic/TD5.6.2/license/Anlogic.lic
RUN-1001 : Print Global Property
RUN-1001 : ---------------------------------------------------------------
RUN-1001 :        Parameters        |  Settings  |  Default Values  |  Note  
RUN-1001 : ---------------------------------------------------------------
RUN-1001 :          message         |  standard  |     standard     |        
RUN-1001 :   mixed_pack_place_flow  |     on     |        on        |        
RUN-1001 :        qor_monitor       |    off     |       off        |        
RUN-1001 :        syn_ip_flow       |    off     |       off        |        
RUN-1001 :          thread          |    auto    |       auto       |        
RUN-1001 : ---------------------------------------------------------------
RUN-1001 : Print Route Property
RUN-1001 : -------------------------------------------------------
RUN-1001 :    Parameters    |  Settings  |  Default Values  |  Note  
RUN-1001 : -------------------------------------------------------
RUN-1001 :      effort      |   medium   |      medium      |        
RUN-1001 :     fix_hold     |    off     |       off        |        
RUN-1001 :    opt_timing    |   medium   |      medium      |        
RUN-1001 :   phy_sim_model  |    off     |       off        |        
RUN-1001 :     priority     |   timing   |      timing      |        
RUN-1001 :     swap_pin     |     on     |        on        |        
RUN-1001 : -------------------------------------------------------
PHY-1001 : Route runs in 16 thread(s)
RUN-1001 : There are total 1775 instances
RUN-1001 : 832 mslices, 832 lslices, 102 pads, 1 brams, 0 dsps
RUN-1001 : There are total 4841 nets
RUN-1001 : 2845 nets have 2 pins
RUN-1001 : 1622 nets have [3 - 5] pins
RUN-1001 : 168 nets have [6 - 10] pins
RUN-1001 : 107 nets have [11 - 20] pins
RUN-1001 : 86 nets have [21 - 99] pins
RUN-1001 : 13 nets have 100+ pins
RUN-1002 : start command "start_timer -report"
TMR-2505 : Start building timing graph for model top.
TMR-2506 : Build timing graph completely. Port num: 22, tpin num: 16313, tnet num: 3431, tinst num: 1773, tnode num: 19630, tedge num: 27708.
TMR-2508 : Levelizing timing graph completed, there are 41 levels in total.
TMR-2501 : Timing graph initialized successfully.
PHY-1001 : 832 mslices, 832 lslices, 102 pads, 1 brams, 0 dsps
TMR-2503 : Start to update net delay, extr mode = 3.
TMR-2504 : Update delay of 3431 nets completely.
TMR-2502 : Annotate delay completely, extr mode = 3.
TMR-3001 : Initiate 5 clocks from SDC.
TMR-3004 : Map sdc constraints, there are 8 constraints in total.
TMR-3003 : Constraints initiated successfully.
TMR-3501 : Forward propagation: start to calculate arrival time...
TMR-3502 : Backward propagation: start to calculate required time...
TMR-3503 : Timing propagation completes.
PHY-1001 : Start global routing, caller is route ...
RUN-1001 : Generating global routing grids ...
PHY-1001 : Generate routing nets ...
PHY-1001 : Global iterations in 16 thread ...
PHY-1002 : len = 158840, over cnt = 388(1%), over = 735, worst = 8
PHY-1002 : len = 161824, over cnt = 220(0%), over = 348, worst = 6
PHY-1002 : len = 165112, over cnt = 44(0%), over = 61, worst = 4
PHY-1002 : len = 165800, over cnt = 0(0%), over = 0, worst = 0
PHY-1001 : End global iterations;  0.289222s wall, 0.156250s user + 0.000000s system = 0.156250s CPU (54.0%)

PHY-1001 : Congestion index: top1 = 33.94, top5 = 28.31, top10 = 24.55, top15 = 21.93.
PHY-1001 : End global routing;  0.360774s wall, 0.203125s user + 0.000000s system = 0.203125s CPU (56.3%)

PHY-1001 : Start detail routing ...
PHY-1001 : Current memory(MB): used = 306, reserve = 274, peak = 310.
PHY-1001 : Detailed router is running in normal mode.
PHY-1001 : Generate detailed routing grids ...
PHY-1001 : Generate nets ...
PHY-1001 : net clk_dup_1 will be routed on clock mesh
PHY-1001 : net flash_write_read_m0/flash_cmd_m0/sys_clk will be routed on clock mesh
PHY-1001 : net frame_read_write_m0/frame_fifo_read_m0/mem_clk will be routed on clock mesh
PHY-1001 : clock net frame_read_write_m0/read_buf/clkr will be merged with clock video_pll_m0/clk0_buf
PHY-1001 : clock net frame_read_write_m0/write_buf/clkw will be merged with clock sys_pll_m0/clk0_buf
PHY-1001 : clock net config_inst_syn_10 will be merged with clock config_inst_syn_9
PHY-1001 : Current memory(MB): used = 558, reserve = 530, peak = 558.
PHY-1001 : End build detailed router design. 2.588847s wall, 1.578125s user + 0.000000s system = 1.578125s CPU (61.0%)

PHY-1001 : Detail Route ...
PHY-1001 : ===== Detail Route Phase 1 =====
PHY-1001 : Clock net routing.....
PHY-1001 : Routed 0% nets.
PHY-1022 : len = 56392, over cnt = 0(0%), over = 0, worst = 0, crit = 0
PHY-1001 : End initial clock net routed; 1.225502s wall, 0.500000s user + 0.000000s system = 0.500000s CPU (40.8%)

PHY-1001 : Current memory(MB): used = 591, reserve = 564, peak = 591.
PHY-1001 : End phase 1; 1.232899s wall, 0.500000s user + 0.000000s system = 0.500000s CPU (40.6%)

PHY-1001 : ===== Detail Route Phase 2 =====
PHY-1001 : Initial routing.....
PHY-1001 : Routed 28% nets.
PHY-1001 : Routed 33% nets.
PHY-1001 : Routed 40% nets.
PHY-1001 : Routed 50% nets.
PHY-1001 : Routed 64% nets.
PHY-1022 : len = 586248, over cnt = 98(0%), over = 98, worst = 1, crit = 0
PHY-1001 : Current memory(MB): used = 593, reserve = 565, peak = 593.
PHY-1001 : End initial routed; 3.978033s wall, 1.625000s user + 0.015625s system = 1.640625s CPU (41.2%)

PHY-1001 : Update timing.....
PHY-1001 : 2/3109(0%) critical/total net(s).
RUN-1001 : --------------------------------------
RUN-1001 :   Type   |  WNS(ns)  |  TNS(ns)  |  FEP  
RUN-1001 : --------------------------------------
RUN-1001 :   Setup  |  -0.211   |  -0.211   |   1   
RUN-1001 :   Hold   |  -0.451   |  -1.031   |   3   
RUN-1001 : --------------------------------------
PHY-1001 : End update timing; 0.694667s wall, 0.265625s user + 0.000000s system = 0.265625s CPU (38.2%)

PHY-1001 : Current memory(MB): used = 596, reserve = 568, peak = 596.
PHY-1001 : End phase 2; 4.672762s wall, 1.890625s user + 0.015625s system = 1.906250s CPU (40.8%)

PHY-1001 : ===== Detail Route Phase 3 =====
PHY-1001 : Optimize timing.....
PHY-1001 : ===== OPT Iter 1 =====
PHY-1001 : Processed 2 pins with SWNS -0.074ns STNS -0.074ns FEP 1.
PHY-1001 : End OPT Iter 1; 0.017476s wall, 0.000000s user + 0.000000s system = 0.000000s CPU (n/a%)

PHY-1022 : len = 586248, over cnt = 99(0%), over = 99, worst = 1, crit = 0
PHY-1001 : End optimize timing; 0.043778s wall, 0.015625s user + 0.000000s system = 0.015625s CPU (35.7%)

PHY-1001 : Ripup-reroute.....
PHY-1001 : ===== DR Iter 1 =====
PHY-1022 : len = 583432, over cnt = 19(0%), over = 19, worst = 1, crit = 0
PHY-1001 : End DR Iter 1; 0.063502s wall, 0.031250s user + 0.000000s system = 0.031250s CPU (49.2%)

PHY-1001 : ===== DR Iter 2 =====
PHY-1022 : len = 583328, over cnt = 1(0%), over = 1, worst = 1, crit = 0
PHY-1001 : End DR Iter 2; 0.038546s wall, 0.031250s user + 0.000000s system = 0.031250s CPU (81.1%)

PHY-1001 : ===== DR Iter 3 =====
PHY-1022 : len = 583312, over cnt = 0(0%), over = 0, worst = 0, crit = 0
PHY-1001 : End DR Iter 3; 0.027484s wall, 0.015625s user + 0.000000s system = 0.015625s CPU (56.9%)

PHY-1001 : Update timing.....
PHY-1001 : 2/3109(0%) critical/total net(s).
RUN-1001 : --------------------------------------
RUN-1001 :   Type   |  WNS(ns)  |  TNS(ns)  |  FEP  
RUN-1001 : --------------------------------------
RUN-1001 :   Setup  |  -0.074   |  -0.074   |   1   
RUN-1001 :   Hold   |  -0.451   |  -1.031   |   3   
RUN-1001 : --------------------------------------
PHY-1001 : End update timing; 0.701273s wall, 0.281250s user + 0.000000s system = 0.281250s CPU (40.1%)

PHY-1001 : Commit to database.....
PHY-1001 : 19 feed throughs used by 17 nets
PHY-1001 : End commit to database; 0.353189s wall, 0.109375s user + 0.000000s system = 0.109375s CPU (31.0%)

PHY-1001 : Current memory(MB): used = 624, reserve = 597, peak = 624.
PHY-1001 : End phase 3; 1.352180s wall, 0.546875s user + 0.000000s system = 0.546875s CPU (40.4%)

PHY-1001 : ===== Detail Route Phase 4 =====
PHY-1001 : Optimize timing.....
PHY-1001 : ===== OPT Iter 1 =====
PHY-1001 : Processed 2 pins with SWNS -0.074ns STNS -0.074ns FEP 1.
PHY-1001 : End OPT Iter 1; 0.018786s wall, 0.000000s user + 0.000000s system = 0.000000s CPU (n/a%)

PHY-1022 : len = 583312, over cnt = 1(0%), over = 1, worst = 1, crit = 0
PHY-1001 : End optimize timing; 0.043996s wall, 0.015625s user + 0.000000s system = 0.015625s CPU (35.5%)

PHY-0007 : Phase: 4; Congestion: {, , , }; Timing: {-0.074ns, -0.074ns, 1}
PHY-1001 : Ripup-reroute.....
PHY-1001 : ===== DR Iter 1 =====
PHY-1022 : len = 583296, over cnt = 0(0%), over = 0, worst = 0, crit = 0
PHY-1001 : End DR Iter 1; 0.025818s wall, 0.000000s user + 0.000000s system = 0.000000s CPU (n/a%)

PHY-1001 : Update timing.....
PHY-1001 : 2/3109(0%) critical/total net(s).
RUN-1001 : --------------------------------------
RUN-1001 :   Type   |  WNS(ns)  |  TNS(ns)  |  FEP  
RUN-1001 : --------------------------------------
RUN-1001 :   Setup  |  -0.209   |  -0.209   |   1   
RUN-1001 :   Hold   |  -0.451   |  -1.031   |   3   
RUN-1001 : --------------------------------------
PHY-1001 : End update timing; 0.693686s wall, 0.187500s user + 0.000000s system = 0.187500s CPU (27.0%)

PHY-1001 : Current memory(MB): used = 627, reserve = 600, peak = 627.
PHY-1001 : End phase 4; 0.778564s wall, 0.203125s user + 0.000000s system = 0.203125s CPU (26.1%)

PHY-1003 : Routed, final wirelength = 583296
PHY-1001 : Current memory(MB): used = 627, reserve = 600, peak = 627.
PHY-1001 : End export database. 0.010859s wall, 0.015625s user + 0.000000s system = 0.015625s CPU (143.9%)

PHY-1001 : End detail routing;  10.789325s wall, 4.781250s user + 0.015625s system = 4.796875s CPU (44.5%)

RUN-1003 : finish command "route" in  11.811967s wall, 5.296875s user + 0.015625s system = 5.312500s CPU (45.0%)

RUN-1004 : used memory is 595 MB, reserved memory is 570 MB, peak memory is 627 MB
RUN-1002 : start command "report_area -io_info -file pic_sdram_phy.area"
RUN-1001 : standard
***Report Model: top Device: EG4S20BG256***

IO Statistics
#IO                        47
  #input                    6
  #output                  37
  #inout                    4

Utilization Statistics
#lut                     3074   out of  19600   15.68%
#reg                     1036   out of  19600    5.29%
#le                      3247
  #lut only              2211   out of   3247   68.09%
  #reg only               173   out of   3247    5.33%
  #lut&reg                863   out of   3247   26.58%
#dsp                        0   out of     29    0.00%
#bram                       1   out of     64    1.56%
  #bram9k                   1
  #fifo9k                   0
#bram32k                    0   out of     16    0.00%
#pad                       47   out of    188   25.00%
  #ireg                     1
  #oreg                    40
  #treg                     1
#pll                        2   out of      4   50.00%
#gclk                       3   out of     16   18.75%

Clock Resource Statistics
Index     ClockNet                                          Type               DriverType         Driver                         Fanout
#1        sys_pll_m0/clk0_buf                               GCLK               pll                sys_pll_m0/pll_inst.clkc0      325
#2        frame_read_write_m0/frame_fifo_read_m0/mem_clk    GCLK               pll                sys_pll_m0/pll_inst.clkc1      267
#3        video_pll_m0/clk0_buf                             GCLK               pll                video_pll_m0/pll_inst.clkc0    85
#4        clk_dup_1                                         GCLK               io                 clk_syn_2.di                   70
#5        config_inst_syn_9                                 GCLK               config             config_inst.jtck               51
#6        flash_write_read_m0/flash_cmd_m0/sys_clk          GCLK               pll                sys_pll_m0/pll_inst.clkc2      43


Detailed IO Report

       Name         Direction    Location    IOStandard    DriveStrength    PullType     PackReg   
       clk            INPUT         R7        LVCMOS33          N/A           NONE        NONE     
       key1           INPUT         B2        LVCMOS33          N/A           NONE        IREG     
       key2           INPUT         B1        LVCMOS33          N/A           NONE        NONE     
      rst_n           INPUT         A2        LVCMOS33          N/A           NONE        NONE     
     sd_miso          INPUT        B14        LVCMOS33          N/A           NONE        NONE     
     switch1          INPUT         C8        LVCMOS33          N/A           NONE        NONE     
    flash_cs_n       OUTPUT         P8        LVCMOS33           8            NONE        OREG     
    flash_sck        OUTPUT         M9        LVCMOS33           8            NONE        OREG     
     sd_dclk         OUTPUT        A14        LVCMOS33           8            NONE        OREG     
     sd_mosi         OUTPUT        A13        LVCMOS33           8            NONE        OREG     
      sd_ncs         OUTPUT        A12        LVCMOS33           8            NONE        OREG     
   seg_data[7]       OUTPUT         A6        LVCMOS33           8            NONE        NONE     
   seg_data[6]       OUTPUT         A7        LVCMOS33           8            NONE        OREG     
   seg_data[5]       OUTPUT         A8        LVCMOS33           8            NONE        OREG     
   seg_data[4]       OUTPUT         B5        LVCMOS33           8            NONE        OREG     
   seg_data[3]       OUTPUT         A5        LVCMOS33           8            NONE        OREG     
   seg_data[2]       OUTPUT         B6        LVCMOS33           8            NONE        OREG     
   seg_data[1]       OUTPUT        C16        LVCMOS33           8            NONE        OREG     
   seg_data[0]       OUTPUT        C15        LVCMOS33           8            NONE        OREG     
    seg_sel[5]       OUTPUT        D11        LVCMOS33           8            NONE        OREG     
    seg_sel[4]       OUTPUT        E11        LVCMOS33           8            NONE        OREG     
    seg_sel[3]       OUTPUT        F10        LVCMOS33           8            NONE        OREG     
    seg_sel[2]       OUTPUT        C13        LVCMOS33           8            NONE        OREG     
    seg_sel[1]       OUTPUT        E10        LVCMOS33           8            NONE        OREG     
    seg_sel[0]       OUTPUT        E12        LVCMOS33           8            NONE        OREG     
   vga_out_b[4]      OUTPUT         D5        LVCMOS33           8            NONE        OREG     
   vga_out_b[3]      OUTPUT         D6        LVCMOS33           8            NONE        OREG     
   vga_out_b[2]      OUTPUT         E6        LVCMOS33           8            NONE        OREG     
   vga_out_b[1]      OUTPUT         F6        LVCMOS33           8            NONE        OREG     
   vga_out_b[0]      OUTPUT        H16        LVCMOS25           8            N/A         OREG     
   vga_out_g[5]      OUTPUT         N6        LVCMOS33           8            NONE        OREG     
   vga_out_g[4]      OUTPUT         N5        LVCMOS33           8            NONE        OREG     
   vga_out_g[3]      OUTPUT         P5        LVCMOS33           8            NONE        OREG     
   vga_out_g[2]      OUTPUT         T5        LVCMOS33           8            NONE        OREG     
   vga_out_g[1]      OUTPUT        F14        LVCMOS25           8            N/A         OREG     
   vga_out_g[0]      OUTPUT         A4        LVCMOS33           8            N/A         OREG     
    vga_out_hs       OUTPUT         E7        LVCMOS33           8            NONE        OREG     
   vga_out_r[4]      OUTPUT        E13        LVCMOS33           8            NONE        OREG     
   vga_out_r[3]      OUTPUT         L8        LVCMOS33           8            NONE        OREG     
   vga_out_r[2]      OUTPUT         L7        LVCMOS33           8            NONE        OREG     
   vga_out_r[1]      OUTPUT         R5        LVCMOS33           8            NONE        OREG     
   vga_out_r[0]      OUTPUT         H5        LVCMOS33           8            N/A         OREG     
    vga_out_vs       OUTPUT         F7        LVCMOS33           8            NONE        OREG     
  flash_qspi_IO0      INOUT         P7        LVCMOS33           8            NONE      OREG;TREG  
  flash_qspi_IO1      INOUT         N8        LVCMOS33           8            NONE        OREG     
  flash_qspi_IO2      INOUT         P9        LVCMOS33           8            NONE        OREG     
  flash_qspi_IO3      INOUT         R9        LVCMOS33           8            NONE        OREG     
      dq[23]          INPUT        S31        LVCMOS25           8           PULLUP       NONE     
      dq[22]          INPUT        S32        LVCMOS25           8           PULLUP       NONE     
      dq[21]          INPUT        S35        LVCMOS25           8           PULLUP       NONE     
      dq[20]          INPUT        S36        LVCMOS25           8           PULLUP       NONE     
      dq[19]          INPUT        S37        LVCMOS25           8           PULLUP       NONE     
      dq[18]          INPUT        S38        LVCMOS25           8           PULLUP       NONE     
      dq[17]          INPUT        S41        LVCMOS25           8           PULLUP       NONE     
      dq[16]          INPUT        S42        LVCMOS25           8           PULLUP       NONE     
      dq[31]          INPUT        S48        LVCMOS25           8           PULLUP       NONE     
      dq[30]          INPUT        S49        LVCMOS25           8           PULLUP       NONE     
      dq[29]          INPUT        S52        LVCMOS25           8           PULLUP       NONE     
      dq[28]          INPUT        S53        LVCMOS25           8           PULLUP       NONE     
      dq[27]          INPUT        S54        LVCMOS25           8           PULLUP       NONE     
      dq[26]          INPUT        S55        LVCMOS25           8           PULLUP       NONE     
      dq[25]          INPUT        S58        LVCMOS25           8           PULLUP       NONE     
      dq[24]          INPUT        S59        LVCMOS25           8           PULLUP       NONE     
       dm0           OUTPUT        S14        LVCMOS25           8            NONE        NONE     
       cke           OUTPUT        S18        LVCMOS25           8            NONE        OREG     
       we_n          OUTPUT        S19        LVCMOS25           8            NONE        OREG     
      cas_n          OUTPUT        S20        LVCMOS25           8            NONE        OREG     
      ras_n          OUTPUT        S21        LVCMOS25           8            NONE        OREG     
       cs_n          OUTPUT        S22        LVCMOS25           8            NONE        OREG     
     addr[9]         OUTPUT        S23        LVCMOS25           8            NONE        OREG     
     addr[8]         OUTPUT        S24        LVCMOS25           8            NONE        OREG     
     addr[7]         OUTPUT        S25        LVCMOS25           8            NONE        OREG     
     addr[6]         OUTPUT        S26        LVCMOS25           8            NONE        OREG     
     addr[5]         OUTPUT        S27        LVCMOS25           8            NONE        OREG     
     addr[4]         OUTPUT        S28        LVCMOS25           8            NONE        OREG     
       dm2           OUTPUT        S29        LVCMOS25           8            NONE        NONE     
       dm3           OUTPUT        S61        LVCMOS25           8            NONE        NONE     
     addr[3]         OUTPUT        S64        LVCMOS25           8            NONE        OREG     
     addr[2]         OUTPUT        S65        LVCMOS25           8            NONE        OREG     
     addr[1]         OUTPUT        S66        LVCMOS25           8            NONE        OREG     
     addr[0]         OUTPUT        S67        LVCMOS25           8            NONE        OREG     
     addr[10]        OUTPUT        S68        LVCMOS25           8            NONE        OREG     
      ba[0]          OUTPUT        S69        LVCMOS25           8            NONE        OREG     
      ba[1]          OUTPUT        S70        LVCMOS25           8            NONE        OREG     
       clk           OUTPUT        S73        LVCMOS25           8            NONE        NONE     
       dm1           OUTPUT        S76        LVCMOS25           8            NONE        NONE     
      dq[0]           INOUT         S1        LVCMOS25           8           PULLUP       IREG     
      dq[6]           INOUT        S11        LVCMOS25           8           PULLUP       IREG     
      dq[7]           INOUT        S12        LVCMOS25           8           PULLUP       IREG     
      dq[1]           INOUT         S2        LVCMOS25           8           PULLUP       IREG     
      dq[2]           INOUT         S5        LVCMOS25           8           PULLUP       IREG     
      dq[3]           INOUT         S6        LVCMOS25           8           PULLUP       IREG     
      dq[4]           INOUT         S7        LVCMOS25           8           PULLUP       IREG     
      dq[8]           INOUT        S78        LVCMOS25           8           PULLUP       IREG     
      dq[9]           INOUT        S79        LVCMOS25           8           PULLUP       IREG     
      dq[5]           INOUT         S8        LVCMOS25           8           PULLUP       IREG     
      dq[10]          INOUT        S82        LVCMOS25           8           PULLUP       IREG     
      dq[11]          INOUT        S83        LVCMOS25           8           PULLUP       IREG     
      dq[12]          INOUT        S84        LVCMOS25           8           PULLUP       IREG     
      dq[13]          INOUT        S85        LVCMOS25           8           PULLUP       IREG     
      dq[14]          INOUT        S88        LVCMOS25           8           PULLUP       IREG     
      dq[15]          INOUT        S89        LVCMOS25           8           PULLUP       IREG     

Report Hierarchy Area:
+-----------------------------------------------------------------------------------------------------------------------------------------+
|Instance                            |Module                                         |le     |lut     |ripple  |seq     |bram    |dsp     |
+-----------------------------------------------------------------------------------------------------------------------------------------+
|top                                 |top                                            |3247   |2748    |326     |1078    |1       |0       |
|  flash_write_read_m0               |flash_write_read                               |112    |106     |6       |60      |0       |0       |
|    Qspi_master_m0                  |Qspi_master                                    |34     |34      |0       |18      |0       |0       |
|    flash_cmd_m0                    |flash_cmd                                      |78     |72      |6       |42      |0       |0       |
|      flash_step_m0                 |flash_step                                     |60     |54      |6       |29      |0       |0       |
|  frame_read_write_m0               |frame_read_write                               |1500   |1384    |84      |287     |0       |0       |
|    frame_fifo_read_m0              |frame_fifo_read                                |81     |63      |17      |37      |0       |0       |
|    frame_fifo_write_m0             |frame_fifo_write                               |79     |61      |17      |36      |0       |0       |
|    read_buf                        |afifo_16_256                                   |672    |632     |25      |106     |0       |0       |
|      ram_inst                      |ram_infer_afifo_16_256                         |535    |535     |0       |26      |0       |0       |
|      rd_to_wr_cross_inst           |fifo_cross_domain_addr_process_al_afifo_16_256 |27     |14      |0       |27      |0       |0       |
|      wr_to_rd_cross_inst           |fifo_cross_domain_addr_process_al_afifo_16_256 |32     |31      |0       |32      |0       |0       |
|    write_buf                       |afifo_16_256                                   |668    |628     |25      |108     |0       |0       |
|      ram_inst                      |ram_infer_afifo_16_256                         |535    |535     |0       |30      |0       |0       |
|      rd_to_wr_cross_inst           |fifo_cross_domain_addr_process_al_afifo_16_256 |25     |13      |0       |25      |0       |0       |
|      wr_to_rd_cross_inst           |fifo_cross_domain_addr_process_al_afifo_16_256 |28     |27      |0       |28      |0       |0       |
|  sd_card_bmp_m0                    |sd_card_bmp                                    |914    |766     |91      |373     |0       |0       |
|    ax_debounce_m0                  |ax_debounce                                    |62     |53      |9       |34      |0       |0       |
|    bmp_read_m0                     |bmp_read                                       |288    |197     |55      |161     |0       |0       |
|    sd_card_top_m0                  |sd_card_top                                    |564    |516     |27      |178     |0       |0       |
|      sd_card_cmd_m0                |sd_card_cmd                                    |321    |299     |22      |53      |0       |0       |
|      sd_card_sec_read_write_m0     |sd_card_sec_read_write                         |175    |154     |0       |83      |0       |0       |
|      spi_master_m0                 |spi_master                                     |68     |63      |5       |42      |0       |0       |
|  sdram_m0                          |sdram                                          |0      |0       |0       |0       |0       |0       |
|  seg_scan_m0                       |seg_scan                                       |80     |58      |22      |23      |0       |0       |
|  sys_pll_m0                        |sys_pll                                        |0      |0       |0       |0       |0       |0       |
|  u_sdram_controller                |sdram_controller                               |265    |197     |46      |94      |0       |0       |
|    u_sdram_cmd                     |sdram_cmd                                      |59     |59      |0       |19      |0       |0       |
|    u_sdram_ctrl                    |sdram_ctrl                                     |188    |135     |46      |57      |0       |0       |
|    u_sdram_data                    |sdram_data                                     |16     |1       |0       |16      |0       |0       |
|  video_pll_m0                      |video_pll                                      |0      |0       |0       |0       |0       |0       |
|  video_timing_data_m0              |video_timing_data                              |68     |57      |8       |35      |0       |0       |
|    color_bar_m0                    |color_bar                                      |48     |38      |8       |32      |0       |0       |
|  cw_top                            |CW_TOP_WRAPPER                                 |308    |180     |69      |164     |0       |0       |
|    wrapper_cwc_top                 |cwc_top                                        |308    |180     |69      |164     |0       |0       |
|      cfg_int_inst                  |cwc_cfg_int                                    |87     |41      |0       |80      |0       |0       |
|        reg_inst                    |register                                       |85     |39      |0       |78      |0       |0       |
|        tap_inst                    |tap                                            |2      |2       |0       |2       |0       |0       |
|      trigger_inst                  |trigger                                        |221    |139     |69      |84      |0       |0       |
|        bus_inst                    |bus_top                                        |4      |2       |0       |4       |0       |0       |
|          BUS_DETECTOR[1]$bus_nodes |bus_det                                        |4      |2       |0       |4       |0       |0       |
|        emb_ctrl_inst               |emb_ctrl                                       |131    |94      |37      |55      |0       |0       |
+-----------------------------------------------------------------------------------------------------------------------------------------+


DataNet Average Fanout:

   Index     Fanout     Nets  
    #1          1       2798  
    #2          2       1275  
    #3          3       194   
    #4          4       153   
    #5        5-10      187   
    #6        11-50     158   
    #7       51-100      12   
    #8       101-500     9    
  Average     2.99            

RUN-1002 : start command "export_db pic_sdram_pr.db"
RUN-1001 : Exported /
RUN-1001 : Exported flow parameters
RUN-1001 : Exported libs
RUN-1001 : Exported entities
RUN-1001 : Exported ports
RUN-1001 : Exported pins
RUN-1001 : Exported instances
RUN-1001 : Exported nets
RUN-1001 : Exported buses
RUN-1001 : Exported models
RUN-1001 : Exported congestions
RUN-1001 : Exported violations
RUN-1001 : Exported timing constraints
RUN-1001 : Exported IO constraints
RUN-1001 : Exported Inst constraints
RUN-1001 : Exported ChipWatcher
RUN-1002 : start command "start_timer"
TMR-2505 : Start building timing graph for model top.
TMR-2506 : Build timing graph completely. Port num: 22, tpin num: 16313, tnet num: 3431, tinst num: 1773, tnode num: 19630, tedge num: 27708.
TMR-2508 : Levelizing timing graph completed, there are 41 levels in total.
TMR-2501 : Timing graph initialized successfully.
RUN-1002 : start command "report_timing -mode FINAL -net_info -rpt_autogen true -file pic_sdram_phy.timing"
TMR-2503 : Start to update net delay, extr mode = 6.
TMR-2504 : Update delay of 3431 nets completely.
TMR-2502 : Annotate delay completely, extr mode = 6.
TMR-3001 : Initiate 5 clocks from SDC.
TMR-3004 : Map sdc constraints, there are 8 constraints in total.
TMR-3003 : Constraints initiated successfully.
TMR-3501 : Forward propagation: start to calculate arrival time...
TMR-3502 : Backward propagation: start to calculate required time...
TMR-3503 : Timing propagation completes.
TMR-3506 : Start to generate timing report.
TMR-1502 : Number of clock constraints = 5. Number of clock nets = 6 (1 unconstrainted).
TMR-5009 WARNING: No clock constraint on 1 clock net(s): 
		config_inst_syn_10
TMR-3508 : Export timing summary.
TMR-3507 : Timing report generated successfully in pic_sdram_phy.timing, timing summary in pic_sdram_phy.tsm.
RUN-1002 : start command "export_bid pic_sdram_inst.bid"
PRG-1000 : <!-- HMAC is: 50e5595315da22b4d39636f45096f0d0b0b6349c376f27e0365b568323a0acff -->
RUN-1002 : start command "bitgen -bit pic_sdram.bit"
BIT-1003 : Start to generate bitstream. 
BIT-1002 : Init instances with 16 threads.
BIT-1002 : Init instances completely, inst num: 1773
BIT-1002 : Init pips with 16 threads.
BIT-1002 : Init pips completely, net num: 4841, pip num: 38151
BIT-1002 : Init feedthrough with 16 threads.
BIT-1002 : Init feedthrough completely, num: 19
BIT-1003 : Multithreading accelaration with 16 threads.
BIT-1003 : Generate bitstream completely, there are 2329 valid insts, and 101940 bits set as '1'.
BIT-1004 : the usercode register value: 00000000110110110001011011001111
BIT-1004 : PLL setting string = 0110
BIT-1004 : Generate bits file pic_sdram.bit.
RUN-1003 : finish command "bitgen -bit pic_sdram.bit" in  4.457534s wall, 36.859375s user + 0.031250s system = 36.890625s CPU (827.6%)

RUN-1004 : used memory is 605 MB, reserved memory is 582 MB, peak memory is 782 MB
RUN-1002 : start command "backup_run_log run.log ../.logs/phy_1/td_20231212_203125.log"
