============================================================
   Tang Dynasty, V5.6.71036
      Copyright (c) 2012-2023 Anlogic Inc.
   Executable = D:/Program/Anlogic/TD5.6.2/bin/td.exe
   Built at =   20:34:38 Mar 21 2023
   Run by =     28408
   Run Date =   Tue Dec 19 20:32:46 2023

   Run on =     DESKTOP-T1B5OP5
============================================================
RUN-1002 : start command "open_project pic_sdram.prj"
RUN-1001 : Print Global Property
RUN-1001 : ---------------------------------------------------------------
RUN-1001 :        Parameters        |  Settings  |  Default Values  |  Note  
RUN-1001 : ---------------------------------------------------------------
RUN-1001 :          message         |  standard  |     standard     |        
RUN-1001 :   mixed_pack_place_flow  |     on     |        on        |        
RUN-1001 :        qor_monitor       |    off     |       off        |        
RUN-1001 :        syn_ip_flow       |    off     |       off        |        
RUN-1001 :          thread          |    auto    |       auto       |        
RUN-1001 : ---------------------------------------------------------------
RUN-1001 : Print Design Property
RUN-1001 : --------------------------------------------------------------
RUN-1001 :        Parameters       |  Settings  |  Default Values  |  Note  
RUN-1001 : --------------------------------------------------------------
RUN-1001 :   default_reg_initial   |    auto    |       auto       |        
RUN-1001 :        infer_add        |     on     |        on        |        
RUN-1001 :        infer_fsm        |    off     |       off        |        
RUN-1001 :        infer_mult       |     on     |        on        |        
RUN-1001 :        infer_ram        |     on     |        on        |        
RUN-1001 :        infer_reg        |     on     |        on        |        
RUN-1001 :   infer_reg_init_value  |     on     |        on        |        
RUN-1001 :        infer_rom        |     on     |        on        |        
RUN-1001 :      infer_shifter      |     on     |        on        |        
RUN-1001 : --------------------------------------------------------------
RUN-1001 : Print Rtl Property
RUN-1001 : --------------------------------------------------------------
RUN-1001 :        Parameters       |  Settings  |  Default Values  |  Note  
RUN-1001 : --------------------------------------------------------------
RUN-1001 :       compress_add      |   ripple   |      ripple      |        
RUN-1001 :        elf_sload        |    off     |       off        |        
RUN-1001 :       fix_undriven      |     0      |        0         |        
RUN-1001 :         flatten         |    off     |       off        |        
RUN-1001 :       gate_sharing      |     on     |        on        |        
RUN-1001 :    hdl_warning_level    |   normal   |      normal      |        
RUN-1001 :   impl_internal_tribuf  |     on     |        on        |        
RUN-1001 :      impl_set_reset     |     on     |        on        |        
RUN-1001 :        infer_gsr        |    off     |       off        |        
RUN-1001 :      keep_hierarchy     |    auto    |       auto       |        
RUN-1001 :        max_fanout       |    9999    |       9999       |        
RUN-1001 :      max_oh2bin_len     |     10     |        10        |        
RUN-1001 :       merge_equal       |     on     |        on        |        
RUN-1001 :       merge_equiv       |     on     |        on        |        
RUN-1001 :        merge_mux        |    off     |       off        |        
RUN-1001 :     min_control_set     |     8      |        8         |        
RUN-1001 :      min_ripple_len     |    auto    |       auto       |        
RUN-1001 :       oh2bin_ratio      |    0.08    |       0.08       |        
RUN-1001 :     opt_adder_fanout    |     on     |        on        |        
RUN-1001 :        opt_arith        |     on     |        on        |        
RUN-1001 :       opt_big_gate      |    off     |       off        |        
RUN-1001 :        opt_const        |     on     |        on        |        
RUN-1001 :      opt_const_mult     |     on     |        on        |        
RUN-1001 :       opt_lessthan      |     on     |        on        |        
RUN-1001 :         opt_mux         |    off     |       off        |        
RUN-1001 :         opt_ram         |    high    |       high       |        
RUN-1001 :      rtl_sim_model      |    off     |       off        |        
RUN-1001 :         seq_syn         |     on     |        on        |        
RUN-1001 : --------------------------------------------------------------
HDL-1007 : analyze verilog file ../../al_ip/sys_pll.v
HDL-1007 : undeclared symbol 'open', assumed default net type 'wire' in ../../al_ip/sys_pll.v(77)
HDL-1007 : analyze verilog file ../../al_ip/video_pll.v
HDL-1007 : undeclared symbol 'open', assumed default net type 'wire' in ../../al_ip/video_pll.v(63)
HDL-1007 : analyze verilog file ../../al_ip/afifo_16_256.v
HDL-1007 : analyze verilog file ../../src/ax_debounce.v
HDL-1007 : analyze verilog file ../../src/bmp_read.v
HDL-1007 : analyze verilog file ../../src/color_bar.v
HDL-1007 : analyze included file ../../src/video_define.v in ../../src/color_bar.v(2)
HDL-1007 : back to file '../../src/color_bar.v' in ../../src/color_bar.v(2)
HDL-1007 : analyze verilog file ../../src/frame_fifo_read.v
HDL-1007 : analyze verilog file ../../src/frame_fifo_write.v
HDL-1007 : analyze verilog file ../../src/sd_card/sd_card_cmd.v
HDL-1007 : analyze verilog file ../../src/sd_card/sd_card_sec_read_write.v
HDL-1007 : analyze verilog file ../../src/sd_card/sd_card_top.v
HDL-1007 : analyze verilog file ../../src/sd_card/spi_master.v
HDL-1007 : analyze verilog file ../../src/sd_card_bmp.v
HDL-1007 : analyze verilog file ../../src/seg_decoder.v
HDL-1007 : analyze verilog file ../../src/seg_scan.v
HDL-1007 : analyze verilog file ../../src/top.v
HDL-1007 : undeclared symbol 'sdram_clk', assumed default net type 'wire' in ../../src/top.v(102)
HDL-1007 : analyze verilog file ../../src/video_timing_data.v
HDL-1007 : analyze verilog file ../../src/sdram_r/sdram_para.v
HDL-1007 : analyze verilog file ../../src/sdram/enc_file/global_def.v
HDL-1007 : analyze verilog file ../../src/sdram/enc_file/sdr_as_ram.enc.v
Copyright (c) 1998-2019 The OpenSSL Project.  All rights reserved.
This product includes software developed by the OpenSSL Project
for use in the OpenSSL Toolkit (http://www.openssl.org/)
Copyright (C) 1995-1998 Eric Young (eay@cryptsoft.com)
All rights reserved.
This product includes cryptographic software written by Eric Young (eay@cryptsoft.com)
HDL-1007 : back to file '../../src/sdram/enc_file/sdr_as_ram.enc.v' in ../../src/sdram/enc_file/sdr_as_ram.enc.v(148)
HDL-1007 : analyze verilog file ../../src/sdram/enc_file/sdr_init_ref.enc.v
HDL-1007 : undeclared symbol '**', assumed default net type '**' in encrypted_text(0)
HDL-1007 : back to file '../../src/sdram/enc_file/sdr_init_ref.enc.v' in ../../src/sdram/enc_file/sdr_init_ref.enc.v(242)
HDL-5007 WARNING: concatenation with an unsized literal will be treated as 32 bits in encrypted_text(0)
HDL-1007 : analyze verilog file ../../src/sdram/enc_file/sdr_wrrd.enc.v
HDL-5007 WARNING: concatenation with an unsized literal will be treated as 32 bits in encrypted_text(0)
HDL-1007 : back to file '../../src/sdram/enc_file/sdr_wrrd.enc.v' in ../../src/sdram/enc_file/sdr_wrrd.enc.v(255)
HDL-1007 : analyze verilog file ../../src/sdram/sdram.v
HDL-1007 : analyze included file D:\Projects\2023_10_10_HX4S20_test\spi_FLASH_SDRAM_pic\HX4S20\/./src/sdram/enc_file/global_def.v in ../../src/sdram/sdram.v(10)
HDL-1007 : back to file '../../src/sdram/sdram.v' in ../../src/sdram/sdram.v(10)
HDL-1007 : undeclared symbol 'SDR_CKE', assumed default net type 'wire' in ../../src/sdram/sdram.v(89)
HDL-1007 : analyze verilog file ../../src/frame_read_write.v
HDL-1007 : analyze verilog file ../../src/video_delay.v
RUN-1001 : Project manager successfully analyzed 26 source files.
RUN-1002 : start command "import_device eagle_s20.db -package EG4S20BG256"
ARC-1001 : Device Initialization.
ARC-1001 : ------------------------------------------------------------------
ARC-1001 :            OPTION            |          IO          |   SETTING   
ARC-1001 : ------------------------------------------------------------------
ARC-1001 :   cso_b/cclk/mosi/miso/dout  |  T3/R11/T10/P10/S11  |    gpio    
ARC-1001 :             done             |         P13          |    gpio    
ARC-1001 :           program_b          |          T2          |  dedicate  
ARC-1001 :        tdi/tms/tck/tdo       |   C12/A15/C14/E14    |  dedicate  
ARC-1001 : ------------------------------------------------------------------
ARC-1004 : Device setting, marked 5 dedicate IOs in total.
RUN-1002 : start command "import_db ../syn_1/pic_sdram_gate.db"
RUN-1001 : Importing database generated by Tang Dynasty, V5.6.71036.
RUN-1001 : Database version number 46146.
RUN-1001 : Import flow parameters
RUN-1001 : Import timing constraints
RUN-1001 : Import IO constraints
RUN-1001 : Import Inst constraints
RUN-1001 : Import design success TD_VERSION=5.6.71036 , DB_VERSION=46146
RUN-1002 : start command "read_sdc ../../top.sdc"
RUN-1002 : start command "get_ports clk"
RUN-1002 : start command "create_clock -name clk -period 20 -waveform 0 10 "
RUN-1102 : create_clock: clock name: clk, type: 0, period: 20000, rise: 0, fall: 10000.
RUN-1002 : start command "derive_pll_clocks"
USR-1002 : Gen clock cmd:  create_generated_clock -name {sys_pll_m0/pll_inst.clkc[0]} -source [get_ports {clk}] -master_clock {clk} -multiply_by 2.0000 [get_pins {sys_pll_m0/pll_inst.clkc[0]}]
RUN-1002 : start command "get_ports clk"
RUN-1002 : start command "get_pins sys_pll_m0/pll_inst.clkc[0]"
RUN-1002 : start command "create_generated_clock -name sys_pll_m0/pll_inst.clkc[0] -source  -master_clock clk -multiply_by 2.0000 "
USR-1002 : Gen clock cmd:  create_generated_clock -name {sys_pll_m0/pll_inst.clkc[1]} -source [get_ports {clk}] -master_clock {clk} -multiply_by 2.0000 [get_pins {sys_pll_m0/pll_inst.clkc[1]}]
RUN-1002 : start command "get_ports clk"
RUN-1002 : start command "get_pins sys_pll_m0/pll_inst.clkc[1]"
RUN-1002 : start command "create_generated_clock -name sys_pll_m0/pll_inst.clkc[1] -source  -master_clock clk -multiply_by 2.0000 "
USR-1002 : Gen clock cmd:  create_generated_clock -name {video_pll_m0/pll_inst.clkc[0]} -source [get_ports {clk}] -master_clock {clk} -divide_by 2.0000 [get_pins {video_pll_m0/pll_inst.clkc[0]}]
RUN-1002 : start command "get_ports clk"
RUN-1002 : start command "get_pins video_pll_m0/pll_inst.clkc[0]"
RUN-1002 : start command "create_generated_clock -name video_pll_m0/pll_inst.clkc[0] -source  -master_clock clk -divide_by 2.0000 "
RUN-1002 : start command "get_ports clk"
RUN-1002 : start command "get_pins sys_pll_m0/pll_inst.clkc[0]"
RUN-1002 : start command "rename_clock -name sd_card_clk -source  -master_clock clk "
RUN-1105 : Rename Clock: clock sys_pll_m0/pll_inst.clkc[0] was renamed, new name is sd_card_clk.
RUN-1002 : start command "get_ports clk"
RUN-1002 : start command "get_pins sys_pll_m0/pll_inst.clkc[1]"
RUN-1002 : start command "rename_clock -name ext_mem_clk -source  -master_clock clk "
RUN-1105 : Rename Clock: clock sys_pll_m0/pll_inst.clkc[1] was renamed, new name is ext_mem_clk.
RUN-1002 : start command "get_ports clk"
RUN-1002 : start command "get_pins sys_pll_m0/pll_inst.clkc[2]"
RUN-1002 : start command "rename_clock -name flash_sys_clk -source  -master_clock clk "
RUN-1107 : Rename Clock: new clock flash_sys_clk is created by rename_clock temporarily.
RUN-1002 : start command "get_ports clk"
RUN-1002 : start command "get_pins video_pll_m0/pll_inst.clkc[0]"
RUN-1002 : start command "rename_clock -name video_clk -source  -master_clock clk "
RUN-1105 : Rename Clock: clock video_pll_m0/pll_inst.clkc[0] was renamed, new name is video_clk.
RUN-1002 : start command "read_sdc -ip afifo_16_256 ../../al_ip/afifo_16_256.tcl"
RUN-1002 : start command "get_ports clkw"
RUN-1002 : start command "get_nets  clkw  "
RUN-1002 : start command "get_clocks -nowarn -of nets 8989366550528"
RUN-1002 : start command "get_ports clkr"
RUN-1002 : start command "get_nets  clkr  "
RUN-1002 : start command "get_clocks -nowarn -of nets 17836999180288"
RUN-1002 : start command "get_property -nowarn -max PERIOD "
RUN-1002 : start command "get_property -nowarn -max PERIOD "
RUN-1002 : start command "get_regs rd_to_wr_cross_inst/primary_addr_gray_reg[*]"
RUN-1002 : start command "get_regs rd_to_wr_cross_inst/sync_r1[*]"
RUN-1002 : start command "set_max_delay -from  -to  9.6999999999999993 -datapath_only"
RUN-1002 : start command "get_regs rd_to_wr_cross_inst/primary_addr_gray_reg[*]"
RUN-1002 : start command "get_regs rd_to_wr_cross_inst/sync_r1[*]"
RUN-1002 : start command "set_false_path -from  -to  -hold 9.6999999999999993"
USR-1002 : set_false_path -help -setup -hold -from <list> -rise_from <list> -fall_from <list> -to <list> -rise_to <list> -fall_to <list> -through <list>
RUN-1002 : start command "get_regs wr_to_rd_cross_inst/primary_addr_gray_reg[*]"
RUN-1002 : start command "get_regs wr_to_rd_cross_inst/sync_r1[*]"
RUN-1002 : start command "set_max_delay -from  -to  9.6999999999999993 -datapath_only"
RUN-1002 : start command "get_regs wr_to_rd_cross_inst/primary_addr_gray_reg[*]"
RUN-1002 : start command "get_regs wr_to_rd_cross_inst/sync_r1[*]"
RUN-1002 : start command "set_false_path -from  -to  -hold 9.6999999999999993"
USR-1002 : set_false_path -help -setup -hold -from <list> -rise_from <list> -fall_from <list> -to <list> -rise_to <list> -fall_to <list> -through <list>
RUN-1002 : start command "get_ports clkw"
RUN-1002 : start command "get_nets  clkw  "
RUN-1002 : start command "get_clocks -nowarn -of nets 24026047053824"
RUN-1002 : start command "get_ports clkr"
RUN-1002 : start command "get_nets  clkr  "
RUN-1002 : start command "get_clocks -nowarn -of nets 8989366550528"
RUN-1002 : start command "get_property -nowarn -max PERIOD "
RUN-1002 : start command "get_property -nowarn -max PERIOD "
RUN-1002 : start command "get_regs rd_to_wr_cross_inst/primary_addr_gray_reg[*]"
RUN-1002 : start command "get_regs rd_to_wr_cross_inst/sync_r1[*]"
RUN-1002 : start command "set_max_delay -from  -to  9.6999999999999993 -datapath_only"
RUN-1002 : start command "get_regs rd_to_wr_cross_inst/primary_addr_gray_reg[*]"
RUN-1002 : start command "get_regs rd_to_wr_cross_inst/sync_r1[*]"
RUN-1002 : start command "set_false_path -from  -to  -hold 9.6999999999999993"
USR-1002 : set_false_path -help -setup -hold -from <list> -rise_from <list> -fall_from <list> -to <list> -rise_to <list> -fall_to <list> -through <list>
RUN-1002 : start command "get_regs wr_to_rd_cross_inst/primary_addr_gray_reg[*]"
RUN-1002 : start command "get_regs wr_to_rd_cross_inst/sync_r1[*]"
RUN-1002 : start command "set_max_delay -from  -to  9.6999999999999993 -datapath_only"
RUN-1002 : start command "get_regs wr_to_rd_cross_inst/primary_addr_gray_reg[*]"
RUN-1002 : start command "get_regs wr_to_rd_cross_inst/sync_r1[*]"
RUN-1002 : start command "set_false_path -from  -to  -hold 9.6999999999999993"
USR-1002 : set_false_path -help -setup -hold -from <list> -rise_from <list> -fall_from <list> -to <list> -rise_to <list> -fall_to <list> -through <list>
RUN-1002 : start command "place"
RUN-1001 : Open license file D:/Program/Anlogic/TD5.6.2/license/Anlogic.lic
RUN-1001 : Print Global Property
RUN-1001 : ---------------------------------------------------------------
RUN-1001 :        Parameters        |  Settings  |  Default Values  |  Note  
RUN-1001 : ---------------------------------------------------------------
RUN-1001 :          message         |  standard  |     standard     |        
RUN-1001 :   mixed_pack_place_flow  |     on     |        on        |        
RUN-1001 :        qor_monitor       |    off     |       off        |        
RUN-1001 :        syn_ip_flow       |    off     |       off        |        
RUN-1001 :          thread          |    auto    |       auto       |        
RUN-1001 : ---------------------------------------------------------------
RUN-1001 : Print Place Property
RUN-1001 : --------------------------------------------------------------
RUN-1001 :        Parameters       |  Settings  |  Default Values  |  Note  
RUN-1001 : --------------------------------------------------------------
RUN-1001 :      detailed_place     |     on     |        on        |        
RUN-1001 :          effort         |   medium   |      medium      |        
RUN-1001 :         fix_hold        |    off     |       off        |        
RUN-1001 :       legalization      |    ori     |       ori        |        
RUN-1001 :      new_spreading      |     on     |        on        |        
RUN-1001 :        opt_timing       |   medium   |      medium      |        
RUN-1001 :   post_clock_route_opt  |    off     |       off        |        
RUN-1001 :       pr_strategy       |     1      |        1         |        
RUN-1001 :        relaxation       |    1.00    |       1.00       |        
RUN-1001 :         retiming        |    off     |       off        |        
RUN-1001 : --------------------------------------------------------------
PHY-3001 : Placer runs in 16 thread(s).
RUN-1002 : start command "legalize_phy_inst"
SYN-1011 : Flatten model top
SYN-5055 WARNING: The kept net sd_card_bmp_m0/bmp_read_m0/bmp_width[0] will be merged to another kept net U3/App_rd_en
SYN-5055 WARNING: The kept net U3/u2_ram/u2_wrrd/App_rd_en will be merged to another kept net U3/App_rd_en
SYN-5055 WARNING: The kept net frame_read_write_m0/Sdr_rd_dout[15] will be merged to another kept net U3/Sdr_rd_dout[15]
SYN-5055 WARNING: The kept net frame_read_write_m0/Sdr_rd_dout[14] will be merged to another kept net U3/Sdr_rd_dout[14]
SYN-5055 WARNING: The kept net frame_read_write_m0/Sdr_rd_dout[13] will be merged to another kept net U3/Sdr_rd_dout[13]
SYN-5055 WARNING: The kept net frame_read_write_m0/Sdr_rd_dout[12] will be merged to another kept net U3/Sdr_rd_dout[12]
SYN-5055 WARNING: The kept net frame_read_write_m0/Sdr_rd_dout[11] will be merged to another kept net U3/Sdr_rd_dout[11]
SYN-5055 WARNING: The kept net frame_read_write_m0/Sdr_rd_dout[10] will be merged to another kept net U3/Sdr_rd_dout[10]
SYN-5055 WARNING: The kept net frame_read_write_m0/Sdr_rd_dout[9] will be merged to another kept net U3/Sdr_rd_dout[9]
SYN-5055 WARNING: The kept net frame_read_write_m0/Sdr_rd_dout[8] will be merged to another kept net U3/Sdr_rd_dout[8]
SYN-5055 Similar messages will be suppressed.
RUN-1002 : start command "phys_opt -simplify_lut"
SYN-1032 : 2605/1 useful/useless nets, 2273/0 useful/useless insts
SYN-4016 : Net frame_read_write_m0/write_buf/clkw driven by BUFG (429 clock/control pins, 1 other pins).
SYN-4016 : Net frame_read_write_m0/read_buf/clkr driven by BUFG (161 clock/control pins, 1 other pins).
SYN-4027 : Net U3/u2_ram/SDRAM_CLK is clkc1 of pll sys_pll_m0/pll_inst.
SYN-4019 : Net clk_dup_1 is refclk of pll sys_pll_m0/pll_inst.
SYN-4020 : Net clk_dup_1 is fbclk of pll sys_pll_m0/pll_inst.
SYN-4019 : Net clk_dup_1 is refclk of pll video_pll_m0/pll_inst.
SYN-4020 : Net clk_dup_1 is fbclk of pll video_pll_m0/pll_inst.
SYN-4025 : Tag rtl::Net U3/u2_ram/SDRAM_CLK as clock net
SYN-4025 : Tag rtl::Net clk_dup_1 as clock net
SYN-4025 : Tag rtl::Net frame_read_write_m0/read_buf/clkr as clock net
SYN-4025 : Tag rtl::Net frame_read_write_m0/write_buf/clkw as clock net
SYN-4026 : Tagged 4 rtl::Net as clock net
PHY-1001 : Populate physical database on model top.
RUN-1001 : There are total 2273 instances
RUN-0007 : 951 luts, 1006 seqs, 132 mslices, 73 lslices, 102 pads, 2 brams, 0 dsps
RUN-1001 : There are total 2605 nets
RUN-6004 WARNING: There are 16 nets with only 1 pin.
RUN-1001 : 1861 nets have 2 pins
RUN-1001 : 515 nets have [3 - 5] pins
RUN-1001 : 122 nets have [6 - 10] pins
RUN-1001 : 46 nets have [11 - 20] pins
RUN-1001 : 40 nets have [21 - 99] pins
RUN-1001 : 5 nets have 100+ pins
RUN-1001 : Report Control nets information:
RUN-1001 : DFF Distribution
RUN-1001 : ----------------------------------
RUN-1001 :   CE   |  SSR  |  ASR  |  DFF Count  
RUN-1001 : ----------------------------------
RUN-1001 :   No   |  No   |  No   |     212     
RUN-1001 :   No   |  No   |  Yes  |     508     
RUN-1001 :   No   |  Yes  |  No   |     65      
RUN-1001 :   Yes  |  No   |  No   |     16      
RUN-1001 :   Yes  |  No   |  Yes  |     187     
RUN-1001 :   Yes  |  Yes  |  No   |     18      
RUN-1001 : ----------------------------------
RUN-0007 : Control Group Statistic
RUN-0007 : ---------------------------
RUN-0007 :   #CLK  |  #CE  |  #SSR/ASR  
RUN-0007 : ---------------------------
RUN-0007 :    4    |  20   |     8      
RUN-0007 : ---------------------------
RUN-0007 : Control Set = 33
PHY-3001 : Initial placement ...
PHY-3001 : design contains 2271 instances, 951 luts, 1006 seqs, 205 slices, 31 macros(205 instances: 132 mslices 73 lslices)
PHY-0007 : Cell area utilization is 6%
PHY-3001 : Start timing update ...
RUN-1002 : start command "start_timer -report"
TMR-2505 : Start building timing graph for model top.
TMR-2506 : Build timing graph completely. Port num: 22, tpin num: 10177, tnet num: 2603, tinst num: 2271, tnode num: 13406, tedge num: 16075.
TMR-2508 : Levelizing timing graph completed, there are 43 levels in total.
TMR-2501 : Timing graph initialized successfully.
TMR-2503 : Start to update net delay, extr mode = 2.
TMR-2504 : Update delay of 2603 nets completely.
TMR-2502 : Annotate delay completely, extr mode = 2.
TMR-3001 : Initiate 4 clocks from SDC.
TMR-3004 : Map sdc constraints, there are 8 constraints in total.
TMR-3003 : Constraints initiated successfully.
TMR-3501 : Forward propagation: start to calculate arrival time...
TMR-3502 : Backward propagation: start to calculate required time...
TMR-3503 : Timing propagation completes.
PHY-3001 : End timing update;  0.424494s wall, 0.265625s user + 0.015625s system = 0.281250s CPU (66.3%)

PHY-3001 : Global placement ...
PHY-3001 : Initial: Len = 587440
PHY-3001 : Clustering ...
PHY-3001 : Level 0 #clusters 2271.
PHY-3001 : End clustering;  0.000008s wall, 0.000000s user + 0.000000s system = 0.000000s CPU (n/a%)

PHY-3001 : Run with size of 4
PHY-3001 : Cell area utilization is 6%
PHY-3001 : :::0::: Try harder cell spreading with beta_ = 0
PHY-3002 : Step(1): len = 474479, overlap = 0
PHY-3002 : Step(2): len = 398138, overlap = 4.5
PHY-3002 : Step(3): len = 356238, overlap = 0
PHY-3002 : Step(4): len = 318868, overlap = 4.5
PHY-3002 : Step(5): len = 281295, overlap = 2.25
PHY-3002 : Step(6): len = 250624, overlap = 2.25
PHY-3002 : Step(7): len = 222577, overlap = 2.25
PHY-3002 : Step(8): len = 194758, overlap = 2.6875
PHY-3002 : Step(9): len = 176164, overlap = 7.90625
PHY-3002 : Step(10): len = 154618, overlap = 10.625
PHY-3002 : Step(11): len = 134878, overlap = 12.75
PHY-3002 : Step(12): len = 124762, overlap = 14.1875
PHY-3002 : Step(13): len = 113693, overlap = 16.5625
PHY-3002 : Step(14): len = 104818, overlap = 16.5
PHY-3002 : Step(15): len = 97608.2, overlap = 16.7812
PHY-3002 : Step(16): len = 92916.8, overlap = 14.0312
PHY-3001 : :::1::: Try harder cell spreading with beta_ = 0.0191001
PHY-3002 : Step(17): len = 93973, overlap = 11.9688
PHY-3002 : Step(18): len = 90298, overlap = 12.125
PHY-3002 : Step(19): len = 90071.3, overlap = 11.9688
PHY-3002 : Step(20): len = 86361.6, overlap = 11.2812
PHY-3002 : Step(21): len = 86103, overlap = 11.2812
PHY-3002 : Step(22): len = 84349.8, overlap = 10.25
PHY-3002 : Step(23): len = 82826.7, overlap = 8.84375
PHY-3002 : Step(24): len = 82648.7, overlap = 8.78125
PHY-3002 : Step(25): len = 81202.9, overlap = 9.0625
PHY-3002 : Step(26): len = 80379.3, overlap = 8.1875
PHY-3002 : Step(27): len = 80101.6, overlap = 8.0625
PHY-3002 : Step(28): len = 79563.9, overlap = 8.1875
PHY-3001 : :::2::: Try harder cell spreading with beta_ = 0.0382001
PHY-3002 : Step(29): len = 79572.2, overlap = 8.1875
PHY-3002 : Step(30): len = 79531, overlap = 8.3125
PHY-3001 : Legalization ...
PHY-3001 : End legalization;  0.003965s wall, 0.000000s user + 0.000000s system = 0.000000s CPU (n/a%)

PHY-3001 : Run with size of 4
PHY-3001 : Cell area utilization is 9%
PHY-3001 : Update timing in Manhattan mode ...
TMR-2503 : Start to update net delay, extr mode = 3.
TMR-2504 : Update delay of 2603 nets completely.
TMR-2502 : Annotate delay completely, extr mode = 3.
TMR-3501 : Forward propagation: start to calculate arrival time...
TMR-3502 : Backward propagation: start to calculate required time...
TMR-3503 : Timing propagation completes.
PHY-3001 : End timing update;  0.052786s wall, 0.062500s user + 0.000000s system = 0.062500s CPU (118.4%)

PHY-3001 : :::0::: Try harder cell spreading with beta_ = 9.51492e-05
PHY-3002 : Step(31): len = 80826.5, overlap = 19.75
PHY-3002 : Step(32): len = 81228.1, overlap = 20.0938
PHY-3002 : Step(33): len = 78494.5, overlap = 20.2812
PHY-3002 : Step(34): len = 77699.7, overlap = 20.4375
PHY-3002 : Step(35): len = 76395.1, overlap = 20.5
PHY-3002 : Step(36): len = 75838, overlap = 20.7188
PHY-3002 : Step(37): len = 75057.6, overlap = 20.8125
PHY-3002 : Step(38): len = 74244.4, overlap = 20.6562
PHY-3002 : Step(39): len = 74048.8, overlap = 21.2812
PHY-3002 : Step(40): len = 72760.9, overlap = 21.9062
PHY-3002 : Step(41): len = 71758.4, overlap = 21.9375
PHY-3002 : Step(42): len = 70234.9, overlap = 19.5625
PHY-3002 : Step(43): len = 69222.5, overlap = 18.0312
PHY-3002 : Step(44): len = 68215.9, overlap = 20
PHY-3002 : Step(45): len = 67079, overlap = 21.2812
PHY-3002 : Step(46): len = 66371.1, overlap = 21.5312
PHY-3002 : Step(47): len = 65569.4, overlap = 22.0625
PHY-3002 : Step(48): len = 65075.3, overlap = 24.2188
PHY-3002 : Step(49): len = 63942.2, overlap = 25.2812
PHY-3002 : Step(50): len = 63058.3, overlap = 25.8438
PHY-3002 : Step(51): len = 61677.8, overlap = 31.0312
PHY-3002 : Step(52): len = 61044, overlap = 29.6875
PHY-3002 : Step(53): len = 60899.9, overlap = 29.1562
PHY-3002 : Step(54): len = 60181.7, overlap = 29.6562
PHY-3002 : Step(55): len = 59792.3, overlap = 27.1562
PHY-3002 : Step(56): len = 59117, overlap = 25.5938
PHY-3002 : Step(57): len = 58869.5, overlap = 23.125
PHY-3002 : Step(58): len = 58184.9, overlap = 19.6875
PHY-3002 : Step(59): len = 57446.2, overlap = 18.3125
PHY-3002 : Step(60): len = 57027.1, overlap = 18.3125
PHY-3002 : Step(61): len = 56452.5, overlap = 18.5312
PHY-3001 : :::1::: Try harder cell spreading with beta_ = 0.000190298
PHY-3002 : Step(62): len = 56116.4, overlap = 18.375
PHY-3002 : Step(63): len = 56195.3, overlap = 18.4062
PHY-3001 : :::2::: Try harder cell spreading with beta_ = 0.000380597
PHY-3002 : Step(64): len = 56522.5, overlap = 17.6875
PHY-3002 : Step(65): len = 56730.2, overlap = 17.5
PHY-3002 : Step(66): len = 56988.3, overlap = 17.5
PHY-3001 : Run with size of 2
PHY-3001 : Cell area utilization is 9%
PHY-3001 : Update timing in Manhattan mode ...
TMR-2503 : Start to update net delay, extr mode = 3.
TMR-2504 : Update delay of 2603 nets completely.
TMR-2502 : Annotate delay completely, extr mode = 3.
TMR-3501 : Forward propagation: start to calculate arrival time...
TMR-3502 : Backward propagation: start to calculate required time...
TMR-3503 : Timing propagation completes.
PHY-3001 : End timing update;  0.060095s wall, 0.000000s user + 0.000000s system = 0.000000s CPU (n/a%)

PHY-3001 : :::0::: Try harder cell spreading with beta_ = 7.44014e-05
PHY-3002 : Step(67): len = 57341.4, overlap = 80.4062
PHY-3002 : Step(68): len = 57655.5, overlap = 79.3125
PHY-3002 : Step(69): len = 57495.5, overlap = 77.0312
PHY-3002 : Step(70): len = 57939.2, overlap = 73.0938
PHY-3002 : Step(71): len = 58383.4, overlap = 69.9688
PHY-3001 : :::1::: Try harder cell spreading with beta_ = 0.000148803
PHY-3002 : Step(72): len = 57979.3, overlap = 63.9688
PHY-3002 : Step(73): len = 58300.6, overlap = 60.0938
PHY-3002 : Step(74): len = 58964.5, overlap = 57.7188
PHY-3001 : :::2::: Try harder cell spreading with beta_ = 0.000297606
PHY-3002 : Step(75): len = 59425.1, overlap = 54.9062
PHY-3002 : Step(76): len = 60145, overlap = 54.625
PHY-3002 : Step(77): len = 60535.8, overlap = 54.1875
PHY-3001 : :::3::: Try harder cell spreading with beta_ = 0.000595212
PHY-3002 : Step(78): len = 61010.2, overlap = 53.5625
PHY-3002 : Step(79): len = 61292.1, overlap = 44.1562
PHY-3002 : Step(80): len = 61553.5, overlap = 43.5938
PHY-3001 : :::4::: Try harder cell spreading with beta_ = 0.00119042
PHY-3002 : Step(81): len = 61443.7, overlap = 42.9062
PHY-3002 : Step(82): len = 61297.6, overlap = 41.7188
PHY-3001 : :::5::: Try harder cell spreading with beta_ = 0.00238085
PHY-3002 : Step(83): len = 61597.5, overlap = 40.1562
PHY-3002 : Step(84): len = 61835.2, overlap = 41.4062
PHY-3001 : :::6::: Try harder cell spreading with beta_ = 0.00476169
PHY-3002 : Step(85): len = 61958.7, overlap = 39.8438
PHY-3002 : Step(86): len = 61958.7, overlap = 39.8438
PHY-3001 : :::7::: Try harder cell spreading with beta_ = 0.00952338
PHY-3002 : Step(87): len = 62225.7, overlap = 38.4688
PHY-3002 : Step(88): len = 62323.2, overlap = 38.4375
PHY-3001 : :::8::: Try harder cell spreading with beta_ = 0.0190468
PHY-3002 : Step(89): len = 62353.2, overlap = 38.0312
PHY-3002 : Step(90): len = 62340.5, overlap = 37.4062
PHY-3001 : :::9::: Try harder cell spreading with beta_ = 0.0380935
PHY-3002 : Step(91): len = 62424.8, overlap = 37.4062
PHY-3002 : Step(92): len = 62471.9, overlap = 36.875
PHY-3001 : :::10::: Try harder cell spreading with beta_ = 0.0761871
PHY-3002 : Step(93): len = 62458.7, overlap = 36.4688
PHY-3002 : Step(94): len = 62461.1, overlap = 36.5312
PHY-3001 : :::11::: Try harder cell spreading with beta_ = 0.137173
PHY-3002 : Step(95): len = 62450.1, overlap = 36.625
PHY-3002 : Step(96): len = 62452.3, overlap = 36.0625
OPT-1001 : Start physical optimization ...
RUN-1002 : start command "start_timer -report"
TMR-2505 : Start building timing graph for model top.
TMR-2506 : Build timing graph completely. Port num: 22, tpin num: 10177, tnet num: 2603, tinst num: 2271, tnode num: 13406, tedge num: 16075.
TMR-2508 : Levelizing timing graph completed, there are 43 levels in total.
TMR-2501 : Timing graph initialized successfully.
OPT-1001 : Total overflow 94.91 peak overflow 2.97
OPT-1001 : Start high-fanout net optimization ...
OPT-1001 : Update timing in global mode
PHY-1001 : Start incremental global routing, caller is place ...
RUN-1001 : Generating global routing grids ...
RUN-1001 : Building simple global routing graph ...
PHY-1001 : Generate routing nets ...
PHY-1001 : Reuse net number 0/2605.
PHY-1001 : Global iterations in 16 thread ...
PHY-1002 : len = 70536, over cnt = 223(0%), over = 752, worst = 18
PHY-1001 : End global iterations;  0.083215s wall, 0.046875s user + 0.000000s system = 0.046875s CPU (56.3%)

PHY-1001 : Congestion index: top1 = 32.87, top5 = 22.34, top10 = 15.97, top15 = 12.31.
PHY-1001 : End incremental global routing;  0.123888s wall, 0.078125s user + 0.000000s system = 0.078125s CPU (63.1%)

TMR-2503 : Start to update net delay, extr mode = 5.
TMR-2504 : Update delay of 2603 nets completely.
TMR-2502 : Annotate delay completely, extr mode = 5.
TMR-3001 : Initiate 4 clocks from SDC.
TMR-3004 : Map sdc constraints, there are 8 constraints in total.
TMR-3003 : Constraints initiated successfully.
TMR-3501 : Forward propagation: start to calculate arrival time...
TMR-3502 : Backward propagation: start to calculate required time...
TMR-3503 : Timing propagation completes.
OPT-1001 : End timing update;  0.057838s wall, 0.062500s user + 0.000000s system = 0.062500s CPU (108.1%)

OPT-1001 : 0 high-fanout net processed.
OPT-1001 : End high-fanout net optimization;  0.212043s wall, 0.156250s user + 0.000000s system = 0.156250s CPU (73.7%)

OPT-1001 : Current memory(MB): used = 213, reserve = 185, peak = 213.
OPT-1001 : Start global optimization ...
OPT-1001 : Start congestion update ...
RUN-1001 : Generating global routing grids ...
PHY-1001 : Generate routing nets ...
PHY-1001 : Reuse net number 1747/2605.
PHY-1001 : Global iterations in 16 thread ...
PHY-1002 : len = 70536, over cnt = 223(0%), over = 752, worst = 18
PHY-1002 : len = 75560, over cnt = 125(0%), over = 233, worst = 11
PHY-1002 : len = 77656, over cnt = 46(0%), over = 66, worst = 5
PHY-1002 : len = 78656, over cnt = 0(0%), over = 0, worst = 0
PHY-1001 : End global iterations;  0.060339s wall, 0.031250s user + 0.015625s system = 0.046875s CPU (77.7%)

PHY-1001 : Congestion index: top1 = 29.76, top5 = 22.33, top10 = 16.86, top15 = 13.19.
OPT-1001 : End congestion update;  0.096818s wall, 0.078125s user + 0.015625s system = 0.093750s CPU (96.8%)

OPT-1001 : Update timing in Manhattan mode
TMR-2503 : Start to update net delay, extr mode = 3.
TMR-2504 : Update delay of 2603 nets completely.
TMR-2502 : Annotate delay completely, extr mode = 3.
TMR-3501 : Forward propagation: start to calculate arrival time...
TMR-3502 : Backward propagation: start to calculate required time...
TMR-3503 : Timing propagation completes.
OPT-1001 : End timing update;  0.049343s wall, 0.031250s user + 0.000000s system = 0.031250s CPU (63.3%)

OPT-0007 : Start: WNS 4440 TNS 0 NUM_FEPS 0
OPT-1001 : End global optimization;  0.146401s wall, 0.109375s user + 0.015625s system = 0.125000s CPU (85.4%)

OPT-1001 : Current memory(MB): used = 217, reserve = 189, peak = 217.
OPT-1001 : End physical optimization;  0.779237s wall, 0.531250s user + 0.031250s system = 0.562500s CPU (72.2%)

PHY-3001 : Start packing ...
SYN-4007 : Packing 0 MUX to BLE ...
SYN-4008 : Packed 0 MUX and 0 SEQ to BLE.
SYN-4007 : Packing 951 LUT to BLE ...
SYN-4008 : Packed 951 LUT and 484 SEQ to BLE.
SYN-4003 : Packing 522 remaining SEQ's ...
SYN-4005 : Packed 148 SEQ with LUT/SLICE
SYN-4006 : 345 single LUT's are left
SYN-4006 : 374 single SEQ's are left
SYN-4011 : Packing model "top" (AL_USER_NORMAL) with 1325/1851 primitive instances ...
PHY-3001 : End packing;  0.057264s wall, 0.046875s user + 0.000000s system = 0.046875s CPU (81.9%)

PHY-1001 : Populate physical database on model top.
RUN-1001 : There are total 1039 instances
RUN-1001 : 464 mslices, 464 lslices, 102 pads, 2 brams, 0 dsps
RUN-1001 : There are total 2159 nets
RUN-6004 WARNING: There are 16 nets with only 1 pin.
RUN-1001 : 1445 nets have 2 pins
RUN-1001 : 484 nets have [3 - 5] pins
RUN-1001 : 123 nets have [6 - 10] pins
RUN-1001 : 47 nets have [11 - 20] pins
RUN-1001 : 39 nets have [21 - 99] pins
RUN-1001 : 5 nets have 100+ pins
PHY-3001 : design contains 1037 instances, 928 slices, 31 macros(205 instances: 132 mslices 73 lslices)
PHY-3001 : Cell area utilization is 12%
PHY-3001 : After packing: Len = 62217.4, Over = 57.75
PHY-3001 : Run with size of 2
PHY-3001 : Cell area utilization is 12%
PHY-3001 : Update timing in Manhattan mode ...
RUN-1002 : start command "start_timer -report"
TMR-2505 : Start building timing graph for model top.
TMR-2506 : Build timing graph completely. Port num: 22, tpin num: 8520, tnet num: 2157, tinst num: 1037, tnode num: 10910, tedge num: 14157.
TMR-2508 : Levelizing timing graph completed, there are 41 levels in total.
TMR-2501 : Timing graph initialized successfully.
TMR-2503 : Start to update net delay, extr mode = 3.
TMR-2504 : Update delay of 2157 nets completely.
TMR-2502 : Annotate delay completely, extr mode = 3.
TMR-3001 : Initiate 4 clocks from SDC.
TMR-3004 : Map sdc constraints, there are 8 constraints in total.
TMR-3003 : Constraints initiated successfully.
TMR-3501 : Forward propagation: start to calculate arrival time...
TMR-3502 : Backward propagation: start to calculate required time...
TMR-3503 : Timing propagation completes.
PHY-3001 : End timing update;  0.452302s wall, 0.375000s user + 0.000000s system = 0.375000s CPU (82.9%)

PHY-3001 : :::0::: Try harder cell spreading with beta_ = 0.000162862
PHY-3002 : Step(97): len = 61613.3, overlap = 59
PHY-3002 : Step(98): len = 61334.7, overlap = 60
PHY-3002 : Step(99): len = 61180.1, overlap = 58.25
PHY-3002 : Step(100): len = 61110.3, overlap = 59.75
PHY-3002 : Step(101): len = 61039.2, overlap = 59.25
PHY-3001 : :::1::: Try harder cell spreading with beta_ = 0.000325723
PHY-3002 : Step(102): len = 61726.3, overlap = 58.5
PHY-3002 : Step(103): len = 61984.2, overlap = 57.75
PHY-3002 : Step(104): len = 62074.1, overlap = 57
PHY-3001 : :::2::: Try harder cell spreading with beta_ = 0.000651446
PHY-3002 : Step(105): len = 62565.5, overlap = 56.75
PHY-3002 : Step(106): len = 62992.7, overlap = 54.5
PHY-3002 : Step(107): len = 63345.4, overlap = 53
PHY-3001 : Legalization ...
PHY-3001 : End legalization;  0.132557s wall, 0.031250s user + 0.031250s system = 0.062500s CPU (47.1%)

PHY-3001 : Trial Legalized: Len = 79337.6
PHY-3001 : Run with size of 2
PHY-3001 : Cell area utilization is 12%
PHY-3001 : Update timing in Manhattan mode ...
TMR-2503 : Start to update net delay, extr mode = 3.
TMR-2504 : Update delay of 2157 nets completely.
TMR-2502 : Annotate delay completely, extr mode = 3.
TMR-3501 : Forward propagation: start to calculate arrival time...
TMR-3502 : Backward propagation: start to calculate required time...
TMR-3503 : Timing propagation completes.
PHY-3001 : End timing update;  0.040291s wall, 0.000000s user + 0.000000s system = 0.000000s CPU (n/a%)

PHY-3001 : :::0::: Try harder cell spreading with beta_ = 0.00216554
PHY-3002 : Step(108): len = 75654.4, overlap = 4.25
PHY-3002 : Step(109): len = 72539.7, overlap = 15.25
PHY-3002 : Step(110): len = 70721.2, overlap = 20
PHY-3002 : Step(111): len = 69564.7, overlap = 23
PHY-3002 : Step(112): len = 68735.4, overlap = 25
PHY-3002 : Step(113): len = 67821.6, overlap = 27.75
PHY-3002 : Step(114): len = 66830.7, overlap = 30.75
PHY-3002 : Step(115): len = 66362.6, overlap = 32.5
PHY-3001 : :::1::: Try harder cell spreading with beta_ = 0.00433107
PHY-3002 : Step(116): len = 66443, overlap = 33
PHY-3002 : Step(117): len = 66461.9, overlap = 32.75
PHY-3001 : :::2::: Try harder cell spreading with beta_ = 0.00866214
PHY-3002 : Step(118): len = 66487.9, overlap = 32.5
PHY-3002 : Step(119): len = 66513.1, overlap = 32.5
PHY-3001 : Legalization ...
PHY-3001 : End legalization;  0.007960s wall, 0.000000s user + 0.000000s system = 0.000000s CPU (n/a%)

PHY-3001 : Legalized: Len = 73200.8, Over = 0
PHY-3001 : Spreading special nets. 16 overflows in 2952 tiles.
PHY-3001 : End spreading;  0.005254s wall, 0.000000s user + 0.000000s system = 0.000000s CPU (n/a%)

PHY-3001 : 22 instances has been re-located, deltaX = 14, deltaY = 15, maxDist = 2.
PHY-3001 : Final: Len = 73588.8, Over = 0
OPT-1001 : Start physical optimization ...
RUN-1002 : start command "start_timer -report"
TMR-2505 : Start building timing graph for model top.
TMR-2506 : Build timing graph completely. Port num: 22, tpin num: 8520, tnet num: 2157, tinst num: 1037, tnode num: 10910, tedge num: 14157.
TMR-2508 : Levelizing timing graph completed, there are 41 levels in total.
TMR-2501 : Timing graph initialized successfully.
OPT-1001 : Total overflow 0.00 peak overflow 0.00
OPT-1001 : Start high-fanout net optimization ...
OPT-1001 : Update timing in global mode
PHY-1001 : Start incremental global routing, caller is place ...
RUN-1001 : Generating global routing grids ...
PHY-1001 : Generate routing nets ...
PHY-1001 : Reuse net number 101/2159.
PHY-1001 : Global iterations in 16 thread ...
PHY-1002 : len = 85544, over cnt = 152(0%), over = 267, worst = 8
PHY-1002 : len = 86400, over cnt = 113(0%), over = 175, worst = 6
PHY-1002 : len = 87704, over cnt = 30(0%), over = 53, worst = 6
PHY-1002 : len = 88248, over cnt = 3(0%), over = 4, worst = 2
PHY-1002 : len = 88296, over cnt = 0(0%), over = 0, worst = 0
PHY-1001 : End global iterations;  0.118018s wall, 0.015625s user + 0.000000s system = 0.015625s CPU (13.2%)

PHY-1001 : Congestion index: top1 = 28.06, top5 = 21.39, top10 = 17.19, top15 = 13.97.
PHY-1001 : End incremental global routing;  0.163631s wall, 0.046875s user + 0.000000s system = 0.046875s CPU (28.6%)

TMR-2503 : Start to update net delay, extr mode = 5.
TMR-2504 : Update delay of 2157 nets completely.
TMR-2502 : Annotate delay completely, extr mode = 5.
TMR-3001 : Initiate 4 clocks from SDC.
TMR-3004 : Map sdc constraints, there are 8 constraints in total.
TMR-3003 : Constraints initiated successfully.
TMR-3501 : Forward propagation: start to calculate arrival time...
TMR-3502 : Backward propagation: start to calculate required time...
TMR-3503 : Timing propagation completes.
OPT-1001 : End timing update;  0.048284s wall, 0.031250s user + 0.000000s system = 0.031250s CPU (64.7%)

OPT-1001 : 1 high-fanout net processed.
PHY-3001 : Start incremental placement ...
PHY-1001 : Populate physical database on model top.
PHY-3001 : Initial placement ...
PHY-3001 : eco special cells: 1 has valid locations, 0 needs to be replaced
PHY-3001 : eco pad cells: 102 has valid locations, 0 needs to be replaced
PHY-3001 : eco cells: 929 has valid locations, 5 needs to be replaced
PHY-3001 : design contains 1041 instances, 932 slices, 31 macros(205 instances: 132 mslices 73 lslices)
PHY-3001 : Global placement ...
PHY-3001 : Initial: Len = 74039
PHY-3001 : Run with size of 4
PHY-3001 : Cell area utilization is 12%
PHY-3001 : Update timing in Manhattan mode ...
RUN-1002 : start command "start_timer -report"
TMR-2505 : Start building timing graph for model top.
TMR-2506 : Build timing graph completely. Port num: 22, tpin num: 8547, tnet num: 2160, tinst num: 1041, tnode num: 10937, tedge num: 14190.
TMR-2508 : Levelizing timing graph completed, there are 41 levels in total.
TMR-2501 : Timing graph initialized successfully.
TMR-2503 : Start to update net delay, extr mode = 3.
TMR-2504 : Update delay of 2160 nets completely.
TMR-2502 : Annotate delay completely, extr mode = 3.
TMR-3001 : Initiate 4 clocks from SDC.
TMR-3004 : Map sdc constraints, there are 8 constraints in total.
TMR-3003 : Constraints initiated successfully.
TMR-3501 : Forward propagation: start to calculate arrival time...
TMR-3502 : Backward propagation: start to calculate required time...
TMR-3503 : Timing propagation completes.
PHY-3001 : End timing update;  0.470650s wall, 0.328125s user + 0.000000s system = 0.328125s CPU (69.7%)

PHY-3001 : :::0::: Try harder cell spreading with beta_ = 0
PHY-3002 : Step(120): len = 73848.4, overlap = 0
PHY-3002 : Step(121): len = 73892, overlap = 0
PHY-3002 : Step(122): len = 73856, overlap = 0
PHY-3001 : Run with size of 2
PHY-3001 : Cell area utilization is 12%
PHY-3001 : Update timing in Manhattan mode ...
TMR-2503 : Start to update net delay, extr mode = 3.
TMR-2504 : Update delay of 2160 nets completely.
TMR-2502 : Annotate delay completely, extr mode = 3.
TMR-3501 : Forward propagation: start to calculate arrival time...
TMR-3502 : Backward propagation: start to calculate required time...
TMR-3503 : Timing propagation completes.
PHY-3001 : End timing update;  0.039930s wall, 0.031250s user + 0.000000s system = 0.031250s CPU (78.3%)

PHY-3001 : :::0::: Try harder cell spreading with beta_ = 0.000152741
PHY-3002 : Step(123): len = 73888.1, overlap = 1
PHY-3002 : Step(124): len = 73840.5, overlap = 0.75
PHY-3001 : Legalization ...
PHY-3001 : End legalization;  0.003507s wall, 0.000000s user + 0.000000s system = 0.000000s CPU (n/a%)

PHY-3001 : Legalized: Len = 73964.6, Over = 0
PHY-3001 : End spreading;  0.004161s wall, 0.000000s user + 0.000000s system = 0.000000s CPU (n/a%)

PHY-3001 : Final: Len = 73964.6, Over = 0
PHY-3001 : End incremental placement;  0.589630s wall, 0.359375s user + 0.031250s system = 0.390625s CPU (66.2%)

OPT-1001 : Total overflow 0.00 peak overflow 0.00
OPT-1001 : End high-fanout net optimization;  0.835298s wall, 0.500000s user + 0.031250s system = 0.531250s CPU (63.6%)

OPT-1001 : Current memory(MB): used = 225, reserve = 198, peak = 225.
OPT-1001 : Start path based optimization ...
OPT-1001 : Start congestion update ...
RUN-1001 : Generating global routing grids ...
PHY-1001 : Generate routing nets ...
PHY-1001 : Reuse net number 1744/2162.
PHY-1001 : Global iterations in 16 thread ...
PHY-1002 : len = 88632, over cnt = 5(0%), over = 5, worst = 1
PHY-1002 : len = 88632, over cnt = 3(0%), over = 3, worst = 1
PHY-1002 : len = 88680, over cnt = 0(0%), over = 0, worst = 0
PHY-1001 : End global iterations;  0.021842s wall, 0.000000s user + 0.000000s system = 0.000000s CPU (n/a%)

PHY-1001 : Congestion index: top1 = 27.93, top5 = 21.51, top10 = 17.28, top15 = 14.05.
OPT-1001 : End congestion update;  0.060579s wall, 0.000000s user + 0.000000s system = 0.000000s CPU (n/a%)

OPT-1001 : Update timing in Manhattan mode
TMR-2503 : Start to update net delay, extr mode = 3.
TMR-2504 : Update delay of 2160 nets completely.
TMR-2502 : Annotate delay completely, extr mode = 3.
TMR-3501 : Forward propagation: start to calculate arrival time...
TMR-3502 : Backward propagation: start to calculate required time...
TMR-3503 : Timing propagation completes.
OPT-1001 : End timing update;  0.041391s wall, 0.062500s user + 0.000000s system = 0.062500s CPU (151.0%)

OPT-0007 : Start: WNS 4473 TNS 0 NUM_FEPS 0
OPT-1001 : End path based optimization;  0.102177s wall, 0.062500s user + 0.000000s system = 0.062500s CPU (61.2%)

OPT-1001 : Current memory(MB): used = 225, reserve = 198, peak = 225.
OPT-1001 : Update timing in Manhattan mode
TMR-2503 : Start to update net delay, extr mode = 3.
TMR-2504 : Update delay of 2160 nets completely.
TMR-2502 : Annotate delay completely, extr mode = 3.
TMR-3501 : Forward propagation: start to calculate arrival time...
TMR-3502 : Backward propagation: start to calculate required time...
TMR-3503 : Timing propagation completes.
OPT-1001 : End timing update;  0.045955s wall, 0.000000s user + 0.000000s system = 0.000000s CPU (n/a%)

OPT-1001 : Start pin optimization...
OPT-1001 : skip pin optimization...
RUN-1001 : Generating global routing grids ...
PHY-1001 : Generate routing nets ...
PHY-1001 : Reuse net number 1750/2162.
PHY-1001 : Global iterations in 16 thread ...
PHY-1002 : len = 88680, over cnt = 0(0%), over = 0, worst = 0
PHY-1001 : End global iterations;  0.004185s wall, 0.000000s user + 0.000000s system = 0.000000s CPU (n/a%)

PHY-1001 : Congestion index: top1 = 27.93, top5 = 21.51, top10 = 17.28, top15 = 14.05.
OPT-1001 : Update timing in Manhattan mode
TMR-2503 : Start to update net delay, extr mode = 3.
TMR-2504 : Update delay of 2160 nets completely.
TMR-2502 : Annotate delay completely, extr mode = 3.
TMR-3501 : Forward propagation: start to calculate arrival time...
TMR-3502 : Backward propagation: start to calculate required time...
TMR-3503 : Timing propagation completes.
OPT-1001 : End timing update;  0.047759s wall, 0.015625s user + 0.000000s system = 0.015625s CPU (32.7%)

RUN-1001 : QoR Analysis:
OPT-0007 :   WNS 4473 TNS 0 NUM_FEPS 0
RUN-1001 :   No local congestion issue, and most congested 1% tile average routing util is 27.551724
RUN-1001 :   Top critical paths
RUN-1001 :       #1 path slack 4473ps with logic level 8 
RUN-1001 :       #2 path slack 4483ps with logic level 8 
RUN-1001 :       #3 path slack 4483ps with logic level 8 
RUN-1001 :       #4 path slack 4492ps with logic level 8 
RUN-1001 :       #5 path slack 4517ps with logic level 8 
RUN-1001 :       #6 path slack 4520ps with logic level 8 
RUN-1001 :       #7 path slack 4533ps with logic level 8 
RUN-1001 :       #8 path slack 4551ps with logic level 8 
OPT-1001 : End physical optimization;  1.562670s wall, 0.953125s user + 0.031250s system = 0.984375s CPU (63.0%)

RUN-1003 : finish command "place" in  5.783360s wall, 3.015625s user + 0.515625s system = 3.531250s CPU (61.1%)

RUN-1004 : used memory is 194 MB, reserved memory is 166 MB, peak memory is 225 MB
RUN-1002 : start command "export_db pic_sdram_place.db"
RUN-1001 : Exported /
RUN-1001 : Exported flow parameters
RUN-1001 : Exported libs
RUN-1001 : Exported entities
RUN-1001 : Exported ports
RUN-1001 : Exported pins
RUN-1001 : Exported instances
RUN-1001 : Exported nets
RUN-1001 : Exported buses
RUN-1001 : Exported models
RUN-1001 : Exported congestions
RUN-1001 : Exported violations
RUN-1001 : Exported timing constraints
RUN-1001 : Exported IO constraints
RUN-1001 : Exported Inst constraints
RUN-1002 : start command "route"
RUN-1001 : Open license file D:/Program/Anlogic/TD5.6.2/license/Anlogic.lic
RUN-1001 : Print Global Property
RUN-1001 : ---------------------------------------------------------------
RUN-1001 :        Parameters        |  Settings  |  Default Values  |  Note  
RUN-1001 : ---------------------------------------------------------------
RUN-1001 :          message         |  standard  |     standard     |        
RUN-1001 :   mixed_pack_place_flow  |     on     |        on        |        
RUN-1001 :        qor_monitor       |    off     |       off        |        
RUN-1001 :        syn_ip_flow       |    off     |       off        |        
RUN-1001 :          thread          |    auto    |       auto       |        
RUN-1001 : ---------------------------------------------------------------
RUN-1001 : Print Route Property
RUN-1001 : -------------------------------------------------------
RUN-1001 :    Parameters    |  Settings  |  Default Values  |  Note  
RUN-1001 : -------------------------------------------------------
RUN-1001 :      effort      |   medium   |      medium      |        
RUN-1001 :     fix_hold     |    off     |       off        |        
RUN-1001 :    opt_timing    |   medium   |      medium      |        
RUN-1001 :   phy_sim_model  |    off     |       off        |        
RUN-1001 :     priority     |   timing   |      timing      |        
RUN-1001 :     swap_pin     |     on     |        on        |        
RUN-1001 : -------------------------------------------------------
PHY-1001 : Route runs in 16 thread(s)
RUN-1001 : There are total 1043 instances
RUN-1001 : 464 mslices, 468 lslices, 102 pads, 2 brams, 0 dsps
RUN-1001 : There are total 2162 nets
RUN-6004 WARNING: There are 16 nets with only 1 pin.
RUN-1001 : 1443 nets have 2 pins
RUN-1001 : 484 nets have [3 - 5] pins
RUN-1001 : 126 nets have [6 - 10] pins
RUN-1001 : 49 nets have [11 - 20] pins
RUN-1001 : 39 nets have [21 - 99] pins
RUN-1001 : 5 nets have 100+ pins
RUN-1002 : start command "start_timer -report"
TMR-2505 : Start building timing graph for model top.
TMR-2506 : Build timing graph completely. Port num: 22, tpin num: 8547, tnet num: 2160, tinst num: 1041, tnode num: 10937, tedge num: 14190.
TMR-2508 : Levelizing timing graph completed, there are 41 levels in total.
TMR-2501 : Timing graph initialized successfully.
PHY-1001 : 464 mslices, 468 lslices, 102 pads, 2 brams, 0 dsps
TMR-2503 : Start to update net delay, extr mode = 3.
TMR-2504 : Update delay of 2160 nets completely.
TMR-2502 : Annotate delay completely, extr mode = 3.
TMR-3001 : Initiate 4 clocks from SDC.
TMR-3004 : Map sdc constraints, there are 8 constraints in total.
TMR-3003 : Constraints initiated successfully.
TMR-3501 : Forward propagation: start to calculate arrival time...
TMR-3502 : Backward propagation: start to calculate required time...
TMR-3503 : Timing propagation completes.
PHY-1001 : Start global routing, caller is route ...
RUN-1001 : Generating global routing grids ...
PHY-1001 : Generate routing nets ...
PHY-1001 : Global iterations in 16 thread ...
PHY-1002 : len = 84720, over cnt = 151(0%), over = 288, worst = 9
PHY-1002 : len = 86088, over cnt = 94(0%), over = 147, worst = 7
PHY-1002 : len = 87472, over cnt = 27(0%), over = 38, worst = 3
PHY-1002 : len = 87864, over cnt = 0(0%), over = 0, worst = 0
PHY-1001 : End global iterations;  0.118476s wall, 0.031250s user + 0.015625s system = 0.046875s CPU (39.6%)

PHY-1001 : Congestion index: top1 = 28.21, top5 = 21.55, top10 = 17.27, top15 = 13.98.
PHY-1001 : End global routing;  0.162452s wall, 0.062500s user + 0.015625s system = 0.078125s CPU (48.1%)

PHY-1001 : Start detail routing ...
PHY-1001 : Current memory(MB): used = 242, reserve = 214, peak = 256.
PHY-1001 : Detailed router is running in normal mode.
PHY-1001 : Generate detailed routing grids ...
PHY-1001 : Generate nets ...
PHY-1001 : net clk_dup_1 will be routed on clock mesh
PHY-1001 : net U3/u2_ram/SDRAM_CLK will be routed on clock mesh
PHY-5010 WARNING: Net U3/u2_ram/u2_wrrd/Sdr_rd_dout[31] is skipped due to 0 input or output
PHY-5010 WARNING: Net U3/u2_ram/u2_wrrd/Sdr_rd_dout[30] is skipped due to 0 input or output
PHY-5010 WARNING: Net U3/u2_ram/u2_wrrd/Sdr_rd_dout[29] is skipped due to 0 input or output
PHY-5010 WARNING: Net U3/u2_ram/u2_wrrd/Sdr_rd_dout[28] is skipped due to 0 input or output
PHY-5010 WARNING: Net U3/u2_ram/u2_wrrd/Sdr_rd_dout[27] is skipped due to 0 input or output
PHY-5010 WARNING: Net U3/u2_ram/u2_wrrd/Sdr_rd_dout[26] is skipped due to 0 input or output
PHY-5010 WARNING: Net U3/u2_ram/u2_wrrd/Sdr_rd_dout[25] is skipped due to 0 input or output
PHY-5010 WARNING: Net U3/u2_ram/u2_wrrd/Sdr_rd_dout[24] is skipped due to 0 input or output
PHY-5010 WARNING: Net U3/u2_ram/u2_wrrd/Sdr_rd_dout[23] is skipped due to 0 input or output
PHY-5010 WARNING: Net U3/u2_ram/u2_wrrd/Sdr_rd_dout[22] is skipped due to 0 input or output
PHY-5010 Similar messages will be suppressed.
PHY-1001 : clock net frame_read_write_m0/read_buf/clkr will be merged with clock video_pll_m0/clk0_buf
PHY-1001 : clock net frame_read_write_m0/write_buf/clkw will be merged with clock sys_pll_m0/clk0_buf
PHY-1001 : Current memory(MB): used = 509, reserve = 486, peak = 509.
PHY-1001 : End build detailed router design. 2.461065s wall, 1.765625s user + 0.015625s system = 1.781250s CPU (72.4%)

PHY-1001 : Detail Route ...
PHY-1001 : ===== Detail Route Phase 1 =====
PHY-1001 : Clock net routing.....
PHY-1001 : Routed 0% nets.
PHY-1022 : len = 42272, over cnt = 0(0%), over = 0, worst = 0, crit = 0
PHY-1001 : End initial clock net routed; 0.658346s wall, 0.406250s user + 0.015625s system = 0.421875s CPU (64.1%)

PHY-1001 : Current memory(MB): used = 541, reserve = 520, peak = 541.
PHY-1001 : End phase 1; 0.662997s wall, 0.421875s user + 0.015625s system = 0.437500s CPU (66.0%)

PHY-1001 : ===== Detail Route Phase 2 =====
PHY-1001 : Initial routing.....
PHY-1001 : Routed 36% nets.
PHY-1001 : Routed 42% nets.
PHY-1001 : Routed 54% nets.
PHY-1001 : Routed 67% nets.
PHY-1001 : Routed 88% nets.
PHY-1022 : len = 273488, over cnt = 38(0%), over = 38, worst = 1, crit = 0
PHY-1001 : Current memory(MB): used = 543, reserve = 521, peak = 543.
PHY-1001 : End initial routed; 1.439772s wall, 0.531250s user + 0.000000s system = 0.531250s CPU (36.9%)

PHY-1001 : Update timing.....
PHY-1001 : 0/1923(0%) critical/total net(s).
RUN-1001 : --------------------------------------
RUN-1001 :   Type   |  WNS(ns)  |  TNS(ns)  |  FEP  
RUN-1001 : --------------------------------------
RUN-1001 :   Setup  |   1.675   |   0.000   |   0   
RUN-1001 :   Hold   |   0.055   |   0.000   |   0   
RUN-1001 : --------------------------------------
PHY-1001 : End update timing; 0.509121s wall, 0.359375s user + 0.000000s system = 0.359375s CPU (70.6%)

PHY-1001 : Current memory(MB): used = 546, reserve = 524, peak = 546.
PHY-1001 : End phase 2; 1.949031s wall, 0.890625s user + 0.000000s system = 0.890625s CPU (45.7%)

PHY-1001 : ===== Detail Route Phase 3 =====
PHY-1001 : Optimize timing.....
PHY-1022 : len = 273488, over cnt = 38(0%), over = 38, worst = 1, crit = 0
PHY-1001 : End optimize timing; 0.014865s wall, 0.015625s user + 0.000000s system = 0.015625s CPU (105.1%)

PHY-1001 : Ripup-reroute.....
PHY-1001 : ===== DR Iter 1 =====
PHY-1022 : len = 273056, over cnt = 12(0%), over = 12, worst = 1, crit = 0
PHY-1001 : End DR Iter 1; 0.027410s wall, 0.000000s user + 0.000000s system = 0.000000s CPU (n/a%)

PHY-1001 : ===== DR Iter 2 =====
PHY-1022 : len = 273096, over cnt = 3(0%), over = 3, worst = 1, crit = 0
PHY-1001 : End DR Iter 2; 0.021205s wall, 0.000000s user + 0.000000s system = 0.000000s CPU (n/a%)

PHY-1001 : ===== DR Iter 3 =====
PHY-1022 : len = 273160, over cnt = 0(0%), over = 0, worst = 0, crit = 0
PHY-1001 : End DR Iter 3; 0.017297s wall, 0.000000s user + 0.000000s system = 0.000000s CPU (n/a%)

PHY-1001 : Update timing.....
PHY-1001 : 0/1923(0%) critical/total net(s).
RUN-1001 : --------------------------------------
RUN-1001 :   Type   |  WNS(ns)  |  TNS(ns)  |  FEP  
RUN-1001 : --------------------------------------
RUN-1001 :   Setup  |   1.675   |   0.000   |   0   
RUN-1001 :   Hold   |   0.055   |   0.000   |   0   
RUN-1001 : --------------------------------------
PHY-1001 : End update timing; 0.511816s wall, 0.328125s user + 0.000000s system = 0.328125s CPU (64.1%)

PHY-1001 : Commit to database.....
PHY-1001 : 3 feed throughs used by 3 nets
PHY-1001 : End commit to database; 0.168841s wall, 0.093750s user + 0.000000s system = 0.093750s CPU (55.5%)

PHY-1001 : Current memory(MB): used = 561, reserve = 540, peak = 561.
PHY-1001 : End phase 3; 0.878817s wall, 0.531250s user + 0.000000s system = 0.531250s CPU (60.5%)

PHY-1003 : Routed, final wirelength = 273160
PHY-1001 : Current memory(MB): used = 562, reserve = 540, peak = 562.
PHY-1001 : End export database. 0.008148s wall, 0.000000s user + 0.000000s system = 0.000000s CPU (n/a%)

PHY-1001 : End detail routing;  6.105946s wall, 3.687500s user + 0.031250s system = 3.718750s CPU (60.9%)

RUN-1003 : finish command "route" in  6.776414s wall, 4.156250s user + 0.046875s system = 4.203125s CPU (62.0%)

RUN-1004 : used memory is 531 MB, reserved memory is 513 MB, peak memory is 562 MB
RUN-1002 : start command "report_area -io_info -file pic_sdram_phy.area"
RUN-1001 : standard
***Report Model: top Device: EG4S20BG256***

IO Statistics
#IO                        47
  #input                    6
  #output                  37
  #inout                    4

Utilization Statistics
#lut                     1397   out of  19600    7.13%
#reg                     1040   out of  19600    5.31%
#le                      1768
  #lut only               728   out of   1768   41.18%
  #reg only               371   out of   1768   20.98%
  #lut&reg                669   out of   1768   37.84%
#dsp                        0   out of     29    0.00%
#bram                       2   out of     64    3.12%
  #bram9k                   2
  #fifo9k                   0
#bram32k                    0   out of     16    0.00%
#pad                       47   out of    188   25.00%
  #ireg                     1
  #oreg                    34
  #treg                     0
#pll                        2   out of      4   50.00%
#gclk                       2   out of     16   12.50%

Clock Resource Statistics
Index     ClockNet                 Type               DriverType         Driver                         Fanout
#1        U3/u2_ram/SDRAM_CLK      GCLK               pll                sys_pll_m0/pll_inst.clkc1      321
#2        sys_pll_m0/clk0_buf      GCLK               pll                sys_pll_m0/pll_inst.clkc0      266
#3        video_pll_m0/clk0_buf    GCLK               pll                video_pll_m0/pll_inst.clkc0    103
#4        clk_dup_1                GCLK               io                 clk_syn_2.di                   26


Detailed IO Report

       Name         Direction    Location    IOStandard    DriveStrength    PullType     PackReg   
       clk            INPUT         R7        LVCMOS33          N/A           NONE        NONE     
       key1           INPUT         B2        LVCMOS33          N/A           NONE        IREG     
       key2           INPUT         B1        LVCMOS33          N/A           NONE        NONE     
      rst_n           INPUT         A2        LVCMOS33          N/A           NONE        NONE     
     sd_miso          INPUT        B14        LVCMOS33          N/A           NONE        NONE     
     switch1          INPUT         C8        LVCMOS33          N/A           NONE        NONE     
    flash_cs_n       OUTPUT         P8        LVCMOS33           8            NONE        NONE     
    flash_sck        OUTPUT         M9        LVCMOS33           8            NONE        NONE     
     sd_dclk         OUTPUT        A14        LVCMOS33           8            NONE        OREG     
     sd_mosi         OUTPUT        A13        LVCMOS33           8            NONE        OREG     
      sd_ncs         OUTPUT        A12        LVCMOS33           8            NONE        OREG     
   seg_data[7]       OUTPUT         A6        LVCMOS33           8            NONE        NONE     
   seg_data[6]       OUTPUT         A7        LVCMOS33           8            NONE        OREG     
   seg_data[5]       OUTPUT         A8        LVCMOS33           8            NONE        OREG     
   seg_data[4]       OUTPUT         B5        LVCMOS33           8            NONE        OREG     
   seg_data[3]       OUTPUT         A5        LVCMOS33           8            NONE        OREG     
   seg_data[2]       OUTPUT         B6        LVCMOS33           8            NONE        OREG     
   seg_data[1]       OUTPUT        C16        LVCMOS33           8            NONE        OREG     
   seg_data[0]       OUTPUT        C15        LVCMOS33           8            NONE        OREG     
    seg_sel[5]       OUTPUT        D11        LVCMOS33           8            NONE        OREG     
    seg_sel[4]       OUTPUT        E11        LVCMOS33           8            NONE        OREG     
    seg_sel[3]       OUTPUT        F10        LVCMOS33           8            NONE        OREG     
    seg_sel[2]       OUTPUT        C13        LVCMOS33           8            NONE        OREG     
    seg_sel[1]       OUTPUT        E10        LVCMOS33           8            NONE        OREG     
    seg_sel[0]       OUTPUT        E12        LVCMOS33           8            NONE        OREG     
   vga_out_b[4]      OUTPUT         D5        LVCMOS33           8            NONE        OREG     
   vga_out_b[3]      OUTPUT         D6        LVCMOS33           8            NONE        OREG     
   vga_out_b[2]      OUTPUT         E6        LVCMOS33           8            NONE        OREG     
   vga_out_b[1]      OUTPUT         F6        LVCMOS33           8            NONE        OREG     
   vga_out_b[0]      OUTPUT        H16        LVCMOS25           8            N/A         OREG     
   vga_out_g[5]      OUTPUT         N6        LVCMOS33           8            NONE        OREG     
   vga_out_g[4]      OUTPUT         N5        LVCMOS33           8            NONE        OREG     
   vga_out_g[3]      OUTPUT         P5        LVCMOS33           8            NONE        OREG     
   vga_out_g[2]      OUTPUT         T5        LVCMOS33           8            NONE        OREG     
   vga_out_g[1]      OUTPUT        F14        LVCMOS25           8            N/A         OREG     
   vga_out_g[0]      OUTPUT         A4        LVCMOS33           8            N/A         OREG     
    vga_out_hs       OUTPUT         E7        LVCMOS33           8            NONE        OREG     
   vga_out_r[4]      OUTPUT        E13        LVCMOS33           8            NONE        OREG     
   vga_out_r[3]      OUTPUT         L8        LVCMOS33           8            NONE        OREG     
   vga_out_r[2]      OUTPUT         L7        LVCMOS33           8            NONE        OREG     
   vga_out_r[1]      OUTPUT         R5        LVCMOS33           8            NONE        OREG     
   vga_out_r[0]      OUTPUT         H5        LVCMOS33           8            N/A         OREG     
    vga_out_vs       OUTPUT         F7        LVCMOS33           8            NONE        OREG     
  flash_qspi_IO0      INOUT         P7        LVCMOS33           8            NONE        NONE     
  flash_qspi_IO1      INOUT         N8        LVCMOS33           8            NONE        NONE     
  flash_qspi_IO2      INOUT         P9        LVCMOS33           8            NONE        NONE     
  flash_qspi_IO3      INOUT         R9        LVCMOS33           8            NONE        NONE     
       dm0           OUTPUT        S14        LVCMOS25           8            NONE        OREG     
       cke           OUTPUT        S18        LVCMOS25           8            NONE        NONE     
       we_n          OUTPUT        S19        LVCMOS25           8            NONE        OREG     
      cas_n          OUTPUT        S20        LVCMOS25           8            NONE        OREG     
      ras_n          OUTPUT        S21        LVCMOS25           8            NONE        OREG     
       cs_n          OUTPUT        S22        LVCMOS25           8            NONE        NONE     
     addr[9]         OUTPUT        S23        LVCMOS25           8            NONE        OREG     
     addr[8]         OUTPUT        S24        LVCMOS25           8            NONE        OREG     
     addr[7]         OUTPUT        S25        LVCMOS25           8            NONE        OREG     
     addr[6]         OUTPUT        S26        LVCMOS25           8            NONE        OREG     
     addr[5]         OUTPUT        S27        LVCMOS25           8            NONE        OREG     
     addr[4]         OUTPUT        S28        LVCMOS25           8            NONE        OREG     
       dm2           OUTPUT        S29        LVCMOS25           8            NONE        OREG     
       dm3           OUTPUT        S61        LVCMOS25           8            NONE        OREG     
     addr[3]         OUTPUT        S64        LVCMOS25           8            NONE        OREG     
     addr[2]         OUTPUT        S65        LVCMOS25           8            NONE        OREG     
     addr[1]         OUTPUT        S66        LVCMOS25           8            NONE        OREG     
     addr[0]         OUTPUT        S67        LVCMOS25           8            NONE        OREG     
     addr[10]        OUTPUT        S68        LVCMOS25           8            NONE        OREG     
      ba[0]          OUTPUT        S69        LVCMOS25           8            NONE        OREG     
      ba[1]          OUTPUT        S70        LVCMOS25           8            NONE        OREG     
       clk           OUTPUT        S73        LVCMOS25           8            NONE        NONE     
       dm1           OUTPUT        S76        LVCMOS25           8            NONE        OREG     
      dq[0]           INOUT         S1        LVCMOS25           8           PULLUP     IREG;OREG  
      dq[6]           INOUT        S11        LVCMOS25           8           PULLUP     IREG;OREG  
      dq[7]           INOUT        S12        LVCMOS25           8           PULLUP     IREG;OREG  
      dq[1]           INOUT         S2        LVCMOS25           8           PULLUP     IREG;OREG  
      dq[23]          INOUT        S31        LVCMOS25           8           PULLUP       IREG     
      dq[22]          INOUT        S32        LVCMOS25           8           PULLUP       IREG     
      dq[21]          INOUT        S35        LVCMOS25           8           PULLUP       IREG     
      dq[20]          INOUT        S36        LVCMOS25           8           PULLUP       IREG     
      dq[19]          INOUT        S37        LVCMOS25           8           PULLUP       IREG     
      dq[18]          INOUT        S38        LVCMOS25           8           PULLUP       IREG     
      dq[17]          INOUT        S41        LVCMOS25           8           PULLUP       IREG     
      dq[16]          INOUT        S42        LVCMOS25           8           PULLUP       IREG     
      dq[31]          INOUT        S48        LVCMOS25           8           PULLUP       IREG     
      dq[30]          INOUT        S49        LVCMOS25           8           PULLUP       IREG     
      dq[2]           INOUT         S5        LVCMOS25           8           PULLUP     IREG;OREG  
      dq[29]          INOUT        S52        LVCMOS25           8           PULLUP       IREG     
      dq[28]          INOUT        S53        LVCMOS25           8           PULLUP       IREG     
      dq[27]          INOUT        S54        LVCMOS25           8           PULLUP       IREG     
      dq[26]          INOUT        S55        LVCMOS25           8           PULLUP       IREG     
      dq[25]          INOUT        S58        LVCMOS25           8           PULLUP       IREG     
      dq[24]          INOUT        S59        LVCMOS25           8           PULLUP       IREG     
      dq[3]           INOUT         S6        LVCMOS25           8           PULLUP     IREG;OREG  
      dq[4]           INOUT         S7        LVCMOS25           8           PULLUP     IREG;OREG  
      dq[8]           INOUT        S78        LVCMOS25           8           PULLUP     IREG;OREG  
      dq[9]           INOUT        S79        LVCMOS25           8           PULLUP     IREG;OREG  
      dq[5]           INOUT         S8        LVCMOS25           8           PULLUP     IREG;OREG  
      dq[10]          INOUT        S82        LVCMOS25           8           PULLUP     IREG;OREG  
      dq[11]          INOUT        S83        LVCMOS25           8           PULLUP     IREG;OREG  
      dq[12]          INOUT        S84        LVCMOS25           8           PULLUP     IREG;OREG  
      dq[13]          INOUT        S85        LVCMOS25           8           PULLUP     IREG;OREG  
      dq[14]          INOUT        S88        LVCMOS25           8           PULLUP     IREG;OREG  
      dq[15]          INOUT        S89        LVCMOS25           8           PULLUP     IREG;OREG  

Report Hierarchy Area:
+-------------------------------------------------------------------------------------------------------------------------------------+
|Instance                        |Module                                         |le     |lut     |ripple  |seq     |bram    |dsp     |
+-------------------------------------------------------------------------------------------------------------------------------------+
|top                             |top                                            |1768   |1192    |205     |1075    |2       |0       |
|  U3                            |sdram                                          |303    |89      |5       |288     |0       |0       |
|    u2_ram                      |sdr_as_ram                                     |303    |89      |5       |288     |0       |0       |
|      u1_init_ref               |sdr_init_ref                                   |90     |17      |5       |82      |0       |0       |
|      u2_wrrd                   |sdr_wrrd                                       |213    |72      |0       |206     |0       |0       |
|  frame_read_write_m0           |frame_read_write                               |350    |210     |73      |251     |2       |0       |
|    frame_fifo_read_m0          |frame_fifo_read                                |6      |4       |0       |6       |0       |0       |
|    frame_fifo_write_m0         |frame_fifo_write                               |98     |72      |23      |55      |0       |0       |
|    read_buf                    |afifo_16_256                                   |123    |64      |25      |95      |1       |0       |
|      ram_inst                  |ram_infer_afifo_16_256                         |0      |0       |0       |0       |1       |0       |
|      rd_to_wr_cross_inst       |fifo_cross_domain_addr_process_al_afifo_16_256 |36     |16      |0       |36      |0       |0       |
|      wr_to_rd_cross_inst       |fifo_cross_domain_addr_process_al_afifo_16_256 |31     |20      |0       |31      |0       |0       |
|    write_buf                   |afifo_16_256                                   |123    |70      |25      |95      |1       |0       |
|      ram_inst                  |ram_infer_afifo_16_256                         |0      |0       |0       |0       |1       |0       |
|      rd_to_wr_cross_inst       |fifo_cross_domain_addr_process_al_afifo_16_256 |32     |23      |0       |32      |0       |0       |
|      wr_to_rd_cross_inst       |fifo_cross_domain_addr_process_al_afifo_16_256 |35     |20      |0       |35      |0       |0       |
|  sd_card_bmp_m0                |sd_card_bmp                                    |922    |787     |97      |386     |0       |0       |
|    ax_debounce_m0              |ax_debounce                                    |60     |50      |9       |38      |0       |0       |
|    bmp_read_m0                 |bmp_read                                       |291    |204     |58      |168     |0       |0       |
|    sd_card_top_m0              |sd_card_top                                    |571    |533     |30      |180     |0       |0       |
|      sd_card_cmd_m0            |sd_card_cmd                                    |338    |313     |25      |56      |0       |0       |
|      sd_card_sec_read_write_m0 |sd_card_sec_read_write                         |159    |151     |0       |86      |0       |0       |
|      spi_master_m0             |spi_master                                     |74     |69      |5       |38      |0       |0       |
|  seg_scan_m0                   |seg_scan                                       |73     |51      |22      |19      |0       |0       |
|  sys_pll_m0                    |sys_pll                                        |0      |0       |0       |0       |0       |0       |
|  video_delay_m0                |video_delay                                    |75     |18      |0       |63      |0       |0       |
|  video_pll_m0                  |video_pll                                      |0      |0       |0       |0       |0       |0       |
|  video_timing_data_m0          |video_timing_data                              |45     |37      |8       |33      |0       |0       |
|    color_bar_m0                |color_bar                                      |40     |32      |8       |28      |0       |0       |
+-------------------------------------------------------------------------------------------------------------------------------------+


DataNet Average Fanout:

   Index     Fanout     Nets  
    #1          1       1396  
    #2          2       250   
    #3          3       123   
    #4          4       111   
    #5        5-10      135   
    #6        11-50      77   
    #7       101-500     1    
  Average     2.67            

RUN-1002 : start command "export_db pic_sdram_pr.db"
RUN-1001 : Exported /
RUN-1001 : Exported flow parameters
RUN-1001 : Exported libs
RUN-1001 : Exported entities
RUN-1001 : Exported ports
RUN-1001 : Exported pins
RUN-1001 : Exported instances
RUN-1001 : Exported nets
RUN-1001 : Exported buses
RUN-1001 : Exported models
RUN-1001 : Exported congestions
RUN-1001 : Exported violations
RUN-1001 : Exported timing constraints
RUN-1001 : Exported IO constraints
RUN-1001 : Exported Inst constraints
RUN-1002 : start command "start_timer"
TMR-2505 : Start building timing graph for model top.
TMR-2506 : Build timing graph completely. Port num: 22, tpin num: 8547, tnet num: 2160, tinst num: 1041, tnode num: 10937, tedge num: 14190.
TMR-2508 : Levelizing timing graph completed, there are 41 levels in total.
TMR-2501 : Timing graph initialized successfully.
RUN-1002 : start command "report_timing -mode FINAL -net_info -rpt_autogen true -file pic_sdram_phy.timing"
TMR-2503 : Start to update net delay, extr mode = 6.
TMR-2504 : Update delay of 2160 nets completely.
TMR-2502 : Annotate delay completely, extr mode = 6.
TMR-3001 : Initiate 4 clocks from SDC.
TMR-3004 : Map sdc constraints, there are 8 constraints in total.
TMR-3003 : Constraints initiated successfully.
TMR-3501 : Forward propagation: start to calculate arrival time...
TMR-3502 : Backward propagation: start to calculate required time...
TMR-3503 : Timing propagation completes.
TMR-3506 : Start to generate timing report.
TMR-1502 : Number of clock constraints = 4. Number of clock nets = 4 (0 unconstrainted).
TMR-3508 : Export timing summary.
TMR-3507 : Timing report generated successfully in pic_sdram_phy.timing, timing summary in pic_sdram_phy.tsm.
RUN-1002 : start command "export_bid pic_sdram_inst.bid"
PRG-1000 : <!-- HMAC is: 54b7019ecea91c3b82dae8f45267b3b86b1ac3f0bdeb4c721a823b05dd911fba -->
RUN-1002 : start command "bitgen -bit pic_sdram.bit"
BIT-1003 : Start to generate bitstream. 
BIT-1002 : Init instances with 16 threads.
BIT-1002 : Init instances completely, inst num: 1041
BIT-1002 : Init pips with 16 threads.
BIT-1002 : Init pips completely, net num: 2162, pip num: 19565
BIT-1002 : Init feedthrough completely, num: 3
BIT-1003 : Multithreading accelaration with 16 threads.
BIT-1003 : Generate bitstream completely, there are 1909 valid insts, and 55773 bits set as '1'.
BIT-1004 : the usercode register value: 00000000111110110000000000000000
BIT-1004 : PLL setting string = 0110
BIT-1004 : Generate bits file pic_sdram.bit.
RUN-1003 : finish command "bitgen -bit pic_sdram.bit" in  2.594965s wall, 21.375000s user + 0.000000s system = 21.375000s CPU (823.7%)

RUN-1004 : used memory is 529 MB, reserved memory is 505 MB, peak memory is 715 MB
RUN-1002 : start command "backup_run_log run.log ../.logs/phy_1/td_20231219_203246.log"
