============================================================
   Tang Dynasty, V5.6.71036
      Copyright (c) 2012-2023 Anlogic Inc.
   Executable = D:/Program/Anlogic/TD5.6.2/bin/td.exe
   Built at =   20:34:38 Mar 21 2023
   Run by =     28408
   Run Date =   Tue Dec 12 17:22:27 2023

   Run on =     DESKTOP-T1B5OP5
============================================================
RUN-1002 : start command "open_project pic_sdram.prj"
RUN-1001 : Print Global Property
RUN-1001 : ---------------------------------------------------------------
RUN-1001 :        Parameters        |  Settings  |  Default Values  |  Note  
RUN-1001 : ---------------------------------------------------------------
RUN-1001 :          message         |  standard  |     standard     |        
RUN-1001 :   mixed_pack_place_flow  |     on     |        on        |        
RUN-1001 :        qor_monitor       |    off     |       off        |        
RUN-1001 :        syn_ip_flow       |    off     |       off        |        
RUN-1001 :          thread          |    auto    |       auto       |        
RUN-1001 : ---------------------------------------------------------------
RUN-1001 : Print Design Property
RUN-1001 : --------------------------------------------------------------
RUN-1001 :        Parameters       |  Settings  |  Default Values  |  Note  
RUN-1001 : --------------------------------------------------------------
RUN-1001 :   default_reg_initial   |    auto    |       auto       |        
RUN-1001 :        infer_add        |     on     |        on        |        
RUN-1001 :        infer_fsm        |    off     |       off        |        
RUN-1001 :        infer_mult       |     on     |        on        |        
RUN-1001 :        infer_ram        |     on     |        on        |        
RUN-1001 :        infer_reg        |     on     |        on        |        
RUN-1001 :   infer_reg_init_value  |     on     |        on        |        
RUN-1001 :        infer_rom        |     on     |        on        |        
RUN-1001 :      infer_shifter      |     on     |        on        |        
RUN-1001 : --------------------------------------------------------------
RUN-1001 : Print Rtl Property
RUN-1001 : --------------------------------------------------------------
RUN-1001 :        Parameters       |  Settings  |  Default Values  |  Note  
RUN-1001 : --------------------------------------------------------------
RUN-1001 :       compress_add      |   ripple   |      ripple      |        
RUN-1001 :        elf_sload        |    off     |       off        |        
RUN-1001 :       fix_undriven      |     0      |        0         |        
RUN-1001 :         flatten         |    off     |       off        |        
RUN-1001 :       gate_sharing      |     on     |        on        |        
RUN-1001 :    hdl_warning_level    |   normal   |      normal      |        
RUN-1001 :   impl_internal_tribuf  |     on     |        on        |        
RUN-1001 :      impl_set_reset     |     on     |        on        |        
RUN-1001 :        infer_gsr        |    off     |       off        |        
RUN-1001 :      keep_hierarchy     |    auto    |       auto       |        
RUN-1001 :        max_fanout       |    9999    |       9999       |        
RUN-1001 :      max_oh2bin_len     |     10     |        10        |        
RUN-1001 :       merge_equal       |     on     |        on        |        
RUN-1001 :       merge_equiv       |     on     |        on        |        
RUN-1001 :        merge_mux        |    off     |       off        |        
RUN-1001 :     min_control_set     |     8      |        8         |        
RUN-1001 :      min_ripple_len     |    auto    |       auto       |        
RUN-1001 :       oh2bin_ratio      |    0.08    |       0.08       |        
RUN-1001 :     opt_adder_fanout    |     on     |        on        |        
RUN-1001 :        opt_arith        |     on     |        on        |        
RUN-1001 :       opt_big_gate      |    off     |       off        |        
RUN-1001 :        opt_const        |     on     |        on        |        
RUN-1001 :      opt_const_mult     |     on     |        on        |        
RUN-1001 :       opt_lessthan      |     on     |        on        |        
RUN-1001 :         opt_mux         |    off     |       off        |        
RUN-1001 :         opt_ram         |    high    |       high       |        
RUN-1001 :      rtl_sim_model      |    off     |       off        |        
RUN-1001 :         seq_syn         |     on     |        on        |        
RUN-1001 : --------------------------------------------------------------
HDL-1007 : analyze verilog file ../../al_ip/sys_pll.v
HDL-1007 : undeclared symbol 'open', assumed default net type 'wire' in ../../al_ip/sys_pll.v(77)
HDL-1007 : analyze verilog file ../../al_ip/video_pll.v
HDL-1007 : undeclared symbol 'open', assumed default net type 'wire' in ../../al_ip/video_pll.v(63)
HDL-1007 : analyze verilog file ../../al_ip/afifo_16_256.v
HDL-1007 : analyze verilog file ../../al_ip/sdram.v
HDL-1007 : analyze verilog file ../../Qspi_master.v
HDL-1007 : analyze verilog file ../../flash_cmd.v
HDL-1007 : analyze verilog file ../../flash_reader.v
HDL-1007 : analyze verilog file ../../flash_step.v
HDL-1007 : analyze verilog file ../../flash_write_read.v
HDL-1007 : analyze verilog file ../../flash_writer.v
HDL-1007 : analyze verilog file ../../sys_state_ctrl.v
HDL-1007 : analyze verilog file ../../src/ax_debounce.v
HDL-1007 : analyze verilog file ../../src/bmp_read.v
HDL-1007 : analyze verilog file ../../src/color_bar.v
HDL-1007 : analyze included file ../../src/video_define.v in ../../src/color_bar.v(2)
HDL-1007 : back to file '../../src/color_bar.v' in ../../src/color_bar.v(2)
HDL-1007 : analyze verilog file ../../src/frame_fifo_read.v
HDL-1007 : undeclared symbol 'read_busy', assumed default net type 'wire' in ../../src/frame_fifo_read.v(55)
HDL-1007 : analyze verilog file ../../src/frame_fifo_write.v
HDL-1007 : undeclared symbol 'write_busy', assumed default net type 'wire' in ../../src/frame_fifo_write.v(53)
HDL-1007 : analyze verilog file ../../src/frame_read_write.v
HDL-1007 : analyze verilog file ../../src/sd_card/sd_card_cmd.v
HDL-1007 : analyze verilog file ../../src/sd_card/sd_card_sec_read_write.v
HDL-1007 : analyze verilog file ../../src/sd_card/sd_card_top.v
HDL-1007 : analyze verilog file ../../src/sd_card/spi_master.v
HDL-1007 : analyze verilog file ../../src/sd_card_bmp.v
HDL-1007 : analyze verilog file ../../src/sdram/sdram_core.v
HDL-1007 : analyze verilog file ../../src/seg_decoder.v
HDL-1007 : analyze verilog file ../../src/seg_scan.v
HDL-1007 : analyze verilog file ../../src/top.v
HDL-1007 : analyze verilog file ../../src/video_timing_data.v
RUN-1001 : Project manager successfully analyzed 28 source files.
RUN-1002 : start command "import_device eagle_s20.db -package EG4S20BG256"
ARC-1001 : Device Initialization.
ARC-1001 : ------------------------------------------------------------------
ARC-1001 :            OPTION            |          IO          |   SETTING   
ARC-1001 : ------------------------------------------------------------------
ARC-1001 :   cso_b/cclk/mosi/miso/dout  |  T3/R11/T10/P10/S11  |    gpio    
ARC-1001 :             done             |         P13          |    gpio    
ARC-1001 :           program_b          |          T2          |  dedicate  
ARC-1001 :        tdi/tms/tck/tdo       |   C12/A15/C14/E14    |  dedicate  
ARC-1001 : ------------------------------------------------------------------
ARC-1004 : Device setting, marked 5 dedicate IOs in total.
RUN-1002 : start command "import_db ../syn_1/pic_sdram_gate.db"
RUN-1001 : Importing database generated by Tang Dynasty, V5.6.71036.
RUN-1001 : Database version number 46146.
RUN-1001 : Import flow parameters
RUN-1001 : Import timing constraints
RUN-1001 : Import IO constraints
RUN-1001 : Import Inst constraints
RUN-1001 : Import design success TD_VERSION=5.6.71036 , DB_VERSION=46146
RUN-1002 : start command "read_sdc ../../top.sdc"
RUN-1002 : start command "get_ports clk"
RUN-1002 : start command "create_clock -name clk -period 20 -waveform 0 10 "
RUN-1102 : create_clock: clock name: clk, type: 0, period: 20000, rise: 0, fall: 10000.
RUN-1002 : start command "derive_pll_clocks"
USR-1002 : Gen clock cmd:  create_generated_clock -name {sys_pll_m0/pll_inst.clkc[0]} -source [get_ports {clk}] -master_clock {clk} -multiply_by 2.0000 [get_pins {sys_pll_m0/pll_inst.clkc[0]}]
RUN-1002 : start command "get_ports clk"
RUN-1002 : start command "get_pins sys_pll_m0/pll_inst.clkc[0]"
RUN-1002 : start command "create_generated_clock -name sys_pll_m0/pll_inst.clkc[0] -source  -master_clock clk -multiply_by 2.0000 "
USR-1002 : Gen clock cmd:  create_generated_clock -name {sys_pll_m0/pll_inst.clkc[1]} -source [get_ports {clk}] -master_clock {clk} -multiply_by 2.0000 [get_pins {sys_pll_m0/pll_inst.clkc[1]}]
RUN-1002 : start command "get_ports clk"
RUN-1002 : start command "get_pins sys_pll_m0/pll_inst.clkc[1]"
RUN-1002 : start command "create_generated_clock -name sys_pll_m0/pll_inst.clkc[1] -source  -master_clock clk -multiply_by 2.0000 "
USR-1002 : Gen clock cmd:  create_generated_clock -name {sys_pll_m0/pll_inst.clkc[2]} -source [get_ports {clk}] -master_clock {clk} -multiply_by 2.0000 [get_pins {sys_pll_m0/pll_inst.clkc[2]}]
RUN-1002 : start command "get_ports clk"
RUN-1002 : start command "get_pins sys_pll_m0/pll_inst.clkc[2]"
RUN-1002 : start command "create_generated_clock -name sys_pll_m0/pll_inst.clkc[2] -source  -master_clock clk -multiply_by 2.0000 "
USR-1002 : Gen clock cmd:  create_generated_clock -name {video_pll_m0/pll_inst.clkc[0]} -source [get_ports {clk}] -master_clock {clk} -divide_by 2.0000 [get_pins {video_pll_m0/pll_inst.clkc[0]}]
RUN-1002 : start command "get_ports clk"
RUN-1002 : start command "get_pins video_pll_m0/pll_inst.clkc[0]"
RUN-1002 : start command "create_generated_clock -name video_pll_m0/pll_inst.clkc[0] -source  -master_clock clk -divide_by 2.0000 "
RUN-1002 : start command "get_ports clk"
RUN-1002 : start command "get_pins sys_pll_m0/pll_inst.clkc[0]"
RUN-1002 : start command "rename_clock -name sd_card_clk -source  -master_clock clk "
RUN-1105 : Rename Clock: clock sys_pll_m0/pll_inst.clkc[0] was renamed, new name is sd_card_clk.
RUN-1002 : start command "get_ports clk"
RUN-1002 : start command "get_pins sys_pll_m0/pll_inst.clkc[1]"
RUN-1002 : start command "rename_clock -name ext_mem_clk -source  -master_clock clk "
RUN-1105 : Rename Clock: clock sys_pll_m0/pll_inst.clkc[1] was renamed, new name is ext_mem_clk.
RUN-1002 : start command "get_ports clk"
RUN-1002 : start command "get_pins sys_pll_m0/pll_inst.clkc[2]"
RUN-1002 : start command "rename_clock -name flash_sys_clk -source  -master_clock clk "
RUN-1105 : Rename Clock: clock sys_pll_m0/pll_inst.clkc[2] was renamed, new name is flash_sys_clk.
RUN-1002 : start command "get_ports clk"
RUN-1002 : start command "get_pins video_pll_m0/pll_inst.clkc[0]"
RUN-1002 : start command "rename_clock -name video_clk -source  -master_clock clk "
RUN-1105 : Rename Clock: clock video_pll_m0/pll_inst.clkc[0] was renamed, new name is video_clk.
RUN-1002 : start command "read_sdc -ip afifo_16_256 ../../al_ip/afifo_16_256.tcl"
RUN-1002 : start command "get_ports clkw"
RUN-1002 : start command "get_nets  clkw  "
RUN-1002 : start command "get_clocks -nowarn -of nets 20959440404480"
RUN-1002 : start command "get_ports clkr"
RUN-1002 : start command "get_nets  clkr  "
RUN-1002 : start command "get_clocks -nowarn -of nets 25091198943232"
RUN-1002 : start command "get_property -nowarn -max PERIOD "
RUN-1002 : start command "get_property -nowarn -max PERIOD "
RUN-1002 : start command "get_regs rd_to_wr_cross_inst/primary_addr_gray_reg[*]"
RUN-1002 : start command "get_regs rd_to_wr_cross_inst/sync_r1[*]"
RUN-1002 : start command "set_max_delay -from  -to  9.6999999999999993 -datapath_only"
RUN-1002 : start command "get_regs rd_to_wr_cross_inst/primary_addr_gray_reg[*]"
RUN-1002 : start command "get_regs rd_to_wr_cross_inst/sync_r1[*]"
RUN-1002 : start command "set_false_path -from  -to  -hold 9.6999999999999993"
USR-1002 : set_false_path -help -setup -hold -from <list> -rise_from <list> -fall_from <list> -to <list> -rise_to <list> -fall_to <list> -through <list>
RUN-1002 : start command "get_regs wr_to_rd_cross_inst/primary_addr_gray_reg[*]"
RUN-1002 : start command "get_regs wr_to_rd_cross_inst/sync_r1[*]"
RUN-1002 : start command "set_max_delay -from  -to  9.6999999999999993 -datapath_only"
RUN-1002 : start command "get_regs wr_to_rd_cross_inst/primary_addr_gray_reg[*]"
RUN-1002 : start command "get_regs wr_to_rd_cross_inst/sync_r1[*]"
RUN-1002 : start command "set_false_path -from  -to  -hold 9.6999999999999993"
USR-1002 : set_false_path -help -setup -hold -from <list> -rise_from <list> -fall_from <list> -to <list> -rise_to <list> -fall_to <list> -through <list>
RUN-1002 : start command "get_ports clkw"
RUN-1002 : start command "get_nets  clkw  "
RUN-1002 : start command "get_clocks -nowarn -of nets 31065498451968"
RUN-1002 : start command "get_ports clkr"
RUN-1002 : start command "get_nets  clkr  "
RUN-1002 : start command "get_clocks -nowarn -of nets 20959440404480"
RUN-1002 : start command "get_property -nowarn -max PERIOD "
RUN-1002 : start command "get_property -nowarn -max PERIOD "
RUN-1002 : start command "get_regs rd_to_wr_cross_inst/primary_addr_gray_reg[*]"
RUN-1002 : start command "get_regs rd_to_wr_cross_inst/sync_r1[*]"
RUN-1002 : start command "set_max_delay -from  -to  9.6999999999999993 -datapath_only"
RUN-1002 : start command "get_regs rd_to_wr_cross_inst/primary_addr_gray_reg[*]"
RUN-1002 : start command "get_regs rd_to_wr_cross_inst/sync_r1[*]"
RUN-1002 : start command "set_false_path -from  -to  -hold 9.6999999999999993"
USR-1002 : set_false_path -help -setup -hold -from <list> -rise_from <list> -fall_from <list> -to <list> -rise_to <list> -fall_to <list> -through <list>
RUN-1002 : start command "get_regs wr_to_rd_cross_inst/primary_addr_gray_reg[*]"
RUN-1002 : start command "get_regs wr_to_rd_cross_inst/sync_r1[*]"
RUN-1002 : start command "set_max_delay -from  -to  9.6999999999999993 -datapath_only"
RUN-1002 : start command "get_regs wr_to_rd_cross_inst/primary_addr_gray_reg[*]"
RUN-1002 : start command "get_regs wr_to_rd_cross_inst/sync_r1[*]"
RUN-1002 : start command "set_false_path -from  -to  -hold 9.6999999999999993"
USR-1002 : set_false_path -help -setup -hold -from <list> -rise_from <list> -fall_from <list> -to <list> -rise_to <list> -fall_to <list> -through <list>
RUN-1002 : start command "get_ports clkw"
RUN-1002 : start command "get_nets  clkw  "
RUN-1002 : start command "get_clocks -nowarn -of nets 20959440404480"
RUN-1002 : start command "get_ports clkr"
RUN-1002 : start command "get_nets  clkr  "
RUN-1002 : start command "get_clocks -nowarn -of nets 37885906518016"
RUN-1002 : start command "get_property -nowarn -max PERIOD "
RUN-1002 : start command "get_property -nowarn -max PERIOD "
RUN-1002 : start command "get_regs rd_to_wr_cross_inst/primary_addr_gray_reg[*]"
RUN-1002 : start command "get_regs rd_to_wr_cross_inst/sync_r1[*]"
RUN-1002 : start command "set_max_delay -from  -to  9.6999999999999993 -datapath_only"
RUN-1002 : start command "get_regs rd_to_wr_cross_inst/primary_addr_gray_reg[*]"
RUN-1002 : start command "get_regs rd_to_wr_cross_inst/sync_r1[*]"
RUN-1002 : start command "set_false_path -from  -to  -hold 9.6999999999999993"
USR-1002 : set_false_path -help -setup -hold -from <list> -rise_from <list> -fall_from <list> -to <list> -rise_to <list> -fall_to <list> -through <list>
RUN-1002 : start command "get_regs wr_to_rd_cross_inst/primary_addr_gray_reg[*]"
RUN-1002 : start command "get_regs wr_to_rd_cross_inst/sync_r1[*]"
RUN-1002 : start command "set_max_delay -from  -to  9.6999999999999993 -datapath_only"
RUN-1002 : start command "get_regs wr_to_rd_cross_inst/primary_addr_gray_reg[*]"
RUN-1002 : start command "get_regs wr_to_rd_cross_inst/sync_r1[*]"
RUN-1002 : start command "set_false_path -from  -to  -hold 9.6999999999999993"
USR-1002 : set_false_path -help -setup -hold -from <list> -rise_from <list> -fall_from <list> -to <list> -rise_to <list> -fall_to <list> -through <list>
RUN-1002 : start command "get_ports clkw"
RUN-1002 : start command "get_nets  clkw  "
RUN-1002 : start command "get_clocks -nowarn -of nets 37885906518016"
RUN-1002 : start command "get_ports clkr"
RUN-1002 : start command "get_nets  clkr  "
RUN-1002 : start command "get_clocks -nowarn -of nets 20959440404480"
RUN-1002 : start command "get_property -nowarn -max PERIOD "
RUN-1002 : start command "get_property -nowarn -max PERIOD "
RUN-1002 : start command "get_regs rd_to_wr_cross_inst/primary_addr_gray_reg[*]"
RUN-1002 : start command "get_regs rd_to_wr_cross_inst/sync_r1[*]"
RUN-1002 : start command "set_max_delay -from  -to  9.6999999999999993 -datapath_only"
RUN-1002 : start command "get_regs rd_to_wr_cross_inst/primary_addr_gray_reg[*]"
RUN-1002 : start command "get_regs rd_to_wr_cross_inst/sync_r1[*]"
RUN-1002 : start command "set_false_path -from  -to  -hold 9.6999999999999993"
USR-1002 : set_false_path -help -setup -hold -from <list> -rise_from <list> -fall_from <list> -to <list> -rise_to <list> -fall_to <list> -through <list>
RUN-1002 : start command "get_regs wr_to_rd_cross_inst/primary_addr_gray_reg[*]"
RUN-1002 : start command "get_regs wr_to_rd_cross_inst/sync_r1[*]"
RUN-1002 : start command "set_max_delay -from  -to  9.6999999999999993 -datapath_only"
RUN-1002 : start command "get_regs wr_to_rd_cross_inst/primary_addr_gray_reg[*]"
RUN-1002 : start command "get_regs wr_to_rd_cross_inst/sync_r1[*]"
RUN-1002 : start command "set_false_path -from  -to  -hold 9.6999999999999993"
USR-1002 : set_false_path -help -setup -hold -from <list> -rise_from <list> -fall_from <list> -to <list> -rise_to <list> -fall_to <list> -through <list>
RUN-1002 : start command "place"
RUN-1001 : Open license file D:/Program/Anlogic/TD5.6.2/license/Anlogic.lic
RUN-1001 : Print Global Property
RUN-1001 : ---------------------------------------------------------------
RUN-1001 :        Parameters        |  Settings  |  Default Values  |  Note  
RUN-1001 : ---------------------------------------------------------------
RUN-1001 :          message         |  standard  |     standard     |        
RUN-1001 :   mixed_pack_place_flow  |     on     |        on        |        
RUN-1001 :        qor_monitor       |    off     |       off        |        
RUN-1001 :        syn_ip_flow       |    off     |       off        |        
RUN-1001 :          thread          |    auto    |       auto       |        
RUN-1001 : ---------------------------------------------------------------
RUN-1001 : Print Place Property
RUN-1001 : --------------------------------------------------------------
RUN-1001 :        Parameters       |  Settings  |  Default Values  |  Note  
RUN-1001 : --------------------------------------------------------------
RUN-1001 :      detailed_place     |     on     |        on        |        
RUN-1001 :          effort         |   medium   |      medium      |        
RUN-1001 :         fix_hold        |    off     |       off        |        
RUN-1001 :       legalization      |    ori     |       ori        |        
RUN-1001 :      new_spreading      |     on     |        on        |        
RUN-1001 :        opt_timing       |   medium   |      medium      |        
RUN-1001 :   post_clock_route_opt  |    off     |       off        |        
RUN-1001 :       pr_strategy       |     1      |        1         |        
RUN-1001 :        relaxation       |    1.00    |       1.00       |        
RUN-1001 :         retiming        |    off     |       off        |        
RUN-1001 : --------------------------------------------------------------
PHY-3001 : Placer runs in 16 thread(s).
RUN-1002 : start command "legalize_phy_inst"
SYN-1011 : Flatten model top
SYN-5055 WARNING: The kept net frame_read_write_m1/read_buf/rd_to_wr_cross_inst/primary_addr_gray_reg[7] will be merged to another kept net frame_read_write_m1/read_buf/rd_to_wr_cross_inst/primary_addr_gray_reg[6]
SYN-5055 WARNING: The kept net frame_read_write_m1/read_buf/rd_to_wr_cross_inst/primary_addr_gray_reg[6] will be merged to another kept net frame_read_write_m1/read_buf/rd_to_wr_cross_inst/primary_addr_gray_reg[5]
SYN-5055 WARNING: The kept net frame_read_write_m1/read_buf/rd_to_wr_cross_inst/primary_addr_gray_reg[5] will be merged to another kept net frame_read_write_m1/read_buf/rd_to_wr_cross_inst/primary_addr_gray_reg[4]
SYN-5055 WARNING: The kept net frame_read_write_m1/read_buf/rd_to_wr_cross_inst/primary_addr_gray_reg[4] will be merged to another kept net frame_read_write_m1/read_buf/rd_to_wr_cross_inst/primary_addr_gray_reg[3]
SYN-5055 WARNING: The kept net frame_read_write_m1/read_buf/rd_to_wr_cross_inst/primary_addr_gray_reg[3] will be merged to another kept net frame_read_write_m1/read_buf/rd_to_wr_cross_inst/primary_addr_gray_reg[2]
SYN-5055 WARNING: The kept net frame_read_write_m1/read_buf/rd_to_wr_cross_inst/primary_addr_gray_reg[2] will be merged to another kept net frame_read_write_m1/read_buf/rd_to_wr_cross_inst/primary_addr_gray_reg[1]
SYN-5055 WARNING: The kept net frame_read_write_m1/read_buf/rd_to_wr_cross_inst/primary_addr_gray_reg[1] will be merged to another kept net frame_read_write_m1/read_buf/rd_to_wr_cross_inst/primary_addr_gray_reg[0]
SYN-5055 WARNING: The kept net frame_read_write_m1/read_buf/rd_to_wr_cross_inst/primary_addr_gray_reg[0] will be merged to another kept net frame_read_write_m1/read_buf/wr_to_rd_cross_inst/primary_addr_gray_reg[7]
SYN-5055 WARNING: The kept net frame_read_write_m1/read_buf/wr_to_rd_cross_inst/primary_addr_gray_reg[7] will be merged to another kept net frame_read_write_m1/read_buf/wr_to_rd_cross_inst/primary_addr_gray_reg[6]
SYN-5055 WARNING: The kept net frame_read_write_m1/read_buf/wr_to_rd_cross_inst/primary_addr_gray_reg[6] will be merged to another kept net frame_read_write_m1/read_buf/wr_to_rd_cross_inst/primary_addr_gray_reg[5]
SYN-5055 Similar messages will be suppressed.
RUN-1002 : start command "phys_opt -simplify_lut"
SYN-4016 : Net frame_read_write_m0/write_buf/clkw driven by BUFG (425 clock/control pins, 1 other pins).
SYN-4016 : Net frame_read_write_m0/read_buf/clkr driven by BUFG (94 clock/control pins, 1 other pins).
SYN-4027 : Net frame_read_write_m0/frame_fifo_read_m0/mem_clk is clkc1 of pll sys_pll_m0/pll_inst.
SYN-4027 : Net frame_read_write_m1/write_clk is clkc2 of pll sys_pll_m0/pll_inst.
SYN-4019 : Net clk_dup_1 is refclk of pll sys_pll_m0/pll_inst.
SYN-4020 : Net clk_dup_1 is fbclk of pll sys_pll_m0/pll_inst.
SYN-4019 : Net clk_dup_1 is refclk of pll video_pll_m0/pll_inst.
SYN-4020 : Net clk_dup_1 is fbclk of pll video_pll_m0/pll_inst.
SYN-4025 : Tag rtl::Net clk_dup_1 as clock net
SYN-4025 : Tag rtl::Net frame_read_write_m0/frame_fifo_read_m0/mem_clk as clock net
SYN-4025 : Tag rtl::Net frame_read_write_m0/read_buf/clkr as clock net
SYN-4025 : Tag rtl::Net frame_read_write_m0/write_buf/clkw as clock net
SYN-4025 : Tag rtl::Net frame_read_write_m1/write_clk as clock net
SYN-4026 : Tagged 5 rtl::Net as clock net
PHY-1001 : Populate physical database on model top.
RUN-1001 : There are total 2317 instances
RUN-0007 : 1128 luts, 822 seqs, 166 mslices, 90 lslices, 102 pads, 2 brams, 0 dsps
RUN-1001 : There are total 2675 nets
RUN-6004 WARNING: There are 32 nets with only 1 pin.
RUN-1001 : 1776 nets have 2 pins
RUN-1001 : 611 nets have [3 - 5] pins
RUN-1001 : 153 nets have [6 - 10] pins
RUN-1001 : 53 nets have [11 - 20] pins
RUN-1001 : 45 nets have [21 - 99] pins
RUN-1001 : 5 nets have 100+ pins
RUN-1001 : Report Control nets information:
RUN-1001 : DFF Distribution
RUN-1001 : ----------------------------------
RUN-1001 :   CE   |  SSR  |  ASR  |  DFF Count  
RUN-1001 : ----------------------------------
RUN-1001 :   No   |  No   |  No   |     33      
RUN-1001 :   No   |  No   |  Yes  |     500     
RUN-1001 :   No   |  Yes  |  No   |      0      
RUN-1001 :   Yes  |  No   |  No   |     16      
RUN-1001 :   Yes  |  No   |  Yes  |     273     
RUN-1001 :   Yes  |  Yes  |  No   |      0      
RUN-1001 : ----------------------------------
RUN-0007 : Control Group Statistic
RUN-0007 : ---------------------------
RUN-0007 :   #CLK  |  #CE  |  #SSR/ASR  
RUN-0007 : ---------------------------
RUN-0007 :    5    |  23   |     8      
RUN-0007 : ---------------------------
RUN-0007 : Control Set = 37
PHY-3001 : Initial placement ...
PHY-3001 : design contains 2315 instances, 1128 luts, 822 seqs, 256 slices, 41 macros(256 instances: 166 mslices 90 lslices)
PHY-0007 : Cell area utilization is 8%
PHY-3001 : Start timing update ...
RUN-1002 : start command "start_timer -report"
TMR-2505 : Start building timing graph for model top.
TMR-2506 : Build timing graph completely. Port num: 22, tpin num: 10736, tnet num: 2673, tinst num: 2315, tnode num: 13644, tedge num: 17234.
TMR-2508 : Levelizing timing graph completed, there are 43 levels in total.
TMR-2501 : Timing graph initialized successfully.
TMR-2503 : Start to update net delay, extr mode = 2.
TMR-2504 : Update delay of 2673 nets completely.
TMR-2502 : Annotate delay completely, extr mode = 2.
TMR-3001 : Initiate 5 clocks from SDC.
TMR-3004 : Map sdc constraints, there are 16 constraints in total.
TMR-6524 WARNING: Fails to find any valid -from targets, for constraint(s):  set_max_delay -from [ get_regs {rd_to_wr_cross_inst/primary_addr_gray_reg[*]} ] -to [ get_regs {rd_to_wr_cross_inst/sync_r1[*]} ] -datapath_only  9.6999999999999993.
TMR-6524 WARNING: Fails to find any valid -from targets, for constraint(s):  set_false_path -hold -from [ get_regs {rd_to_wr_cross_inst/primary_addr_gray_reg[*]} ] -to [ get_regs {rd_to_wr_cross_inst/sync_r1[*]} ].
TMR-6524 WARNING: Fails to find any valid -from targets, for constraint(s):  set_max_delay -from [ get_regs {wr_to_rd_cross_inst/primary_addr_gray_reg[*]} ] -to [ get_regs {wr_to_rd_cross_inst/sync_r1[*]} ] -datapath_only  9.6999999999999993.
TMR-6524 WARNING: Fails to find any valid -from targets, for constraint(s):  set_false_path -hold -from [ get_regs {wr_to_rd_cross_inst/primary_addr_gray_reg[*]} ] -to [ get_regs {wr_to_rd_cross_inst/sync_r1[*]} ].
TMR-6524 WARNING: Fails to find any valid -from targets, for constraint(s):  set_max_delay -from [ get_regs {rd_to_wr_cross_inst/primary_addr_gray_reg[*]} ] -to [ get_regs {rd_to_wr_cross_inst/sync_r1[*]} ] -datapath_only  9.6999999999999993.
TMR-6524 WARNING: Fails to find any valid -from targets, for constraint(s):  set_false_path -hold -from [ get_regs {rd_to_wr_cross_inst/primary_addr_gray_reg[*]} ] -to [ get_regs {rd_to_wr_cross_inst/sync_r1[*]} ].
TMR-6524 WARNING: Fails to find any valid -from targets, for constraint(s):  set_max_delay -from [ get_regs {wr_to_rd_cross_inst/primary_addr_gray_reg[*]} ] -to [ get_regs {wr_to_rd_cross_inst/sync_r1[*]} ] -datapath_only  9.6999999999999993.
TMR-6524 WARNING: Fails to find any valid -from targets, for constraint(s):  set_false_path -hold -from [ get_regs {wr_to_rd_cross_inst/primary_addr_gray_reg[*]} ] -to [ get_regs {wr_to_rd_cross_inst/sync_r1[*]} ].
TMR-3003 : Constraints initiated successfully.
TMR-3501 : Forward propagation: start to calculate arrival time...
TMR-3502 : Backward propagation: start to calculate required time...
TMR-3503 : Timing propagation completes.
PHY-3001 : End timing update;  0.435031s wall, 0.234375s user + 0.000000s system = 0.234375s CPU (53.9%)

PHY-3001 : Global placement ...
PHY-3001 : Initial: Len = 589056
PHY-3001 : Clustering ...
PHY-3001 : Level 0 #clusters 2315.
PHY-3001 : End clustering;  0.000008s wall, 0.000000s user + 0.000000s system = 0.000000s CPU (n/a%)

PHY-3001 : Run with size of 4
PHY-3001 : Cell area utilization is 8%
PHY-3001 : :::0::: Try harder cell spreading with beta_ = 0
PHY-3002 : Step(1): len = 474907, overlap = 2.25
PHY-3002 : Step(2): len = 399974, overlap = 2.25
PHY-3002 : Step(3): len = 351550, overlap = 2.5
PHY-3002 : Step(4): len = 316009, overlap = 4.5
PHY-3002 : Step(5): len = 281155, overlap = 6.625
PHY-3002 : Step(6): len = 246601, overlap = 5.625
PHY-3002 : Step(7): len = 221570, overlap = 6.375
PHY-3002 : Step(8): len = 192590, overlap = 9.875
PHY-3002 : Step(9): len = 174193, overlap = 14.5
PHY-3002 : Step(10): len = 154364, overlap = 17.3125
PHY-3002 : Step(11): len = 135831, overlap = 15
PHY-3002 : Step(12): len = 127035, overlap = 15.5312
PHY-3002 : Step(13): len = 115611, overlap = 16.0938
PHY-3002 : Step(14): len = 108853, overlap = 11.0938
PHY-3002 : Step(15): len = 100740, overlap = 13.0625
PHY-3002 : Step(16): len = 94322.7, overlap = 10.25
PHY-3002 : Step(17): len = 90156.1, overlap = 11.2812
PHY-3001 : :::1::: Try harder cell spreading with beta_ = 0.000305306
PHY-3002 : Step(18): len = 90381.2, overlap = 10.625
PHY-3002 : Step(19): len = 90812.1, overlap = 13.9375
PHY-3002 : Step(20): len = 87796.9, overlap = 14.5312
PHY-3002 : Step(21): len = 86000.4, overlap = 13.375
PHY-3002 : Step(22): len = 86026.4, overlap = 13.375
PHY-3002 : Step(23): len = 81948.2, overlap = 13.25
PHY-3002 : Step(24): len = 79696.8, overlap = 11.1875
PHY-3002 : Step(25): len = 79274.5, overlap = 10.25
PHY-3002 : Step(26): len = 78423.8, overlap = 8.34375
PHY-3002 : Step(27): len = 76285.8, overlap = 6.75
PHY-3002 : Step(28): len = 74945.7, overlap = 8.6875
PHY-3002 : Step(29): len = 73835.4, overlap = 7.84375
PHY-3002 : Step(30): len = 73046, overlap = 7.15625
PHY-3001 : :::2::: Try harder cell spreading with beta_ = 0.000610611
PHY-3002 : Step(31): len = 71998.5, overlap = 7.4375
PHY-3002 : Step(32): len = 71870.5, overlap = 7.59375
PHY-3002 : Step(33): len = 71581.3, overlap = 7.46875
PHY-3001 : :::3::: Try harder cell spreading with beta_ = 0.00122122
PHY-3002 : Step(34): len = 71552.9, overlap = 7.5
PHY-3002 : Step(35): len = 71528.4, overlap = 7.4375
PHY-3001 : Legalization ...
PHY-3001 : End legalization;  0.004499s wall, 0.000000s user + 0.000000s system = 0.000000s CPU (n/a%)

PHY-3001 : Run with size of 4
PHY-3001 : Cell area utilization is 10%
PHY-3001 : Update timing in Manhattan mode ...
TMR-2503 : Start to update net delay, extr mode = 3.
TMR-2504 : Update delay of 2673 nets completely.
TMR-2502 : Annotate delay completely, extr mode = 3.
TMR-3501 : Forward propagation: start to calculate arrival time...
TMR-3502 : Backward propagation: start to calculate required time...
TMR-3503 : Timing propagation completes.
PHY-3001 : End timing update;  0.054968s wall, 0.031250s user + 0.000000s system = 0.031250s CPU (56.9%)

PHY-3001 : :::0::: Try harder cell spreading with beta_ = 1.26516e-05
PHY-3002 : Step(36): len = 74618.1, overlap = 23.9688
PHY-3002 : Step(37): len = 78028.1, overlap = 24.3438
PHY-3002 : Step(38): len = 76174, overlap = 25.1875
PHY-3002 : Step(39): len = 74088.3, overlap = 24.7812
PHY-3002 : Step(40): len = 73254.8, overlap = 25.375
PHY-3002 : Step(41): len = 72275.1, overlap = 24.6562
PHY-3002 : Step(42): len = 72168.2, overlap = 24.8125
PHY-3002 : Step(43): len = 71184.8, overlap = 24.2188
PHY-3002 : Step(44): len = 71063.4, overlap = 24.6875
PHY-3002 : Step(45): len = 70471.2, overlap = 24.875
PHY-3002 : Step(46): len = 70489.2, overlap = 24.6562
PHY-3002 : Step(47): len = 70053.6, overlap = 23.8125
PHY-3002 : Step(48): len = 69793.1, overlap = 24.4375
PHY-3002 : Step(49): len = 69573.4, overlap = 24.875
PHY-3002 : Step(50): len = 69205.6, overlap = 27.0938
PHY-3002 : Step(51): len = 68693.1, overlap = 29.2812
PHY-3002 : Step(52): len = 68230.5, overlap = 31.4375
PHY-3002 : Step(53): len = 67738.9, overlap = 34.6562
PHY-3002 : Step(54): len = 67072.6, overlap = 34.7812
PHY-3002 : Step(55): len = 66660.8, overlap = 33.5312
PHY-3002 : Step(56): len = 66634, overlap = 32.4062
PHY-3002 : Step(57): len = 65616.5, overlap = 30.625
PHY-3002 : Step(58): len = 65157.4, overlap = 31.5
PHY-3002 : Step(59): len = 64743.6, overlap = 30.1562
PHY-3002 : Step(60): len = 63939.7, overlap = 30.4062
PHY-3002 : Step(61): len = 62795.9, overlap = 35
PHY-3002 : Step(62): len = 61426.5, overlap = 36.1875
PHY-3002 : Step(63): len = 60319.6, overlap = 39.7812
PHY-3002 : Step(64): len = 59815.1, overlap = 42.25
PHY-3002 : Step(65): len = 58963.1, overlap = 43.5625
PHY-3002 : Step(66): len = 58478.2, overlap = 46.75
PHY-3002 : Step(67): len = 58058.9, overlap = 47.2812
PHY-3002 : Step(68): len = 57243.8, overlap = 46.625
PHY-3002 : Step(69): len = 56937.2, overlap = 45.7188
PHY-3002 : Step(70): len = 56339.6, overlap = 44.2812
PHY-3002 : Step(71): len = 56145.3, overlap = 45.7812
PHY-3002 : Step(72): len = 55408.3, overlap = 47.6875
PHY-3002 : Step(73): len = 55123, overlap = 48.8438
PHY-3002 : Step(74): len = 55080.6, overlap = 50.5938
PHY-3001 : :::1::: Try harder cell spreading with beta_ = 2.53032e-05
PHY-3002 : Step(75): len = 54478.5, overlap = 50.75
PHY-3002 : Step(76): len = 54489.9, overlap = 50.6562
PHY-3002 : Step(77): len = 54462.7, overlap = 50.7812
PHY-3001 : :::2::: Try harder cell spreading with beta_ = 5.06063e-05
PHY-3002 : Step(78): len = 54981.3, overlap = 49.7812
PHY-3002 : Step(79): len = 55317.8, overlap = 49.3438
PHY-3001 : Run with size of 2
PHY-3001 : Cell area utilization is 10%
PHY-3001 : Update timing in Manhattan mode ...
TMR-2503 : Start to update net delay, extr mode = 3.
TMR-2504 : Update delay of 2673 nets completely.
TMR-2502 : Annotate delay completely, extr mode = 3.
TMR-3501 : Forward propagation: start to calculate arrival time...
TMR-3502 : Backward propagation: start to calculate required time...
TMR-3503 : Timing propagation completes.
PHY-3001 : End timing update;  0.059320s wall, 0.046875s user + 0.000000s system = 0.046875s CPU (79.0%)

PHY-3001 : :::0::: Try harder cell spreading with beta_ = 3.04968e-05
PHY-3002 : Step(80): len = 55213.7, overlap = 108.312
PHY-3002 : Step(81): len = 55487.7, overlap = 106.188
PHY-3002 : Step(82): len = 56217.8, overlap = 98.9688
PHY-3002 : Step(83): len = 56987.2, overlap = 93.9375
PHY-3002 : Step(84): len = 56981.6, overlap = 92
PHY-3001 : :::1::: Try harder cell spreading with beta_ = 6.09935e-05
PHY-3002 : Step(85): len = 57090.2, overlap = 92.625
PHY-3002 : Step(86): len = 57379, overlap = 82.8438
PHY-3001 : :::2::: Try harder cell spreading with beta_ = 0.000116551
PHY-3002 : Step(87): len = 58571.6, overlap = 80.875
PHY-3002 : Step(88): len = 60094.8, overlap = 76.9375
PHY-3002 : Step(89): len = 63193.1, overlap = 69.0938
PHY-3002 : Step(90): len = 63740.8, overlap = 63.4062
PHY-3002 : Step(91): len = 64213.2, overlap = 65.8438
PHY-3002 : Step(92): len = 63736.9, overlap = 65.4375
PHY-3002 : Step(93): len = 63327.2, overlap = 66.4375
PHY-3002 : Step(94): len = 63167, overlap = 64.75
PHY-3001 : :::3::: Try harder cell spreading with beta_ = 0.000233102
PHY-3002 : Step(95): len = 63166.6, overlap = 66.25
PHY-3002 : Step(96): len = 63410.8, overlap = 66.25
PHY-3002 : Step(97): len = 64227.8, overlap = 63.1875
PHY-3001 : :::4::: Try harder cell spreading with beta_ = 0.000466205
PHY-3002 : Step(98): len = 65218, overlap = 60.375
PHY-3002 : Step(99): len = 65556.2, overlap = 60.0938
PHY-3002 : Step(100): len = 65868.1, overlap = 59.4375
PHY-3002 : Step(101): len = 65994.1, overlap = 59.75
PHY-3002 : Step(102): len = 65808, overlap = 60.3438
PHY-3001 : :::5::: Try harder cell spreading with beta_ = 0.00093241
PHY-3002 : Step(103): len = 66429.9, overlap = 54.25
PHY-3002 : Step(104): len = 66872.3, overlap = 54.125
PHY-3002 : Step(105): len = 67230.8, overlap = 51.3125
PHY-3001 : :::6::: Try harder cell spreading with beta_ = 0.00186482
PHY-3002 : Step(106): len = 67007.7, overlap = 50.6875
PHY-3002 : Step(107): len = 66985.6, overlap = 48.7812
OPT-1001 : Start physical optimization ...
RUN-1002 : start command "start_timer -report"
TMR-2505 : Start building timing graph for model top.
TMR-2506 : Build timing graph completely. Port num: 22, tpin num: 10736, tnet num: 2673, tinst num: 2315, tnode num: 13644, tedge num: 17234.
TMR-2508 : Levelizing timing graph completed, there are 43 levels in total.
TMR-2501 : Timing graph initialized successfully.
OPT-1001 : Total overflow 110.53 peak overflow 2.47
OPT-1001 : Start high-fanout net optimization ...
OPT-1001 : Update timing in global mode
PHY-1001 : Start incremental global routing, caller is place ...
RUN-1001 : Generating global routing grids ...
RUN-1001 : Building simple global routing graph ...
PHY-1001 : Generate routing nets ...
PHY-1001 : Reuse net number 0/2675.
PHY-1001 : Global iterations in 16 thread ...
PHY-1002 : len = 75072, over cnt = 268(0%), over = 968, worst = 18
PHY-1001 : End global iterations;  0.107939s wall, 0.031250s user + 0.000000s system = 0.031250s CPU (29.0%)

PHY-1001 : Congestion index: top1 = 35.71, top5 = 25.37, top10 = 18.77, top15 = 14.30.
PHY-1001 : End incremental global routing;  0.150693s wall, 0.062500s user + 0.000000s system = 0.062500s CPU (41.5%)

TMR-2503 : Start to update net delay, extr mode = 5.
TMR-2504 : Update delay of 2673 nets completely.
TMR-2502 : Annotate delay completely, extr mode = 5.
TMR-3001 : Initiate 5 clocks from SDC.
TMR-3004 : Map sdc constraints, there are 16 constraints in total.
TMR-6524 WARNING: Fails to find any valid -from targets, for constraint(s):  set_max_delay -from [ get_regs {rd_to_wr_cross_inst/primary_addr_gray_reg[*]} ] -to [ get_regs {rd_to_wr_cross_inst/sync_r1[*]} ] -datapath_only  9.6999999999999993.
TMR-6524 WARNING: Fails to find any valid -from targets, for constraint(s):  set_false_path -hold -from [ get_regs {rd_to_wr_cross_inst/primary_addr_gray_reg[*]} ] -to [ get_regs {rd_to_wr_cross_inst/sync_r1[*]} ].
TMR-6524 Similar messages will be suppressed.
TMR-3003 : Constraints initiated successfully.
TMR-3501 : Forward propagation: start to calculate arrival time...
TMR-3502 : Backward propagation: start to calculate required time...
TMR-3503 : Timing propagation completes.
OPT-1001 : End timing update;  0.060010s wall, 0.046875s user + 0.000000s system = 0.046875s CPU (78.1%)

OPT-1001 : 0 high-fanout net processed.
OPT-1001 : End high-fanout net optimization;  0.243485s wall, 0.125000s user + 0.000000s system = 0.125000s CPU (51.3%)

OPT-1001 : Current memory(MB): used = 216, reserve = 187, peak = 216.
OPT-1001 : Start global optimization ...
OPT-1001 : Start congestion update ...
RUN-1001 : Generating global routing grids ...
PHY-1001 : Generate routing nets ...
PHY-1001 : Reuse net number 1874/2675.
PHY-1001 : Global iterations in 16 thread ...
PHY-1002 : len = 75072, over cnt = 268(0%), over = 968, worst = 18
PHY-1002 : len = 80696, over cnt = 151(0%), over = 418, worst = 17
PHY-1002 : len = 85904, over cnt = 23(0%), over = 31, worst = 6
PHY-1002 : len = 86288, over cnt = 4(0%), over = 5, worst = 2
PHY-1002 : len = 86400, over cnt = 0(0%), over = 0, worst = 0
PHY-1001 : End global iterations;  0.084535s wall, 0.000000s user + 0.000000s system = 0.000000s CPU (n/a%)

PHY-1001 : Congestion index: top1 = 32.89, top5 = 25.00, top10 = 19.84, top15 = 15.76.
OPT-1001 : End congestion update;  0.124658s wall, 0.015625s user + 0.000000s system = 0.015625s CPU (12.5%)

OPT-1001 : Update timing in Manhattan mode
TMR-2503 : Start to update net delay, extr mode = 3.
TMR-2504 : Update delay of 2673 nets completely.
TMR-2502 : Annotate delay completely, extr mode = 3.
TMR-3501 : Forward propagation: start to calculate arrival time...
TMR-3502 : Backward propagation: start to calculate required time...
TMR-3503 : Timing propagation completes.
OPT-1001 : End timing update;  0.048613s wall, 0.015625s user + 0.000000s system = 0.015625s CPU (32.1%)

OPT-0007 : Start: WNS 4471 TNS 0 NUM_FEPS 0
OPT-1001 : End global optimization;  0.173477s wall, 0.031250s user + 0.000000s system = 0.031250s CPU (18.0%)

OPT-1001 : Current memory(MB): used = 220, reserve = 192, peak = 220.
OPT-1001 : End physical optimization;  0.853975s wall, 0.359375s user + 0.000000s system = 0.359375s CPU (42.1%)

PHY-3001 : Start packing ...
SYN-4007 : Packing 0 MUX to BLE ...
SYN-4008 : Packed 0 MUX and 0 SEQ to BLE.
SYN-4007 : Packing 1128 LUT to BLE ...
SYN-4008 : Packed 1128 LUT and 538 SEQ to BLE.
SYN-4003 : Packing 284 remaining SEQ's ...
SYN-4005 : Packed 160 SEQ with LUT/SLICE
SYN-4006 : 459 single LUT's are left
SYN-4006 : 124 single SEQ's are left
SYN-4011 : Packing model "top" (AL_USER_NORMAL) with 1252/1811 primitive instances ...
PHY-3001 : End packing;  0.065003s wall, 0.031250s user + 0.000000s system = 0.031250s CPU (48.1%)

PHY-1001 : Populate physical database on model top.
RUN-1001 : There are total 1045 instances
RUN-1001 : 467 mslices, 467 lslices, 102 pads, 2 brams, 0 dsps
RUN-1001 : There are total 2192 nets
RUN-6004 WARNING: There are 32 nets with only 1 pin.
RUN-1001 : 1330 nets have 2 pins
RUN-1001 : 571 nets have [3 - 5] pins
RUN-1001 : 159 nets have [6 - 10] pins
RUN-1001 : 51 nets have [11 - 20] pins
RUN-1001 : 44 nets have [21 - 99] pins
RUN-1001 : 5 nets have 100+ pins
PHY-3001 : design contains 1043 instances, 934 slices, 41 macros(256 instances: 166 mslices 90 lslices)
PHY-3001 : Cell area utilization is 12%
PHY-3001 : After packing: Len = 65088.6, Over = 62.5
PHY-3001 : Run with size of 2
PHY-3001 : Cell area utilization is 12%
PHY-3001 : Update timing in Manhattan mode ...
RUN-1002 : start command "start_timer -report"
TMR-2505 : Start building timing graph for model top.
TMR-2506 : Build timing graph completely. Port num: 22, tpin num: 9111, tnet num: 2190, tinst num: 1043, tnode num: 11279, tedge num: 15436.
TMR-2508 : Levelizing timing graph completed, there are 41 levels in total.
TMR-2501 : Timing graph initialized successfully.
TMR-2503 : Start to update net delay, extr mode = 3.
TMR-2504 : Update delay of 2190 nets completely.
TMR-2502 : Annotate delay completely, extr mode = 3.
TMR-3001 : Initiate 5 clocks from SDC.
TMR-3004 : Map sdc constraints, there are 16 constraints in total.
TMR-3003 : Constraints initiated successfully.
TMR-3501 : Forward propagation: start to calculate arrival time...
TMR-3502 : Backward propagation: start to calculate required time...
TMR-3503 : Timing propagation completes.
PHY-3001 : End timing update;  0.520981s wall, 0.109375s user + 0.000000s system = 0.109375s CPU (21.0%)

PHY-3001 : :::0::: Try harder cell spreading with beta_ = 0.00011087
PHY-3002 : Step(108): len = 63798.6, overlap = 64.75
PHY-3002 : Step(109): len = 63075.7, overlap = 68.75
PHY-3002 : Step(110): len = 62709.5, overlap = 68
PHY-3002 : Step(111): len = 62795.2, overlap = 67
PHY-3002 : Step(112): len = 62623.8, overlap = 66.5
PHY-3001 : :::1::: Try harder cell spreading with beta_ = 0.00022174
PHY-3002 : Step(113): len = 63548.2, overlap = 60.75
PHY-3002 : Step(114): len = 64147.9, overlap = 59.75
PHY-3002 : Step(115): len = 64552.8, overlap = 57.75
PHY-3001 : :::2::: Try harder cell spreading with beta_ = 0.00044348
PHY-3002 : Step(116): len = 65303, overlap = 57.25
PHY-3002 : Step(117): len = 66297.8, overlap = 57.25
PHY-3002 : Step(118): len = 66670.5, overlap = 56.25
PHY-3001 : Legalization ...
PHY-3001 : End legalization;  0.099215s wall, 0.000000s user + 0.000000s system = 0.000000s CPU (n/a%)

PHY-3001 : Trial Legalized: Len = 83533.6
PHY-3001 : Run with size of 2
PHY-3001 : Cell area utilization is 12%
PHY-3001 : Update timing in Manhattan mode ...
TMR-2503 : Start to update net delay, extr mode = 3.
TMR-2504 : Update delay of 2190 nets completely.
TMR-2502 : Annotate delay completely, extr mode = 3.
TMR-3501 : Forward propagation: start to calculate arrival time...
TMR-3502 : Backward propagation: start to calculate required time...
TMR-3503 : Timing propagation completes.
PHY-3001 : End timing update;  0.056245s wall, 0.000000s user + 0.000000s system = 0.000000s CPU (n/a%)

PHY-3001 : :::0::: Try harder cell spreading with beta_ = 0.00134317
PHY-3002 : Step(119): len = 78231.9, overlap = 8.75
PHY-3002 : Step(120): len = 75265, overlap = 13.75
PHY-3002 : Step(121): len = 73068.6, overlap = 19.5
PHY-3002 : Step(122): len = 71682.9, overlap = 24.75
PHY-3002 : Step(123): len = 70656.7, overlap = 29
PHY-3002 : Step(124): len = 69632.8, overlap = 32.25
PHY-3002 : Step(125): len = 69009.5, overlap = 34.25
PHY-3001 : :::1::: Try harder cell spreading with beta_ = 0.00265072
PHY-3002 : Step(126): len = 69143.2, overlap = 33.75
PHY-3002 : Step(127): len = 69253.8, overlap = 31.75
PHY-3001 : :::2::: Try harder cell spreading with beta_ = 0.00530144
PHY-3002 : Step(128): len = 69266.9, overlap = 32.5
PHY-3002 : Step(129): len = 69262.7, overlap = 31.5
PHY-3001 : Legalization ...
PHY-3001 : End legalization;  0.004474s wall, 0.000000s user + 0.000000s system = 0.000000s CPU (n/a%)

PHY-3001 : Legalized: Len = 76440.6, Over = 0
PHY-3001 : Spreading special nets. 25 overflows in 2952 tiles.
PHY-3001 : End spreading;  0.005549s wall, 0.000000s user + 0.000000s system = 0.000000s CPU (n/a%)

PHY-3001 : 36 instances has been re-located, deltaX = 14, deltaY = 20, maxDist = 2.
PHY-3001 : Final: Len = 77032.6, Over = 0
OPT-1001 : Start physical optimization ...
RUN-1002 : start command "start_timer -report"
TMR-2505 : Start building timing graph for model top.
TMR-2506 : Build timing graph completely. Port num: 22, tpin num: 9111, tnet num: 2190, tinst num: 1043, tnode num: 11279, tedge num: 15436.
TMR-2508 : Levelizing timing graph completed, there are 41 levels in total.
TMR-2501 : Timing graph initialized successfully.
OPT-1001 : Total overflow 0.00 peak overflow 0.00
OPT-1001 : Start high-fanout net optimization ...
OPT-1001 : Update timing in global mode
PHY-1001 : Start incremental global routing, caller is place ...
RUN-1001 : Generating global routing grids ...
PHY-1001 : Generate routing nets ...
PHY-1001 : Reuse net number 114/2192.
PHY-1001 : Global iterations in 16 thread ...
PHY-1002 : len = 90456, over cnt = 220(0%), over = 378, worst = 5
PHY-1002 : len = 91776, over cnt = 128(0%), over = 202, worst = 5
PHY-1002 : len = 93608, over cnt = 44(0%), over = 59, worst = 4
PHY-1002 : len = 94176, over cnt = 8(0%), over = 9, worst = 2
PHY-1002 : len = 94272, over cnt = 0(0%), over = 0, worst = 0
PHY-1001 : End global iterations;  0.165747s wall, 0.062500s user + 0.000000s system = 0.062500s CPU (37.7%)

PHY-1001 : Congestion index: top1 = 29.53, top5 = 23.34, top10 = 19.44, top15 = 15.95.
PHY-1001 : End incremental global routing;  0.214373s wall, 0.093750s user + 0.000000s system = 0.093750s CPU (43.7%)

TMR-2503 : Start to update net delay, extr mode = 5.
TMR-2504 : Update delay of 2190 nets completely.
TMR-2502 : Annotate delay completely, extr mode = 5.
TMR-3001 : Initiate 5 clocks from SDC.
TMR-3004 : Map sdc constraints, there are 16 constraints in total.
TMR-3003 : Constraints initiated successfully.
TMR-3501 : Forward propagation: start to calculate arrival time...
TMR-3502 : Backward propagation: start to calculate required time...
TMR-3503 : Timing propagation completes.
OPT-1001 : End timing update;  0.053506s wall, 0.015625s user + 0.000000s system = 0.015625s CPU (29.2%)

OPT-1001 : 0 high-fanout net processed.
OPT-1001 : End high-fanout net optimization;  0.309321s wall, 0.109375s user + 0.000000s system = 0.109375s CPU (35.4%)

OPT-1001 : Current memory(MB): used = 225, reserve = 197, peak = 225.
OPT-1001 : Start path based optimization ...
OPT-1001 : Start congestion update ...
RUN-1001 : Generating global routing grids ...
PHY-1001 : Generate routing nets ...
PHY-1001 : Reuse net number 1835/2192.
PHY-1001 : Global iterations in 16 thread ...
PHY-1002 : len = 94272, over cnt = 0(0%), over = 0, worst = 0
PHY-1001 : End global iterations;  0.008052s wall, 0.015625s user + 0.000000s system = 0.015625s CPU (194.0%)

PHY-1001 : Congestion index: top1 = 29.53, top5 = 23.34, top10 = 19.44, top15 = 15.95.
OPT-1001 : End congestion update;  0.051979s wall, 0.031250s user + 0.000000s system = 0.031250s CPU (60.1%)

OPT-1001 : Update timing in Manhattan mode
TMR-2503 : Start to update net delay, extr mode = 3.
TMR-2504 : Update delay of 2190 nets completely.
TMR-2502 : Annotate delay completely, extr mode = 3.
TMR-3501 : Forward propagation: start to calculate arrival time...
TMR-3502 : Backward propagation: start to calculate required time...
TMR-3503 : Timing propagation completes.
OPT-1001 : End timing update;  0.051566s wall, 0.015625s user + 0.000000s system = 0.015625s CPU (30.3%)

OPT-0007 : Start: WNS 4519 TNS 0 NUM_FEPS 0
OPT-1001 : End path based optimization;  0.103732s wall, 0.046875s user + 0.000000s system = 0.046875s CPU (45.2%)

OPT-1001 : Current memory(MB): used = 228, reserve = 200, peak = 228.
OPT-1001 : Update timing in Manhattan mode
TMR-2503 : Start to update net delay, extr mode = 3.
TMR-2504 : Update delay of 2190 nets completely.
TMR-2502 : Annotate delay completely, extr mode = 3.
TMR-3501 : Forward propagation: start to calculate arrival time...
TMR-3502 : Backward propagation: start to calculate required time...
TMR-3503 : Timing propagation completes.
OPT-1001 : End timing update;  0.048540s wall, 0.015625s user + 0.000000s system = 0.015625s CPU (32.2%)

OPT-1001 : Start pin optimization...
OPT-1001 : skip pin optimization...
RUN-1001 : Generating global routing grids ...
PHY-1001 : Generate routing nets ...
PHY-1001 : Reuse net number 1835/2192.
PHY-1001 : Global iterations in 16 thread ...
PHY-1002 : len = 94272, over cnt = 0(0%), over = 0, worst = 0
PHY-1001 : End global iterations;  0.005359s wall, 0.031250s user + 0.000000s system = 0.031250s CPU (583.1%)

PHY-1001 : Congestion index: top1 = 29.53, top5 = 23.34, top10 = 19.44, top15 = 15.95.
OPT-1001 : Update timing in Manhattan mode
TMR-2503 : Start to update net delay, extr mode = 3.
TMR-2504 : Update delay of 2190 nets completely.
TMR-2502 : Annotate delay completely, extr mode = 3.
TMR-3501 : Forward propagation: start to calculate arrival time...
TMR-3502 : Backward propagation: start to calculate required time...
TMR-3503 : Timing propagation completes.
OPT-1001 : End timing update;  0.056281s wall, 0.000000s user + 0.000000s system = 0.000000s CPU (n/a%)

RUN-1001 : QoR Analysis:
OPT-0007 :   WNS 4519 TNS 0 NUM_FEPS 0
RUN-1001 :   No local congestion issue, and most congested 1% tile average routing util is 29.068966
RUN-1001 :   Top critical paths
RUN-1001 :       #1 path slack 4519ps with logic level 6 
OPT-1001 : End physical optimization;  1.045303s wall, 0.343750s user + 0.000000s system = 0.343750s CPU (32.9%)

RUN-1003 : finish command "place" in  5.626131s wall, 1.453125s user + 0.171875s system = 1.625000s CPU (28.9%)

RUN-1004 : used memory is 193 MB, reserved memory is 165 MB, peak memory is 229 MB
RUN-1002 : start command "export_db pic_sdram_place.db"
RUN-1001 : Exported /
RUN-1001 : Exported flow parameters
RUN-1001 : Exported libs
RUN-1001 : Exported entities
RUN-1001 : Exported ports
RUN-1001 : Exported pins
RUN-1001 : Exported instances
RUN-1001 : Exported nets
RUN-1001 : Exported buses
RUN-1001 : Exported models
RUN-1001 : Exported congestions
RUN-1001 : Exported violations
RUN-1001 : Exported timing constraints
RUN-1001 : Exported IO constraints
RUN-1001 : Exported Inst constraints
RUN-1002 : start command "route"
RUN-1001 : Open license file D:/Program/Anlogic/TD5.6.2/license/Anlogic.lic
RUN-1001 : Print Global Property
RUN-1001 : ---------------------------------------------------------------
RUN-1001 :        Parameters        |  Settings  |  Default Values  |  Note  
RUN-1001 : ---------------------------------------------------------------
RUN-1001 :          message         |  standard  |     standard     |        
RUN-1001 :   mixed_pack_place_flow  |     on     |        on        |        
RUN-1001 :        qor_monitor       |    off     |       off        |        
RUN-1001 :        syn_ip_flow       |    off     |       off        |        
RUN-1001 :          thread          |    auto    |       auto       |        
RUN-1001 : ---------------------------------------------------------------
RUN-1001 : Print Route Property
RUN-1001 : -------------------------------------------------------
RUN-1001 :    Parameters    |  Settings  |  Default Values  |  Note  
RUN-1001 : -------------------------------------------------------
RUN-1001 :      effort      |   medium   |      medium      |        
RUN-1001 :     fix_hold     |    off     |       off        |        
RUN-1001 :    opt_timing    |   medium   |      medium      |        
RUN-1001 :   phy_sim_model  |    off     |       off        |        
RUN-1001 :     priority     |   timing   |      timing      |        
RUN-1001 :     swap_pin     |     on     |        on        |        
RUN-1001 : -------------------------------------------------------
PHY-1001 : Route runs in 16 thread(s)
RUN-1001 : There are total 1045 instances
RUN-1001 : 467 mslices, 467 lslices, 102 pads, 2 brams, 0 dsps
RUN-1001 : There are total 2192 nets
RUN-6004 WARNING: There are 32 nets with only 1 pin.
RUN-1001 : 1330 nets have 2 pins
RUN-1001 : 571 nets have [3 - 5] pins
RUN-1001 : 159 nets have [6 - 10] pins
RUN-1001 : 51 nets have [11 - 20] pins
RUN-1001 : 44 nets have [21 - 99] pins
RUN-1001 : 5 nets have 100+ pins
RUN-1002 : start command "start_timer -report"
TMR-2505 : Start building timing graph for model top.
TMR-2506 : Build timing graph completely. Port num: 22, tpin num: 9111, tnet num: 2190, tinst num: 1043, tnode num: 11279, tedge num: 15436.
TMR-2508 : Levelizing timing graph completed, there are 41 levels in total.
TMR-2501 : Timing graph initialized successfully.
PHY-1001 : 467 mslices, 467 lslices, 102 pads, 2 brams, 0 dsps
TMR-2503 : Start to update net delay, extr mode = 3.
TMR-2504 : Update delay of 2190 nets completely.
TMR-2502 : Annotate delay completely, extr mode = 3.
TMR-3001 : Initiate 5 clocks from SDC.
TMR-3004 : Map sdc constraints, there are 16 constraints in total.
TMR-3003 : Constraints initiated successfully.
TMR-3501 : Forward propagation: start to calculate arrival time...
TMR-3502 : Backward propagation: start to calculate required time...
TMR-3503 : Timing propagation completes.
PHY-1001 : Start global routing, caller is route ...
RUN-1001 : Generating global routing grids ...
PHY-1001 : Generate routing nets ...
PHY-1001 : Global iterations in 16 thread ...
PHY-1002 : len = 89096, over cnt = 214(0%), over = 400, worst = 5
PHY-1002 : len = 91312, over cnt = 95(0%), over = 139, worst = 5
PHY-1002 : len = 92840, over cnt = 11(0%), over = 13, worst = 2
PHY-1002 : len = 93032, over cnt = 0(0%), over = 0, worst = 0
PHY-1001 : End global iterations;  0.165032s wall, 0.046875s user + 0.000000s system = 0.046875s CPU (28.4%)

PHY-1001 : Congestion index: top1 = 29.70, top5 = 23.25, top10 = 19.26, top15 = 15.72.
PHY-1001 : End global routing;  0.212698s wall, 0.078125s user + 0.000000s system = 0.078125s CPU (36.7%)

PHY-1001 : Start detail routing ...
PHY-1001 : Current memory(MB): used = 247, reserve = 220, peak = 261.
PHY-1001 : Detailed router is running in normal mode.
PHY-1001 : Generate detailed routing grids ...
PHY-1001 : Generate nets ...
PHY-1001 : net clk_dup_1 will be routed on clock mesh
PHY-1001 : net frame_read_write_m0/frame_fifo_read_m0/mem_clk will be routed on clock mesh
PHY-1001 : clock net frame_read_write_m0/read_buf/clkr will be merged with clock video_pll_m0/clk0_buf
PHY-1001 : clock net frame_read_write_m0/write_buf/clkw will be merged with clock sys_pll_m0/clk0_buf
PHY-1001 : net frame_read_write_m1/write_clk will be routed on clock mesh
PHY-5010 WARNING: Net frame_read_write_m1/read_buf/rd_to_wr_cross_inst/sync_r1[7] is skipped due to 0 input or output
PHY-5010 WARNING: Net frame_read_write_m1/read_buf/rd_to_wr_cross_inst/sync_r1[6] is skipped due to 0 input or output
PHY-5010 WARNING: Net frame_read_write_m1/read_buf/rd_to_wr_cross_inst/sync_r1[5] is skipped due to 0 input or output
PHY-5010 WARNING: Net frame_read_write_m1/read_buf/rd_to_wr_cross_inst/sync_r1[4] is skipped due to 0 input or output
PHY-5010 WARNING: Net frame_read_write_m1/read_buf/rd_to_wr_cross_inst/sync_r1[3] is skipped due to 0 input or output
PHY-5010 WARNING: Net frame_read_write_m1/read_buf/rd_to_wr_cross_inst/sync_r1[2] is skipped due to 0 input or output
PHY-5010 WARNING: Net frame_read_write_m1/read_buf/rd_to_wr_cross_inst/sync_r1[1] is skipped due to 0 input or output
PHY-5010 WARNING: Net frame_read_write_m1/read_buf/rd_to_wr_cross_inst/sync_r1[0] is skipped due to 0 input or output
PHY-5010 WARNING: Net frame_read_write_m1/read_buf/wr_to_rd_cross_inst/sync_r1[7] is skipped due to 0 input or output
PHY-5010 WARNING: Net frame_read_write_m1/read_buf/wr_to_rd_cross_inst/sync_r1[6] is skipped due to 0 input or output
PHY-5010 Similar messages will be suppressed.
PHY-1001 : Current memory(MB): used = 513, reserve = 490, peak = 513.
PHY-1001 : End build detailed router design. 2.549865s wall, 1.015625s user + 0.031250s system = 1.046875s CPU (41.1%)

PHY-1001 : Detail Route ...
PHY-1001 : ===== Detail Route Phase 1 =====
PHY-1001 : Clock net routing.....
PHY-1001 : Routed 0% nets.
PHY-1022 : len = 45816, over cnt = 0(0%), over = 0, worst = 0, crit = 0
PHY-1001 : End initial clock net routed; 0.916465s wall, 0.437500s user + 0.015625s system = 0.453125s CPU (49.4%)

PHY-1001 : Current memory(MB): used = 546, reserve = 524, peak = 546.
PHY-1001 : End phase 1; 0.921953s wall, 0.437500s user + 0.015625s system = 0.453125s CPU (49.1%)

PHY-1001 : ===== Detail Route Phase 2 =====
PHY-1001 : Initial routing.....
PHY-1001 : Routed 37% nets.
PHY-1001 : Routed 46% nets.
PHY-1001 : Routed 55% nets.
PHY-1001 : Routed 67% nets.
PHY-1001 : Routed 86% nets.
PHY-1022 : len = 287128, over cnt = 50(0%), over = 50, worst = 1, crit = 0
PHY-1001 : Current memory(MB): used = 546, reserve = 524, peak = 546.
PHY-1001 : End initial routed; 1.592267s wall, 0.390625s user + 0.000000s system = 0.390625s CPU (24.5%)

PHY-1001 : Update timing.....
PHY-1001 : 0/1896(0%) critical/total net(s).
RUN-1001 : --------------------------------------
RUN-1001 :   Type   |  WNS(ns)  |  TNS(ns)  |  FEP  
RUN-1001 : --------------------------------------
RUN-1001 :   Setup  |   2.028   |   0.000   |   0   
RUN-1001 :   Hold   |   0.046   |   0.000   |   0   
RUN-1001 : --------------------------------------
PHY-1001 : End update timing; 0.531326s wall, 0.171875s user + 0.000000s system = 0.171875s CPU (32.3%)

PHY-1001 : Current memory(MB): used = 549, reserve = 527, peak = 549.
PHY-1001 : End phase 2; 2.123641s wall, 0.562500s user + 0.000000s system = 0.562500s CPU (26.5%)

PHY-1001 : ===== Detail Route Phase 3 =====
PHY-1001 : Optimize timing.....
PHY-1022 : len = 287128, over cnt = 50(0%), over = 50, worst = 1, crit = 0
PHY-1001 : End optimize timing; 0.014874s wall, 0.000000s user + 0.000000s system = 0.000000s CPU (n/a%)

PHY-1001 : Ripup-reroute.....
PHY-1001 : ===== DR Iter 1 =====
PHY-1022 : len = 286720, over cnt = 7(0%), over = 7, worst = 1, crit = 0
PHY-1001 : End DR Iter 1; 0.054080s wall, 0.015625s user + 0.000000s system = 0.015625s CPU (28.9%)

PHY-1001 : ===== DR Iter 2 =====
PHY-1022 : len = 286712, over cnt = 0(0%), over = 0, worst = 0, crit = 0
PHY-1001 : End DR Iter 2; 0.024393s wall, 0.000000s user + 0.000000s system = 0.000000s CPU (n/a%)

PHY-1001 : Update timing.....
PHY-1001 : 0/1896(0%) critical/total net(s).
RUN-1001 : --------------------------------------
RUN-1001 :   Type   |  WNS(ns)  |  TNS(ns)  |  FEP  
RUN-1001 : --------------------------------------
RUN-1001 :   Setup  |   1.855   |   0.000   |   0   
RUN-1001 :   Hold   |   0.046   |   0.000   |   0   
RUN-1001 : --------------------------------------
PHY-1001 : End update timing; 0.529692s wall, 0.171875s user + 0.000000s system = 0.171875s CPU (32.4%)

PHY-1001 : Commit to database.....
PHY-1001 : 8 feed throughs used by 6 nets
PHY-1001 : End commit to database; 0.182470s wall, 0.171875s user + 0.000000s system = 0.171875s CPU (94.2%)

PHY-1001 : Current memory(MB): used = 566, reserve = 545, peak = 566.
PHY-1001 : End phase 3; 0.902519s wall, 0.484375s user + 0.000000s system = 0.484375s CPU (53.7%)

PHY-1003 : Routed, final wirelength = 286712
PHY-1001 : Current memory(MB): used = 567, reserve = 545, peak = 567.
PHY-1001 : End export database. 0.008258s wall, 0.015625s user + 0.000000s system = 0.015625s CPU (189.2%)

PHY-1001 : End detail routing;  6.662291s wall, 2.593750s user + 0.046875s system = 2.640625s CPU (39.6%)

RUN-1003 : finish command "route" in  7.427295s wall, 2.875000s user + 0.046875s system = 2.921875s CPU (39.3%)

RUN-1004 : used memory is 512 MB, reserved memory is 491 MB, peak memory is 567 MB
RUN-1002 : start command "report_area -io_info -file pic_sdram_phy.area"
RUN-1001 : standard
***Report Model: top Device: EG4S20BG256***

IO Statistics
#IO                        47
  #input                    6
  #output                  37
  #inout                    4

Utilization Statistics
#lut                     1674   out of  19600    8.54%
#reg                      852   out of  19600    4.35%
#le                      1798
  #lut only               946   out of   1798   52.61%
  #reg only               124   out of   1798    6.90%
  #lut&reg                728   out of   1798   40.49%
#dsp                        0   out of     29    0.00%
#bram                       2   out of     64    3.12%
  #bram9k                   2
  #fifo9k                   0
#bram32k                    0   out of     16    0.00%
#pad                       47   out of    188   25.00%
  #ireg                     1
  #oreg                    40
  #treg                     1
#pll                        2   out of      4   50.00%
#gclk                       2   out of     16   12.50%

Clock Resource Statistics
Index     ClockNet                                          Type               DriverType         Driver                         Fanout
#1        sys_pll_m0/clk0_buf                               GCLK               pll                sys_pll_m0/pll_inst.clkc0      266
#2        frame_read_write_m0/frame_fifo_read_m0/mem_clk    GCLK               pll                sys_pll_m0/pll_inst.clkc1      195
#3        video_pll_m0/clk0_buf                             GCLK               pll                video_pll_m0/pll_inst.clkc0    68
#4        frame_read_write_m1/write_clk                     GCLK               pll                sys_pll_m0/pll_inst.clkc2      51
#5        clk_dup_1                                         GCLK               io                 clk_syn_2.di                   26


Detailed IO Report

       Name         Direction    Location    IOStandard    DriveStrength    PullType     PackReg   
       clk            INPUT         R7        LVCMOS33          N/A          PULLUP       NONE     
       key1           INPUT         B2        LVCMOS33          N/A          PULLUP       IREG     
       key2           INPUT         B1        LVCMOS33          N/A          PULLUP       NONE     
      rst_n           INPUT         A2        LVCMOS33          N/A          PULLUP       NONE     
     sd_miso          INPUT        B14        LVCMOS33          N/A          PULLUP       NONE     
     switch1          INPUT         C8        LVCMOS33          N/A          PULLUP       NONE     
    flash_cs_n       OUTPUT         P8        LVCMOS33           8            NONE        OREG     
    flash_sck        OUTPUT         M9        LVCMOS33           8            NONE        OREG     
     sd_dclk         OUTPUT        A14        LVCMOS33           8            NONE        OREG     
     sd_mosi         OUTPUT        A13        LVCMOS33           8            NONE        OREG     
      sd_ncs         OUTPUT        A12        LVCMOS33           8            NONE        OREG     
   seg_data[7]       OUTPUT         A6        LVCMOS33           8            NONE        NONE     
   seg_data[6]       OUTPUT         A7        LVCMOS33           8            NONE        OREG     
   seg_data[5]       OUTPUT         A8        LVCMOS33           8            NONE        OREG     
   seg_data[4]       OUTPUT         B5        LVCMOS33           8            NONE        OREG     
   seg_data[3]       OUTPUT         A5        LVCMOS33           8            NONE        OREG     
   seg_data[2]       OUTPUT         B6        LVCMOS33           8            NONE        OREG     
   seg_data[1]       OUTPUT        C16        LVCMOS33           8            NONE        OREG     
   seg_data[0]       OUTPUT        C15        LVCMOS33           8            NONE        OREG     
    seg_sel[5]       OUTPUT        D11        LVCMOS33           8            NONE        OREG     
    seg_sel[4]       OUTPUT        E11        LVCMOS33           8            NONE        OREG     
    seg_sel[3]       OUTPUT        F10        LVCMOS33           8            NONE        OREG     
    seg_sel[2]       OUTPUT        C13        LVCMOS33           8            NONE        OREG     
    seg_sel[1]       OUTPUT        E10        LVCMOS33           8            NONE        OREG     
    seg_sel[0]       OUTPUT        E12        LVCMOS33           8            NONE        OREG     
   vga_out_b[4]      OUTPUT         D5        LVCMOS33           8            NONE        OREG     
   vga_out_b[3]      OUTPUT         D6        LVCMOS33           8            NONE        OREG     
   vga_out_b[2]      OUTPUT         E6        LVCMOS33           8            NONE        OREG     
   vga_out_b[1]      OUTPUT         F6        LVCMOS33           8            NONE        OREG     
   vga_out_b[0]      OUTPUT        H16        LVCMOS25           8            N/A         OREG     
   vga_out_g[5]      OUTPUT         N6        LVCMOS33           8            NONE        OREG     
   vga_out_g[4]      OUTPUT         N5        LVCMOS33           8            NONE        OREG     
   vga_out_g[3]      OUTPUT         P5        LVCMOS33           8            NONE        OREG     
   vga_out_g[2]      OUTPUT         T5        LVCMOS33           8            NONE        OREG     
   vga_out_g[1]      OUTPUT        F14        LVCMOS25           8            N/A         OREG     
   vga_out_g[0]      OUTPUT         A4        LVCMOS33           8            N/A         OREG     
    vga_out_hs       OUTPUT         E7        LVCMOS33           8            NONE        OREG     
   vga_out_r[4]      OUTPUT        E13        LVCMOS33           8            NONE        OREG     
   vga_out_r[3]      OUTPUT         L8        LVCMOS33           8            NONE        OREG     
   vga_out_r[2]      OUTPUT         L7        LVCMOS33           8            NONE        OREG     
   vga_out_r[1]      OUTPUT         R5        LVCMOS33           8            NONE        OREG     
   vga_out_r[0]      OUTPUT         H5        LVCMOS33           8            N/A         OREG     
    vga_out_vs       OUTPUT         F7        LVCMOS33           8            NONE        OREG     
  flash_qspi_IO0      INOUT         P7        LVCMOS33           8           PULLUP     OREG;TREG  
  flash_qspi_IO1      INOUT         N8        LVCMOS33           8           PULLUP       OREG     
  flash_qspi_IO2      INOUT         P9        LVCMOS33           8           PULLUP       OREG     
  flash_qspi_IO3      INOUT         R9        LVCMOS33           8           PULLUP       OREG     
       dm0           OUTPUT        S14        LVCMOS25           8            NONE        NONE     
       cke           OUTPUT        S18        LVCMOS25           8            NONE        NONE     
       we_n          OUTPUT        S19        LVCMOS25           8            NONE        OREG     
      cas_n          OUTPUT        S20        LVCMOS25           8            NONE        OREG     
      ras_n          OUTPUT        S21        LVCMOS25           8            NONE        OREG     
       cs_n          OUTPUT        S22        LVCMOS25           8            NONE        NONE     
     addr[9]         OUTPUT        S23        LVCMOS25           8            NONE        OREG     
     addr[8]         OUTPUT        S24        LVCMOS25           8            NONE        OREG     
     addr[7]         OUTPUT        S25        LVCMOS25           8            NONE        OREG     
     addr[6]         OUTPUT        S26        LVCMOS25           8            NONE        OREG     
     addr[5]         OUTPUT        S27        LVCMOS25           8            NONE        OREG     
     addr[4]         OUTPUT        S28        LVCMOS25           8            NONE        OREG     
       dm2           OUTPUT        S29        LVCMOS25           8            NONE        NONE     
      dq[23]         OUTPUT        S31        LVCMOS25           8           PULLUP       NONE     
      dq[22]         OUTPUT        S32        LVCMOS25           8           PULLUP       NONE     
      dq[21]         OUTPUT        S35        LVCMOS25           8           PULLUP       NONE     
      dq[20]         OUTPUT        S36        LVCMOS25           8           PULLUP       NONE     
      dq[19]         OUTPUT        S37        LVCMOS25           8           PULLUP       NONE     
      dq[18]         OUTPUT        S38        LVCMOS25           8           PULLUP       NONE     
      dq[17]         OUTPUT        S41        LVCMOS25           8           PULLUP       NONE     
      dq[16]         OUTPUT        S42        LVCMOS25           8           PULLUP       NONE     
      dq[31]         OUTPUT        S48        LVCMOS25           8           PULLUP       NONE     
      dq[30]         OUTPUT        S49        LVCMOS25           8           PULLUP       NONE     
      dq[29]         OUTPUT        S52        LVCMOS25           8           PULLUP       NONE     
      dq[28]         OUTPUT        S53        LVCMOS25           8           PULLUP       NONE     
      dq[27]         OUTPUT        S54        LVCMOS25           8           PULLUP       NONE     
      dq[26]         OUTPUT        S55        LVCMOS25           8           PULLUP       NONE     
      dq[25]         OUTPUT        S58        LVCMOS25           8           PULLUP       NONE     
      dq[24]         OUTPUT        S59        LVCMOS25           8           PULLUP       NONE     
       dm3           OUTPUT        S61        LVCMOS25           8            NONE        NONE     
     addr[3]         OUTPUT        S64        LVCMOS25           8            NONE        OREG     
     addr[2]         OUTPUT        S65        LVCMOS25           8            NONE        OREG     
     addr[1]         OUTPUT        S66        LVCMOS25           8            NONE        OREG     
     addr[0]         OUTPUT        S67        LVCMOS25           8            NONE        OREG     
     addr[10]        OUTPUT        S68        LVCMOS25           8            NONE        OREG     
      ba[0]          OUTPUT        S69        LVCMOS25           8            NONE        OREG     
      ba[1]          OUTPUT        S70        LVCMOS25           8            NONE        OREG     
       clk           OUTPUT        S73        LVCMOS25           8            NONE        NONE     
       dm1           OUTPUT        S76        LVCMOS25           8            NONE        NONE     
      dq[0]           INOUT         S1        LVCMOS25           8           PULLUP       IREG     
      dq[6]           INOUT        S11        LVCMOS25           8           PULLUP       IREG     
      dq[7]           INOUT        S12        LVCMOS25           8           PULLUP       IREG     
      dq[1]           INOUT         S2        LVCMOS25           8           PULLUP       IREG     
      dq[2]           INOUT         S5        LVCMOS25           8           PULLUP       IREG     
      dq[3]           INOUT         S6        LVCMOS25           8           PULLUP       IREG     
      dq[4]           INOUT         S7        LVCMOS25           8           PULLUP       IREG     
      dq[8]           INOUT        S78        LVCMOS25           8           PULLUP       IREG     
      dq[9]           INOUT        S79        LVCMOS25           8           PULLUP       IREG     
      dq[5]           INOUT         S8        LVCMOS25           8           PULLUP       IREG     
      dq[10]          INOUT        S82        LVCMOS25           8           PULLUP       IREG     
      dq[11]          INOUT        S83        LVCMOS25           8           PULLUP       IREG     
      dq[12]          INOUT        S84        LVCMOS25           8           PULLUP       IREG     
      dq[13]          INOUT        S85        LVCMOS25           8           PULLUP       IREG     
      dq[14]          INOUT        S88        LVCMOS25           8           PULLUP       IREG     
      dq[15]          INOUT        S89        LVCMOS25           8           PULLUP       IREG     

Report Hierarchy Area:
+-------------------------------------------------------------------------------------------------------------------------------------+
|Instance                        |Module                                         |le     |lut     |ripple  |seq     |bram    |dsp     |
+-------------------------------------------------------------------------------------------------------------------------------------+
|top                             |top                                            |1798   |1418    |256     |894     |2       |0       |
|  flash_write_read_m0           |flash_write_read                               |86     |80      |6       |61      |0       |0       |
|    Qspi_master_m0              |Qspi_master                                    |21     |21      |0       |17      |0       |0       |
|    flash_cmd_m0                |flash_cmd                                      |65     |59      |6       |44      |0       |0       |
|      flash_step_m0             |flash_step                                     |51     |45      |6       |31      |0       |0       |
|  frame_read_write_m0           |frame_read_write                               |383    |251     |84      |245     |2       |0       |
|    frame_fifo_read_m0          |frame_fifo_read                                |71     |52      |17      |31      |0       |0       |
|    frame_fifo_write_m0         |frame_fifo_write                               |76     |59      |17      |40      |0       |0       |
|    read_buf                    |afifo_16_256                                   |118    |72      |25      |88      |1       |0       |
|      ram_inst                  |ram_infer_afifo_16_256                         |0      |0       |0       |0       |1       |0       |
|      rd_to_wr_cross_inst       |fifo_cross_domain_addr_process_al_afifo_16_256 |29     |22      |0       |29      |0       |0       |
|      wr_to_rd_cross_inst       |fifo_cross_domain_addr_process_al_afifo_16_256 |31     |19      |0       |31      |0       |0       |
|    write_buf                   |afifo_16_256                                   |118    |68      |25      |86      |1       |0       |
|      ram_inst                  |ram_infer_afifo_16_256                         |0      |0       |0       |0       |1       |0       |
|      rd_to_wr_cross_inst       |fifo_cross_domain_addr_process_al_afifo_16_256 |27     |14      |0       |27      |0       |0       |
|      wr_to_rd_cross_inst       |fifo_cross_domain_addr_process_al_afifo_16_256 |36     |25      |0       |36      |0       |0       |
|  frame_read_write_m1           |frame_read_write                               |29     |2       |0       |29      |0       |0       |
|    read_buf                    |afifo_16_256                                   |15     |1       |0       |15      |0       |0       |
|      rd_to_wr_cross_inst       |fifo_cross_domain_addr_process_al_afifo_16_256 |5      |0       |0       |5       |0       |0       |
|      wr_to_rd_cross_inst       |fifo_cross_domain_addr_process_al_afifo_16_256 |10     |1       |0       |10      |0       |0       |
|    write_buf                   |afifo_16_256                                   |14     |1       |0       |14      |0       |0       |
|      rd_to_wr_cross_inst       |fifo_cross_domain_addr_process_al_afifo_16_256 |6      |1       |0       |6       |0       |0       |
|      wr_to_rd_cross_inst       |fifo_cross_domain_addr_process_al_afifo_16_256 |8      |0       |0       |8       |0       |0       |
|  sd_card_bmp_m0                |sd_card_bmp                                    |881    |753     |91      |376     |0       |0       |
|    ax_debounce_m0              |ax_debounce                                    |62     |53      |9       |35      |0       |0       |
|    bmp_read_m0                 |bmp_read                                       |275    |198     |55      |163     |0       |0       |
|    sd_card_top_m0              |sd_card_top                                    |544    |502     |27      |178     |0       |0       |
|      sd_card_cmd_m0            |sd_card_cmd                                    |312    |288     |22      |55      |0       |0       |
|      sd_card_sec_read_write_m0 |sd_card_sec_read_write                         |168    |155     |0       |84      |0       |0       |
|      spi_master_m0             |spi_master                                     |64     |59      |5       |39      |0       |0       |
|  sdram_core_m0                 |sdram_core                                     |275    |222     |45      |84      |0       |0       |
|  sdram_m0                      |sdram                                          |0      |0       |0       |0       |0       |0       |
|  seg_scan_m0                   |seg_scan                                       |75     |53      |22      |20      |0       |0       |
|  sys_pll_m0                    |sys_pll                                        |0      |0       |0       |0       |0       |0       |
|  video_pll_m0                  |video_pll                                      |0      |0       |0       |0       |0       |0       |
|  video_timing_data_m0          |video_timing_data                              |69     |57      |8       |37      |0       |0       |
|    color_bar_m0                |color_bar                                      |46     |37      |8       |30      |0       |0       |
+-------------------------------------------------------------------------------------------------------------------------------------+


DataNet Average Fanout:

   Index     Fanout     Nets  
    #1          1       1283  
    #2          2       281   
    #3          3       175   
    #4          4       115   
    #5        5-10      168   
    #6        11-50      81   
    #7       51-100      2    
    #8       101-500     1    
  Average     2.93            

RUN-1002 : start command "export_db pic_sdram_pr.db"
RUN-1001 : Exported /
RUN-1001 : Exported flow parameters
RUN-1001 : Exported libs
RUN-1001 : Exported entities
RUN-1001 : Exported ports
RUN-1001 : Exported pins
RUN-1001 : Exported instances
RUN-1001 : Exported nets
RUN-1001 : Exported buses
RUN-1001 : Exported models
RUN-1001 : Exported congestions
RUN-1001 : Exported violations
RUN-1001 : Exported timing constraints
RUN-1001 : Exported IO constraints
RUN-1001 : Exported Inst constraints
RUN-1002 : start command "start_timer"
TMR-2505 : Start building timing graph for model top.
TMR-2506 : Build timing graph completely. Port num: 22, tpin num: 9111, tnet num: 2190, tinst num: 1043, tnode num: 11279, tedge num: 15436.
TMR-2508 : Levelizing timing graph completed, there are 41 levels in total.
TMR-2501 : Timing graph initialized successfully.
RUN-1002 : start command "report_timing -mode FINAL -net_info -rpt_autogen true -file pic_sdram_phy.timing"
TMR-2503 : Start to update net delay, extr mode = 6.
TMR-2504 : Update delay of 2190 nets completely.
TMR-2502 : Annotate delay completely, extr mode = 6.
TMR-3001 : Initiate 5 clocks from SDC.
TMR-3004 : Map sdc constraints, there are 16 constraints in total.
TMR-3003 : Constraints initiated successfully.
TMR-3501 : Forward propagation: start to calculate arrival time...
TMR-3502 : Backward propagation: start to calculate required time...
TMR-3503 : Timing propagation completes.
TMR-3506 : Start to generate timing report.
TMR-1502 : Number of clock constraints = 5. Number of clock nets = 5 (0 unconstrainted).
TMR-3508 : Export timing summary.
TMR-3507 : Timing report generated successfully in pic_sdram_phy.timing, timing summary in pic_sdram_phy.tsm.
RUN-1002 : start command "export_bid pic_sdram_inst.bid"
PRG-1000 : <!-- HMAC is: d18c1203a58763787b67cba88cf768660eb6dbd82ff6db4d1e67d51cd47e863d -->
RUN-1002 : start command "bitgen -bit pic_sdram.bit"
BIT-1003 : Start to generate bitstream. 
BIT-1002 : Init instances with 16 threads.
BIT-1002 : Init instances completely, inst num: 1043
BIT-1002 : Init pips with 16 threads.
BIT-1002 : Init pips completely, net num: 2192, pip num: 20968
BIT-1002 : Init feedthrough completely, num: 8
BIT-1003 : Multithreading accelaration with 16 threads.
BIT-1003 : Generate bitstream completely, there are 1725 valid insts, and 60146 bits set as '1'.
BIT-1004 : the usercode register value: 00000000101110110000000000000000
BIT-1004 : PLL setting string = 0110
BIT-1004 : Generate bits file pic_sdram.bit.
RUN-1003 : finish command "bitgen -bit pic_sdram.bit" in  2.624035s wall, 19.718750s user + 0.078125s system = 19.796875s CPU (754.4%)

RUN-1004 : used memory is 533 MB, reserved memory is 511 MB, peak memory is 710 MB
RUN-1002 : start command "backup_run_log run.log ../.logs/phy_1/td_20231212_172227.log"
