============================================================
   Tang Dynasty, V5.6.71036
      Copyright (c) 2012-2023 Anlogic Inc.
   Executable = D:/Program/Anlogic/TD5.6.2/bin/td.exe
   Built at =   20:34:38 Mar 21 2023
   Run by =     28408
   Run Date =   Mon Dec 18 13:01:54 2023

   Run on =     DESKTOP-T1B5OP5
============================================================
RUN-1002 : start command "open_project pic_sdram.prj"
RUN-1001 : Print Global Property
RUN-1001 : ---------------------------------------------------------------
RUN-1001 :        Parameters        |  Settings  |  Default Values  |  Note  
RUN-1001 : ---------------------------------------------------------------
RUN-1001 :          message         |  standard  |     standard     |        
RUN-1001 :   mixed_pack_place_flow  |     on     |        on        |        
RUN-1001 :        qor_monitor       |    off     |       off        |        
RUN-1001 :        syn_ip_flow       |    off     |       off        |        
RUN-1001 :          thread          |    auto    |       auto       |        
RUN-1001 : ---------------------------------------------------------------
RUN-1001 : Print Design Property
RUN-1001 : --------------------------------------------------------------
RUN-1001 :        Parameters       |  Settings  |  Default Values  |  Note  
RUN-1001 : --------------------------------------------------------------
RUN-1001 :   default_reg_initial   |    auto    |       auto       |        
RUN-1001 :        infer_add        |     on     |        on        |        
RUN-1001 :        infer_fsm        |    off     |       off        |        
RUN-1001 :        infer_mult       |     on     |        on        |        
RUN-1001 :        infer_ram        |     on     |        on        |        
RUN-1001 :        infer_reg        |     on     |        on        |        
RUN-1001 :   infer_reg_init_value  |     on     |        on        |        
RUN-1001 :        infer_rom        |     on     |        on        |        
RUN-1001 :      infer_shifter      |     on     |        on        |        
RUN-1001 : --------------------------------------------------------------
RUN-1001 : Print Rtl Property
RUN-1001 : --------------------------------------------------------------
RUN-1001 :        Parameters       |  Settings  |  Default Values  |  Note  
RUN-1001 : --------------------------------------------------------------
RUN-1001 :       compress_add      |   ripple   |      ripple      |        
RUN-1001 :        elf_sload        |    off     |       off        |        
RUN-1001 :       fix_undriven      |     0      |        0         |        
RUN-1001 :         flatten         |    off     |       off        |        
RUN-1001 :       gate_sharing      |     on     |        on        |        
RUN-1001 :    hdl_warning_level    |   normal   |      normal      |        
RUN-1001 :   impl_internal_tribuf  |     on     |        on        |        
RUN-1001 :      impl_set_reset     |     on     |        on        |        
RUN-1001 :        infer_gsr        |    off     |       off        |        
RUN-1001 :      keep_hierarchy     |    auto    |       auto       |        
RUN-1001 :        max_fanout       |    9999    |       9999       |        
RUN-1001 :      max_oh2bin_len     |     10     |        10        |        
RUN-1001 :       merge_equal       |     on     |        on        |        
RUN-1001 :       merge_equiv       |     on     |        on        |        
RUN-1001 :        merge_mux        |    off     |       off        |        
RUN-1001 :     min_control_set     |     8      |        8         |        
RUN-1001 :      min_ripple_len     |    auto    |       auto       |        
RUN-1001 :       oh2bin_ratio      |    0.08    |       0.08       |        
RUN-1001 :     opt_adder_fanout    |     on     |        on        |        
RUN-1001 :        opt_arith        |     on     |        on        |        
RUN-1001 :       opt_big_gate      |    off     |       off        |        
RUN-1001 :        opt_const        |     on     |        on        |        
RUN-1001 :      opt_const_mult     |     on     |        on        |        
RUN-1001 :       opt_lessthan      |     on     |        on        |        
RUN-1001 :         opt_mux         |    off     |       off        |        
RUN-1001 :         opt_ram         |    high    |       high       |        
RUN-1001 :      rtl_sim_model      |    off     |       off        |        
RUN-1001 :         seq_syn         |     on     |        on        |        
RUN-1001 : --------------------------------------------------------------
HDL-1007 : analyze verilog file ../../al_ip/sys_pll.v
HDL-1007 : undeclared symbol 'open', assumed default net type 'wire' in ../../al_ip/sys_pll.v(77)
HDL-1007 : analyze verilog file ../../al_ip/video_pll.v
HDL-1007 : undeclared symbol 'open', assumed default net type 'wire' in ../../al_ip/video_pll.v(63)
HDL-1007 : analyze verilog file ../../al_ip/afifo_16_256.v
HDL-1007 : analyze verilog file ../../src/ax_debounce.v
HDL-1007 : analyze verilog file ../../src/bmp_read.v
HDL-1007 : analyze verilog file ../../src/color_bar.v
HDL-1007 : analyze included file ../../src/video_define.v in ../../src/color_bar.v(2)
HDL-1007 : back to file '../../src/color_bar.v' in ../../src/color_bar.v(2)
HDL-1007 : analyze verilog file ../../src/frame_fifo_read.v
HDL-1007 : analyze verilog file ../../src/frame_fifo_write.v
HDL-1007 : analyze verilog file ../../src/frame_read_write.v
HDL-1007 : analyze verilog file ../../src/sd_card/sd_card_cmd.v
HDL-1007 : analyze verilog file ../../src/sd_card/sd_card_sec_read_write.v
HDL-1007 : analyze verilog file ../../src/sd_card/sd_card_top.v
HDL-1007 : analyze verilog file ../../src/sd_card/spi_master.v
HDL-1007 : analyze verilog file ../../src/sd_card_bmp.v
HDL-1007 : analyze verilog file ../../src/seg_decoder.v
HDL-1007 : analyze verilog file ../../src/seg_scan.v
HDL-1007 : analyze verilog file ../../src/top.v
HDL-1007 : undeclared symbol 'sdram_clk', assumed default net type 'wire' in ../../src/top.v(102)
HDL-1007 : analyze verilog file ../../src/video_timing_data.v
HDL-1007 : analyze verilog file ../../src/sdram_r/sdram_para.v
HDL-1007 : analyze verilog file ../../src/sdram/enc_file/global_def.v
HDL-1007 : analyze verilog file ../../src/sdram/enc_file/sdr_as_ram.enc.v
Copyright (c) 1998-2019 The OpenSSL Project.  All rights reserved.
This product includes software developed by the OpenSSL Project
for use in the OpenSSL Toolkit (http://www.openssl.org/)
Copyright (C) 1995-1998 Eric Young (eay@cryptsoft.com)
All rights reserved.
This product includes cryptographic software written by Eric Young (eay@cryptsoft.com)
HDL-1007 : back to file '../../src/sdram/enc_file/sdr_as_ram.enc.v' in ../../src/sdram/enc_file/sdr_as_ram.enc.v(148)
HDL-1007 : analyze verilog file ../../src/sdram/enc_file/sdr_init_ref.enc.v
HDL-1007 : undeclared symbol '**', assumed default net type '**' in encrypted_text(0)
HDL-1007 : back to file '../../src/sdram/enc_file/sdr_init_ref.enc.v' in ../../src/sdram/enc_file/sdr_init_ref.enc.v(242)
HDL-5007 WARNING: concatenation with an unsized literal will be treated as 32 bits in encrypted_text(0)
HDL-1007 : analyze verilog file ../../src/sdram/enc_file/sdr_wrrd.enc.v
HDL-5007 WARNING: concatenation with an unsized literal will be treated as 32 bits in encrypted_text(0)
HDL-1007 : back to file '../../src/sdram/enc_file/sdr_wrrd.enc.v' in ../../src/sdram/enc_file/sdr_wrrd.enc.v(255)
HDL-1007 : analyze verilog file ../../src/sdram/sdram.v
HDL-1007 : analyze included file D:\Projects\2023_10_10_HX4S20_test\spi_FLASH_SDRAM_pic\HX4S20\/./src/sdram/enc_file/global_def.v in ../../src/sdram/sdram.v(10)
HDL-1007 : back to file '../../src/sdram/sdram.v' in ../../src/sdram/sdram.v(10)
HDL-1007 : undeclared symbol 'Sdr_busy', assumed default net type 'wire' in ../../src/sdram/sdram.v(63)
HDL-1007 : undeclared symbol 'SDR_CKE', assumed default net type 'wire' in ../../src/sdram/sdram.v(88)
RUN-1001 : Project manager successfully analyzed 25 source files.
RUN-1002 : start command "import_device eagle_s20.db -package EG4S20BG256"
ARC-1001 : Device Initialization.
ARC-1001 : ------------------------------------------------------------------
ARC-1001 :            OPTION            |          IO          |   SETTING   
ARC-1001 : ------------------------------------------------------------------
ARC-1001 :   cso_b/cclk/mosi/miso/dout  |  T3/R11/T10/P10/S11  |    gpio    
ARC-1001 :             done             |         P13          |    gpio    
ARC-1001 :           program_b          |          T2          |  dedicate  
ARC-1001 :        tdi/tms/tck/tdo       |   C12/A15/C14/E14    |  dedicate  
ARC-1001 : ------------------------------------------------------------------
ARC-1004 : Device setting, marked 5 dedicate IOs in total.
RUN-1002 : start command "import_db ../syn_1/pic_sdram_gate.db"
RUN-1001 : Importing database generated by Tang Dynasty, V5.6.71036.
RUN-1001 : Database version number 46146.
RUN-1001 : Import flow parameters
RUN-1001 : Import timing constraints
RUN-1001 : Import IO constraints
RUN-1001 : Import Inst constraints
RUN-1001 : Import design success TD_VERSION=5.6.71036 , DB_VERSION=46146
RUN-1002 : start command "read_sdc ../../top.sdc"
RUN-1002 : start command "get_ports clk"
RUN-1002 : start command "create_clock -name clk -period 20 -waveform 0 10 "
RUN-1102 : create_clock: clock name: clk, type: 0, period: 20000, rise: 0, fall: 10000.
RUN-1002 : start command "derive_pll_clocks"
USR-1002 : Gen clock cmd:  create_generated_clock -name {sys_pll_m0/pll_inst.clkc[0]} -source [get_ports {clk}] -master_clock {clk} -multiply_by 2.0000 [get_pins {sys_pll_m0/pll_inst.clkc[0]}]
RUN-1002 : start command "get_ports clk"
RUN-1002 : start command "get_pins sys_pll_m0/pll_inst.clkc[0]"
RUN-1002 : start command "create_generated_clock -name sys_pll_m0/pll_inst.clkc[0] -source  -master_clock clk -multiply_by 2.0000 "
USR-1002 : Gen clock cmd:  create_generated_clock -name {sys_pll_m0/pll_inst.clkc[1]} -source [get_ports {clk}] -master_clock {clk} -multiply_by 2.0000 [get_pins {sys_pll_m0/pll_inst.clkc[1]}]
RUN-1002 : start command "get_ports clk"
RUN-1002 : start command "get_pins sys_pll_m0/pll_inst.clkc[1]"
RUN-1002 : start command "create_generated_clock -name sys_pll_m0/pll_inst.clkc[1] -source  -master_clock clk -multiply_by 2.0000 "
USR-1002 : Gen clock cmd:  create_generated_clock -name {video_pll_m0/pll_inst.clkc[0]} -source [get_ports {clk}] -master_clock {clk} -divide_by 2.0000 [get_pins {video_pll_m0/pll_inst.clkc[0]}]
RUN-1002 : start command "get_ports clk"
RUN-1002 : start command "get_pins video_pll_m0/pll_inst.clkc[0]"
RUN-1002 : start command "create_generated_clock -name video_pll_m0/pll_inst.clkc[0] -source  -master_clock clk -divide_by 2.0000 "
RUN-1002 : start command "get_ports clk"
RUN-1002 : start command "get_pins sys_pll_m0/pll_inst.clkc[0]"
RUN-1002 : start command "rename_clock -name sd_card_clk -source  -master_clock clk "
RUN-1105 : Rename Clock: clock sys_pll_m0/pll_inst.clkc[0] was renamed, new name is sd_card_clk.
RUN-1002 : start command "get_ports clk"
RUN-1002 : start command "get_pins sys_pll_m0/pll_inst.clkc[1]"
RUN-1002 : start command "rename_clock -name ext_mem_clk -source  -master_clock clk "
RUN-1105 : Rename Clock: clock sys_pll_m0/pll_inst.clkc[1] was renamed, new name is ext_mem_clk.
RUN-1002 : start command "get_ports clk"
RUN-1002 : start command "get_pins sys_pll_m0/pll_inst.clkc[2]"
RUN-1002 : start command "rename_clock -name flash_sys_clk -source  -master_clock clk "
RUN-1107 : Rename Clock: new clock flash_sys_clk is created by rename_clock temporarily.
RUN-1002 : start command "get_ports clk"
RUN-1002 : start command "get_pins video_pll_m0/pll_inst.clkc[0]"
RUN-1002 : start command "rename_clock -name video_clk -source  -master_clock clk "
RUN-1105 : Rename Clock: clock video_pll_m0/pll_inst.clkc[0] was renamed, new name is video_clk.
RUN-1002 : start command "read_sdc -ip afifo_16_256 ../../al_ip/afifo_16_256.tcl"
RUN-1002 : start command "get_ports clkw"
RUN-1002 : start command "get_nets  clkw  "
RUN-1002 : start command "get_clocks -nowarn -of nets 8967891714048"
RUN-1002 : start command "get_ports clkr"
RUN-1002 : start command "get_nets  clkr  "
RUN-1002 : start command "get_clocks -nowarn -of nets 17952963297280"
RUN-1002 : start command "get_property -nowarn -max PERIOD "
RUN-1002 : start command "get_property -nowarn -max PERIOD "
RUN-1002 : start command "get_regs rd_to_wr_cross_inst/primary_addr_gray_reg[*]"
RUN-1002 : start command "get_regs rd_to_wr_cross_inst/sync_r1[*]"
RUN-1002 : start command "set_max_delay -from  -to  9.6999999999999993 -datapath_only"
RUN-1002 : start command "get_regs rd_to_wr_cross_inst/primary_addr_gray_reg[*]"
RUN-1002 : start command "get_regs rd_to_wr_cross_inst/sync_r1[*]"
RUN-1002 : start command "set_false_path -from  -to  -hold 9.6999999999999993"
USR-1002 : set_false_path -help -setup -hold -from <list> -rise_from <list> -fall_from <list> -to <list> -rise_to <list> -fall_to <list> -through <list>
RUN-1002 : start command "get_regs wr_to_rd_cross_inst/primary_addr_gray_reg[*]"
RUN-1002 : start command "get_regs wr_to_rd_cross_inst/sync_r1[*]"
RUN-1002 : start command "set_max_delay -from  -to  9.6999999999999993 -datapath_only"
RUN-1002 : start command "get_regs wr_to_rd_cross_inst/primary_addr_gray_reg[*]"
RUN-1002 : start command "get_regs wr_to_rd_cross_inst/sync_r1[*]"
RUN-1002 : start command "set_false_path -from  -to  -hold 9.6999999999999993"
USR-1002 : set_false_path -help -setup -hold -from <list> -rise_from <list> -fall_from <list> -to <list> -rise_to <list> -fall_to <list> -through <list>
RUN-1002 : start command "get_ports clkw"
RUN-1002 : start command "get_nets  clkw  "
RUN-1002 : start command "get_clocks -nowarn -of nets 24142011170816"
RUN-1002 : start command "get_ports clkr"
RUN-1002 : start command "get_nets  clkr  "
RUN-1002 : start command "get_clocks -nowarn -of nets 8967891714048"
RUN-1002 : start command "get_property -nowarn -max PERIOD "
RUN-1002 : start command "get_property -nowarn -max PERIOD "
RUN-1002 : start command "get_regs rd_to_wr_cross_inst/primary_addr_gray_reg[*]"
RUN-1002 : start command "get_regs rd_to_wr_cross_inst/sync_r1[*]"
RUN-1002 : start command "set_max_delay -from  -to  9.6999999999999993 -datapath_only"
RUN-1002 : start command "get_regs rd_to_wr_cross_inst/primary_addr_gray_reg[*]"
RUN-1002 : start command "get_regs rd_to_wr_cross_inst/sync_r1[*]"
RUN-1002 : start command "set_false_path -from  -to  -hold 9.6999999999999993"
USR-1002 : set_false_path -help -setup -hold -from <list> -rise_from <list> -fall_from <list> -to <list> -rise_to <list> -fall_to <list> -through <list>
RUN-1002 : start command "get_regs wr_to_rd_cross_inst/primary_addr_gray_reg[*]"
RUN-1002 : start command "get_regs wr_to_rd_cross_inst/sync_r1[*]"
RUN-1002 : start command "set_max_delay -from  -to  9.6999999999999993 -datapath_only"
RUN-1002 : start command "get_regs wr_to_rd_cross_inst/primary_addr_gray_reg[*]"
RUN-1002 : start command "get_regs wr_to_rd_cross_inst/sync_r1[*]"
RUN-1002 : start command "set_false_path -from  -to  -hold 9.6999999999999993"
USR-1002 : set_false_path -help -setup -hold -from <list> -rise_from <list> -fall_from <list> -to <list> -rise_to <list> -fall_to <list> -through <list>
RUN-1002 : start command "config_chipwatcher ../../A.cwc -dir "
RUN-1002 : start command "legalize_phy_inst"
SYN-1011 : Flatten model top
KIT-1004 : ChipWatcher: import watcher inst auto_chipwatcher_0 completed, there are 11 view nodes, 93 trigger nets, 93 data nets.
KIT-1004 : Chipwatcher code = 0001011001011100
RUN-1002 : start command "compile_watcher"
RUN-1002 : start command "read_verilog -no_sch -dir D:/Program/Anlogic/TD5.6.2/cw/ -file pic_sdram_watcherInst.sv -lib cw -top CW_TOP_WRAPPER"
HDL-1007 : analyze verilog file D:/Program/Anlogic/TD5.6.2/cw\bus_det.v
HDL-1007 : analyze verilog file D:/Program/Anlogic/TD5.6.2/cw\bus_top.sv
HDL-1007 : analyze verilog file D:/Program/Anlogic/TD5.6.2/cw\cfg_int.v
HDL-1007 : analyze verilog file D:/Program/Anlogic/TD5.6.2/cw\cwc_cfg_int.v
HDL-1007 : analyze verilog file D:/Program/Anlogic/TD5.6.2/cw\cwc_top.sv
HDL-1007 : analyze verilog file D:/Program/Anlogic/TD5.6.2/cw\detect_bus.v
HDL-1007 : analyze verilog file D:/Program/Anlogic/TD5.6.2/cw\detect_non_bus.v
HDL-1007 : analyze verilog file D:/Program/Anlogic/TD5.6.2/cw\emb_ctrl.v
HDL-1007 : analyze verilog file D:/Program/Anlogic/TD5.6.2/cw\register.v
HDL-1007 : analyze verilog file D:/Program/Anlogic/TD5.6.2/cw\tap.v
HDL-1007 : analyze verilog file D:/Program/Anlogic/TD5.6.2/cw\trigger.sv
HDL-1007 : analyze verilog file pic_sdram_watcherInst.sv
HDL-1007 : elaborate module CW_TOP_WRAPPER in pic_sdram_watcherInst.sv(1)
HDL-1007 : elaborate module cwc_top(BUS_NUM=11,BUS_DIN_NUM=93,BUS_CTRL_NUM=230,BUS_WIDTH='{32'sb01,32'sb01,32'sb0101,32'sb0110,32'sb0101,32'sb01010,32'sb01,32'sb01010,32'sb010101,32'sb01,32'sb0100000},BUS_DIN_POS='{32'sb0,32'sb01,32'sb010,32'sb0111,32'sb01101,32'sb010010,32'sb011100,32'sb011101,32'sb0100111,32'sb0111100,32'sb0111101},BUS_CTRL_POS='{32'sb0,32'sb0110,32'sb01100,32'sb011010,32'sb0101010,32'sb0111000,32'sb01010000,32'sb01010110,32'sb01101110,32'sb010011100,32'sb010100010}) in D:/Program/Anlogic/TD5.6.2/cw\cwc_top.sv(21)
HDL-1007 : elaborate module cwc_cfg_int(CTRL_REG_LEN=252) in D:/Program/Anlogic/TD5.6.2/cw\cwc_cfg_int.v(21)
HDL-1007 : elaborate module register(CTRL_REG_LEN=252) in D:/Program/Anlogic/TD5.6.2/cw\register.v(21)
HDL-1007 : elaborate module tap in D:/Program/Anlogic/TD5.6.2/cw\tap.v(21)
HDL-1007 : elaborate module trigger(BUS_NUM=11,BUS_DIN_NUM=93,BUS_CTRL_NUM=230,BUS_WIDTH='{32'sb01,32'sb01,32'sb0101,32'sb0110,32'sb0101,32'sb01010,32'sb01,32'sb01010,32'sb010101,32'sb01,32'sb0100000},BUS_DIN_POS='{32'sb0,32'sb01,32'sb010,32'sb0111,32'sb01101,32'sb010010,32'sb011100,32'sb011101,32'sb0100111,32'sb0111100,32'sb0111101},BUS_CTRL_POS='{32'sb0,32'sb0110,32'sb01100,32'sb011010,32'sb0101010,32'sb0111000,32'sb01010000,32'sb01010110,32'sb01101110,32'sb010011100,32'sb010100010}) in D:/Program/Anlogic/TD5.6.2/cw\trigger.sv(21)
HDL-1007 : elaborate module bus_top(BUS_NODE_NUM=11,BUS_DIN_NUM=93,BUS_CTRL_NUM=230,BUS_WIDTH='{32'sb01,32'sb01,32'sb0101,32'sb0110,32'sb0101,32'sb01010,32'sb01,32'sb01010,32'sb010101,32'sb01,32'sb0100000},BUS_DIN_POS='{32'sb0,32'sb01,32'sb010,32'sb0111,32'sb01101,32'sb010010,32'sb011100,32'sb011101,32'sb0100111,32'sb0111100,32'sb0111101},BUS_CTRL_POS='{32'sb0,32'sb0110,32'sb01100,32'sb011010,32'sb0101010,32'sb0111000,32'sb01010000,32'sb01010110,32'sb01101110,32'sb010011100,32'sb010100010}) in D:/Program/Anlogic/TD5.6.2/cw\bus_top.sv(22)
HDL-1007 : elaborate module bus_det(BUS_WIDTH=32'sb01) in D:/Program/Anlogic/TD5.6.2/cw\bus_det.v(21)
HDL-1007 : elaborate module bus_det(BUS_WIDTH=32'sb0101) in D:/Program/Anlogic/TD5.6.2/cw\bus_det.v(21)
HDL-1007 : elaborate module bus_det(BUS_WIDTH=32'sb0110) in D:/Program/Anlogic/TD5.6.2/cw\bus_det.v(21)
HDL-1007 : elaborate module bus_det(BUS_WIDTH=32'sb01010) in D:/Program/Anlogic/TD5.6.2/cw\bus_det.v(21)
HDL-1007 : elaborate module bus_det(BUS_WIDTH=32'sb010101) in D:/Program/Anlogic/TD5.6.2/cw\bus_det.v(21)
HDL-1007 : elaborate module bus_det(BUS_WIDTH=32'sb0100000) in D:/Program/Anlogic/TD5.6.2/cw\bus_det.v(21)
HDL-1007 : elaborate module emb_ctrl in D:/Program/Anlogic/TD5.6.2/cw\emb_ctrl.v(21)
HDL-1200 : Current top model is CW_TOP_WRAPPER
HDL-1100 : Inferred 0 RAMs.
RUN-1002 : start command "force_keep -a auto_chipwatcher_0_logicbram"
RUN-1002 : start command "optimize_rtl -no_sch"
RUN-1001 : Open license file D:/Program/Anlogic/TD5.6.2/license/Anlogic.lic
RUN-1001 : Print Global Property
RUN-1001 : ---------------------------------------------------------------
RUN-1001 :        Parameters        |  Settings  |  Default Values  |  Note  
RUN-1001 : ---------------------------------------------------------------
RUN-1001 :          message         |  standard  |     standard     |        
RUN-1001 :   mixed_pack_place_flow  |     on     |        on        |        
RUN-1001 :        qor_monitor       |    off     |       off        |        
RUN-1001 :        syn_ip_flow       |    off     |       off        |        
RUN-1001 :          thread          |    auto    |       auto       |        
RUN-1001 : ---------------------------------------------------------------
RUN-1001 : Print Rtl Property
RUN-1001 : --------------------------------------------------------------
RUN-1001 :        Parameters       |  Settings  |  Default Values  |  Note  
RUN-1001 : --------------------------------------------------------------
RUN-1001 :       compress_add      |   ripple   |      ripple      |        
RUN-1001 :        elf_sload        |    off     |       off        |        
RUN-1001 :       fix_undriven      |     0      |        0         |        
RUN-1001 :         flatten         |    off     |       off        |        
RUN-1001 :       gate_sharing      |     on     |        on        |        
RUN-1001 :    hdl_warning_level    |   normal   |      normal      |        
RUN-1001 :   impl_internal_tribuf  |     on     |        on        |        
RUN-1001 :      impl_set_reset     |     on     |        on        |        
RUN-1001 :        infer_gsr        |    off     |       off        |        
RUN-1001 :      keep_hierarchy     |    auto    |       auto       |        
RUN-1001 :        max_fanout       |    9999    |       9999       |        
RUN-1001 :      max_oh2bin_len     |     10     |        10        |        
RUN-1001 :       merge_equal       |     on     |        on        |        
RUN-1001 :       merge_equiv       |     on     |        on        |        
RUN-1001 :        merge_mux        |    off     |       off        |        
RUN-1001 :     min_control_set     |     8      |        8         |        
RUN-1001 :      min_ripple_len     |    auto    |       auto       |        
RUN-1001 :       oh2bin_ratio      |    0.08    |       0.08       |        
RUN-1001 :     opt_adder_fanout    |     on     |        on        |        
RUN-1001 :        opt_arith        |     on     |        on        |        
RUN-1001 :       opt_big_gate      |    off     |       off        |        
RUN-1001 :        opt_const        |     on     |        on        |        
RUN-1001 :      opt_const_mult     |     on     |        on        |        
RUN-1001 :       opt_lessthan      |     on     |        on        |        
RUN-1001 :         opt_mux         |    off     |       off        |        
RUN-1001 :         opt_ram         |    high    |       high       |        
RUN-1001 :      rtl_sim_model      |    off     |       off        |        
RUN-1001 :         seq_syn         |     on     |        on        |        
RUN-1001 : --------------------------------------------------------------
SYN-1012 : SanityCheck: Model "top"
SYN-1012 : SanityCheck: Model "CW_TOP_WRAPPER"
SYN-1012 : SanityCheck: Model "cwc_top(BUS_NUM=11,BUS_DIN_NUM=93,BUS_CTRL_NUM=230,BUS_WIDTH='{32'sb01,32'sb01,32'sb0101,32'sb0110,32'sb0101,32'sb01010,32'sb01,32'sb01010,32'sb010101,32'sb01,32'sb0100000},BUS_DIN_POS='{32'sb0,32'sb01,32'sb010,32'sb0111,32'sb01101,32'sb010010,32'sb011100,32'sb011101,32'sb0100111,32'sb0111100,32'sb0111101},BUS_CTRL_POS='{32'sb0,32'sb0110,32'sb01100,32'sb011010,32'sb0101010,32'sb0111000,32'sb01010000,32'sb01010110,32'sb01101110,32'sb010011100,32'sb010100010})"
SYN-1012 : SanityCheck: Model "cwc_cfg_int(CTRL_REG_LEN=252)"
SYN-1012 : SanityCheck: Model "register(CTRL_REG_LEN=252)"
SYN-1012 : SanityCheck: Model "tap"
SYN-1012 : SanityCheck: Model "trigger(BUS_NUM=11,BUS_DIN_NUM=93,BUS_CTRL_NUM=230,BUS_WIDTH='{32'sb01,32'sb01,32'sb0101,32'sb0110,32'sb0101,32'sb01010,32'sb01,32'sb01010,32'sb010101,32'sb01,32'sb0100000},BUS_DIN_POS='{32'sb0,32'sb01,32'sb010,32'sb0111,32'sb01101,32'sb010010,32'sb011100,32'sb011101,32'sb0100111,32'sb0111100,32'sb0111101},BUS_CTRL_POS='{32'sb0,32'sb0110,32'sb01100,32'sb011010,32'sb0101010,32'sb0111000,32'sb01010000,32'sb01010110,32'sb01101110,32'sb010011100,32'sb010100010})"
SYN-1012 : SanityCheck: Model "bus_top(BUS_NODE_NUM=11,BUS_DIN_NUM=93,BUS_CTRL_NUM=230,BUS_WIDTH='{32'sb01,32'sb01,32'sb0101,32'sb0110,32'sb0101,32'sb01010,32'sb01,32'sb01010,32'sb010101,32'sb01,32'sb0100000},BUS_DIN_POS='{32'sb0,32'sb01,32'sb010,32'sb0111,32'sb01101,32'sb010010,32'sb011100,32'sb011101,32'sb0100111,32'sb0111100,32'sb0111101},BUS_CTRL_POS='{32'sb0,32'sb0110,32'sb01100,32'sb011010,32'sb0101010,32'sb0111000,32'sb01010000,32'sb01010110,32'sb01101110,32'sb010011100,32'sb010100010})"
SYN-1012 : SanityCheck: Model "bus_det(BUS_WIDTH=32'sb01)"
SYN-1012 : SanityCheck: Model "bus_det(BUS_WIDTH=32'sb0100000)"
SYN-1012 : SanityCheck: Model "bus_det(BUS_WIDTH=32'sb0101)"
SYN-1012 : SanityCheck: Model "bus_det(BUS_WIDTH=32'sb0110)"
SYN-1012 : SanityCheck: Model "bus_det(BUS_WIDTH=32'sb01010)"
SYN-1012 : SanityCheck: Model "bus_det(BUS_WIDTH=32'sb010101)"
SYN-1012 : SanityCheck: Model "emb_ctrl"
SYN-1011 : Flatten model top
SYN-1032 : 5687/49 useful/useless nets, 3889/26 useful/useless insts
SYN-1016 : Merged 53 instances.
SYN-1032 : 5095/8 useful/useless nets, 4606/8 useful/useless insts
SYN-1014 : Optimize round 1
SYN-1032 : 5079/16 useful/useless nets, 4594/12 useful/useless insts
SYN-1021 : Optimized 7 onehot mux instances.
SYN-1020 : Optimized 1 distributor mux.
SYN-1019 : Optimized 7 mux instances.
SYN-1015 : Optimize round 1, 743 better
SYN-1014 : Optimize round 2
SYN-1032 : 4441/105 useful/useless nets, 3956/112 useful/useless insts
SYN-1015 : Optimize round 2, 224 better
SYN-1014 : Optimize round 1
SYN-1015 : Optimize round 1, 0 better
RUN-1002 : start command "optimize_gate -no_sch"
RUN-1001 : Open license file D:/Program/Anlogic/TD5.6.2/license/Anlogic.lic
RUN-1001 : Print Global Property
RUN-1001 : ---------------------------------------------------------------
RUN-1001 :        Parameters        |  Settings  |  Default Values  |  Note  
RUN-1001 : ---------------------------------------------------------------
RUN-1001 :          message         |  standard  |     standard     |        
RUN-1001 :   mixed_pack_place_flow  |     on     |        on        |        
RUN-1001 :        qor_monitor       |    off     |       off        |        
RUN-1001 :        syn_ip_flow       |    off     |       off        |        
RUN-1001 :          thread          |    auto    |       auto       |        
RUN-1001 : ---------------------------------------------------------------
RUN-1001 : Print Gate Property
RUN-1001 : ------------------------------------------------------------------
RUN-1001 :          Parameters         |  Settings  |  Default Values  |  Note  
RUN-1001 : ------------------------------------------------------------------
RUN-1001 :         cascade_dsp         |    off     |       off        |        
RUN-1001 :         cascade_eram        |    off     |       off        |        
RUN-1001 :        gate_sim_model       |    off     |       off        |        
RUN-1001 :        map_sim_model        |    off     |       off        |        
RUN-1001 :         map_strategy        |     1      |        1         |        
RUN-1001 :           opt_area          |   medium   |      medium      |        
RUN-1001 :          opt_timing         |    auto    |       auto       |        
RUN-1001 :         pack_effort         |   medium   |      medium      |        
RUN-1001 :      pack_lslice_ripple     |     on     |        on        |        
RUN-1001 :   pack_lslice_ripple_ratio  |    0.5     |       0.5        |        
RUN-1001 :        pack_seq_in_io       |    auto    |       auto       |        
RUN-1001 :        ph1_mux_ratio        |    1.0     |       1.0        |        
RUN-1001 :            report           |  standard  |     standard     |        
RUN-1001 :           retiming          |    off     |       off        |        
RUN-1001 : ------------------------------------------------------------------
SYN-2001 : Map 47 IOs to PADs
RUN-1002 : start command "update_pll_param -module top"
SYN-2501 : Processed 0 LOGIC_BUF instances.
SYN-2512 : LOGIC BRAM "auto_chipwatcher_0_logicbram"
SYN-2571 : Optimize after map_dsp, round 1
SYN-2571 : Optimize after map_dsp, round 1, 0 better
SYN-1001 : Throwback 3 control mux instances
SYN-2501 : Optimize round 1
SYN-1016 : Merged 89 instances.
SYN-2501 : Optimize round 1, 180 better
SYN-2501 : Optimize round 2
SYN-2501 : Optimize round 2, 0 better
SYN-2501 : Map 24 macro adder
SYN-1019 : Optimized 29 mux instances.
SYN-1016 : Merged 15 instances.
SYN-1032 : 5230/2 useful/useless nets, 4755/1 useful/useless insts
RUN-1002 : start command "start_timer -prepack"
TMR-2505 : Start building timing graph for model top.
TMR-2506 : Build timing graph completely. Port num: 22, tpin num: 19485, tnet num: 5230, tinst num: 4754, tnode num: 25474, tedge num: 29735.
TMR-2508 : Levelizing timing graph completed, there are 85 levels in total.
TMR-2501 : Timing graph initialized successfully.
TMR-2503 : Start to update net delay, extr mode = 2.
TMR-2504 : Update delay of 5230 nets completely.
TMR-2502 : Annotate delay completely, extr mode = 2.
TMR-3001 : Initiate 4 clocks from SDC.
TMR-3004 : Map sdc constraints, there are 8 constraints in total.
TMR-3003 : Constraints initiated successfully.
TMR-3501 : Forward propagation: start to calculate arrival time...
TMR-3502 : Backward propagation: start to calculate required time...
TMR-3503 : Timing propagation completes.
SYN-3001 : Running gate level optimization.
SYN-2581 : Mapping with K=5, #lut = 410 (3.22), #lev = 8 (1.58)
SYN-2551 : Post LUT mapping optimization.
SYN-2581 : Mapping with K=5, #lut = 411 (3.24), #lev = 7 (1.58)
SYN-3001 : Logic optimization runtime opt =   0.03 sec, map =   0.00 sec
SYN-3001 : Mapper mapped 897 instances into 411 LUTs, name keeping = 67%.
SYN-1001 : Packing model "top" ...
SYN-4010 : Pack lib has 58 rtl pack models with 25 top pack blocks
SYN-1014 : Optimize round 1
SYN-1015 : Optimize round 1, 0 better
SYN-4002 : Packing 716 DFF/LATCH to SEQ ...
SYN-4009 : Pack 8 carry chain into lslice
SYN-4007 : Packing 242 adder to BLE ...
SYN-4008 : Packed 242 adder and 0 SEQ to BLE.
SYN-4007 : Packing 0 gate4 to BLE ...
SYN-4008 : Packed 0 gate4 and 0 SEQ to BLE.
SYN-4012 : Packed 0 FxMUX
RUN-1003 : finish command "optimize_gate -no_sch" in  1.127891s wall, 0.593750s user + 0.015625s system = 0.609375s CPU (54.0%)

RUN-1004 : used memory is 167 MB, reserved memory is 139 MB, peak memory is 213 MB
RUN-1002 : start command "legalize_phy_inst"
SYN-1011 : Flatten model top
KIT-1004 : Compile Chipwatcher: Clear obsolete physical data.
RUN-1003 : finish command "compile_watcher" in  2.161616s wall, 1.093750s user + 0.031250s system = 1.125000s CPU (52.0%)

RUN-1004 : used memory is 167 MB, reserved memory is 139 MB, peak memory is 213 MB
RUN-1002 : start command "place"
RUN-1001 : Open license file D:/Program/Anlogic/TD5.6.2/license/Anlogic.lic
RUN-1001 : Print Global Property
RUN-1001 : ---------------------------------------------------------------
RUN-1001 :        Parameters        |  Settings  |  Default Values  |  Note  
RUN-1001 : ---------------------------------------------------------------
RUN-1001 :          message         |  standard  |     standard     |        
RUN-1001 :   mixed_pack_place_flow  |     on     |        on        |        
RUN-1001 :        qor_monitor       |    off     |       off        |        
RUN-1001 :        syn_ip_flow       |    off     |       off        |        
RUN-1001 :          thread          |    auto    |       auto       |        
RUN-1001 : ---------------------------------------------------------------
RUN-1001 : Print Place Property
RUN-1001 : --------------------------------------------------------------
RUN-1001 :        Parameters       |  Settings  |  Default Values  |  Note  
RUN-1001 : --------------------------------------------------------------
RUN-1001 :      detailed_place     |     on     |        on        |        
RUN-1001 :          effort         |   medium   |      medium      |        
RUN-1001 :         fix_hold        |    off     |       off        |        
RUN-1001 :       legalization      |    ori     |       ori        |        
RUN-1001 :      new_spreading      |     on     |        on        |        
RUN-1001 :        opt_timing       |   medium   |      medium      |        
RUN-1001 :   post_clock_route_opt  |    off     |       off        |        
RUN-1001 :       pr_strategy       |     1      |        1         |        
RUN-1001 :        relaxation       |    1.00    |       1.00       |        
RUN-1001 :         retiming        |    off     |       off        |        
RUN-1001 : --------------------------------------------------------------
PHY-3001 : Placer runs in 16 thread(s).
RUN-1002 : start command "legalize_phy_inst"
SYN-1011 : Flatten model top
SYN-5055 WARNING: The kept net frame_read_write_m0/frame_fifo_read_m0/App_rd_en_d0 will be merged to another kept net U3/App_rd_en
SYN-5055 WARNING: The kept net U3/u2_ram/u2_wrrd/App_rd_en will be merged to another kept net U3/App_rd_en
SYN-5055 WARNING: The kept net frame_read_write_m0/Sdr_rd_dout[15] will be merged to another kept net U3/Sdr_rd_dout[15]
SYN-5055 WARNING: The kept net frame_read_write_m0/Sdr_rd_dout[14] will be merged to another kept net U3/Sdr_rd_dout[14]
SYN-5055 WARNING: The kept net frame_read_write_m0/Sdr_rd_dout[13] will be merged to another kept net U3/Sdr_rd_dout[13]
SYN-5055 WARNING: The kept net frame_read_write_m0/Sdr_rd_dout[12] will be merged to another kept net U3/Sdr_rd_dout[12]
SYN-5055 WARNING: The kept net frame_read_write_m0/Sdr_rd_dout[11] will be merged to another kept net U3/Sdr_rd_dout[11]
SYN-5055 WARNING: The kept net frame_read_write_m0/Sdr_rd_dout[10] will be merged to another kept net U3/Sdr_rd_dout[10]
SYN-5055 WARNING: The kept net frame_read_write_m0/Sdr_rd_dout[9] will be merged to another kept net U3/Sdr_rd_dout[9]
SYN-5055 WARNING: The kept net frame_read_write_m0/Sdr_rd_dout[8] will be merged to another kept net U3/Sdr_rd_dout[8]
SYN-5055 Similar messages will be suppressed.
RUN-1002 : start command "phys_opt -simplify_lut"
SYN-1032 : 4203/1 useful/useless nets, 3712/0 useful/useless insts
SYN-4016 : Net frame_read_write_m0/write_buf/clkw driven by BUFG (429 clock/control pins, 1 other pins).
SYN-4016 : Net frame_read_write_m0/read_buf/clkr driven by BUFG (114 clock/control pins, 1 other pins).
SYN-4016 : Net config_inst_syn_10 driven by BUFG (521 clock/control pins, 0 other pins).
SYN-4027 : Net U3/u2_ram/SDRAM_CLK is clkc1 of pll sys_pll_m0/pll_inst.
SYN-4019 : Net clk_dup_1 is refclk of pll sys_pll_m0/pll_inst.
SYN-4020 : Net clk_dup_1 is fbclk of pll sys_pll_m0/pll_inst.
SYN-4019 : Net clk_dup_1 is refclk of pll video_pll_m0/pll_inst.
SYN-4020 : Net clk_dup_1 is fbclk of pll video_pll_m0/pll_inst.
SYN-4025 : Tag rtl::Net U3/u2_ram/SDRAM_CLK as clock net
SYN-4025 : Tag rtl::Net clk_dup_1 as clock net
SYN-4025 : Tag rtl::Net config_inst_syn_10 as clock net
SYN-4025 : Tag rtl::Net frame_read_write_m0/read_buf/clkr as clock net
SYN-4025 : Tag rtl::Net frame_read_write_m0/write_buf/clkw as clock net
SYN-4026 : Tagged 5 rtl::Net as clock net
PHY-1001 : Populate physical database on model top.
RUN-1001 : There are total 3712 instances
RUN-0007 : 1440 luts, 1756 seqs, 271 mslices, 122 lslices, 102 pads, 13 brams, 0 dsps
RUN-1001 : There are total 4203 nets
RUN-1001 : 2609 nets have 2 pins
RUN-1001 : 1276 nets have [3 - 5] pins
RUN-1001 : 194 nets have [6 - 10] pins
RUN-1001 : 70 nets have [11 - 20] pins
RUN-1001 : 43 nets have [21 - 99] pins
RUN-1001 : 11 nets have 100+ pins
RUN-1001 : Report Control nets information:
RUN-1001 : DFF Distribution
RUN-1001 : ----------------------------------
RUN-1001 :   CE   |  SSR  |  ASR  |  DFF Count  
RUN-1001 : ----------------------------------
RUN-1001 :   No   |  No   |  No   |     257     
RUN-1001 :   No   |  No   |  Yes  |     681     
RUN-1001 :   No   |  Yes  |  No   |     65      
RUN-1001 :   Yes  |  No   |  No   |     16      
RUN-1001 :   Yes  |  No   |  Yes  |     719     
RUN-1001 :   Yes  |  Yes  |  No   |     18      
RUN-1001 : ----------------------------------
RUN-0007 : Control Group Statistic
RUN-0007 : ---------------------------
RUN-0007 :   #CLK  |  #CE  |  #SSR/ASR  
RUN-0007 : ---------------------------
RUN-0007 :    5    |  24   |     11     
RUN-0007 : ---------------------------
RUN-0007 : Control Set = 39
PHY-3001 : Initial placement ...
PHY-3001 : design contains 3710 instances, 1440 luts, 1756 seqs, 393 slices, 59 macros(393 instances: 271 mslices 122 lslices)
PHY-0007 : Cell area utilization is 11%
PHY-3001 : Start timing update ...
RUN-1002 : start command "start_timer -report"
TMR-2505 : Start building timing graph for model top.
TMR-2506 : Build timing graph completely. Port num: 22, tpin num: 17224, tnet num: 4201, tinst num: 3710, tnode num: 23244, tedge num: 27582.
TMR-2508 : Levelizing timing graph completed, there are 45 levels in total.
TMR-2501 : Timing graph initialized successfully.
TMR-2503 : Start to update net delay, extr mode = 2.
TMR-2504 : Update delay of 4201 nets completely.
TMR-2502 : Annotate delay completely, extr mode = 2.
TMR-3001 : Initiate 4 clocks from SDC.
TMR-3004 : Map sdc constraints, there are 8 constraints in total.
TMR-3003 : Constraints initiated successfully.
TMR-3501 : Forward propagation: start to calculate arrival time...
TMR-3502 : Backward propagation: start to calculate required time...
TMR-3503 : Timing propagation completes.
PHY-3001 : End timing update;  0.527722s wall, 0.281250s user + 0.000000s system = 0.281250s CPU (53.3%)

PHY-3001 : Global placement ...
PHY-3001 : Initial: Len = 986652
PHY-3001 : Clustering ...
PHY-3001 : Level 0 #clusters 3710.
PHY-3001 : End clustering;  0.000009s wall, 0.000000s user + 0.000000s system = 0.000000s CPU (n/a%)

PHY-3001 : Run with size of 4
PHY-3001 : Cell area utilization is 11%
PHY-3001 : :::0::: Try harder cell spreading with beta_ = 0
PHY-3002 : Step(1): len = 821536, overlap = 27
PHY-3002 : Step(2): len = 703012, overlap = 27
PHY-3002 : Step(3): len = 628647, overlap = 29.25
PHY-3002 : Step(4): len = 564363, overlap = 29.25
PHY-3002 : Step(5): len = 491543, overlap = 30.1875
PHY-3002 : Step(6): len = 428681, overlap = 29.3125
PHY-3002 : Step(7): len = 385391, overlap = 27.3125
PHY-3002 : Step(8): len = 338452, overlap = 28.5625
PHY-3002 : Step(9): len = 294375, overlap = 31.4688
PHY-3002 : Step(10): len = 268016, overlap = 33.625
PHY-3002 : Step(11): len = 242975, overlap = 37.1562
PHY-3002 : Step(12): len = 221166, overlap = 36.4688
PHY-3002 : Step(13): len = 205177, overlap = 39.5312
PHY-3002 : Step(14): len = 185858, overlap = 39.9688
PHY-3002 : Step(15): len = 175962, overlap = 41.9062
PHY-3002 : Step(16): len = 163290, overlap = 46.9375
PHY-3002 : Step(17): len = 155183, overlap = 51.6562
PHY-3002 : Step(18): len = 146701, overlap = 57.375
PHY-3001 : :::1::: Try harder cell spreading with beta_ = 0.000142959
PHY-3002 : Step(19): len = 147318, overlap = 55.4688
PHY-3002 : Step(20): len = 146272, overlap = 57.3438
PHY-3002 : Step(21): len = 145785, overlap = 53.6562
PHY-3002 : Step(22): len = 142124, overlap = 51.5625
PHY-3002 : Step(23): len = 141400, overlap = 51.6562
PHY-3002 : Step(24): len = 138808, overlap = 52.3125
PHY-3002 : Step(25): len = 137317, overlap = 50.3438
PHY-3002 : Step(26): len = 135004, overlap = 54.9062
PHY-3002 : Step(27): len = 133552, overlap = 59.7188
PHY-3002 : Step(28): len = 132114, overlap = 62.7812
PHY-3002 : Step(29): len = 127985, overlap = 58.6562
PHY-3002 : Step(30): len = 122991, overlap = 49.5312
PHY-3002 : Step(31): len = 121654, overlap = 50.7812
PHY-3002 : Step(32): len = 119332, overlap = 53
PHY-3002 : Step(33): len = 119079, overlap = 54.875
PHY-3002 : Step(34): len = 118433, overlap = 52.8438
PHY-3001 : :::2::: Try harder cell spreading with beta_ = 0.000285918
PHY-3002 : Step(35): len = 118037, overlap = 55.0938
PHY-3002 : Step(36): len = 117514, overlap = 55.1875
PHY-3002 : Step(37): len = 116881, overlap = 59.625
PHY-3001 : :::3::: Try harder cell spreading with beta_ = 0.000571835
PHY-3002 : Step(38): len = 116917, overlap = 59.5625
PHY-3002 : Step(39): len = 116848, overlap = 57.3125
PHY-3001 : :::4::: Try harder cell spreading with beta_ = 0.00114367
PHY-3002 : Step(40): len = 116529, overlap = 61.3438
PHY-3002 : Step(41): len = 116434, overlap = 58.9688
PHY-3001 : :::5::: Try harder cell spreading with beta_ = 0.00209869
PHY-3002 : Step(42): len = 116409, overlap = 58.9688
PHY-3002 : Step(43): len = 116339, overlap = 61.2188
PHY-3001 : Legalization ...
PHY-3001 : End legalization;  0.005883s wall, 0.000000s user + 0.000000s system = 0.000000s CPU (n/a%)

PHY-3001 : Run with size of 4
PHY-3001 : Cell area utilization is 14%
PHY-3001 : Update timing in Manhattan mode ...
TMR-2503 : Start to update net delay, extr mode = 3.
TMR-2504 : Update delay of 4201 nets completely.
TMR-2502 : Annotate delay completely, extr mode = 3.
TMR-3501 : Forward propagation: start to calculate arrival time...
TMR-3502 : Backward propagation: start to calculate required time...
TMR-3503 : Timing propagation completes.
PHY-3001 : End timing update;  0.080332s wall, 0.046875s user + 0.000000s system = 0.046875s CPU (58.4%)

PHY-3001 : :::0::: Try harder cell spreading with beta_ = 1.43458e-05
PHY-3002 : Step(44): len = 118316, overlap = 81.625
PHY-3002 : Step(45): len = 118432, overlap = 81.5312
PHY-3002 : Step(46): len = 116088, overlap = 79.0625
PHY-3002 : Step(47): len = 115501, overlap = 81.3125
PHY-3002 : Step(48): len = 113821, overlap = 82.9688
PHY-3002 : Step(49): len = 113042, overlap = 82.9375
PHY-3002 : Step(50): len = 110992, overlap = 83.3438
PHY-3002 : Step(51): len = 109319, overlap = 82.75
PHY-3002 : Step(52): len = 107780, overlap = 85.25
PHY-3002 : Step(53): len = 106141, overlap = 82.7812
PHY-3002 : Step(54): len = 104959, overlap = 84.4375
PHY-3002 : Step(55): len = 103811, overlap = 90.2812
PHY-3002 : Step(56): len = 102695, overlap = 92.6875
PHY-3002 : Step(57): len = 101042, overlap = 86.5625
PHY-3002 : Step(58): len = 99990.8, overlap = 92.8125
PHY-3002 : Step(59): len = 98989.1, overlap = 94.9688
PHY-3002 : Step(60): len = 98114.1, overlap = 94.2812
PHY-3002 : Step(61): len = 97184.1, overlap = 83
PHY-3001 : :::1::: Try harder cell spreading with beta_ = 2.86916e-05
PHY-3002 : Step(62): len = 96829.3, overlap = 82.3438
PHY-3002 : Step(63): len = 96918.5, overlap = 81.4688
PHY-3001 : :::2::: Try harder cell spreading with beta_ = 5.73832e-05
PHY-3002 : Step(64): len = 97326.6, overlap = 78.9375
PHY-3002 : Step(65): len = 97694.3, overlap = 78.5312
PHY-3002 : Step(66): len = 100691, overlap = 69.25
PHY-3002 : Step(67): len = 102435, overlap = 64.1875
PHY-3002 : Step(68): len = 101364, overlap = 62.2812
PHY-3002 : Step(69): len = 101041, overlap = 61.375
PHY-3001 : :::3::: Try harder cell spreading with beta_ = 0.000114766
PHY-3002 : Step(70): len = 100596, overlap = 60.9688
PHY-3002 : Step(71): len = 100514, overlap = 60.0625
PHY-3001 : :::4::: Try harder cell spreading with beta_ = 0.000229533
PHY-3002 : Step(72): len = 101350, overlap = 57.8125
PHY-3002 : Step(73): len = 101753, overlap = 55.4062
PHY-3002 : Step(74): len = 101680, overlap = 53.4062
PHY-3002 : Step(75): len = 101819, overlap = 52.5938
PHY-3002 : Step(76): len = 101790, overlap = 52.625
PHY-3001 : Run with size of 2
PHY-3001 : Cell area utilization is 14%
PHY-3001 : Update timing in Manhattan mode ...
TMR-2503 : Start to update net delay, extr mode = 3.
TMR-2504 : Update delay of 4201 nets completely.
TMR-2502 : Annotate delay completely, extr mode = 3.
TMR-3501 : Forward propagation: start to calculate arrival time...
TMR-3502 : Backward propagation: start to calculate required time...
TMR-3503 : Timing propagation completes.
PHY-3001 : End timing update;  0.078842s wall, 0.031250s user + 0.015625s system = 0.046875s CPU (59.5%)

PHY-3001 : :::0::: Try harder cell spreading with beta_ = 6.46351e-05
PHY-3002 : Step(77): len = 101523, overlap = 140.406
PHY-3002 : Step(78): len = 101928, overlap = 140.125
PHY-3002 : Step(79): len = 104425, overlap = 115.719
PHY-3002 : Step(80): len = 103929, overlap = 113.5
PHY-3002 : Step(81): len = 103822, overlap = 115.281
PHY-3002 : Step(82): len = 103307, overlap = 112.094
PHY-3002 : Step(83): len = 103090, overlap = 109.875
PHY-3002 : Step(84): len = 103052, overlap = 107.188
PHY-3001 : :::1::: Try harder cell spreading with beta_ = 0.00012927
PHY-3002 : Step(85): len = 103142, overlap = 104.938
PHY-3002 : Step(86): len = 103569, overlap = 103.562
PHY-3002 : Step(87): len = 104559, overlap = 98.2188
PHY-3001 : :::2::: Try harder cell spreading with beta_ = 0.00025854
PHY-3002 : Step(88): len = 105094, overlap = 96.6875
PHY-3002 : Step(89): len = 105403, overlap = 94
PHY-3002 : Step(90): len = 105862, overlap = 91.7188
PHY-3002 : Step(91): len = 106292, overlap = 87.7812
PHY-3002 : Step(92): len = 106912, overlap = 79.0625
PHY-3001 : :::3::: Try harder cell spreading with beta_ = 0.000517081
PHY-3002 : Step(93): len = 106850, overlap = 76.3438
PHY-3002 : Step(94): len = 106888, overlap = 76.375
PHY-3001 : :::4::: Try harder cell spreading with beta_ = 0.00103416
PHY-3002 : Step(95): len = 108219, overlap = 73.0625
PHY-3002 : Step(96): len = 108986, overlap = 69.875
PHY-3002 : Step(97): len = 109512, overlap = 65.9688
PHY-3001 : :::5::: Try harder cell spreading with beta_ = 0.00206832
PHY-3002 : Step(98): len = 109527, overlap = 67.3125
PHY-3002 : Step(99): len = 109549, overlap = 67.1875
PHY-3001 : :::6::: Try harder cell spreading with beta_ = 0.00413664
PHY-3002 : Step(100): len = 109980, overlap = 65.7188
PHY-3002 : Step(101): len = 110902, overlap = 63.875
PHY-3001 : :::7::: Try harder cell spreading with beta_ = 0.00827329
PHY-3002 : Step(102): len = 110929, overlap = 63.6875
PHY-3002 : Step(103): len = 110961, overlap = 63.4062
PHY-3001 : :::8::: Try harder cell spreading with beta_ = 0.0165466
PHY-3002 : Step(104): len = 111176, overlap = 64.0938
PHY-3002 : Step(105): len = 111338, overlap = 64.25
PHY-3001 : :::9::: Try harder cell spreading with beta_ = 0.0271037
PHY-3002 : Step(106): len = 111388, overlap = 63.9375
PHY-3002 : Step(107): len = 111511, overlap = 63.9062
PHY-3001 : :::10::: Try harder cell spreading with beta_ = 0.0542074
PHY-3002 : Step(108): len = 111519, overlap = 64.1875
PHY-3002 : Step(109): len = 111555, overlap = 63.7812
PHY-3001 : :::11::: Try harder cell spreading with beta_ = 0.108415
PHY-3002 : Step(110): len = 111562, overlap = 63.7188
PHY-3002 : Step(111): len = 111588, overlap = 63.7188
OPT-1001 : Start physical optimization ...
RUN-1002 : start command "start_timer -report"
TMR-2505 : Start building timing graph for model top.
TMR-2506 : Build timing graph completely. Port num: 22, tpin num: 17224, tnet num: 4201, tinst num: 3710, tnode num: 23244, tedge num: 27582.
TMR-2508 : Levelizing timing graph completed, there are 45 levels in total.
TMR-2501 : Timing graph initialized successfully.
OPT-1001 : Total overflow 211.56 peak overflow 4.25
OPT-1001 : Start high-fanout net optimization ...
OPT-1001 : Update timing in global mode
PHY-1001 : Start incremental global routing, caller is place ...
RUN-1001 : Generating global routing grids ...
RUN-1001 : Building simple global routing graph ...
PHY-1001 : Generate routing nets ...
PHY-1001 : Reuse net number 0/4203.
PHY-1001 : Global iterations in 16 thread ...
PHY-1002 : len = 127016, over cnt = 457(1%), over = 1640, worst = 17
PHY-1001 : End global iterations;  0.126377s wall, 0.015625s user + 0.000000s system = 0.015625s CPU (12.4%)

PHY-1001 : Congestion index: top1 = 42.28, top5 = 31.07, top10 = 25.17, top15 = 20.72.
PHY-1001 : End incremental global routing;  0.175890s wall, 0.031250s user + 0.015625s system = 0.046875s CPU (26.7%)

TMR-2503 : Start to update net delay, extr mode = 5.
TMR-2504 : Update delay of 4201 nets completely.
TMR-2502 : Annotate delay completely, extr mode = 5.
TMR-3001 : Initiate 4 clocks from SDC.
TMR-3004 : Map sdc constraints, there are 8 constraints in total.
TMR-3003 : Constraints initiated successfully.
TMR-3501 : Forward propagation: start to calculate arrival time...
TMR-3502 : Backward propagation: start to calculate required time...
TMR-3503 : Timing propagation completes.
OPT-1001 : End timing update;  0.095475s wall, 0.078125s user + 0.000000s system = 0.078125s CPU (81.8%)

OPT-1001 : 0 high-fanout net processed.
OPT-1001 : End high-fanout net optimization;  0.322737s wall, 0.140625s user + 0.015625s system = 0.156250s CPU (48.4%)

OPT-1001 : Current memory(MB): used = 253, reserve = 221, peak = 253.
OPT-1001 : Start global optimization ...
OPT-1001 : Start congestion update ...
RUN-1001 : Generating global routing grids ...
PHY-1001 : Generate routing nets ...
PHY-1001 : Reuse net number 3027/4203.
PHY-1001 : Global iterations in 16 thread ...
PHY-1002 : len = 127016, over cnt = 457(1%), over = 1640, worst = 17
PHY-1002 : len = 136384, over cnt = 293(0%), over = 758, worst = 17
PHY-1002 : len = 142048, over cnt = 149(0%), over = 374, worst = 11
PHY-1002 : len = 146560, over cnt = 10(0%), over = 11, worst = 2
PHY-1002 : len = 146728, over cnt = 0(0%), over = 0, worst = 0
PHY-1001 : End global iterations;  0.137943s wall, 0.015625s user + 0.000000s system = 0.015625s CPU (11.3%)

PHY-1001 : Congestion index: top1 = 37.87, top5 = 30.06, top10 = 25.61, top15 = 22.07.
OPT-1001 : End congestion update;  0.185202s wall, 0.062500s user + 0.000000s system = 0.062500s CPU (33.7%)

OPT-1001 : Update timing in Manhattan mode
TMR-2503 : Start to update net delay, extr mode = 3.
TMR-2504 : Update delay of 4201 nets completely.
TMR-2502 : Annotate delay completely, extr mode = 3.
TMR-3501 : Forward propagation: start to calculate arrival time...
TMR-3502 : Backward propagation: start to calculate required time...
TMR-3503 : Timing propagation completes.
OPT-1001 : End timing update;  0.080910s wall, 0.046875s user + 0.000000s system = 0.046875s CPU (57.9%)

OPT-0007 : Start: WNS 4524 TNS 0 NUM_FEPS 0
OPT-1001 : End global optimization;  0.266395s wall, 0.109375s user + 0.000000s system = 0.109375s CPU (41.1%)

OPT-1001 : Current memory(MB): used = 260, reserve = 228, peak = 260.
OPT-1001 : End physical optimization;  1.080082s wall, 0.562500s user + 0.015625s system = 0.578125s CPU (53.5%)

PHY-3001 : Start packing ...
SYN-4007 : Packing 0 MUX to BLE ...
SYN-4008 : Packed 0 MUX and 0 SEQ to BLE.
SYN-4007 : Packing 1440 LUT to BLE ...
SYN-4008 : Packed 1440 LUT and 614 SEQ to BLE.
SYN-4003 : Packing 1142 remaining SEQ's ...
SYN-4005 : Packed 527 SEQ with LUT/SLICE
SYN-4006 : 367 single LUT's are left
SYN-4006 : 615 single SEQ's are left
SYN-4011 : Packing model "top" (AL_USER_NORMAL) with 2055/2783 primitive instances ...
PHY-3001 : End packing;  0.107367s wall, 0.093750s user + 0.000000s system = 0.093750s CPU (87.3%)

PHY-1001 : Populate physical database on model top.
RUN-1001 : There are total 1624 instances
RUN-1001 : 751 mslices, 750 lslices, 102 pads, 13 brams, 0 dsps
RUN-1001 : There are total 3645 nets
RUN-1001 : 2089 nets have 2 pins
RUN-1001 : 1239 nets have [3 - 5] pins
RUN-1001 : 193 nets have [6 - 10] pins
RUN-1001 : 71 nets have [11 - 20] pins
RUN-1001 : 44 nets have [21 - 99] pins
RUN-1001 : 9 nets have 100+ pins
PHY-3001 : design contains 1622 instances, 1501 slices, 59 macros(393 instances: 271 mslices 122 lslices)
PHY-3001 : Cell area utilization is 19%
PHY-3001 : After packing: Len = 112841, Over = 106.5
PHY-3001 : Run with size of 2
PHY-3001 : Cell area utilization is 19%
PHY-3001 : Update timing in Manhattan mode ...
RUN-1002 : start command "start_timer -report"
TMR-2505 : Start building timing graph for model top.
TMR-2506 : Build timing graph completely. Port num: 22, tpin num: 14412, tnet num: 3643, tinst num: 1622, tnode num: 18696, tedge num: 23955.
TMR-2508 : Levelizing timing graph completed, there are 43 levels in total.
TMR-2501 : Timing graph initialized successfully.
TMR-2503 : Start to update net delay, extr mode = 3.
TMR-2504 : Update delay of 3643 nets completely.
TMR-2502 : Annotate delay completely, extr mode = 3.
TMR-3001 : Initiate 4 clocks from SDC.
TMR-3004 : Map sdc constraints, there are 8 constraints in total.
TMR-3003 : Constraints initiated successfully.
TMR-3501 : Forward propagation: start to calculate arrival time...
TMR-3502 : Backward propagation: start to calculate required time...
TMR-3503 : Timing propagation completes.
PHY-3001 : End timing update;  0.556587s wall, 0.343750s user + 0.015625s system = 0.359375s CPU (64.6%)

PHY-3001 : :::0::: Try harder cell spreading with beta_ = 5.81258e-05
PHY-3002 : Step(112): len = 110408, overlap = 114.5
PHY-3002 : Step(113): len = 109058, overlap = 120
PHY-3002 : Step(114): len = 108008, overlap = 118.5
PHY-3002 : Step(115): len = 107732, overlap = 112.5
PHY-3002 : Step(116): len = 107303, overlap = 113.75
PHY-3002 : Step(117): len = 107212, overlap = 112
PHY-3002 : Step(118): len = 106963, overlap = 111.75
PHY-3001 : :::1::: Try harder cell spreading with beta_ = 0.000116252
PHY-3002 : Step(119): len = 108641, overlap = 107.25
PHY-3002 : Step(120): len = 109918, overlap = 104.25
PHY-3002 : Step(121): len = 109920, overlap = 104.5
PHY-3001 : :::2::: Try harder cell spreading with beta_ = 0.000232503
PHY-3002 : Step(122): len = 112487, overlap = 96.75
PHY-3002 : Step(123): len = 114322, overlap = 93.75
PHY-3002 : Step(124): len = 114091, overlap = 93
PHY-3001 : Legalization ...
PHY-3001 : End legalization;  0.159971s wall, 0.015625s user + 0.015625s system = 0.031250s CPU (19.5%)

PHY-3001 : Trial Legalized: Len = 142629
PHY-3001 : Run with size of 2
PHY-3001 : Cell area utilization is 19%
PHY-3001 : Update timing in Manhattan mode ...
TMR-2503 : Start to update net delay, extr mode = 3.
TMR-2504 : Update delay of 3643 nets completely.
TMR-2502 : Annotate delay completely, extr mode = 3.
TMR-3501 : Forward propagation: start to calculate arrival time...
TMR-3502 : Backward propagation: start to calculate required time...
TMR-3503 : Timing propagation completes.
PHY-3001 : End timing update;  0.068991s wall, 0.062500s user + 0.000000s system = 0.062500s CPU (90.6%)

PHY-3001 : :::0::: Try harder cell spreading with beta_ = 0.000672261
PHY-3002 : Step(125): len = 133468, overlap = 17.75
PHY-3002 : Step(126): len = 128891, overlap = 27.75
PHY-3002 : Step(127): len = 125689, overlap = 40
PHY-3002 : Step(128): len = 123507, overlap = 42.5
PHY-3002 : Step(129): len = 122288, overlap = 46.5
PHY-3002 : Step(130): len = 121243, overlap = 51
PHY-3002 : Step(131): len = 120415, overlap = 50.25
PHY-3001 : :::1::: Try harder cell spreading with beta_ = 0.00134452
PHY-3002 : Step(132): len = 120895, overlap = 50.25
PHY-3002 : Step(133): len = 121396, overlap = 50.25
PHY-3002 : Step(134): len = 121612, overlap = 50.25
PHY-3001 : :::2::: Try harder cell spreading with beta_ = 0.00268904
PHY-3002 : Step(135): len = 121768, overlap = 50
PHY-3002 : Step(136): len = 121976, overlap = 48.75
PHY-3001 : Legalization ...
PHY-3001 : End legalization;  0.004968s wall, 0.000000s user + 0.000000s system = 0.000000s CPU (n/a%)

PHY-3001 : Legalized: Len = 132936, Over = 0
PHY-3001 : Spreading special nets. 49 overflows in 2952 tiles.
PHY-3001 : End spreading;  0.010480s wall, 0.000000s user + 0.000000s system = 0.000000s CPU (n/a%)

PHY-3001 : 71 instances has been re-located, deltaX = 39, deltaY = 40, maxDist = 3.
PHY-3001 : Final: Len = 135040, Over = 0
OPT-1001 : Start physical optimization ...
RUN-1002 : start command "start_timer -report"
TMR-2505 : Start building timing graph for model top.
TMR-2506 : Build timing graph completely. Port num: 22, tpin num: 14412, tnet num: 3643, tinst num: 1622, tnode num: 18696, tedge num: 23955.
TMR-2508 : Levelizing timing graph completed, there are 43 levels in total.
TMR-2501 : Timing graph initialized successfully.
OPT-1001 : Total overflow 0.00 peak overflow 0.00
OPT-1001 : Start high-fanout net optimization ...
OPT-1001 : Update timing in global mode
PHY-1001 : Start incremental global routing, caller is place ...
RUN-1001 : Generating global routing grids ...
PHY-1001 : Generate routing nets ...
PHY-1001 : Reuse net number 163/3645.
PHY-1001 : Global iterations in 16 thread ...
PHY-1002 : len = 157056, over cnt = 363(1%), over = 591, worst = 5
PHY-1002 : len = 159720, over cnt = 197(0%), over = 272, worst = 5
PHY-1002 : len = 162592, over cnt = 23(0%), over = 28, worst = 3
PHY-1002 : len = 162808, over cnt = 7(0%), over = 7, worst = 1
PHY-1002 : len = 162920, over cnt = 0(0%), over = 0, worst = 0
PHY-1001 : End global iterations;  0.231943s wall, 0.031250s user + 0.015625s system = 0.046875s CPU (20.2%)

PHY-1001 : Congestion index: top1 = 35.06, top5 = 29.25, top10 = 25.56, top15 = 22.62.
PHY-1001 : End incremental global routing;  0.293951s wall, 0.078125s user + 0.015625s system = 0.093750s CPU (31.9%)

TMR-2503 : Start to update net delay, extr mode = 5.
TMR-2504 : Update delay of 3643 nets completely.
TMR-2502 : Annotate delay completely, extr mode = 5.
TMR-3001 : Initiate 4 clocks from SDC.
TMR-3004 : Map sdc constraints, there are 8 constraints in total.
TMR-3003 : Constraints initiated successfully.
TMR-3501 : Forward propagation: start to calculate arrival time...
TMR-3502 : Backward propagation: start to calculate required time...
TMR-3503 : Timing propagation completes.
OPT-1001 : End timing update;  0.085863s wall, 0.046875s user + 0.000000s system = 0.046875s CPU (54.6%)

OPT-1001 : 0 high-fanout net processed.
OPT-1001 : End high-fanout net optimization;  0.430019s wall, 0.171875s user + 0.015625s system = 0.187500s CPU (43.6%)

OPT-1001 : Current memory(MB): used = 262, reserve = 231, peak = 262.
OPT-1001 : Start path based optimization ...
OPT-1001 : Start congestion update ...
RUN-1001 : Generating global routing grids ...
PHY-1001 : Generate routing nets ...
PHY-1001 : Reuse net number 3063/3645.
PHY-1001 : Global iterations in 16 thread ...
PHY-1002 : len = 162920, over cnt = 0(0%), over = 0, worst = 0
PHY-1001 : End global iterations;  0.007810s wall, 0.000000s user + 0.000000s system = 0.000000s CPU (n/a%)

PHY-1001 : Congestion index: top1 = 35.06, top5 = 29.25, top10 = 25.56, top15 = 22.62.
OPT-1001 : End congestion update;  0.059025s wall, 0.046875s user + 0.000000s system = 0.046875s CPU (79.4%)

OPT-1001 : Update timing in Manhattan mode
TMR-2503 : Start to update net delay, extr mode = 3.
TMR-2504 : Update delay of 3643 nets completely.
TMR-2502 : Annotate delay completely, extr mode = 3.
TMR-3501 : Forward propagation: start to calculate arrival time...
TMR-3502 : Backward propagation: start to calculate required time...
TMR-3503 : Timing propagation completes.
OPT-1001 : End timing update;  0.069037s wall, 0.062500s user + 0.000000s system = 0.062500s CPU (90.5%)

OPT-0007 : Start: WNS 4173 TNS 0 NUM_FEPS 0
OPT-1001 : End path based optimization;  0.128324s wall, 0.109375s user + 0.000000s system = 0.109375s CPU (85.2%)

OPT-1001 : Current memory(MB): used = 266, reserve = 235, peak = 266.
OPT-1001 : Update timing in Manhattan mode
TMR-2503 : Start to update net delay, extr mode = 3.
TMR-2504 : Update delay of 3643 nets completely.
TMR-2502 : Annotate delay completely, extr mode = 3.
TMR-3501 : Forward propagation: start to calculate arrival time...
TMR-3502 : Backward propagation: start to calculate required time...
TMR-3503 : Timing propagation completes.
OPT-1001 : End timing update;  0.065449s wall, 0.062500s user + 0.000000s system = 0.062500s CPU (95.5%)

OPT-1001 : Start pin optimization...
OPT-1001 : skip pin optimization...
RUN-1001 : Generating global routing grids ...
PHY-1001 : Generate routing nets ...
PHY-1001 : Reuse net number 3063/3645.
PHY-1001 : Global iterations in 16 thread ...
PHY-1002 : len = 162920, over cnt = 0(0%), over = 0, worst = 0
PHY-1001 : End global iterations;  0.009109s wall, 0.000000s user + 0.000000s system = 0.000000s CPU (n/a%)

PHY-1001 : Congestion index: top1 = 35.06, top5 = 29.25, top10 = 25.56, top15 = 22.62.
OPT-1001 : Update timing in Manhattan mode
TMR-2503 : Start to update net delay, extr mode = 3.
TMR-2504 : Update delay of 3643 nets completely.
TMR-2502 : Annotate delay completely, extr mode = 3.
TMR-3501 : Forward propagation: start to calculate arrival time...
TMR-3502 : Backward propagation: start to calculate required time...
TMR-3503 : Timing propagation completes.
OPT-1001 : End timing update;  0.068233s wall, 0.015625s user + 0.000000s system = 0.015625s CPU (22.9%)

RUN-1001 : QoR Analysis:
OPT-0007 :   WNS 4173 TNS 0 NUM_FEPS 0
RUN-1001 :   No local congestion issue, and most congested 1% tile average routing util is 34.586207
RUN-1001 :   Top critical paths
RUN-1001 :       #1 path slack 4173ps with logic level 8 
RUN-1001 :       #2 path slack 4207ps with logic level 8 
RUN-1001 :       #3 path slack 4248ps with logic level 8 
RUN-1001 :       #4 path slack 4273ps with logic level 8 
OPT-1001 : End physical optimization;  1.293554s wall, 0.546875s user + 0.015625s system = 0.562500s CPU (43.5%)

RUN-1003 : finish command "place" in  7.054422s wall, 2.640625s user + 0.187500s system = 2.828125s CPU (40.1%)

RUN-1004 : used memory is 239 MB, reserved memory is 208 MB, peak memory is 266 MB
RUN-1002 : start command "export_db pic_sdram_place.db"
RUN-1001 : Exported /
RUN-1001 : Exported flow parameters
RUN-1001 : Exported libs
RUN-1001 : Exported entities
RUN-1001 : Exported ports
RUN-1001 : Exported pins
RUN-1001 : Exported instances
RUN-1001 : Exported nets
RUN-1001 : Exported buses
RUN-1001 : Exported models
RUN-1001 : Exported congestions
RUN-1001 : Exported violations
RUN-1001 : Exported timing constraints
RUN-1001 : Exported IO constraints
RUN-1001 : Exported Inst constraints
RUN-1001 : Exported ChipWatcher
RUN-1002 : start command "route"
RUN-1001 : Open license file D:/Program/Anlogic/TD5.6.2/license/Anlogic.lic
RUN-1001 : Print Global Property
RUN-1001 : ---------------------------------------------------------------
RUN-1001 :        Parameters        |  Settings  |  Default Values  |  Note  
RUN-1001 : ---------------------------------------------------------------
RUN-1001 :          message         |  standard  |     standard     |        
RUN-1001 :   mixed_pack_place_flow  |     on     |        on        |        
RUN-1001 :        qor_monitor       |    off     |       off        |        
RUN-1001 :        syn_ip_flow       |    off     |       off        |        
RUN-1001 :          thread          |    auto    |       auto       |        
RUN-1001 : ---------------------------------------------------------------
RUN-1001 : Print Route Property
RUN-1001 : -------------------------------------------------------
RUN-1001 :    Parameters    |  Settings  |  Default Values  |  Note  
RUN-1001 : -------------------------------------------------------
RUN-1001 :      effort      |   medium   |      medium      |        
RUN-1001 :     fix_hold     |    off     |       off        |        
RUN-1001 :    opt_timing    |   medium   |      medium      |        
RUN-1001 :   phy_sim_model  |    off     |       off        |        
RUN-1001 :     priority     |   timing   |      timing      |        
RUN-1001 :     swap_pin     |     on     |        on        |        
RUN-1001 : -------------------------------------------------------
PHY-1001 : Route runs in 16 thread(s)
RUN-1001 : There are total 1624 instances
RUN-1001 : 751 mslices, 750 lslices, 102 pads, 13 brams, 0 dsps
RUN-1001 : There are total 3645 nets
RUN-1001 : 2089 nets have 2 pins
RUN-1001 : 1239 nets have [3 - 5] pins
RUN-1001 : 193 nets have [6 - 10] pins
RUN-1001 : 71 nets have [11 - 20] pins
RUN-1001 : 44 nets have [21 - 99] pins
RUN-1001 : 9 nets have 100+ pins
RUN-1002 : start command "start_timer -report"
TMR-2505 : Start building timing graph for model top.
TMR-2506 : Build timing graph completely. Port num: 22, tpin num: 14412, tnet num: 3643, tinst num: 1622, tnode num: 18696, tedge num: 23955.
TMR-2508 : Levelizing timing graph completed, there are 43 levels in total.
TMR-2501 : Timing graph initialized successfully.
PHY-1001 : 751 mslices, 750 lslices, 102 pads, 13 brams, 0 dsps
TMR-2503 : Start to update net delay, extr mode = 3.
TMR-2504 : Update delay of 3643 nets completely.
TMR-2502 : Annotate delay completely, extr mode = 3.
TMR-3001 : Initiate 4 clocks from SDC.
TMR-3004 : Map sdc constraints, there are 8 constraints in total.
TMR-3003 : Constraints initiated successfully.
TMR-3501 : Forward propagation: start to calculate arrival time...
TMR-3502 : Backward propagation: start to calculate required time...
TMR-3503 : Timing propagation completes.
PHY-1001 : Start global routing, caller is route ...
RUN-1001 : Generating global routing grids ...
PHY-1001 : Generate routing nets ...
PHY-1001 : Global iterations in 16 thread ...
PHY-1002 : len = 155080, over cnt = 355(1%), over = 607, worst = 5
PHY-1002 : len = 157864, over cnt = 201(0%), over = 291, worst = 5
PHY-1002 : len = 161208, over cnt = 9(0%), over = 10, worst = 2
PHY-1002 : len = 161344, over cnt = 0(0%), over = 0, worst = 0
PHY-1001 : End global iterations;  0.234407s wall, 0.046875s user + 0.000000s system = 0.046875s CPU (20.0%)

PHY-1001 : Congestion index: top1 = 34.03, top5 = 28.55, top10 = 25.14, top15 = 22.37.
PHY-1001 : End global routing;  0.292377s wall, 0.093750s user + 0.000000s system = 0.093750s CPU (32.1%)

PHY-1001 : Start detail routing ...
PHY-1001 : Current memory(MB): used = 297, reserve = 268, peak = 297.
PHY-1001 : Detailed router is running in normal mode.
PHY-1001 : Generate detailed routing grids ...
PHY-1001 : Generate nets ...
PHY-1001 : net clk_dup_1 will be routed on clock mesh
PHY-1001 : net U3/u2_ram/SDRAM_CLK will be routed on clock mesh
PHY-1001 : clock net frame_read_write_m0/read_buf/clkr will be merged with clock video_pll_m0/clk0_buf
PHY-1001 : clock net frame_read_write_m0/write_buf/clkw will be merged with clock sys_pll_m0/clk0_buf
PHY-1001 : clock net config_inst_syn_10 will be merged with clock config_inst_syn_9
PHY-1001 : Current memory(MB): used = 551, reserve = 525, peak = 551.
PHY-1001 : End build detailed router design. 2.547737s wall, 1.281250s user + 0.015625s system = 1.296875s CPU (50.9%)

PHY-1001 : Detail Route ...
PHY-1001 : ===== Detail Route Phase 1 =====
PHY-1001 : Clock net routing.....
PHY-1001 : Routed 0% nets.
PHY-1022 : len = 56896, over cnt = 0(0%), over = 0, worst = 0, crit = 0
PHY-1001 : End initial clock net routed; 0.909061s wall, 0.484375s user + 0.015625s system = 0.500000s CPU (55.0%)

PHY-1001 : Current memory(MB): used = 584, reserve = 559, peak = 584.
PHY-1001 : End phase 1; 0.914025s wall, 0.484375s user + 0.015625s system = 0.500000s CPU (54.7%)

PHY-1001 : ===== Detail Route Phase 2 =====
PHY-1001 : Initial routing.....
PHY-1001 : Routed 38% nets.
PHY-1001 : Routed 45% nets.
PHY-1001 : Routed 54% nets.
PHY-1001 : Routed 69% nets.
PHY-1001 : Routed 89% nets.
PHY-1022 : len = 478816, over cnt = 125(0%), over = 125, worst = 1, crit = 0
PHY-1001 : Current memory(MB): used = 585, reserve = 560, peak = 585.
PHY-1001 : End initial routed; 4.896820s wall, 2.125000s user + 0.015625s system = 2.140625s CPU (43.7%)

PHY-1001 : Update timing.....
PHY-1001 : 0/3262(0%) critical/total net(s).
RUN-1001 : --------------------------------------
RUN-1001 :   Type   |  WNS(ns)  |  TNS(ns)  |  FEP  
RUN-1001 : --------------------------------------
RUN-1001 :   Setup  |   0.831   |   0.000   |   0   
RUN-1001 :   Hold   |   0.096   |   0.000   |   0   
RUN-1001 : --------------------------------------
PHY-1001 : End update timing; 0.659080s wall, 0.296875s user + 0.000000s system = 0.296875s CPU (45.0%)

PHY-1001 : Current memory(MB): used = 587, reserve = 562, peak = 587.
PHY-1001 : End phase 2; 5.555962s wall, 2.421875s user + 0.015625s system = 2.437500s CPU (43.9%)

PHY-1001 : ===== Detail Route Phase 3 =====
PHY-1001 : Optimize timing.....
PHY-1022 : len = 478816, over cnt = 125(0%), over = 125, worst = 1, crit = 0
PHY-1001 : End optimize timing; 0.020278s wall, 0.015625s user + 0.000000s system = 0.015625s CPU (77.1%)

PHY-1001 : Ripup-reroute.....
PHY-1001 : ===== DR Iter 1 =====
PHY-1022 : len = 474736, over cnt = 26(0%), over = 26, worst = 1, crit = 0
PHY-1001 : End DR Iter 1; 0.174046s wall, 0.093750s user + 0.000000s system = 0.093750s CPU (53.9%)

PHY-1001 : ===== DR Iter 2 =====
PHY-1022 : len = 473904, over cnt = 1(0%), over = 1, worst = 1, crit = 0
PHY-1001 : End DR Iter 2; 0.059683s wall, 0.015625s user + 0.000000s system = 0.015625s CPU (26.2%)

PHY-1001 : ===== DR Iter 3 =====
PHY-1022 : len = 473936, over cnt = 0(0%), over = 0, worst = 0, crit = 0
PHY-1001 : End DR Iter 3; 0.023987s wall, 0.015625s user + 0.000000s system = 0.015625s CPU (65.1%)

PHY-1001 : Update timing.....
PHY-1001 : 0/3262(0%) critical/total net(s).
RUN-1001 : --------------------------------------
RUN-1001 :   Type   |  WNS(ns)  |  TNS(ns)  |  FEP  
RUN-1001 : --------------------------------------
RUN-1001 :   Setup  |   0.831   |   0.000   |   0   
RUN-1001 :   Hold   |   0.096   |   0.000   |   0   
RUN-1001 : --------------------------------------
PHY-1001 : End update timing; 0.642142s wall, 0.328125s user + 0.000000s system = 0.328125s CPU (51.1%)

PHY-1001 : Commit to database.....
PHY-1001 : 33 feed throughs used by 19 nets
PHY-1001 : End commit to database; 0.313924s wall, 0.171875s user + 0.000000s system = 0.171875s CPU (54.8%)

PHY-1001 : Current memory(MB): used = 609, reserve = 584, peak = 609.
PHY-1001 : End phase 3; 1.358446s wall, 0.687500s user + 0.000000s system = 0.687500s CPU (50.6%)

PHY-1003 : Routed, final wirelength = 473936
PHY-1001 : Current memory(MB): used = 610, reserve = 585, peak = 610.
PHY-1001 : End export database. 0.011556s wall, 0.000000s user + 0.000000s system = 0.000000s CPU (n/a%)

PHY-1001 : End detail routing;  10.537596s wall, 4.953125s user + 0.062500s system = 5.015625s CPU (47.6%)

RUN-1003 : finish command "route" in  11.444881s wall, 5.437500s user + 0.062500s system = 5.500000s CPU (48.1%)

RUN-1004 : used memory is 582 MB, reserved memory is 559 MB, peak memory is 610 MB
RUN-1002 : start command "report_area -io_info -file pic_sdram_phy.area"
RUN-1001 : standard
***Report Model: top Device: EG4S20BG256***

IO Statistics
#IO                        47
  #input                    6
  #output                  37
  #inout                    4

Utilization Statistics
#lut                     2250   out of  19600   11.48%
#reg                     1790   out of  19600    9.13%
#le                      2865
  #lut only              1075   out of   2865   37.52%
  #reg only               615   out of   2865   21.47%
  #lut&reg               1175   out of   2865   41.01%
#dsp                        0   out of     29    0.00%
#bram                      13   out of     64   20.31%
  #bram9k                  13
  #fifo9k                   0
#bram32k                    0   out of     16    0.00%
#pad                       47   out of    188   25.00%
  #ireg                     1
  #oreg                    34
  #treg                     0
#pll                        2   out of      4   50.00%
#gclk                       3   out of     16   18.75%

Clock Resource Statistics
Index     ClockNet                 Type               DriverType         Driver                         Fanout
#1        U3/u2_ram/SDRAM_CLK      GCLK               pll                sys_pll_m0/pll_inst.clkc1      478
#2        config_inst_syn_9        GCLK               config             config_inst.jtck               281
#3        sys_pll_m0/clk0_buf      GCLK               pll                sys_pll_m0/pll_inst.clkc0      272
#4        video_pll_m0/clk0_buf    GCLK               pll                video_pll_m0/pll_inst.clkc0    79
#5        clk_dup_1                GCLK               io                 clk_syn_2.di                   26


Detailed IO Report

       Name         Direction    Location    IOStandard    DriveStrength    PullType     PackReg   
       clk            INPUT         R7        LVCMOS33          N/A           NONE        NONE     
       key1           INPUT         B2        LVCMOS33          N/A           NONE        IREG     
       key2           INPUT         B1        LVCMOS33          N/A           NONE        NONE     
      rst_n           INPUT         A2        LVCMOS33          N/A           NONE        NONE     
     sd_miso          INPUT        B14        LVCMOS33          N/A           NONE        NONE     
     switch1          INPUT         C8        LVCMOS33          N/A           NONE        NONE     
    flash_cs_n       OUTPUT         P8        LVCMOS33           8            NONE        NONE     
    flash_sck        OUTPUT         M9        LVCMOS33           8            NONE        NONE     
     sd_dclk         OUTPUT        A14        LVCMOS33           8            NONE        OREG     
     sd_mosi         OUTPUT        A13        LVCMOS33           8            NONE        OREG     
      sd_ncs         OUTPUT        A12        LVCMOS33           8            NONE        OREG     
   seg_data[7]       OUTPUT         A6        LVCMOS33           8            NONE        NONE     
   seg_data[6]       OUTPUT         A7        LVCMOS33           8            NONE        OREG     
   seg_data[5]       OUTPUT         A8        LVCMOS33           8            NONE        OREG     
   seg_data[4]       OUTPUT         B5        LVCMOS33           8            NONE        OREG     
   seg_data[3]       OUTPUT         A5        LVCMOS33           8            NONE        OREG     
   seg_data[2]       OUTPUT         B6        LVCMOS33           8            NONE        OREG     
   seg_data[1]       OUTPUT        C16        LVCMOS33           8            NONE        OREG     
   seg_data[0]       OUTPUT        C15        LVCMOS33           8            NONE        OREG     
    seg_sel[5]       OUTPUT        D11        LVCMOS33           8            NONE        OREG     
    seg_sel[4]       OUTPUT        E11        LVCMOS33           8            NONE        OREG     
    seg_sel[3]       OUTPUT        F10        LVCMOS33           8            NONE        OREG     
    seg_sel[2]       OUTPUT        C13        LVCMOS33           8            NONE        OREG     
    seg_sel[1]       OUTPUT        E10        LVCMOS33           8            NONE        OREG     
    seg_sel[0]       OUTPUT        E12        LVCMOS33           8            NONE        OREG     
   vga_out_b[4]      OUTPUT         D5        LVCMOS33           8            NONE        OREG     
   vga_out_b[3]      OUTPUT         D6        LVCMOS33           8            NONE        OREG     
   vga_out_b[2]      OUTPUT         E6        LVCMOS33           8            NONE        OREG     
   vga_out_b[1]      OUTPUT         F6        LVCMOS33           8            NONE        OREG     
   vga_out_b[0]      OUTPUT        H16        LVCMOS25           8            N/A         OREG     
   vga_out_g[5]      OUTPUT         N6        LVCMOS33           8            NONE        OREG     
   vga_out_g[4]      OUTPUT         N5        LVCMOS33           8            NONE        OREG     
   vga_out_g[3]      OUTPUT         P5        LVCMOS33           8            NONE        OREG     
   vga_out_g[2]      OUTPUT         T5        LVCMOS33           8            NONE        OREG     
   vga_out_g[1]      OUTPUT        G14        LVCMOS25           8            N/A         OREG     
   vga_out_g[0]      OUTPUT         F4        LVCMOS33           8            N/A         OREG     
    vga_out_hs       OUTPUT         E7        LVCMOS33           8            NONE        OREG     
   vga_out_r[4]      OUTPUT        E13        LVCMOS33           8            NONE        OREG     
   vga_out_r[3]      OUTPUT         L8        LVCMOS33           8            NONE        OREG     
   vga_out_r[2]      OUTPUT         L7        LVCMOS33           8            NONE        OREG     
   vga_out_r[1]      OUTPUT         R5        LVCMOS33           8            NONE        OREG     
   vga_out_r[0]      OUTPUT        M11        LVCMOS25           8            N/A         OREG     
    vga_out_vs       OUTPUT         F7        LVCMOS33           8            NONE        OREG     
  flash_qspi_IO0      INOUT         P7        LVCMOS33           8            NONE        NONE     
  flash_qspi_IO1      INOUT         N8        LVCMOS33           8            NONE        NONE     
  flash_qspi_IO2      INOUT         P9        LVCMOS33           8            NONE        NONE     
  flash_qspi_IO3      INOUT         R9        LVCMOS33           8            NONE        NONE     
       dm0           OUTPUT        S14        LVCMOS25           8            NONE        OREG     
       cke           OUTPUT        S18        LVCMOS25           8            NONE        NONE     
       we_n          OUTPUT        S19        LVCMOS25           8            NONE        OREG     
      cas_n          OUTPUT        S20        LVCMOS25           8            NONE        OREG     
      ras_n          OUTPUT        S21        LVCMOS25           8            NONE        OREG     
       cs_n          OUTPUT        S22        LVCMOS25           8            NONE        NONE     
     addr[9]         OUTPUT        S23        LVCMOS25           8            NONE        OREG     
     addr[8]         OUTPUT        S24        LVCMOS25           8            NONE        OREG     
     addr[7]         OUTPUT        S25        LVCMOS25           8            NONE        OREG     
     addr[6]         OUTPUT        S26        LVCMOS25           8            NONE        OREG     
     addr[5]         OUTPUT        S27        LVCMOS25           8            NONE        OREG     
     addr[4]         OUTPUT        S28        LVCMOS25           8            NONE        OREG     
       dm2           OUTPUT        S29        LVCMOS25           8            NONE        OREG     
       dm3           OUTPUT        S61        LVCMOS25           8            NONE        OREG     
     addr[3]         OUTPUT        S64        LVCMOS25           8            NONE        OREG     
     addr[2]         OUTPUT        S65        LVCMOS25           8            NONE        OREG     
     addr[1]         OUTPUT        S66        LVCMOS25           8            NONE        OREG     
     addr[0]         OUTPUT        S67        LVCMOS25           8            NONE        OREG     
     addr[10]        OUTPUT        S68        LVCMOS25           8            NONE        OREG     
      ba[0]          OUTPUT        S69        LVCMOS25           8            NONE        OREG     
      ba[1]          OUTPUT        S70        LVCMOS25           8            NONE        OREG     
       clk           OUTPUT        S73        LVCMOS25           8            NONE        NONE     
       dm1           OUTPUT        S76        LVCMOS25           8            NONE        OREG     
      dq[0]           INOUT         S1        LVCMOS25           8           PULLUP     IREG;OREG  
      dq[6]           INOUT        S11        LVCMOS25           8           PULLUP     IREG;OREG  
      dq[7]           INOUT        S12        LVCMOS25           8           PULLUP     IREG;OREG  
      dq[1]           INOUT         S2        LVCMOS25           8           PULLUP     IREG;OREG  
      dq[23]          INOUT        S31        LVCMOS25           8           PULLUP       IREG     
      dq[22]          INOUT        S32        LVCMOS25           8           PULLUP       IREG     
      dq[21]          INOUT        S35        LVCMOS25           8           PULLUP       IREG     
      dq[20]          INOUT        S36        LVCMOS25           8           PULLUP       IREG     
      dq[19]          INOUT        S37        LVCMOS25           8           PULLUP       IREG     
      dq[18]          INOUT        S38        LVCMOS25           8           PULLUP       IREG     
      dq[17]          INOUT        S41        LVCMOS25           8           PULLUP       IREG     
      dq[16]          INOUT        S42        LVCMOS25           8           PULLUP       IREG     
      dq[31]          INOUT        S48        LVCMOS25           8           PULLUP       IREG     
      dq[30]          INOUT        S49        LVCMOS25           8           PULLUP       IREG     
      dq[2]           INOUT         S5        LVCMOS25           8           PULLUP     IREG;OREG  
      dq[29]          INOUT        S52        LVCMOS25           8           PULLUP       IREG     
      dq[28]          INOUT        S53        LVCMOS25           8           PULLUP       IREG     
      dq[27]          INOUT        S54        LVCMOS25           8           PULLUP       IREG     
      dq[26]          INOUT        S55        LVCMOS25           8           PULLUP       IREG     
      dq[25]          INOUT        S58        LVCMOS25           8           PULLUP       IREG     
      dq[24]          INOUT        S59        LVCMOS25           8           PULLUP       IREG     
      dq[3]           INOUT         S6        LVCMOS25           8           PULLUP     IREG;OREG  
      dq[4]           INOUT         S7        LVCMOS25           8           PULLUP     IREG;OREG  
      dq[8]           INOUT        S78        LVCMOS25           8           PULLUP     IREG;OREG  
      dq[9]           INOUT        S79        LVCMOS25           8           PULLUP     IREG;OREG  
      dq[5]           INOUT         S8        LVCMOS25           8           PULLUP     IREG;OREG  
      dq[10]          INOUT        S82        LVCMOS25           8           PULLUP     IREG;OREG  
      dq[11]          INOUT        S83        LVCMOS25           8           PULLUP     IREG;OREG  
      dq[12]          INOUT        S84        LVCMOS25           8           PULLUP     IREG;OREG  
      dq[13]          INOUT        S85        LVCMOS25           8           PULLUP     IREG;OREG  
      dq[14]          INOUT        S88        LVCMOS25           8           PULLUP     IREG;OREG  
      dq[15]          INOUT        S89        LVCMOS25           8           PULLUP     IREG;OREG  

Report Hierarchy Area:
+------------------------------------------------------------------------------------------------------------------------------------------+
|Instance                             |Module                                         |le     |lut     |ripple  |seq     |bram    |dsp     |
+------------------------------------------------------------------------------------------------------------------------------------------+
|top                                  |top                                            |2865   |1857    |393     |1825    |13      |0       |
|  U3                                 |sdram                                          |340    |96      |5       |327     |0       |0       |
|    u2_ram                           |sdr_as_ram                                     |340    |96      |5       |327     |0       |0       |
|      u1_init_ref                    |sdr_init_ref                                   |95     |19      |5       |87      |0       |0       |
|      u2_wrrd                        |sdr_wrrd                                       |245    |77      |0       |240     |0       |0       |
|  frame_read_write_m0                |frame_read_write                               |456    |295     |98      |313     |2       |0       |
|    frame_fifo_read_m0               |frame_fifo_read                                |104    |77      |24      |63      |0       |0       |
|    frame_fifo_write_m0              |frame_fifo_write                               |110    |86      |24      |63      |0       |0       |
|    read_buf                         |afifo_16_256                                   |122    |67      |25      |95      |1       |0       |
|      ram_inst                       |ram_infer_afifo_16_256                         |0      |0       |0       |0       |1       |0       |
|      rd_to_wr_cross_inst            |fifo_cross_domain_addr_process_al_afifo_16_256 |36     |19      |0       |36      |0       |0       |
|      wr_to_rd_cross_inst            |fifo_cross_domain_addr_process_al_afifo_16_256 |30     |23      |0       |30      |0       |0       |
|    write_buf                        |afifo_16_256                                   |120    |65      |25      |92      |1       |0       |
|      ram_inst                       |ram_infer_afifo_16_256                         |0      |0       |0       |0       |1       |0       |
|      rd_to_wr_cross_inst            |fifo_cross_domain_addr_process_al_afifo_16_256 |33     |16      |0       |33      |0       |0       |
|      wr_to_rd_cross_inst            |fifo_cross_domain_addr_process_al_afifo_16_256 |32     |21      |0       |32      |0       |0       |
|  sd_card_bmp_m0                     |sd_card_bmp                                    |932    |792     |97      |383     |0       |0       |
|    ax_debounce_m0                   |ax_debounce                                    |65     |55      |9       |37      |0       |0       |
|    bmp_read_m0                      |bmp_read                                       |299    |203     |58      |166     |0       |0       |
|    sd_card_top_m0                   |sd_card_top                                    |568    |534     |30      |180     |0       |0       |
|      sd_card_cmd_m0                 |sd_card_cmd                                    |326    |301     |25      |59      |0       |0       |
|      sd_card_sec_read_write_m0      |sd_card_sec_read_write                         |175    |171     |0       |80      |0       |0       |
|      spi_master_m0                  |spi_master                                     |67     |62      |5       |41      |0       |0       |
|  seg_scan_m0                        |seg_scan                                       |71     |49      |22      |20      |0       |0       |
|  sys_pll_m0                         |sys_pll                                        |0      |0       |0       |0       |0       |0       |
|  video_pll_m0                       |video_pll                                      |0      |0       |0       |0       |0       |0       |
|  video_timing_data_m0               |video_timing_data                              |45     |34      |8       |31      |0       |0       |
|    color_bar_m0                     |color_bar                                      |42     |33      |8       |28      |0       |0       |
|  cw_top                             |CW_TOP_WRAPPER                                 |1003   |573     |163     |700     |0       |0       |
|    wrapper_cwc_top                  |cwc_top                                        |1003   |573     |163     |700     |0       |0       |
|      cfg_int_inst                   |cwc_cfg_int                                    |495    |243     |0       |495     |0       |0       |
|        reg_inst                     |register                                       |492    |240     |0       |492     |0       |0       |
|        tap_inst                     |tap                                            |3      |3       |0       |3       |0       |0       |
|      trigger_inst                   |trigger                                        |508    |330     |163     |205     |0       |0       |
|        bus_inst                     |bus_top                                        |309    |201     |106     |113     |0       |0       |
|          BUS_DETECTOR[0]$bus_nodes  |bus_det                                        |1      |1       |0       |1       |0       |0       |
|          BUS_DETECTOR[10]$bus_nodes |bus_det                                        |102    |68      |34      |38      |0       |0       |
|          BUS_DETECTOR[1]$bus_nodes  |bus_det                                        |3      |2       |0       |3       |0       |0       |
|          BUS_DETECTOR[2]$bus_nodes  |bus_det                                        |20     |12      |8       |4       |0       |0       |
|          BUS_DETECTOR[3]$bus_nodes  |bus_det                                        |22     |14      |8       |9       |0       |0       |
|          BUS_DETECTOR[4]$bus_nodes  |bus_det                                        |20     |12      |8       |8       |0       |0       |
|          BUS_DETECTOR[5]$bus_nodes  |bus_det                                        |35     |22      |12      |11      |0       |0       |
|          BUS_DETECTOR[6]$bus_nodes  |bus_det                                        |2      |2       |0       |2       |0       |0       |
|          BUS_DETECTOR[7]$bus_nodes  |bus_det                                        |32     |20      |12      |10      |0       |0       |
|          BUS_DETECTOR[8]$bus_nodes  |bus_det                                        |70     |46      |24      |25      |0       |0       |
|          BUS_DETECTOR[9]$bus_nodes  |bus_det                                        |2      |2       |0       |2       |0       |0       |
|        emb_ctrl_inst                |emb_ctrl                                       |113    |82      |29      |60      |0       |0       |
+------------------------------------------------------------------------------------------------------------------------------------------+


DataNet Average Fanout:

   Index     Fanout     Nets  
    #1          1       2042  
    #2          2       683   
    #3          3       427   
    #4          4       129   
    #5        5-10      203   
    #6        11-50     100   
    #7       51-100      3    
    #8       101-500     4    
  Average     2.67            

RUN-1002 : start command "export_db pic_sdram_pr.db"
RUN-1001 : Exported /
RUN-1001 : Exported flow parameters
RUN-1001 : Exported libs
RUN-1001 : Exported entities
RUN-1001 : Exported ports
RUN-1001 : Exported pins
RUN-1001 : Exported instances
RUN-1001 : Exported nets
RUN-1001 : Exported buses
RUN-1001 : Exported models
RUN-1001 : Exported congestions
RUN-1001 : Exported violations
RUN-1001 : Exported timing constraints
RUN-1001 : Exported IO constraints
RUN-1001 : Exported Inst constraints
RUN-1001 : Exported ChipWatcher
RUN-1002 : start command "start_timer"
TMR-2505 : Start building timing graph for model top.
TMR-2506 : Build timing graph completely. Port num: 22, tpin num: 14412, tnet num: 3643, tinst num: 1622, tnode num: 18696, tedge num: 23955.
TMR-2508 : Levelizing timing graph completed, there are 43 levels in total.
TMR-2501 : Timing graph initialized successfully.
RUN-1002 : start command "report_timing -mode FINAL -net_info -rpt_autogen true -file pic_sdram_phy.timing"
TMR-2503 : Start to update net delay, extr mode = 6.
TMR-2504 : Update delay of 3643 nets completely.
TMR-2502 : Annotate delay completely, extr mode = 6.
TMR-3001 : Initiate 4 clocks from SDC.
TMR-3004 : Map sdc constraints, there are 8 constraints in total.
TMR-3003 : Constraints initiated successfully.
TMR-3501 : Forward propagation: start to calculate arrival time...
TMR-3502 : Backward propagation: start to calculate required time...
TMR-3503 : Timing propagation completes.
TMR-3506 : Start to generate timing report.
TMR-1502 : Number of clock constraints = 4. Number of clock nets = 5 (1 unconstrainted).
TMR-5009 WARNING: No clock constraint on 1 clock net(s): 
		config_inst_syn_10
TMR-3508 : Export timing summary.
TMR-3507 : Timing report generated successfully in pic_sdram_phy.timing, timing summary in pic_sdram_phy.tsm.
RUN-1002 : start command "export_bid pic_sdram_inst.bid"
PRG-1000 : <!-- HMAC is: 416655fb0cffcff951044c9c5954edb8b7455d076acc7424eb08b51f4c9a3795 -->
RUN-1002 : start command "bitgen -bit pic_sdram.bit"
BIT-1003 : Start to generate bitstream. 
BIT-1002 : Init instances with 16 threads.
BIT-1002 : Init instances completely, inst num: 1622
BIT-1002 : Init pips with 16 threads.
BIT-1002 : Init pips completely, net num: 3645, pip num: 33977
BIT-1002 : Init feedthrough with 16 threads.
BIT-1002 : Init feedthrough completely, num: 33
BIT-1003 : Multithreading accelaration with 16 threads.
BIT-1003 : Generate bitstream completely, there are 2370 valid insts, and 92685 bits set as '1'.
BIT-1004 : the usercode register value: 00000000101010010001011001011100
BIT-1004 : PLL setting string = 0110
BIT-1004 : Generate bits file pic_sdram.bit.
RUN-1003 : finish command "bitgen -bit pic_sdram.bit" in  3.756454s wall, 37.250000s user + 0.062500s system = 37.312500s CPU (993.3%)

RUN-1004 : used memory is 587 MB, reserved memory is 564 MB, peak memory is 766 MB
RUN-1002 : start command "backup_run_log run.log ../.logs/phy_1/td_20231218_130154.log"
