============================================================
   Tang Dynasty, V5.6.71036
      Copyright (c) 2012-2023 Anlogic Inc.
   Executable = D:/Program/Anlogic/TD5.6.2/bin/td.exe
   Built at =   20:34:38 Mar 21 2023
   Run by =     28408
   Run Date =   Wed Dec 13 10:19:58 2023

   Run on =     DESKTOP-T1B5OP5
============================================================
RUN-1002 : start command "open_project pic_sdram.prj"
RUN-1001 : Print Global Property
RUN-1001 : ---------------------------------------------------------------
RUN-1001 :        Parameters        |  Settings  |  Default Values  |  Note  
RUN-1001 : ---------------------------------------------------------------
RUN-1001 :          message         |  standard  |     standard     |        
RUN-1001 :   mixed_pack_place_flow  |     on     |        on        |        
RUN-1001 :        qor_monitor       |    off     |       off        |        
RUN-1001 :        syn_ip_flow       |    off     |       off        |        
RUN-1001 :          thread          |    auto    |       auto       |        
RUN-1001 : ---------------------------------------------------------------
RUN-1001 : Print Design Property
RUN-1001 : --------------------------------------------------------------
RUN-1001 :        Parameters       |  Settings  |  Default Values  |  Note  
RUN-1001 : --------------------------------------------------------------
RUN-1001 :   default_reg_initial   |    auto    |       auto       |        
RUN-1001 :        infer_add        |     on     |        on        |        
RUN-1001 :        infer_fsm        |    off     |       off        |        
RUN-1001 :        infer_mult       |     on     |        on        |        
RUN-1001 :        infer_ram        |     on     |        on        |        
RUN-1001 :        infer_reg        |     on     |        on        |        
RUN-1001 :   infer_reg_init_value  |     on     |        on        |        
RUN-1001 :        infer_rom        |     on     |        on        |        
RUN-1001 :      infer_shifter      |     on     |        on        |        
RUN-1001 : --------------------------------------------------------------
RUN-1001 : Print Rtl Property
RUN-1001 : --------------------------------------------------------------
RUN-1001 :        Parameters       |  Settings  |  Default Values  |  Note  
RUN-1001 : --------------------------------------------------------------
RUN-1001 :       compress_add      |   ripple   |      ripple      |        
RUN-1001 :        elf_sload        |    off     |       off        |        
RUN-1001 :       fix_undriven      |     0      |        0         |        
RUN-1001 :         flatten         |    off     |       off        |        
RUN-1001 :       gate_sharing      |     on     |        on        |        
RUN-1001 :    hdl_warning_level    |   normal   |      normal      |        
RUN-1001 :   impl_internal_tribuf  |     on     |        on        |        
RUN-1001 :      impl_set_reset     |     on     |        on        |        
RUN-1001 :        infer_gsr        |    off     |       off        |        
RUN-1001 :      keep_hierarchy     |    auto    |       auto       |        
RUN-1001 :        max_fanout       |    9999    |       9999       |        
RUN-1001 :      max_oh2bin_len     |     10     |        10        |        
RUN-1001 :       merge_equal       |     on     |        on        |        
RUN-1001 :       merge_equiv       |     on     |        on        |        
RUN-1001 :        merge_mux        |    off     |       off        |        
RUN-1001 :     min_control_set     |     8      |        8         |        
RUN-1001 :      min_ripple_len     |    auto    |       auto       |        
RUN-1001 :       oh2bin_ratio      |    0.08    |       0.08       |        
RUN-1001 :     opt_adder_fanout    |     on     |        on        |        
RUN-1001 :        opt_arith        |     on     |        on        |        
RUN-1001 :       opt_big_gate      |    off     |       off        |        
RUN-1001 :        opt_const        |     on     |        on        |        
RUN-1001 :      opt_const_mult     |     on     |        on        |        
RUN-1001 :       opt_lessthan      |     on     |        on        |        
RUN-1001 :         opt_mux         |    off     |       off        |        
RUN-1001 :         opt_ram         |    high    |       high       |        
RUN-1001 :      rtl_sim_model      |    off     |       off        |        
RUN-1001 :         seq_syn         |     on     |        on        |        
RUN-1001 : --------------------------------------------------------------
HDL-1007 : analyze verilog file ../../al_ip/sys_pll.v
HDL-1007 : undeclared symbol 'open', assumed default net type 'wire' in ../../al_ip/sys_pll.v(77)
HDL-1007 : analyze verilog file ../../al_ip/video_pll.v
HDL-1007 : undeclared symbol 'open', assumed default net type 'wire' in ../../al_ip/video_pll.v(63)
HDL-1007 : analyze verilog file ../../al_ip/afifo_16_256.v
HDL-1007 : analyze verilog file ../../al_ip/sdram.v
HDL-1007 : analyze verilog file ../../Qspi_master.v
HDL-1007 : analyze verilog file ../../flash_cmd.v
HDL-1007 : analyze verilog file ../../flash_reader.v
HDL-1007 : analyze verilog file ../../flash_step.v
HDL-1007 : analyze verilog file ../../flash_write_read.v
HDL-1007 : analyze verilog file ../../flash_writer.v
HDL-1007 : analyze verilog file ../../src/ax_debounce.v
HDL-1007 : analyze verilog file ../../src/bmp_read.v
HDL-1007 : analyze verilog file ../../src/color_bar.v
HDL-1007 : analyze included file ../../src/video_define.v in ../../src/color_bar.v(2)
HDL-1007 : back to file '../../src/color_bar.v' in ../../src/color_bar.v(2)
HDL-1007 : analyze verilog file ../../src/frame_fifo_read.v
HDL-1007 : undeclared symbol 'read_busy', assumed default net type 'wire' in ../../src/frame_fifo_read.v(56)
HDL-1007 : analyze verilog file ../../src/frame_fifo_write.v
HDL-1007 : undeclared symbol 'write_busy', assumed default net type 'wire' in ../../src/frame_fifo_write.v(55)
HDL-1007 : analyze verilog file ../../src/frame_read_write.v
HDL-1007 : analyze verilog file ../../src/sd_card/sd_card_cmd.v
HDL-1007 : analyze verilog file ../../src/sd_card/sd_card_sec_read_write.v
HDL-1007 : analyze verilog file ../../src/sd_card/sd_card_top.v
HDL-1007 : analyze verilog file ../../src/sd_card/spi_master.v
HDL-1007 : analyze verilog file ../../src/sd_card_bmp.v
HDL-1007 : analyze verilog file ../../src/seg_decoder.v
HDL-1007 : analyze verilog file ../../src/seg_scan.v
HDL-1007 : analyze verilog file ../../src/top.v
HDL-1007 : analyze verilog file ../../src/video_timing_data.v
HDL-1007 : analyze verilog file ../../src/sdram_r/sdram_cmd.v
HDL-1007 : analyze included file ../../src/sdram_r/sdram_para.v in ../../src/sdram_r/sdram_cmd.v(45)
HDL-1007 : back to file '../../src/sdram_r/sdram_cmd.v' in ../../src/sdram_r/sdram_cmd.v(45)
HDL-1007 : analyze verilog file ../../src/sdram_r/sdram_controller.v
HDL-1007 : analyze verilog file ../../src/sdram_r/sdram_ctrl.v
HDL-1007 : analyze included file ../../src/sdram_r/sdram_para.v in ../../src/sdram_r/sdram_ctrl.v(19)
HDL-1007 : back to file '../../src/sdram_r/sdram_ctrl.v' in ../../src/sdram_r/sdram_ctrl.v(19)
HDL-1007 : analyze verilog file ../../src/sdram_r/sdram_data.v
HDL-1007 : analyze included file ../../src/sdram_r/sdram_para.v in ../../src/sdram_r/sdram_data.v(13)
HDL-1007 : back to file '../../src/sdram_r/sdram_data.v' in ../../src/sdram_r/sdram_data.v(13)
RUN-1001 : Project manager successfully analyzed 31 source files.
RUN-1002 : start command "import_device eagle_s20.db -package EG4S20BG256"
ARC-1001 : Device Initialization.
ARC-1001 : ------------------------------------------------------------------
ARC-1001 :            OPTION            |          IO          |   SETTING   
ARC-1001 : ------------------------------------------------------------------
ARC-1001 :   cso_b/cclk/mosi/miso/dout  |  T3/R11/T10/P10/S11  |    gpio    
ARC-1001 :             done             |         P13          |    gpio    
ARC-1001 :           program_b          |          T2          |  dedicate  
ARC-1001 :        tdi/tms/tck/tdo       |   C12/A15/C14/E14    |  dedicate  
ARC-1001 : ------------------------------------------------------------------
ARC-1004 : Device setting, marked 5 dedicate IOs in total.
RUN-1002 : start command "import_db ../syn_1/pic_sdram_gate.db"
RUN-1001 : Importing database generated by Tang Dynasty, V5.6.71036.
RUN-1001 : Database version number 46146.
RUN-1001 : Import flow parameters
RUN-1001 : Import timing constraints
RUN-1001 : Import IO constraints
RUN-1001 : Import Inst constraints
RUN-1001 : Import design success TD_VERSION=5.6.71036 , DB_VERSION=46146
RUN-1002 : start command "read_sdc ../../top.sdc"
RUN-1002 : start command "get_ports clk"
RUN-1002 : start command "create_clock -name clk -period 20 -waveform 0 10 "
RUN-1102 : create_clock: clock name: clk, type: 0, period: 20000, rise: 0, fall: 10000.
RUN-1002 : start command "derive_pll_clocks"
USR-1002 : Gen clock cmd:  create_generated_clock -name {sys_pll_m0/pll_inst.clkc[0]} -source [get_ports {clk}] -master_clock {clk} -multiply_by 2.0000 [get_pins {sys_pll_m0/pll_inst.clkc[0]}]
RUN-1002 : start command "get_ports clk"
RUN-1002 : start command "get_pins sys_pll_m0/pll_inst.clkc[0]"
RUN-1002 : start command "create_generated_clock -name sys_pll_m0/pll_inst.clkc[0] -source  -master_clock clk -multiply_by 2.0000 "
USR-1002 : Gen clock cmd:  create_generated_clock -name {sys_pll_m0/pll_inst.clkc[1]} -source [get_ports {clk}] -master_clock {clk} -multiply_by 2.0000 [get_pins {sys_pll_m0/pll_inst.clkc[1]}]
RUN-1002 : start command "get_ports clk"
RUN-1002 : start command "get_pins sys_pll_m0/pll_inst.clkc[1]"
RUN-1002 : start command "create_generated_clock -name sys_pll_m0/pll_inst.clkc[1] -source  -master_clock clk -multiply_by 2.0000 "
USR-1002 : Gen clock cmd:  create_generated_clock -name {sys_pll_m0/pll_inst.clkc[2]} -source [get_ports {clk}] -master_clock {clk} -multiply_by 2.0000 [get_pins {sys_pll_m0/pll_inst.clkc[2]}]
RUN-1002 : start command "get_ports clk"
RUN-1002 : start command "get_pins sys_pll_m0/pll_inst.clkc[2]"
RUN-1002 : start command "create_generated_clock -name sys_pll_m0/pll_inst.clkc[2] -source  -master_clock clk -multiply_by 2.0000 "
USR-1002 : Gen clock cmd:  create_generated_clock -name {video_pll_m0/pll_inst.clkc[0]} -source [get_ports {clk}] -master_clock {clk} -divide_by 2.0000 [get_pins {video_pll_m0/pll_inst.clkc[0]}]
RUN-1002 : start command "get_ports clk"
RUN-1002 : start command "get_pins video_pll_m0/pll_inst.clkc[0]"
RUN-1002 : start command "create_generated_clock -name video_pll_m0/pll_inst.clkc[0] -source  -master_clock clk -divide_by 2.0000 "
RUN-1002 : start command "get_ports clk"
RUN-1002 : start command "get_pins sys_pll_m0/pll_inst.clkc[0]"
RUN-1002 : start command "rename_clock -name sd_card_clk -source  -master_clock clk "
RUN-1105 : Rename Clock: clock sys_pll_m0/pll_inst.clkc[0] was renamed, new name is sd_card_clk.
RUN-1002 : start command "get_ports clk"
RUN-1002 : start command "get_pins sys_pll_m0/pll_inst.clkc[1]"
RUN-1002 : start command "rename_clock -name ext_mem_clk -source  -master_clock clk "
RUN-1105 : Rename Clock: clock sys_pll_m0/pll_inst.clkc[1] was renamed, new name is ext_mem_clk.
RUN-1002 : start command "get_ports clk"
RUN-1002 : start command "get_pins sys_pll_m0/pll_inst.clkc[2]"
RUN-1002 : start command "rename_clock -name flash_sys_clk -source  -master_clock clk "
RUN-1105 : Rename Clock: clock sys_pll_m0/pll_inst.clkc[2] was renamed, new name is flash_sys_clk.
RUN-1002 : start command "get_ports clk"
RUN-1002 : start command "get_pins video_pll_m0/pll_inst.clkc[0]"
RUN-1002 : start command "rename_clock -name video_clk -source  -master_clock clk "
RUN-1105 : Rename Clock: clock video_pll_m0/pll_inst.clkc[0] was renamed, new name is video_clk.
RUN-1002 : start command "read_sdc -ip afifo_16_256 ../../al_ip/afifo_16_256.tcl"
RUN-1002 : start command "get_ports clkw"
RUN-1002 : start command "get_nets  clkw  "
RUN-1002 : start command "get_clocks -nowarn -of nets 21152713932800"
RUN-1002 : start command "get_ports clkr"
RUN-1002 : start command "get_nets  clkr  "
RUN-1002 : start command "get_clocks -nowarn -of nets 25692494364672"
RUN-1002 : start command "get_property -nowarn -max PERIOD "
RUN-1002 : start command "get_property -nowarn -max PERIOD "
RUN-1002 : start command "get_regs rd_to_wr_cross_inst/primary_addr_gray_reg[*]"
RUN-1002 : start command "get_regs rd_to_wr_cross_inst/sync_r1[*]"
RUN-1002 : start command "set_max_delay -from  -to  9.6999999999999993 -datapath_only"
RUN-1002 : start command "get_regs rd_to_wr_cross_inst/primary_addr_gray_reg[*]"
RUN-1002 : start command "get_regs rd_to_wr_cross_inst/sync_r1[*]"
RUN-1002 : start command "set_false_path -from  -to  -hold 9.6999999999999993"
USR-1002 : set_false_path -help -setup -hold -from <list> -rise_from <list> -fall_from <list> -to <list> -rise_to <list> -fall_to <list> -through <list>
RUN-1002 : start command "get_regs wr_to_rd_cross_inst/primary_addr_gray_reg[*]"
RUN-1002 : start command "get_regs wr_to_rd_cross_inst/sync_r1[*]"
RUN-1002 : start command "set_max_delay -from  -to  9.6999999999999993 -datapath_only"
RUN-1002 : start command "get_regs wr_to_rd_cross_inst/primary_addr_gray_reg[*]"
RUN-1002 : start command "get_regs wr_to_rd_cross_inst/sync_r1[*]"
RUN-1002 : start command "set_false_path -from  -to  -hold 9.6999999999999993"
USR-1002 : set_false_path -help -setup -hold -from <list> -rise_from <list> -fall_from <list> -to <list> -rise_to <list> -fall_to <list> -through <list>
RUN-1002 : start command "get_ports clkw"
RUN-1002 : start command "get_nets  clkw  "
RUN-1002 : start command "get_clocks -nowarn -of nets 31666793873408"
RUN-1002 : start command "get_ports clkr"
RUN-1002 : start command "get_nets  clkr  "
RUN-1002 : start command "get_clocks -nowarn -of nets 21152713932800"
RUN-1002 : start command "get_property -nowarn -max PERIOD "
RUN-1002 : start command "get_property -nowarn -max PERIOD "
RUN-1002 : start command "get_regs rd_to_wr_cross_inst/primary_addr_gray_reg[*]"
RUN-1002 : start command "get_regs rd_to_wr_cross_inst/sync_r1[*]"
RUN-1002 : start command "set_max_delay -from  -to  9.6999999999999993 -datapath_only"
RUN-1002 : start command "get_regs rd_to_wr_cross_inst/primary_addr_gray_reg[*]"
RUN-1002 : start command "get_regs rd_to_wr_cross_inst/sync_r1[*]"
RUN-1002 : start command "set_false_path -from  -to  -hold 9.6999999999999993"
USR-1002 : set_false_path -help -setup -hold -from <list> -rise_from <list> -fall_from <list> -to <list> -rise_to <list> -fall_to <list> -through <list>
RUN-1002 : start command "get_regs wr_to_rd_cross_inst/primary_addr_gray_reg[*]"
RUN-1002 : start command "get_regs wr_to_rd_cross_inst/sync_r1[*]"
RUN-1002 : start command "set_max_delay -from  -to  9.6999999999999993 -datapath_only"
RUN-1002 : start command "get_regs wr_to_rd_cross_inst/primary_addr_gray_reg[*]"
RUN-1002 : start command "get_regs wr_to_rd_cross_inst/sync_r1[*]"
RUN-1002 : start command "set_false_path -from  -to  -hold 9.6999999999999993"
USR-1002 : set_false_path -help -setup -hold -from <list> -rise_from <list> -fall_from <list> -to <list> -rise_to <list> -fall_to <list> -through <list>
RUN-1002 : start command "place"
RUN-1001 : Open license file D:/Program/Anlogic/TD5.6.2/license/Anlogic.lic
RUN-1001 : Print Global Property
RUN-1001 : ---------------------------------------------------------------
RUN-1001 :        Parameters        |  Settings  |  Default Values  |  Note  
RUN-1001 : ---------------------------------------------------------------
RUN-1001 :          message         |  standard  |     standard     |        
RUN-1001 :   mixed_pack_place_flow  |     on     |        on        |        
RUN-1001 :        qor_monitor       |    off     |       off        |        
RUN-1001 :        syn_ip_flow       |    off     |       off        |        
RUN-1001 :          thread          |    auto    |       auto       |        
RUN-1001 : ---------------------------------------------------------------
RUN-1001 : Print Place Property
RUN-1001 : --------------------------------------------------------------
RUN-1001 :        Parameters       |  Settings  |  Default Values  |  Note  
RUN-1001 : --------------------------------------------------------------
RUN-1001 :      detailed_place     |     on     |        on        |        
RUN-1001 :          effort         |   medium   |      medium      |        
RUN-1001 :         fix_hold        |    off     |       off        |        
RUN-1001 :       legalization      |    ori     |       ori        |        
RUN-1001 :      new_spreading      |     on     |        on        |        
RUN-1001 :        opt_timing       |   medium   |      medium      |        
RUN-1001 :   post_clock_route_opt  |    off     |       off        |        
RUN-1001 :       pr_strategy       |     1      |        1         |        
RUN-1001 :        relaxation       |    1.00    |       1.00       |        
RUN-1001 :         retiming        |    off     |       off        |        
RUN-1001 : --------------------------------------------------------------
PHY-3001 : Placer runs in 16 thread(s).
RUN-1002 : start command "legalize_phy_inst"
SYN-1011 : Flatten model top
RUN-1002 : start command "phys_opt -simplify_lut"
SYN-4016 : Net frame_read_write_m0/write_buf/clkw driven by BUFG (488 clock/control pins, 1 other pins).
SYN-4016 : Net frame_read_write_m0/read_buf/clkr driven by BUFG (109 clock/control pins, 1 other pins).
SYN-4027 : Net frame_read_write_m0/frame_fifo_read_m0/mem_clk is clkc1 of pll sys_pll_m0/pll_inst.
SYN-4027 : Net flash_write_read_m0/flash_cmd_m0/sys_clk is clkc2 of pll sys_pll_m0/pll_inst.
SYN-4019 : Net clk_dup_1 is refclk of pll sys_pll_m0/pll_inst.
SYN-4020 : Net clk_dup_1 is fbclk of pll sys_pll_m0/pll_inst.
SYN-4019 : Net clk_dup_1 is refclk of pll video_pll_m0/pll_inst.
SYN-4020 : Net clk_dup_1 is fbclk of pll video_pll_m0/pll_inst.
SYN-4025 : Tag rtl::Net clk_dup_1 as clock net
SYN-4025 : Tag rtl::Net flash_write_read_m0/flash_cmd_m0/sys_clk as clock net
SYN-4025 : Tag rtl::Net frame_read_write_m0/frame_fifo_read_m0/mem_clk as clock net
SYN-4025 : Tag rtl::Net frame_read_write_m0/read_buf/clkr as clock net
SYN-4025 : Tag rtl::Net frame_read_write_m0/write_buf/clkw as clock net
SYN-4026 : Tagged 5 rtl::Net as clock net
PHY-1001 : Populate physical database on model top.
RUN-1001 : There are total 3074 instances
RUN-0007 : 1496 luts, 828 seqs, 423 mslices, 218 lslices, 102 pads, 0 brams, 0 dsps
RUN-1001 : There are total 4937 nets
RUN-1001 : 3115 nets have 2 pins
RUN-1001 : 1522 nets have [3 - 5] pins
RUN-1001 : 121 nets have [6 - 10] pins
RUN-1001 : 103 nets have [11 - 20] pins
RUN-1001 : 60 nets have [21 - 99] pins
RUN-1001 : 16 nets have 100+ pins
RUN-1001 : Report Control nets information:
RUN-1001 : DFF Distribution
RUN-1001 : ----------------------------------
RUN-1001 :   CE   |  SSR  |  ASR  |  DFF Count  
RUN-1001 : ----------------------------------
RUN-1001 :   No   |  No   |  No   |      1      
RUN-1001 :   No   |  No   |  Yes  |     499     
RUN-1001 :   No   |  Yes  |  No   |      0      
RUN-1001 :   Yes  |  No   |  No   |     16      
RUN-1001 :   Yes  |  No   |  Yes  |     312     
RUN-1001 :   Yes  |  Yes  |  No   |      0      
RUN-1001 : ----------------------------------
RUN-0007 : Control Group Statistic
RUN-0007 : ---------------------------
RUN-0007 :   #CLK  |  #CE  |  #SSR/ASR  
RUN-0007 : ---------------------------
RUN-0007 :    5    |  24   |     8      
RUN-0007 : ---------------------------
RUN-0007 : Control Set = 37
PHY-3001 : Initial placement ...
PHY-3001 : design contains 3072 instances, 1496 luts, 828 seqs, 641 slices, 169 macros(641 instances: 423 mslices 218 lslices)
PHY-0007 : Cell area utilization is 14%
PHY-3001 : Start timing update ...
RUN-1002 : start command "start_timer -report"
TMR-2505 : Start building timing graph for model top.
TMR-2506 : Build timing graph completely. Port num: 22, tpin num: 16442, tnet num: 3527, tinst num: 3072, tnode num: 20095, tedge num: 26771.
TMR-2508 : Levelizing timing graph completed, there are 43 levels in total.
TMR-2501 : Timing graph initialized successfully.
TMR-2503 : Start to update net delay, extr mode = 2.
TMR-2504 : Update delay of 3527 nets completely.
TMR-2502 : Annotate delay completely, extr mode = 2.
TMR-3001 : Initiate 5 clocks from SDC.
TMR-3004 : Map sdc constraints, there are 8 constraints in total.
TMR-3003 : Constraints initiated successfully.
TMR-3501 : Forward propagation: start to calculate arrival time...
TMR-3502 : Backward propagation: start to calculate required time...
TMR-3503 : Timing propagation completes.
PHY-3001 : End timing update;  0.495492s wall, 0.390625s user + 0.000000s system = 0.390625s CPU (78.8%)

PHY-3001 : Global placement ...
PHY-3001 : Initial: Len = 724076
PHY-3001 : Clustering ...
PHY-3001 : Level 0 #clusters 3072.
PHY-3001 : End clustering;  0.000008s wall, 0.000000s user + 0.000000s system = 0.000000s CPU (n/a%)

PHY-3001 : Run with size of 4
PHY-3001 : Cell area utilization is 14%
PHY-3001 : :::0::: Try harder cell spreading with beta_ = 0
PHY-3002 : Step(1): len = 614345, overlap = 0
PHY-3002 : Step(2): len = 533231, overlap = 0
PHY-3002 : Step(3): len = 475469, overlap = 0
PHY-3002 : Step(4): len = 425241, overlap = 0
PHY-3002 : Step(5): len = 380256, overlap = 0
PHY-3002 : Step(6): len = 339939, overlap = 0
PHY-3002 : Step(7): len = 301049, overlap = 0
PHY-3002 : Step(8): len = 272893, overlap = 1.46875
PHY-3002 : Step(9): len = 240910, overlap = 5.21875
PHY-3002 : Step(10): len = 213694, overlap = 19.3125
PHY-3002 : Step(11): len = 195156, overlap = 40.3125
PHY-3002 : Step(12): len = 175540, overlap = 54.9375
PHY-3002 : Step(13): len = 158166, overlap = 61.1875
PHY-3002 : Step(14): len = 144811, overlap = 74.6562
PHY-3002 : Step(15): len = 134652, overlap = 99.375
PHY-3002 : Step(16): len = 125439, overlap = 111.438
PHY-3002 : Step(17): len = 119342, overlap = 117
PHY-3002 : Step(18): len = 114701, overlap = 120.938
PHY-3001 : :::1::: Try harder cell spreading with beta_ = 7.12327e-05
PHY-3002 : Step(19): len = 117614, overlap = 100.156
PHY-3002 : Step(20): len = 121446, overlap = 49.7812
PHY-3002 : Step(21): len = 116775, overlap = 54.125
PHY-3002 : Step(22): len = 113818, overlap = 56.0625
PHY-3002 : Step(23): len = 111257, overlap = 55.25
PHY-3002 : Step(24): len = 107451, overlap = 57.4688
PHY-3002 : Step(25): len = 106072, overlap = 55.0312
PHY-3002 : Step(26): len = 103937, overlap = 52.0625
PHY-3002 : Step(27): len = 101996, overlap = 53.3438
PHY-3002 : Step(28): len = 100322, overlap = 54.0625
PHY-3002 : Step(29): len = 98570.1, overlap = 50.2812
PHY-3002 : Step(30): len = 96172.1, overlap = 49.5
PHY-3002 : Step(31): len = 92738.6, overlap = 52.1562
PHY-3002 : Step(32): len = 90172.2, overlap = 60.8125
PHY-3002 : Step(33): len = 88376.1, overlap = 64.7188
PHY-3002 : Step(34): len = 87254.5, overlap = 67.125
PHY-3002 : Step(35): len = 84966.6, overlap = 73.9688
PHY-3002 : Step(36): len = 83834.4, overlap = 78
PHY-3002 : Step(37): len = 82548.1, overlap = 81.625
PHY-3002 : Step(38): len = 81450.8, overlap = 92.7812
PHY-3002 : Step(39): len = 80309.9, overlap = 99.1875
PHY-3002 : Step(40): len = 79009.2, overlap = 104.469
PHY-3002 : Step(41): len = 78712.7, overlap = 105.219
PHY-3002 : Step(42): len = 77302.5, overlap = 106.375
PHY-3002 : Step(43): len = 76971.9, overlap = 108.938
PHY-3002 : Step(44): len = 76071.4, overlap = 115.281
PHY-3001 : :::2::: Try harder cell spreading with beta_ = 0.000142465
PHY-3002 : Step(45): len = 75751.2, overlap = 110.906
PHY-3002 : Step(46): len = 75927.1, overlap = 110.719
PHY-3001 : :::3::: Try harder cell spreading with beta_ = 0.000284931
PHY-3002 : Step(47): len = 77127.7, overlap = 101.156
PHY-3002 : Step(48): len = 77587.5, overlap = 97.3125
PHY-3002 : Step(49): len = 77691.4, overlap = 88.2188
PHY-3001 : :::4::: Try harder cell spreading with beta_ = 0.000569862
PHY-3002 : Step(50): len = 77579.3, overlap = 86
PHY-3002 : Step(51): len = 77676.6, overlap = 86.0938
PHY-3001 : :::5::: Try harder cell spreading with beta_ = 0.00113972
PHY-3002 : Step(52): len = 77692.7, overlap = 81.4688
PHY-3002 : Step(53): len = 77890.5, overlap = 80.4375
PHY-3001 : :::6::: Try harder cell spreading with beta_ = 0.00227945
PHY-3002 : Step(54): len = 77591.5, overlap = 82.0312
PHY-3002 : Step(55): len = 77612, overlap = 83.5625
PHY-3001 : :::7::: Try harder cell spreading with beta_ = 0.0042172
PHY-3002 : Step(56): len = 77720.4, overlap = 80.6562
PHY-3002 : Step(57): len = 77531.4, overlap = 82.625
PHY-3001 : :::8::: Try harder cell spreading with beta_ = 0.00720361
PHY-3002 : Step(58): len = 77593.5, overlap = 82.2188
PHY-3002 : Step(59): len = 77584.8, overlap = 82.4375
PHY-3001 : :::9::: Try harder cell spreading with beta_ = 0.0144072
PHY-3002 : Step(60): len = 77574.6, overlap = 83.4688
PHY-3002 : Step(61): len = 77518.9, overlap = 84.875
PHY-3001 : :::10::: Try harder cell spreading with beta_ = 0.0288144
PHY-3002 : Step(62): len = 77517.5, overlap = 85.1562
PHY-3002 : Step(63): len = 77517.5, overlap = 85.1562
PHY-3001 : Legalization ...
PHY-3001 : End legalization;  0.003079s wall, 0.000000s user + 0.000000s system = 0.000000s CPU (n/a%)

PHY-3001 : Run with size of 4
PHY-3001 : Cell area utilization is 18%
PHY-3001 : Update timing in Manhattan mode ...
TMR-2503 : Start to update net delay, extr mode = 3.
TMR-2504 : Update delay of 3527 nets completely.
TMR-2502 : Annotate delay completely, extr mode = 3.
TMR-3501 : Forward propagation: start to calculate arrival time...
TMR-3502 : Backward propagation: start to calculate required time...
TMR-3503 : Timing propagation completes.
PHY-3001 : End timing update;  0.084555s wall, 0.046875s user + 0.000000s system = 0.046875s CPU (55.4%)

PHY-3001 : :::0::: Try harder cell spreading with beta_ = 1.31681e-05
PHY-3002 : Step(64): len = 75607.8, overlap = 146.094
PHY-3002 : Step(65): len = 75395.4, overlap = 153.094
PHY-3002 : Step(66): len = 74222.1, overlap = 161.375
PHY-3002 : Step(67): len = 73997.8, overlap = 165.469
PHY-3002 : Step(68): len = 73536.9, overlap = 168.438
PHY-3002 : Step(69): len = 73119, overlap = 173.25
PHY-3002 : Step(70): len = 72473, overlap = 176.938
PHY-3002 : Step(71): len = 71469.3, overlap = 176.281
PHY-3002 : Step(72): len = 71116.5, overlap = 176.938
PHY-3002 : Step(73): len = 70813.2, overlap = 179.719
PHY-3002 : Step(74): len = 70822.5, overlap = 180.969
PHY-3002 : Step(75): len = 70764.3, overlap = 179.812
PHY-3002 : Step(76): len = 70634.1, overlap = 179.844
PHY-3002 : Step(77): len = 70373.5, overlap = 180.375
PHY-3002 : Step(78): len = 70011.1, overlap = 179.5
PHY-3002 : Step(79): len = 69809.8, overlap = 176.844
PHY-3002 : Step(80): len = 69400.9, overlap = 170.719
PHY-3002 : Step(81): len = 69024.7, overlap = 165.312
PHY-3002 : Step(82): len = 68538.4, overlap = 161.031
PHY-3002 : Step(83): len = 67950.6, overlap = 141.719
PHY-3002 : Step(84): len = 67656.5, overlap = 131.906
PHY-3002 : Step(85): len = 67025, overlap = 129.781
PHY-3002 : Step(86): len = 66893.4, overlap = 131.219
PHY-3002 : Step(87): len = 66300.3, overlap = 130.125
PHY-3001 : :::1::: Try harder cell spreading with beta_ = 2.63363e-05
PHY-3002 : Step(88): len = 66472.4, overlap = 127.094
PHY-3002 : Step(89): len = 66553.8, overlap = 127.094
PHY-3001 : :::2::: Try harder cell spreading with beta_ = 5.26725e-05
PHY-3002 : Step(90): len = 68507.6, overlap = 118.438
PHY-3002 : Step(91): len = 69262.3, overlap = 118.875
PHY-3002 : Step(92): len = 70934.3, overlap = 119.156
PHY-3002 : Step(93): len = 72296.3, overlap = 105.25
PHY-3002 : Step(94): len = 74552, overlap = 113.781
PHY-3001 : :::3::: Try harder cell spreading with beta_ = 0.000105345
PHY-3002 : Step(95): len = 74472.7, overlap = 116.562
PHY-3002 : Step(96): len = 74662.4, overlap = 120.344
PHY-3002 : Step(97): len = 75085.7, overlap = 125.688
PHY-3002 : Step(98): len = 76065, overlap = 129.438
PHY-3002 : Step(99): len = 75550.7, overlap = 133.406
PHY-3002 : Step(100): len = 75436.8, overlap = 134.281
PHY-3002 : Step(101): len = 74803.7, overlap = 135
PHY-3001 : :::4::: Try harder cell spreading with beta_ = 0.00021069
PHY-3002 : Step(102): len = 74803.4, overlap = 135.156
PHY-3002 : Step(103): len = 75111.4, overlap = 132.188
PHY-3001 : :::5::: Try harder cell spreading with beta_ = 0.00042138
PHY-3002 : Step(104): len = 77207.4, overlap = 129.219
PHY-3002 : Step(105): len = 78164, overlap = 128.25
PHY-3002 : Step(106): len = 78627.8, overlap = 124.906
PHY-3002 : Step(107): len = 79314, overlap = 118.031
PHY-3002 : Step(108): len = 80014.4, overlap = 115.062
PHY-3001 : :::6::: Try harder cell spreading with beta_ = 0.00084276
PHY-3002 : Step(109): len = 79532.1, overlap = 114.844
PHY-3002 : Step(110): len = 79695.6, overlap = 115.094
PHY-3002 : Step(111): len = 79871.7, overlap = 113.781
PHY-3001 : :::7::: Try harder cell spreading with beta_ = 0.00168552
PHY-3002 : Step(112): len = 80374, overlap = 112.531
PHY-3002 : Step(113): len = 80978.4, overlap = 110.75
PHY-3002 : Step(114): len = 81684.3, overlap = 102.156
PHY-3001 : :::8::: Try harder cell spreading with beta_ = 0.00337104
PHY-3002 : Step(115): len = 81278.7, overlap = 102.25
PHY-3002 : Step(116): len = 80921.5, overlap = 101.969
PHY-3001 : :::9::: Try harder cell spreading with beta_ = 0.00674208
PHY-3002 : Step(117): len = 81422.8, overlap = 96.9375
PHY-3002 : Step(118): len = 81513.2, overlap = 95.7812
PHY-3001 : Run with size of 2
PHY-3001 : Cell area utilization is 18%
PHY-3001 : Update timing in Manhattan mode ...
TMR-2503 : Start to update net delay, extr mode = 3.
TMR-2504 : Update delay of 3527 nets completely.
TMR-2502 : Annotate delay completely, extr mode = 3.
TMR-3501 : Forward propagation: start to calculate arrival time...
TMR-3502 : Backward propagation: start to calculate required time...
TMR-3503 : Timing propagation completes.
PHY-3001 : End timing update;  0.083044s wall, 0.078125s user + 0.000000s system = 0.078125s CPU (94.1%)

PHY-3001 : :::0::: Try harder cell spreading with beta_ = 5.95624e-05
PHY-3002 : Step(119): len = 84701.3, overlap = 176.531
PHY-3002 : Step(120): len = 86969.1, overlap = 138.969
PHY-3002 : Step(121): len = 85621.7, overlap = 133.094
PHY-3002 : Step(122): len = 85663.7, overlap = 134.188
PHY-3002 : Step(123): len = 83265.9, overlap = 139.25
PHY-3002 : Step(124): len = 82488.9, overlap = 142.219
PHY-3002 : Step(125): len = 81124.5, overlap = 141.25
PHY-3002 : Step(126): len = 79557.4, overlap = 148.594
PHY-3002 : Step(127): len = 79405.3, overlap = 149.125
PHY-3002 : Step(128): len = 78864.2, overlap = 150.906
PHY-3001 : :::1::: Try harder cell spreading with beta_ = 0.000119125
PHY-3002 : Step(129): len = 80381.8, overlap = 134.969
PHY-3002 : Step(130): len = 80634.4, overlap = 133.25
PHY-3002 : Step(131): len = 80743.1, overlap = 133.5
PHY-3001 : :::2::: Try harder cell spreading with beta_ = 0.00023825
PHY-3002 : Step(132): len = 83269, overlap = 117.562
PHY-3002 : Step(133): len = 84167.5, overlap = 115.375
PHY-3002 : Step(134): len = 83823.5, overlap = 110.406
PHY-3001 : :::3::: Try harder cell spreading with beta_ = 0.000476499
PHY-3002 : Step(135): len = 86045.7, overlap = 110.938
PHY-3002 : Step(136): len = 87288.8, overlap = 107.875
PHY-3002 : Step(137): len = 87285.3, overlap = 100.531
PHY-3002 : Step(138): len = 87288.8, overlap = 98.4688
PHY-3002 : Step(139): len = 87028.8, overlap = 99.6875
PHY-3001 : :::4::: Try harder cell spreading with beta_ = 0.000952999
PHY-3002 : Step(140): len = 87685.5, overlap = 95.7188
PHY-3002 : Step(141): len = 88114.9, overlap = 93.3125
PHY-3002 : Step(142): len = 88114.9, overlap = 93.3125
PHY-3001 : :::5::: Try harder cell spreading with beta_ = 0.001906
PHY-3002 : Step(143): len = 88759.5, overlap = 91.1875
PHY-3002 : Step(144): len = 90312, overlap = 90.6562
PHY-3001 : :::6::: Try harder cell spreading with beta_ = 0.003812
PHY-3002 : Step(145): len = 90793.6, overlap = 89.6562
PHY-3002 : Step(146): len = 91687.3, overlap = 87.0938
PHY-3001 : :::7::: Try harder cell spreading with beta_ = 0.00762399
PHY-3002 : Step(147): len = 91762.6, overlap = 87.1875
PHY-3002 : Step(148): len = 91992.9, overlap = 86.7812
PHY-3001 : :::8::: Try harder cell spreading with beta_ = 0.0143198
PHY-3002 : Step(149): len = 92144.4, overlap = 86.5
PHY-3002 : Step(150): len = 92642.2, overlap = 88.5312
PHY-3001 : :::9::: Try harder cell spreading with beta_ = 0.0286395
PHY-3002 : Step(151): len = 92640.8, overlap = 87.5
PHY-3002 : Step(152): len = 92668.1, overlap = 87
PHY-3001 : :::10::: Try harder cell spreading with beta_ = 0.0463387
PHY-3002 : Step(153): len = 92694.2, overlap = 87.375
PHY-3002 : Step(154): len = 92736.1, overlap = 86.7188
PHY-3001 : :::11::: Try harder cell spreading with beta_ = 0.0784861
PHY-3002 : Step(155): len = 92742.2, overlap = 87.375
PHY-3002 : Step(156): len = 92742.2, overlap = 87.375
OPT-1001 : Start physical optimization ...
RUN-1002 : start command "start_timer -report"
TMR-2505 : Start building timing graph for model top.
TMR-2506 : Build timing graph completely. Port num: 22, tpin num: 16442, tnet num: 3527, tinst num: 3072, tnode num: 20095, tedge num: 26771.
TMR-2508 : Levelizing timing graph completed, there are 43 levels in total.
TMR-2501 : Timing graph initialized successfully.
OPT-1001 : Total overflow 278.47 peak overflow 6.00
OPT-1001 : Start high-fanout net optimization ...
OPT-1001 : Update timing in global mode
PHY-1001 : Start incremental global routing, caller is place ...
RUN-1001 : Generating global routing grids ...
RUN-1001 : Building simple global routing graph ...
PHY-1001 : Generate routing nets ...
PHY-1001 : Reuse net number 0/4937.
PHY-1001 : Global iterations in 16 thread ...
PHY-1002 : len = 118696, over cnt = 437(1%), over = 2015, worst = 41
PHY-1001 : End global iterations;  0.136289s wall, 0.062500s user + 0.000000s system = 0.062500s CPU (45.9%)

PHY-1001 : Congestion index: top1 = 43.75, top5 = 33.25, top10 = 26.29, top15 = 21.60.
PHY-1001 : End incremental global routing;  0.191416s wall, 0.109375s user + 0.000000s system = 0.109375s CPU (57.1%)

TMR-2503 : Start to update net delay, extr mode = 5.
TMR-2504 : Update delay of 3527 nets completely.
TMR-2502 : Annotate delay completely, extr mode = 5.
TMR-3001 : Initiate 5 clocks from SDC.
TMR-3004 : Map sdc constraints, there are 8 constraints in total.
TMR-3003 : Constraints initiated successfully.
TMR-3501 : Forward propagation: start to calculate arrival time...
TMR-3502 : Backward propagation: start to calculate required time...
TMR-3503 : Timing propagation completes.
OPT-1001 : End timing update;  0.090063s wall, 0.093750s user + 0.000000s system = 0.093750s CPU (104.1%)

OPT-1001 : 2 high-fanout net processed.
PHY-3001 : Start incremental placement ...
PHY-1001 : Populate physical database on model top.
PHY-3001 : Initial placement ...
PHY-3001 : eco special cells: 1 has valid locations, 0 needs to be replaced
PHY-3001 : eco pad cells: 102 has valid locations, 0 needs to be replaced
PHY-3001 : eco cells: 2963 has valid locations, 17 needs to be replaced
PHY-3001 : design contains 3087 instances, 1496 luts, 843 seqs, 641 slices, 169 macros(641 instances: 423 mslices 218 lslices)
PHY-3001 : Global placement ...
PHY-3001 : Initial: Len = 93354.8
PHY-3001 : Run with size of 4
PHY-3001 : Cell area utilization is 18%
PHY-3001 : Update timing in Manhattan mode ...
RUN-1002 : start command "start_timer -report"
TMR-2505 : Start building timing graph for model top.
TMR-2506 : Build timing graph completely. Port num: 22, tpin num: 16517, tnet num: 3542, tinst num: 3087, tnode num: 20230, tedge num: 26891.
TMR-2508 : Levelizing timing graph completed, there are 43 levels in total.
TMR-2501 : Timing graph initialized successfully.
TMR-2503 : Start to update net delay, extr mode = 3.
TMR-2504 : Update delay of 3542 nets completely.
TMR-2502 : Annotate delay completely, extr mode = 3.
TMR-3001 : Initiate 5 clocks from SDC.
TMR-3004 : Map sdc constraints, there are 8 constraints in total.
TMR-3003 : Constraints initiated successfully.
TMR-3501 : Forward propagation: start to calculate arrival time...
TMR-3502 : Backward propagation: start to calculate required time...
TMR-3503 : Timing propagation completes.
PHY-3001 : End timing update;  0.525801s wall, 0.390625s user + 0.000000s system = 0.390625s CPU (74.3%)

PHY-3001 : :::0::: Try harder cell spreading with beta_ = 0
PHY-3002 : Step(157): len = 93292.8, overlap = 2.53125
PHY-3002 : Step(158): len = 93312.5, overlap = 2.53125
PHY-3002 : Step(159): len = 93358.7, overlap = 2.53125
PHY-3001 : Run with size of 2
PHY-3001 : Cell area utilization is 18%
PHY-3001 : Update timing in Manhattan mode ...
TMR-2503 : Start to update net delay, extr mode = 3.
TMR-2504 : Update delay of 3542 nets completely.
TMR-2502 : Annotate delay completely, extr mode = 3.
TMR-3501 : Forward propagation: start to calculate arrival time...
TMR-3502 : Backward propagation: start to calculate required time...
TMR-3503 : Timing propagation completes.
PHY-3001 : End timing update;  0.076325s wall, 0.062500s user + 0.000000s system = 0.062500s CPU (81.9%)

PHY-3001 : :::0::: Try harder cell spreading with beta_ = 0.00953123
PHY-3002 : Step(160): len = 93360.9, overlap = 87.375
PHY-3002 : Step(161): len = 93360.9, overlap = 87.375
PHY-3001 : :::1::: Try harder cell spreading with beta_ = 0.0190625
PHY-3002 : Step(162): len = 93346.9, overlap = 87.375
PHY-3002 : Step(163): len = 93346.9, overlap = 87.375
PHY-3001 : Final: Len = 93346.9, Over = 87.375
PHY-3001 : End incremental placement;  0.733607s wall, 0.468750s user + 0.000000s system = 0.468750s CPU (63.9%)

OPT-1001 : Total overflow 278.84 peak overflow 6.00
OPT-1001 : End high-fanout net optimization;  1.072595s wall, 0.718750s user + 0.000000s system = 0.718750s CPU (67.0%)

OPT-1001 : Current memory(MB): used = 255, reserve = 229, peak = 255.
OPT-1001 : Start global optimization ...
OPT-1001 : Start congestion update ...
RUN-1001 : Generating global routing grids ...
PHY-1001 : Generate routing nets ...
PHY-1001 : Reuse net number 3205/4952.
PHY-1001 : Global iterations in 16 thread ...
PHY-1002 : len = 119328, over cnt = 442(1%), over = 1989, worst = 40
PHY-1002 : len = 133344, over cnt = 343(0%), over = 990, worst = 28
PHY-1002 : len = 147080, over cnt = 69(0%), over = 109, worst = 21
PHY-1002 : len = 149264, over cnt = 17(0%), over = 20, worst = 3
PHY-1002 : len = 149904, over cnt = 0(0%), over = 0, worst = 0
PHY-1001 : End global iterations;  0.163595s wall, 0.046875s user + 0.000000s system = 0.046875s CPU (28.7%)

PHY-1001 : Congestion index: top1 = 40.13, top5 = 32.36, top10 = 27.25, top15 = 23.64.
OPT-1001 : End congestion update;  0.212126s wall, 0.093750s user + 0.000000s system = 0.093750s CPU (44.2%)

OPT-1001 : Update timing in Manhattan mode
TMR-2503 : Start to update net delay, extr mode = 3.
TMR-2504 : Update delay of 3542 nets completely.
TMR-2502 : Annotate delay completely, extr mode = 3.
TMR-3501 : Forward propagation: start to calculate arrival time...
TMR-3502 : Backward propagation: start to calculate required time...
TMR-3503 : Timing propagation completes.
OPT-1001 : End timing update;  0.077897s wall, 0.062500s user + 0.000000s system = 0.062500s CPU (80.2%)

OPT-0007 : Start: WNS 3013 TNS 0 NUM_FEPS 0
OPT-1001 : End global optimization;  0.290323s wall, 0.156250s user + 0.000000s system = 0.156250s CPU (53.8%)

OPT-1001 : Current memory(MB): used = 255, reserve = 229, peak = 256.
OPT-1001 : End physical optimization;  1.839669s wall, 1.218750s user + 0.000000s system = 1.218750s CPU (66.2%)

PHY-3001 : Start packing ...
SYN-4007 : Packing 0 MUX to BLE ...
SYN-4008 : Packed 0 MUX and 0 SEQ to BLE.
SYN-4007 : Packing 1496 LUT to BLE ...
SYN-4008 : Packed 1496 LUT and 576 SEQ to BLE.
SYN-4003 : Packing 267 remaining SEQ's ...
SYN-4005 : Packed 168 SEQ with LUT/SLICE
SYN-4006 : 773 single LUT's are left
SYN-4006 : 99 single SEQ's are left
SYN-4011 : Packing model "top" (AL_USER_NORMAL) with 1595/2473 primitive instances ...
PHY-3001 : End packing;  0.074158s wall, 0.015625s user + 0.000000s system = 0.015625s CPU (21.1%)

PHY-1001 : Populate physical database on model top.
RUN-1001 : There are total 1602 instances
RUN-1001 : 747 mslices, 746 lslices, 102 pads, 0 brams, 0 dsps
RUN-1001 : There are total 4431 nets
RUN-1001 : 2610 nets have 2 pins
RUN-1001 : 1500 nets have [3 - 5] pins
RUN-1001 : 125 nets have [6 - 10] pins
RUN-1001 : 112 nets have [11 - 20] pins
RUN-1001 : 71 nets have [21 - 99] pins
RUN-1001 : 13 nets have 100+ pins
PHY-3001 : design contains 1600 instances, 1493 slices, 169 macros(641 instances: 423 mslices 218 lslices)
PHY-3001 : Cell area utilization is 19%
PHY-3001 : After packing: Len = 92464.6, Over = 102.5
PHY-3001 : Run with size of 2
PHY-3001 : Cell area utilization is 19%
PHY-3001 : Update timing in Manhattan mode ...
RUN-1002 : start command "start_timer -report"
TMR-2505 : Start building timing graph for model top.
TMR-2506 : Build timing graph completely. Port num: 22, tpin num: 14815, tnet num: 3021, tinst num: 1600, tnode num: 17763, tedge num: 25007.
TMR-2508 : Levelizing timing graph completed, there are 41 levels in total.
TMR-2501 : Timing graph initialized successfully.
TMR-2503 : Start to update net delay, extr mode = 3.
TMR-2504 : Update delay of 3021 nets completely.
TMR-2502 : Annotate delay completely, extr mode = 3.
TMR-3001 : Initiate 5 clocks from SDC.
TMR-3004 : Map sdc constraints, there are 8 constraints in total.
TMR-3003 : Constraints initiated successfully.
TMR-3501 : Forward propagation: start to calculate arrival time...
TMR-3502 : Backward propagation: start to calculate required time...
TMR-3503 : Timing propagation completes.
PHY-3001 : End timing update;  0.537886s wall, 0.468750s user + 0.015625s system = 0.484375s CPU (90.1%)

PHY-3001 : :::0::: Try harder cell spreading with beta_ = 9.98957e-05
PHY-3002 : Step(164): len = 90021.9, overlap = 108.5
PHY-3002 : Step(165): len = 88141, overlap = 114.5
PHY-3002 : Step(166): len = 86897.7, overlap = 120.25
PHY-3002 : Step(167): len = 86563.3, overlap = 122.75
PHY-3002 : Step(168): len = 86551.7, overlap = 126.25
PHY-3002 : Step(169): len = 87135.8, overlap = 120
PHY-3002 : Step(170): len = 86564.6, overlap = 117.5
PHY-3002 : Step(171): len = 86240.1, overlap = 116.25
PHY-3002 : Step(172): len = 85963.5, overlap = 117.25
PHY-3001 : :::1::: Try harder cell spreading with beta_ = 0.000199791
PHY-3002 : Step(173): len = 88431.4, overlap = 113.75
PHY-3002 : Step(174): len = 90166.9, overlap = 104.75
PHY-3002 : Step(175): len = 90528.5, overlap = 102.5
PHY-3001 : :::2::: Try harder cell spreading with beta_ = 0.000399583
PHY-3002 : Step(176): len = 92412.6, overlap = 101.5
PHY-3002 : Step(177): len = 94768.7, overlap = 96.5
PHY-3002 : Step(178): len = 95262.7, overlap = 92
PHY-3002 : Step(179): len = 95103.6, overlap = 91.75
PHY-3002 : Step(180): len = 94925.2, overlap = 87.75
PHY-3001 : Legalization ...
PHY-3001 : End legalization;  0.146727s wall, 0.000000s user + 0.000000s system = 0.000000s CPU (n/a%)

PHY-3001 : Trial Legalized: Len = 120348
PHY-3001 : Run with size of 2
PHY-3001 : Cell area utilization is 18%
PHY-3001 : Update timing in Manhattan mode ...
TMR-2503 : Start to update net delay, extr mode = 3.
TMR-2504 : Update delay of 3021 nets completely.
TMR-2502 : Annotate delay completely, extr mode = 3.
TMR-3501 : Forward propagation: start to calculate arrival time...
TMR-3502 : Backward propagation: start to calculate required time...
TMR-3503 : Timing propagation completes.
PHY-3001 : End timing update;  0.073765s wall, 0.000000s user + 0.000000s system = 0.000000s CPU (n/a%)

PHY-3001 : :::0::: Try harder cell spreading with beta_ = 0.00107189
PHY-3002 : Step(181): len = 112358, overlap = 16.75
PHY-3002 : Step(182): len = 109345, overlap = 21
PHY-3002 : Step(183): len = 106936, overlap = 22.5
PHY-3002 : Step(184): len = 104356, overlap = 28.75
PHY-3002 : Step(185): len = 102698, overlap = 34.75
PHY-3002 : Step(186): len = 101698, overlap = 37.25
PHY-3002 : Step(187): len = 100862, overlap = 38
PHY-3001 : :::1::: Try harder cell spreading with beta_ = 0.00214379
PHY-3002 : Step(188): len = 101101, overlap = 37.75
PHY-3002 : Step(189): len = 101367, overlap = 36.75
PHY-3002 : Step(190): len = 101409, overlap = 37.75
PHY-3001 : :::2::: Try harder cell spreading with beta_ = 0.00428757
PHY-3002 : Step(191): len = 101548, overlap = 38.25
PHY-3002 : Step(192): len = 101762, overlap = 38
PHY-3001 : Legalization ...
PHY-3001 : End legalization;  0.004644s wall, 0.000000s user + 0.000000s system = 0.000000s CPU (n/a%)

PHY-3001 : Legalized: Len = 110869, Over = 0
PHY-3001 : Spreading special nets. 37 overflows in 2952 tiles.
PHY-3001 : End spreading;  0.007705s wall, 0.000000s user + 0.000000s system = 0.000000s CPU (n/a%)

PHY-3001 : 55 instances has been re-located, deltaX = 35, deltaY = 38, maxDist = 3.
PHY-3001 : Final: Len = 112293, Over = 0
OPT-1001 : Start physical optimization ...
RUN-1002 : start command "start_timer -report"
TMR-2505 : Start building timing graph for model top.
TMR-2506 : Build timing graph completely. Port num: 22, tpin num: 14815, tnet num: 3021, tinst num: 1600, tnode num: 17763, tedge num: 25007.
TMR-2508 : Levelizing timing graph completed, there are 41 levels in total.
TMR-2501 : Timing graph initialized successfully.
OPT-1001 : Total overflow 0.00 peak overflow 0.00
OPT-1001 : Start high-fanout net optimization ...
OPT-1001 : Update timing in global mode
PHY-1001 : Start incremental global routing, caller is place ...
RUN-1001 : Generating global routing grids ...
PHY-1001 : Generate routing nets ...
PHY-1001 : Reuse net number 71/4431.
PHY-1001 : Global iterations in 16 thread ...
PHY-1002 : len = 144016, over cnt = 395(1%), over = 722, worst = 7
PHY-1002 : len = 146248, over cnt = 262(0%), over = 407, worst = 6
PHY-1002 : len = 149736, over cnt = 46(0%), over = 61, worst = 3
PHY-1002 : len = 150280, over cnt = 11(0%), over = 13, worst = 2
PHY-1002 : len = 150496, over cnt = 0(0%), over = 0, worst = 0
PHY-1001 : End global iterations;  0.258513s wall, 0.078125s user + 0.000000s system = 0.078125s CPU (30.2%)

PHY-1001 : Congestion index: top1 = 32.97, top5 = 27.99, top10 = 24.74, top15 = 22.10.
PHY-1001 : End incremental global routing;  0.323729s wall, 0.093750s user + 0.000000s system = 0.093750s CPU (29.0%)

TMR-2503 : Start to update net delay, extr mode = 5.
TMR-2504 : Update delay of 3021 nets completely.
TMR-2502 : Annotate delay completely, extr mode = 5.
TMR-3001 : Initiate 5 clocks from SDC.
TMR-3004 : Map sdc constraints, there are 8 constraints in total.
TMR-3003 : Constraints initiated successfully.
TMR-3501 : Forward propagation: start to calculate arrival time...
TMR-3502 : Backward propagation: start to calculate required time...
TMR-3503 : Timing propagation completes.
OPT-1001 : End timing update;  0.090545s wall, 0.031250s user + 0.000000s system = 0.031250s CPU (34.5%)

OPT-1001 : 1 high-fanout net processed.
PHY-3001 : Start incremental placement ...
PHY-1001 : Populate physical database on model top.
PHY-3001 : Initial placement ...
PHY-3001 : eco special cells: 1 has valid locations, 0 needs to be replaced
PHY-3001 : eco pad cells: 102 has valid locations, 0 needs to be replaced
PHY-3001 : eco cells: 1492 has valid locations, 6 needs to be replaced
PHY-3001 : design contains 1605 instances, 1498 slices, 169 macros(641 instances: 423 mslices 218 lslices)
PHY-3001 : Global placement ...
PHY-3001 : Initial: Len = 112722
PHY-3001 : Run with size of 4
PHY-3001 : Cell area utilization is 19%
PHY-3001 : Update timing in Manhattan mode ...
RUN-1002 : start command "start_timer -report"
TMR-2505 : Start building timing graph for model top.
TMR-2506 : Build timing graph completely. Port num: 22, tpin num: 14864, tnet num: 3025, tinst num: 1605, tnode num: 17822, tedge num: 25069.
TMR-2508 : Levelizing timing graph completed, there are 41 levels in total.
TMR-2501 : Timing graph initialized successfully.
TMR-2503 : Start to update net delay, extr mode = 3.
TMR-2504 : Update delay of 3025 nets completely.
TMR-2502 : Annotate delay completely, extr mode = 3.
TMR-3001 : Initiate 5 clocks from SDC.
TMR-3004 : Map sdc constraints, there are 8 constraints in total.
TMR-3003 : Constraints initiated successfully.
TMR-3501 : Forward propagation: start to calculate arrival time...
TMR-3502 : Backward propagation: start to calculate required time...
TMR-3503 : Timing propagation completes.
PHY-3001 : End timing update;  0.559881s wall, 0.359375s user + 0.000000s system = 0.359375s CPU (64.2%)

PHY-3001 : :::0::: Try harder cell spreading with beta_ = 0
PHY-3002 : Step(193): len = 112597, overlap = 0
PHY-3002 : Step(194): len = 112591, overlap = 0.25
PHY-3002 : Step(195): len = 112561, overlap = 1
PHY-3001 : Run with size of 2
PHY-3001 : Cell area utilization is 19%
PHY-3001 : Update timing in Manhattan mode ...
TMR-2503 : Start to update net delay, extr mode = 3.
TMR-2504 : Update delay of 3025 nets completely.
TMR-2502 : Annotate delay completely, extr mode = 3.
TMR-3501 : Forward propagation: start to calculate arrival time...
TMR-3502 : Backward propagation: start to calculate required time...
TMR-3503 : Timing propagation completes.
PHY-3001 : End timing update;  0.074362s wall, 0.062500s user + 0.000000s system = 0.062500s CPU (84.0%)

PHY-3001 : :::0::: Try harder cell spreading with beta_ = 0.000345333
PHY-3002 : Step(196): len = 112587, overlap = 1
PHY-3002 : Step(197): len = 112597, overlap = 0.75
PHY-3001 : Legalization ...
PHY-3001 : End legalization;  0.003444s wall, 0.000000s user + 0.000000s system = 0.000000s CPU (n/a%)

PHY-3001 : Legalized: Len = 112669, Over = 0
PHY-3001 : End spreading;  0.005577s wall, 0.000000s user + 0.000000s system = 0.000000s CPU (n/a%)

PHY-3001 : Final: Len = 112669, Over = 0
PHY-3001 : End incremental placement;  0.738636s wall, 0.421875s user + 0.000000s system = 0.421875s CPU (57.1%)

OPT-1001 : Total overflow 0.00 peak overflow 0.00
OPT-1001 : End high-fanout net optimization;  1.210939s wall, 0.562500s user + 0.000000s system = 0.562500s CPU (46.5%)

OPT-1001 : Current memory(MB): used = 264, reserve = 240, peak = 264.
OPT-1001 : Start path based optimization ...
OPT-1001 : Start congestion update ...
RUN-1001 : Generating global routing grids ...
PHY-1001 : Generate routing nets ...
PHY-1001 : Reuse net number 2651/4435.
PHY-1001 : Global iterations in 16 thread ...
PHY-1002 : len = 150896, over cnt = 3(0%), over = 3, worst = 1
PHY-1002 : len = 150912, over cnt = 1(0%), over = 1, worst = 1
PHY-1002 : len = 150928, over cnt = 0(0%), over = 0, worst = 0
PHY-1001 : End global iterations;  0.032150s wall, 0.000000s user + 0.000000s system = 0.000000s CPU (n/a%)

PHY-1001 : Congestion index: top1 = 32.97, top5 = 27.99, top10 = 24.75, top15 = 22.11.
OPT-1001 : End congestion update;  0.084532s wall, 0.000000s user + 0.000000s system = 0.000000s CPU (n/a%)

OPT-1001 : Update timing in Manhattan mode
TMR-2503 : Start to update net delay, extr mode = 3.
TMR-2504 : Update delay of 3025 nets completely.
TMR-2502 : Annotate delay completely, extr mode = 3.
TMR-3501 : Forward propagation: start to calculate arrival time...
TMR-3502 : Backward propagation: start to calculate required time...
TMR-3503 : Timing propagation completes.
OPT-1001 : End timing update;  0.072935s wall, 0.093750s user + 0.000000s system = 0.093750s CPU (128.5%)

OPT-0007 : Start: WNS 3292 TNS 0 NUM_FEPS 0
OPT-1001 : End path based optimization;  0.157745s wall, 0.093750s user + 0.000000s system = 0.093750s CPU (59.4%)

OPT-1001 : Current memory(MB): used = 264, reserve = 240, peak = 264.
OPT-1001 : Update timing in Manhattan mode
TMR-2503 : Start to update net delay, extr mode = 3.
TMR-2504 : Update delay of 3025 nets completely.
TMR-2502 : Annotate delay completely, extr mode = 3.
TMR-3501 : Forward propagation: start to calculate arrival time...
TMR-3502 : Backward propagation: start to calculate required time...
TMR-3503 : Timing propagation completes.
OPT-1001 : End timing update;  0.071059s wall, 0.078125s user + 0.000000s system = 0.078125s CPU (109.9%)

OPT-1001 : Start pin optimization...
OPT-1001 : skip pin optimization...
RUN-1001 : Generating global routing grids ...
PHY-1001 : Generate routing nets ...
PHY-1001 : Reuse net number 2657/4435.
PHY-1001 : Global iterations in 16 thread ...
PHY-1002 : len = 150928, over cnt = 0(0%), over = 0, worst = 0
PHY-1001 : End global iterations;  0.008175s wall, 0.000000s user + 0.000000s system = 0.000000s CPU (n/a%)

PHY-1001 : Congestion index: top1 = 32.97, top5 = 27.99, top10 = 24.75, top15 = 22.11.
OPT-1001 : Update timing in Manhattan mode
TMR-2503 : Start to update net delay, extr mode = 3.
TMR-2504 : Update delay of 3025 nets completely.
TMR-2502 : Annotate delay completely, extr mode = 3.
TMR-3501 : Forward propagation: start to calculate arrival time...
TMR-3502 : Backward propagation: start to calculate required time...
TMR-3503 : Timing propagation completes.
OPT-1001 : End timing update;  0.071131s wall, 0.015625s user + 0.000000s system = 0.015625s CPU (22.0%)

RUN-1001 : QoR Analysis:
OPT-0007 :   WNS 3292 TNS 0 NUM_FEPS 0
RUN-1001 :   No local congestion issue, and most congested 1% tile average routing util is 32.551724
RUN-1001 :   Top critical paths
RUN-1001 :       #1 path slack 3292ps with logic level 7 
RUN-1001 :       #2 path slack 3346ps with logic level 7 
OPT-1001 : End physical optimization;  2.076748s wall, 1.140625s user + 0.000000s system = 1.140625s CPU (54.9%)

RUN-1003 : finish command "place" in  9.134759s wall, 4.109375s user + 0.312500s system = 4.421875s CPU (48.4%)

RUN-1004 : used memory is 235 MB, reserved memory is 210 MB, peak memory is 264 MB
RUN-1002 : start command "export_db pic_sdram_place.db"
RUN-1001 : Exported /
RUN-1001 : Exported flow parameters
RUN-1001 : Exported libs
RUN-1001 : Exported entities
RUN-1001 : Exported ports
RUN-1001 : Exported pins
RUN-1001 : Exported instances
RUN-1001 : Exported nets
RUN-1001 : Exported buses
RUN-1001 : Exported models
RUN-1001 : Exported congestions
RUN-1001 : Exported violations
RUN-1001 : Exported timing constraints
RUN-1001 : Exported IO constraints
RUN-1001 : Exported Inst constraints
RUN-1002 : start command "route"
RUN-1001 : Open license file D:/Program/Anlogic/TD5.6.2/license/Anlogic.lic
RUN-1001 : Print Global Property
RUN-1001 : ---------------------------------------------------------------
RUN-1001 :        Parameters        |  Settings  |  Default Values  |  Note  
RUN-1001 : ---------------------------------------------------------------
RUN-1001 :          message         |  standard  |     standard     |        
RUN-1001 :   mixed_pack_place_flow  |     on     |        on        |        
RUN-1001 :        qor_monitor       |    off     |       off        |        
RUN-1001 :        syn_ip_flow       |    off     |       off        |        
RUN-1001 :          thread          |    auto    |       auto       |        
RUN-1001 : ---------------------------------------------------------------
RUN-1001 : Print Route Property
RUN-1001 : -------------------------------------------------------
RUN-1001 :    Parameters    |  Settings  |  Default Values  |  Note  
RUN-1001 : -------------------------------------------------------
RUN-1001 :      effort      |   medium   |      medium      |        
RUN-1001 :     fix_hold     |    off     |       off        |        
RUN-1001 :    opt_timing    |   medium   |      medium      |        
RUN-1001 :   phy_sim_model  |    off     |       off        |        
RUN-1001 :     priority     |   timing   |      timing      |        
RUN-1001 :     swap_pin     |     on     |        on        |        
RUN-1001 : -------------------------------------------------------
PHY-1001 : Route runs in 16 thread(s)
RUN-1001 : There are total 1607 instances
RUN-1001 : 747 mslices, 751 lslices, 102 pads, 0 brams, 0 dsps
RUN-1001 : There are total 4435 nets
RUN-1001 : 2610 nets have 2 pins
RUN-1001 : 1500 nets have [3 - 5] pins
RUN-1001 : 127 nets have [6 - 10] pins
RUN-1001 : 113 nets have [11 - 20] pins
RUN-1001 : 72 nets have [21 - 99] pins
RUN-1001 : 13 nets have 100+ pins
RUN-1002 : start command "start_timer -report"
TMR-2505 : Start building timing graph for model top.
TMR-2506 : Build timing graph completely. Port num: 22, tpin num: 14864, tnet num: 3025, tinst num: 1605, tnode num: 17822, tedge num: 25069.
TMR-2508 : Levelizing timing graph completed, there are 41 levels in total.
TMR-2501 : Timing graph initialized successfully.
PHY-1001 : 747 mslices, 751 lslices, 102 pads, 0 brams, 0 dsps
TMR-2503 : Start to update net delay, extr mode = 3.
TMR-2504 : Update delay of 3025 nets completely.
TMR-2502 : Annotate delay completely, extr mode = 3.
TMR-3001 : Initiate 5 clocks from SDC.
TMR-3004 : Map sdc constraints, there are 8 constraints in total.
TMR-3003 : Constraints initiated successfully.
TMR-3501 : Forward propagation: start to calculate arrival time...
TMR-3502 : Backward propagation: start to calculate required time...
TMR-3503 : Timing propagation completes.
PHY-1001 : Start global routing, caller is route ...
RUN-1001 : Generating global routing grids ...
PHY-1001 : Generate routing nets ...
PHY-1001 : Global iterations in 16 thread ...
PHY-1002 : len = 142888, over cnt = 406(1%), over = 757, worst = 8
PHY-1002 : len = 145688, over cnt = 239(0%), over = 371, worst = 6
PHY-1002 : len = 147824, over cnt = 98(0%), over = 150, worst = 6
PHY-1002 : len = 149488, over cnt = 0(0%), over = 0, worst = 0
PHY-1001 : End global iterations;  0.256333s wall, 0.046875s user + 0.000000s system = 0.046875s CPU (18.3%)

PHY-1001 : Congestion index: top1 = 34.07, top5 = 28.11, top10 = 24.68, top15 = 22.09.
PHY-1001 : End global routing;  0.318856s wall, 0.109375s user + 0.000000s system = 0.109375s CPU (34.3%)

PHY-1001 : Start detail routing ...
PHY-1001 : Current memory(MB): used = 285, reserve = 261, peak = 290.
PHY-1001 : Detailed router is running in normal mode.
PHY-1001 : Generate detailed routing grids ...
PHY-1001 : Generate nets ...
PHY-1001 : net clk_dup_1 will be routed on clock mesh
PHY-1001 : net flash_write_read_m0/flash_cmd_m0/sys_clk will be routed on clock mesh
PHY-1001 : net frame_read_write_m0/frame_fifo_read_m0/mem_clk will be routed on clock mesh
PHY-1001 : clock net frame_read_write_m0/read_buf/clkr will be merged with clock video_pll_m0/clk0_buf
PHY-1001 : clock net frame_read_write_m0/write_buf/clkw will be merged with clock sys_pll_m0/clk0_buf
PHY-1001 : Current memory(MB): used = 544, reserve = 523, peak = 544.
PHY-1001 : End build detailed router design. 2.504606s wall, 1.453125s user + 0.062500s system = 1.515625s CPU (60.5%)

PHY-1001 : Detail Route ...
PHY-1001 : ===== Detail Route Phase 1 =====
PHY-1001 : Clock net routing.....
PHY-1001 : Routed 0% nets.
PHY-1022 : len = 54672, over cnt = 0(0%), over = 0, worst = 0, crit = 0
PHY-1001 : End initial clock net routed; 0.906872s wall, 0.593750s user + 0.000000s system = 0.593750s CPU (65.5%)

PHY-1001 : Current memory(MB): used = 576, reserve = 557, peak = 576.
PHY-1001 : End phase 1; 0.911462s wall, 0.593750s user + 0.000000s system = 0.593750s CPU (65.1%)

PHY-1001 : ===== Detail Route Phase 2 =====
PHY-1001 : Initial routing.....
PHY-1001 : Routed 26% nets.
PHY-1001 : Routed 31% nets.
PHY-1001 : Routed 39% nets.
PHY-1001 : Routed 48% nets.
PHY-1001 : Routed 62% nets.
PHY-1022 : len = 558560, over cnt = 103(0%), over = 103, worst = 1, crit = 0
PHY-1001 : Current memory(MB): used = 578, reserve = 558, peak = 578.
PHY-1001 : End initial routed; 3.711435s wall, 1.734375s user + 0.015625s system = 1.750000s CPU (47.2%)

PHY-1001 : Update timing.....
PHY-1001 : 0/2762(0%) critical/total net(s).
RUN-1001 : --------------------------------------
RUN-1001 :   Type   |  WNS(ns)  |  TNS(ns)  |  FEP  
RUN-1001 : --------------------------------------
RUN-1001 :   Setup  |   0.812   |   0.000   |   0   
RUN-1001 :   Hold   |   0.152   |   0.000   |   0   
RUN-1001 : --------------------------------------
PHY-1001 : End update timing; 0.635085s wall, 0.546875s user + 0.000000s system = 0.546875s CPU (86.1%)

PHY-1001 : Current memory(MB): used = 583, reserve = 563, peak = 583.
PHY-1001 : End phase 2; 4.346688s wall, 2.281250s user + 0.015625s system = 2.296875s CPU (52.8%)

PHY-1001 : ===== Detail Route Phase 3 =====
PHY-1001 : Optimize timing.....
PHY-1022 : len = 558560, over cnt = 103(0%), over = 103, worst = 1, crit = 0
PHY-1001 : End optimize timing; 0.022513s wall, 0.000000s user + 0.000000s system = 0.000000s CPU (n/a%)

PHY-1001 : Ripup-reroute.....
PHY-1001 : ===== DR Iter 1 =====
PHY-1022 : len = 556184, over cnt = 25(0%), over = 25, worst = 1, crit = 0
PHY-1001 : End DR Iter 1; 0.062552s wall, 0.000000s user + 0.000000s system = 0.000000s CPU (n/a%)

PHY-1001 : ===== DR Iter 2 =====
PHY-1022 : len = 556224, over cnt = 0(0%), over = 0, worst = 0, crit = 0
PHY-1001 : End DR Iter 2; 0.039522s wall, 0.000000s user + 0.000000s system = 0.000000s CPU (n/a%)

PHY-1001 : Update timing.....
PHY-1001 : 0/2762(0%) critical/total net(s).
RUN-1001 : --------------------------------------
RUN-1001 :   Type   |  WNS(ns)  |  TNS(ns)  |  FEP  
RUN-1001 : --------------------------------------
RUN-1001 :   Setup  |   0.812   |   0.000   |   0   
RUN-1001 :   Hold   |   0.152   |   0.000   |   0   
RUN-1001 : --------------------------------------
PHY-1001 : End update timing; 0.637104s wall, 0.500000s user + 0.000000s system = 0.500000s CPU (78.5%)

PHY-1001 : Commit to database.....
PHY-1001 : 16 feed throughs used by 14 nets
PHY-1001 : End commit to database; 0.314796s wall, 0.218750s user + 0.000000s system = 0.218750s CPU (69.5%)

PHY-1001 : Current memory(MB): used = 609, reserve = 590, peak = 609.
PHY-1001 : End phase 3; 1.192618s wall, 0.828125s user + 0.000000s system = 0.828125s CPU (69.4%)

PHY-1003 : Routed, final wirelength = 556224
PHY-1001 : Current memory(MB): used = 610, reserve = 591, peak = 610.
PHY-1001 : End export database. 0.010829s wall, 0.000000s user + 0.000000s system = 0.000000s CPU (n/a%)

PHY-1001 : End detail routing;  9.122372s wall, 5.250000s user + 0.078125s system = 5.328125s CPU (58.4%)

RUN-1003 : finish command "route" in  10.041139s wall, 5.812500s user + 0.078125s system = 5.890625s CPU (58.7%)

RUN-1004 : used memory is 580 MB, reserved memory is 564 MB, peak memory is 610 MB
RUN-1002 : start command "report_area -io_info -file pic_sdram_phy.area"
RUN-1001 : standard
***Report Model: top Device: EG4S20BG256***

IO Statistics
#IO                        47
  #input                    6
  #output                  37
  #inout                    4

Utilization Statistics
#lut                     2828   out of  19600   14.43%
#reg                      873   out of  19600    4.45%
#le                      2927
  #lut only              2054   out of   2927   70.17%
  #reg only                99   out of   2927    3.38%
  #lut&reg                774   out of   2927   26.44%
#dsp                        0   out of     29    0.00%
#bram                       0   out of     64    0.00%
  #bram9k                   0
  #fifo9k                   0
#bram32k                    0   out of     16    0.00%
#pad                       47   out of    188   25.00%
  #ireg                     1
  #oreg                    40
  #treg                     1
#pll                        2   out of      4   50.00%
#gclk                       2   out of     16   12.50%

Clock Resource Statistics
Index     ClockNet                                          Type               DriverType         Driver                         Fanout
#1        sys_pll_m0/clk0_buf                               GCLK               pll                sys_pll_m0/pll_inst.clkc0      331
#2        frame_read_write_m0/frame_fifo_read_m0/mem_clk    GCLK               pll                sys_pll_m0/pll_inst.clkc1      268
#3        video_pll_m0/clk0_buf                             GCLK               pll                video_pll_m0/pll_inst.clkc0    86
#4        flash_write_read_m0/flash_cmd_m0/sys_clk          GCLK               pll                sys_pll_m0/pll_inst.clkc2      45
#5        clk_dup_1                                         GCLK               io                 clk_syn_2.di                   26


Detailed IO Report

       Name         Direction    Location    IOStandard    DriveStrength    PullType     PackReg   
       clk            INPUT         R7        LVCMOS33          N/A           NONE        NONE     
       key1           INPUT         B2        LVCMOS33          N/A           NONE        IREG     
       key2           INPUT         B1        LVCMOS33          N/A           NONE        NONE     
      rst_n           INPUT         A2        LVCMOS33          N/A           NONE        NONE     
     sd_miso          INPUT        B14        LVCMOS33          N/A           NONE        NONE     
     switch1          INPUT         C8        LVCMOS33          N/A           NONE        NONE     
    flash_cs_n       OUTPUT         P8        LVCMOS33           8            NONE        OREG     
    flash_sck        OUTPUT         M9        LVCMOS33           8            NONE        OREG     
     sd_dclk         OUTPUT        A14        LVCMOS33           8            NONE        OREG     
     sd_mosi         OUTPUT        A13        LVCMOS33           8            NONE        OREG     
      sd_ncs         OUTPUT        A12        LVCMOS33           8            NONE        OREG     
   seg_data[7]       OUTPUT         A6        LVCMOS33           8            NONE        NONE     
   seg_data[6]       OUTPUT         A7        LVCMOS33           8            NONE        OREG     
   seg_data[5]       OUTPUT         A8        LVCMOS33           8            NONE        OREG     
   seg_data[4]       OUTPUT         B5        LVCMOS33           8            NONE        OREG     
   seg_data[3]       OUTPUT         A5        LVCMOS33           8            NONE        OREG     
   seg_data[2]       OUTPUT         B6        LVCMOS33           8            NONE        OREG     
   seg_data[1]       OUTPUT        C16        LVCMOS33           8            NONE        OREG     
   seg_data[0]       OUTPUT        C15        LVCMOS33           8            NONE        OREG     
    seg_sel[5]       OUTPUT        D11        LVCMOS33           8            NONE        OREG     
    seg_sel[4]       OUTPUT        E11        LVCMOS33           8            NONE        OREG     
    seg_sel[3]       OUTPUT        F10        LVCMOS33           8            NONE        OREG     
    seg_sel[2]       OUTPUT        C13        LVCMOS33           8            NONE        OREG     
    seg_sel[1]       OUTPUT        E10        LVCMOS33           8            NONE        OREG     
    seg_sel[0]       OUTPUT        E12        LVCMOS33           8            NONE        OREG     
   vga_out_b[4]      OUTPUT         D5        LVCMOS33           8            NONE        OREG     
   vga_out_b[3]      OUTPUT         D6        LVCMOS33           8            NONE        OREG     
   vga_out_b[2]      OUTPUT         E6        LVCMOS33           8            NONE        OREG     
   vga_out_b[1]      OUTPUT         F6        LVCMOS33           8            NONE        OREG     
   vga_out_b[0]      OUTPUT        H16        LVCMOS25           8            N/A         OREG     
   vga_out_g[5]      OUTPUT         N6        LVCMOS33           8            NONE        OREG     
   vga_out_g[4]      OUTPUT         N5        LVCMOS33           8            NONE        OREG     
   vga_out_g[3]      OUTPUT         P5        LVCMOS33           8            NONE        OREG     
   vga_out_g[2]      OUTPUT         T5        LVCMOS33           8            NONE        OREG     
   vga_out_g[1]      OUTPUT        F14        LVCMOS25           8            N/A         OREG     
   vga_out_g[0]      OUTPUT         A4        LVCMOS33           8            N/A         OREG     
    vga_out_hs       OUTPUT         E7        LVCMOS33           8            NONE        OREG     
   vga_out_r[4]      OUTPUT        E13        LVCMOS33           8            NONE        OREG     
   vga_out_r[3]      OUTPUT         L8        LVCMOS33           8            NONE        OREG     
   vga_out_r[2]      OUTPUT         L7        LVCMOS33           8            NONE        OREG     
   vga_out_r[1]      OUTPUT         R5        LVCMOS33           8            NONE        OREG     
   vga_out_r[0]      OUTPUT         H5        LVCMOS33           8            N/A         OREG     
    vga_out_vs       OUTPUT         F7        LVCMOS33           8            NONE        OREG     
  flash_qspi_IO0      INOUT         P7        LVCMOS33           8            NONE      OREG;TREG  
  flash_qspi_IO1      INOUT         N8        LVCMOS33           8            NONE        OREG     
  flash_qspi_IO2      INOUT         P9        LVCMOS33           8            NONE        OREG     
  flash_qspi_IO3      INOUT         R9        LVCMOS33           8            NONE        OREG     
      dq[23]          INPUT        S31        LVCMOS25           8           PULLUP       NONE     
      dq[22]          INPUT        S32        LVCMOS25           8           PULLUP       NONE     
      dq[21]          INPUT        S35        LVCMOS25           8           PULLUP       NONE     
      dq[20]          INPUT        S36        LVCMOS25           8           PULLUP       NONE     
      dq[19]          INPUT        S37        LVCMOS25           8           PULLUP       NONE     
      dq[18]          INPUT        S38        LVCMOS25           8           PULLUP       NONE     
      dq[17]          INPUT        S41        LVCMOS25           8           PULLUP       NONE     
      dq[16]          INPUT        S42        LVCMOS25           8           PULLUP       NONE     
      dq[31]          INPUT        S48        LVCMOS25           8           PULLUP       NONE     
      dq[30]          INPUT        S49        LVCMOS25           8           PULLUP       NONE     
      dq[29]          INPUT        S52        LVCMOS25           8           PULLUP       NONE     
      dq[28]          INPUT        S53        LVCMOS25           8           PULLUP       NONE     
      dq[27]          INPUT        S54        LVCMOS25           8           PULLUP       NONE     
      dq[26]          INPUT        S55        LVCMOS25           8           PULLUP       NONE     
      dq[25]          INPUT        S58        LVCMOS25           8           PULLUP       NONE     
      dq[24]          INPUT        S59        LVCMOS25           8           PULLUP       NONE     
       dm0           OUTPUT        S14        LVCMOS25           8            NONE        NONE     
       cke           OUTPUT        S18        LVCMOS25           8            NONE        OREG     
       we_n          OUTPUT        S19        LVCMOS25           8            NONE        OREG     
      cas_n          OUTPUT        S20        LVCMOS25           8            NONE        OREG     
      ras_n          OUTPUT        S21        LVCMOS25           8            NONE        OREG     
       cs_n          OUTPUT        S22        LVCMOS25           8            NONE        OREG     
     addr[9]         OUTPUT        S23        LVCMOS25           8            NONE        OREG     
     addr[8]         OUTPUT        S24        LVCMOS25           8            NONE        OREG     
     addr[7]         OUTPUT        S25        LVCMOS25           8            NONE        OREG     
     addr[6]         OUTPUT        S26        LVCMOS25           8            NONE        OREG     
     addr[5]         OUTPUT        S27        LVCMOS25           8            NONE        OREG     
     addr[4]         OUTPUT        S28        LVCMOS25           8            NONE        OREG     
       dm2           OUTPUT        S29        LVCMOS25           8            NONE        NONE     
       dm3           OUTPUT        S61        LVCMOS25           8            NONE        NONE     
     addr[3]         OUTPUT        S64        LVCMOS25           8            NONE        OREG     
     addr[2]         OUTPUT        S65        LVCMOS25           8            NONE        OREG     
     addr[1]         OUTPUT        S66        LVCMOS25           8            NONE        OREG     
     addr[0]         OUTPUT        S67        LVCMOS25           8            NONE        OREG     
     addr[10]        OUTPUT        S68        LVCMOS25           8            NONE        OREG     
      ba[0]          OUTPUT        S69        LVCMOS25           8            NONE        OREG     
      ba[1]          OUTPUT        S70        LVCMOS25           8            NONE        OREG     
       clk           OUTPUT        S73        LVCMOS25           8            NONE        NONE     
       dm1           OUTPUT        S76        LVCMOS25           8            NONE        NONE     
      dq[0]           INOUT         S1        LVCMOS25           8           PULLUP       IREG     
      dq[6]           INOUT        S11        LVCMOS25           8           PULLUP       IREG     
      dq[7]           INOUT        S12        LVCMOS25           8           PULLUP       IREG     
      dq[1]           INOUT         S2        LVCMOS25           8           PULLUP       IREG     
      dq[2]           INOUT         S5        LVCMOS25           8           PULLUP       IREG     
      dq[3]           INOUT         S6        LVCMOS25           8           PULLUP       IREG     
      dq[4]           INOUT         S7        LVCMOS25           8           PULLUP       IREG     
      dq[8]           INOUT        S78        LVCMOS25           8           PULLUP       IREG     
      dq[9]           INOUT        S79        LVCMOS25           8           PULLUP       IREG     
      dq[5]           INOUT         S8        LVCMOS25           8           PULLUP       IREG     
      dq[10]          INOUT        S82        LVCMOS25           8           PULLUP       IREG     
      dq[11]          INOUT        S83        LVCMOS25           8           PULLUP       IREG     
      dq[12]          INOUT        S84        LVCMOS25           8           PULLUP       IREG     
      dq[13]          INOUT        S85        LVCMOS25           8           PULLUP       IREG     
      dq[14]          INOUT        S88        LVCMOS25           8           PULLUP       IREG     
      dq[15]          INOUT        S89        LVCMOS25           8           PULLUP       IREG     

Report Hierarchy Area:
+-------------------------------------------------------------------------------------------------------------------------------------+
|Instance                        |Module                                         |le     |lut     |ripple  |seq     |bram    |dsp     |
+-------------------------------------------------------------------------------------------------------------------------------------+
|top                             |top                                            |2927   |2571    |257     |915     |0       |0       |
|  flash_write_read_m0           |flash_write_read                               |107    |101     |6       |60      |0       |0       |
|    Qspi_master_m0              |Qspi_master                                    |31     |31      |0       |18      |0       |0       |
|    flash_cmd_m0                |flash_cmd                                      |76     |70      |6       |42      |0       |0       |
|      flash_step_m0             |flash_step                                     |61     |55      |6       |31      |0       |0       |
|  frame_read_write_m0           |frame_read_write                               |1509   |1390    |84      |296     |0       |0       |
|    frame_fifo_read_m0          |frame_fifo_read                                |80     |62      |17      |37      |0       |0       |
|    frame_fifo_write_m0         |frame_fifo_write                               |83     |66      |17      |39      |0       |0       |
|    read_buf                    |afifo_16_256                                   |672    |630     |25      |110     |0       |0       |
|      ram_inst                  |ram_infer_afifo_16_256                         |540    |540     |0       |28      |0       |0       |
|      rd_to_wr_cross_inst       |fifo_cross_domain_addr_process_al_afifo_16_256 |24     |16      |0       |24      |0       |0       |
|      wr_to_rd_cross_inst       |fifo_cross_domain_addr_process_al_afifo_16_256 |28     |20      |0       |28      |0       |0       |
|    write_buf                   |afifo_16_256                                   |674    |632     |25      |110     |0       |0       |
|      ram_inst                  |ram_infer_afifo_16_256                         |535    |535     |0       |20      |0       |0       |
|      rd_to_wr_cross_inst       |fifo_cross_domain_addr_process_al_afifo_16_256 |29     |21      |0       |28      |0       |0       |
|      wr_to_rd_cross_inst       |fifo_cross_domain_addr_process_al_afifo_16_256 |27     |19      |0       |27      |0       |0       |
|  sd_card_bmp_m0                |sd_card_bmp                                    |915    |769     |91      |381     |0       |0       |
|    ax_debounce_m0              |ax_debounce                                    |62     |53      |9       |35      |0       |0       |
|    bmp_read_m0                 |bmp_read                                       |286    |200     |55      |167     |0       |0       |
|    sd_card_top_m0              |sd_card_top                                    |567    |516     |27      |179     |0       |0       |
|      sd_card_cmd_m0            |sd_card_cmd                                    |328    |306     |22      |60      |0       |0       |
|      sd_card_sec_read_write_m0 |sd_card_sec_read_write                         |178    |154     |0       |82      |0       |0       |
|      spi_master_m0             |spi_master                                     |61     |56      |5       |37      |0       |0       |
|  sdram_m0                      |sdram                                          |0      |0       |0       |0       |0       |0       |
|  seg_scan_m0                   |seg_scan                                       |75     |53      |22      |19      |0       |0       |
|  sys_pll_m0                    |sys_pll                                        |0      |0       |0       |0       |0       |0       |
|  u_sdram_controller            |sdram_controller                               |260    |207     |46      |85      |0       |0       |
|    u_sdram_cmd                 |sdram_cmd                                      |63     |63      |0       |18      |0       |0       |
|    u_sdram_ctrl                |sdram_ctrl                                     |180    |131     |46      |50      |0       |0       |
|    u_sdram_data                |sdram_data                                     |17     |13      |0       |17      |0       |0       |
|  video_pll_m0                  |video_pll                                      |0      |0       |0       |0       |0       |0       |
|  video_timing_data_m0          |video_timing_data                              |61     |51      |8       |32      |0       |0       |
|    color_bar_m0                |color_bar                                      |45     |36      |8       |30      |0       |0       |
+-------------------------------------------------------------------------------------------------------------------------------------+


DataNet Average Fanout:

   Index     Fanout     Nets  
    #1          1       2563  
    #2          2       1163  
    #3          3       185   
    #4          4       152   
    #5        5-10      145   
    #6        11-50     152   
    #7       51-100      12   
    #8       101-500     9    
  Average     3.04            

RUN-1002 : start command "export_db pic_sdram_pr.db"
RUN-1001 : Exported /
RUN-1001 : Exported flow parameters
RUN-1001 : Exported libs
RUN-1001 : Exported entities
RUN-1001 : Exported ports
RUN-1001 : Exported pins
RUN-1001 : Exported instances
RUN-1001 : Exported nets
RUN-1001 : Exported buses
RUN-1001 : Exported models
RUN-1001 : Exported congestions
RUN-1001 : Exported violations
RUN-1001 : Exported timing constraints
RUN-1001 : Exported IO constraints
RUN-1001 : Exported Inst constraints
RUN-1002 : start command "start_timer"
TMR-2505 : Start building timing graph for model top.
TMR-2506 : Build timing graph completely. Port num: 22, tpin num: 14864, tnet num: 3025, tinst num: 1605, tnode num: 17822, tedge num: 25069.
TMR-2508 : Levelizing timing graph completed, there are 41 levels in total.
TMR-2501 : Timing graph initialized successfully.
RUN-1002 : start command "report_timing -mode FINAL -net_info -rpt_autogen true -file pic_sdram_phy.timing"
TMR-2503 : Start to update net delay, extr mode = 6.
TMR-2504 : Update delay of 3025 nets completely.
TMR-2502 : Annotate delay completely, extr mode = 6.
TMR-3001 : Initiate 5 clocks from SDC.
TMR-3004 : Map sdc constraints, there are 8 constraints in total.
TMR-3003 : Constraints initiated successfully.
TMR-3501 : Forward propagation: start to calculate arrival time...
TMR-3502 : Backward propagation: start to calculate required time...
TMR-3503 : Timing propagation completes.
TMR-3506 : Start to generate timing report.
TMR-1502 : Number of clock constraints = 5. Number of clock nets = 5 (0 unconstrainted).
TMR-3508 : Export timing summary.
TMR-3507 : Timing report generated successfully in pic_sdram_phy.timing, timing summary in pic_sdram_phy.tsm.
RUN-1002 : start command "export_bid pic_sdram_inst.bid"
RUN-1002 : start command "bitgen -bit pic_sdram.bit"
BIT-1003 : Start to generate bitstream. 
BIT-1002 : Init instances with 16 threads.
BIT-1002 : Init instances completely, inst num: 1605
BIT-1002 : Init pips with 16 threads.
BIT-1002 : Init pips completely, net num: 4435, pip num: 35070
BIT-1002 : Init feedthrough with 16 threads.
BIT-1002 : Init feedthrough completely, num: 16
BIT-1003 : Multithreading accelaration with 16 threads.
BIT-1003 : Generate bitstream completely, there are 2147 valid insts, and 92699 bits set as '1'.
BIT-1004 : PLL setting string = 0110
BIT-1004 : Generate bits file pic_sdram.bit.
RUN-1003 : finish command "bitgen -bit pic_sdram.bit" in  3.747994s wall, 33.578125s user + 0.000000s system = 33.578125s CPU (895.9%)

RUN-1004 : used memory is 584 MB, reserved memory is 569 MB, peak memory is 765 MB
RUN-1002 : start command "backup_run_log run.log ../.logs/phy_1/td_20231213_101957.log"
