============================================================
   Tang Dynasty, V5.6.71036
      Copyright (c) 2012-2023 Anlogic Inc.
   Executable = D:/Program/Anlogic/TD5.6.2/bin/td.exe
   Built at =   20:34:38 Mar 21 2023
   Run by =     28408
   Run Date =   Tue Dec 12 15:30:32 2023

   Run on =     DESKTOP-T1B5OP5
============================================================
RUN-1002 : start command "open_project pic_sdram.prj"
RUN-1001 : Print Global Property
RUN-1001 : ---------------------------------------------------------------
RUN-1001 :        Parameters        |  Settings  |  Default Values  |  Note  
RUN-1001 : ---------------------------------------------------------------
RUN-1001 :          message         |  standard  |     standard     |        
RUN-1001 :   mixed_pack_place_flow  |     on     |        on        |        
RUN-1001 :        qor_monitor       |    off     |       off        |        
RUN-1001 :        syn_ip_flow       |    off     |       off        |        
RUN-1001 :          thread          |    auto    |       auto       |        
RUN-1001 : ---------------------------------------------------------------
RUN-1001 : Print Design Property
RUN-1001 : --------------------------------------------------------------
RUN-1001 :        Parameters       |  Settings  |  Default Values  |  Note  
RUN-1001 : --------------------------------------------------------------
RUN-1001 :   default_reg_initial   |    auto    |       auto       |        
RUN-1001 :        infer_add        |     on     |        on        |        
RUN-1001 :        infer_fsm        |    off     |       off        |        
RUN-1001 :        infer_mult       |     on     |        on        |        
RUN-1001 :        infer_ram        |     on     |        on        |        
RUN-1001 :        infer_reg        |     on     |        on        |        
RUN-1001 :   infer_reg_init_value  |     on     |        on        |        
RUN-1001 :        infer_rom        |     on     |        on        |        
RUN-1001 :      infer_shifter      |     on     |        on        |        
RUN-1001 : --------------------------------------------------------------
RUN-1001 : Print Rtl Property
RUN-1001 : --------------------------------------------------------------
RUN-1001 :        Parameters       |  Settings  |  Default Values  |  Note  
RUN-1001 : --------------------------------------------------------------
RUN-1001 :       compress_add      |   ripple   |      ripple      |        
RUN-1001 :        elf_sload        |    off     |       off        |        
RUN-1001 :       fix_undriven      |     0      |        0         |        
RUN-1001 :         flatten         |    off     |       off        |        
RUN-1001 :       gate_sharing      |     on     |        on        |        
RUN-1001 :    hdl_warning_level    |   normal   |      normal      |        
RUN-1001 :   impl_internal_tribuf  |     on     |        on        |        
RUN-1001 :      impl_set_reset     |     on     |        on        |        
RUN-1001 :        infer_gsr        |    off     |       off        |        
RUN-1001 :      keep_hierarchy     |    auto    |       auto       |        
RUN-1001 :        max_fanout       |    9999    |       9999       |        
RUN-1001 :      max_oh2bin_len     |     10     |        10        |        
RUN-1001 :       merge_equal       |     on     |        on        |        
RUN-1001 :       merge_equiv       |     on     |        on        |        
RUN-1001 :        merge_mux        |    off     |       off        |        
RUN-1001 :     min_control_set     |     8      |        8         |        
RUN-1001 :      min_ripple_len     |    auto    |       auto       |        
RUN-1001 :       oh2bin_ratio      |    0.08    |       0.08       |        
RUN-1001 :     opt_adder_fanout    |     on     |        on        |        
RUN-1001 :        opt_arith        |     on     |        on        |        
RUN-1001 :       opt_big_gate      |    off     |       off        |        
RUN-1001 :        opt_const        |     on     |        on        |        
RUN-1001 :      opt_const_mult     |     on     |        on        |        
RUN-1001 :       opt_lessthan      |     on     |        on        |        
RUN-1001 :         opt_mux         |    off     |       off        |        
RUN-1001 :         opt_ram         |    high    |       high       |        
RUN-1001 :      rtl_sim_model      |    off     |       off        |        
RUN-1001 :         seq_syn         |     on     |        on        |        
RUN-1001 : --------------------------------------------------------------
HDL-1007 : analyze verilog file ../../al_ip/sys_pll.v
HDL-1007 : undeclared symbol 'open', assumed default net type 'wire' in ../../al_ip/sys_pll.v(77)
HDL-1007 : analyze verilog file ../../al_ip/video_pll.v
HDL-1007 : undeclared symbol 'open', assumed default net type 'wire' in ../../al_ip/video_pll.v(63)
HDL-1007 : analyze verilog file ../../al_ip/afifo_16_256.v
HDL-1007 : analyze verilog file ../../al_ip/sdram.v
HDL-1007 : analyze verilog file ../../Qspi_master.v
HDL-1007 : analyze verilog file ../../flash_cmd.v
HDL-1007 : analyze verilog file ../../flash_reader.v
HDL-1007 : analyze verilog file ../../flash_step.v
HDL-1007 : analyze verilog file ../../flash_write_read.v
HDL-1007 : analyze verilog file ../../flash_writer.v
HDL-1007 : analyze verilog file ../../sys_state_ctrl.v
HDL-1007 : analyze verilog file ../../src/ax_debounce.v
HDL-1007 : analyze verilog file ../../src/bmp_read.v
HDL-1007 : analyze verilog file ../../src/color_bar.v
HDL-1007 : analyze included file ../../src/video_define.v in ../../src/color_bar.v(2)
HDL-1007 : back to file '../../src/color_bar.v' in ../../src/color_bar.v(2)
HDL-1007 : analyze verilog file ../../src/frame_fifo_read.v
HDL-1007 : undeclared symbol 'read_busy', assumed default net type 'wire' in ../../src/frame_fifo_read.v(55)
HDL-1007 : analyze verilog file ../../src/frame_fifo_write.v
HDL-1007 : undeclared symbol 'write_busy', assumed default net type 'wire' in ../../src/frame_fifo_write.v(53)
HDL-1007 : analyze verilog file ../../src/frame_read_write.v
HDL-1007 : analyze verilog file ../../src/sd_card/sd_card_cmd.v
HDL-1007 : analyze verilog file ../../src/sd_card/sd_card_sec_read_write.v
HDL-1007 : analyze verilog file ../../src/sd_card/sd_card_top.v
HDL-1007 : analyze verilog file ../../src/sd_card/spi_master.v
HDL-1007 : analyze verilog file ../../src/sd_card_bmp.v
HDL-1007 : analyze verilog file ../../src/sdram/sdram_core.v
HDL-1007 : analyze verilog file ../../src/seg_decoder.v
HDL-1007 : analyze verilog file ../../src/seg_scan.v
HDL-1007 : analyze verilog file ../../src/top.v
HDL-1007 : analyze verilog file ../../src/video_timing_data.v
RUN-1001 : Project manager successfully analyzed 28 source files.
RUN-1002 : start command "import_device eagle_s20.db -package EG4S20BG256"
ARC-1001 : Device Initialization.
ARC-1001 : ------------------------------------------------------------------
ARC-1001 :            OPTION            |          IO          |   SETTING   
ARC-1001 : ------------------------------------------------------------------
ARC-1001 :   cso_b/cclk/mosi/miso/dout  |  T3/R11/T10/P10/S11  |    gpio    
ARC-1001 :             done             |         P13          |    gpio    
ARC-1001 :           program_b          |          T2          |  dedicate  
ARC-1001 :        tdi/tms/tck/tdo       |   C12/A15/C14/E14    |  dedicate  
ARC-1001 : ------------------------------------------------------------------
ARC-1004 : Device setting, marked 5 dedicate IOs in total.
RUN-1002 : start command "import_db ../syn_1/pic_sdram_gate.db"
RUN-1001 : Importing database generated by Tang Dynasty, V5.6.71036.
RUN-1001 : Database version number 46146.
RUN-1001 : Import flow parameters
RUN-1001 : Import timing constraints
RUN-1001 : Import IO constraints
RUN-1001 : Import Inst constraints
RUN-1001 : Import design success TD_VERSION=5.6.71036 , DB_VERSION=46146
RUN-1002 : start command "read_sdc ../../top.sdc"
RUN-1002 : start command "get_ports clk"
RUN-1002 : start command "create_clock -name clk -period 20 -waveform 0 10 "
RUN-1102 : create_clock: clock name: clk, type: 0, period: 20000, rise: 0, fall: 10000.
RUN-1002 : start command "derive_pll_clocks"
USR-1002 : Gen clock cmd:  create_generated_clock -name {sys_pll_m0/pll_inst.clkc[0]} -source [get_ports {clk}] -master_clock {clk} -multiply_by 2.0000 [get_pins {sys_pll_m0/pll_inst.clkc[0]}]
RUN-1002 : start command "get_ports clk"
RUN-1002 : start command "get_pins sys_pll_m0/pll_inst.clkc[0]"
RUN-1002 : start command "create_generated_clock -name sys_pll_m0/pll_inst.clkc[0] -source  -master_clock clk -multiply_by 2.0000 "
USR-1002 : Gen clock cmd:  create_generated_clock -name {sys_pll_m0/pll_inst.clkc[1]} -source [get_ports {clk}] -master_clock {clk} -multiply_by 2.0000 [get_pins {sys_pll_m0/pll_inst.clkc[1]}]
RUN-1002 : start command "get_ports clk"
RUN-1002 : start command "get_pins sys_pll_m0/pll_inst.clkc[1]"
RUN-1002 : start command "create_generated_clock -name sys_pll_m0/pll_inst.clkc[1] -source  -master_clock clk -multiply_by 2.0000 "
USR-1002 : Gen clock cmd:  create_generated_clock -name {sys_pll_m0/pll_inst.clkc[2]} -source [get_ports {clk}] -master_clock {clk} -multiply_by 2.0000 [get_pins {sys_pll_m0/pll_inst.clkc[2]}]
RUN-1002 : start command "get_ports clk"
RUN-1002 : start command "get_pins sys_pll_m0/pll_inst.clkc[2]"
RUN-1002 : start command "create_generated_clock -name sys_pll_m0/pll_inst.clkc[2] -source  -master_clock clk -multiply_by 2.0000 "
USR-1002 : Gen clock cmd:  create_generated_clock -name {video_pll_m0/pll_inst.clkc[0]} -source [get_ports {clk}] -master_clock {clk} -divide_by 2.0000 [get_pins {video_pll_m0/pll_inst.clkc[0]}]
RUN-1002 : start command "get_ports clk"
RUN-1002 : start command "get_pins video_pll_m0/pll_inst.clkc[0]"
RUN-1002 : start command "create_generated_clock -name video_pll_m0/pll_inst.clkc[0] -source  -master_clock clk -divide_by 2.0000 "
RUN-1002 : start command "get_ports clk"
RUN-1002 : start command "get_pins sys_pll_m0/pll_inst.clkc[0]"
RUN-1002 : start command "rename_clock -name sd_card_clk -source  -master_clock clk "
RUN-1105 : Rename Clock: clock sys_pll_m0/pll_inst.clkc[0] was renamed, new name is sd_card_clk.
RUN-1002 : start command "get_ports clk"
RUN-1002 : start command "get_pins sys_pll_m0/pll_inst.clkc[1]"
RUN-1002 : start command "rename_clock -name ext_mem_clk -source  -master_clock clk "
RUN-1105 : Rename Clock: clock sys_pll_m0/pll_inst.clkc[1] was renamed, new name is ext_mem_clk.
RUN-1002 : start command "get_ports clk"
RUN-1002 : start command "get_pins sys_pll_m0/pll_inst.clkc[2]"
RUN-1002 : start command "rename_clock -name flash_sys_clk -source  -master_clock clk "
RUN-1105 : Rename Clock: clock sys_pll_m0/pll_inst.clkc[2] was renamed, new name is flash_sys_clk.
RUN-1002 : start command "get_ports clk"
RUN-1002 : start command "get_pins video_pll_m0/pll_inst.clkc[0]"
RUN-1002 : start command "rename_clock -name video_clk -source  -master_clock clk "
RUN-1105 : Rename Clock: clock video_pll_m0/pll_inst.clkc[0] was renamed, new name is video_clk.
RUN-1002 : start command "read_sdc -ip afifo_16_256 ../../al_ip/afifo_16_256.tcl"
RUN-1002 : start command "get_ports clkw"
RUN-1002 : start command "get_nets  clkw  "
RUN-1002 : start command "get_clocks -nowarn -of nets 21088289423360"
RUN-1002 : start command "get_ports clkr"
RUN-1002 : start command "get_nets  clkr  "
RUN-1002 : start command "get_clocks -nowarn -of nets 25417616457728"
RUN-1002 : start command "get_property -nowarn -max PERIOD "
RUN-1002 : start command "get_property -nowarn -max PERIOD "
RUN-1002 : start command "get_regs rd_to_wr_cross_inst/primary_addr_gray_reg[*]"
RUN-1002 : start command "get_regs rd_to_wr_cross_inst/sync_r1[*]"
RUN-1002 : start command "set_max_delay -from  -to  9.6999999999999993 -datapath_only"
RUN-1002 : start command "get_regs rd_to_wr_cross_inst/primary_addr_gray_reg[*]"
RUN-1002 : start command "get_regs rd_to_wr_cross_inst/sync_r1[*]"
RUN-1002 : start command "set_false_path -from  -to  -hold 9.6999999999999993"
USR-1002 : set_false_path -help -setup -hold -from <list> -rise_from <list> -fall_from <list> -to <list> -rise_to <list> -fall_to <list> -through <list>
RUN-1002 : start command "get_regs wr_to_rd_cross_inst/primary_addr_gray_reg[*]"
RUN-1002 : start command "get_regs wr_to_rd_cross_inst/sync_r1[*]"
RUN-1002 : start command "set_max_delay -from  -to  9.6999999999999993 -datapath_only"
RUN-1002 : start command "get_regs wr_to_rd_cross_inst/primary_addr_gray_reg[*]"
RUN-1002 : start command "get_regs wr_to_rd_cross_inst/sync_r1[*]"
RUN-1002 : start command "set_false_path -from  -to  -hold 9.6999999999999993"
USR-1002 : set_false_path -help -setup -hold -from <list> -rise_from <list> -fall_from <list> -to <list> -rise_to <list> -fall_to <list> -through <list>
RUN-1002 : start command "get_ports clkw"
RUN-1002 : start command "get_nets  clkw  "
RUN-1002 : start command "get_clocks -nowarn -of nets 31391915966464"
RUN-1002 : start command "get_ports clkr"
RUN-1002 : start command "get_nets  clkr  "
RUN-1002 : start command "get_clocks -nowarn -of nets 21088289423360"
RUN-1002 : start command "get_property -nowarn -max PERIOD "
RUN-1002 : start command "get_property -nowarn -max PERIOD "
RUN-1002 : start command "get_regs rd_to_wr_cross_inst/primary_addr_gray_reg[*]"
RUN-1002 : start command "get_regs rd_to_wr_cross_inst/sync_r1[*]"
RUN-1002 : start command "set_max_delay -from  -to  9.6999999999999993 -datapath_only"
RUN-1002 : start command "get_regs rd_to_wr_cross_inst/primary_addr_gray_reg[*]"
RUN-1002 : start command "get_regs rd_to_wr_cross_inst/sync_r1[*]"
RUN-1002 : start command "set_false_path -from  -to  -hold 9.6999999999999993"
USR-1002 : set_false_path -help -setup -hold -from <list> -rise_from <list> -fall_from <list> -to <list> -rise_to <list> -fall_to <list> -through <list>
RUN-1002 : start command "get_regs wr_to_rd_cross_inst/primary_addr_gray_reg[*]"
RUN-1002 : start command "get_regs wr_to_rd_cross_inst/sync_r1[*]"
RUN-1002 : start command "set_max_delay -from  -to  9.6999999999999993 -datapath_only"
RUN-1002 : start command "get_regs wr_to_rd_cross_inst/primary_addr_gray_reg[*]"
RUN-1002 : start command "get_regs wr_to_rd_cross_inst/sync_r1[*]"
RUN-1002 : start command "set_false_path -from  -to  -hold 9.6999999999999993"
USR-1002 : set_false_path -help -setup -hold -from <list> -rise_from <list> -fall_from <list> -to <list> -rise_to <list> -fall_to <list> -through <list>
RUN-1002 : start command "get_ports clkw"
RUN-1002 : start command "get_nets  clkw  "
RUN-1002 : start command "get_clocks -nowarn -of nets 21088289423360"
RUN-1002 : start command "get_ports clkr"
RUN-1002 : start command "get_nets  clkr  "
RUN-1002 : start command "get_clocks -nowarn -of nets 38315403247616"
RUN-1002 : start command "get_property -nowarn -max PERIOD "
RUN-1002 : start command "get_property -nowarn -max PERIOD "
RUN-1002 : start command "get_regs rd_to_wr_cross_inst/primary_addr_gray_reg[*]"
RUN-1002 : start command "get_regs rd_to_wr_cross_inst/sync_r1[*]"
RUN-1002 : start command "set_max_delay -from  -to  9.6999999999999993 -datapath_only"
RUN-1002 : start command "get_regs rd_to_wr_cross_inst/primary_addr_gray_reg[*]"
RUN-1002 : start command "get_regs rd_to_wr_cross_inst/sync_r1[*]"
RUN-1002 : start command "set_false_path -from  -to  -hold 9.6999999999999993"
USR-1002 : set_false_path -help -setup -hold -from <list> -rise_from <list> -fall_from <list> -to <list> -rise_to <list> -fall_to <list> -through <list>
RUN-1002 : start command "get_regs wr_to_rd_cross_inst/primary_addr_gray_reg[*]"
RUN-1002 : start command "get_regs wr_to_rd_cross_inst/sync_r1[*]"
RUN-1002 : start command "set_max_delay -from  -to  9.6999999999999993 -datapath_only"
RUN-1002 : start command "get_regs wr_to_rd_cross_inst/primary_addr_gray_reg[*]"
RUN-1002 : start command "get_regs wr_to_rd_cross_inst/sync_r1[*]"
RUN-1002 : start command "set_false_path -from  -to  -hold 9.6999999999999993"
USR-1002 : set_false_path -help -setup -hold -from <list> -rise_from <list> -fall_from <list> -to <list> -rise_to <list> -fall_to <list> -through <list>
RUN-1002 : start command "get_ports clkw"
RUN-1002 : start command "get_nets  clkw  "
RUN-1002 : start command "get_clocks -nowarn -of nets 38315403247616"
RUN-1002 : start command "get_ports clkr"
RUN-1002 : start command "get_nets  clkr  "
RUN-1002 : start command "get_clocks -nowarn -of nets 21088289423360"
RUN-1002 : start command "get_property -nowarn -max PERIOD "
RUN-1002 : start command "get_property -nowarn -max PERIOD "
RUN-1002 : start command "get_regs rd_to_wr_cross_inst/primary_addr_gray_reg[*]"
RUN-1002 : start command "get_regs rd_to_wr_cross_inst/sync_r1[*]"
RUN-1002 : start command "set_max_delay -from  -to  9.6999999999999993 -datapath_only"
RUN-1002 : start command "get_regs rd_to_wr_cross_inst/primary_addr_gray_reg[*]"
RUN-1002 : start command "get_regs rd_to_wr_cross_inst/sync_r1[*]"
RUN-1002 : start command "set_false_path -from  -to  -hold 9.6999999999999993"
USR-1002 : set_false_path -help -setup -hold -from <list> -rise_from <list> -fall_from <list> -to <list> -rise_to <list> -fall_to <list> -through <list>
RUN-1002 : start command "get_regs wr_to_rd_cross_inst/primary_addr_gray_reg[*]"
RUN-1002 : start command "get_regs wr_to_rd_cross_inst/sync_r1[*]"
RUN-1002 : start command "set_max_delay -from  -to  9.6999999999999993 -datapath_only"
RUN-1002 : start command "get_regs wr_to_rd_cross_inst/primary_addr_gray_reg[*]"
RUN-1002 : start command "get_regs wr_to_rd_cross_inst/sync_r1[*]"
RUN-1002 : start command "set_false_path -from  -to  -hold 9.6999999999999993"
USR-1002 : set_false_path -help -setup -hold -from <list> -rise_from <list> -fall_from <list> -to <list> -rise_to <list> -fall_to <list> -through <list>
RUN-1002 : start command "place"
RUN-1001 : Open license file D:/Program/Anlogic/TD5.6.2/license/Anlogic.lic
RUN-1001 : Print Global Property
RUN-1001 : ---------------------------------------------------------------
RUN-1001 :        Parameters        |  Settings  |  Default Values  |  Note  
RUN-1001 : ---------------------------------------------------------------
RUN-1001 :          message         |  standard  |     standard     |        
RUN-1001 :   mixed_pack_place_flow  |     on     |        on        |        
RUN-1001 :        qor_monitor       |    off     |       off        |        
RUN-1001 :        syn_ip_flow       |    off     |       off        |        
RUN-1001 :          thread          |    auto    |       auto       |        
RUN-1001 : ---------------------------------------------------------------
RUN-1001 : Print Place Property
RUN-1001 : --------------------------------------------------------------
RUN-1001 :        Parameters       |  Settings  |  Default Values  |  Note  
RUN-1001 : --------------------------------------------------------------
RUN-1001 :      detailed_place     |     on     |        on        |        
RUN-1001 :          effort         |   medium   |      medium      |        
RUN-1001 :         fix_hold        |    off     |       off        |        
RUN-1001 :       legalization      |    ori     |       ori        |        
RUN-1001 :      new_spreading      |     on     |        on        |        
RUN-1001 :        opt_timing       |   medium   |      medium      |        
RUN-1001 :   post_clock_route_opt  |    off     |       off        |        
RUN-1001 :       pr_strategy       |     1      |        1         |        
RUN-1001 :        relaxation       |    1.00    |       1.00       |        
RUN-1001 :         retiming        |    off     |       off        |        
RUN-1001 : --------------------------------------------------------------
PHY-3001 : Placer runs in 16 thread(s).
RUN-1002 : start command "legalize_phy_inst"
SYN-1011 : Flatten model top
RUN-1002 : start command "phys_opt -simplify_lut"
SYN-4016 : Net frame_read_write_m0/write_buf/clkw driven by BUFG (425 clock/control pins, 1 other pins).
SYN-4016 : Net frame_read_write_m0/read_buf/clkr driven by BUFG (90 clock/control pins, 1 other pins).
SYN-4027 : Net frame_read_write_m0/frame_fifo_read_m0/mem_clk is clkc1 of pll sys_pll_m0/pll_inst.
SYN-4027 : Net frame_read_write_m1/write_clk is clkc2 of pll sys_pll_m0/pll_inst.
SYN-4019 : Net clk_dup_1 is refclk of pll sys_pll_m0/pll_inst.
SYN-4020 : Net clk_dup_1 is fbclk of pll sys_pll_m0/pll_inst.
SYN-4019 : Net clk_dup_1 is refclk of pll video_pll_m0/pll_inst.
SYN-4020 : Net clk_dup_1 is fbclk of pll video_pll_m0/pll_inst.
SYN-4025 : Tag rtl::Net clk_dup_1 as clock net
SYN-4025 : Tag rtl::Net frame_read_write_m0/frame_fifo_read_m0/mem_clk as clock net
SYN-4025 : Tag rtl::Net frame_read_write_m0/read_buf/clkr as clock net
SYN-4025 : Tag rtl::Net frame_read_write_m0/write_buf/clkw as clock net
SYN-4025 : Tag rtl::Net frame_read_write_m1/write_clk as clock net
SYN-4026 : Tagged 5 rtl::Net as clock net
PHY-1001 : Populate physical database on model top.
RUN-1001 : There are total 3822 instances
RUN-0007 : 1918 luts, 1344 seqs, 292 mslices, 155 lslices, 102 pads, 4 brams, 0 dsps
RUN-1001 : There are total 4540 nets
RUN-1001 : 3096 nets have 2 pins
RUN-1001 : 1067 nets have [3 - 5] pins
RUN-1001 : 214 nets have [6 - 10] pins
RUN-1001 : 81 nets have [11 - 20] pins
RUN-1001 : 75 nets have [21 - 99] pins
RUN-1001 : 7 nets have 100+ pins
RUN-1001 : Report Control nets information:
RUN-1001 : DFF Distribution
RUN-1001 : ----------------------------------
RUN-1001 :   CE   |  SSR  |  ASR  |  DFF Count  
RUN-1001 : ----------------------------------
RUN-1001 :   No   |  No   |  No   |      1      
RUN-1001 :   No   |  No   |  Yes  |     948     
RUN-1001 :   No   |  Yes  |  No   |      0      
RUN-1001 :   Yes  |  No   |  No   |     16      
RUN-1001 :   Yes  |  No   |  Yes  |     379     
RUN-1001 :   Yes  |  Yes  |  No   |      0      
RUN-1001 : ----------------------------------
RUN-0007 : Control Group Statistic
RUN-0007 : ---------------------------
RUN-0007 :   #CLK  |  #CE  |  #SSR/ASR  
RUN-0007 : ---------------------------
RUN-0007 :    5    |  32   |     16     
RUN-0007 : ---------------------------
RUN-0007 : Control Set = 53
PHY-3001 : Initial placement ...
PHY-3001 : design contains 3820 instances, 1918 luts, 1344 seqs, 447 slices, 67 macros(447 instances: 292 mslices 155 lslices)
PHY-0007 : Cell area utilization is 14%
PHY-3001 : Start timing update ...
RUN-1002 : start command "start_timer -report"
TMR-2505 : Start building timing graph for model top.
TMR-2506 : Build timing graph completely. Port num: 22, tpin num: 17912, tnet num: 4538, tinst num: 3820, tnode num: 22714, tedge num: 29041.
TMR-2508 : Levelizing timing graph completed, there are 43 levels in total.
TMR-2501 : Timing graph initialized successfully.
TMR-2503 : Start to update net delay, extr mode = 2.
TMR-2504 : Update delay of 4538 nets completely.
TMR-2502 : Annotate delay completely, extr mode = 2.
TMR-3001 : Initiate 5 clocks from SDC.
TMR-3004 : Map sdc constraints, there are 16 constraints in total.
TMR-3003 : Constraints initiated successfully.
TMR-3501 : Forward propagation: start to calculate arrival time...
TMR-3502 : Backward propagation: start to calculate required time...
TMR-3503 : Timing propagation completes.
PHY-3001 : End timing update;  0.552929s wall, 0.250000s user + 0.000000s system = 0.250000s CPU (45.2%)

PHY-3001 : Global placement ...
PHY-3001 : Initial: Len = 916351
PHY-3001 : Clustering ...
PHY-3001 : Level 0 #clusters 3820.
PHY-3001 : End clustering;  0.000007s wall, 0.000000s user + 0.000000s system = 0.000000s CPU (n/a%)

PHY-3001 : Run with size of 4
PHY-3001 : Cell area utilization is 14%
PHY-3001 : :::0::: Try harder cell spreading with beta_ = 0
PHY-3002 : Step(1): len = 728124, overlap = 9
PHY-3002 : Step(2): len = 611970, overlap = 4.5
PHY-3002 : Step(3): len = 537942, overlap = 4.5
PHY-3002 : Step(4): len = 476473, overlap = 9
PHY-3002 : Step(5): len = 415591, overlap = 9.1875
PHY-3002 : Step(6): len = 356282, overlap = 10.7188
PHY-3002 : Step(7): len = 311098, overlap = 17.3438
PHY-3002 : Step(8): len = 274817, overlap = 19.0625
PHY-3002 : Step(9): len = 247946, overlap = 19.6562
PHY-3002 : Step(10): len = 220977, overlap = 20.4375
PHY-3002 : Step(11): len = 204717, overlap = 16.0625
PHY-3002 : Step(12): len = 185056, overlap = 13.375
PHY-3002 : Step(13): len = 172712, overlap = 13.125
PHY-3002 : Step(14): len = 163448, overlap = 14.6562
PHY-3002 : Step(15): len = 148981, overlap = 29.9375
PHY-3002 : Step(16): len = 143157, overlap = 32.8438
PHY-3002 : Step(17): len = 137508, overlap = 35.625
PHY-3001 : :::1::: Try harder cell spreading with beta_ = 0.000247683
PHY-3002 : Step(18): len = 136180, overlap = 28.0312
PHY-3002 : Step(19): len = 134388, overlap = 19.4688
PHY-3002 : Step(20): len = 128488, overlap = 20.4375
PHY-3002 : Step(21): len = 124620, overlap = 15.0312
PHY-3002 : Step(22): len = 122860, overlap = 15.125
PHY-3002 : Step(23): len = 117763, overlap = 19.8438
PHY-3002 : Step(24): len = 115619, overlap = 22.7188
PHY-3002 : Step(25): len = 113199, overlap = 19.875
PHY-3002 : Step(26): len = 110262, overlap = 18.3125
PHY-3002 : Step(27): len = 109257, overlap = 17.375
PHY-3002 : Step(28): len = 107641, overlap = 17.1562
PHY-3002 : Step(29): len = 105834, overlap = 13.3125
PHY-3002 : Step(30): len = 103748, overlap = 19.0938
PHY-3002 : Step(31): len = 103105, overlap = 20.9688
PHY-3002 : Step(32): len = 102003, overlap = 17.4688
PHY-3002 : Step(33): len = 100556, overlap = 18.0625
PHY-3002 : Step(34): len = 98791.4, overlap = 24.6875
PHY-3002 : Step(35): len = 98109.8, overlap = 22.6562
PHY-3002 : Step(36): len = 97186.7, overlap = 20.6562
PHY-3002 : Step(37): len = 96841.3, overlap = 20.375
PHY-3001 : :::2::: Try harder cell spreading with beta_ = 0.000495366
PHY-3002 : Step(38): len = 95678.8, overlap = 23.125
PHY-3002 : Step(39): len = 95515.8, overlap = 25.3125
PHY-3001 : :::3::: Try harder cell spreading with beta_ = 0.000990732
PHY-3002 : Step(40): len = 95538.4, overlap = 25.5
PHY-3002 : Step(41): len = 95681.2, overlap = 21.3438
PHY-3001 : Legalization ...
PHY-3001 : End legalization;  0.006256s wall, 0.000000s user + 0.015625s system = 0.015625s CPU (249.8%)

PHY-3001 : Run with size of 4
PHY-3001 : Cell area utilization is 18%
PHY-3001 : Update timing in Manhattan mode ...
TMR-2503 : Start to update net delay, extr mode = 3.
TMR-2504 : Update delay of 4538 nets completely.
TMR-2502 : Annotate delay completely, extr mode = 3.
TMR-3501 : Forward propagation: start to calculate arrival time...
TMR-3502 : Backward propagation: start to calculate required time...
TMR-3503 : Timing propagation completes.
PHY-3001 : End timing update;  0.095504s wall, 0.078125s user + 0.000000s system = 0.078125s CPU (81.8%)

PHY-3001 : :::0::: Try harder cell spreading with beta_ = 2.67409e-05
PHY-3002 : Step(42): len = 96917.5, overlap = 48.6875
PHY-3002 : Step(43): len = 97440.9, overlap = 50.3125
PHY-3002 : Step(44): len = 98160.5, overlap = 54.1875
PHY-3002 : Step(45): len = 98036, overlap = 54.1562
PHY-3002 : Step(46): len = 97557, overlap = 55.125
PHY-3002 : Step(47): len = 96685.1, overlap = 51.7812
PHY-3002 : Step(48): len = 95885.1, overlap = 53.2812
PHY-3002 : Step(49): len = 94895.4, overlap = 55.125
PHY-3002 : Step(50): len = 94559.4, overlap = 54.875
PHY-3002 : Step(51): len = 93246.7, overlap = 53.7188
PHY-3002 : Step(52): len = 92386.7, overlap = 53.25
PHY-3002 : Step(53): len = 91443.5, overlap = 51.7188
PHY-3002 : Step(54): len = 90785.7, overlap = 52.2812
PHY-3002 : Step(55): len = 89613.7, overlap = 51.7188
PHY-3002 : Step(56): len = 88817.2, overlap = 49
PHY-3002 : Step(57): len = 87960.4, overlap = 47.125
PHY-3002 : Step(58): len = 87626.9, overlap = 49.9375
PHY-3002 : Step(59): len = 87241.9, overlap = 47.3438
PHY-3001 : :::1::: Try harder cell spreading with beta_ = 5.34818e-05
PHY-3002 : Step(60): len = 87412, overlap = 47.4688
PHY-3002 : Step(61): len = 87566.3, overlap = 47.8125
PHY-3001 : :::2::: Try harder cell spreading with beta_ = 0.000106964
PHY-3002 : Step(62): len = 88713.4, overlap = 47.125
PHY-3002 : Step(63): len = 89288.4, overlap = 48.0312
PHY-3002 : Step(64): len = 91488.4, overlap = 51.6875
PHY-3002 : Step(65): len = 92707.5, overlap = 53.25
PHY-3002 : Step(66): len = 92643.8, overlap = 54.7812
PHY-3001 : :::3::: Try harder cell spreading with beta_ = 0.000213927
PHY-3002 : Step(67): len = 92358.2, overlap = 55.4375
PHY-3002 : Step(68): len = 92358.2, overlap = 55.4375
PHY-3001 : :::4::: Try harder cell spreading with beta_ = 0.000427854
PHY-3002 : Step(69): len = 93182.3, overlap = 59.5938
PHY-3002 : Step(70): len = 93361.4, overlap = 60.1875
PHY-3001 : :::5::: Try harder cell spreading with beta_ = 0.000855708
PHY-3002 : Step(71): len = 94235.5, overlap = 57.375
PHY-3002 : Step(72): len = 94927.8, overlap = 55.9062
PHY-3002 : Step(73): len = 95239, overlap = 54.9688
PHY-3001 : :::6::: Try harder cell spreading with beta_ = 0.00171142
PHY-3002 : Step(74): len = 94205.1, overlap = 54.4062
PHY-3002 : Step(75): len = 94205.1, overlap = 54.4062
PHY-3001 : :::7::: Try harder cell spreading with beta_ = 0.00342283
PHY-3002 : Step(76): len = 95014.9, overlap = 52.4375
PHY-3002 : Step(77): len = 95260.4, overlap = 52.1562
PHY-3001 : Run with size of 2
PHY-3001 : Cell area utilization is 18%
PHY-3001 : Update timing in Manhattan mode ...
TMR-2503 : Start to update net delay, extr mode = 3.
TMR-2504 : Update delay of 4538 nets completely.
TMR-2502 : Annotate delay completely, extr mode = 3.
TMR-3501 : Forward propagation: start to calculate arrival time...
TMR-3502 : Backward propagation: start to calculate required time...
TMR-3503 : Timing propagation completes.
PHY-3001 : End timing update;  0.100337s wall, 0.031250s user + 0.000000s system = 0.031250s CPU (31.1%)

PHY-3001 : :::0::: Try harder cell spreading with beta_ = 8.67476e-05
PHY-3002 : Step(78): len = 95605, overlap = 121.75
PHY-3002 : Step(79): len = 96335.5, overlap = 116.781
PHY-3002 : Step(80): len = 94846, overlap = 114.469
PHY-3002 : Step(81): len = 94520.5, overlap = 113.188
PHY-3002 : Step(82): len = 93782.9, overlap = 114.906
PHY-3001 : :::1::: Try harder cell spreading with beta_ = 0.000173495
PHY-3002 : Step(83): len = 94365.6, overlap = 112.031
PHY-3002 : Step(84): len = 94639, overlap = 111.844
PHY-3002 : Step(85): len = 94745.9, overlap = 106.5
PHY-3002 : Step(86): len = 95004.8, overlap = 105.75
PHY-3002 : Step(87): len = 94907.7, overlap = 105.656
PHY-3001 : :::2::: Try harder cell spreading with beta_ = 0.00034699
PHY-3002 : Step(88): len = 95197.5, overlap = 103.781
PHY-3002 : Step(89): len = 95526.3, overlap = 103.219
PHY-3001 : :::3::: Try harder cell spreading with beta_ = 0.000693981
PHY-3002 : Step(90): len = 96556.3, overlap = 94.875
PHY-3002 : Step(91): len = 97780.3, overlap = 91.5938
PHY-3002 : Step(92): len = 98534.5, overlap = 91.2188
PHY-3001 : :::4::: Try harder cell spreading with beta_ = 0.00138796
PHY-3002 : Step(93): len = 98371, overlap = 93.9688
PHY-3002 : Step(94): len = 98371, overlap = 93.9688
PHY-3001 : :::5::: Try harder cell spreading with beta_ = 0.00277592
PHY-3002 : Step(95): len = 99140.8, overlap = 90.75
PHY-3002 : Step(96): len = 99531.9, overlap = 90.2188
PHY-3001 : :::6::: Try harder cell spreading with beta_ = 0.00555185
PHY-3002 : Step(97): len = 99738.1, overlap = 91.5938
PHY-3002 : Step(98): len = 100168, overlap = 91
OPT-1001 : Start physical optimization ...
RUN-1002 : start command "start_timer -report"
TMR-2505 : Start building timing graph for model top.
TMR-2506 : Build timing graph completely. Port num: 22, tpin num: 17912, tnet num: 4538, tinst num: 3820, tnode num: 22714, tedge num: 29041.
TMR-2508 : Levelizing timing graph completed, there are 43 levels in total.
TMR-2501 : Timing graph initialized successfully.
OPT-1001 : Total overflow 258.19 peak overflow 3.69
OPT-1001 : Start high-fanout net optimization ...
OPT-1001 : Update timing in global mode
PHY-1001 : Start incremental global routing, caller is place ...
RUN-1001 : Generating global routing grids ...
RUN-1001 : Building simple global routing graph ...
PHY-1001 : Generate routing nets ...
PHY-1001 : Reuse net number 0/4540.
PHY-1001 : Global iterations in 16 thread ...
PHY-1002 : len = 112520, over cnt = 435(1%), over = 1592, worst = 19
PHY-1001 : End global iterations;  0.134121s wall, 0.031250s user + 0.015625s system = 0.046875s CPU (34.9%)

PHY-1001 : Congestion index: top1 = 41.31, top5 = 30.35, top10 = 23.79, top15 = 19.46.
PHY-1001 : End incremental global routing;  0.190530s wall, 0.078125s user + 0.015625s system = 0.093750s CPU (49.2%)

TMR-2503 : Start to update net delay, extr mode = 5.
TMR-2504 : Update delay of 4538 nets completely.
TMR-2502 : Annotate delay completely, extr mode = 5.
TMR-3001 : Initiate 5 clocks from SDC.
TMR-3004 : Map sdc constraints, there are 16 constraints in total.
TMR-3003 : Constraints initiated successfully.
TMR-3501 : Forward propagation: start to calculate arrival time...
TMR-3502 : Backward propagation: start to calculate required time...
TMR-3503 : Timing propagation completes.
OPT-1001 : End timing update;  0.109367s wall, 0.078125s user + 0.015625s system = 0.093750s CPU (85.7%)

OPT-1001 : 1 high-fanout net processed.
PHY-3001 : Start incremental placement ...
PHY-1001 : Populate physical database on model top.
PHY-3001 : Initial placement ...
PHY-3001 : eco special cells: 1 has valid locations, 0 needs to be replaced
PHY-3001 : eco pad cells: 102 has valid locations, 0 needs to be replaced
PHY-3001 : eco cells: 3712 has valid locations, 15 needs to be replaced
PHY-3001 : design contains 3834 instances, 1932 luts, 1344 seqs, 447 slices, 67 macros(447 instances: 292 mslices 155 lslices)
PHY-3001 : Global placement ...
PHY-3001 : Initial: Len = 100643
PHY-3001 : Run with size of 4
PHY-3001 : Cell area utilization is 18%
PHY-3001 : Update timing in Manhattan mode ...
RUN-1002 : start command "start_timer -report"
TMR-2505 : Start building timing graph for model top.
TMR-2506 : Build timing graph completely. Port num: 22, tpin num: 17954, tnet num: 4552, tinst num: 3834, tnode num: 22756, tedge num: 29097.
TMR-2508 : Levelizing timing graph completed, there are 43 levels in total.
TMR-2501 : Timing graph initialized successfully.
TMR-2503 : Start to update net delay, extr mode = 3.
TMR-2504 : Update delay of 4552 nets completely.
TMR-2502 : Annotate delay completely, extr mode = 3.
TMR-3001 : Initiate 5 clocks from SDC.
TMR-3004 : Map sdc constraints, there are 16 constraints in total.
TMR-3003 : Constraints initiated successfully.
TMR-3501 : Forward propagation: start to calculate arrival time...
TMR-3502 : Backward propagation: start to calculate required time...
TMR-3503 : Timing propagation completes.
PHY-3001 : End timing update;  0.625664s wall, 0.203125s user + 0.000000s system = 0.203125s CPU (32.5%)

PHY-3001 : :::0::: Try harder cell spreading with beta_ = 0
PHY-3002 : Step(99): len = 101156, overlap = 6.65625
PHY-3002 : Step(100): len = 101796, overlap = 6.6875
PHY-3002 : Step(101): len = 102209, overlap = 6.9375
PHY-3002 : Step(102): len = 102053, overlap = 6.75
PHY-3002 : Step(103): len = 101912, overlap = 6.84375
PHY-3001 : :::1::: Try harder cell spreading with beta_ = 0.000355254
PHY-3002 : Step(104): len = 101845, overlap = 7.03125
PHY-3002 : Step(105): len = 101805, overlap = 7.09375
PHY-3001 : :::2::: Try harder cell spreading with beta_ = 0.000710508
PHY-3002 : Step(106): len = 101800, overlap = 6.6875
PHY-3002 : Step(107): len = 101800, overlap = 6.6875
PHY-3001 : Run with size of 2
PHY-3001 : Cell area utilization is 18%
PHY-3001 : Update timing in Manhattan mode ...
TMR-2503 : Start to update net delay, extr mode = 3.
TMR-2504 : Update delay of 4552 nets completely.
TMR-2502 : Annotate delay completely, extr mode = 3.
TMR-3501 : Forward propagation: start to calculate arrival time...
TMR-3502 : Backward propagation: start to calculate required time...
TMR-3503 : Timing propagation completes.
PHY-3001 : End timing update;  0.099120s wall, 0.046875s user + 0.000000s system = 0.046875s CPU (47.3%)

PHY-3001 : :::0::: Try harder cell spreading with beta_ = 0.000872743
PHY-3002 : Step(108): len = 101854, overlap = 91
PHY-3002 : Step(109): len = 101896, overlap = 91
PHY-3001 : :::1::: Try harder cell spreading with beta_ = 0.00174549
PHY-3002 : Step(110): len = 101903, overlap = 91
PHY-3002 : Step(111): len = 101903, overlap = 91
PHY-3001 : Final: Len = 101903, Over = 91
PHY-3001 : End incremental placement;  0.937347s wall, 0.281250s user + 0.015625s system = 0.296875s CPU (31.7%)

OPT-1001 : Total overflow 258.38 peak overflow 3.69
OPT-1001 : End high-fanout net optimization;  1.305766s wall, 0.437500s user + 0.046875s system = 0.484375s CPU (37.1%)

OPT-1001 : Current memory(MB): used = 262, reserve = 238, peak = 264.
OPT-1001 : Start global optimization ...
OPT-1001 : Start congestion update ...
RUN-1001 : Generating global routing grids ...
PHY-1001 : Generate routing nets ...
PHY-1001 : Reuse net number 2951/4554.
PHY-1001 : Global iterations in 16 thread ...
PHY-1002 : len = 113952, over cnt = 434(1%), over = 1570, worst = 19
PHY-1002 : len = 124712, over cnt = 293(0%), over = 651, worst = 19
PHY-1002 : len = 129440, over cnt = 115(0%), over = 204, worst = 6
PHY-1002 : len = 131880, over cnt = 31(0%), over = 51, worst = 5
PHY-1002 : len = 132560, over cnt = 0(0%), over = 0, worst = 0
PHY-1001 : End global iterations;  0.151707s wall, 0.046875s user + 0.000000s system = 0.046875s CPU (30.9%)

PHY-1001 : Congestion index: top1 = 37.20, top5 = 29.21, top10 = 24.19, top15 = 20.41.
OPT-1001 : End congestion update;  0.204582s wall, 0.062500s user + 0.000000s system = 0.062500s CPU (30.6%)

OPT-1001 : Update timing in Manhattan mode
TMR-2503 : Start to update net delay, extr mode = 3.
TMR-2504 : Update delay of 4552 nets completely.
TMR-2502 : Annotate delay completely, extr mode = 3.
TMR-3501 : Forward propagation: start to calculate arrival time...
TMR-3502 : Backward propagation: start to calculate required time...
TMR-3503 : Timing propagation completes.
OPT-1001 : End timing update;  0.092312s wall, 0.015625s user + 0.000000s system = 0.015625s CPU (16.9%)

OPT-0007 : Start: WNS 1495 TNS 0 NUM_FEPS 0
OPT-0007 : Iter 1: improved WNS 1495 TNS 0 NUM_FEPS 0 with 9 cells processed and 400 slack improved
OPT-0007 : Iter 2: improved WNS 1495 TNS 0 NUM_FEPS 0 with 23 cells processed and 200 slack improved
OPT-0007 : Iter 3: improved WNS 1495 TNS 0 NUM_FEPS 0 with 3 cells processed and 0 slack improved
OPT-1001 : End global optimization;  0.303480s wall, 0.078125s user + 0.000000s system = 0.078125s CPU (25.7%)

OPT-1001 : Current memory(MB): used = 263, reserve = 238, peak = 264.
OPT-1001 : End physical optimization;  2.195619s wall, 0.859375s user + 0.062500s system = 0.921875s CPU (42.0%)

PHY-3001 : Start packing ...
SYN-4007 : Packing 0 MUX to BLE ...
SYN-4008 : Packed 0 MUX and 0 SEQ to BLE.
SYN-4007 : Packing 1932 LUT to BLE ...
SYN-4008 : Packed 1932 LUT and 1026 SEQ to BLE.
SYN-4003 : Packing 318 remaining SEQ's ...
SYN-4005 : Packed 180 SEQ with LUT/SLICE
SYN-4006 : 760 single LUT's are left
SYN-4006 : 138 single SEQ's are left
SYN-4011 : Packing model "top" (AL_USER_NORMAL) with 2070/2886 primitive instances ...
PHY-3001 : End packing;  0.107282s wall, 0.062500s user + 0.000000s system = 0.062500s CPU (58.3%)

PHY-1001 : Populate physical database on model top.
RUN-1001 : There are total 1668 instances
RUN-1001 : 777 mslices, 778 lslices, 102 pads, 4 brams, 0 dsps
RUN-1001 : There are total 3614 nets
RUN-1001 : 2210 nets have 2 pins
RUN-1001 : 1015 nets have [3 - 5] pins
RUN-1001 : 213 nets have [6 - 10] pins
RUN-1001 : 88 nets have [11 - 20] pins
RUN-1001 : 82 nets have [21 - 99] pins
RUN-1001 : 6 nets have 100+ pins
PHY-3001 : design contains 1666 instances, 1555 slices, 67 macros(447 instances: 292 mslices 155 lslices)
PHY-3001 : Cell area utilization is 20%
PHY-3001 : After packing: Len = 100803, Over = 116.75
PHY-3001 : Run with size of 2
PHY-3001 : Cell area utilization is 20%
PHY-3001 : Update timing in Manhattan mode ...
RUN-1002 : start command "start_timer -report"
TMR-2505 : Start building timing graph for model top.
TMR-2506 : Build timing graph completely. Port num: 22, tpin num: 14948, tnet num: 3612, tinst num: 1666, tnode num: 18518, tedge num: 25731.
TMR-2508 : Levelizing timing graph completed, there are 41 levels in total.
TMR-2501 : Timing graph initialized successfully.
TMR-2503 : Start to update net delay, extr mode = 3.
TMR-2504 : Update delay of 3612 nets completely.
TMR-2502 : Annotate delay completely, extr mode = 3.
TMR-3001 : Initiate 5 clocks from SDC.
TMR-3004 : Map sdc constraints, there are 16 constraints in total.
TMR-3003 : Constraints initiated successfully.
TMR-3501 : Forward propagation: start to calculate arrival time...
TMR-3502 : Backward propagation: start to calculate required time...
TMR-3503 : Timing propagation completes.
PHY-3001 : End timing update;  0.627733s wall, 0.265625s user + 0.000000s system = 0.265625s CPU (42.3%)

PHY-3001 : :::0::: Try harder cell spreading with beta_ = 7.23291e-05
PHY-3002 : Step(112): len = 98050, overlap = 118.25
PHY-3002 : Step(113): len = 97378.3, overlap = 124
PHY-3002 : Step(114): len = 97264.1, overlap = 125
PHY-3002 : Step(115): len = 97634.3, overlap = 124.75
PHY-3002 : Step(116): len = 97256.8, overlap = 125
PHY-3001 : :::1::: Try harder cell spreading with beta_ = 0.000144658
PHY-3002 : Step(117): len = 98818.7, overlap = 117
PHY-3002 : Step(118): len = 99933.7, overlap = 110.5
PHY-3002 : Step(119): len = 100300, overlap = 108.25
PHY-3001 : :::2::: Try harder cell spreading with beta_ = 0.000289317
PHY-3002 : Step(120): len = 102410, overlap = 106
PHY-3002 : Step(121): len = 105327, overlap = 96
PHY-3002 : Step(122): len = 106280, overlap = 93
PHY-3002 : Step(123): len = 105923, overlap = 88
PHY-3002 : Step(124): len = 105662, overlap = 86.25
PHY-3001 : Legalization ...
PHY-3001 : End legalization;  0.192158s wall, 0.000000s user + 0.093750s system = 0.093750s CPU (48.8%)

PHY-3001 : Trial Legalized: Len = 136241
PHY-3001 : Run with size of 2
PHY-3001 : Cell area utilization is 19%
PHY-3001 : Update timing in Manhattan mode ...
TMR-2503 : Start to update net delay, extr mode = 3.
TMR-2504 : Update delay of 3612 nets completely.
TMR-2502 : Annotate delay completely, extr mode = 3.
TMR-3501 : Forward propagation: start to calculate arrival time...
TMR-3502 : Backward propagation: start to calculate required time...
TMR-3503 : Timing propagation completes.
PHY-3001 : End timing update;  0.078762s wall, 0.031250s user + 0.000000s system = 0.031250s CPU (39.7%)

PHY-3001 : :::0::: Try harder cell spreading with beta_ = 0.000631741
PHY-3002 : Step(125): len = 126283, overlap = 16.75
PHY-3002 : Step(126): len = 120727, overlap = 26.75
PHY-3002 : Step(127): len = 117036, overlap = 29.25
PHY-3002 : Step(128): len = 113358, overlap = 34.25
PHY-3002 : Step(129): len = 110922, overlap = 38.5
PHY-3002 : Step(130): len = 109387, overlap = 43.75
PHY-3002 : Step(131): len = 108257, overlap = 47.75
PHY-3001 : :::1::: Try harder cell spreading with beta_ = 0.00124024
PHY-3002 : Step(132): len = 108880, overlap = 47.5
PHY-3002 : Step(133): len = 109654, overlap = 45.5
PHY-3002 : Step(134): len = 110020, overlap = 44.75
PHY-3001 : :::2::: Try harder cell spreading with beta_ = 0.00248048
PHY-3002 : Step(135): len = 110329, overlap = 44.25
PHY-3002 : Step(136): len = 110628, overlap = 43.25
PHY-3001 : Legalization ...
PHY-3001 : End legalization;  0.005174s wall, 0.000000s user + 0.000000s system = 0.000000s CPU (n/a%)

PHY-3001 : Legalized: Len = 122609, Over = 0
PHY-3001 : Spreading special nets. 34 overflows in 2952 tiles.
PHY-3001 : End spreading;  0.008152s wall, 0.000000s user + 0.000000s system = 0.000000s CPU (n/a%)

PHY-3001 : 50 instances has been re-located, deltaX = 28, deltaY = 25, maxDist = 2.
PHY-3001 : Final: Len = 123559, Over = 0
OPT-1001 : Start physical optimization ...
RUN-1002 : start command "start_timer -report"
TMR-2505 : Start building timing graph for model top.
TMR-2506 : Build timing graph completely. Port num: 22, tpin num: 14948, tnet num: 3612, tinst num: 1666, tnode num: 18518, tedge num: 25731.
TMR-2508 : Levelizing timing graph completed, there are 41 levels in total.
TMR-2501 : Timing graph initialized successfully.
OPT-1001 : Total overflow 0.00 peak overflow 0.00
OPT-1001 : Start high-fanout net optimization ...
OPT-1001 : Update timing in global mode
PHY-1001 : Start incremental global routing, caller is place ...
RUN-1001 : Generating global routing grids ...
PHY-1001 : Generate routing nets ...
PHY-1001 : Reuse net number 76/3614.
PHY-1001 : Global iterations in 16 thread ...
PHY-1002 : len = 144464, over cnt = 313(0%), over = 510, worst = 7
PHY-1002 : len = 146560, over cnt = 186(0%), over = 254, worst = 4
PHY-1002 : len = 148576, over cnt = 69(0%), over = 80, worst = 4
PHY-1002 : len = 149480, over cnt = 8(0%), over = 9, worst = 2
PHY-1002 : len = 149592, over cnt = 0(0%), over = 0, worst = 0
PHY-1001 : End global iterations;  0.250979s wall, 0.031250s user + 0.000000s system = 0.031250s CPU (12.5%)

PHY-1001 : Congestion index: top1 = 30.26, top5 = 25.19, top10 = 22.21, top15 = 19.84.
PHY-1001 : End incremental global routing;  0.326424s wall, 0.046875s user + 0.000000s system = 0.046875s CPU (14.4%)

TMR-2503 : Start to update net delay, extr mode = 5.
TMR-2504 : Update delay of 3612 nets completely.
TMR-2502 : Annotate delay completely, extr mode = 5.
TMR-3001 : Initiate 5 clocks from SDC.
TMR-3004 : Map sdc constraints, there are 16 constraints in total.
TMR-3003 : Constraints initiated successfully.
TMR-3501 : Forward propagation: start to calculate arrival time...
TMR-3502 : Backward propagation: start to calculate required time...
TMR-3503 : Timing propagation completes.
OPT-1001 : End timing update;  0.103341s wall, 0.015625s user + 0.000000s system = 0.015625s CPU (15.1%)

OPT-1001 : 0 high-fanout net processed.
OPT-1001 : End high-fanout net optimization;  0.486940s wall, 0.078125s user + 0.000000s system = 0.078125s CPU (16.0%)

OPT-1001 : Current memory(MB): used = 258, reserve = 234, peak = 264.
OPT-1001 : Start path based optimization ...
OPT-1001 : Start congestion update ...
RUN-1001 : Generating global routing grids ...
PHY-1001 : Generate routing nets ...
PHY-1001 : Reuse net number 3089/3614.
PHY-1001 : Global iterations in 16 thread ...
PHY-1002 : len = 149592, over cnt = 0(0%), over = 0, worst = 0
PHY-1001 : End global iterations;  0.008038s wall, 0.000000s user + 0.000000s system = 0.000000s CPU (n/a%)

PHY-1001 : Congestion index: top1 = 30.26, top5 = 25.19, top10 = 22.21, top15 = 19.84.
OPT-1001 : End congestion update;  0.063710s wall, 0.015625s user + 0.000000s system = 0.015625s CPU (24.5%)

OPT-1001 : Update timing in Manhattan mode
TMR-2503 : Start to update net delay, extr mode = 3.
TMR-2504 : Update delay of 3612 nets completely.
TMR-2502 : Annotate delay completely, extr mode = 3.
TMR-3501 : Forward propagation: start to calculate arrival time...
TMR-3502 : Backward propagation: start to calculate required time...
TMR-3503 : Timing propagation completes.
OPT-1001 : End timing update;  0.093848s wall, 0.062500s user + 0.000000s system = 0.062500s CPU (66.6%)

OPT-0007 : Start: WNS 1545 TNS 0 NUM_FEPS 0
PHY-3001 : Start incremental legalization ...
PHY-1001 : Populate physical database on model top.
PHY-3001 : Initial placement ...
PHY-3001 : eco special cells: 1 has valid locations, 0 needs to be replaced
PHY-3001 : eco pad cells: 102 has valid locations, 0 needs to be replaced
PHY-3001 : eco cells: 1559 has valid locations, 0 needs to be replaced
PHY-3001 : design contains 1666 instances, 1555 slices, 67 macros(447 instances: 292 mslices 155 lslices)
PHY-3001 : Cell area utilization is 20%
PHY-3001 : Initial: Len = 123677, Over = 0
PHY-3001 : End spreading;  0.006361s wall, 0.000000s user + 0.000000s system = 0.000000s CPU (n/a%)

PHY-3001 : Final: Len = 123677, Over = 0
PHY-3001 : End incremental legalization;  0.051551s wall, 0.031250s user + 0.015625s system = 0.046875s CPU (90.9%)

OPT-0007 : Iter 1: improved WNS 1695 TNS 0 NUM_FEPS 0 with 2 cells processed and 250 slack improved
OPT-0007 : Iter 2: improved WNS 1695 TNS 0 NUM_FEPS 0 with 0 cells processed and 0 slack improved
OPT-1001 : End path based optimization;  0.225167s wall, 0.109375s user + 0.015625s system = 0.125000s CPU (55.5%)

OPT-1001 : Current memory(MB): used = 266, reserve = 242, peak = 267.
OPT-1001 : Update timing in Manhattan mode
TMR-2503 : Start to update net delay, extr mode = 3.
TMR-2504 : Update delay of 3612 nets completely.
TMR-2502 : Annotate delay completely, extr mode = 3.
TMR-3501 : Forward propagation: start to calculate arrival time...
TMR-3502 : Backward propagation: start to calculate required time...
TMR-3503 : Timing propagation completes.
OPT-1001 : End timing update;  0.087338s wall, 0.046875s user + 0.000000s system = 0.046875s CPU (53.7%)

OPT-1001 : Start pin optimization...
OPT-1001 : skip pin optimization...
RUN-1001 : Generating global routing grids ...
PHY-1001 : Generate routing nets ...
PHY-1001 : Reuse net number 3083/3614.
PHY-1001 : Global iterations in 16 thread ...
PHY-1002 : len = 149712, over cnt = 0(0%), over = 0, worst = 0
PHY-1001 : End global iterations;  0.010887s wall, 0.000000s user + 0.000000s system = 0.000000s CPU (n/a%)

PHY-1001 : Congestion index: top1 = 30.26, top5 = 25.19, top10 = 22.20, top15 = 19.83.
OPT-1001 : Update timing in Manhattan mode
TMR-2503 : Start to update net delay, extr mode = 3.
TMR-2504 : Update delay of 3612 nets completely.
TMR-2502 : Annotate delay completely, extr mode = 3.
TMR-3501 : Forward propagation: start to calculate arrival time...
TMR-3502 : Backward propagation: start to calculate required time...
TMR-3503 : Timing propagation completes.
OPT-1001 : End timing update;  0.083690s wall, 0.031250s user + 0.000000s system = 0.031250s CPU (37.3%)

RUN-1001 : QoR Analysis:
OPT-0007 :   WNS 1695 TNS 0 NUM_FEPS 0
RUN-1001 :   No local congestion issue, and most congested 1% tile average routing util is 29.827586
RUN-1001 :   Top critical paths
RUN-1001 :       #1 path slack 1695ps with logic level 1 and starts from PAD
RUN-1001 :       #2 path slack 1695ps with logic level 1 and starts from PAD
RUN-1001 :       #3 path slack 1695ps with logic level 1 and starts from PAD
RUN-1001 :       #4 path slack 1695ps with logic level 1 and starts from PAD
OPT-1001 : End physical optimization;  1.539508s wall, 0.546875s user + 0.015625s system = 0.562500s CPU (36.5%)

RUN-1003 : finish command "place" in  8.293938s wall, 3.125000s user + 0.890625s system = 4.015625s CPU (48.4%)

RUN-1004 : used memory is 234 MB, reserved memory is 208 MB, peak memory is 267 MB
RUN-1002 : start command "export_db pic_sdram_place.db"
RUN-1001 : Exported /
RUN-1001 : Exported flow parameters
RUN-1001 : Exported libs
RUN-1001 : Exported entities
RUN-1001 : Exported ports
RUN-1001 : Exported pins
RUN-1001 : Exported instances
RUN-1001 : Exported nets
RUN-1001 : Exported buses
RUN-1001 : Exported models
RUN-1001 : Exported congestions
RUN-1001 : Exported violations
RUN-1001 : Exported timing constraints
RUN-1001 : Exported IO constraints
RUN-1001 : Exported Inst constraints
RUN-1002 : start command "route"
RUN-1001 : Open license file D:/Program/Anlogic/TD5.6.2/license/Anlogic.lic
RUN-1001 : Print Global Property
RUN-1001 : ---------------------------------------------------------------
RUN-1001 :        Parameters        |  Settings  |  Default Values  |  Note  
RUN-1001 : ---------------------------------------------------------------
RUN-1001 :          message         |  standard  |     standard     |        
RUN-1001 :   mixed_pack_place_flow  |     on     |        on        |        
RUN-1001 :        qor_monitor       |    off     |       off        |        
RUN-1001 :        syn_ip_flow       |    off     |       off        |        
RUN-1001 :          thread          |    auto    |       auto       |        
RUN-1001 : ---------------------------------------------------------------
RUN-1001 : Print Route Property
RUN-1001 : -------------------------------------------------------
RUN-1001 :    Parameters    |  Settings  |  Default Values  |  Note  
RUN-1001 : -------------------------------------------------------
RUN-1001 :      effort      |   medium   |      medium      |        
RUN-1001 :     fix_hold     |    off     |       off        |        
RUN-1001 :    opt_timing    |   medium   |      medium      |        
RUN-1001 :   phy_sim_model  |    off     |       off        |        
RUN-1001 :     priority     |   timing   |      timing      |        
RUN-1001 :     swap_pin     |     on     |        on        |        
RUN-1001 : -------------------------------------------------------
PHY-1001 : Route runs in 16 thread(s)
RUN-1001 : There are total 1668 instances
RUN-1001 : 777 mslices, 778 lslices, 102 pads, 4 brams, 0 dsps
RUN-1001 : There are total 3614 nets
RUN-1001 : 2210 nets have 2 pins
RUN-1001 : 1015 nets have [3 - 5] pins
RUN-1001 : 213 nets have [6 - 10] pins
RUN-1001 : 88 nets have [11 - 20] pins
RUN-1001 : 82 nets have [21 - 99] pins
RUN-1001 : 6 nets have 100+ pins
RUN-1002 : start command "start_timer -report"
TMR-2505 : Start building timing graph for model top.
TMR-2506 : Build timing graph completely. Port num: 22, tpin num: 14948, tnet num: 3612, tinst num: 1666, tnode num: 18518, tedge num: 25731.
TMR-2508 : Levelizing timing graph completed, there are 41 levels in total.
TMR-2501 : Timing graph initialized successfully.
PHY-1001 : 777 mslices, 778 lslices, 102 pads, 4 brams, 0 dsps
TMR-2503 : Start to update net delay, extr mode = 3.
TMR-2504 : Update delay of 3612 nets completely.
TMR-2502 : Annotate delay completely, extr mode = 3.
TMR-3001 : Initiate 5 clocks from SDC.
TMR-3004 : Map sdc constraints, there are 16 constraints in total.
TMR-3003 : Constraints initiated successfully.
TMR-3501 : Forward propagation: start to calculate arrival time...
TMR-3502 : Backward propagation: start to calculate required time...
TMR-3503 : Timing propagation completes.
PHY-1001 : Start global routing, caller is route ...
RUN-1001 : Generating global routing grids ...
PHY-1001 : Generate routing nets ...
PHY-1001 : Global iterations in 16 thread ...
PHY-1002 : len = 143528, over cnt = 322(0%), over = 524, worst = 7
PHY-1002 : len = 145744, over cnt = 186(0%), over = 255, worst = 5
PHY-1002 : len = 148096, over cnt = 43(0%), over = 49, worst = 3
PHY-1002 : len = 148736, over cnt = 0(0%), over = 0, worst = 0
PHY-1001 : End global iterations;  0.205849s wall, 0.062500s user + 0.031250s system = 0.093750s CPU (45.5%)

PHY-1001 : Congestion index: top1 = 30.13, top5 = 25.15, top10 = 22.19, top15 = 19.81.
PHY-1001 : End global routing;  0.266922s wall, 0.125000s user + 0.031250s system = 0.156250s CPU (58.5%)

PHY-1001 : Start detail routing ...
PHY-1001 : Current memory(MB): used = 285, reserve = 261, peak = 293.
PHY-1001 : Detailed router is running in normal mode.
PHY-1001 : Generate detailed routing grids ...
PHY-1001 : Generate nets ...
PHY-1001 : net clk_dup_1 will be routed on clock mesh
PHY-1001 : net frame_read_write_m0/frame_fifo_read_m0/mem_clk will be routed on clock mesh
PHY-1001 : clock net frame_read_write_m0/read_buf/clkr will be merged with clock video_pll_m0/clk0_buf
PHY-1001 : clock net frame_read_write_m0/write_buf/clkw will be merged with clock sys_pll_m0/clk0_buf
PHY-1001 : net frame_read_write_m1/write_clk will be routed on clock mesh
PHY-1001 : Current memory(MB): used = 545, reserve = 525, peak = 545.
PHY-1001 : End build detailed router design. 2.517060s wall, 1.468750s user + 0.031250s system = 1.500000s CPU (59.6%)

PHY-1001 : Detail Route ...
PHY-1001 : ===== Detail Route Phase 1 =====
PHY-1001 : Clock net routing.....
PHY-1001 : Routed 0% nets.
PHY-1022 : len = 60224, over cnt = 0(0%), over = 0, worst = 0, crit = 0
PHY-1001 : End initial clock net routed; 0.965746s wall, 0.234375s user + 0.000000s system = 0.234375s CPU (24.3%)

PHY-1001 : Current memory(MB): used = 578, reserve = 558, peak = 578.
PHY-1001 : End phase 1; 0.970518s wall, 0.234375s user + 0.000000s system = 0.234375s CPU (24.1%)

PHY-1001 : ===== Detail Route Phase 2 =====
PHY-1001 : Initial routing.....
PHY-1001 : Routed 40% nets.
PHY-1001 : Routed 48% nets.
PHY-1001 : Routed 55% nets.
PHY-1001 : Routed 68% nets.
PHY-1001 : Routed 88% nets.
PHY-1022 : len = 428944, over cnt = 89(0%), over = 90, worst = 2, crit = 0
PHY-1001 : Current memory(MB): used = 580, reserve = 560, peak = 580.
PHY-1001 : End initial routed; 3.375582s wall, 1.765625s user + 0.015625s system = 1.781250s CPU (52.8%)

PHY-1001 : Update timing.....
PHY-1001 : 0/3185(0%) critical/total net(s).
RUN-1001 : --------------------------------------
RUN-1001 :   Type   |  WNS(ns)  |  TNS(ns)  |  FEP  
RUN-1001 : --------------------------------------
RUN-1001 :   Setup  |   1.134   |   0.000   |   0   
RUN-1001 :   Hold   |  -0.039   |  -0.072   |   2   
RUN-1001 : --------------------------------------
PHY-1001 : End update timing; 0.681799s wall, 0.281250s user + 0.000000s system = 0.281250s CPU (41.3%)

PHY-1001 : Current memory(MB): used = 583, reserve = 563, peak = 583.
PHY-1001 : End phase 2; 4.057435s wall, 2.046875s user + 0.015625s system = 2.062500s CPU (50.8%)

PHY-1001 : ===== Detail Route Phase 3 =====
PHY-1001 : Optimize timing.....
PHY-1022 : len = 428944, over cnt = 89(0%), over = 90, worst = 2, crit = 0
PHY-1001 : End optimize timing; 0.026706s wall, 0.000000s user + 0.000000s system = 0.000000s CPU (n/a%)

PHY-1001 : Ripup-reroute.....
PHY-1001 : ===== DR Iter 1 =====
PHY-1022 : len = 428488, over cnt = 17(0%), over = 17, worst = 1, crit = 0
PHY-1001 : End DR Iter 1; 0.054106s wall, 0.000000s user + 0.000000s system = 0.000000s CPU (n/a%)

PHY-1001 : ===== DR Iter 2 =====
PHY-1022 : len = 428432, over cnt = 1(0%), over = 1, worst = 1, crit = 0
PHY-1001 : End DR Iter 2; 0.040230s wall, 0.015625s user + 0.000000s system = 0.015625s CPU (38.8%)

PHY-1001 : ===== DR Iter 3 =====
PHY-1022 : len = 428424, over cnt = 0(0%), over = 0, worst = 0, crit = 0
PHY-1001 : End DR Iter 3; 0.027964s wall, 0.000000s user + 0.000000s system = 0.000000s CPU (n/a%)

PHY-1001 : Update timing.....
PHY-1001 : 0/3185(0%) critical/total net(s).
RUN-1001 : --------------------------------------
RUN-1001 :   Type   |  WNS(ns)  |  TNS(ns)  |  FEP  
RUN-1001 : --------------------------------------
RUN-1001 :   Setup  |   1.134   |   0.000   |   0   
RUN-1001 :   Hold   |  -0.039   |  -0.072   |   2   
RUN-1001 : --------------------------------------
PHY-1001 : End update timing; 0.693872s wall, 0.125000s user + 0.000000s system = 0.125000s CPU (18.0%)

PHY-1001 : Commit to database.....
PHY-1001 : 20 feed throughs used by 19 nets
PHY-1001 : End commit to database; 0.295635s wall, 0.078125s user + 0.000000s system = 0.078125s CPU (26.4%)

PHY-1001 : Current memory(MB): used = 604, reserve = 585, peak = 604.
PHY-1001 : End phase 3; 1.261461s wall, 0.218750s user + 0.000000s system = 0.218750s CPU (17.3%)

PHY-1003 : Routed, final wirelength = 428424
PHY-1001 : Current memory(MB): used = 605, reserve = 586, peak = 605.
PHY-1001 : End export database. 0.011250s wall, 0.000000s user + 0.000000s system = 0.000000s CPU (n/a%)

PHY-1001 : End detail routing;  8.967567s wall, 4.000000s user + 0.062500s system = 4.062500s CPU (45.3%)

RUN-1003 : finish command "route" in  9.895144s wall, 4.453125s user + 0.093750s system = 4.546875s CPU (46.0%)

RUN-1004 : used memory is 548 MB, reserved memory is 533 MB, peak memory is 605 MB
RUN-1002 : start command "report_area -io_info -file pic_sdram_phy.area"
RUN-1001 : standard
***Report Model: top Device: EG4S20BG256***

IO Statistics
#IO                        47
  #input                    6
  #output                  37
  #inout                    4

Utilization Statistics
#lut                     2874   out of  19600   14.66%
#reg                     1420   out of  19600    7.24%
#le                      3012
  #lut only              1592   out of   3012   52.86%
  #reg only               138   out of   3012    4.58%
  #lut&reg               1282   out of   3012   42.56%
#dsp                        0   out of     29    0.00%
#bram                       4   out of     64    6.25%
  #bram9k                   4
  #fifo9k                   0
#bram32k                    0   out of     16    0.00%
#pad                       47   out of    188   25.00%
  #ireg                     3
  #oreg                    39
  #treg                     1
#pll                        2   out of      4   50.00%
#gclk                       2   out of     16   12.50%

Clock Resource Statistics
Index     ClockNet                                          Type               DriverType         Driver                         Fanout
#1        frame_read_write_m0/frame_fifo_read_m0/mem_clk    GCLK               pll                sys_pll_m0/pll_inst.clkc1      325
#2        frame_read_write_m1/write_clk                     GCLK               pll                sys_pll_m0/pll_inst.clkc2      264
#3        sys_pll_m0/clk0_buf                               GCLK               pll                sys_pll_m0/pll_inst.clkc0      262
#4        video_pll_m0/clk0_buf                             GCLK               pll                video_pll_m0/pll_inst.clkc0    73
#5        clk_dup_1                                         GCLK               io                 clk_syn_2.di                   26


Detailed IO Report

       Name         Direction    Location    IOStandard    DriveStrength    PullType    PackReg  
       clk            INPUT         F9        LVCMOS25          N/A           N/A        NONE    
       key1           INPUT        A11        LVCMOS25          N/A           N/A        IREG    
       key2           INPUT        H15        LVCMOS25          N/A           N/A        IREG    
      rst_n           INPUT        C15        LVCMOS25          N/A           N/A        NONE    
     sd_miso          INPUT         C4        LVCMOS25          N/A           N/A        NONE    
     switch1          INPUT         D9        LVCMOS25          N/A           N/A        IREG    
    flash_cs_n       OUTPUT        H16        LVCMOS25           8            N/A        OREG    
    flash_sck        OUTPUT        D12        LVCMOS25           8            N/A        OREG    
     sd_dclk         OUTPUT         C7        LVCMOS25           8            N/A        OREG    
     sd_mosi         OUTPUT         B1        LVCMOS25           8            N/A        OREG    
      sd_ncs         OUTPUT         G6        LVCMOS25           8            N/A        OREG    
   seg_data[7]       OUTPUT        M15        LVCMOS25           8            N/A        NONE    
   seg_data[6]       OUTPUT        M11        LVCMOS25           8            N/A        OREG    
   seg_data[5]       OUTPUT        R15        LVCMOS25           8            N/A        OREG    
   seg_data[4]       OUTPUT         L8        LVCMOS25           8            N/A        OREG    
   seg_data[3]       OUTPUT         M7        LVCMOS25           8            N/A        OREG    
   seg_data[2]       OUTPUT         A9        LVCMOS25           8            N/A        OREG    
   seg_data[1]       OUTPUT        E16        LVCMOS25           8            N/A        OREG    
   seg_data[0]       OUTPUT        E11        LVCMOS25           8            N/A        OREG    
    seg_sel[5]       OUTPUT        H14        LVCMOS25           8            N/A        OREG    
    seg_sel[4]       OUTPUT         A3        LVCMOS25           8            N/A        OREG    
    seg_sel[3]       OUTPUT         D1        LVCMOS25           8            N/A        OREG    
    seg_sel[2]       OUTPUT        M13        LVCMOS25           8            N/A        OREG    
    seg_sel[1]       OUTPUT        R14        LVCMOS25           8            N/A        OREG    
    seg_sel[0]       OUTPUT         P1        LVCMOS25           8            N/A        OREG    
   vga_out_b[4]      OUTPUT        F16        LVCMOS25           8            N/A        OREG    
   vga_out_b[3]      OUTPUT        G14        LVCMOS25           8            N/A        OREG    
   vga_out_b[2]      OUTPUT         F6        LVCMOS25           8            N/A        OREG    
   vga_out_b[1]      OUTPUT         G5        LVCMOS25           8            N/A        OREG    
   vga_out_b[0]      OUTPUT        P15        LVCMOS25           8            N/A        OREG    
   vga_out_g[5]      OUTPUT         L7        LVCMOS25           8            N/A        OREG    
   vga_out_g[4]      OUTPUT        B10        LVCMOS25           8            N/A        OREG    
   vga_out_g[3]      OUTPUT        K16        LVCMOS25           8            N/A        OREG    
   vga_out_g[2]      OUTPUT        A14        LVCMOS25           8            N/A        OREG    
   vga_out_g[1]      OUTPUT         C3        LVCMOS25           8            N/A        OREG    
   vga_out_g[0]      OUTPUT        P13        LVCMOS25           8            N/A        OREG    
    vga_out_hs       OUTPUT         R9        LVCMOS25           8            N/A        OREG    
   vga_out_r[4]      OUTPUT        K14        LVCMOS25           8            N/A        OREG    
   vga_out_r[3]      OUTPUT        E13        LVCMOS25           8            N/A        OREG    
   vga_out_r[2]      OUTPUT         A4        LVCMOS25           8            N/A        OREG    
   vga_out_r[1]      OUTPUT        J14        LVCMOS25           8            N/A        OREG    
   vga_out_r[0]      OUTPUT         K2        LVCMOS25           8            N/A        OREG    
    vga_out_vs       OUTPUT         C9        LVCMOS25           8            N/A        OREG    
  flash_qspi_IO0      INOUT        G16        LVCMOS25           8            N/A        TREG    
  flash_qspi_IO1      INOUT        E15        LVCMOS25           8            N/A        OREG    
  flash_qspi_IO2      INOUT        F10        LVCMOS25           8            N/A        OREG    
  flash_qspi_IO3      INOUT        M16        LVCMOS25           8            N/A        OREG    
      dq[23]          INPUT        S31        LVCMOS25           8           PULLUP      NONE    
      dq[22]          INPUT        S32        LVCMOS25           8           PULLUP      NONE    
      dq[21]          INPUT        S35        LVCMOS25           8           PULLUP      NONE    
      dq[20]          INPUT        S36        LVCMOS25           8           PULLUP      NONE    
      dq[19]          INPUT        S37        LVCMOS25           8           PULLUP      NONE    
      dq[18]          INPUT        S38        LVCMOS25           8           PULLUP      NONE    
      dq[17]          INPUT        S41        LVCMOS25           8           PULLUP      NONE    
      dq[16]          INPUT        S42        LVCMOS25           8           PULLUP      NONE    
      dq[31]          INPUT        S48        LVCMOS25           8           PULLUP      NONE    
      dq[30]          INPUT        S49        LVCMOS25           8           PULLUP      NONE    
      dq[29]          INPUT        S52        LVCMOS25           8           PULLUP      NONE    
      dq[28]          INPUT        S53        LVCMOS25           8           PULLUP      NONE    
      dq[27]          INPUT        S54        LVCMOS25           8           PULLUP      NONE    
      dq[26]          INPUT        S55        LVCMOS25           8           PULLUP      NONE    
      dq[25]          INPUT        S58        LVCMOS25           8           PULLUP      NONE    
      dq[24]          INPUT        S59        LVCMOS25           8           PULLUP      NONE    
       dm0           OUTPUT        S14        LVCMOS25           8            NONE       NONE    
       cke           OUTPUT        S18        LVCMOS25           8            NONE       NONE    
       we_n          OUTPUT        S19        LVCMOS25           8            NONE       OREG    
      cas_n          OUTPUT        S20        LVCMOS25           8            NONE       OREG    
      ras_n          OUTPUT        S21        LVCMOS25           8            NONE       OREG    
       cs_n          OUTPUT        S22        LVCMOS25           8            NONE       NONE    
     addr[9]         OUTPUT        S23        LVCMOS25           8            NONE       OREG    
     addr[8]         OUTPUT        S24        LVCMOS25           8            NONE       OREG    
     addr[7]         OUTPUT        S25        LVCMOS25           8            NONE       OREG    
     addr[6]         OUTPUT        S26        LVCMOS25           8            NONE       OREG    
     addr[5]         OUTPUT        S27        LVCMOS25           8            NONE       OREG    
     addr[4]         OUTPUT        S28        LVCMOS25           8            NONE       OREG    
       dm2           OUTPUT        S29        LVCMOS25           8            NONE       NONE    
       dm3           OUTPUT        S61        LVCMOS25           8            NONE       NONE    
     addr[3]         OUTPUT        S64        LVCMOS25           8            NONE       OREG    
     addr[2]         OUTPUT        S65        LVCMOS25           8            NONE       OREG    
     addr[1]         OUTPUT        S66        LVCMOS25           8            NONE       OREG    
     addr[0]         OUTPUT        S67        LVCMOS25           8            NONE       OREG    
     addr[10]        OUTPUT        S68        LVCMOS25           8            NONE       OREG    
      ba[0]          OUTPUT        S69        LVCMOS25           8            NONE       OREG    
      ba[1]          OUTPUT        S70        LVCMOS25           8            NONE       OREG    
       clk           OUTPUT        S73        LVCMOS25           8            NONE       NONE    
       dm1           OUTPUT        S76        LVCMOS25           8            NONE       NONE    
      dq[0]           INOUT         S1        LVCMOS25           8           PULLUP      IREG    
      dq[6]           INOUT        S11        LVCMOS25           8           PULLUP      IREG    
      dq[7]           INOUT        S12        LVCMOS25           8           PULLUP      IREG    
      dq[1]           INOUT         S2        LVCMOS25           8           PULLUP      IREG    
      dq[2]           INOUT         S5        LVCMOS25           8           PULLUP      IREG    
      dq[3]           INOUT         S6        LVCMOS25           8           PULLUP      IREG    
      dq[4]           INOUT         S7        LVCMOS25           8           PULLUP      IREG    
      dq[8]           INOUT        S78        LVCMOS25           8           PULLUP      IREG    
      dq[9]           INOUT        S79        LVCMOS25           8           PULLUP      IREG    
      dq[5]           INOUT         S8        LVCMOS25           8           PULLUP      IREG    
      dq[10]          INOUT        S82        LVCMOS25           8           PULLUP      IREG    
      dq[11]          INOUT        S83        LVCMOS25           8           PULLUP      IREG    
      dq[12]          INOUT        S84        LVCMOS25           8           PULLUP      IREG    
      dq[13]          INOUT        S85        LVCMOS25           8           PULLUP      IREG    
      dq[14]          INOUT        S88        LVCMOS25           8           PULLUP      IREG    
      dq[15]          INOUT        S89        LVCMOS25           8           PULLUP      IREG    

Report Hierarchy Area:
+-------------------------------------------------------------------------------------------------------------------------------------+
|Instance                        |Module                                         |le     |lut     |ripple  |seq     |bram    |dsp     |
+-------------------------------------------------------------------------------------------------------------------------------------+
|top                             |top                                            |3012   |2427    |447     |1463    |4       |0       |
|  flash_write_read_m0           |flash_write_read                               |677    |598     |75      |332     |0       |0       |
|    Qspi_master_m0              |Qspi_master                                    |84     |84      |0       |33      |0       |0       |
|    flash_cmd_m0                |flash_cmd                                      |202    |189     |12      |104     |0       |0       |
|      flash_step_m0             |flash_step                                     |74     |68      |6       |37      |0       |0       |
|    flash_reader_m0             |flash_reader                                   |163    |132     |29      |87      |0       |0       |
|    flash_writer_m0             |flash_writer                                   |228    |193     |34      |108     |0       |0       |
|  frame_read_write_m0           |frame_read_write                               |411    |284     |88      |244     |2       |0       |
|    frame_fifo_read_m0          |frame_fifo_read                                |88     |69      |19      |44      |0       |0       |
|    frame_fifo_write_m0         |frame_fifo_write                               |78     |59      |19      |41      |0       |0       |
|    read_buf                    |afifo_16_256                                   |114    |72      |25      |80      |1       |0       |
|      ram_inst                  |ram_infer_afifo_16_256                         |0      |0       |0       |0       |1       |0       |
|      rd_to_wr_cross_inst       |fifo_cross_domain_addr_process_al_afifo_16_256 |31     |22      |0       |31      |0       |0       |
|      wr_to_rd_cross_inst       |fifo_cross_domain_addr_process_al_afifo_16_256 |29     |23      |0       |29      |0       |0       |
|    write_buf                   |afifo_16_256                                   |113    |66      |25      |78      |1       |0       |
|      ram_inst                  |ram_infer_afifo_16_256                         |0      |0       |0       |0       |1       |0       |
|      rd_to_wr_cross_inst       |fifo_cross_domain_addr_process_al_afifo_16_256 |27     |16      |0       |27      |0       |0       |
|      wr_to_rd_cross_inst       |fifo_cross_domain_addr_process_al_afifo_16_256 |29     |19      |0       |29      |0       |0       |
|  frame_read_write_m1           |frame_read_write                               |401    |258     |88      |249     |2       |0       |
|    frame_fifo_read_m0          |frame_fifo_read                                |91     |72      |19      |48      |0       |0       |
|    frame_fifo_write_m0         |frame_fifo_write                               |81     |62      |19      |38      |0       |0       |
|    read_buf                    |afifo_16_256                                   |111    |66      |25      |79      |1       |0       |
|      ram_inst                  |ram_infer_afifo_16_256                         |0      |0       |0       |0       |1       |0       |
|      rd_to_wr_cross_inst       |fifo_cross_domain_addr_process_al_afifo_16_256 |28     |19      |0       |27      |0       |0       |
|      wr_to_rd_cross_inst       |fifo_cross_domain_addr_process_al_afifo_16_256 |29     |21      |0       |29      |0       |0       |
|    write_buf                   |afifo_16_256                                   |118    |58      |25      |84      |1       |0       |
|      ram_inst                  |ram_infer_afifo_16_256                         |0      |0       |0       |0       |1       |0       |
|      rd_to_wr_cross_inst       |fifo_cross_domain_addr_process_al_afifo_16_256 |27     |13      |0       |27      |0       |0       |
|      wr_to_rd_cross_inst       |fifo_cross_domain_addr_process_al_afifo_16_256 |33     |16      |0       |33      |0       |0       |
|  sd_card_bmp_m0                |sd_card_bmp                                    |961    |822     |105     |387     |0       |0       |
|    ax_debounce_m0              |ax_debounce                                    |65     |55      |9       |38      |0       |0       |
|    bmp_read_m0                 |bmp_read                                       |330    |238     |66      |169     |0       |0       |
|    sd_card_top_m0              |sd_card_top                                    |566    |529     |30      |180     |0       |0       |
|      sd_card_cmd_m0            |sd_card_cmd                                    |345    |320     |25      |55      |0       |0       |
|      sd_card_sec_read_write_m0 |sd_card_sec_read_write                         |161    |154     |0       |88      |0       |0       |
|      spi_master_m0             |spi_master                                     |60     |55      |5       |37      |0       |0       |
|  sdram_core_m0                 |sdram_core                                     |295    |246     |45      |78      |0       |0       |
|  sdram_m0                      |sdram                                          |0      |0       |0       |0       |0       |0       |
|  seg_scan_m0                   |seg_scan                                       |57     |43      |14      |20      |0       |0       |
|  sys_pll_m0                    |sys_pll                                        |0      |0       |0       |0       |0       |0       |
|  sys_state_ctrl_m0             |sys_state_ctrl                                 |129    |111     |18      |71      |0       |0       |
|    ax_debounce_m1              |ax_debounce                                    |65     |56      |9       |36      |0       |0       |
|    ax_debounce_m2              |ax_debounce                                    |62     |53      |9       |34      |0       |0       |
|  video_pll_m0                  |video_pll                                      |0      |0       |0       |0       |0       |0       |
|  video_timing_data_m0          |video_timing_data                              |79     |63      |14      |38      |0       |0       |
|    color_bar_m0                |color_bar                                      |60     |45      |14      |30      |0       |0       |
+-------------------------------------------------------------------------------------------------------------------------------------+


DataNet Average Fanout:

   Index     Fanout     Nets  
    #1          1       2163  
    #2          2       489   
    #3          3       382   
    #4          4       144   
    #5        5-10      223   
    #6        11-50     153   
    #7       51-100      5    
    #8       101-500     1    
  Average     2.90            

RUN-1002 : start command "export_db pic_sdram_pr.db"
RUN-1001 : Exported /
RUN-1001 : Exported flow parameters
RUN-1001 : Exported libs
RUN-1001 : Exported entities
RUN-1001 : Exported ports
RUN-1001 : Exported pins
RUN-1001 : Exported instances
RUN-1001 : Exported nets
RUN-1001 : Exported buses
RUN-1001 : Exported models
RUN-1001 : Exported congestions
RUN-1001 : Exported violations
RUN-1001 : Exported timing constraints
RUN-1001 : Exported IO constraints
RUN-1001 : Exported Inst constraints
RUN-1002 : start command "start_timer"
TMR-2505 : Start building timing graph for model top.
TMR-2506 : Build timing graph completely. Port num: 22, tpin num: 14948, tnet num: 3612, tinst num: 1666, tnode num: 18518, tedge num: 25731.
TMR-2508 : Levelizing timing graph completed, there are 41 levels in total.
TMR-2501 : Timing graph initialized successfully.
RUN-1002 : start command "report_timing -mode FINAL -net_info -rpt_autogen true -file pic_sdram_phy.timing"
TMR-2503 : Start to update net delay, extr mode = 6.
TMR-2504 : Update delay of 3612 nets completely.
TMR-2502 : Annotate delay completely, extr mode = 6.
TMR-3001 : Initiate 5 clocks from SDC.
TMR-3004 : Map sdc constraints, there are 16 constraints in total.
TMR-3003 : Constraints initiated successfully.
TMR-3501 : Forward propagation: start to calculate arrival time...
TMR-3502 : Backward propagation: start to calculate required time...
TMR-3503 : Timing propagation completes.
TMR-3506 : Start to generate timing report.
TMR-1502 : Number of clock constraints = 5. Number of clock nets = 5 (0 unconstrainted).
TMR-3508 : Export timing summary.
TMR-3507 : Timing report generated successfully in pic_sdram_phy.timing, timing summary in pic_sdram_phy.tsm.
RUN-1002 : start command "export_bid pic_sdram_inst.bid"
PRG-1000 : <!-- HMAC is: 80f84df93f64426acf7763e462665253b9ac0a8dc3fae73e7559d3e546244470 -->
RUN-1002 : start command "bitgen -bit pic_sdram.bit"
BIT-1003 : Start to generate bitstream. 
BIT-1002 : Init instances with 16 threads.
BIT-1002 : Init instances completely, inst num: 1666
BIT-1002 : Init pips with 16 threads.
BIT-1002 : Init pips completely, net num: 3614, pip num: 33656
BIT-1002 : Init feedthrough with 16 threads.
BIT-1002 : Init feedthrough completely, num: 20
BIT-1003 : Multithreading accelaration with 16 threads.
BIT-1003 : Generate bitstream completely, there are 2032 valid insts, and 98462 bits set as '1'.
BIT-1004 : the usercode register value: 00000000110001000000000000000000
BIT-1004 : PLL setting string = 1001
BIT-1004 : Generate bits file pic_sdram.bit.
RUN-1003 : finish command "bitgen -bit pic_sdram.bit" in  3.799057s wall, 31.906250s user + 0.062500s system = 31.968750s CPU (841.5%)

RUN-1004 : used memory is 584 MB, reserved memory is 565 MB, peak memory is 753 MB
RUN-1002 : start command "backup_run_log run.log ../.logs/phy_1/td_20231212_153032.log"
