============================================================
   Tang Dynasty, V5.6.71036
      Copyright (c) 2012-2023 Anlogic Inc.
   Executable = D:/Program/Anlogic/TD5.6.2/bin/td.exe
   Built at =   20:34:38 Mar 21 2023
   Run by =     28408
   Run Date =   Tue Dec 19 16:07:18 2023

   Run on =     DESKTOP-T1B5OP5
============================================================
RUN-1002 : start command "open_project pic_sdram.prj"
RUN-1001 : Print Global Property
RUN-1001 : ---------------------------------------------------------------
RUN-1001 :        Parameters        |  Settings  |  Default Values  |  Note  
RUN-1001 : ---------------------------------------------------------------
RUN-1001 :          message         |  standard  |     standard     |        
RUN-1001 :   mixed_pack_place_flow  |     on     |        on        |        
RUN-1001 :        qor_monitor       |    off     |       off        |        
RUN-1001 :        syn_ip_flow       |    off     |       off        |        
RUN-1001 :          thread          |    auto    |       auto       |        
RUN-1001 : ---------------------------------------------------------------
RUN-1001 : Print Design Property
RUN-1001 : --------------------------------------------------------------
RUN-1001 :        Parameters       |  Settings  |  Default Values  |  Note  
RUN-1001 : --------------------------------------------------------------
RUN-1001 :   default_reg_initial   |    auto    |       auto       |        
RUN-1001 :        infer_add        |     on     |        on        |        
RUN-1001 :        infer_fsm        |    off     |       off        |        
RUN-1001 :        infer_mult       |     on     |        on        |        
RUN-1001 :        infer_ram        |     on     |        on        |        
RUN-1001 :        infer_reg        |     on     |        on        |        
RUN-1001 :   infer_reg_init_value  |     on     |        on        |        
RUN-1001 :        infer_rom        |     on     |        on        |        
RUN-1001 :      infer_shifter      |     on     |        on        |        
RUN-1001 : --------------------------------------------------------------
RUN-1001 : Print Rtl Property
RUN-1001 : --------------------------------------------------------------
RUN-1001 :        Parameters       |  Settings  |  Default Values  |  Note  
RUN-1001 : --------------------------------------------------------------
RUN-1001 :       compress_add      |   ripple   |      ripple      |        
RUN-1001 :        elf_sload        |    off     |       off        |        
RUN-1001 :       fix_undriven      |     0      |        0         |        
RUN-1001 :         flatten         |    off     |       off        |        
RUN-1001 :       gate_sharing      |     on     |        on        |        
RUN-1001 :    hdl_warning_level    |   normal   |      normal      |        
RUN-1001 :   impl_internal_tribuf  |     on     |        on        |        
RUN-1001 :      impl_set_reset     |     on     |        on        |        
RUN-1001 :        infer_gsr        |    off     |       off        |        
RUN-1001 :      keep_hierarchy     |    auto    |       auto       |        
RUN-1001 :        max_fanout       |    9999    |       9999       |        
RUN-1001 :      max_oh2bin_len     |     10     |        10        |        
RUN-1001 :       merge_equal       |     on     |        on        |        
RUN-1001 :       merge_equiv       |     on     |        on        |        
RUN-1001 :        merge_mux        |    off     |       off        |        
RUN-1001 :     min_control_set     |     8      |        8         |        
RUN-1001 :      min_ripple_len     |    auto    |       auto       |        
RUN-1001 :       oh2bin_ratio      |    0.08    |       0.08       |        
RUN-1001 :     opt_adder_fanout    |     on     |        on        |        
RUN-1001 :        opt_arith        |     on     |        on        |        
RUN-1001 :       opt_big_gate      |    off     |       off        |        
RUN-1001 :        opt_const        |     on     |        on        |        
RUN-1001 :      opt_const_mult     |     on     |        on        |        
RUN-1001 :       opt_lessthan      |     on     |        on        |        
RUN-1001 :         opt_mux         |    off     |       off        |        
RUN-1001 :         opt_ram         |    high    |       high       |        
RUN-1001 :      rtl_sim_model      |    off     |       off        |        
RUN-1001 :         seq_syn         |     on     |        on        |        
RUN-1001 : --------------------------------------------------------------
HDL-1007 : analyze verilog file ../../al_ip/sys_pll.v
HDL-1007 : undeclared symbol 'open', assumed default net type 'wire' in ../../al_ip/sys_pll.v(77)
HDL-1007 : analyze verilog file ../../al_ip/video_pll.v
HDL-1007 : undeclared symbol 'open', assumed default net type 'wire' in ../../al_ip/video_pll.v(63)
HDL-1007 : analyze verilog file ../../al_ip/afifo_16_256.v
HDL-1007 : analyze verilog file ../../src/ax_debounce.v
HDL-1007 : analyze verilog file ../../src/bmp_read.v
HDL-1007 : analyze verilog file ../../src/color_bar.v
HDL-1007 : analyze included file ../../src/video_define.v in ../../src/color_bar.v(2)
HDL-1007 : back to file '../../src/color_bar.v' in ../../src/color_bar.v(2)
HDL-1007 : analyze verilog file ../../src/frame_fifo_read.v
HDL-1007 : analyze verilog file ../../src/frame_fifo_write.v
HDL-1007 : analyze verilog file ../../src/sd_card/sd_card_cmd.v
HDL-1007 : analyze verilog file ../../src/sd_card/sd_card_sec_read_write.v
HDL-1007 : analyze verilog file ../../src/sd_card/sd_card_top.v
HDL-1007 : analyze verilog file ../../src/sd_card/spi_master.v
HDL-1007 : analyze verilog file ../../src/sd_card_bmp.v
HDL-1007 : analyze verilog file ../../src/seg_decoder.v
HDL-1007 : analyze verilog file ../../src/seg_scan.v
HDL-1007 : analyze verilog file ../../src/top.v
HDL-1007 : undeclared symbol 'sdram_clk', assumed default net type 'wire' in ../../src/top.v(102)
HDL-1007 : analyze verilog file ../../src/video_timing_data.v
HDL-1007 : analyze verilog file ../../src/sdram_r/sdram_para.v
HDL-1007 : analyze verilog file ../../src/sdram/enc_file/global_def.v
HDL-1007 : analyze verilog file ../../src/sdram/enc_file/sdr_as_ram.enc.v
Copyright (c) 1998-2019 The OpenSSL Project.  All rights reserved.
This product includes software developed by the OpenSSL Project
for use in the OpenSSL Toolkit (http://www.openssl.org/)
Copyright (C) 1995-1998 Eric Young (eay@cryptsoft.com)
All rights reserved.
This product includes cryptographic software written by Eric Young (eay@cryptsoft.com)
HDL-1007 : back to file '../../src/sdram/enc_file/sdr_as_ram.enc.v' in ../../src/sdram/enc_file/sdr_as_ram.enc.v(148)
HDL-1007 : analyze verilog file ../../src/sdram/enc_file/sdr_init_ref.enc.v
HDL-1007 : undeclared symbol '**', assumed default net type '**' in encrypted_text(0)
HDL-1007 : back to file '../../src/sdram/enc_file/sdr_init_ref.enc.v' in ../../src/sdram/enc_file/sdr_init_ref.enc.v(242)
HDL-5007 WARNING: concatenation with an unsized literal will be treated as 32 bits in encrypted_text(0)
HDL-1007 : analyze verilog file ../../src/sdram/enc_file/sdr_wrrd.enc.v
HDL-5007 WARNING: concatenation with an unsized literal will be treated as 32 bits in encrypted_text(0)
HDL-1007 : back to file '../../src/sdram/enc_file/sdr_wrrd.enc.v' in ../../src/sdram/enc_file/sdr_wrrd.enc.v(255)
HDL-1007 : analyze verilog file ../../src/sdram/sdram.v
HDL-1007 : analyze included file D:\Projects\2023_10_10_HX4S20_test\spi_FLASH_SDRAM_pic\HX4S20\/./src/sdram/enc_file/global_def.v in ../../src/sdram/sdram.v(10)
HDL-1007 : back to file '../../src/sdram/sdram.v' in ../../src/sdram/sdram.v(10)
HDL-1007 : undeclared symbol 'Sdr_busy', assumed default net type 'wire' in ../../src/sdram/sdram.v(63)
HDL-1007 : undeclared symbol 'SDR_CKE', assumed default net type 'wire' in ../../src/sdram/sdram.v(88)
HDL-1007 : analyze verilog file ../../src/frame_read_write.v
RUN-1001 : Project manager successfully analyzed 25 source files.
RUN-1002 : start command "import_device eagle_s20.db -package EG4S20BG256"
ARC-1001 : Device Initialization.
ARC-1001 : ------------------------------------------------------------------
ARC-1001 :            OPTION            |          IO          |   SETTING   
ARC-1001 : ------------------------------------------------------------------
ARC-1001 :   cso_b/cclk/mosi/miso/dout  |  T3/R11/T10/P10/S11  |    gpio    
ARC-1001 :             done             |         P13          |    gpio    
ARC-1001 :           program_b          |          T2          |  dedicate  
ARC-1001 :        tdi/tms/tck/tdo       |   C12/A15/C14/E14    |  dedicate  
ARC-1001 : ------------------------------------------------------------------
ARC-1004 : Device setting, marked 5 dedicate IOs in total.
RUN-1002 : start command "import_db ../syn_1/pic_sdram_gate.db"
RUN-1001 : Importing database generated by Tang Dynasty, V5.6.71036.
RUN-1001 : Database version number 46146.
RUN-1001 : Import flow parameters
RUN-1001 : Import timing constraints
RUN-1001 : Import IO constraints
RUN-1001 : Import Inst constraints
RUN-1001 : Import design success TD_VERSION=5.6.71036 , DB_VERSION=46146
RUN-1002 : start command "read_sdc ../../top.sdc"
RUN-1002 : start command "get_ports clk"
RUN-1002 : start command "create_clock -name clk -period 20 -waveform 0 10 "
RUN-1102 : create_clock: clock name: clk, type: 0, period: 20000, rise: 0, fall: 10000.
RUN-1002 : start command "derive_pll_clocks"
USR-1002 : Gen clock cmd:  create_generated_clock -name {sys_pll_m0/pll_inst.clkc[0]} -source [get_ports {clk}] -master_clock {clk} -multiply_by 2.0000 [get_pins {sys_pll_m0/pll_inst.clkc[0]}]
RUN-1002 : start command "get_ports clk"
RUN-1002 : start command "get_pins sys_pll_m0/pll_inst.clkc[0]"
RUN-1002 : start command "create_generated_clock -name sys_pll_m0/pll_inst.clkc[0] -source  -master_clock clk -multiply_by 2.0000 "
USR-1002 : Gen clock cmd:  create_generated_clock -name {sys_pll_m0/pll_inst.clkc[1]} -source [get_ports {clk}] -master_clock {clk} -multiply_by 2.0000 [get_pins {sys_pll_m0/pll_inst.clkc[1]}]
RUN-1002 : start command "get_ports clk"
RUN-1002 : start command "get_pins sys_pll_m0/pll_inst.clkc[1]"
RUN-1002 : start command "create_generated_clock -name sys_pll_m0/pll_inst.clkc[1] -source  -master_clock clk -multiply_by 2.0000 "
USR-1002 : Gen clock cmd:  create_generated_clock -name {video_pll_m0/pll_inst.clkc[0]} -source [get_ports {clk}] -master_clock {clk} -divide_by 2.0000 [get_pins {video_pll_m0/pll_inst.clkc[0]}]
RUN-1002 : start command "get_ports clk"
RUN-1002 : start command "get_pins video_pll_m0/pll_inst.clkc[0]"
RUN-1002 : start command "create_generated_clock -name video_pll_m0/pll_inst.clkc[0] -source  -master_clock clk -divide_by 2.0000 "
RUN-1002 : start command "get_ports clk"
RUN-1002 : start command "get_pins sys_pll_m0/pll_inst.clkc[0]"
RUN-1002 : start command "rename_clock -name sd_card_clk -source  -master_clock clk "
RUN-1105 : Rename Clock: clock sys_pll_m0/pll_inst.clkc[0] was renamed, new name is sd_card_clk.
RUN-1002 : start command "get_ports clk"
RUN-1002 : start command "get_pins sys_pll_m0/pll_inst.clkc[1]"
RUN-1002 : start command "rename_clock -name ext_mem_clk -source  -master_clock clk "
RUN-1105 : Rename Clock: clock sys_pll_m0/pll_inst.clkc[1] was renamed, new name is ext_mem_clk.
RUN-1002 : start command "get_ports clk"
RUN-1002 : start command "get_pins sys_pll_m0/pll_inst.clkc[2]"
RUN-1002 : start command "rename_clock -name flash_sys_clk -source  -master_clock clk "
RUN-1107 : Rename Clock: new clock flash_sys_clk is created by rename_clock temporarily.
RUN-1002 : start command "get_ports clk"
RUN-1002 : start command "get_pins video_pll_m0/pll_inst.clkc[0]"
RUN-1002 : start command "rename_clock -name video_clk -source  -master_clock clk "
RUN-1105 : Rename Clock: clock video_pll_m0/pll_inst.clkc[0] was renamed, new name is video_clk.
RUN-1002 : start command "read_sdc -ip afifo_16_256 ../../al_ip/afifo_16_256.tcl"
RUN-1002 : start command "get_ports clkw"
RUN-1002 : start command "get_nets  clkw  "
RUN-1002 : start command "get_clocks -nowarn -of nets 8967891714048"
RUN-1002 : start command "get_ports clkr"
RUN-1002 : start command "get_nets  clkr  "
RUN-1002 : start command "get_clocks -nowarn -of nets 18253611008000"
RUN-1002 : start command "get_property -nowarn -max PERIOD "
RUN-1002 : start command "get_property -nowarn -max PERIOD "
RUN-1002 : start command "get_regs rd_to_wr_cross_inst/primary_addr_gray_reg[*]"
RUN-1002 : start command "get_regs rd_to_wr_cross_inst/sync_r1[*]"
RUN-1002 : start command "set_max_delay -from  -to  9.6999999999999993 -datapath_only"
RUN-1002 : start command "get_regs rd_to_wr_cross_inst/primary_addr_gray_reg[*]"
RUN-1002 : start command "get_regs rd_to_wr_cross_inst/sync_r1[*]"
RUN-1002 : start command "set_false_path -from  -to  -hold 9.6999999999999993"
USR-1002 : set_false_path -help -setup -hold -from <list> -rise_from <list> -fall_from <list> -to <list> -rise_to <list> -fall_to <list> -through <list>
RUN-1002 : start command "get_regs wr_to_rd_cross_inst/primary_addr_gray_reg[*]"
RUN-1002 : start command "get_regs wr_to_rd_cross_inst/sync_r1[*]"
RUN-1002 : start command "set_max_delay -from  -to  9.6999999999999993 -datapath_only"
RUN-1002 : start command "get_regs wr_to_rd_cross_inst/primary_addr_gray_reg[*]"
RUN-1002 : start command "get_regs wr_to_rd_cross_inst/sync_r1[*]"
RUN-1002 : start command "set_false_path -from  -to  -hold 9.6999999999999993"
USR-1002 : set_false_path -help -setup -hold -from <list> -rise_from <list> -fall_from <list> -to <list> -rise_to <list> -fall_to <list> -through <list>
RUN-1002 : start command "get_ports clkw"
RUN-1002 : start command "get_nets  clkw  "
RUN-1002 : start command "get_clocks -nowarn -of nets 24442658881536"
RUN-1002 : start command "get_ports clkr"
RUN-1002 : start command "get_nets  clkr  "
RUN-1002 : start command "get_clocks -nowarn -of nets 8967891714048"
RUN-1002 : start command "get_property -nowarn -max PERIOD "
RUN-1002 : start command "get_property -nowarn -max PERIOD "
RUN-1002 : start command "get_regs rd_to_wr_cross_inst/primary_addr_gray_reg[*]"
RUN-1002 : start command "get_regs rd_to_wr_cross_inst/sync_r1[*]"
RUN-1002 : start command "set_max_delay -from  -to  9.6999999999999993 -datapath_only"
RUN-1002 : start command "get_regs rd_to_wr_cross_inst/primary_addr_gray_reg[*]"
RUN-1002 : start command "get_regs rd_to_wr_cross_inst/sync_r1[*]"
RUN-1002 : start command "set_false_path -from  -to  -hold 9.6999999999999993"
USR-1002 : set_false_path -help -setup -hold -from <list> -rise_from <list> -fall_from <list> -to <list> -rise_to <list> -fall_to <list> -through <list>
RUN-1002 : start command "get_regs wr_to_rd_cross_inst/primary_addr_gray_reg[*]"
RUN-1002 : start command "get_regs wr_to_rd_cross_inst/sync_r1[*]"
RUN-1002 : start command "set_max_delay -from  -to  9.6999999999999993 -datapath_only"
RUN-1002 : start command "get_regs wr_to_rd_cross_inst/primary_addr_gray_reg[*]"
RUN-1002 : start command "get_regs wr_to_rd_cross_inst/sync_r1[*]"
RUN-1002 : start command "set_false_path -from  -to  -hold 9.6999999999999993"
USR-1002 : set_false_path -help -setup -hold -from <list> -rise_from <list> -fall_from <list> -to <list> -rise_to <list> -fall_to <list> -through <list>
RUN-1002 : start command "place"
RUN-1001 : Open license file D:/Program/Anlogic/TD5.6.2/license/Anlogic.lic
RUN-1001 : Print Global Property
RUN-1001 : ---------------------------------------------------------------
RUN-1001 :        Parameters        |  Settings  |  Default Values  |  Note  
RUN-1001 : ---------------------------------------------------------------
RUN-1001 :          message         |  standard  |     standard     |        
RUN-1001 :   mixed_pack_place_flow  |     on     |        on        |        
RUN-1001 :        qor_monitor       |    off     |       off        |        
RUN-1001 :        syn_ip_flow       |    off     |       off        |        
RUN-1001 :          thread          |    auto    |       auto       |        
RUN-1001 : ---------------------------------------------------------------
RUN-1001 : Print Place Property
RUN-1001 : --------------------------------------------------------------
RUN-1001 :        Parameters       |  Settings  |  Default Values  |  Note  
RUN-1001 : --------------------------------------------------------------
RUN-1001 :      detailed_place     |     on     |        on        |        
RUN-1001 :          effort         |   medium   |      medium      |        
RUN-1001 :         fix_hold        |    off     |       off        |        
RUN-1001 :       legalization      |    ori     |       ori        |        
RUN-1001 :      new_spreading      |     on     |        on        |        
RUN-1001 :        opt_timing       |   medium   |      medium      |        
RUN-1001 :   post_clock_route_opt  |    off     |       off        |        
RUN-1001 :       pr_strategy       |     1      |        1         |        
RUN-1001 :        relaxation       |    1.00    |       1.00       |        
RUN-1001 :         retiming        |    off     |       off        |        
RUN-1001 : --------------------------------------------------------------
PHY-3001 : Placer runs in 16 thread(s).
RUN-1002 : start command "legalize_phy_inst"
SYN-1011 : Flatten model top
SYN-5055 WARNING: The kept net frame_read_write_m0/frame_fifo_read_m0/App_rd_en_d0 will be merged to another kept net U3/App_rd_en
SYN-5055 WARNING: The kept net U3/u2_ram/u2_wrrd/App_rd_en will be merged to another kept net U3/App_rd_en
SYN-5055 WARNING: The kept net frame_read_write_m0/Sdr_rd_dout[15] will be merged to another kept net U3/Sdr_rd_dout[15]
SYN-5055 WARNING: The kept net frame_read_write_m0/Sdr_rd_dout[14] will be merged to another kept net U3/Sdr_rd_dout[14]
SYN-5055 WARNING: The kept net frame_read_write_m0/Sdr_rd_dout[13] will be merged to another kept net U3/Sdr_rd_dout[13]
SYN-5055 WARNING: The kept net frame_read_write_m0/Sdr_rd_dout[12] will be merged to another kept net U3/Sdr_rd_dout[12]
SYN-5055 WARNING: The kept net frame_read_write_m0/Sdr_rd_dout[11] will be merged to another kept net U3/Sdr_rd_dout[11]
SYN-5055 WARNING: The kept net frame_read_write_m0/Sdr_rd_dout[10] will be merged to another kept net U3/Sdr_rd_dout[10]
SYN-5055 WARNING: The kept net frame_read_write_m0/Sdr_rd_dout[9] will be merged to another kept net U3/Sdr_rd_dout[9]
SYN-5055 WARNING: The kept net frame_read_write_m0/Sdr_rd_dout[8] will be merged to another kept net U3/Sdr_rd_dout[8]
SYN-5055 Similar messages will be suppressed.
RUN-1002 : start command "phys_opt -simplify_lut"
SYN-1032 : 2792/1 useful/useless nets, 2416/0 useful/useless insts
SYN-4016 : Net frame_read_write_m0/write_buf/clkw driven by BUFG (429 clock/control pins, 1 other pins).
SYN-4016 : Net frame_read_write_m0/read_buf/clkr driven by BUFG (98 clock/control pins, 1 other pins).
SYN-4027 : Net U3/u2_ram/SDRAM_CLK is clkc1 of pll sys_pll_m0/pll_inst.
SYN-4019 : Net clk_dup_1 is refclk of pll sys_pll_m0/pll_inst.
SYN-4020 : Net clk_dup_1 is fbclk of pll sys_pll_m0/pll_inst.
SYN-4019 : Net clk_dup_1 is refclk of pll video_pll_m0/pll_inst.
SYN-4020 : Net clk_dup_1 is fbclk of pll video_pll_m0/pll_inst.
SYN-4025 : Tag rtl::Net U3/u2_ram/SDRAM_CLK as clock net
SYN-4025 : Tag rtl::Net clk_dup_1 as clock net
SYN-4025 : Tag rtl::Net frame_read_write_m0/read_buf/clkr as clock net
SYN-4025 : Tag rtl::Net frame_read_write_m0/write_buf/clkw as clock net
SYN-4026 : Tagged 4 rtl::Net as clock net
PHY-1001 : Populate physical database on model top.
RUN-1001 : There are total 2416 instances
RUN-0007 : 1033 luts, 1042 seqs, 147 mslices, 83 lslices, 102 pads, 2 brams, 0 dsps
RUN-1001 : There are total 2792 nets
RUN-6004 WARNING: There are 16 nets with only 1 pin.
RUN-1001 : 1970 nets have 2 pins
RUN-1001 : 578 nets have [3 - 5] pins
RUN-1001 : 131 nets have [6 - 10] pins
RUN-1001 : 50 nets have [11 - 20] pins
RUN-1001 : 42 nets have [21 - 99] pins
RUN-1001 : 5 nets have 100+ pins
RUN-1001 : Report Control nets information:
RUN-1001 : DFF Distribution
RUN-1001 : ----------------------------------
RUN-1001 :   CE   |  SSR  |  ASR  |  DFF Count  
RUN-1001 : ----------------------------------
RUN-1001 :   No   |  No   |  No   |     255     
RUN-1001 :   No   |  No   |  Yes  |     486     
RUN-1001 :   No   |  Yes  |  No   |     65      
RUN-1001 :   Yes  |  No   |  No   |     16      
RUN-1001 :   Yes  |  No   |  Yes  |     202     
RUN-1001 :   Yes  |  Yes  |  No   |     18      
RUN-1001 : ----------------------------------
RUN-0007 : Control Group Statistic
RUN-0007 : ---------------------------
RUN-0007 :   #CLK  |  #CE  |  #SSR/ASR  
RUN-0007 : ---------------------------
RUN-0007 :    4    |  21   |     8      
RUN-0007 : ---------------------------
RUN-0007 : Control Set = 33
PHY-3001 : Initial placement ...
PHY-3001 : design contains 2414 instances, 1033 luts, 1042 seqs, 230 slices, 35 macros(230 instances: 147 mslices 83 lslices)
PHY-0007 : Cell area utilization is 7%
PHY-3001 : Start timing update ...
RUN-1002 : start command "start_timer -report"
TMR-2505 : Start building timing graph for model top.
TMR-2506 : Build timing graph completely. Port num: 22, tpin num: 10903, tnet num: 2790, tinst num: 2414, tnode num: 14213, tedge num: 17299.
TMR-2508 : Levelizing timing graph completed, there are 43 levels in total.
TMR-2501 : Timing graph initialized successfully.
TMR-2503 : Start to update net delay, extr mode = 2.
TMR-2504 : Update delay of 2790 nets completely.
TMR-2502 : Annotate delay completely, extr mode = 2.
TMR-3001 : Initiate 4 clocks from SDC.
TMR-3004 : Map sdc constraints, there are 8 constraints in total.
TMR-3003 : Constraints initiated successfully.
TMR-3501 : Forward propagation: start to calculate arrival time...
TMR-3502 : Backward propagation: start to calculate required time...
TMR-3503 : Timing propagation completes.
PHY-3001 : End timing update;  0.431700s wall, 0.296875s user + 0.000000s system = 0.296875s CPU (68.8%)

PHY-3001 : Global placement ...
PHY-3001 : Initial: Len = 652673
PHY-3001 : Clustering ...
PHY-3001 : Level 0 #clusters 2414.
PHY-3001 : End clustering;  0.000009s wall, 0.000000s user + 0.000000s system = 0.000000s CPU (n/a%)

PHY-3001 : Run with size of 4
PHY-3001 : Cell area utilization is 7%
PHY-3001 : :::0::: Try harder cell spreading with beta_ = 0
PHY-3002 : Step(1): len = 512447, overlap = 2.25
PHY-3002 : Step(2): len = 414862, overlap = 0
PHY-3002 : Step(3): len = 367845, overlap = 2.25
PHY-3002 : Step(4): len = 330127, overlap = 2.25
PHY-3002 : Step(5): len = 294842, overlap = 3.3125
PHY-3002 : Step(6): len = 267346, overlap = 7
PHY-3002 : Step(7): len = 239180, overlap = 7.75
PHY-3002 : Step(8): len = 213961, overlap = 8.5625
PHY-3002 : Step(9): len = 190399, overlap = 7.25
PHY-3002 : Step(10): len = 167247, overlap = 10.75
PHY-3002 : Step(11): len = 148634, overlap = 21.625
PHY-3002 : Step(12): len = 136617, overlap = 22.9062
PHY-3002 : Step(13): len = 127284, overlap = 23.0625
PHY-3002 : Step(14): len = 119054, overlap = 23.4375
PHY-3002 : Step(15): len = 111628, overlap = 23
PHY-3002 : Step(16): len = 106039, overlap = 23
PHY-3002 : Step(17): len = 101673, overlap = 23.0938
PHY-3002 : Step(18): len = 98230.9, overlap = 23.1875
PHY-3001 : :::1::: Try harder cell spreading with beta_ = 0.00423402
PHY-3002 : Step(19): len = 99439.8, overlap = 20.9375
PHY-3002 : Step(20): len = 98941, overlap = 18.6875
PHY-3002 : Step(21): len = 98636.9, overlap = 20.9375
PHY-3001 : Legalization ...
PHY-3001 : End legalization;  0.004333s wall, 0.000000s user + 0.000000s system = 0.000000s CPU (n/a%)

PHY-3001 : Run with size of 4
PHY-3001 : Cell area utilization is 9%
PHY-3001 : Update timing in Manhattan mode ...
TMR-2503 : Start to update net delay, extr mode = 3.
TMR-2504 : Update delay of 2790 nets completely.
TMR-2502 : Annotate delay completely, extr mode = 3.
TMR-3501 : Forward propagation: start to calculate arrival time...
TMR-3502 : Backward propagation: start to calculate required time...
TMR-3503 : Timing propagation completes.
PHY-3001 : End timing update;  0.052596s wall, 0.046875s user + 0.000000s system = 0.046875s CPU (89.1%)

PHY-3001 : :::0::: Try harder cell spreading with beta_ = 5.56602e-05
PHY-3002 : Step(22): len = 95486, overlap = 30.0938
PHY-3002 : Step(23): len = 95189.5, overlap = 30.3438
PHY-3002 : Step(24): len = 92505, overlap = 29.5312
PHY-3002 : Step(25): len = 91354.3, overlap = 29.5312
PHY-3002 : Step(26): len = 90129.4, overlap = 30.4688
PHY-3002 : Step(27): len = 89182.3, overlap = 30.6875
PHY-3002 : Step(28): len = 87816.4, overlap = 31.5312
PHY-3002 : Step(29): len = 86430.7, overlap = 33.7188
PHY-3002 : Step(30): len = 85257.5, overlap = 33.125
PHY-3002 : Step(31): len = 83471, overlap = 35.5938
PHY-3002 : Step(32): len = 82211.4, overlap = 32.75
PHY-3002 : Step(33): len = 80583.3, overlap = 33.7188
PHY-3002 : Step(34): len = 78880.8, overlap = 34.4688
PHY-3002 : Step(35): len = 77049.2, overlap = 34.3125
PHY-3002 : Step(36): len = 75672.3, overlap = 34.7188
PHY-3002 : Step(37): len = 74038.5, overlap = 33.0938
PHY-3002 : Step(38): len = 72514.8, overlap = 36.4688
PHY-3002 : Step(39): len = 71263.9, overlap = 41.4688
PHY-3002 : Step(40): len = 70379.2, overlap = 43.125
PHY-3002 : Step(41): len = 69487.2, overlap = 44.8125
PHY-3002 : Step(42): len = 68560.5, overlap = 46.5
PHY-3002 : Step(43): len = 67777.2, overlap = 46.375
PHY-3002 : Step(44): len = 67065.5, overlap = 47.2188
PHY-3002 : Step(45): len = 66178, overlap = 48.5625
PHY-3002 : Step(46): len = 65212.4, overlap = 51.1562
PHY-3002 : Step(47): len = 64320.7, overlap = 52.5625
PHY-3002 : Step(48): len = 63053.7, overlap = 52.6562
PHY-3002 : Step(49): len = 62299.4, overlap = 51.25
PHY-3002 : Step(50): len = 61536.5, overlap = 50.4375
PHY-3002 : Step(51): len = 60726.5, overlap = 46.1562
PHY-3002 : Step(52): len = 59906.8, overlap = 44.5625
PHY-3002 : Step(53): len = 59701.8, overlap = 43.4688
PHY-3002 : Step(54): len = 59208.6, overlap = 43.375
PHY-3001 : :::1::: Try harder cell spreading with beta_ = 0.00011132
PHY-3002 : Step(55): len = 59115.1, overlap = 42.5938
PHY-3002 : Step(56): len = 59115.1, overlap = 42.5938
PHY-3001 : :::2::: Try harder cell spreading with beta_ = 0.000222641
PHY-3002 : Step(57): len = 60010.8, overlap = 40.9062
PHY-3002 : Step(58): len = 60159.7, overlap = 39.6562
PHY-3002 : Step(59): len = 60057.5, overlap = 39.875
PHY-3001 : Run with size of 2
PHY-3001 : Cell area utilization is 9%
PHY-3001 : Update timing in Manhattan mode ...
TMR-2503 : Start to update net delay, extr mode = 3.
TMR-2504 : Update delay of 2790 nets completely.
TMR-2502 : Annotate delay completely, extr mode = 3.
TMR-3501 : Forward propagation: start to calculate arrival time...
TMR-3502 : Backward propagation: start to calculate required time...
TMR-3503 : Timing propagation completes.
PHY-3001 : End timing update;  0.061901s wall, 0.000000s user + 0.000000s system = 0.000000s CPU (n/a%)

PHY-3001 : :::0::: Try harder cell spreading with beta_ = 4.72511e-05
PHY-3002 : Step(60): len = 60183.5, overlap = 81.4375
PHY-3002 : Step(61): len = 60763.4, overlap = 78.9688
PHY-3002 : Step(62): len = 60500.6, overlap = 78.1875
PHY-3002 : Step(63): len = 60564.9, overlap = 73.1562
PHY-3002 : Step(64): len = 60836.2, overlap = 69.5
PHY-3002 : Step(65): len = 60370, overlap = 68.9375
PHY-3002 : Step(66): len = 60354.1, overlap = 68.5938
PHY-3002 : Step(67): len = 60294.5, overlap = 69.0938
PHY-3001 : :::1::: Try harder cell spreading with beta_ = 9.45022e-05
PHY-3002 : Step(68): len = 60308.2, overlap = 66.625
PHY-3002 : Step(69): len = 60735.1, overlap = 62.9375
PHY-3002 : Step(70): len = 61450.4, overlap = 62.3438
PHY-3001 : :::2::: Try harder cell spreading with beta_ = 0.000189004
PHY-3002 : Step(71): len = 61923.9, overlap = 62.5312
PHY-3002 : Step(72): len = 63033.9, overlap = 58.1875
PHY-3002 : Step(73): len = 63941.2, overlap = 53.6562
PHY-3002 : Step(74): len = 63231.6, overlap = 54.75
PHY-3002 : Step(75): len = 63174.5, overlap = 54.7188
PHY-3002 : Step(76): len = 62523.8, overlap = 55.3438
PHY-3001 : :::3::: Try harder cell spreading with beta_ = 0.000378009
PHY-3002 : Step(77): len = 63178.7, overlap = 50.3438
PHY-3002 : Step(78): len = 63357, overlap = 49.8125
PHY-3002 : Step(79): len = 63605.8, overlap = 49.375
PHY-3001 : :::4::: Try harder cell spreading with beta_ = 0.000756018
PHY-3002 : Step(80): len = 63865, overlap = 48.7188
PHY-3002 : Step(81): len = 64035.8, overlap = 47.8125
PHY-3001 : :::5::: Try harder cell spreading with beta_ = 0.00151204
PHY-3002 : Step(82): len = 64835.5, overlap = 45
PHY-3002 : Step(83): len = 65183.6, overlap = 43.5312
PHY-3002 : Step(84): len = 65238, overlap = 42.3438
OPT-1001 : Start physical optimization ...
RUN-1002 : start command "start_timer -report"
TMR-2505 : Start building timing graph for model top.
TMR-2506 : Build timing graph completely. Port num: 22, tpin num: 10903, tnet num: 2790, tinst num: 2414, tnode num: 14213, tedge num: 17299.
TMR-2508 : Levelizing timing graph completed, there are 43 levels in total.
TMR-2501 : Timing graph initialized successfully.
OPT-1001 : Total overflow 114.75 peak overflow 4.06
OPT-1001 : Start high-fanout net optimization ...
OPT-1001 : Update timing in global mode
PHY-1001 : Start incremental global routing, caller is place ...
RUN-1001 : Generating global routing grids ...
RUN-1001 : Building simple global routing graph ...
PHY-1001 : Generate routing nets ...
PHY-1001 : Reuse net number 0/2792.
PHY-1001 : Global iterations in 16 thread ...
PHY-1002 : len = 72704, over cnt = 225(0%), over = 836, worst = 22
PHY-1001 : End global iterations;  0.086973s wall, 0.031250s user + 0.000000s system = 0.031250s CPU (35.9%)

PHY-1001 : Congestion index: top1 = 37.03, top5 = 24.35, top10 = 17.32, top15 = 13.21.
PHY-1001 : End incremental global routing;  0.128480s wall, 0.062500s user + 0.000000s system = 0.062500s CPU (48.6%)

TMR-2503 : Start to update net delay, extr mode = 5.
TMR-2504 : Update delay of 2790 nets completely.
TMR-2502 : Annotate delay completely, extr mode = 5.
TMR-3001 : Initiate 4 clocks from SDC.
TMR-3004 : Map sdc constraints, there are 8 constraints in total.
TMR-3003 : Constraints initiated successfully.
TMR-3501 : Forward propagation: start to calculate arrival time...
TMR-3502 : Backward propagation: start to calculate required time...
TMR-3503 : Timing propagation completes.
OPT-1001 : End timing update;  0.057327s wall, 0.046875s user + 0.000000s system = 0.046875s CPU (81.8%)

OPT-1001 : 1 high-fanout net processed.
PHY-3001 : Start incremental placement ...
PHY-1001 : Populate physical database on model top.
PHY-3001 : Initial placement ...
PHY-3001 : eco special cells: 1 has valid locations, 0 needs to be replaced
PHY-3001 : eco pad cells: 102 has valid locations, 0 needs to be replaced
PHY-3001 : eco cells: 2306 has valid locations, 3 needs to be replaced
PHY-3001 : design contains 2416 instances, 1035 luts, 1042 seqs, 230 slices, 35 macros(230 instances: 147 mslices 83 lslices)
PHY-3001 : Global placement ...
PHY-3001 : Initial: Len = 65521.2
PHY-3001 : Run with size of 4
PHY-3001 : Cell area utilization is 9%
PHY-3001 : Update timing in Manhattan mode ...
RUN-1002 : start command "start_timer -report"
TMR-2505 : Start building timing graph for model top.
TMR-2506 : Build timing graph completely. Port num: 22, tpin num: 10911, tnet num: 2792, tinst num: 2416, tnode num: 14221, tedge num: 17311.
TMR-2508 : Levelizing timing graph completed, there are 43 levels in total.
TMR-2501 : Timing graph initialized successfully.
TMR-2503 : Start to update net delay, extr mode = 3.
TMR-2504 : Update delay of 2792 nets completely.
TMR-2502 : Annotate delay completely, extr mode = 3.
TMR-3001 : Initiate 4 clocks from SDC.
TMR-3004 : Map sdc constraints, there are 8 constraints in total.
TMR-3003 : Constraints initiated successfully.
TMR-3501 : Forward propagation: start to calculate arrival time...
TMR-3502 : Backward propagation: start to calculate required time...
TMR-3503 : Timing propagation completes.
PHY-3001 : End timing update;  0.454332s wall, 0.296875s user + 0.015625s system = 0.312500s CPU (68.8%)

PHY-3001 : :::0::: Try harder cell spreading with beta_ = 0
PHY-3002 : Step(85): len = 65416.3, overlap = 2.65625
PHY-3002 : Step(86): len = 65404.2, overlap = 2.65625
PHY-3001 : Run with size of 2
PHY-3001 : Cell area utilization is 9%
PHY-3001 : Update timing in Manhattan mode ...
TMR-2503 : Start to update net delay, extr mode = 3.
TMR-2504 : Update delay of 2792 nets completely.
TMR-2502 : Annotate delay completely, extr mode = 3.
TMR-3501 : Forward propagation: start to calculate arrival time...
TMR-3502 : Backward propagation: start to calculate required time...
TMR-3503 : Timing propagation completes.
PHY-3001 : End timing update;  0.052656s wall, 0.000000s user + 0.000000s system = 0.000000s CPU (n/a%)

PHY-3001 : :::0::: Try harder cell spreading with beta_ = 0.00141114
PHY-3002 : Step(87): len = 65392.4, overlap = 42.3438
PHY-3002 : Step(88): len = 65392.4, overlap = 42.3438
PHY-3001 : Final: Len = 65392.4, Over = 42.3438
PHY-3001 : End incremental placement;  0.582022s wall, 0.296875s user + 0.015625s system = 0.312500s CPU (53.7%)

OPT-1001 : Total overflow 114.75 peak overflow 4.06
OPT-1001 : End high-fanout net optimization;  0.804653s wall, 0.437500s user + 0.015625s system = 0.453125s CPU (56.3%)

OPT-1001 : Current memory(MB): used = 223, reserve = 194, peak = 223.
OPT-1001 : Start global optimization ...
OPT-1001 : Start congestion update ...
RUN-1001 : Generating global routing grids ...
PHY-1001 : Generate routing nets ...
PHY-1001 : Reuse net number 1839/2794.
PHY-1001 : Global iterations in 16 thread ...
PHY-1002 : len = 72784, over cnt = 226(0%), over = 829, worst = 22
PHY-1002 : len = 80288, over cnt = 111(0%), over = 191, worst = 6
PHY-1002 : len = 81968, over cnt = 28(0%), over = 46, worst = 6
PHY-1002 : len = 82624, over cnt = 3(0%), over = 3, worst = 1
PHY-1002 : len = 82760, over cnt = 0(0%), over = 0, worst = 0
PHY-1001 : End global iterations;  0.080291s wall, 0.015625s user + 0.000000s system = 0.015625s CPU (19.5%)

PHY-1001 : Congestion index: top1 = 34.05, top5 = 24.12, top10 = 18.22, top15 = 14.37.
OPT-1001 : End congestion update;  0.118320s wall, 0.062500s user + 0.000000s system = 0.062500s CPU (52.8%)

OPT-1001 : Update timing in Manhattan mode
TMR-2503 : Start to update net delay, extr mode = 3.
TMR-2504 : Update delay of 2792 nets completely.
TMR-2502 : Annotate delay completely, extr mode = 3.
TMR-3501 : Forward propagation: start to calculate arrival time...
TMR-3502 : Backward propagation: start to calculate required time...
TMR-3503 : Timing propagation completes.
OPT-1001 : End timing update;  0.051305s wall, 0.046875s user + 0.000000s system = 0.046875s CPU (91.4%)

OPT-0007 : Start: WNS 4092 TNS 0 NUM_FEPS 0
OPT-1001 : End global optimization;  0.169847s wall, 0.109375s user + 0.000000s system = 0.109375s CPU (64.4%)

OPT-1001 : Current memory(MB): used = 220, reserve = 192, peak = 223.
OPT-1001 : End physical optimization;  1.398193s wall, 0.890625s user + 0.031250s system = 0.921875s CPU (65.9%)

PHY-3001 : Start packing ...
SYN-4007 : Packing 0 MUX to BLE ...
SYN-4008 : Packed 0 MUX and 0 SEQ to BLE.
SYN-4007 : Packing 1035 LUT to BLE ...
SYN-4008 : Packed 1035 LUT and 535 SEQ to BLE.
SYN-4003 : Packing 507 remaining SEQ's ...
SYN-4005 : Packed 165 SEQ with LUT/SLICE
SYN-4006 : 365 single LUT's are left
SYN-4006 : 342 single SEQ's are left
SYN-4011 : Packing model "top" (AL_USER_NORMAL) with 1377/1930 primitive instances ...
PHY-3001 : End packing;  0.061082s wall, 0.015625s user + 0.000000s system = 0.015625s CPU (25.6%)

PHY-1001 : Populate physical database on model top.
RUN-1001 : There are total 1084 instances
RUN-1001 : 486 mslices, 487 lslices, 102 pads, 2 brams, 0 dsps
RUN-1001 : There are total 2298 nets
RUN-6004 WARNING: There are 16 nets with only 1 pin.
RUN-1001 : 1492 nets have 2 pins
RUN-1001 : 559 nets have [3 - 5] pins
RUN-1001 : 134 nets have [6 - 10] pins
RUN-1001 : 50 nets have [11 - 20] pins
RUN-1001 : 43 nets have [21 - 99] pins
RUN-1001 : 4 nets have 100+ pins
PHY-3001 : design contains 1082 instances, 973 slices, 35 macros(230 instances: 147 mslices 83 lslices)
PHY-3001 : Cell area utilization is 12%
PHY-3001 : After packing: Len = 64727, Over = 61.75
PHY-3001 : Run with size of 2
PHY-3001 : Cell area utilization is 12%
PHY-3001 : Update timing in Manhattan mode ...
RUN-1002 : start command "start_timer -report"
TMR-2505 : Start building timing graph for model top.
TMR-2506 : Build timing graph completely. Port num: 22, tpin num: 9136, tnet num: 2296, tinst num: 1082, tnode num: 11566, tedge num: 15291.
TMR-2508 : Levelizing timing graph completed, there are 41 levels in total.
TMR-2501 : Timing graph initialized successfully.
TMR-2503 : Start to update net delay, extr mode = 3.
TMR-2504 : Update delay of 2296 nets completely.
TMR-2502 : Annotate delay completely, extr mode = 3.
TMR-3001 : Initiate 4 clocks from SDC.
TMR-3004 : Map sdc constraints, there are 8 constraints in total.
TMR-3003 : Constraints initiated successfully.
TMR-3501 : Forward propagation: start to calculate arrival time...
TMR-3502 : Backward propagation: start to calculate required time...
TMR-3503 : Timing propagation completes.
PHY-3001 : End timing update;  0.467414s wall, 0.343750s user + 0.000000s system = 0.343750s CPU (73.5%)

PHY-3001 : :::0::: Try harder cell spreading with beta_ = 0.000100247
PHY-3002 : Step(89): len = 63767.3, overlap = 68.25
PHY-3002 : Step(90): len = 63425.2, overlap = 67.25
PHY-3002 : Step(91): len = 63321.5, overlap = 66.75
PHY-3002 : Step(92): len = 63408.5, overlap = 66.25
PHY-3002 : Step(93): len = 63184.8, overlap = 66.75
PHY-3001 : :::1::: Try harder cell spreading with beta_ = 0.000200494
PHY-3002 : Step(94): len = 63978.6, overlap = 63.25
PHY-3002 : Step(95): len = 64399.4, overlap = 62.75
PHY-3002 : Step(96): len = 64714.6, overlap = 61.5
PHY-3001 : :::2::: Try harder cell spreading with beta_ = 0.000400987
PHY-3002 : Step(97): len = 65350.4, overlap = 60
PHY-3002 : Step(98): len = 66380.7, overlap = 55.25
PHY-3002 : Step(99): len = 66960.4, overlap = 52.75
PHY-3001 : Legalization ...
PHY-3001 : End legalization;  0.129770s wall, 0.000000s user + 0.000000s system = 0.000000s CPU (n/a%)

PHY-3001 : Trial Legalized: Len = 83135.6
PHY-3001 : Run with size of 2
PHY-3001 : Cell area utilization is 12%
PHY-3001 : Update timing in Manhattan mode ...
TMR-2503 : Start to update net delay, extr mode = 3.
TMR-2504 : Update delay of 2296 nets completely.
TMR-2502 : Annotate delay completely, extr mode = 3.
TMR-3501 : Forward propagation: start to calculate arrival time...
TMR-3502 : Backward propagation: start to calculate required time...
TMR-3503 : Timing propagation completes.
PHY-3001 : End timing update;  0.042581s wall, 0.000000s user + 0.000000s system = 0.000000s CPU (n/a%)

PHY-3001 : :::0::: Try harder cell spreading with beta_ = 0.0014933
PHY-3002 : Step(100): len = 77992.4, overlap = 11.25
PHY-3002 : Step(101): len = 75709.6, overlap = 14
PHY-3002 : Step(102): len = 73474.2, overlap = 16.5
PHY-3002 : Step(103): len = 72023.1, overlap = 20
PHY-3002 : Step(104): len = 70860.9, overlap = 25
PHY-3002 : Step(105): len = 70035, overlap = 26.5
PHY-3002 : Step(106): len = 69337.1, overlap = 28.75
PHY-3002 : Step(107): len = 68708.8, overlap = 28.75
PHY-3001 : :::1::: Try harder cell spreading with beta_ = 0.0029866
PHY-3002 : Step(108): len = 68801.1, overlap = 28.5
PHY-3002 : Step(109): len = 68817.2, overlap = 29
PHY-3001 : :::2::: Try harder cell spreading with beta_ = 0.0059732
PHY-3002 : Step(110): len = 68900.4, overlap = 29
PHY-3002 : Step(111): len = 68973.2, overlap = 28.75
PHY-3001 : Legalization ...
PHY-3001 : End legalization;  0.004514s wall, 0.000000s user + 0.000000s system = 0.000000s CPU (n/a%)

PHY-3001 : Legalized: Len = 76865.4, Over = 0
PHY-3001 : Spreading special nets. 22 overflows in 2952 tiles.
PHY-3001 : End spreading;  0.005258s wall, 0.000000s user + 0.000000s system = 0.000000s CPU (n/a%)

PHY-3001 : 29 instances has been re-located, deltaX = 11, deltaY = 23, maxDist = 2.
PHY-3001 : Final: Len = 77367.4, Over = 0
OPT-1001 : Start physical optimization ...
RUN-1002 : start command "start_timer -report"
TMR-2505 : Start building timing graph for model top.
TMR-2506 : Build timing graph completely. Port num: 22, tpin num: 9136, tnet num: 2296, tinst num: 1082, tnode num: 11566, tedge num: 15291.
TMR-2508 : Levelizing timing graph completed, there are 41 levels in total.
TMR-2501 : Timing graph initialized successfully.
OPT-1001 : Total overflow 0.00 peak overflow 0.00
OPT-1001 : Start high-fanout net optimization ...
OPT-1001 : Update timing in global mode
PHY-1001 : Start incremental global routing, caller is place ...
RUN-1001 : Generating global routing grids ...
PHY-1001 : Generate routing nets ...
PHY-1001 : Reuse net number 129/2298.
PHY-1001 : Global iterations in 16 thread ...
PHY-1002 : len = 90024, over cnt = 172(0%), over = 297, worst = 6
PHY-1002 : len = 90984, over cnt = 106(0%), over = 169, worst = 6
PHY-1002 : len = 92424, over cnt = 19(0%), over = 21, worst = 2
PHY-1002 : len = 92536, over cnt = 12(0%), over = 13, worst = 2
PHY-1002 : len = 92672, over cnt = 0(0%), over = 0, worst = 0
PHY-1001 : End global iterations;  0.121947s wall, 0.031250s user + 0.000000s system = 0.031250s CPU (25.6%)

PHY-1001 : Congestion index: top1 = 29.18, top5 = 22.82, top10 = 18.99, top15 = 15.53.
PHY-1001 : End incremental global routing;  0.169317s wall, 0.062500s user + 0.000000s system = 0.062500s CPU (36.9%)

TMR-2503 : Start to update net delay, extr mode = 5.
TMR-2504 : Update delay of 2296 nets completely.
TMR-2502 : Annotate delay completely, extr mode = 5.
TMR-3001 : Initiate 4 clocks from SDC.
TMR-3004 : Map sdc constraints, there are 8 constraints in total.
TMR-3003 : Constraints initiated successfully.
TMR-3501 : Forward propagation: start to calculate arrival time...
TMR-3502 : Backward propagation: start to calculate required time...
TMR-3503 : Timing propagation completes.
OPT-1001 : End timing update;  0.052233s wall, 0.046875s user + 0.000000s system = 0.046875s CPU (89.7%)

OPT-1001 : 0 high-fanout net processed.
OPT-1001 : End high-fanout net optimization;  0.254026s wall, 0.125000s user + 0.000000s system = 0.125000s CPU (49.2%)

OPT-1001 : Current memory(MB): used = 222, reserve = 194, peak = 223.
OPT-1001 : Start path based optimization ...
OPT-1001 : Start congestion update ...
RUN-1001 : Generating global routing grids ...
PHY-1001 : Generate routing nets ...
PHY-1001 : Reuse net number 1924/2298.
PHY-1001 : Global iterations in 16 thread ...
PHY-1002 : len = 92672, over cnt = 0(0%), over = 0, worst = 0
PHY-1001 : End global iterations;  0.005130s wall, 0.000000s user + 0.000000s system = 0.000000s CPU (n/a%)

PHY-1001 : Congestion index: top1 = 29.18, top5 = 22.82, top10 = 18.99, top15 = 15.53.
OPT-1001 : End congestion update;  0.046004s wall, 0.015625s user + 0.000000s system = 0.015625s CPU (34.0%)

OPT-1001 : Update timing in Manhattan mode
TMR-2503 : Start to update net delay, extr mode = 3.
TMR-2504 : Update delay of 2296 nets completely.
TMR-2502 : Annotate delay completely, extr mode = 3.
TMR-3501 : Forward propagation: start to calculate arrival time...
TMR-3502 : Backward propagation: start to calculate required time...
TMR-3503 : Timing propagation completes.
OPT-1001 : End timing update;  0.044040s wall, 0.062500s user + 0.000000s system = 0.062500s CPU (141.9%)

OPT-0007 : Start: WNS 3906 TNS 0 NUM_FEPS 0
OPT-1001 : End path based optimization;  0.090246s wall, 0.078125s user + 0.000000s system = 0.078125s CPU (86.6%)

OPT-1001 : Current memory(MB): used = 225, reserve = 196, peak = 225.
OPT-1001 : Update timing in Manhattan mode
TMR-2503 : Start to update net delay, extr mode = 3.
TMR-2504 : Update delay of 2296 nets completely.
TMR-2502 : Annotate delay completely, extr mode = 3.
TMR-3501 : Forward propagation: start to calculate arrival time...
TMR-3502 : Backward propagation: start to calculate required time...
TMR-3503 : Timing propagation completes.
OPT-1001 : End timing update;  0.042943s wall, 0.046875s user + 0.000000s system = 0.046875s CPU (109.2%)

OPT-1001 : Start pin optimization...
OPT-1001 : skip pin optimization...
RUN-1001 : Generating global routing grids ...
PHY-1001 : Generate routing nets ...
PHY-1001 : Reuse net number 1924/2298.
PHY-1001 : Global iterations in 16 thread ...
PHY-1002 : len = 92672, over cnt = 0(0%), over = 0, worst = 0
PHY-1001 : End global iterations;  0.004579s wall, 0.000000s user + 0.000000s system = 0.000000s CPU (n/a%)

PHY-1001 : Congestion index: top1 = 29.18, top5 = 22.82, top10 = 18.99, top15 = 15.53.
OPT-1001 : Update timing in Manhattan mode
TMR-2503 : Start to update net delay, extr mode = 3.
TMR-2504 : Update delay of 2296 nets completely.
TMR-2502 : Annotate delay completely, extr mode = 3.
TMR-3501 : Forward propagation: start to calculate arrival time...
TMR-3502 : Backward propagation: start to calculate required time...
TMR-3503 : Timing propagation completes.
OPT-1001 : End timing update;  0.046446s wall, 0.015625s user + 0.000000s system = 0.015625s CPU (33.6%)

RUN-1001 : QoR Analysis:
OPT-0007 :   WNS 3906 TNS 0 NUM_FEPS 0
RUN-1001 :   No local congestion issue, and most congested 1% tile average routing util is 28.689655
RUN-1001 :   Top critical paths
RUN-1001 :       #1 path slack 3906ps with logic level 8 
OPT-1001 : End physical optimization;  0.927614s wall, 0.546875s user + 0.000000s system = 0.546875s CPU (59.0%)

RUN-1003 : finish command "place" in  5.581356s wall, 2.578125s user + 0.187500s system = 2.765625s CPU (49.6%)

RUN-1004 : used memory is 194 MB, reserved memory is 165 MB, peak memory is 226 MB
RUN-1002 : start command "export_db pic_sdram_place.db"
RUN-1001 : Exported /
RUN-1001 : Exported flow parameters
RUN-1001 : Exported libs
RUN-1001 : Exported entities
RUN-1001 : Exported ports
RUN-1001 : Exported pins
RUN-1001 : Exported instances
RUN-1001 : Exported nets
RUN-1001 : Exported buses
RUN-1001 : Exported models
RUN-1001 : Exported congestions
RUN-1001 : Exported violations
RUN-1001 : Exported timing constraints
RUN-1001 : Exported IO constraints
RUN-1001 : Exported Inst constraints
RUN-1002 : start command "route"
RUN-1001 : Open license file D:/Program/Anlogic/TD5.6.2/license/Anlogic.lic
RUN-1001 : Print Global Property
RUN-1001 : ---------------------------------------------------------------
RUN-1001 :        Parameters        |  Settings  |  Default Values  |  Note  
RUN-1001 : ---------------------------------------------------------------
RUN-1001 :          message         |  standard  |     standard     |        
RUN-1001 :   mixed_pack_place_flow  |     on     |        on        |        
RUN-1001 :        qor_monitor       |    off     |       off        |        
RUN-1001 :        syn_ip_flow       |    off     |       off        |        
RUN-1001 :          thread          |    auto    |       auto       |        
RUN-1001 : ---------------------------------------------------------------
RUN-1001 : Print Route Property
RUN-1001 : -------------------------------------------------------
RUN-1001 :    Parameters    |  Settings  |  Default Values  |  Note  
RUN-1001 : -------------------------------------------------------
RUN-1001 :      effort      |   medium   |      medium      |        
RUN-1001 :     fix_hold     |    off     |       off        |        
RUN-1001 :    opt_timing    |   medium   |      medium      |        
RUN-1001 :   phy_sim_model  |    off     |       off        |        
RUN-1001 :     priority     |   timing   |      timing      |        
RUN-1001 :     swap_pin     |     on     |        on        |        
RUN-1001 : -------------------------------------------------------
PHY-1001 : Route runs in 16 thread(s)
RUN-1001 : There are total 1084 instances
RUN-1001 : 486 mslices, 487 lslices, 102 pads, 2 brams, 0 dsps
RUN-1001 : There are total 2298 nets
RUN-6004 WARNING: There are 16 nets with only 1 pin.
RUN-1001 : 1492 nets have 2 pins
RUN-1001 : 559 nets have [3 - 5] pins
RUN-1001 : 134 nets have [6 - 10] pins
RUN-1001 : 50 nets have [11 - 20] pins
RUN-1001 : 43 nets have [21 - 99] pins
RUN-1001 : 4 nets have 100+ pins
RUN-1002 : start command "start_timer -report"
TMR-2505 : Start building timing graph for model top.
TMR-2506 : Build timing graph completely. Port num: 22, tpin num: 9136, tnet num: 2296, tinst num: 1082, tnode num: 11566, tedge num: 15291.
TMR-2508 : Levelizing timing graph completed, there are 41 levels in total.
TMR-2501 : Timing graph initialized successfully.
PHY-1001 : 486 mslices, 487 lslices, 102 pads, 2 brams, 0 dsps
TMR-2503 : Start to update net delay, extr mode = 3.
TMR-2504 : Update delay of 2296 nets completely.
TMR-2502 : Annotate delay completely, extr mode = 3.
TMR-3001 : Initiate 4 clocks from SDC.
TMR-3004 : Map sdc constraints, there are 8 constraints in total.
TMR-3003 : Constraints initiated successfully.
TMR-3501 : Forward propagation: start to calculate arrival time...
TMR-3502 : Backward propagation: start to calculate required time...
TMR-3503 : Timing propagation completes.
PHY-1001 : Start global routing, caller is route ...
RUN-1001 : Generating global routing grids ...
PHY-1001 : Generate routing nets ...
PHY-1001 : Global iterations in 16 thread ...
PHY-1002 : len = 88632, over cnt = 171(0%), over = 311, worst = 7
PHY-1002 : len = 90176, over cnt = 83(0%), over = 120, worst = 6
PHY-1002 : len = 91216, over cnt = 16(0%), over = 18, worst = 2
PHY-1002 : len = 91456, over cnt = 0(0%), over = 0, worst = 0
PHY-1001 : End global iterations;  0.118322s wall, 0.015625s user + 0.000000s system = 0.015625s CPU (13.2%)

PHY-1001 : Congestion index: top1 = 28.94, top5 = 22.64, top10 = 18.69, top15 = 15.24.
PHY-1001 : End global routing;  0.162660s wall, 0.031250s user + 0.015625s system = 0.046875s CPU (28.8%)

PHY-1001 : Start detail routing ...
PHY-1001 : Current memory(MB): used = 243, reserve = 214, peak = 257.
PHY-1001 : Detailed router is running in normal mode.
PHY-1001 : Generate detailed routing grids ...
PHY-1001 : Generate nets ...
PHY-1001 : net clk_dup_1 will be routed on clock mesh
PHY-1001 : net U3/u2_ram/SDRAM_CLK will be routed on clock mesh
PHY-5010 WARNING: Net U3/u2_ram/u2_wrrd/Sdr_rd_dout[31] is skipped due to 0 input or output
PHY-5010 WARNING: Net U3/u2_ram/u2_wrrd/Sdr_rd_dout[30] is skipped due to 0 input or output
PHY-5010 WARNING: Net U3/u2_ram/u2_wrrd/Sdr_rd_dout[29] is skipped due to 0 input or output
PHY-5010 WARNING: Net U3/u2_ram/u2_wrrd/Sdr_rd_dout[28] is skipped due to 0 input or output
PHY-5010 WARNING: Net U3/u2_ram/u2_wrrd/Sdr_rd_dout[27] is skipped due to 0 input or output
PHY-5010 WARNING: Net U3/u2_ram/u2_wrrd/Sdr_rd_dout[26] is skipped due to 0 input or output
PHY-5010 WARNING: Net U3/u2_ram/u2_wrrd/Sdr_rd_dout[25] is skipped due to 0 input or output
PHY-5010 WARNING: Net U3/u2_ram/u2_wrrd/Sdr_rd_dout[24] is skipped due to 0 input or output
PHY-5010 WARNING: Net U3/u2_ram/u2_wrrd/Sdr_rd_dout[23] is skipped due to 0 input or output
PHY-5010 WARNING: Net U3/u2_ram/u2_wrrd/Sdr_rd_dout[22] is skipped due to 0 input or output
PHY-5010 Similar messages will be suppressed.
PHY-1001 : clock net frame_read_write_m0/read_buf/clkr will be merged with clock video_pll_m0/clk0_buf
PHY-1001 : clock net frame_read_write_m0/write_buf/clkw will be merged with clock sys_pll_m0/clk0_buf
PHY-1001 : Current memory(MB): used = 510, reserve = 486, peak = 510.
PHY-1001 : End build detailed router design. 2.444013s wall, 1.656250s user + 0.046875s system = 1.703125s CPU (69.7%)

PHY-1001 : Detail Route ...
PHY-1001 : ===== Detail Route Phase 1 =====
PHY-1001 : Clock net routing.....
PHY-1001 : Routed 0% nets.
PHY-1022 : len = 40968, over cnt = 0(0%), over = 0, worst = 0, crit = 0
PHY-1001 : End initial clock net routed; 0.664179s wall, 0.328125s user + 0.000000s system = 0.328125s CPU (49.4%)

PHY-1001 : Current memory(MB): used = 543, reserve = 521, peak = 543.
PHY-1001 : End phase 1; 0.669791s wall, 0.328125s user + 0.000000s system = 0.328125s CPU (49.0%)

PHY-1001 : ===== Detail Route Phase 2 =====
PHY-1001 : Initial routing.....
PHY-1001 : Routed 35% nets.
PHY-1001 : Routed 45% nets.
PHY-1001 : Routed 54% nets.
PHY-1001 : Routed 67% nets.
PHY-1001 : Routed 88% nets.
PHY-1022 : len = 273312, over cnt = 68(0%), over = 68, worst = 1, crit = 0
PHY-1001 : Current memory(MB): used = 543, reserve = 521, peak = 543.
PHY-1001 : End initial routed; 1.520804s wall, 0.609375s user + 0.015625s system = 0.625000s CPU (41.1%)

PHY-1001 : Update timing.....
PHY-1001 : 0/2038(0%) critical/total net(s).
RUN-1001 : --------------------------------------
RUN-1001 :   Type   |  WNS(ns)  |  TNS(ns)  |  FEP  
RUN-1001 : --------------------------------------
RUN-1001 :   Setup  |   0.942   |   0.000   |   0   
RUN-1001 :   Hold   |  -0.238   |  -0.476   |   2   
RUN-1001 : --------------------------------------
PHY-1001 : End update timing; 0.522177s wall, 0.296875s user + 0.000000s system = 0.296875s CPU (56.9%)

PHY-1001 : Current memory(MB): used = 545, reserve = 523, peak = 545.
PHY-1001 : End phase 2; 2.043035s wall, 0.906250s user + 0.015625s system = 0.921875s CPU (45.1%)

PHY-1001 : ===== Detail Route Phase 3 =====
PHY-1001 : Optimize timing.....
PHY-1022 : len = 273312, over cnt = 68(0%), over = 68, worst = 1, crit = 0
PHY-1001 : End optimize timing; 0.014320s wall, 0.015625s user + 0.000000s system = 0.015625s CPU (109.1%)

PHY-1001 : Ripup-reroute.....
PHY-1001 : ===== DR Iter 1 =====
PHY-1022 : len = 272528, over cnt = 8(0%), over = 8, worst = 1, crit = 0
PHY-1001 : End DR Iter 1; 0.041343s wall, 0.000000s user + 0.000000s system = 0.000000s CPU (n/a%)

PHY-1001 : ===== DR Iter 2 =====
PHY-1022 : len = 272592, over cnt = 0(0%), over = 0, worst = 0, crit = 0
PHY-1001 : End DR Iter 2; 0.022200s wall, 0.000000s user + 0.000000s system = 0.000000s CPU (n/a%)

PHY-1001 : Update timing.....
PHY-1001 : 0/2038(0%) critical/total net(s).
RUN-1001 : --------------------------------------
RUN-1001 :   Type   |  WNS(ns)  |  TNS(ns)  |  FEP  
RUN-1001 : --------------------------------------
RUN-1001 :   Setup  |   0.942   |   0.000   |   0   
RUN-1001 :   Hold   |  -0.238   |  -0.476   |   2   
RUN-1001 : --------------------------------------
PHY-1001 : End update timing; 0.524660s wall, 0.312500s user + 0.000000s system = 0.312500s CPU (59.6%)

PHY-1001 : Commit to database.....
PHY-1001 : 11 feed throughs used by 11 nets
PHY-1001 : End commit to database; 0.176651s wall, 0.093750s user + 0.015625s system = 0.109375s CPU (61.9%)

PHY-1001 : Current memory(MB): used = 562, reserve = 539, peak = 562.
PHY-1001 : End phase 3; 0.886310s wall, 0.531250s user + 0.015625s system = 0.546875s CPU (61.7%)

PHY-1003 : Routed, final wirelength = 272592
PHY-1001 : Current memory(MB): used = 562, reserve = 540, peak = 562.
PHY-1001 : End export database. 0.008313s wall, 0.000000s user + 0.000000s system = 0.000000s CPU (n/a%)

PHY-1001 : End detail routing;  6.199115s wall, 3.484375s user + 0.078125s system = 3.562500s CPU (57.5%)

RUN-1003 : finish command "route" in  6.876704s wall, 3.828125s user + 0.093750s system = 3.921875s CPU (57.0%)

RUN-1004 : used memory is 512 MB, reserved memory is 490 MB, peak memory is 562 MB
RUN-1002 : start command "report_area -io_info -file pic_sdram_phy.area"
RUN-1001 : standard
***Report Model: top Device: EG4S20BG256***

IO Statistics
#IO                        47
  #input                    6
  #output                  37
  #inout                    4

Utilization Statistics
#lut                     1529   out of  19600    7.80%
#reg                     1076   out of  19600    5.49%
#le                      1866
  #lut only               790   out of   1866   42.34%
  #reg only               337   out of   1866   18.06%
  #lut&reg                739   out of   1866   39.60%
#dsp                        0   out of     29    0.00%
#bram                       2   out of     64    3.12%
  #bram9k                   2
  #fifo9k                   0
#bram32k                    0   out of     16    0.00%
#pad                       47   out of    188   25.00%
  #ireg                     1
  #oreg                    34
  #treg                     0
#pll                        2   out of      4   50.00%
#gclk                       2   out of     16   12.50%

Clock Resource Statistics
Index     ClockNet                 Type               DriverType         Driver                         Fanout
#1        U3/u2_ram/SDRAM_CLK      GCLK               pll                sys_pll_m0/pll_inst.clkc1      371
#2        sys_pll_m0/clk0_buf      GCLK               pll                sys_pll_m0/pll_inst.clkc0      259
#3        video_pll_m0/clk0_buf    GCLK               pll                video_pll_m0/pll_inst.clkc0    68
#4        clk_dup_1                GCLK               io                 clk_syn_2.di                   26


Detailed IO Report

       Name         Direction    Location    IOStandard    DriveStrength    PullType     PackReg   
       clk            INPUT         R7        LVCMOS33          N/A           NONE        NONE     
       key1           INPUT         B2        LVCMOS33          N/A           NONE        IREG     
       key2           INPUT         B1        LVCMOS33          N/A           NONE        NONE     
      rst_n           INPUT         A2        LVCMOS33          N/A           NONE        NONE     
     sd_miso          INPUT        B14        LVCMOS33          N/A           NONE        NONE     
     switch1          INPUT         C8        LVCMOS33          N/A           NONE        NONE     
    flash_cs_n       OUTPUT         P8        LVCMOS33           8            NONE        NONE     
    flash_sck        OUTPUT         M9        LVCMOS33           8            NONE        NONE     
     sd_dclk         OUTPUT        A14        LVCMOS33           8            NONE        OREG     
     sd_mosi         OUTPUT        A13        LVCMOS33           8            NONE        OREG     
      sd_ncs         OUTPUT        A12        LVCMOS33           8            NONE        OREG     
   seg_data[7]       OUTPUT         A6        LVCMOS33           8            NONE        NONE     
   seg_data[6]       OUTPUT         A7        LVCMOS33           8            NONE        OREG     
   seg_data[5]       OUTPUT         A8        LVCMOS33           8            NONE        OREG     
   seg_data[4]       OUTPUT         B5        LVCMOS33           8            NONE        OREG     
   seg_data[3]       OUTPUT         A5        LVCMOS33           8            NONE        OREG     
   seg_data[2]       OUTPUT         B6        LVCMOS33           8            NONE        OREG     
   seg_data[1]       OUTPUT        C16        LVCMOS33           8            NONE        OREG     
   seg_data[0]       OUTPUT        C15        LVCMOS33           8            NONE        OREG     
    seg_sel[5]       OUTPUT        D11        LVCMOS33           8            NONE        OREG     
    seg_sel[4]       OUTPUT        E11        LVCMOS33           8            NONE        OREG     
    seg_sel[3]       OUTPUT        F10        LVCMOS33           8            NONE        OREG     
    seg_sel[2]       OUTPUT        C13        LVCMOS33           8            NONE        OREG     
    seg_sel[1]       OUTPUT        E10        LVCMOS33           8            NONE        OREG     
    seg_sel[0]       OUTPUT        E12        LVCMOS33           8            NONE        OREG     
   vga_out_b[4]      OUTPUT         D5        LVCMOS33           8            NONE        OREG     
   vga_out_b[3]      OUTPUT         D6        LVCMOS33           8            NONE        OREG     
   vga_out_b[2]      OUTPUT         E6        LVCMOS33           8            NONE        OREG     
   vga_out_b[1]      OUTPUT         F6        LVCMOS33           8            NONE        OREG     
   vga_out_b[0]      OUTPUT        H16        LVCMOS25           8            N/A         OREG     
   vga_out_g[5]      OUTPUT         N6        LVCMOS33           8            NONE        OREG     
   vga_out_g[4]      OUTPUT         N5        LVCMOS33           8            NONE        OREG     
   vga_out_g[3]      OUTPUT         P5        LVCMOS33           8            NONE        OREG     
   vga_out_g[2]      OUTPUT         T5        LVCMOS33           8            NONE        OREG     
   vga_out_g[1]      OUTPUT        F14        LVCMOS25           8            N/A         OREG     
   vga_out_g[0]      OUTPUT         A4        LVCMOS33           8            N/A         OREG     
    vga_out_hs       OUTPUT         E7        LVCMOS33           8            NONE        OREG     
   vga_out_r[4]      OUTPUT        E13        LVCMOS33           8            NONE        OREG     
   vga_out_r[3]      OUTPUT         L8        LVCMOS33           8            NONE        OREG     
   vga_out_r[2]      OUTPUT         L7        LVCMOS33           8            NONE        OREG     
   vga_out_r[1]      OUTPUT         R5        LVCMOS33           8            NONE        OREG     
   vga_out_r[0]      OUTPUT         H5        LVCMOS33           8            N/A         OREG     
    vga_out_vs       OUTPUT         F7        LVCMOS33           8            NONE        OREG     
  flash_qspi_IO0      INOUT         P7        LVCMOS33           8            NONE        NONE     
  flash_qspi_IO1      INOUT         N8        LVCMOS33           8            NONE        NONE     
  flash_qspi_IO2      INOUT         P9        LVCMOS33           8            NONE        NONE     
  flash_qspi_IO3      INOUT         R9        LVCMOS33           8            NONE        NONE     
       dm0           OUTPUT        S14        LVCMOS25           8            NONE        OREG     
       cke           OUTPUT        S18        LVCMOS25           8            NONE        NONE     
       we_n          OUTPUT        S19        LVCMOS25           8            NONE        OREG     
      cas_n          OUTPUT        S20        LVCMOS25           8            NONE        OREG     
      ras_n          OUTPUT        S21        LVCMOS25           8            NONE        OREG     
       cs_n          OUTPUT        S22        LVCMOS25           8            NONE        NONE     
     addr[9]         OUTPUT        S23        LVCMOS25           8            NONE        OREG     
     addr[8]         OUTPUT        S24        LVCMOS25           8            NONE        OREG     
     addr[7]         OUTPUT        S25        LVCMOS25           8            NONE        OREG     
     addr[6]         OUTPUT        S26        LVCMOS25           8            NONE        OREG     
     addr[5]         OUTPUT        S27        LVCMOS25           8            NONE        OREG     
     addr[4]         OUTPUT        S28        LVCMOS25           8            NONE        OREG     
       dm2           OUTPUT        S29        LVCMOS25           8            NONE        OREG     
       dm3           OUTPUT        S61        LVCMOS25           8            NONE        OREG     
     addr[3]         OUTPUT        S64        LVCMOS25           8            NONE        OREG     
     addr[2]         OUTPUT        S65        LVCMOS25           8            NONE        OREG     
     addr[1]         OUTPUT        S66        LVCMOS25           8            NONE        OREG     
     addr[0]         OUTPUT        S67        LVCMOS25           8            NONE        OREG     
     addr[10]        OUTPUT        S68        LVCMOS25           8            NONE        OREG     
      ba[0]          OUTPUT        S69        LVCMOS25           8            NONE        OREG     
      ba[1]          OUTPUT        S70        LVCMOS25           8            NONE        OREG     
       clk           OUTPUT        S73        LVCMOS25           8            NONE        NONE     
       dm1           OUTPUT        S76        LVCMOS25           8            NONE        OREG     
      dq[0]           INOUT         S1        LVCMOS25           8           PULLUP     IREG;OREG  
      dq[6]           INOUT        S11        LVCMOS25           8           PULLUP     IREG;OREG  
      dq[7]           INOUT        S12        LVCMOS25           8           PULLUP     IREG;OREG  
      dq[1]           INOUT         S2        LVCMOS25           8           PULLUP     IREG;OREG  
      dq[23]          INOUT        S31        LVCMOS25           8           PULLUP       IREG     
      dq[22]          INOUT        S32        LVCMOS25           8           PULLUP       IREG     
      dq[21]          INOUT        S35        LVCMOS25           8           PULLUP       IREG     
      dq[20]          INOUT        S36        LVCMOS25           8           PULLUP       IREG     
      dq[19]          INOUT        S37        LVCMOS25           8           PULLUP       IREG     
      dq[18]          INOUT        S38        LVCMOS25           8           PULLUP       IREG     
      dq[17]          INOUT        S41        LVCMOS25           8           PULLUP       IREG     
      dq[16]          INOUT        S42        LVCMOS25           8           PULLUP       IREG     
      dq[31]          INOUT        S48        LVCMOS25           8           PULLUP       IREG     
      dq[30]          INOUT        S49        LVCMOS25           8           PULLUP       IREG     
      dq[2]           INOUT         S5        LVCMOS25           8           PULLUP     IREG;OREG  
      dq[29]          INOUT        S52        LVCMOS25           8           PULLUP       IREG     
      dq[28]          INOUT        S53        LVCMOS25           8           PULLUP       IREG     
      dq[27]          INOUT        S54        LVCMOS25           8           PULLUP       IREG     
      dq[26]          INOUT        S55        LVCMOS25           8           PULLUP       IREG     
      dq[25]          INOUT        S58        LVCMOS25           8           PULLUP       IREG     
      dq[24]          INOUT        S59        LVCMOS25           8           PULLUP       IREG     
      dq[3]           INOUT         S6        LVCMOS25           8           PULLUP     IREG;OREG  
      dq[4]           INOUT         S7        LVCMOS25           8           PULLUP     IREG;OREG  
      dq[8]           INOUT        S78        LVCMOS25           8           PULLUP     IREG;OREG  
      dq[9]           INOUT        S79        LVCMOS25           8           PULLUP     IREG;OREG  
      dq[5]           INOUT         S8        LVCMOS25           8           PULLUP     IREG;OREG  
      dq[10]          INOUT        S82        LVCMOS25           8           PULLUP     IREG;OREG  
      dq[11]          INOUT        S83        LVCMOS25           8           PULLUP     IREG;OREG  
      dq[12]          INOUT        S84        LVCMOS25           8           PULLUP     IREG;OREG  
      dq[13]          INOUT        S85        LVCMOS25           8           PULLUP     IREG;OREG  
      dq[14]          INOUT        S88        LVCMOS25           8           PULLUP     IREG;OREG  
      dq[15]          INOUT        S89        LVCMOS25           8           PULLUP     IREG;OREG  

Report Hierarchy Area:
+-------------------------------------------------------------------------------------------------------------------------------------+
|Instance                        |Module                                         |le     |lut     |ripple  |seq     |bram    |dsp     |
+-------------------------------------------------------------------------------------------------------------------------------------+
|top                             |top                                            |1866   |1299    |230     |1111    |2       |0       |
|  U3                            |sdram                                          |341    |98      |5       |328     |0       |0       |
|    u2_ram                      |sdr_as_ram                                     |341    |98      |5       |328     |0       |0       |
|      u1_init_ref               |sdr_init_ref                                   |90     |18      |5       |82      |0       |0       |
|      u2_wrrd                   |sdr_wrrd                                       |251    |80      |0       |246     |0       |0       |
|  frame_read_write_m0           |frame_read_write                               |463    |310     |98      |311     |2       |0       |
|    frame_fifo_read_m0          |frame_fifo_read                                |106    |82      |24      |60      |0       |0       |
|    frame_fifo_write_m0         |frame_fifo_write                               |109    |82      |24      |63      |0       |0       |
|    read_buf                    |afifo_16_256                                   |123    |73      |25      |93      |1       |0       |
|      ram_inst                  |ram_infer_afifo_16_256                         |0      |0       |0       |0       |1       |0       |
|      rd_to_wr_cross_inst       |fifo_cross_domain_addr_process_al_afifo_16_256 |34     |22      |0       |33      |0       |0       |
|      wr_to_rd_cross_inst       |fifo_cross_domain_addr_process_al_afifo_16_256 |34     |24      |0       |34      |0       |0       |
|    write_buf                   |afifo_16_256                                   |125    |73      |25      |95      |1       |0       |
|      ram_inst                  |ram_infer_afifo_16_256                         |0      |0       |0       |0       |1       |0       |
|      rd_to_wr_cross_inst       |fifo_cross_domain_addr_process_al_afifo_16_256 |32     |22      |0       |32      |0       |0       |
|      wr_to_rd_cross_inst       |fifo_cross_domain_addr_process_al_afifo_16_256 |38     |26      |0       |38      |0       |0       |
|  sd_card_bmp_m0                |sd_card_bmp                                    |922    |785     |97      |382     |0       |0       |
|    ax_debounce_m0              |ax_debounce                                    |65     |56      |9       |37      |0       |0       |
|    bmp_read_m0                 |bmp_read                                       |280    |196     |58      |162     |0       |0       |
|    sd_card_top_m0              |sd_card_top                                    |577    |533     |30      |183     |0       |0       |
|      sd_card_cmd_m0            |sd_card_cmd                                    |342    |317     |25      |55      |0       |0       |
|      sd_card_sec_read_write_m0 |sd_card_sec_read_write                         |164    |150     |0       |89      |0       |0       |
|      spi_master_m0             |spi_master                                     |71     |66      |5       |39      |0       |0       |
|  seg_scan_m0                   |seg_scan                                       |74     |52      |22      |20      |0       |0       |
|  sys_pll_m0                    |sys_pll                                        |0      |0       |0       |0       |0       |0       |
|  video_pll_m0                  |video_pll                                      |0      |0       |0       |0       |0       |0       |
|  video_timing_data_m0          |video_timing_data                              |66     |54      |8       |35      |0       |0       |
|    color_bar_m0                |color_bar                                      |46     |36      |8       |31      |0       |0       |
+-------------------------------------------------------------------------------------------------------------------------------------+


DataNet Average Fanout:

   Index     Fanout     Nets  
    #1          1       1445  
    #2          2       244   
    #3          3       204   
    #4          4       111   
    #5        5-10      140   
    #6        11-50      83   
    #7       51-100      1    
    #8       101-500     1    
  Average     2.70            

RUN-1002 : start command "export_db pic_sdram_pr.db"
RUN-1001 : Exported /
RUN-1001 : Exported flow parameters
RUN-1001 : Exported libs
RUN-1001 : Exported entities
RUN-1001 : Exported ports
RUN-1001 : Exported pins
RUN-1001 : Exported instances
RUN-1001 : Exported nets
RUN-1001 : Exported buses
RUN-1001 : Exported models
RUN-1001 : Exported congestions
RUN-1001 : Exported violations
RUN-1001 : Exported timing constraints
RUN-1001 : Exported IO constraints
RUN-1001 : Exported Inst constraints
RUN-1002 : start command "start_timer"
TMR-2505 : Start building timing graph for model top.
TMR-2506 : Build timing graph completely. Port num: 22, tpin num: 9136, tnet num: 2296, tinst num: 1082, tnode num: 11566, tedge num: 15291.
TMR-2508 : Levelizing timing graph completed, there are 41 levels in total.
TMR-2501 : Timing graph initialized successfully.
RUN-1002 : start command "report_timing -mode FINAL -net_info -rpt_autogen true -file pic_sdram_phy.timing"
TMR-2503 : Start to update net delay, extr mode = 6.
TMR-2504 : Update delay of 2296 nets completely.
TMR-2502 : Annotate delay completely, extr mode = 6.
TMR-3001 : Initiate 4 clocks from SDC.
TMR-3004 : Map sdc constraints, there are 8 constraints in total.
TMR-3003 : Constraints initiated successfully.
TMR-3501 : Forward propagation: start to calculate arrival time...
TMR-3502 : Backward propagation: start to calculate required time...
TMR-3503 : Timing propagation completes.
TMR-3506 : Start to generate timing report.
TMR-1502 : Number of clock constraints = 4. Number of clock nets = 4 (0 unconstrainted).
TMR-3508 : Export timing summary.
TMR-3507 : Timing report generated successfully in pic_sdram_phy.timing, timing summary in pic_sdram_phy.tsm.
RUN-1002 : start command "export_bid pic_sdram_inst.bid"
PRG-1000 : <!-- HMAC is: 54b7019ecea91c3b82dae8f45267b3b86b1ac3f0bdeb4c721a823b05dd911fba -->
RUN-1002 : start command "bitgen -bit pic_sdram.bit"
BIT-1003 : Start to generate bitstream. 
BIT-1002 : Init instances with 16 threads.
BIT-1002 : Init instances completely, inst num: 1082
BIT-1002 : Init pips with 16 threads.
BIT-1002 : Init pips completely, net num: 2298, pip num: 20610
BIT-1002 : Init feedthrough with 16 threads.
BIT-1002 : Init feedthrough completely, num: 11
BIT-1003 : Multithreading accelaration with 16 threads.
BIT-1003 : Generate bitstream completely, there are 1791 valid insts, and 59301 bits set as '1'.
BIT-1004 : the usercode register value: 00000000111110110000000000000000
BIT-1004 : PLL setting string = 0110
BIT-1004 : Generate bits file pic_sdram.bit.
RUN-1003 : finish command "bitgen -bit pic_sdram.bit" in  2.590089s wall, 23.671875s user + 0.031250s system = 23.703125s CPU (915.1%)

RUN-1004 : used memory is 533 MB, reserved memory is 514 MB, peak memory is 707 MB
RUN-1002 : start command "backup_run_log run.log ../.logs/phy_1/td_20231219_160718.log"
