============================================================
   Tang Dynasty, V5.6.71036
      Copyright (c) 2012-2023 Anlogic Inc.
   Executable = D:/Program/Anlogic/TD5.6.2/bin/td.exe
   Built at =   20:34:38 Mar 21 2023
   Run by =     28408
   Run Date =   Tue Dec 12 18:20:27 2023

   Run on =     DESKTOP-T1B5OP5
============================================================
RUN-1002 : start command "open_project pic_sdram.prj"
RUN-1001 : Print Global Property
RUN-1001 : ---------------------------------------------------------------
RUN-1001 :        Parameters        |  Settings  |  Default Values  |  Note  
RUN-1001 : ---------------------------------------------------------------
RUN-1001 :          message         |  standard  |     standard     |        
RUN-1001 :   mixed_pack_place_flow  |     on     |        on        |        
RUN-1001 :        qor_monitor       |    off     |       off        |        
RUN-1001 :        syn_ip_flow       |    off     |       off        |        
RUN-1001 :          thread          |    auto    |       auto       |        
RUN-1001 : ---------------------------------------------------------------
RUN-1001 : Print Design Property
RUN-1001 : --------------------------------------------------------------
RUN-1001 :        Parameters       |  Settings  |  Default Values  |  Note  
RUN-1001 : --------------------------------------------------------------
RUN-1001 :   default_reg_initial   |    auto    |       auto       |        
RUN-1001 :        infer_add        |     on     |        on        |        
RUN-1001 :        infer_fsm        |    off     |       off        |        
RUN-1001 :        infer_mult       |     on     |        on        |        
RUN-1001 :        infer_ram        |     on     |        on        |        
RUN-1001 :        infer_reg        |     on     |        on        |        
RUN-1001 :   infer_reg_init_value  |     on     |        on        |        
RUN-1001 :        infer_rom        |     on     |        on        |        
RUN-1001 :      infer_shifter      |     on     |        on        |        
RUN-1001 : --------------------------------------------------------------
RUN-1001 : Print Rtl Property
RUN-1001 : --------------------------------------------------------------
RUN-1001 :        Parameters       |  Settings  |  Default Values  |  Note  
RUN-1001 : --------------------------------------------------------------
RUN-1001 :       compress_add      |   ripple   |      ripple      |        
RUN-1001 :        elf_sload        |    off     |       off        |        
RUN-1001 :       fix_undriven      |     0      |        0         |        
RUN-1001 :         flatten         |    off     |       off        |        
RUN-1001 :       gate_sharing      |     on     |        on        |        
RUN-1001 :    hdl_warning_level    |   normal   |      normal      |        
RUN-1001 :   impl_internal_tribuf  |     on     |        on        |        
RUN-1001 :      impl_set_reset     |     on     |        on        |        
RUN-1001 :        infer_gsr        |    off     |       off        |        
RUN-1001 :      keep_hierarchy     |    auto    |       auto       |        
RUN-1001 :        max_fanout       |    9999    |       9999       |        
RUN-1001 :      max_oh2bin_len     |     10     |        10        |        
RUN-1001 :       merge_equal       |     on     |        on        |        
RUN-1001 :       merge_equiv       |     on     |        on        |        
RUN-1001 :        merge_mux        |    off     |       off        |        
RUN-1001 :     min_control_set     |     8      |        8         |        
RUN-1001 :      min_ripple_len     |    auto    |       auto       |        
RUN-1001 :       oh2bin_ratio      |    0.08    |       0.08       |        
RUN-1001 :     opt_adder_fanout    |     on     |        on        |        
RUN-1001 :        opt_arith        |     on     |        on        |        
RUN-1001 :       opt_big_gate      |    off     |       off        |        
RUN-1001 :        opt_const        |     on     |        on        |        
RUN-1001 :      opt_const_mult     |     on     |        on        |        
RUN-1001 :       opt_lessthan      |     on     |        on        |        
RUN-1001 :         opt_mux         |    off     |       off        |        
RUN-1001 :         opt_ram         |    high    |       high       |        
RUN-1001 :      rtl_sim_model      |    off     |       off        |        
RUN-1001 :         seq_syn         |     on     |        on        |        
RUN-1001 : --------------------------------------------------------------
HDL-1007 : analyze verilog file ../../al_ip/sys_pll.v
HDL-1007 : undeclared symbol 'open', assumed default net type 'wire' in ../../al_ip/sys_pll.v(77)
HDL-1007 : analyze verilog file ../../al_ip/video_pll.v
HDL-1007 : undeclared symbol 'open', assumed default net type 'wire' in ../../al_ip/video_pll.v(63)
HDL-1007 : analyze verilog file ../../al_ip/afifo_16_256.v
HDL-1007 : analyze verilog file ../../al_ip/sdram.v
HDL-1007 : analyze verilog file ../../Qspi_master.v
HDL-1007 : analyze verilog file ../../flash_cmd.v
HDL-1007 : analyze verilog file ../../flash_reader.v
HDL-1007 : analyze verilog file ../../flash_step.v
HDL-1007 : analyze verilog file ../../flash_write_read.v
HDL-1007 : analyze verilog file ../../flash_writer.v
HDL-1007 : analyze verilog file ../../sys_state_ctrl.v
HDL-1007 : analyze verilog file ../../src/ax_debounce.v
HDL-1007 : analyze verilog file ../../src/bmp_read.v
HDL-1007 : analyze verilog file ../../src/color_bar.v
HDL-1007 : analyze included file ../../src/video_define.v in ../../src/color_bar.v(2)
HDL-1007 : back to file '../../src/color_bar.v' in ../../src/color_bar.v(2)
HDL-1007 : analyze verilog file ../../src/frame_fifo_read.v
HDL-1007 : undeclared symbol 'read_busy', assumed default net type 'wire' in ../../src/frame_fifo_read.v(55)
HDL-1007 : analyze verilog file ../../src/frame_fifo_write.v
HDL-1007 : undeclared symbol 'write_busy', assumed default net type 'wire' in ../../src/frame_fifo_write.v(53)
HDL-1007 : analyze verilog file ../../src/frame_read_write.v
HDL-1007 : analyze verilog file ../../src/sd_card/sd_card_cmd.v
HDL-1007 : analyze verilog file ../../src/sd_card/sd_card_sec_read_write.v
HDL-1007 : analyze verilog file ../../src/sd_card/sd_card_top.v
HDL-1007 : analyze verilog file ../../src/sd_card/spi_master.v
HDL-1007 : analyze verilog file ../../src/sd_card_bmp.v
HDL-1007 : analyze verilog file ../../src/sdram/sdram_core.v
HDL-1007 : analyze verilog file ../../src/seg_decoder.v
HDL-1007 : analyze verilog file ../../src/seg_scan.v
HDL-1007 : analyze verilog file ../../src/top.v
HDL-1007 : analyze verilog file ../../src/video_timing_data.v
RUN-1001 : Project manager successfully analyzed 28 source files.
RUN-1002 : start command "import_device eagle_s20.db -package EG4S20BG256"
ARC-1001 : Device Initialization.
ARC-1001 : ------------------------------------------------------------------
ARC-1001 :            OPTION            |          IO          |   SETTING   
ARC-1001 : ------------------------------------------------------------------
ARC-1001 :   cso_b/cclk/mosi/miso/dout  |  T3/R11/T10/P10/S11  |    gpio    
ARC-1001 :             done             |         P13          |    gpio    
ARC-1001 :           program_b          |          T2          |  dedicate  
ARC-1001 :        tdi/tms/tck/tdo       |   C12/A15/C14/E14    |  dedicate  
ARC-1001 : ------------------------------------------------------------------
ARC-1004 : Device setting, marked 5 dedicate IOs in total.
RUN-1002 : start command "import_db ../syn_1/pic_sdram_gate.db"
RUN-1001 : Importing database generated by Tang Dynasty, V5.6.71036.
RUN-1001 : Database version number 46146.
RUN-1001 : Import flow parameters
RUN-1001 : Import timing constraints
RUN-1001 : Import IO constraints
RUN-1001 : Import Inst constraints
RUN-1001 : Import design success TD_VERSION=5.6.71036 , DB_VERSION=46146
RUN-1002 : start command "read_sdc ../../top.sdc"
RUN-1002 : start command "get_ports clk"
RUN-1002 : start command "create_clock -name clk -period 20 -waveform 0 10 "
RUN-1102 : create_clock: clock name: clk, type: 0, period: 20000, rise: 0, fall: 10000.
RUN-1002 : start command "derive_pll_clocks"
USR-1002 : Gen clock cmd:  create_generated_clock -name {sys_pll_m0/pll_inst.clkc[0]} -source [get_ports {clk}] -master_clock {clk} -multiply_by 2.0000 [get_pins {sys_pll_m0/pll_inst.clkc[0]}]
RUN-1002 : start command "get_ports clk"
RUN-1002 : start command "get_pins sys_pll_m0/pll_inst.clkc[0]"
RUN-1002 : start command "create_generated_clock -name sys_pll_m0/pll_inst.clkc[0] -source  -master_clock clk -multiply_by 2.0000 "
USR-1002 : Gen clock cmd:  create_generated_clock -name {sys_pll_m0/pll_inst.clkc[1]} -source [get_ports {clk}] -master_clock {clk} -multiply_by 2.0000 [get_pins {sys_pll_m0/pll_inst.clkc[1]}]
RUN-1002 : start command "get_ports clk"
RUN-1002 : start command "get_pins sys_pll_m0/pll_inst.clkc[1]"
RUN-1002 : start command "create_generated_clock -name sys_pll_m0/pll_inst.clkc[1] -source  -master_clock clk -multiply_by 2.0000 "
USR-1002 : Gen clock cmd:  create_generated_clock -name {sys_pll_m0/pll_inst.clkc[2]} -source [get_ports {clk}] -master_clock {clk} -multiply_by 2.0000 [get_pins {sys_pll_m0/pll_inst.clkc[2]}]
RUN-1002 : start command "get_ports clk"
RUN-1002 : start command "get_pins sys_pll_m0/pll_inst.clkc[2]"
RUN-1002 : start command "create_generated_clock -name sys_pll_m0/pll_inst.clkc[2] -source  -master_clock clk -multiply_by 2.0000 "
USR-1002 : Gen clock cmd:  create_generated_clock -name {video_pll_m0/pll_inst.clkc[0]} -source [get_ports {clk}] -master_clock {clk} -divide_by 2.0000 [get_pins {video_pll_m0/pll_inst.clkc[0]}]
RUN-1002 : start command "get_ports clk"
RUN-1002 : start command "get_pins video_pll_m0/pll_inst.clkc[0]"
RUN-1002 : start command "create_generated_clock -name video_pll_m0/pll_inst.clkc[0] -source  -master_clock clk -divide_by 2.0000 "
RUN-1002 : start command "get_ports clk"
RUN-1002 : start command "get_pins sys_pll_m0/pll_inst.clkc[0]"
RUN-1002 : start command "rename_clock -name sd_card_clk -source  -master_clock clk "
RUN-1105 : Rename Clock: clock sys_pll_m0/pll_inst.clkc[0] was renamed, new name is sd_card_clk.
RUN-1002 : start command "get_ports clk"
RUN-1002 : start command "get_pins sys_pll_m0/pll_inst.clkc[1]"
RUN-1002 : start command "rename_clock -name ext_mem_clk -source  -master_clock clk "
RUN-1105 : Rename Clock: clock sys_pll_m0/pll_inst.clkc[1] was renamed, new name is ext_mem_clk.
RUN-1002 : start command "get_ports clk"
RUN-1002 : start command "get_pins sys_pll_m0/pll_inst.clkc[2]"
RUN-1002 : start command "rename_clock -name flash_sys_clk -source  -master_clock clk "
RUN-1105 : Rename Clock: clock sys_pll_m0/pll_inst.clkc[2] was renamed, new name is flash_sys_clk.
RUN-1002 : start command "get_ports clk"
RUN-1002 : start command "get_pins video_pll_m0/pll_inst.clkc[0]"
RUN-1002 : start command "rename_clock -name video_clk -source  -master_clock clk "
RUN-1105 : Rename Clock: clock video_pll_m0/pll_inst.clkc[0] was renamed, new name is video_clk.
RUN-1002 : start command "read_sdc -ip afifo_16_256 ../../al_ip/afifo_16_256.tcl"
RUN-1002 : start command "get_ports clkw"
RUN-1002 : start command "get_nets  clkw  "
RUN-1002 : start command "get_clocks -nowarn -of nets 20740397072384"
RUN-1002 : start command "get_ports clkr"
RUN-1002 : start command "get_nets  clkr  "
RUN-1002 : start command "get_clocks -nowarn -of nets 24837795872768"
RUN-1002 : start command "get_property -nowarn -max PERIOD "
RUN-1002 : start command "get_property -nowarn -max PERIOD "
RUN-1002 : start command "get_regs rd_to_wr_cross_inst/primary_addr_gray_reg[*]"
RUN-1002 : start command "get_regs rd_to_wr_cross_inst/sync_r1[*]"
RUN-1002 : start command "set_max_delay -from  -to  9.6999999999999993 -datapath_only"
RUN-1002 : start command "get_regs rd_to_wr_cross_inst/primary_addr_gray_reg[*]"
RUN-1002 : start command "get_regs rd_to_wr_cross_inst/sync_r1[*]"
RUN-1002 : start command "set_false_path -from  -to  -hold 9.6999999999999993"
USR-1002 : set_false_path -help -setup -hold -from <list> -rise_from <list> -fall_from <list> -to <list> -rise_to <list> -fall_to <list> -through <list>
RUN-1002 : start command "get_regs wr_to_rd_cross_inst/primary_addr_gray_reg[*]"
RUN-1002 : start command "get_regs wr_to_rd_cross_inst/sync_r1[*]"
RUN-1002 : start command "set_max_delay -from  -to  9.6999999999999993 -datapath_only"
RUN-1002 : start command "get_regs wr_to_rd_cross_inst/primary_addr_gray_reg[*]"
RUN-1002 : start command "get_regs wr_to_rd_cross_inst/sync_r1[*]"
RUN-1002 : start command "set_false_path -from  -to  -hold 9.6999999999999993"
USR-1002 : set_false_path -help -setup -hold -from <list> -rise_from <list> -fall_from <list> -to <list> -rise_to <list> -fall_to <list> -through <list>
RUN-1002 : start command "get_ports clkw"
RUN-1002 : start command "get_nets  clkw  "
RUN-1002 : start command "get_clocks -nowarn -of nets 30812095381504"
RUN-1002 : start command "get_ports clkr"
RUN-1002 : start command "get_nets  clkr  "
RUN-1002 : start command "get_clocks -nowarn -of nets 20740397072384"
RUN-1002 : start command "get_property -nowarn -max PERIOD "
RUN-1002 : start command "get_property -nowarn -max PERIOD "
RUN-1002 : start command "get_regs rd_to_wr_cross_inst/primary_addr_gray_reg[*]"
RUN-1002 : start command "get_regs rd_to_wr_cross_inst/sync_r1[*]"
RUN-1002 : start command "set_max_delay -from  -to  9.6999999999999993 -datapath_only"
RUN-1002 : start command "get_regs rd_to_wr_cross_inst/primary_addr_gray_reg[*]"
RUN-1002 : start command "get_regs rd_to_wr_cross_inst/sync_r1[*]"
RUN-1002 : start command "set_false_path -from  -to  -hold 9.6999999999999993"
USR-1002 : set_false_path -help -setup -hold -from <list> -rise_from <list> -fall_from <list> -to <list> -rise_to <list> -fall_to <list> -through <list>
RUN-1002 : start command "get_regs wr_to_rd_cross_inst/primary_addr_gray_reg[*]"
RUN-1002 : start command "get_regs wr_to_rd_cross_inst/sync_r1[*]"
RUN-1002 : start command "set_max_delay -from  -to  9.6999999999999993 -datapath_only"
RUN-1002 : start command "get_regs wr_to_rd_cross_inst/primary_addr_gray_reg[*]"
RUN-1002 : start command "get_regs wr_to_rd_cross_inst/sync_r1[*]"
RUN-1002 : start command "set_false_path -from  -to  -hold 9.6999999999999993"
USR-1002 : set_false_path -help -setup -hold -from <list> -rise_from <list> -fall_from <list> -to <list> -rise_to <list> -fall_to <list> -through <list>
RUN-1002 : start command "place"
RUN-1001 : Open license file D:/Program/Anlogic/TD5.6.2/license/Anlogic.lic
RUN-1001 : Print Global Property
RUN-1001 : ---------------------------------------------------------------
RUN-1001 :        Parameters        |  Settings  |  Default Values  |  Note  
RUN-1001 : ---------------------------------------------------------------
RUN-1001 :          message         |  standard  |     standard     |        
RUN-1001 :   mixed_pack_place_flow  |     on     |        on        |        
RUN-1001 :        qor_monitor       |    off     |       off        |        
RUN-1001 :        syn_ip_flow       |    off     |       off        |        
RUN-1001 :          thread          |    auto    |       auto       |        
RUN-1001 : ---------------------------------------------------------------
RUN-1001 : Print Place Property
RUN-1001 : --------------------------------------------------------------
RUN-1001 :        Parameters       |  Settings  |  Default Values  |  Note  
RUN-1001 : --------------------------------------------------------------
RUN-1001 :      detailed_place     |     on     |        on        |        
RUN-1001 :          effort         |   medium   |      medium      |        
RUN-1001 :         fix_hold        |    off     |       off        |        
RUN-1001 :       legalization      |    ori     |       ori        |        
RUN-1001 :      new_spreading      |     on     |        on        |        
RUN-1001 :        opt_timing       |   medium   |      medium      |        
RUN-1001 :   post_clock_route_opt  |    off     |       off        |        
RUN-1001 :       pr_strategy       |     1      |        1         |        
RUN-1001 :        relaxation       |    1.00    |       1.00       |        
RUN-1001 :         retiming        |    off     |       off        |        
RUN-1001 : --------------------------------------------------------------
PHY-3001 : Placer runs in 16 thread(s).
RUN-1002 : start command "legalize_phy_inst"
SYN-1011 : Flatten model top
RUN-1002 : start command "phys_opt -simplify_lut"
SYN-4016 : Net frame_read_write_m0/write_buf/clkw driven by BUFG (425 clock/control pins, 1 other pins).
SYN-4016 : Net frame_read_write_m0/read_buf/clkr driven by BUFG (94 clock/control pins, 1 other pins).
SYN-4027 : Net frame_read_write_m0/frame_fifo_read_m0/mem_clk is clkc1 of pll sys_pll_m0/pll_inst.
SYN-4027 : Net flash_write_read_m0/flash_cmd_m0/sys_clk is clkc2 of pll sys_pll_m0/pll_inst.
SYN-4019 : Net clk_dup_1 is refclk of pll sys_pll_m0/pll_inst.
SYN-4020 : Net clk_dup_1 is fbclk of pll sys_pll_m0/pll_inst.
SYN-4019 : Net clk_dup_1 is refclk of pll video_pll_m0/pll_inst.
SYN-4020 : Net clk_dup_1 is fbclk of pll video_pll_m0/pll_inst.
SYN-4025 : Tag rtl::Net clk_dup_1 as clock net
SYN-4025 : Tag rtl::Net flash_write_read_m0/flash_cmd_m0/sys_clk as clock net
SYN-4025 : Tag rtl::Net frame_read_write_m0/frame_fifo_read_m0/mem_clk as clock net
SYN-4025 : Tag rtl::Net frame_read_write_m0/read_buf/clkr as clock net
SYN-4025 : Tag rtl::Net frame_read_write_m0/write_buf/clkw as clock net
SYN-4026 : Tagged 5 rtl::Net as clock net
PHY-1001 : Populate physical database on model top.
RUN-1001 : There are total 2306 instances
RUN-0007 : 1149 luts, 790 seqs, 166 mslices, 90 lslices, 102 pads, 2 brams, 0 dsps
RUN-1001 : There are total 2664 nets
RUN-1001 : 1787 nets have 2 pins
RUN-1001 : 619 nets have [3 - 5] pins
RUN-1001 : 154 nets have [6 - 10] pins
RUN-1001 : 55 nets have [11 - 20] pins
RUN-1001 : 44 nets have [21 - 99] pins
RUN-1001 : 5 nets have 100+ pins
RUN-1001 : Report Control nets information:
RUN-1001 : DFF Distribution
RUN-1001 : ----------------------------------
RUN-1001 :   CE   |  SSR  |  ASR  |  DFF Count  
RUN-1001 : ----------------------------------
RUN-1001 :   No   |  No   |  No   |      1      
RUN-1001 :   No   |  No   |  Yes  |     500     
RUN-1001 :   No   |  Yes  |  No   |      0      
RUN-1001 :   Yes  |  No   |  No   |     16      
RUN-1001 :   Yes  |  No   |  Yes  |     273     
RUN-1001 :   Yes  |  Yes  |  No   |      0      
RUN-1001 : ----------------------------------
RUN-0007 : Control Group Statistic
RUN-0007 : ---------------------------
RUN-0007 :   #CLK  |  #CE  |  #SSR/ASR  
RUN-0007 : ---------------------------
RUN-0007 :    5    |  23   |     8      
RUN-0007 : ---------------------------
RUN-0007 : Control Set = 36
PHY-3001 : Initial placement ...
PHY-3001 : design contains 2304 instances, 1149 luts, 790 seqs, 256 slices, 41 macros(256 instances: 166 mslices 90 lslices)
PHY-0007 : Cell area utilization is 8%
PHY-3001 : Start timing update ...
RUN-1002 : start command "start_timer -report"
TMR-2505 : Start building timing graph for model top.
TMR-2506 : Build timing graph completely. Port num: 22, tpin num: 10782, tnet num: 2662, tinst num: 2304, tnode num: 13658, tedge num: 17348.
TMR-2508 : Levelizing timing graph completed, there are 43 levels in total.
TMR-2501 : Timing graph initialized successfully.
TMR-2503 : Start to update net delay, extr mode = 2.
TMR-2504 : Update delay of 2662 nets completely.
TMR-2502 : Annotate delay completely, extr mode = 2.
TMR-3001 : Initiate 5 clocks from SDC.
TMR-3004 : Map sdc constraints, there are 8 constraints in total.
TMR-3003 : Constraints initiated successfully.
TMR-3501 : Forward propagation: start to calculate arrival time...
TMR-3502 : Backward propagation: start to calculate required time...
TMR-3503 : Timing propagation completes.
PHY-3001 : End timing update;  0.452659s wall, 0.140625s user + 0.000000s system = 0.140625s CPU (31.1%)

PHY-3001 : Global placement ...
PHY-3001 : Initial: Len = 601908
PHY-3001 : Clustering ...
PHY-3001 : Level 0 #clusters 2304.
PHY-3001 : End clustering;  0.000008s wall, 0.000000s user + 0.000000s system = 0.000000s CPU (n/a%)

PHY-3001 : Run with size of 4
PHY-3001 : Cell area utilization is 8%
PHY-3001 : :::0::: Try harder cell spreading with beta_ = 0
PHY-3002 : Step(1): len = 499180, overlap = 2.25
PHY-3002 : Step(2): len = 425777, overlap = 2.25
PHY-3002 : Step(3): len = 376041, overlap = 0
PHY-3002 : Step(4): len = 337254, overlap = 4.5
PHY-3002 : Step(5): len = 299906, overlap = 2.25
PHY-3002 : Step(6): len = 265377, overlap = 2.5
PHY-3002 : Step(7): len = 235503, overlap = 2.5625
PHY-3002 : Step(8): len = 207337, overlap = 4.8125
PHY-3002 : Step(9): len = 183571, overlap = 4.34375
PHY-3002 : Step(10): len = 162013, overlap = 4.1875
PHY-3002 : Step(11): len = 143162, overlap = 5.625
PHY-3002 : Step(12): len = 128862, overlap = 6.46875
PHY-3002 : Step(13): len = 118934, overlap = 8.78125
PHY-3002 : Step(14): len = 111322, overlap = 10.125
PHY-3002 : Step(15): len = 103844, overlap = 14.1562
PHY-3002 : Step(16): len = 98565.3, overlap = 13.4062
PHY-3002 : Step(17): len = 94438.3, overlap = 12.7812
PHY-3001 : :::1::: Try harder cell spreading with beta_ = 0.000491928
PHY-3002 : Step(18): len = 92688.2, overlap = 10.5312
PHY-3002 : Step(19): len = 90668.8, overlap = 13.1562
PHY-3002 : Step(20): len = 87877, overlap = 14.4375
PHY-3002 : Step(21): len = 84264.1, overlap = 14.625
PHY-3002 : Step(22): len = 80524.5, overlap = 14.9688
PHY-3002 : Step(23): len = 77968.5, overlap = 13.0312
PHY-3002 : Step(24): len = 77103.3, overlap = 13.1875
PHY-3002 : Step(25): len = 75704.7, overlap = 12.5625
PHY-3002 : Step(26): len = 73967, overlap = 13.5312
PHY-3002 : Step(27): len = 73358.6, overlap = 12.5625
PHY-3002 : Step(28): len = 72663.2, overlap = 9.46875
PHY-3002 : Step(29): len = 72544, overlap = 9.15625
PHY-3002 : Step(30): len = 71410.3, overlap = 11.8438
PHY-3002 : Step(31): len = 70152.5, overlap = 12.375
PHY-3002 : Step(32): len = 69888.5, overlap = 10.7812
PHY-3002 : Step(33): len = 68922.9, overlap = 11.5938
PHY-3002 : Step(34): len = 68559.8, overlap = 14.25
PHY-3002 : Step(35): len = 67770.5, overlap = 14.8438
PHY-3002 : Step(36): len = 67627.4, overlap = 17.7188
PHY-3002 : Step(37): len = 66632, overlap = 18.7812
PHY-3002 : Step(38): len = 66293.2, overlap = 20.75
PHY-3002 : Step(39): len = 66046.3, overlap = 23.25
PHY-3001 : :::2::: Try harder cell spreading with beta_ = 0.000983857
PHY-3002 : Step(40): len = 65896.6, overlap = 21.0938
PHY-3002 : Step(41): len = 65882.7, overlap = 20.6562
PHY-3001 : :::3::: Try harder cell spreading with beta_ = 0.00196771
PHY-3002 : Step(42): len = 65540.7, overlap = 20.1875
PHY-3002 : Step(43): len = 65408.2, overlap = 20.5312
PHY-3001 : Legalization ...
PHY-3001 : End legalization;  0.003762s wall, 0.000000s user + 0.000000s system = 0.000000s CPU (n/a%)

PHY-3001 : Run with size of 4
PHY-3001 : Cell area utilization is 10%
PHY-3001 : Update timing in Manhattan mode ...
TMR-2503 : Start to update net delay, extr mode = 3.
TMR-2504 : Update delay of 2662 nets completely.
TMR-2502 : Annotate delay completely, extr mode = 3.
TMR-3501 : Forward propagation: start to calculate arrival time...
TMR-3502 : Backward propagation: start to calculate required time...
TMR-3503 : Timing propagation completes.
PHY-3001 : End timing update;  0.054570s wall, 0.015625s user + 0.000000s system = 0.015625s CPU (28.6%)

PHY-3001 : :::0::: Try harder cell spreading with beta_ = 1.0101e-05
PHY-3002 : Step(44): len = 67084.3, overlap = 33.2812
PHY-3002 : Step(45): len = 68231.2, overlap = 32.6562
PHY-3002 : Step(46): len = 68608.7, overlap = 33.0312
PHY-3002 : Step(47): len = 69932.8, overlap = 35.1562
PHY-3002 : Step(48): len = 69272.3, overlap = 35.5938
PHY-3002 : Step(49): len = 68839.9, overlap = 36.8125
PHY-3002 : Step(50): len = 68184, overlap = 36.6875
PHY-3002 : Step(51): len = 67056.9, overlap = 35.1562
PHY-3002 : Step(52): len = 66551.1, overlap = 35.2812
PHY-3002 : Step(53): len = 65430, overlap = 35.875
PHY-3002 : Step(54): len = 65154.2, overlap = 37.4062
PHY-3002 : Step(55): len = 64604, overlap = 39.1875
PHY-3002 : Step(56): len = 64628.1, overlap = 39.375
PHY-3002 : Step(57): len = 63982.1, overlap = 41.125
PHY-3002 : Step(58): len = 63836.8, overlap = 39.1562
PHY-3002 : Step(59): len = 63343.5, overlap = 38.0312
PHY-3002 : Step(60): len = 63108.2, overlap = 37.0938
PHY-3002 : Step(61): len = 62834.3, overlap = 35.5312
PHY-3002 : Step(62): len = 62433.8, overlap = 34.9688
PHY-3002 : Step(63): len = 61920.6, overlap = 34.7188
PHY-3002 : Step(64): len = 61493.8, overlap = 34.3125
PHY-3002 : Step(65): len = 61231.7, overlap = 34.3125
PHY-3001 : :::1::: Try harder cell spreading with beta_ = 2.0202e-05
PHY-3002 : Step(66): len = 60833.5, overlap = 34.2812
PHY-3002 : Step(67): len = 60839.9, overlap = 34.0312
PHY-3002 : Step(68): len = 60824.3, overlap = 34.2188
PHY-3001 : :::2::: Try harder cell spreading with beta_ = 4.04039e-05
PHY-3002 : Step(69): len = 61008.6, overlap = 33.1562
PHY-3002 : Step(70): len = 61088.9, overlap = 33.0938
PHY-3001 : Run with size of 2
PHY-3001 : Cell area utilization is 10%
PHY-3001 : Update timing in Manhattan mode ...
TMR-2503 : Start to update net delay, extr mode = 3.
TMR-2504 : Update delay of 2662 nets completely.
TMR-2502 : Annotate delay completely, extr mode = 3.
TMR-3501 : Forward propagation: start to calculate arrival time...
TMR-3502 : Backward propagation: start to calculate required time...
TMR-3503 : Timing propagation completes.
PHY-3001 : End timing update;  0.065266s wall, 0.046875s user + 0.000000s system = 0.046875s CPU (71.8%)

PHY-3001 : :::0::: Try harder cell spreading with beta_ = 5.37867e-05
PHY-3002 : Step(71): len = 62221.2, overlap = 90.5
PHY-3002 : Step(72): len = 63016, overlap = 90.6875
PHY-3002 : Step(73): len = 62871.1, overlap = 83.9375
PHY-3002 : Step(74): len = 63205.1, overlap = 81.5312
PHY-3002 : Step(75): len = 63741, overlap = 77.4062
PHY-3002 : Step(76): len = 63841.7, overlap = 72.9688
PHY-3002 : Step(77): len = 64154.5, overlap = 70.0312
PHY-3002 : Step(78): len = 64625.3, overlap = 67.8438
PHY-3002 : Step(79): len = 64239.1, overlap = 66.9688
PHY-3002 : Step(80): len = 64180.3, overlap = 67.1875
PHY-3002 : Step(81): len = 63797.5, overlap = 67.0938
PHY-3001 : :::1::: Try harder cell spreading with beta_ = 0.000107573
PHY-3002 : Step(82): len = 63874.1, overlap = 68.4375
PHY-3002 : Step(83): len = 64026.3, overlap = 67.6875
PHY-3002 : Step(84): len = 65076.2, overlap = 66.2188
PHY-3002 : Step(85): len = 65636.4, overlap = 65.1562
PHY-3002 : Step(86): len = 65271.7, overlap = 65.2812
PHY-3001 : :::2::: Try harder cell spreading with beta_ = 0.000215147
PHY-3002 : Step(87): len = 65463, overlap = 64
PHY-3002 : Step(88): len = 65647.8, overlap = 58.4062
PHY-3001 : :::3::: Try harder cell spreading with beta_ = 0.000430294
PHY-3002 : Step(89): len = 66823.4, overlap = 50.875
PHY-3002 : Step(90): len = 67829.3, overlap = 51.375
PHY-3002 : Step(91): len = 68426.8, overlap = 56.25
PHY-3002 : Step(92): len = 68021.1, overlap = 56.375
PHY-3002 : Step(93): len = 67975.6, overlap = 56.5
OPT-1001 : Start physical optimization ...
RUN-1002 : start command "start_timer -report"
TMR-2505 : Start building timing graph for model top.
TMR-2506 : Build timing graph completely. Port num: 22, tpin num: 10782, tnet num: 2662, tinst num: 2304, tnode num: 13658, tedge num: 17348.
TMR-2508 : Levelizing timing graph completed, there are 43 levels in total.
TMR-2501 : Timing graph initialized successfully.
OPT-1001 : Total overflow 131.56 peak overflow 4.00
OPT-1001 : Start high-fanout net optimization ...
OPT-1001 : Update timing in global mode
PHY-1001 : Start incremental global routing, caller is place ...
RUN-1001 : Generating global routing grids ...
RUN-1001 : Building simple global routing graph ...
PHY-1001 : Generate routing nets ...
PHY-1001 : Reuse net number 0/2664.
PHY-1001 : Global iterations in 16 thread ...
PHY-1002 : len = 74824, over cnt = 260(0%), over = 874, worst = 17
PHY-1001 : End global iterations;  0.093296s wall, 0.031250s user + 0.000000s system = 0.031250s CPU (33.5%)

PHY-1001 : Congestion index: top1 = 35.52, top5 = 24.52, top10 = 17.62, top15 = 13.42.
PHY-1001 : End incremental global routing;  0.135130s wall, 0.031250s user + 0.000000s system = 0.031250s CPU (23.1%)

TMR-2503 : Start to update net delay, extr mode = 5.
TMR-2504 : Update delay of 2662 nets completely.
TMR-2502 : Annotate delay completely, extr mode = 5.
TMR-3001 : Initiate 5 clocks from SDC.
TMR-3004 : Map sdc constraints, there are 8 constraints in total.
TMR-3003 : Constraints initiated successfully.
TMR-3501 : Forward propagation: start to calculate arrival time...
TMR-3502 : Backward propagation: start to calculate required time...
TMR-3503 : Timing propagation completes.
OPT-1001 : End timing update;  0.060069s wall, 0.000000s user + 0.000000s system = 0.000000s CPU (n/a%)

OPT-1001 : 0 high-fanout net processed.
OPT-1001 : End high-fanout net optimization;  0.228818s wall, 0.031250s user + 0.000000s system = 0.031250s CPU (13.7%)

OPT-1001 : Current memory(MB): used = 215, reserve = 187, peak = 215.
OPT-1001 : Start global optimization ...
OPT-1001 : Start congestion update ...
RUN-1001 : Generating global routing grids ...
PHY-1001 : Generate routing nets ...
PHY-1001 : Reuse net number 1743/2664.
PHY-1001 : Global iterations in 16 thread ...
PHY-1002 : len = 74824, over cnt = 260(0%), over = 874, worst = 17
PHY-1002 : len = 79280, over cnt = 152(0%), over = 447, worst = 14
PHY-1002 : len = 82912, over cnt = 60(0%), over = 159, worst = 14
PHY-1002 : len = 84976, over cnt = 9(0%), over = 10, worst = 2
PHY-1002 : len = 85104, over cnt = 0(0%), over = 0, worst = 0
PHY-1001 : End global iterations;  0.073454s wall, 0.000000s user + 0.000000s system = 0.000000s CPU (n/a%)

PHY-1001 : Congestion index: top1 = 32.93, top5 = 24.09, top10 = 18.37, top15 = 14.56.
OPT-1001 : End congestion update;  0.114047s wall, 0.000000s user + 0.000000s system = 0.000000s CPU (n/a%)

OPT-1001 : Update timing in Manhattan mode
TMR-2503 : Start to update net delay, extr mode = 3.
TMR-2504 : Update delay of 2662 nets completely.
TMR-2502 : Annotate delay completely, extr mode = 3.
TMR-3501 : Forward propagation: start to calculate arrival time...
TMR-3502 : Backward propagation: start to calculate required time...
TMR-3503 : Timing propagation completes.
OPT-1001 : End timing update;  0.058437s wall, 0.031250s user + 0.000000s system = 0.031250s CPU (53.5%)

OPT-0007 : Start: WNS 3571 TNS 0 NUM_FEPS 0
OPT-1001 : End global optimization;  0.172765s wall, 0.031250s user + 0.000000s system = 0.031250s CPU (18.1%)

OPT-1001 : Current memory(MB): used = 219, reserve = 191, peak = 219.
OPT-1001 : End physical optimization;  0.848358s wall, 0.203125s user + 0.000000s system = 0.203125s CPU (23.9%)

PHY-3001 : Start packing ...
SYN-4007 : Packing 0 MUX to BLE ...
SYN-4008 : Packed 0 MUX and 0 SEQ to BLE.
SYN-4007 : Packing 1149 LUT to BLE ...
SYN-4008 : Packed 1149 LUT and 538 SEQ to BLE.
SYN-4003 : Packing 252 remaining SEQ's ...
SYN-4005 : Packed 143 SEQ with LUT/SLICE
SYN-4006 : 495 single LUT's are left
SYN-4006 : 109 single SEQ's are left
SYN-4011 : Packing model "top" (AL_USER_NORMAL) with 1258/1753 primitive instances ...
PHY-3001 : End packing;  0.064764s wall, 0.000000s user + 0.000000s system = 0.000000s CPU (n/a%)

PHY-1001 : Populate physical database on model top.
RUN-1001 : There are total 1049 instances
RUN-1001 : 469 mslices, 469 lslices, 102 pads, 2 brams, 0 dsps
RUN-1001 : There are total 2181 nets
RUN-1001 : 1322 nets have 2 pins
RUN-1001 : 597 nets have [3 - 5] pins
RUN-1001 : 158 nets have [6 - 10] pins
RUN-1001 : 55 nets have [11 - 20] pins
RUN-1001 : 44 nets have [21 - 99] pins
RUN-1001 : 5 nets have 100+ pins
PHY-3001 : design contains 1047 instances, 938 slices, 41 macros(256 instances: 166 mslices 90 lslices)
PHY-3001 : Cell area utilization is 12%
PHY-3001 : After packing: Len = 66658.4, Over = 76
PHY-3001 : Run with size of 2
PHY-3001 : Cell area utilization is 12%
PHY-3001 : Update timing in Manhattan mode ...
RUN-1002 : start command "start_timer -report"
TMR-2505 : Start building timing graph for model top.
TMR-2506 : Build timing graph completely. Port num: 22, tpin num: 9195, tnet num: 2179, tinst num: 1047, tnode num: 11349, tedge num: 15609.
TMR-2508 : Levelizing timing graph completed, there are 41 levels in total.
TMR-2501 : Timing graph initialized successfully.
TMR-2503 : Start to update net delay, extr mode = 3.
TMR-2504 : Update delay of 2179 nets completely.
TMR-2502 : Annotate delay completely, extr mode = 3.
TMR-3001 : Initiate 5 clocks from SDC.
TMR-3004 : Map sdc constraints, there are 8 constraints in total.
TMR-3003 : Constraints initiated successfully.
TMR-3501 : Forward propagation: start to calculate arrival time...
TMR-3502 : Backward propagation: start to calculate required time...
TMR-3503 : Timing propagation completes.
PHY-3001 : End timing update;  0.553615s wall, 0.250000s user + 0.031250s system = 0.281250s CPU (50.8%)

PHY-3001 : :::0::: Try harder cell spreading with beta_ = 8.20868e-05
PHY-3002 : Step(94): len = 65439.9, overlap = 78.25
PHY-3002 : Step(95): len = 65348.9, overlap = 75
PHY-3002 : Step(96): len = 65312.5, overlap = 73.5
PHY-3002 : Step(97): len = 65542.6, overlap = 73.5
PHY-3002 : Step(98): len = 65646.9, overlap = 74
PHY-3002 : Step(99): len = 65557.9, overlap = 73.5
PHY-3001 : :::1::: Try harder cell spreading with beta_ = 0.000164174
PHY-3002 : Step(100): len = 66386.1, overlap = 70.25
PHY-3002 : Step(101): len = 67075.2, overlap = 67
PHY-3002 : Step(102): len = 66852, overlap = 67.5
PHY-3001 : :::2::: Try harder cell spreading with beta_ = 0.000328347
PHY-3002 : Step(103): len = 67991.9, overlap = 63.5
PHY-3002 : Step(104): len = 69042.1, overlap = 58.75
PHY-3002 : Step(105): len = 69234.4, overlap = 59.5
PHY-3001 : Legalization ...
PHY-3001 : End legalization;  0.100881s wall, 0.000000s user + 0.015625s system = 0.015625s CPU (15.5%)

PHY-3001 : Trial Legalized: Len = 86658.4
PHY-3001 : Run with size of 2
PHY-3001 : Cell area utilization is 12%
PHY-3001 : Update timing in Manhattan mode ...
TMR-2503 : Start to update net delay, extr mode = 3.
TMR-2504 : Update delay of 2179 nets completely.
TMR-2502 : Annotate delay completely, extr mode = 3.
TMR-3501 : Forward propagation: start to calculate arrival time...
TMR-3502 : Backward propagation: start to calculate required time...
TMR-3503 : Timing propagation completes.
PHY-3001 : End timing update;  0.052563s wall, 0.000000s user + 0.000000s system = 0.000000s CPU (n/a%)

PHY-3001 : :::0::: Try harder cell spreading with beta_ = 0.000831827
PHY-3002 : Step(106): len = 81329.6, overlap = 8.5
PHY-3002 : Step(107): len = 77955.2, overlap = 16.75
PHY-3002 : Step(108): len = 75585.6, overlap = 19.5
PHY-3002 : Step(109): len = 73966.5, overlap = 24.5
PHY-3002 : Step(110): len = 72808, overlap = 29.75
PHY-3002 : Step(111): len = 72130.5, overlap = 30.75
PHY-3002 : Step(112): len = 71580.6, overlap = 31
PHY-3001 : :::1::: Try harder cell spreading with beta_ = 0.00166365
PHY-3002 : Step(113): len = 71857.7, overlap = 31
PHY-3002 : Step(114): len = 72013.6, overlap = 31
PHY-3002 : Step(115): len = 72040.8, overlap = 31.25
PHY-3001 : :::2::: Try harder cell spreading with beta_ = 0.00332731
PHY-3002 : Step(116): len = 72149.8, overlap = 31.75
PHY-3002 : Step(117): len = 72182.1, overlap = 32
PHY-3001 : Legalization ...
PHY-3001 : End legalization;  0.005560s wall, 0.000000s user + 0.000000s system = 0.000000s CPU (n/a%)

PHY-3001 : Legalized: Len = 80589.2, Over = 0
PHY-3001 : Spreading special nets. 22 overflows in 2952 tiles.
PHY-3001 : End spreading;  0.005979s wall, 0.000000s user + 0.000000s system = 0.000000s CPU (n/a%)

PHY-3001 : 34 instances has been re-located, deltaX = 16, deltaY = 29, maxDist = 3.
PHY-3001 : Final: Len = 81271.2, Over = 0
OPT-1001 : Start physical optimization ...
RUN-1002 : start command "start_timer -report"
TMR-2505 : Start building timing graph for model top.
TMR-2506 : Build timing graph completely. Port num: 22, tpin num: 9195, tnet num: 2179, tinst num: 1047, tnode num: 11349, tedge num: 15609.
TMR-2508 : Levelizing timing graph completed, there are 41 levels in total.
TMR-2501 : Timing graph initialized successfully.
OPT-1001 : Total overflow 0.00 peak overflow 0.00
OPT-1001 : Start high-fanout net optimization ...
OPT-1001 : Update timing in global mode
PHY-1001 : Start incremental global routing, caller is place ...
RUN-1001 : Generating global routing grids ...
PHY-1001 : Generate routing nets ...
PHY-1001 : Reuse net number 79/2181.
PHY-1001 : Global iterations in 16 thread ...
PHY-1002 : len = 95432, over cnt = 198(0%), over = 360, worst = 5
PHY-1002 : len = 97008, over cnt = 109(0%), over = 155, worst = 4
PHY-1002 : len = 98160, over cnt = 32(0%), over = 49, worst = 4
PHY-1002 : len = 98632, over cnt = 8(0%), over = 8, worst = 1
PHY-1002 : len = 98736, over cnt = 0(0%), over = 0, worst = 0
PHY-1001 : End global iterations;  0.179730s wall, 0.046875s user + 0.000000s system = 0.046875s CPU (26.1%)

PHY-1001 : Congestion index: top1 = 30.73, top5 = 24.06, top10 = 19.72, top15 = 16.33.
PHY-1001 : End incremental global routing;  0.235457s wall, 0.062500s user + 0.000000s system = 0.062500s CPU (26.5%)

TMR-2503 : Start to update net delay, extr mode = 5.
TMR-2504 : Update delay of 2179 nets completely.
TMR-2502 : Annotate delay completely, extr mode = 5.
TMR-3001 : Initiate 5 clocks from SDC.
TMR-3004 : Map sdc constraints, there are 8 constraints in total.
TMR-3003 : Constraints initiated successfully.
TMR-3501 : Forward propagation: start to calculate arrival time...
TMR-3502 : Backward propagation: start to calculate required time...
TMR-3503 : Timing propagation completes.
OPT-1001 : End timing update;  0.064238s wall, 0.015625s user + 0.000000s system = 0.015625s CPU (24.3%)

OPT-1001 : 0 high-fanout net processed.
OPT-1001 : End high-fanout net optimization;  0.333987s wall, 0.093750s user + 0.000000s system = 0.093750s CPU (28.1%)

OPT-1001 : Current memory(MB): used = 222, reserve = 195, peak = 222.
OPT-1001 : Start path based optimization ...
OPT-1001 : Start congestion update ...
RUN-1001 : Generating global routing grids ...
PHY-1001 : Generate routing nets ...
PHY-1001 : Reuse net number 1876/2181.
PHY-1001 : Global iterations in 16 thread ...
PHY-1002 : len = 98736, over cnt = 0(0%), over = 0, worst = 0
PHY-1001 : End global iterations;  0.005852s wall, 0.000000s user + 0.000000s system = 0.000000s CPU (n/a%)

PHY-1001 : Congestion index: top1 = 30.73, top5 = 24.06, top10 = 19.72, top15 = 16.33.
OPT-1001 : End congestion update;  0.047924s wall, 0.015625s user + 0.000000s system = 0.015625s CPU (32.6%)

OPT-1001 : Update timing in Manhattan mode
TMR-2503 : Start to update net delay, extr mode = 3.
TMR-2504 : Update delay of 2179 nets completely.
TMR-2502 : Annotate delay completely, extr mode = 3.
TMR-3501 : Forward propagation: start to calculate arrival time...
TMR-3502 : Backward propagation: start to calculate required time...
TMR-3503 : Timing propagation completes.
OPT-1001 : End timing update;  0.046750s wall, 0.000000s user + 0.000000s system = 0.000000s CPU (n/a%)

OPT-0007 : Start: WNS 3803 TNS 0 NUM_FEPS 0
OPT-1001 : End path based optimization;  0.094869s wall, 0.015625s user + 0.000000s system = 0.015625s CPU (16.5%)

OPT-1001 : Current memory(MB): used = 225, reserve = 198, peak = 225.
OPT-1001 : Update timing in Manhattan mode
TMR-2503 : Start to update net delay, extr mode = 3.
TMR-2504 : Update delay of 2179 nets completely.
TMR-2502 : Annotate delay completely, extr mode = 3.
TMR-3501 : Forward propagation: start to calculate arrival time...
TMR-3502 : Backward propagation: start to calculate required time...
TMR-3503 : Timing propagation completes.
OPT-1001 : End timing update;  0.049472s wall, 0.031250s user + 0.000000s system = 0.031250s CPU (63.2%)

OPT-1001 : Start pin optimization...
OPT-1001 : skip pin optimization...
RUN-1001 : Generating global routing grids ...
PHY-1001 : Generate routing nets ...
PHY-1001 : Reuse net number 1876/2181.
PHY-1001 : Global iterations in 16 thread ...
PHY-1002 : len = 98736, over cnt = 0(0%), over = 0, worst = 0
PHY-1001 : End global iterations;  0.005442s wall, 0.015625s user + 0.000000s system = 0.015625s CPU (287.1%)

PHY-1001 : Congestion index: top1 = 30.73, top5 = 24.06, top10 = 19.72, top15 = 16.33.
OPT-1001 : Update timing in Manhattan mode
TMR-2503 : Start to update net delay, extr mode = 3.
TMR-2504 : Update delay of 2179 nets completely.
TMR-2502 : Annotate delay completely, extr mode = 3.
TMR-3501 : Forward propagation: start to calculate arrival time...
TMR-3502 : Backward propagation: start to calculate required time...
TMR-3503 : Timing propagation completes.
OPT-1001 : End timing update;  0.048858s wall, 0.031250s user + 0.000000s system = 0.031250s CPU (64.0%)

RUN-1001 : QoR Analysis:
OPT-0007 :   WNS 3803 TNS 0 NUM_FEPS 0
RUN-1001 :   No local congestion issue, and most congested 1% tile average routing util is 30.310345
RUN-1001 :   Top critical paths
RUN-1001 :       #1 path slack 3803ps with logic level 6 
RUN-1001 :       #2 path slack 3810ps with logic level 6 
OPT-1001 : End physical optimization;  1.067271s wall, 0.312500s user + 0.000000s system = 0.312500s CPU (29.3%)

RUN-1003 : finish command "place" in  5.460438s wall, 1.640625s user + 0.343750s system = 1.984375s CPU (36.3%)

RUN-1004 : used memory is 196 MB, reserved memory is 167 MB, peak memory is 227 MB
RUN-1002 : start command "export_db pic_sdram_place.db"
RUN-1001 : Exported /
RUN-1001 : Exported flow parameters
RUN-1001 : Exported libs
RUN-1001 : Exported entities
RUN-1001 : Exported ports
RUN-1001 : Exported pins
RUN-1001 : Exported instances
RUN-1001 : Exported nets
RUN-1001 : Exported buses
RUN-1001 : Exported models
RUN-1001 : Exported congestions
RUN-1001 : Exported violations
RUN-1001 : Exported timing constraints
RUN-1001 : Exported IO constraints
RUN-1001 : Exported Inst constraints
RUN-1002 : start command "route"
RUN-1001 : Open license file D:/Program/Anlogic/TD5.6.2/license/Anlogic.lic
RUN-1001 : Print Global Property
RUN-1001 : ---------------------------------------------------------------
RUN-1001 :        Parameters        |  Settings  |  Default Values  |  Note  
RUN-1001 : ---------------------------------------------------------------
RUN-1001 :          message         |  standard  |     standard     |        
RUN-1001 :   mixed_pack_place_flow  |     on     |        on        |        
RUN-1001 :        qor_monitor       |    off     |       off        |        
RUN-1001 :        syn_ip_flow       |    off     |       off        |        
RUN-1001 :          thread          |    auto    |       auto       |        
RUN-1001 : ---------------------------------------------------------------
RUN-1001 : Print Route Property
RUN-1001 : -------------------------------------------------------
RUN-1001 :    Parameters    |  Settings  |  Default Values  |  Note  
RUN-1001 : -------------------------------------------------------
RUN-1001 :      effort      |   medium   |      medium      |        
RUN-1001 :     fix_hold     |    off     |       off        |        
RUN-1001 :    opt_timing    |   medium   |      medium      |        
RUN-1001 :   phy_sim_model  |    off     |       off        |        
RUN-1001 :     priority     |   timing   |      timing      |        
RUN-1001 :     swap_pin     |     on     |        on        |        
RUN-1001 : -------------------------------------------------------
PHY-1001 : Route runs in 16 thread(s)
RUN-1001 : There are total 1049 instances
RUN-1001 : 469 mslices, 469 lslices, 102 pads, 2 brams, 0 dsps
RUN-1001 : There are total 2181 nets
RUN-1001 : 1322 nets have 2 pins
RUN-1001 : 597 nets have [3 - 5] pins
RUN-1001 : 158 nets have [6 - 10] pins
RUN-1001 : 55 nets have [11 - 20] pins
RUN-1001 : 44 nets have [21 - 99] pins
RUN-1001 : 5 nets have 100+ pins
RUN-1002 : start command "start_timer -report"
TMR-2505 : Start building timing graph for model top.
TMR-2506 : Build timing graph completely. Port num: 22, tpin num: 9195, tnet num: 2179, tinst num: 1047, tnode num: 11349, tedge num: 15609.
TMR-2508 : Levelizing timing graph completed, there are 41 levels in total.
TMR-2501 : Timing graph initialized successfully.
PHY-1001 : 469 mslices, 469 lslices, 102 pads, 2 brams, 0 dsps
TMR-2503 : Start to update net delay, extr mode = 3.
TMR-2504 : Update delay of 2179 nets completely.
TMR-2502 : Annotate delay completely, extr mode = 3.
TMR-3001 : Initiate 5 clocks from SDC.
TMR-3004 : Map sdc constraints, there are 8 constraints in total.
TMR-3003 : Constraints initiated successfully.
TMR-3501 : Forward propagation: start to calculate arrival time...
TMR-3502 : Backward propagation: start to calculate required time...
TMR-3503 : Timing propagation completes.
PHY-1001 : Start global routing, caller is route ...
RUN-1001 : Generating global routing grids ...
PHY-1001 : Generate routing nets ...
PHY-1001 : Global iterations in 16 thread ...
PHY-1002 : len = 94448, over cnt = 212(0%), over = 386, worst = 5
PHY-1002 : len = 96096, over cnt = 114(0%), over = 165, worst = 4
PHY-1002 : len = 97448, over cnt = 31(0%), over = 39, worst = 4
PHY-1002 : len = 97928, over cnt = 0(0%), over = 0, worst = 0
PHY-1001 : End global iterations;  0.171674s wall, 0.015625s user + 0.015625s system = 0.031250s CPU (18.2%)

PHY-1001 : Congestion index: top1 = 30.54, top5 = 24.02, top10 = 19.69, top15 = 16.25.
PHY-1001 : End global routing;  0.219968s wall, 0.031250s user + 0.015625s system = 0.046875s CPU (21.3%)

PHY-1001 : Start detail routing ...
PHY-1001 : Current memory(MB): used = 243, reserve = 216, peak = 259.
PHY-1001 : Detailed router is running in normal mode.
PHY-1001 : Generate detailed routing grids ...
PHY-1001 : Generate nets ...
PHY-1001 : net clk_dup_1 will be routed on clock mesh
PHY-1001 : net flash_write_read_m0/flash_cmd_m0/sys_clk will be routed on clock mesh
PHY-1001 : net frame_read_write_m0/frame_fifo_read_m0/mem_clk will be routed on clock mesh
PHY-1001 : clock net frame_read_write_m0/read_buf/clkr will be merged with clock video_pll_m0/clk0_buf
PHY-1001 : clock net frame_read_write_m0/write_buf/clkw will be merged with clock sys_pll_m0/clk0_buf
PHY-1001 : Current memory(MB): used = 512, reserve = 489, peak = 512.
PHY-1001 : End build detailed router design. 2.590085s wall, 0.640625s user + 0.015625s system = 0.656250s CPU (25.3%)

PHY-1001 : Detail Route ...
PHY-1001 : ===== Detail Route Phase 1 =====
PHY-1001 : Clock net routing.....
PHY-1001 : Routed 0% nets.
PHY-1022 : len = 41288, over cnt = 0(0%), over = 0, worst = 0, crit = 0
PHY-1001 : End initial clock net routed; 1.053348s wall, 0.156250s user + 0.000000s system = 0.156250s CPU (14.8%)

PHY-1001 : Current memory(MB): used = 545, reserve = 524, peak = 545.
PHY-1001 : End phase 1; 1.058057s wall, 0.156250s user + 0.000000s system = 0.156250s CPU (14.8%)

PHY-1001 : ===== Detail Route Phase 2 =====
PHY-1001 : Initial routing.....
PHY-1001 : Routed 37% nets.
PHY-1001 : Routed 46% nets.
PHY-1001 : Routed 56% nets.
PHY-1001 : Routed 69% nets.
PHY-1001 : Routed 87% nets.
PHY-1022 : len = 284560, over cnt = 63(0%), over = 63, worst = 1, crit = 0
PHY-1001 : Current memory(MB): used = 546, reserve = 524, peak = 546.
PHY-1001 : End initial routed; 1.959929s wall, 0.234375s user + 0.015625s system = 0.250000s CPU (12.8%)

PHY-1001 : Update timing.....
PHY-1001 : 0/1917(0%) critical/total net(s).
RUN-1001 : --------------------------------------
RUN-1001 :   Type   |  WNS(ns)  |  TNS(ns)  |  FEP  
RUN-1001 : --------------------------------------
RUN-1001 :   Setup  |   0.981   |   0.000   |   0   
RUN-1001 :   Hold   |   0.111   |   0.000   |   0   
RUN-1001 : --------------------------------------
PHY-1001 : End update timing; 0.547102s wall, 0.218750s user + 0.000000s system = 0.218750s CPU (40.0%)

PHY-1001 : Current memory(MB): used = 547, reserve = 525, peak = 547.
PHY-1001 : End phase 2; 2.507087s wall, 0.453125s user + 0.015625s system = 0.468750s CPU (18.7%)

PHY-1001 : ===== Detail Route Phase 3 =====
PHY-1001 : Optimize timing.....
PHY-1022 : len = 284560, over cnt = 63(0%), over = 63, worst = 1, crit = 0
PHY-1001 : End optimize timing; 0.016350s wall, 0.000000s user + 0.000000s system = 0.000000s CPU (n/a%)

PHY-1001 : Ripup-reroute.....
PHY-1001 : ===== DR Iter 1 =====
PHY-1022 : len = 284088, over cnt = 8(0%), over = 8, worst = 1, crit = 0
PHY-1001 : End DR Iter 1; 0.036784s wall, 0.000000s user + 0.000000s system = 0.000000s CPU (n/a%)

PHY-1001 : ===== DR Iter 2 =====
PHY-1022 : len = 284152, over cnt = 0(0%), over = 0, worst = 0, crit = 0
PHY-1001 : End DR Iter 2; 0.024669s wall, 0.000000s user + 0.000000s system = 0.000000s CPU (n/a%)

PHY-1001 : Update timing.....
PHY-1001 : 0/1917(0%) critical/total net(s).
RUN-1001 : --------------------------------------
RUN-1001 :   Type   |  WNS(ns)  |  TNS(ns)  |  FEP  
RUN-1001 : --------------------------------------
RUN-1001 :   Setup  |   0.981   |   0.000   |   0   
RUN-1001 :   Hold   |   0.137   |   0.000   |   0   
RUN-1001 : --------------------------------------
PHY-1001 : End update timing; 0.546304s wall, 0.078125s user + 0.000000s system = 0.078125s CPU (14.3%)

PHY-1001 : Commit to database.....
PHY-1001 : 5 feed throughs used by 5 nets
PHY-1001 : End commit to database; 0.188292s wall, 0.078125s user + 0.000000s system = 0.078125s CPU (41.5%)

PHY-1001 : Current memory(MB): used = 561, reserve = 539, peak = 561.
PHY-1001 : End phase 3; 0.917234s wall, 0.187500s user + 0.000000s system = 0.187500s CPU (20.4%)

PHY-1003 : Routed, final wirelength = 284152
PHY-1001 : Current memory(MB): used = 562, reserve = 540, peak = 562.
PHY-1001 : End export database. 0.008683s wall, 0.000000s user + 0.000000s system = 0.000000s CPU (n/a%)

PHY-1001 : End detail routing;  7.235299s wall, 1.437500s user + 0.046875s system = 1.484375s CPU (20.5%)

RUN-1003 : finish command "route" in  8.006273s wall, 1.718750s user + 0.062500s system = 1.781250s CPU (22.2%)

RUN-1004 : used memory is 512 MB, reserved memory is 490 MB, peak memory is 562 MB
RUN-1002 : start command "report_area -io_info -file pic_sdram_phy.area"
RUN-1001 : standard
***Report Model: top Device: EG4S20BG256***

IO Statistics
#IO                        47
  #input                    6
  #output                  37
  #inout                    4

Utilization Statistics
#lut                     1700   out of  19600    8.67%
#reg                      820   out of  19600    4.18%
#le                      1809
  #lut only               989   out of   1809   54.67%
  #reg only               109   out of   1809    6.03%
  #lut&reg                711   out of   1809   39.30%
#dsp                        0   out of     29    0.00%
#bram                       2   out of     64    3.12%
  #bram9k                   2
  #fifo9k                   0
#bram32k                    0   out of     16    0.00%
#pad                       47   out of    188   25.00%
  #ireg                     1
  #oreg                    40
  #treg                     1
#pll                        2   out of      4   50.00%
#gclk                       2   out of     16   12.50%

Clock Resource Statistics
Index     ClockNet                                          Type               DriverType         Driver                         Fanout
#1        sys_pll_m0/clk0_buf                               GCLK               pll                sys_pll_m0/pll_inst.clkc0      264
#2        frame_read_write_m0/frame_fifo_read_m0/mem_clk    GCLK               pll                sys_pll_m0/pll_inst.clkc1      183
#3        video_pll_m0/clk0_buf                             GCLK               pll                video_pll_m0/pll_inst.clkc0    67
#4        flash_write_read_m0/flash_cmd_m0/sys_clk          GCLK               pll                sys_pll_m0/pll_inst.clkc2      46
#5        clk_dup_1                                         GCLK               io                 clk_syn_2.di                   27


Detailed IO Report

       Name         Direction    Location    IOStandard    DriveStrength    PullType     PackReg   
       clk            INPUT         R7        LVCMOS33          N/A          PULLUP       NONE     
       key1           INPUT         B2        LVCMOS33          N/A          PULLUP       IREG     
       key2           INPUT         B1        LVCMOS33          N/A          PULLUP       NONE     
      rst_n           INPUT         A2        LVCMOS33          N/A          PULLUP       NONE     
     sd_miso          INPUT        B14        LVCMOS33          N/A          PULLUP       NONE     
     switch1          INPUT         C8        LVCMOS33          N/A          PULLUP       NONE     
    flash_cs_n       OUTPUT         P8        LVCMOS33           8            NONE        OREG     
    flash_sck        OUTPUT         M9        LVCMOS33           8            NONE        OREG     
     sd_dclk         OUTPUT        A14        LVCMOS33           8            NONE        OREG     
     sd_mosi         OUTPUT        A13        LVCMOS33           8            NONE        OREG     
      sd_ncs         OUTPUT        A12        LVCMOS33           8            NONE        OREG     
   seg_data[7]       OUTPUT         A6        LVCMOS33           8            NONE        NONE     
   seg_data[6]       OUTPUT         A7        LVCMOS33           8            NONE        OREG     
   seg_data[5]       OUTPUT         A8        LVCMOS33           8            NONE        OREG     
   seg_data[4]       OUTPUT         B5        LVCMOS33           8            NONE        OREG     
   seg_data[3]       OUTPUT         A5        LVCMOS33           8            NONE        OREG     
   seg_data[2]       OUTPUT         B6        LVCMOS33           8            NONE        OREG     
   seg_data[1]       OUTPUT        C16        LVCMOS33           8            NONE        OREG     
   seg_data[0]       OUTPUT        C15        LVCMOS33           8            NONE        OREG     
    seg_sel[5]       OUTPUT        D11        LVCMOS33           8            NONE        OREG     
    seg_sel[4]       OUTPUT        E11        LVCMOS33           8            NONE        OREG     
    seg_sel[3]       OUTPUT        F10        LVCMOS33           8            NONE        OREG     
    seg_sel[2]       OUTPUT        C13        LVCMOS33           8            NONE        OREG     
    seg_sel[1]       OUTPUT        E10        LVCMOS33           8            NONE        OREG     
    seg_sel[0]       OUTPUT        E12        LVCMOS33           8            NONE        OREG     
   vga_out_b[4]      OUTPUT         D5        LVCMOS33           8            NONE        OREG     
   vga_out_b[3]      OUTPUT         D6        LVCMOS33           8            NONE        OREG     
   vga_out_b[2]      OUTPUT         E6        LVCMOS33           8            NONE        OREG     
   vga_out_b[1]      OUTPUT         F6        LVCMOS33           8            NONE        OREG     
   vga_out_b[0]      OUTPUT        H16        LVCMOS25           8            N/A         OREG     
   vga_out_g[5]      OUTPUT         N6        LVCMOS33           8            NONE        OREG     
   vga_out_g[4]      OUTPUT         N5        LVCMOS33           8            NONE        OREG     
   vga_out_g[3]      OUTPUT         P5        LVCMOS33           8            NONE        OREG     
   vga_out_g[2]      OUTPUT         T5        LVCMOS33           8            NONE        OREG     
   vga_out_g[1]      OUTPUT        F14        LVCMOS25           8            N/A         OREG     
   vga_out_g[0]      OUTPUT         A4        LVCMOS33           8            N/A         OREG     
    vga_out_hs       OUTPUT         E7        LVCMOS33           8            NONE        OREG     
   vga_out_r[4]      OUTPUT        E13        LVCMOS33           8            NONE        OREG     
   vga_out_r[3]      OUTPUT         L8        LVCMOS33           8            NONE        OREG     
   vga_out_r[2]      OUTPUT         L7        LVCMOS33           8            NONE        OREG     
   vga_out_r[1]      OUTPUT         R5        LVCMOS33           8            NONE        OREG     
   vga_out_r[0]      OUTPUT         H5        LVCMOS33           8            N/A         OREG     
    vga_out_vs       OUTPUT         F7        LVCMOS33           8            NONE        OREG     
  flash_qspi_IO0      INOUT         P7        LVCMOS33           8           PULLUP     OREG;TREG  
  flash_qspi_IO1      INOUT         N8        LVCMOS33           8           PULLUP       OREG     
  flash_qspi_IO2      INOUT         P9        LVCMOS33           8           PULLUP       OREG     
  flash_qspi_IO3      INOUT         R9        LVCMOS33           8           PULLUP       OREG     
       dm0           OUTPUT        S14        LVCMOS25           8            NONE        NONE     
       cke           OUTPUT        S18        LVCMOS25           8            NONE        NONE     
       we_n          OUTPUT        S19        LVCMOS25           8            NONE        OREG     
      cas_n          OUTPUT        S20        LVCMOS25           8            NONE        OREG     
      ras_n          OUTPUT        S21        LVCMOS25           8            NONE        OREG     
       cs_n          OUTPUT        S22        LVCMOS25           8            NONE        NONE     
     addr[9]         OUTPUT        S23        LVCMOS25           8            NONE        OREG     
     addr[8]         OUTPUT        S24        LVCMOS25           8            NONE        OREG     
     addr[7]         OUTPUT        S25        LVCMOS25           8            NONE        OREG     
     addr[6]         OUTPUT        S26        LVCMOS25           8            NONE        OREG     
     addr[5]         OUTPUT        S27        LVCMOS25           8            NONE        OREG     
     addr[4]         OUTPUT        S28        LVCMOS25           8            NONE        OREG     
       dm2           OUTPUT        S29        LVCMOS25           8            NONE        NONE     
      dq[23]         OUTPUT        S31        LVCMOS25           8           PULLUP       NONE     
      dq[22]         OUTPUT        S32        LVCMOS25           8           PULLUP       NONE     
      dq[21]         OUTPUT        S35        LVCMOS25           8           PULLUP       NONE     
      dq[20]         OUTPUT        S36        LVCMOS25           8           PULLUP       NONE     
      dq[19]         OUTPUT        S37        LVCMOS25           8           PULLUP       NONE     
      dq[18]         OUTPUT        S38        LVCMOS25           8           PULLUP       NONE     
      dq[17]         OUTPUT        S41        LVCMOS25           8           PULLUP       NONE     
      dq[16]         OUTPUT        S42        LVCMOS25           8           PULLUP       NONE     
      dq[31]         OUTPUT        S48        LVCMOS25           8           PULLUP       NONE     
      dq[30]         OUTPUT        S49        LVCMOS25           8           PULLUP       NONE     
      dq[29]         OUTPUT        S52        LVCMOS25           8           PULLUP       NONE     
      dq[28]         OUTPUT        S53        LVCMOS25           8           PULLUP       NONE     
      dq[27]         OUTPUT        S54        LVCMOS25           8           PULLUP       NONE     
      dq[26]         OUTPUT        S55        LVCMOS25           8           PULLUP       NONE     
      dq[25]         OUTPUT        S58        LVCMOS25           8           PULLUP       NONE     
      dq[24]         OUTPUT        S59        LVCMOS25           8           PULLUP       NONE     
       dm3           OUTPUT        S61        LVCMOS25           8            NONE        NONE     
     addr[3]         OUTPUT        S64        LVCMOS25           8            NONE        OREG     
     addr[2]         OUTPUT        S65        LVCMOS25           8            NONE        OREG     
     addr[1]         OUTPUT        S66        LVCMOS25           8            NONE        OREG     
     addr[0]         OUTPUT        S67        LVCMOS25           8            NONE        OREG     
     addr[10]        OUTPUT        S68        LVCMOS25           8            NONE        OREG     
      ba[0]          OUTPUT        S69        LVCMOS25           8            NONE        OREG     
      ba[1]          OUTPUT        S70        LVCMOS25           8            NONE        OREG     
       clk           OUTPUT        S73        LVCMOS25           8            NONE        NONE     
       dm1           OUTPUT        S76        LVCMOS25           8            NONE        NONE     
      dq[0]           INOUT         S1        LVCMOS25           8           PULLUP       IREG     
      dq[6]           INOUT        S11        LVCMOS25           8           PULLUP       IREG     
      dq[7]           INOUT        S12        LVCMOS25           8           PULLUP       IREG     
      dq[1]           INOUT         S2        LVCMOS25           8           PULLUP       IREG     
      dq[2]           INOUT         S5        LVCMOS25           8           PULLUP       IREG     
      dq[3]           INOUT         S6        LVCMOS25           8           PULLUP       IREG     
      dq[4]           INOUT         S7        LVCMOS25           8           PULLUP       IREG     
      dq[8]           INOUT        S78        LVCMOS25           8           PULLUP       IREG     
      dq[9]           INOUT        S79        LVCMOS25           8           PULLUP       IREG     
      dq[5]           INOUT         S8        LVCMOS25           8           PULLUP       IREG     
      dq[10]          INOUT        S82        LVCMOS25           8           PULLUP       IREG     
      dq[11]          INOUT        S83        LVCMOS25           8           PULLUP       IREG     
      dq[12]          INOUT        S84        LVCMOS25           8           PULLUP       IREG     
      dq[13]          INOUT        S85        LVCMOS25           8           PULLUP       IREG     
      dq[14]          INOUT        S88        LVCMOS25           8           PULLUP       IREG     
      dq[15]          INOUT        S89        LVCMOS25           8           PULLUP       IREG     

Report Hierarchy Area:
+-------------------------------------------------------------------------------------------------------------------------------------+
|Instance                        |Module                                         |le     |lut     |ripple  |seq     |bram    |dsp     |
+-------------------------------------------------------------------------------------------------------------------------------------+
|top                             |top                                            |1809   |1444    |256     |862     |2       |0       |
|  flash_write_read_m0           |flash_write_read                               |120    |114     |6       |61      |0       |0       |
|    Qspi_master_m0              |Qspi_master                                    |45     |45      |0       |22      |0       |0       |
|    flash_cmd_m0                |flash_cmd                                      |75     |69      |6       |39      |0       |0       |
|      flash_step_m0             |flash_step                                     |57     |51      |6       |27      |0       |0       |
|  frame_read_write_m0           |frame_read_write                               |387    |241     |84      |244     |2       |0       |
|    frame_fifo_read_m0          |frame_fifo_read                                |82     |63      |17      |40      |0       |0       |
|    frame_fifo_write_m0         |frame_fifo_write                               |75     |58      |17      |35      |0       |0       |
|    read_buf                    |afifo_16_256                                   |115    |56      |25      |86      |1       |0       |
|      ram_inst                  |ram_infer_afifo_16_256                         |0      |0       |0       |0       |1       |0       |
|      rd_to_wr_cross_inst       |fifo_cross_domain_addr_process_al_afifo_16_256 |27     |13      |0       |27      |0       |0       |
|      wr_to_rd_cross_inst       |fifo_cross_domain_addr_process_al_afifo_16_256 |32     |17      |0       |32      |0       |0       |
|    write_buf                   |afifo_16_256                                   |115    |64      |25      |83      |1       |0       |
|      ram_inst                  |ram_infer_afifo_16_256                         |0      |0       |0       |0       |1       |0       |
|      rd_to_wr_cross_inst       |fifo_cross_domain_addr_process_al_afifo_16_256 |27     |15      |0       |27      |0       |0       |
|      wr_to_rd_cross_inst       |fifo_cross_domain_addr_process_al_afifo_16_256 |30     |18      |0       |30      |0       |0       |
|  sd_card_bmp_m0                |sd_card_bmp                                    |900    |774     |91      |374     |0       |0       |
|    ax_debounce_m0              |ax_debounce                                    |62     |53      |9       |34      |0       |0       |
|    bmp_read_m0                 |bmp_read                                       |274    |196     |55      |160     |0       |0       |
|    sd_card_top_m0              |sd_card_top                                    |564    |525     |27      |180     |0       |0       |
|      sd_card_cmd_m0            |sd_card_cmd                                    |337    |315     |22      |52      |0       |0       |
|      sd_card_sec_read_write_m0 |sd_card_sec_read_write                         |167    |155     |0       |90      |0       |0       |
|      spi_master_m0             |spi_master                                     |60     |55      |5       |38      |0       |0       |
|  sdram_core_m0                 |sdram_core                                     |267    |212     |45      |85      |0       |0       |
|  sdram_m0                      |sdram                                          |0      |0       |0       |0       |0       |0       |
|  seg_scan_m0                   |seg_scan                                       |68     |46      |22      |20      |0       |0       |
|  sys_pll_m0                    |sys_pll                                        |0      |0       |0       |0       |0       |0       |
|  video_pll_m0                  |video_pll                                      |0      |0       |0       |0       |0       |0       |
|  video_timing_data_m0          |video_timing_data                              |67     |57      |8       |36      |0       |0       |
|    color_bar_m0                |color_bar                                      |45     |36      |8       |30      |0       |0       |
+-------------------------------------------------------------------------------------------------------------------------------------+


DataNet Average Fanout:

   Index     Fanout     Nets  
    #1          1       1275  
    #2          2       295   
    #3          3       185   
    #4          4       117   
    #5        5-10      166   
    #6        11-50      85   
    #7       51-100      3    
    #8       101-500     1    
  Average     3.00            

RUN-1002 : start command "export_db pic_sdram_pr.db"
RUN-1001 : Exported /
RUN-1001 : Exported flow parameters
RUN-1001 : Exported libs
RUN-1001 : Exported entities
RUN-1001 : Exported ports
RUN-1001 : Exported pins
RUN-1001 : Exported instances
RUN-1001 : Exported nets
RUN-1001 : Exported buses
RUN-1001 : Exported models
RUN-1001 : Exported congestions
RUN-1001 : Exported violations
RUN-1001 : Exported timing constraints
RUN-1001 : Exported IO constraints
RUN-1001 : Exported Inst constraints
RUN-1002 : start command "start_timer"
TMR-2505 : Start building timing graph for model top.
TMR-2506 : Build timing graph completely. Port num: 22, tpin num: 9195, tnet num: 2179, tinst num: 1047, tnode num: 11349, tedge num: 15609.
TMR-2508 : Levelizing timing graph completed, there are 41 levels in total.
TMR-2501 : Timing graph initialized successfully.
RUN-1002 : start command "report_timing -mode FINAL -net_info -rpt_autogen true -file pic_sdram_phy.timing"
TMR-2503 : Start to update net delay, extr mode = 6.
TMR-2504 : Update delay of 2179 nets completely.
TMR-2502 : Annotate delay completely, extr mode = 6.
TMR-3001 : Initiate 5 clocks from SDC.
TMR-3004 : Map sdc constraints, there are 8 constraints in total.
TMR-3003 : Constraints initiated successfully.
TMR-3501 : Forward propagation: start to calculate arrival time...
TMR-3502 : Backward propagation: start to calculate required time...
TMR-3503 : Timing propagation completes.
TMR-3506 : Start to generate timing report.
TMR-1502 : Number of clock constraints = 5. Number of clock nets = 5 (0 unconstrainted).
TMR-3508 : Export timing summary.
TMR-3507 : Timing report generated successfully in pic_sdram_phy.timing, timing summary in pic_sdram_phy.tsm.
RUN-1002 : start command "export_bid pic_sdram_inst.bid"
PRG-1000 : <!-- HMAC is: d18c1203a58763787b67cba88cf768660eb6dbd82ff6db4d1e67d51cd47e863d -->
RUN-1002 : start command "bitgen -bit pic_sdram.bit"
BIT-1003 : Start to generate bitstream. 
BIT-1002 : Init instances with 16 threads.
BIT-1002 : Init instances completely, inst num: 1047
BIT-1002 : Init pips with 16 threads.
BIT-1002 : Init pips completely, net num: 2181, pip num: 21121
BIT-1002 : Init feedthrough completely, num: 5
BIT-1003 : Multithreading accelaration with 16 threads.
BIT-1003 : Generate bitstream completely, there are 1740 valid insts, and 60684 bits set as '1'.
BIT-1004 : the usercode register value: 00000000101110110000000000000000
BIT-1004 : PLL setting string = 0110
BIT-1004 : Generate bits file pic_sdram.bit.
RUN-1003 : finish command "bitgen -bit pic_sdram.bit" in  2.671749s wall, 17.750000s user + 0.046875s system = 17.796875s CPU (666.1%)

RUN-1004 : used memory is 531 MB, reserved memory is 512 MB, peak memory is 708 MB
RUN-1002 : start command "backup_run_log run.log ../.logs/phy_1/td_20231212_182027.log"
