============================================================
   Tang Dynasty, V5.6.71036
      Copyright (c) 2012-2023 Anlogic Inc.
   Executable = D:/Program/Anlogic/TD5.6.2/bin/td.exe
   Built at =   20:34:38 Mar 21 2023
   Run by =     28408
   Run Date =   Thu Dec 14 15:34:22 2023

   Run on =     DESKTOP-T1B5OP5
============================================================
RUN-1002 : start command "open_project pic_sdram.prj"
RUN-1001 : Print Global Property
RUN-1001 : ---------------------------------------------------------------
RUN-1001 :        Parameters        |  Settings  |  Default Values  |  Note  
RUN-1001 : ---------------------------------------------------------------
RUN-1001 :          message         |  standard  |     standard     |        
RUN-1001 :   mixed_pack_place_flow  |     on     |        on        |        
RUN-1001 :        qor_monitor       |    off     |       off        |        
RUN-1001 :        syn_ip_flow       |    off     |       off        |        
RUN-1001 :          thread          |    auto    |       auto       |        
RUN-1001 : ---------------------------------------------------------------
RUN-1001 : Print Design Property
RUN-1001 : --------------------------------------------------------------
RUN-1001 :        Parameters       |  Settings  |  Default Values  |  Note  
RUN-1001 : --------------------------------------------------------------
RUN-1001 :   default_reg_initial   |    auto    |       auto       |        
RUN-1001 :        infer_add        |     on     |        on        |        
RUN-1001 :        infer_fsm        |    off     |       off        |        
RUN-1001 :        infer_mult       |     on     |        on        |        
RUN-1001 :        infer_ram        |     on     |        on        |        
RUN-1001 :        infer_reg        |     on     |        on        |        
RUN-1001 :   infer_reg_init_value  |     on     |        on        |        
RUN-1001 :        infer_rom        |     on     |        on        |        
RUN-1001 :      infer_shifter      |     on     |        on        |        
RUN-1001 : --------------------------------------------------------------
RUN-1001 : Print Rtl Property
RUN-1001 : --------------------------------------------------------------
RUN-1001 :        Parameters       |  Settings  |  Default Values  |  Note  
RUN-1001 : --------------------------------------------------------------
RUN-1001 :       compress_add      |   ripple   |      ripple      |        
RUN-1001 :        elf_sload        |    off     |       off        |        
RUN-1001 :       fix_undriven      |     0      |        0         |        
RUN-1001 :         flatten         |    off     |       off        |        
RUN-1001 :       gate_sharing      |     on     |        on        |        
RUN-1001 :    hdl_warning_level    |   normal   |      normal      |        
RUN-1001 :   impl_internal_tribuf  |     on     |        on        |        
RUN-1001 :      impl_set_reset     |     on     |        on        |        
RUN-1001 :        infer_gsr        |    off     |       off        |        
RUN-1001 :      keep_hierarchy     |    auto    |       auto       |        
RUN-1001 :        max_fanout       |    9999    |       9999       |        
RUN-1001 :      max_oh2bin_len     |     10     |        10        |        
RUN-1001 :       merge_equal       |     on     |        on        |        
RUN-1001 :       merge_equiv       |     on     |        on        |        
RUN-1001 :        merge_mux        |    off     |       off        |        
RUN-1001 :     min_control_set     |     8      |        8         |        
RUN-1001 :      min_ripple_len     |    auto    |       auto       |        
RUN-1001 :       oh2bin_ratio      |    0.08    |       0.08       |        
RUN-1001 :     opt_adder_fanout    |     on     |        on        |        
RUN-1001 :        opt_arith        |     on     |        on        |        
RUN-1001 :       opt_big_gate      |    off     |       off        |        
RUN-1001 :        opt_const        |     on     |        on        |        
RUN-1001 :      opt_const_mult     |     on     |        on        |        
RUN-1001 :       opt_lessthan      |     on     |        on        |        
RUN-1001 :         opt_mux         |    off     |       off        |        
RUN-1001 :         opt_ram         |    high    |       high       |        
RUN-1001 :      rtl_sim_model      |    off     |       off        |        
RUN-1001 :         seq_syn         |     on     |        on        |        
RUN-1001 : --------------------------------------------------------------
HDL-1007 : analyze verilog file ../../al_ip/sys_pll.v
HDL-1007 : undeclared symbol 'open', assumed default net type 'wire' in ../../al_ip/sys_pll.v(84)
HDL-1007 : analyze verilog file ../../al_ip/video_pll.v
HDL-1007 : undeclared symbol 'open', assumed default net type 'wire' in ../../al_ip/video_pll.v(63)
HDL-1007 : analyze verilog file ../../al_ip/afifo_16_256.v
HDL-1007 : analyze verilog file ../../src/ax_debounce.v
HDL-1007 : analyze verilog file ../../src/bmp_read.v
HDL-1007 : analyze verilog file ../../src/color_bar.v
HDL-1007 : analyze included file ../../src/video_define.v in ../../src/color_bar.v(2)
HDL-1007 : back to file '../../src/color_bar.v' in ../../src/color_bar.v(2)
HDL-1007 : analyze verilog file ../../src/frame_fifo_read.v
HDL-1007 : analyze verilog file ../../src/frame_fifo_write.v
HDL-1007 : analyze verilog file ../../src/frame_read_write.v
HDL-1007 : analyze verilog file ../../src/sd_card/sd_card_cmd.v
HDL-1007 : analyze verilog file ../../src/sd_card/sd_card_sec_read_write.v
HDL-1007 : analyze verilog file ../../src/sd_card/sd_card_top.v
HDL-1007 : analyze verilog file ../../src/sd_card/spi_master.v
HDL-1007 : analyze verilog file ../../src/sd_card_bmp.v
HDL-1007 : analyze verilog file ../../src/seg_decoder.v
HDL-1007 : analyze verilog file ../../src/seg_scan.v
HDL-1007 : analyze verilog file ../../src/top.v
HDL-1007 : undeclared symbol 'sdram_clk', assumed default net type 'wire' in ../../src/top.v(102)
HDL-1007 : undeclared symbol 'wr_en', assumed default net type 'wire' in ../../src/top.v(226)
HDL-1007 : undeclared symbol 'wr_data', assumed default net type 'wire' in ../../src/top.v(229)
HDL-1007 : analyze verilog file ../../src/video_timing_data.v
HDL-1007 : analyze verilog file ../../src/sdram_r/sdram_para.v
HDL-1007 : analyze verilog file ../../src/sdram/enc_file/global_def.v
HDL-1007 : analyze verilog file ../../src/sdram/enc_file/sdr_as_ram.enc.v
Copyright (c) 1998-2019 The OpenSSL Project.  All rights reserved.
This product includes software developed by the OpenSSL Project
for use in the OpenSSL Toolkit (http://www.openssl.org/)
Copyright (C) 1995-1998 Eric Young (eay@cryptsoft.com)
All rights reserved.
This product includes cryptographic software written by Eric Young (eay@cryptsoft.com)
HDL-1007 : back to file '../../src/sdram/enc_file/sdr_as_ram.enc.v' in ../../src/sdram/enc_file/sdr_as_ram.enc.v(148)
HDL-1007 : analyze verilog file ../../src/sdram/enc_file/sdr_init_ref.enc.v
HDL-1007 : undeclared symbol '**', assumed default net type '**' in encrypted_text(0)
HDL-1007 : back to file '../../src/sdram/enc_file/sdr_init_ref.enc.v' in ../../src/sdram/enc_file/sdr_init_ref.enc.v(242)
HDL-5007 WARNING: concatenation with an unsized literal will be treated as 32 bits in encrypted_text(0)
HDL-1007 : analyze verilog file ../../src/sdram/enc_file/sdr_wrrd.enc.v
HDL-5007 WARNING: concatenation with an unsized literal will be treated as 32 bits in encrypted_text(0)
HDL-1007 : back to file '../../src/sdram/enc_file/sdr_wrrd.enc.v' in ../../src/sdram/enc_file/sdr_wrrd.enc.v(255)
HDL-1007 : analyze verilog file ../../src/sdram/sdram.v
HDL-1007 : analyze included file D:\Projects\2023_10_10_HX4S20_test\spi_FLASH_SDRAM_pic\HX4S20\/./src/sdram/enc_file/global_def.v in ../../src/sdram/sdram.v(10)
HDL-1007 : back to file '../../src/sdram/sdram.v' in ../../src/sdram/sdram.v(10)
HDL-1007 : undeclared symbol 'Sdr_busy', assumed default net type 'wire' in ../../src/sdram/sdram.v(63)
HDL-1007 : undeclared symbol 'SDR_CKE', assumed default net type 'wire' in ../../src/sdram/sdram.v(88)
RUN-1001 : Project manager successfully analyzed 25 source files.
RUN-1002 : start command "import_device eagle_s20.db -package EG4S20BG256"
ARC-1001 : Device Initialization.
ARC-1001 : ------------------------------------------------------------------
ARC-1001 :            OPTION            |          IO          |   SETTING   
ARC-1001 : ------------------------------------------------------------------
ARC-1001 :   cso_b/cclk/mosi/miso/dout  |  T3/R11/T10/P10/S11  |    gpio    
ARC-1001 :             done             |         P13          |    gpio    
ARC-1001 :           program_b          |          T2          |  dedicate  
ARC-1001 :        tdi/tms/tck/tdo       |   C12/A15/C14/E14    |  dedicate  
ARC-1001 : ------------------------------------------------------------------
ARC-1004 : Device setting, marked 5 dedicate IOs in total.
RUN-1002 : start command "import_db ../syn_1/pic_sdram_gate.db"
RUN-1001 : Importing database generated by Tang Dynasty, V5.6.71036.
RUN-1001 : Database version number 46146.
RUN-1001 : Import flow parameters
RUN-1001 : Import timing constraints
RUN-1001 : Import IO constraints
RUN-1001 : Import Inst constraints
RUN-1001 : Import design success TD_VERSION=5.6.71036 , DB_VERSION=46146
RUN-1002 : start command "read_sdc ../../top.sdc"
RUN-1002 : start command "get_ports clk"
RUN-1002 : start command "create_clock -name clk -period 20 -waveform 0 10 "
RUN-1102 : create_clock: clock name: clk, type: 0, period: 20000, rise: 0, fall: 10000.
RUN-1002 : start command "derive_pll_clocks"
USR-1002 : Gen clock cmd:  create_generated_clock -name {sys_pll_m0/pll_inst.clkc[0]} -source [get_ports {clk}] -master_clock {clk} -multiply_by 2.0000 [get_pins {sys_pll_m0/pll_inst.clkc[0]}]
RUN-1002 : start command "get_ports clk"
RUN-1002 : start command "get_pins sys_pll_m0/pll_inst.clkc[0]"
RUN-1002 : start command "create_generated_clock -name sys_pll_m0/pll_inst.clkc[0] -source  -master_clock clk -multiply_by 2.0000 "
USR-1002 : Gen clock cmd:  create_generated_clock -name {sys_pll_m0/pll_inst.clkc[1]} -source [get_ports {clk}] -master_clock {clk} -multiply_by 3.0000 [get_pins {sys_pll_m0/pll_inst.clkc[1]}]
RUN-1002 : start command "get_ports clk"
RUN-1002 : start command "get_pins sys_pll_m0/pll_inst.clkc[1]"
RUN-1002 : start command "create_generated_clock -name sys_pll_m0/pll_inst.clkc[1] -source  -master_clock clk -multiply_by 3.0000 "
USR-1002 : Gen clock cmd:  create_generated_clock -name {sys_pll_m0/pll_inst.clkc[3]} -source [get_ports {clk}] -master_clock {clk} -multiply_by 3.0000 -phase 180 [get_pins {sys_pll_m0/pll_inst.clkc[3]}]
RUN-1002 : start command "get_ports clk"
RUN-1002 : start command "get_pins sys_pll_m0/pll_inst.clkc[3]"
RUN-1002 : start command "create_generated_clock -name sys_pll_m0/pll_inst.clkc[3] -source  -master_clock clk -multiply_by 3.0000 -phase 180 "
USR-1002 : Gen clock cmd:  create_generated_clock -name {video_pll_m0/pll_inst.clkc[0]} -source [get_ports {clk}] -master_clock {clk} -divide_by 2.0000 [get_pins {video_pll_m0/pll_inst.clkc[0]}]
RUN-1002 : start command "get_ports clk"
RUN-1002 : start command "get_pins video_pll_m0/pll_inst.clkc[0]"
RUN-1002 : start command "create_generated_clock -name video_pll_m0/pll_inst.clkc[0] -source  -master_clock clk -divide_by 2.0000 "
RUN-1002 : start command "get_ports clk"
RUN-1002 : start command "get_pins sys_pll_m0/pll_inst.clkc[0]"
RUN-1002 : start command "rename_clock -name sd_card_clk -source  -master_clock clk "
RUN-1105 : Rename Clock: clock sys_pll_m0/pll_inst.clkc[0] was renamed, new name is sd_card_clk.
RUN-1002 : start command "get_ports clk"
RUN-1002 : start command "get_pins sys_pll_m0/pll_inst.clkc[1]"
RUN-1002 : start command "rename_clock -name ext_mem_clk -source  -master_clock clk "
RUN-1105 : Rename Clock: clock sys_pll_m0/pll_inst.clkc[1] was renamed, new name is ext_mem_clk.
RUN-1002 : start command "get_ports clk"
RUN-1002 : start command "get_pins sys_pll_m0/pll_inst.clkc[2]"
RUN-1002 : start command "rename_clock -name flash_sys_clk -source  -master_clock clk "
RUN-1107 : Rename Clock: new clock flash_sys_clk is created by rename_clock temporarily.
RUN-1002 : start command "get_ports clk"
RUN-1002 : start command "get_pins video_pll_m0/pll_inst.clkc[0]"
RUN-1002 : start command "rename_clock -name video_clk -source  -master_clock clk "
RUN-1105 : Rename Clock: clock video_pll_m0/pll_inst.clkc[0] was renamed, new name is video_clk.
RUN-1002 : start command "read_sdc -ip afifo_16_256 ../../al_ip/afifo_16_256.tcl"
RUN-1002 : start command "get_ports clkw"
RUN-1002 : start command "get_nets  clkw  "
RUN-1002 : start command "get_clocks -nowarn -of nets 8972186681344"
RUN-1002 : start command "get_ports clkr"
RUN-1002 : start command "get_nets  clkr  "
RUN-1002 : start command "get_clocks -nowarn -of nets 17892833755136"
RUN-1002 : start command "get_property -nowarn -max PERIOD "
RUN-1002 : start command "get_property -nowarn -max PERIOD "
RUN-1002 : start command "get_regs rd_to_wr_cross_inst/primary_addr_gray_reg[*]"
RUN-1002 : start command "get_regs rd_to_wr_cross_inst/sync_r1[*]"
RUN-1002 : start command "set_max_delay -from  -to  6.3660000000000005 -datapath_only"
RUN-1002 : start command "get_regs rd_to_wr_cross_inst/primary_addr_gray_reg[*]"
RUN-1002 : start command "get_regs rd_to_wr_cross_inst/sync_r1[*]"
RUN-1002 : start command "set_false_path -from  -to  -hold 6.3660000000000005"
USR-1002 : set_false_path -help -setup -hold -from <list> -rise_from <list> -fall_from <list> -to <list> -rise_to <list> -fall_to <list> -through <list>
RUN-1002 : start command "get_regs wr_to_rd_cross_inst/primary_addr_gray_reg[*]"
RUN-1002 : start command "get_regs wr_to_rd_cross_inst/sync_r1[*]"
RUN-1002 : start command "set_max_delay -from  -to  6.3660000000000005 -datapath_only"
RUN-1002 : start command "get_regs wr_to_rd_cross_inst/primary_addr_gray_reg[*]"
RUN-1002 : start command "get_regs wr_to_rd_cross_inst/sync_r1[*]"
RUN-1002 : start command "set_false_path -from  -to  -hold 6.3660000000000005"
USR-1002 : set_false_path -help -setup -hold -from <list> -rise_from <list> -fall_from <list> -to <list> -rise_to <list> -fall_to <list> -through <list>
RUN-1002 : start command "get_ports clkw"
RUN-1002 : start command "get_nets  clkw  "
RUN-1002 : start command "get_clocks -nowarn -of nets 23867133263872"
RUN-1002 : start command "get_ports clkr"
RUN-1002 : start command "get_nets  clkr  "
RUN-1002 : start command "get_clocks -nowarn -of nets 8972186681344"
RUN-1002 : start command "get_property -nowarn -max PERIOD "
RUN-1002 : start command "get_property -nowarn -max PERIOD "
RUN-1002 : start command "get_regs rd_to_wr_cross_inst/primary_addr_gray_reg[*]"
RUN-1002 : start command "get_regs rd_to_wr_cross_inst/sync_r1[*]"
RUN-1002 : start command "set_max_delay -from  -to  6.3660000000000005 -datapath_only"
RUN-1002 : start command "get_regs rd_to_wr_cross_inst/primary_addr_gray_reg[*]"
RUN-1002 : start command "get_regs rd_to_wr_cross_inst/sync_r1[*]"
RUN-1002 : start command "set_false_path -from  -to  -hold 6.3660000000000005"
USR-1002 : set_false_path -help -setup -hold -from <list> -rise_from <list> -fall_from <list> -to <list> -rise_to <list> -fall_to <list> -through <list>
RUN-1002 : start command "get_regs wr_to_rd_cross_inst/primary_addr_gray_reg[*]"
RUN-1002 : start command "get_regs wr_to_rd_cross_inst/sync_r1[*]"
RUN-1002 : start command "set_max_delay -from  -to  6.3660000000000005 -datapath_only"
RUN-1002 : start command "get_regs wr_to_rd_cross_inst/primary_addr_gray_reg[*]"
RUN-1002 : start command "get_regs wr_to_rd_cross_inst/sync_r1[*]"
RUN-1002 : start command "set_false_path -from  -to  -hold 6.3660000000000005"
USR-1002 : set_false_path -help -setup -hold -from <list> -rise_from <list> -fall_from <list> -to <list> -rise_to <list> -fall_to <list> -through <list>
RUN-1002 : start command "config_chipwatcher ../../A.cwc -dir "
RUN-1002 : start command "legalize_phy_inst"
SYN-1011 : Flatten model top
KIT-1004 : ChipWatcher: import watcher inst auto_chipwatcher_0 completed, there are 7 view nodes, 71 trigger nets, 71 data nets.
KIT-1004 : Chipwatcher code = 0110110111010100
RUN-1002 : start command "compile_watcher"
RUN-1002 : start command "read_verilog -no_sch -dir D:/Program/Anlogic/TD5.6.2/cw/ -file pic_sdram_watcherInst.sv -lib cw -top CW_TOP_WRAPPER"
HDL-1007 : analyze verilog file D:/Program/Anlogic/TD5.6.2/cw\bus_det.v
HDL-1007 : analyze verilog file D:/Program/Anlogic/TD5.6.2/cw\bus_top.sv
HDL-1007 : analyze verilog file D:/Program/Anlogic/TD5.6.2/cw\cfg_int.v
HDL-1007 : analyze verilog file D:/Program/Anlogic/TD5.6.2/cw\cwc_cfg_int.v
HDL-1007 : analyze verilog file D:/Program/Anlogic/TD5.6.2/cw\cwc_top.sv
HDL-1007 : analyze verilog file D:/Program/Anlogic/TD5.6.2/cw\detect_bus.v
HDL-1007 : analyze verilog file D:/Program/Anlogic/TD5.6.2/cw\detect_non_bus.v
HDL-1007 : analyze verilog file D:/Program/Anlogic/TD5.6.2/cw\emb_ctrl.v
HDL-1007 : analyze verilog file D:/Program/Anlogic/TD5.6.2/cw\register.v
HDL-1007 : analyze verilog file D:/Program/Anlogic/TD5.6.2/cw\tap.v
HDL-1007 : analyze verilog file D:/Program/Anlogic/TD5.6.2/cw\trigger.sv
HDL-1007 : analyze verilog file pic_sdram_watcherInst.sv
HDL-1007 : elaborate module CW_TOP_WRAPPER in pic_sdram_watcherInst.sv(1)
HDL-1007 : elaborate module cwc_top(BUS_NUM=7,BUS_DIN_NUM=71,BUS_CTRL_NUM=170,BUS_WIDTH='{32'sb01,32'sb01,32'sb0101,32'sb0110,32'sb0101,32'sb010101,32'sb0100000},BUS_DIN_POS='{32'sb0,32'sb01,32'sb010,32'sb0111,32'sb01101,32'sb010010,32'sb0100111},BUS_CTRL_POS='{32'sb0,32'sb0110,32'sb01100,32'sb011010,32'sb0101010,32'sb0111000,32'sb01100110}) in D:/Program/Anlogic/TD5.6.2/cw\cwc_top.sv(21)
HDL-1007 : elaborate module cwc_cfg_int(CTRL_REG_LEN=192) in D:/Program/Anlogic/TD5.6.2/cw\cwc_cfg_int.v(21)
HDL-1007 : elaborate module register(CTRL_REG_LEN=192) in D:/Program/Anlogic/TD5.6.2/cw\register.v(21)
HDL-1007 : elaborate module tap in D:/Program/Anlogic/TD5.6.2/cw\tap.v(21)
HDL-1007 : elaborate module trigger(BUS_NUM=7,BUS_DIN_NUM=71,BUS_CTRL_NUM=170,BUS_WIDTH='{32'sb01,32'sb01,32'sb0101,32'sb0110,32'sb0101,32'sb010101,32'sb0100000},BUS_DIN_POS='{32'sb0,32'sb01,32'sb010,32'sb0111,32'sb01101,32'sb010010,32'sb0100111},BUS_CTRL_POS='{32'sb0,32'sb0110,32'sb01100,32'sb011010,32'sb0101010,32'sb0111000,32'sb01100110}) in D:/Program/Anlogic/TD5.6.2/cw\trigger.sv(21)
HDL-1007 : elaborate module bus_top(BUS_NODE_NUM=7,BUS_DIN_NUM=71,BUS_CTRL_NUM=170,BUS_WIDTH='{32'sb01,32'sb01,32'sb0101,32'sb0110,32'sb0101,32'sb010101,32'sb0100000},BUS_DIN_POS='{32'sb0,32'sb01,32'sb010,32'sb0111,32'sb01101,32'sb010010,32'sb0100111},BUS_CTRL_POS='{32'sb0,32'sb0110,32'sb01100,32'sb011010,32'sb0101010,32'sb0111000,32'sb01100110}) in D:/Program/Anlogic/TD5.6.2/cw\bus_top.sv(22)
HDL-1007 : elaborate module bus_det(BUS_WIDTH=32'sb01) in D:/Program/Anlogic/TD5.6.2/cw\bus_det.v(21)
HDL-1007 : elaborate module bus_det(BUS_WIDTH=32'sb0101) in D:/Program/Anlogic/TD5.6.2/cw\bus_det.v(21)
HDL-1007 : elaborate module bus_det(BUS_WIDTH=32'sb0110) in D:/Program/Anlogic/TD5.6.2/cw\bus_det.v(21)
HDL-1007 : elaborate module bus_det(BUS_WIDTH=32'sb010101) in D:/Program/Anlogic/TD5.6.2/cw\bus_det.v(21)
HDL-1007 : elaborate module bus_det(BUS_WIDTH=32'sb0100000) in D:/Program/Anlogic/TD5.6.2/cw\bus_det.v(21)
HDL-1007 : elaborate module emb_ctrl in D:/Program/Anlogic/TD5.6.2/cw\emb_ctrl.v(21)
HDL-1200 : Current top model is CW_TOP_WRAPPER
HDL-1100 : Inferred 0 RAMs.
RUN-1002 : start command "force_keep -a auto_chipwatcher_0_logicbram"
RUN-1002 : start command "optimize_rtl -no_sch"
RUN-1001 : Open license file D:/Program/Anlogic/TD5.6.2/license/Anlogic.lic
RUN-1001 : Print Global Property
RUN-1001 : ---------------------------------------------------------------
RUN-1001 :        Parameters        |  Settings  |  Default Values  |  Note  
RUN-1001 : ---------------------------------------------------------------
RUN-1001 :          message         |  standard  |     standard     |        
RUN-1001 :   mixed_pack_place_flow  |     on     |        on        |        
RUN-1001 :        qor_monitor       |    off     |       off        |        
RUN-1001 :        syn_ip_flow       |    off     |       off        |        
RUN-1001 :          thread          |    auto    |       auto       |        
RUN-1001 : ---------------------------------------------------------------
RUN-1001 : Print Rtl Property
RUN-1001 : --------------------------------------------------------------
RUN-1001 :        Parameters       |  Settings  |  Default Values  |  Note  
RUN-1001 : --------------------------------------------------------------
RUN-1001 :       compress_add      |   ripple   |      ripple      |        
RUN-1001 :        elf_sload        |    off     |       off        |        
RUN-1001 :       fix_undriven      |     0      |        0         |        
RUN-1001 :         flatten         |    off     |       off        |        
RUN-1001 :       gate_sharing      |     on     |        on        |        
RUN-1001 :    hdl_warning_level    |   normal   |      normal      |        
RUN-1001 :   impl_internal_tribuf  |     on     |        on        |        
RUN-1001 :      impl_set_reset     |     on     |        on        |        
RUN-1001 :        infer_gsr        |    off     |       off        |        
RUN-1001 :      keep_hierarchy     |    auto    |       auto       |        
RUN-1001 :        max_fanout       |    9999    |       9999       |        
RUN-1001 :      max_oh2bin_len     |     10     |        10        |        
RUN-1001 :       merge_equal       |     on     |        on        |        
RUN-1001 :       merge_equiv       |     on     |        on        |        
RUN-1001 :        merge_mux        |    off     |       off        |        
RUN-1001 :     min_control_set     |     8      |        8         |        
RUN-1001 :      min_ripple_len     |    auto    |       auto       |        
RUN-1001 :       oh2bin_ratio      |    0.08    |       0.08       |        
RUN-1001 :     opt_adder_fanout    |     on     |        on        |        
RUN-1001 :        opt_arith        |     on     |        on        |        
RUN-1001 :       opt_big_gate      |    off     |       off        |        
RUN-1001 :        opt_const        |     on     |        on        |        
RUN-1001 :      opt_const_mult     |     on     |        on        |        
RUN-1001 :       opt_lessthan      |     on     |        on        |        
RUN-1001 :         opt_mux         |    off     |       off        |        
RUN-1001 :         opt_ram         |    high    |       high       |        
RUN-1001 :      rtl_sim_model      |    off     |       off        |        
RUN-1001 :         seq_syn         |     on     |        on        |        
RUN-1001 : --------------------------------------------------------------
SYN-1012 : SanityCheck: Model "top"
SYN-1012 : SanityCheck: Model "CW_TOP_WRAPPER"
SYN-1012 : SanityCheck: Model "cwc_top(BUS_NUM=7,BUS_DIN_NUM=71,BUS_CTRL_NUM=170,BUS_WIDTH='{32'sb01,32'sb01,32'sb0101,32'sb0110,32'sb0101,32'sb010101,32'sb0100000},BUS_DIN_POS='{32'sb0,32'sb01,32'sb010,32'sb0111,32'sb01101,32'sb010010,32'sb0100111},BUS_CTRL_POS='{32'sb0,32'sb0110,32'sb01100,32'sb011010,32'sb0101010,32'sb0111000,32'sb01100110})"
SYN-1012 : SanityCheck: Model "cwc_cfg_int(CTRL_REG_LEN=192)"
SYN-1012 : SanityCheck: Model "register(CTRL_REG_LEN=192)"
SYN-1012 : SanityCheck: Model "tap"
SYN-1012 : SanityCheck: Model "trigger(BUS_NUM=7,BUS_DIN_NUM=71,BUS_CTRL_NUM=170,BUS_WIDTH='{32'sb01,32'sb01,32'sb0101,32'sb0110,32'sb0101,32'sb010101,32'sb0100000},BUS_DIN_POS='{32'sb0,32'sb01,32'sb010,32'sb0111,32'sb01101,32'sb010010,32'sb0100111},BUS_CTRL_POS='{32'sb0,32'sb0110,32'sb01100,32'sb011010,32'sb0101010,32'sb0111000,32'sb01100110})"
SYN-1012 : SanityCheck: Model "bus_top(BUS_NODE_NUM=7,BUS_DIN_NUM=71,BUS_CTRL_NUM=170,BUS_WIDTH='{32'sb01,32'sb01,32'sb0101,32'sb0110,32'sb0101,32'sb010101,32'sb0100000},BUS_DIN_POS='{32'sb0,32'sb01,32'sb010,32'sb0111,32'sb01101,32'sb010010,32'sb0100111},BUS_CTRL_POS='{32'sb0,32'sb0110,32'sb01100,32'sb011010,32'sb0101010,32'sb0111000,32'sb01100110})"
SYN-1012 : SanityCheck: Model "bus_det(BUS_WIDTH=32'sb01)"
SYN-1012 : SanityCheck: Model "bus_det(BUS_WIDTH=32'sb0101)"
SYN-1012 : SanityCheck: Model "bus_det(BUS_WIDTH=32'sb0110)"
SYN-1012 : SanityCheck: Model "bus_det(BUS_WIDTH=32'sb010101)"
SYN-1012 : SanityCheck: Model "bus_det(BUS_WIDTH=32'sb0100000)"
SYN-1012 : SanityCheck: Model "emb_ctrl"
SYN-1011 : Flatten model top
SYN-1032 : 4777/33 useful/useless nets, 3283/16 useful/useless insts
SYN-1016 : Merged 36 instances.
SYN-1032 : 4322/4 useful/useless nets, 3875/4 useful/useless insts
SYN-1014 : Optimize round 1
SYN-1032 : 4306/16 useful/useless nets, 3863/12 useful/useless insts
SYN-1021 : Optimized 5 onehot mux instances.
SYN-1020 : Optimized 1 distributor mux.
SYN-1019 : Optimized 5 mux instances.
SYN-1015 : Optimize round 1, 593 better
SYN-1014 : Optimize round 2
SYN-1032 : 3820/75 useful/useless nets, 3377/80 useful/useless insts
SYN-1015 : Optimize round 2, 160 better
SYN-1014 : Optimize round 1
SYN-1015 : Optimize round 1, 0 better
RUN-1002 : start command "optimize_gate -no_sch"
RUN-1001 : Open license file D:/Program/Anlogic/TD5.6.2/license/Anlogic.lic
RUN-1001 : Print Global Property
RUN-1001 : ---------------------------------------------------------------
RUN-1001 :        Parameters        |  Settings  |  Default Values  |  Note  
RUN-1001 : ---------------------------------------------------------------
RUN-1001 :          message         |  standard  |     standard     |        
RUN-1001 :   mixed_pack_place_flow  |     on     |        on        |        
RUN-1001 :        qor_monitor       |    off     |       off        |        
RUN-1001 :        syn_ip_flow       |    off     |       off        |        
RUN-1001 :          thread          |    auto    |       auto       |        
RUN-1001 : ---------------------------------------------------------------
RUN-1001 : Print Gate Property
RUN-1001 : ------------------------------------------------------------------
RUN-1001 :          Parameters         |  Settings  |  Default Values  |  Note  
RUN-1001 : ------------------------------------------------------------------
RUN-1001 :         cascade_dsp         |    off     |       off        |        
RUN-1001 :         cascade_eram        |    off     |       off        |        
RUN-1001 :        gate_sim_model       |    off     |       off        |        
RUN-1001 :        map_sim_model        |    off     |       off        |        
RUN-1001 :         map_strategy        |     1      |        1         |        
RUN-1001 :           opt_area          |   medium   |      medium      |        
RUN-1001 :          opt_timing         |    auto    |       auto       |        
RUN-1001 :         pack_effort         |   medium   |      medium      |        
RUN-1001 :      pack_lslice_ripple     |     on     |        on        |        
RUN-1001 :   pack_lslice_ripple_ratio  |    0.5     |       0.5        |        
RUN-1001 :        pack_seq_in_io       |    auto    |       auto       |        
RUN-1001 :        ph1_mux_ratio        |    1.0     |       1.0        |        
RUN-1001 :            report           |  standard  |     standard     |        
RUN-1001 :           retiming          |    off     |       off        |        
RUN-1001 : ------------------------------------------------------------------
SYN-2001 : Map 47 IOs to PADs
RUN-1002 : start command "update_pll_param -module top"
SYN-2501 : Processed 0 LOGIC_BUF instances.
SYN-2512 : LOGIC BRAM "auto_chipwatcher_0_logicbram"
SYN-2571 : Optimize after map_dsp, round 1
SYN-2571 : Optimize after map_dsp, round 1, 0 better
SYN-1001 : Throwback 3 control mux instances
SYN-2501 : Optimize round 1
SYN-1016 : Merged 69 instances.
SYN-2501 : Optimize round 1, 140 better
SYN-2501 : Optimize round 2
SYN-2501 : Optimize round 2, 0 better
SYN-2501 : Map 20 macro adder
SYN-1019 : Optimized 21 mux instances.
SYN-1016 : Merged 13 instances.
SYN-1032 : 4479/2 useful/useless nets, 4043/1 useful/useless insts
RUN-1002 : start command "start_timer -prepack"
TMR-2505 : Start building timing graph for model top.
TMR-2506 : Build timing graph completely. Port num: 22, tpin num: 16610, tnet num: 4479, tinst num: 4042, tnode num: 21681, tedge num: 25568.
TMR-2508 : Levelizing timing graph completed, there are 85 levels in total.
TMR-2501 : Timing graph initialized successfully.
TMR-2503 : Start to update net delay, extr mode = 2.
TMR-2504 : Update delay of 4479 nets completely.
TMR-2502 : Annotate delay completely, extr mode = 2.
TMR-3001 : Initiate 5 clocks from SDC.
TMR-3004 : Map sdc constraints, there are 8 constraints in total.
TMR-3003 : Constraints initiated successfully.
TMR-3501 : Forward propagation: start to calculate arrival time...
TMR-3502 : Backward propagation: start to calculate required time...
TMR-3503 : Timing propagation completes.
SYN-3001 : Running gate level optimization.
SYN-2581 : Mapping with K=5, #lut = 336 (3.32), #lev = 6 (1.60)
SYN-2551 : Post LUT mapping optimization.
SYN-2581 : Mapping with K=5, #lut = 336 (3.32), #lev = 6 (1.60)
SYN-3001 : Logic optimization runtime opt =   0.03 sec, map =   0.00 sec
SYN-3001 : Mapper mapped 713 instances into 336 LUTs, name keeping = 70%.
SYN-1001 : Packing model "top" ...
SYN-4010 : Pack lib has 58 rtl pack models with 25 top pack blocks
SYN-1014 : Optimize round 1
SYN-1015 : Optimize round 1, 0 better
SYN-4002 : Packing 570 DFF/LATCH to SEQ ...
SYN-4009 : Pack 8 carry chain into lslice
SYN-4007 : Packing 194 adder to BLE ...
SYN-4008 : Packed 194 adder and 0 SEQ to BLE.
SYN-4007 : Packing 0 gate4 to BLE ...
SYN-4008 : Packed 0 gate4 and 0 SEQ to BLE.
SYN-4012 : Packed 0 FxMUX
RUN-1002 : start command "legalize_phy_inst"
SYN-1011 : Flatten model top
KIT-1004 : Compile Chipwatcher: Clear obsolete physical data.
RUN-1003 : finish command "compile_watcher" in  1.671060s wall, 1.093750s user + 0.093750s system = 1.187500s CPU (71.1%)

RUN-1004 : used memory is 163 MB, reserved memory is 130 MB, peak memory is 200 MB
RUN-1002 : start command "place"
RUN-1001 : Open license file D:/Program/Anlogic/TD5.6.2/license/Anlogic.lic
RUN-1001 : Print Global Property
RUN-1001 : ---------------------------------------------------------------
RUN-1001 :        Parameters        |  Settings  |  Default Values  |  Note  
RUN-1001 : ---------------------------------------------------------------
RUN-1001 :          message         |  standard  |     standard     |        
RUN-1001 :   mixed_pack_place_flow  |     on     |        on        |        
RUN-1001 :        qor_monitor       |    off     |       off        |        
RUN-1001 :        syn_ip_flow       |    off     |       off        |        
RUN-1001 :          thread          |    auto    |       auto       |        
RUN-1001 : ---------------------------------------------------------------
RUN-1001 : Print Place Property
RUN-1001 : --------------------------------------------------------------
RUN-1001 :        Parameters       |  Settings  |  Default Values  |  Note  
RUN-1001 : --------------------------------------------------------------
RUN-1001 :      detailed_place     |     on     |        on        |        
RUN-1001 :          effort         |   medium   |      medium      |        
RUN-1001 :         fix_hold        |    off     |       off        |        
RUN-1001 :       legalization      |    ori     |       ori        |        
RUN-1001 :      new_spreading      |     on     |        on        |        
RUN-1001 :        opt_timing       |   medium   |      medium      |        
RUN-1001 :   post_clock_route_opt  |    off     |       off        |        
RUN-1001 :       pr_strategy       |     1      |        1         |        
RUN-1001 :        relaxation       |    1.00    |       1.00       |        
RUN-1001 :         retiming        |    off     |       off        |        
RUN-1001 : --------------------------------------------------------------
PHY-3001 : Placer runs in 16 thread(s).
RUN-1002 : start command "legalize_phy_inst"
SYN-1011 : Flatten model top
SYN-5055 WARNING: The kept net frame_read_write_m0/frame_fifo_read_m0/App_rd_en_d0 will be merged to another kept net U3/App_rd_en
SYN-5055 WARNING: The kept net U3/u2_ram/u2_wrrd/App_rd_en will be merged to another kept net U3/App_rd_en
SYN-5055 WARNING: The kept net frame_read_write_m0/Sdr_rd_dout[15] will be merged to another kept net U3/Sdr_rd_dout[15]
SYN-5055 WARNING: The kept net frame_read_write_m0/Sdr_rd_dout[14] will be merged to another kept net U3/Sdr_rd_dout[14]
SYN-5055 WARNING: The kept net frame_read_write_m0/Sdr_rd_dout[13] will be merged to another kept net U3/Sdr_rd_dout[13]
SYN-5055 WARNING: The kept net frame_read_write_m0/Sdr_rd_dout[12] will be merged to another kept net U3/Sdr_rd_dout[12]
SYN-5055 WARNING: The kept net frame_read_write_m0/Sdr_rd_dout[11] will be merged to another kept net U3/Sdr_rd_dout[11]
SYN-5055 WARNING: The kept net frame_read_write_m0/Sdr_rd_dout[10] will be merged to another kept net U3/Sdr_rd_dout[10]
SYN-5055 WARNING: The kept net frame_read_write_m0/Sdr_rd_dout[9] will be merged to another kept net U3/Sdr_rd_dout[9]
SYN-5055 WARNING: The kept net frame_read_write_m0/Sdr_rd_dout[8] will be merged to another kept net U3/Sdr_rd_dout[8]
SYN-5055 Similar messages will be suppressed.
RUN-1002 : start command "phys_opt -simplify_lut"
SYN-1032 : 3601/1 useful/useless nets, 3149/0 useful/useless insts
SYN-4016 : Net frame_read_write_m0/write_buf/clkw driven by BUFG (408 clock/control pins, 1 other pins).
SYN-4016 : Net frame_read_write_m0/read_buf/clkr driven by BUFG (110 clock/control pins, 1 other pins).
SYN-4016 : Net config_inst_syn_10 driven by BUFG (403 clock/control pins, 0 other pins).
SYN-4027 : Net U3/u2_ram/u2_wrrd/Sdr_clk is clkc1 of pll sys_pll_m0/pll_inst.
SYN-4027 : Net U3/u2_ram/SDRAM_CLK is clkc3 of pll sys_pll_m0/pll_inst.
SYN-4019 : Net clk_dup_1 is refclk of pll sys_pll_m0/pll_inst.
SYN-4020 : Net clk_dup_1 is fbclk of pll sys_pll_m0/pll_inst.
SYN-4019 : Net clk_dup_1 is refclk of pll video_pll_m0/pll_inst.
SYN-4020 : Net clk_dup_1 is fbclk of pll video_pll_m0/pll_inst.
SYN-4025 : Tag rtl::Net U3/u2_ram/SDRAM_CLK as clock net
SYN-4025 : Tag rtl::Net U3/u2_ram/u2_wrrd/Sdr_clk as clock net
SYN-4025 : Tag rtl::Net clk_dup_1 as clock net
SYN-4025 : Tag rtl::Net config_inst_syn_10 as clock net
SYN-4025 : Tag rtl::Net frame_read_write_m0/read_buf/clkr as clock net
SYN-4025 : Tag rtl::Net frame_read_write_m0/write_buf/clkw as clock net
SYN-4026 : Tagged 6 rtl::Net as clock net
PHY-1001 : Populate physical database on model top.
RUN-1001 : There are total 3149 instances
RUN-0007 : 1261 luts, 1406 seqs, 247 mslices, 116 lslices, 102 pads, 9 brams, 0 dsps
RUN-1001 : There are total 3601 nets
RUN-1001 : 2199 nets have 2 pins
RUN-1001 : 1136 nets have [3 - 5] pins
RUN-1001 : 155 nets have [6 - 10] pins
RUN-1001 : 59 nets have [11 - 20] pins
RUN-1001 : 40 nets have [21 - 99] pins
RUN-1001 : 12 nets have 100+ pins
RUN-1001 : Report Control nets information:
RUN-1001 : DFF Distribution
RUN-1001 : ----------------------------------
RUN-1001 :   CE   |  SSR  |  ASR  |  DFF Count  
RUN-1001 : ----------------------------------
RUN-1001 :   No   |  No   |  No   |     115     
RUN-1001 :   No   |  No   |  Yes  |     600     
RUN-1001 :   No   |  Yes  |  No   |     35      
RUN-1001 :   Yes  |  No   |  No   |     16      
RUN-1001 :   Yes  |  No   |  Yes  |     601     
RUN-1001 :   Yes  |  Yes  |  No   |     39      
RUN-1001 : ----------------------------------
RUN-0007 : Control Group Statistic
RUN-0007 : ---------------------------
RUN-0007 :   #CLK  |  #CE  |  #SSR/ASR  
RUN-0007 : ---------------------------
RUN-0007 :    6    |  26   |     11     
RUN-0007 : ---------------------------
RUN-0007 : Control Set = 42
PHY-3001 : Initial placement ...
PHY-3001 : design contains 3147 instances, 1261 luts, 1406 seqs, 363 slices, 54 macros(363 instances: 247 mslices 116 lslices)
PHY-0007 : Cell area utilization is 10%
PHY-3001 : Start timing update ...
RUN-1002 : start command "start_timer -report"
TMR-2505 : Start building timing graph for model top.
TMR-2506 : Build timing graph completely. Port num: 22, tpin num: 14719, tnet num: 3599, tinst num: 3147, tnode num: 19707, tedge num: 23743.
TMR-2508 : Levelizing timing graph completed, there are 45 levels in total.
TMR-2501 : Timing graph initialized successfully.
TMR-2503 : Start to update net delay, extr mode = 2.
TMR-2504 : Update delay of 3599 nets completely.
TMR-2502 : Annotate delay completely, extr mode = 2.
TMR-3001 : Initiate 5 clocks from SDC.
TMR-3004 : Map sdc constraints, there are 8 constraints in total.
TMR-3003 : Constraints initiated successfully.
TMR-3501 : Forward propagation: start to calculate arrival time...
TMR-3502 : Backward propagation: start to calculate required time...
TMR-3503 : Timing propagation completes.
PHY-3001 : End timing update;  0.481886s wall, 0.359375s user + 0.000000s system = 0.359375s CPU (74.6%)

PHY-3001 : Global placement ...
PHY-3001 : Initial: Len = 840576
PHY-3001 : Clustering ...
PHY-3001 : Level 0 #clusters 3147.
PHY-3001 : End clustering;  0.000011s wall, 0.000000s user + 0.000000s system = 0.000000s CPU (n/a%)

PHY-3001 : Run with size of 4
PHY-3001 : Cell area utilization is 10%
PHY-3001 : :::0::: Try harder cell spreading with beta_ = 0
PHY-3002 : Step(1): len = 667525, overlap = 18
PHY-3002 : Step(2): len = 550732, overlap = 20.25
PHY-3002 : Step(3): len = 480409, overlap = 24.0625
PHY-3002 : Step(4): len = 426240, overlap = 22.1562
PHY-3002 : Step(5): len = 382788, overlap = 16.25
PHY-3002 : Step(6): len = 333759, overlap = 26.0938
PHY-3002 : Step(7): len = 294447, overlap = 29.8438
PHY-3002 : Step(8): len = 268856, overlap = 29.5625
PHY-3002 : Step(9): len = 232935, overlap = 26.5
PHY-3002 : Step(10): len = 211137, overlap = 27.9375
PHY-3002 : Step(11): len = 191722, overlap = 28.3125
PHY-3002 : Step(12): len = 177981, overlap = 43.8438
PHY-3002 : Step(13): len = 168519, overlap = 45.4062
PHY-3002 : Step(14): len = 155031, overlap = 45.9375
PHY-3002 : Step(15): len = 146225, overlap = 48.0625
PHY-3002 : Step(16): len = 139452, overlap = 49.6875
PHY-3002 : Step(17): len = 128390, overlap = 44.8438
PHY-3002 : Step(18): len = 122609, overlap = 44.5312
PHY-3002 : Step(19): len = 116844, overlap = 50.9375
PHY-3002 : Step(20): len = 109101, overlap = 55.9062
PHY-3001 : :::1::: Try harder cell spreading with beta_ = 0.000223721
PHY-3002 : Step(21): len = 109369, overlap = 49.5
PHY-3002 : Step(22): len = 106292, overlap = 50.9062
PHY-3002 : Step(23): len = 104903, overlap = 48.4375
PHY-3002 : Step(24): len = 102158, overlap = 48.5312
PHY-3002 : Step(25): len = 101191, overlap = 48.5625
PHY-3002 : Step(26): len = 98488.9, overlap = 52.6875
PHY-3002 : Step(27): len = 95920.6, overlap = 50.3438
PHY-3002 : Step(28): len = 94671.4, overlap = 48.0938
PHY-3002 : Step(29): len = 93182.1, overlap = 48.2188
PHY-3002 : Step(30): len = 92307, overlap = 50.375
PHY-3002 : Step(31): len = 92022.7, overlap = 50.2188
PHY-3001 : :::2::: Try harder cell spreading with beta_ = 0.000447442
PHY-3002 : Step(32): len = 91652.5, overlap = 50.1562
PHY-3002 : Step(33): len = 91504.8, overlap = 47.5625
PHY-3001 : :::3::: Try harder cell spreading with beta_ = 0.000894884
PHY-3002 : Step(34): len = 91367.2, overlap = 49.875
PHY-3002 : Step(35): len = 91297.7, overlap = 49.5625
PHY-3001 : :::4::: Try harder cell spreading with beta_ = 0.00173374
PHY-3002 : Step(36): len = 91282.5, overlap = 49.5
PHY-3002 : Step(37): len = 91445.5, overlap = 50
PHY-3001 : Legalization ...
PHY-3001 : End legalization;  0.006384s wall, 0.000000s user + 0.000000s system = 0.000000s CPU (n/a%)

PHY-3001 : Run with size of 4
PHY-3001 : Cell area utilization is 13%
PHY-3001 : Update timing in Manhattan mode ...
TMR-2503 : Start to update net delay, extr mode = 3.
TMR-2504 : Update delay of 3599 nets completely.
TMR-2502 : Annotate delay completely, extr mode = 3.
TMR-3501 : Forward propagation: start to calculate arrival time...
TMR-3502 : Backward propagation: start to calculate required time...
TMR-3503 : Timing propagation completes.
PHY-3001 : End timing update;  0.069360s wall, 0.062500s user + 0.000000s system = 0.062500s CPU (90.1%)

PHY-3001 : :::0::: Try harder cell spreading with beta_ = 2.15524e-05
PHY-3002 : Step(38): len = 90947.9, overlap = 62.9375
PHY-3002 : Step(39): len = 90949, overlap = 64.5312
PHY-3002 : Step(40): len = 90368.5, overlap = 64.5
PHY-3002 : Step(41): len = 88259.6, overlap = 60.0625
PHY-3002 : Step(42): len = 87288.5, overlap = 61.8125
PHY-3002 : Step(43): len = 85877.1, overlap = 57.6562
PHY-3002 : Step(44): len = 84770.2, overlap = 60.9688
PHY-3002 : Step(45): len = 84576.4, overlap = 61.0312
PHY-3002 : Step(46): len = 83931.3, overlap = 61.3438
PHY-3002 : Step(47): len = 83680.1, overlap = 65.0312
PHY-3002 : Step(48): len = 83348.6, overlap = 66.3438
PHY-3001 : :::1::: Try harder cell spreading with beta_ = 4.31048e-05
PHY-3002 : Step(49): len = 82944, overlap = 66.2812
PHY-3002 : Step(50): len = 82833.1, overlap = 66.0938
PHY-3002 : Step(51): len = 82846.9, overlap = 66.0938
PHY-3001 : :::2::: Try harder cell spreading with beta_ = 8.62097e-05
PHY-3002 : Step(52): len = 82773.1, overlap = 65.9688
PHY-3002 : Step(53): len = 82889, overlap = 65.4688
PHY-3001 : :::3::: Try harder cell spreading with beta_ = 0.000172419
PHY-3002 : Step(54): len = 83385.5, overlap = 62.5312
PHY-3002 : Step(55): len = 83894.2, overlap = 60.9062
PHY-3002 : Step(56): len = 86080.2, overlap = 48.8438
PHY-3002 : Step(57): len = 87288.3, overlap = 37.4375
PHY-3002 : Step(58): len = 86767.6, overlap = 36.625
PHY-3002 : Step(59): len = 86767.6, overlap = 36.625
PHY-3001 : Run with size of 2
PHY-3001 : Cell area utilization is 13%
PHY-3001 : Update timing in Manhattan mode ...
TMR-2503 : Start to update net delay, extr mode = 3.
TMR-2504 : Update delay of 3599 nets completely.
TMR-2502 : Annotate delay completely, extr mode = 3.
TMR-3501 : Forward propagation: start to calculate arrival time...
TMR-3502 : Backward propagation: start to calculate required time...
TMR-3503 : Timing propagation completes.
PHY-3001 : End timing update;  0.073455s wall, 0.046875s user + 0.015625s system = 0.062500s CPU (85.1%)

PHY-3001 : :::0::: Try harder cell spreading with beta_ = 4.65534e-05
PHY-3002 : Step(60): len = 86737.1, overlap = 126.594
PHY-3002 : Step(61): len = 86837.3, overlap = 125.812
PHY-3002 : Step(62): len = 86884.5, overlap = 122.062
PHY-3002 : Step(63): len = 87277.8, overlap = 121.344
PHY-3002 : Step(64): len = 89365.1, overlap = 108.125
PHY-3002 : Step(65): len = 89981.9, overlap = 105.719
PHY-3002 : Step(66): len = 90727.7, overlap = 100.531
PHY-3001 : :::1::: Try harder cell spreading with beta_ = 9.31068e-05
PHY-3002 : Step(67): len = 90333.3, overlap = 100.375
PHY-3002 : Step(68): len = 90291.6, overlap = 99.9375
PHY-3002 : Step(69): len = 90229.2, overlap = 98.1562
PHY-3001 : :::2::: Try harder cell spreading with beta_ = 0.000186214
PHY-3002 : Step(70): len = 90472.9, overlap = 94.5938
PHY-3002 : Step(71): len = 91132.1, overlap = 91.9062
PHY-3002 : Step(72): len = 94246.5, overlap = 76.3438
PHY-3002 : Step(73): len = 93480.9, overlap = 76.75
PHY-3002 : Step(74): len = 93480.9, overlap = 76.75
PHY-3002 : Step(75): len = 93026.7, overlap = 75.0312
OPT-1001 : Start physical optimization ...
RUN-1002 : start command "start_timer -report"
TMR-2505 : Start building timing graph for model top.
TMR-2506 : Build timing graph completely. Port num: 22, tpin num: 14719, tnet num: 3599, tinst num: 3147, tnode num: 19707, tedge num: 23743.
TMR-2508 : Levelizing timing graph completed, there are 45 levels in total.
TMR-2501 : Timing graph initialized successfully.
OPT-1001 : Total overflow 198.84 peak overflow 3.97
OPT-1001 : Start high-fanout net optimization ...
OPT-1001 : Update timing in global mode
PHY-1001 : Start incremental global routing, caller is place ...
RUN-1001 : Generating global routing grids ...
RUN-1001 : Building simple global routing graph ...
PHY-1001 : Generate routing nets ...
PHY-1001 : Reuse net number 0/3601.
PHY-1001 : Global iterations in 16 thread ...
PHY-1002 : len = 103128, over cnt = 362(1%), over = 1521, worst = 21
PHY-1001 : End global iterations;  0.105049s wall, 0.046875s user + 0.015625s system = 0.062500s CPU (59.5%)

PHY-1001 : Congestion index: top1 = 51.29, top5 = 32.78, top10 = 23.31, top15 = 17.96.
PHY-1001 : End incremental global routing;  0.150848s wall, 0.078125s user + 0.031250s system = 0.109375s CPU (72.5%)

TMR-2503 : Start to update net delay, extr mode = 5.
TMR-2504 : Update delay of 3599 nets completely.
TMR-2502 : Annotate delay completely, extr mode = 5.
TMR-3001 : Initiate 5 clocks from SDC.
TMR-3004 : Map sdc constraints, there are 8 constraints in total.
TMR-3003 : Constraints initiated successfully.
TMR-3501 : Forward propagation: start to calculate arrival time...
TMR-3502 : Backward propagation: start to calculate required time...
TMR-3503 : Timing propagation completes.
OPT-1001 : End timing update;  0.084571s wall, 0.078125s user + 0.000000s system = 0.078125s CPU (92.4%)

OPT-1001 : 1 high-fanout net processed.
PHY-3001 : Start incremental placement ...
PHY-1001 : Populate physical database on model top.
PHY-3001 : Initial placement ...
PHY-3001 : eco special cells: 1 has valid locations, 0 needs to be replaced
PHY-3001 : eco pad cells: 102 has valid locations, 0 needs to be replaced
PHY-3001 : eco cells: 3038 has valid locations, 3 needs to be replaced
PHY-3001 : design contains 3149 instances, 1263 luts, 1406 seqs, 363 slices, 54 macros(363 instances: 247 mslices 116 lslices)
PHY-3001 : Global placement ...
PHY-3001 : Initial: Len = 93214.8
PHY-3001 : Run with size of 4
PHY-3001 : Cell area utilization is 13%
PHY-3001 : Update timing in Manhattan mode ...
RUN-1002 : start command "start_timer -report"
TMR-2505 : Start building timing graph for model top.
TMR-2506 : Build timing graph completely. Port num: 22, tpin num: 14727, tnet num: 3601, tinst num: 3149, tnode num: 19715, tedge num: 23755.
TMR-2508 : Levelizing timing graph completed, there are 45 levels in total.
TMR-2501 : Timing graph initialized successfully.
TMR-2503 : Start to update net delay, extr mode = 3.
TMR-2504 : Update delay of 3601 nets completely.
TMR-2502 : Annotate delay completely, extr mode = 3.
TMR-3001 : Initiate 5 clocks from SDC.
TMR-3004 : Map sdc constraints, there are 8 constraints in total.
TMR-3003 : Constraints initiated successfully.
TMR-3501 : Forward propagation: start to calculate arrival time...
TMR-3502 : Backward propagation: start to calculate required time...
TMR-3503 : Timing propagation completes.
PHY-3001 : End timing update;  0.521843s wall, 0.281250s user + 0.000000s system = 0.281250s CPU (53.9%)

PHY-3001 : :::0::: Try harder cell spreading with beta_ = 0
PHY-3002 : Step(76): len = 93133.8, overlap = 8.46875
PHY-3002 : Step(77): len = 93137.6, overlap = 8.34375
PHY-3002 : Step(78): len = 93135.3, overlap = 8.40625
PHY-3001 : Run with size of 2
PHY-3001 : Cell area utilization is 13%
PHY-3001 : Update timing in Manhattan mode ...
TMR-2503 : Start to update net delay, extr mode = 3.
TMR-2504 : Update delay of 3601 nets completely.
TMR-2502 : Annotate delay completely, extr mode = 3.
TMR-3501 : Forward propagation: start to calculate arrival time...
TMR-3502 : Backward propagation: start to calculate required time...
TMR-3503 : Timing propagation completes.
PHY-3001 : End timing update;  0.065654s wall, 0.046875s user + 0.000000s system = 0.046875s CPU (71.4%)

PHY-3001 : :::0::: Try harder cell spreading with beta_ = 0.000131836
PHY-3002 : Step(79): len = 93147.6, overlap = 75.0312
PHY-3002 : Step(80): len = 93147.6, overlap = 75.0312
PHY-3001 : Final: Len = 93147.6, Over = 75.0312
PHY-3001 : End incremental placement;  0.680392s wall, 0.390625s user + 0.015625s system = 0.406250s CPU (59.7%)

OPT-1001 : Total overflow 198.84 peak overflow 3.97
OPT-1001 : End high-fanout net optimization;  0.967997s wall, 0.578125s user + 0.046875s system = 0.625000s CPU (64.6%)

OPT-1001 : Current memory(MB): used = 252, reserve = 218, peak = 252.
OPT-1001 : Start global optimization ...
OPT-1001 : Start congestion update ...
RUN-1001 : Generating global routing grids ...
PHY-1001 : Generate routing nets ...
PHY-1001 : Reuse net number 2505/3603.
PHY-1001 : Global iterations in 16 thread ...
PHY-1002 : len = 103248, over cnt = 361(1%), over = 1510, worst = 21
PHY-1002 : len = 114016, over cnt = 264(0%), over = 723, worst = 17
PHY-1002 : len = 122272, over cnt = 108(0%), over = 182, worst = 8
PHY-1002 : len = 125736, over cnt = 6(0%), over = 6, worst = 1
PHY-1002 : len = 126184, over cnt = 0(0%), over = 0, worst = 0
PHY-1001 : End global iterations;  0.147714s wall, 0.031250s user + 0.015625s system = 0.046875s CPU (31.7%)

PHY-1001 : Congestion index: top1 = 45.06, top5 = 32.86, top10 = 25.54, top15 = 20.44.
OPT-1001 : End congestion update;  0.187936s wall, 0.062500s user + 0.015625s system = 0.078125s CPU (41.6%)

OPT-1001 : Update timing in Manhattan mode
TMR-2503 : Start to update net delay, extr mode = 3.
TMR-2504 : Update delay of 3601 nets completely.
TMR-2502 : Annotate delay completely, extr mode = 3.
TMR-3501 : Forward propagation: start to calculate arrival time...
TMR-3502 : Backward propagation: start to calculate required time...
TMR-3503 : Timing propagation completes.
OPT-1001 : End timing update;  0.069514s wall, 0.046875s user + 0.000000s system = 0.046875s CPU (67.4%)

OPT-0007 : Start: WNS 1573 TNS 0 NUM_FEPS 0
OPT-0007 : Iter 1: improved WNS 1573 TNS 0 NUM_FEPS 0 with 5 cells processed and 0 slack improved
OPT-0007 : Iter 2: improved WNS 1573 TNS 0 NUM_FEPS 0 with 1 cells processed and 0 slack improved
OPT-0007 : Iter 3: improved WNS 1573 TNS 0 NUM_FEPS 0 with 0 cells processed and 0 slack improved
OPT-1001 : End global optimization;  0.261852s wall, 0.109375s user + 0.015625s system = 0.125000s CPU (47.7%)

OPT-1001 : Current memory(MB): used = 252, reserve = 218, peak = 252.
OPT-1001 : End physical optimization;  1.711279s wall, 1.015625s user + 0.078125s system = 1.093750s CPU (63.9%)

PHY-3001 : Start packing ...
SYN-4007 : Packing 0 MUX to BLE ...
SYN-4008 : Packed 0 MUX and 0 SEQ to BLE.
SYN-4007 : Packing 1263 LUT to BLE ...
SYN-4008 : Packed 1263 LUT and 542 SEQ to BLE.
SYN-4003 : Packing 864 remaining SEQ's ...
SYN-4005 : Packed 420 SEQ with LUT/SLICE
SYN-4006 : 360 single LUT's are left
SYN-4006 : 444 single SEQ's are left
SYN-4011 : Packing model "top" (AL_USER_NORMAL) with 1707/2385 primitive instances ...
PHY-3001 : End packing;  0.090132s wall, 0.078125s user + 0.000000s system = 0.078125s CPU (86.7%)

PHY-1001 : Populate physical database on model top.
RUN-1001 : There are total 1412 instances
RUN-1001 : 647 mslices, 646 lslices, 102 pads, 9 brams, 0 dsps
RUN-1001 : There are total 3107 nets
RUN-1001 : 1715 nets have 2 pins
RUN-1001 : 1127 nets have [3 - 5] pins
RUN-1001 : 156 nets have [6 - 10] pins
RUN-1001 : 56 nets have [11 - 20] pins
RUN-1001 : 44 nets have [21 - 99] pins
RUN-1001 : 9 nets have 100+ pins
PHY-3001 : design contains 1410 instances, 1293 slices, 54 macros(363 instances: 247 mslices 116 lslices)
PHY-3001 : Cell area utilization is 16%
PHY-3001 : After packing: Len = 94573.6, Over = 100.5
PHY-3001 : Run with size of 2
PHY-3001 : Cell area utilization is 16%
PHY-3001 : Update timing in Manhattan mode ...
RUN-1002 : start command "start_timer -report"
TMR-2505 : Start building timing graph for model top.
TMR-2506 : Build timing graph completely. Port num: 22, tpin num: 12391, tnet num: 3105, tinst num: 1410, tnode num: 15945, tedge num: 20773.
TMR-2508 : Levelizing timing graph completed, there are 43 levels in total.
TMR-2501 : Timing graph initialized successfully.
TMR-2503 : Start to update net delay, extr mode = 3.
TMR-2504 : Update delay of 3105 nets completely.
TMR-2502 : Annotate delay completely, extr mode = 3.
TMR-3001 : Initiate 5 clocks from SDC.
TMR-3004 : Map sdc constraints, there are 8 constraints in total.
TMR-3003 : Constraints initiated successfully.
TMR-3501 : Forward propagation: start to calculate arrival time...
TMR-3502 : Backward propagation: start to calculate required time...
TMR-3503 : Timing propagation completes.
PHY-3001 : End timing update;  0.549327s wall, 0.375000s user + 0.000000s system = 0.375000s CPU (68.3%)

PHY-3001 : :::0::: Try harder cell spreading with beta_ = 4.2469e-05
PHY-3002 : Step(81): len = 94376.4, overlap = 100
PHY-3002 : Step(82): len = 96644.4, overlap = 99.75
PHY-3002 : Step(83): len = 94501.1, overlap = 98.75
PHY-3002 : Step(84): len = 93654.8, overlap = 101
PHY-3002 : Step(85): len = 93365.3, overlap = 99.25
PHY-3002 : Step(86): len = 93167.5, overlap = 98.25
PHY-3002 : Step(87): len = 92952.6, overlap = 94
PHY-3002 : Step(88): len = 93133.7, overlap = 88
PHY-3002 : Step(89): len = 93179.5, overlap = 88.75
PHY-3001 : :::1::: Try harder cell spreading with beta_ = 8.49381e-05
PHY-3002 : Step(90): len = 93914.4, overlap = 83
PHY-3002 : Step(91): len = 94859.8, overlap = 82.5
PHY-3002 : Step(92): len = 95210.8, overlap = 80
PHY-3001 : :::2::: Try harder cell spreading with beta_ = 0.000169876
PHY-3002 : Step(93): len = 97673.2, overlap = 73.5
PHY-3002 : Step(94): len = 98957.9, overlap = 71.5
PHY-3002 : Step(95): len = 98825.2, overlap = 70.5
PHY-3002 : Step(96): len = 98947.1, overlap = 69.75
PHY-3002 : Step(97): len = 99116.9, overlap = 70
PHY-3001 : Legalization ...
PHY-3001 : End legalization;  0.175797s wall, 0.015625s user + 0.093750s system = 0.109375s CPU (62.2%)

PHY-3001 : Trial Legalized: Len = 123580
PHY-3001 : Run with size of 2
PHY-3001 : Cell area utilization is 16%
PHY-3001 : Update timing in Manhattan mode ...
TMR-2503 : Start to update net delay, extr mode = 3.
TMR-2504 : Update delay of 3105 nets completely.
TMR-2502 : Annotate delay completely, extr mode = 3.
TMR-3501 : Forward propagation: start to calculate arrival time...
TMR-3502 : Backward propagation: start to calculate required time...
TMR-3503 : Timing propagation completes.
PHY-3001 : End timing update;  0.065457s wall, 0.000000s user + 0.000000s system = 0.000000s CPU (n/a%)

PHY-3001 : :::0::: Try harder cell spreading with beta_ = 0.000859385
PHY-3002 : Step(98): len = 117565, overlap = 9.5
PHY-3002 : Step(99): len = 113330, overlap = 13.75
PHY-3002 : Step(100): len = 110246, overlap = 21.5
PHY-3002 : Step(101): len = 108195, overlap = 27.5
PHY-3002 : Step(102): len = 106628, overlap = 34.75
PHY-3002 : Step(103): len = 105766, overlap = 37
PHY-3002 : Step(104): len = 105390, overlap = 39.25
PHY-3001 : :::1::: Try harder cell spreading with beta_ = 0.00171877
PHY-3002 : Step(105): len = 105853, overlap = 40.5
PHY-3002 : Step(106): len = 106181, overlap = 40
PHY-3001 : :::2::: Try harder cell spreading with beta_ = 0.00343754
PHY-3002 : Step(107): len = 106408, overlap = 39.75
PHY-3002 : Step(108): len = 106590, overlap = 39
PHY-3001 : Legalization ...
PHY-3001 : End legalization;  0.004745s wall, 0.000000s user + 0.000000s system = 0.000000s CPU (n/a%)

PHY-3001 : Legalized: Len = 115985, Over = 0
PHY-3001 : Spreading special nets. 44 overflows in 2952 tiles.
PHY-3001 : End spreading;  0.010105s wall, 0.000000s user + 0.000000s system = 0.000000s CPU (n/a%)

PHY-3001 : 63 instances has been re-located, deltaX = 26, deltaY = 42, maxDist = 3.
PHY-3001 : Final: Len = 117991, Over = 0
OPT-1001 : Start physical optimization ...
RUN-1002 : start command "start_timer -report"
TMR-2505 : Start building timing graph for model top.
TMR-2506 : Build timing graph completely. Port num: 22, tpin num: 12391, tnet num: 3105, tinst num: 1410, tnode num: 15945, tedge num: 20773.
TMR-2508 : Levelizing timing graph completed, there are 43 levels in total.
TMR-2501 : Timing graph initialized successfully.
OPT-1001 : Total overflow 0.00 peak overflow 0.00
OPT-1001 : Start high-fanout net optimization ...
OPT-1001 : Update timing in global mode
PHY-1001 : Start incremental global routing, caller is place ...
RUN-1001 : Generating global routing grids ...
PHY-1001 : Generate routing nets ...
PHY-1001 : Reuse net number 96/3107.
PHY-1001 : Global iterations in 16 thread ...
PHY-1002 : len = 135848, over cnt = 347(0%), over = 602, worst = 6
PHY-1002 : len = 137816, over cnt = 185(0%), over = 301, worst = 6
PHY-1002 : len = 140168, over cnt = 65(0%), over = 87, worst = 4
PHY-1002 : len = 141440, over cnt = 0(0%), over = 0, worst = 0
PHY-1001 : End global iterations;  0.230705s wall, 0.109375s user + 0.000000s system = 0.109375s CPU (47.4%)

PHY-1001 : Congestion index: top1 = 38.58, top5 = 30.14, top10 = 25.17, top15 = 21.77.
PHY-1001 : End incremental global routing;  0.295903s wall, 0.140625s user + 0.000000s system = 0.140625s CPU (47.5%)

TMR-2503 : Start to update net delay, extr mode = 5.
TMR-2504 : Update delay of 3105 nets completely.
TMR-2502 : Annotate delay completely, extr mode = 5.
TMR-3001 : Initiate 5 clocks from SDC.
TMR-3004 : Map sdc constraints, there are 8 constraints in total.
TMR-3003 : Constraints initiated successfully.
TMR-3501 : Forward propagation: start to calculate arrival time...
TMR-3502 : Backward propagation: start to calculate required time...
TMR-3503 : Timing propagation completes.
OPT-1001 : End timing update;  0.089880s wall, 0.000000s user + 0.000000s system = 0.000000s CPU (n/a%)

OPT-1001 : 0 high-fanout net processed.
OPT-1001 : End high-fanout net optimization;  0.435456s wall, 0.140625s user + 0.000000s system = 0.140625s CPU (32.3%)

OPT-1001 : Current memory(MB): used = 249, reserve = 217, peak = 252.
OPT-1001 : Start path based optimization ...
OPT-1001 : Start congestion update ...
RUN-1001 : Generating global routing grids ...
PHY-1001 : Generate routing nets ...
PHY-1001 : Reuse net number 2680/3107.
PHY-1001 : Global iterations in 16 thread ...
PHY-1002 : len = 141440, over cnt = 0(0%), over = 0, worst = 0
PHY-1001 : End global iterations;  0.006816s wall, 0.000000s user + 0.000000s system = 0.000000s CPU (n/a%)

PHY-1001 : Congestion index: top1 = 38.58, top5 = 30.14, top10 = 25.17, top15 = 21.77.
OPT-1001 : End congestion update;  0.057581s wall, 0.046875s user + 0.000000s system = 0.046875s CPU (81.4%)

OPT-1001 : Update timing in Manhattan mode
TMR-2503 : Start to update net delay, extr mode = 3.
TMR-2504 : Update delay of 3105 nets completely.
TMR-2502 : Annotate delay completely, extr mode = 3.
TMR-3501 : Forward propagation: start to calculate arrival time...
TMR-3502 : Backward propagation: start to calculate required time...
TMR-3503 : Timing propagation completes.
OPT-1001 : End timing update;  0.062752s wall, 0.031250s user + 0.000000s system = 0.031250s CPU (49.8%)

OPT-0007 : Start: WNS 1546 TNS 0 NUM_FEPS 0
PHY-3001 : Start incremental legalization ...
PHY-1001 : Populate physical database on model top.
PHY-3001 : Initial placement ...
PHY-3001 : eco special cells: 1 has valid locations, 0 needs to be replaced
PHY-3001 : eco pad cells: 102 has valid locations, 0 needs to be replaced
PHY-3001 : eco cells: 1302 has valid locations, 0 needs to be replaced
PHY-3001 : design contains 1410 instances, 1293 slices, 54 macros(363 instances: 247 mslices 116 lslices)
PHY-3001 : Cell area utilization is 16%
PHY-3001 : Initial: Len = 118122, Over = 0
PHY-3001 : Spreading special nets. 4 overflows in 2952 tiles.
PHY-3001 : End spreading;  0.007532s wall, 0.000000s user + 0.000000s system = 0.000000s CPU (n/a%)

PHY-3001 : 6 instances has been re-located, deltaX = 3, deltaY = 5, maxDist = 2.
PHY-3001 : Final: Len = 118464, Over = 0
PHY-3001 : End incremental legalization;  0.046628s wall, 0.046875s user + 0.000000s system = 0.046875s CPU (100.5%)

OPT-0007 : Iter 1: improved WNS 1646 TNS 0 NUM_FEPS 0 with 5 cells processed and 600 slack improved
PHY-3001 : Start incremental legalization ...
PHY-1001 : Populate physical database on model top.
PHY-3001 : Initial placement ...
PHY-3001 : eco special cells: 1 has valid locations, 0 needs to be replaced
PHY-3001 : eco pad cells: 102 has valid locations, 0 needs to be replaced
PHY-3001 : eco cells: 1302 has valid locations, 0 needs to be replaced
PHY-3001 : design contains 1410 instances, 1293 slices, 54 macros(363 instances: 247 mslices 116 lslices)
PHY-3001 : Cell area utilization is 16%
PHY-3001 : Initial: Len = 118362, Over = 0
PHY-3001 : Spreading special nets. 2 overflows in 2952 tiles.
PHY-3001 : End spreading;  0.006703s wall, 0.000000s user + 0.000000s system = 0.000000s CPU (n/a%)

PHY-3001 : 2 instances has been re-located, deltaX = 0, deltaY = 2, maxDist = 1.
PHY-3001 : Final: Len = 118468, Over = 0
PHY-3001 : End incremental legalization;  0.044568s wall, 0.031250s user + 0.000000s system = 0.031250s CPU (70.1%)

OPT-0007 : Iter 2: improved WNS 1646 TNS 0 NUM_FEPS 0 with 2 cells processed and 100 slack improved
OPT-0007 : Iter 3: improved WNS 1646 TNS 0 NUM_FEPS 0 with 0 cells processed and 0 slack improved
OPT-1001 : End path based optimization;  0.241081s wall, 0.156250s user + 0.000000s system = 0.156250s CPU (64.8%)

OPT-1001 : Current memory(MB): used = 256, reserve = 224, peak = 256.
OPT-1001 : Update timing in Manhattan mode
TMR-2503 : Start to update net delay, extr mode = 3.
TMR-2504 : Update delay of 3105 nets completely.
TMR-2502 : Annotate delay completely, extr mode = 3.
TMR-3501 : Forward propagation: start to calculate arrival time...
TMR-3502 : Backward propagation: start to calculate required time...
TMR-3503 : Timing propagation completes.
OPT-1001 : End timing update;  0.063782s wall, 0.062500s user + 0.000000s system = 0.062500s CPU (98.0%)

OPT-1001 : Start pin optimization...
OPT-1001 : skip pin optimization...
RUN-1001 : Generating global routing grids ...
PHY-1001 : Generate routing nets ...
PHY-1001 : Reuse net number 2632/3107.
PHY-1001 : Global iterations in 16 thread ...
PHY-1002 : len = 141960, over cnt = 19(0%), over = 25, worst = 4
PHY-1002 : len = 141968, over cnt = 10(0%), over = 10, worst = 1
PHY-1002 : len = 142096, over cnt = 1(0%), over = 1, worst = 1
PHY-1002 : len = 142112, over cnt = 0(0%), over = 0, worst = 0
PHY-1001 : End global iterations;  0.057235s wall, 0.000000s user + 0.000000s system = 0.000000s CPU (n/a%)

PHY-1001 : Congestion index: top1 = 38.06, top5 = 30.05, top10 = 25.24, top15 = 21.83.
OPT-1001 : Update timing in Manhattan mode
TMR-2503 : Start to update net delay, extr mode = 3.
TMR-2504 : Update delay of 3105 nets completely.
TMR-2502 : Annotate delay completely, extr mode = 3.
TMR-3501 : Forward propagation: start to calculate arrival time...
TMR-3502 : Backward propagation: start to calculate required time...
TMR-3503 : Timing propagation completes.
OPT-1001 : End timing update;  0.062477s wall, 0.046875s user + 0.000000s system = 0.046875s CPU (75.0%)

RUN-1001 : QoR Analysis:
OPT-0007 :   WNS 1646 TNS 0 NUM_FEPS 0
RUN-1001 :   No local congestion issue, and most congested 1% tile average routing util is 37.551724
RUN-1001 :   Top critical paths
RUN-1001 :       #1 path slack 1646ps with logic level 6 
OPT-1001 : End physical optimization;  1.431663s wall, 0.734375s user + 0.000000s system = 0.734375s CPU (51.3%)

RUN-1003 : finish command "place" in  6.829568s wall, 3.640625s user + 0.828125s system = 4.468750s CPU (65.4%)

RUN-1004 : used memory is 242 MB, reserved memory is 207 MB, peak memory is 256 MB
RUN-1002 : start command "export_db pic_sdram_place.db"
RUN-1001 : Exported /
RUN-1001 : Exported flow parameters
RUN-1001 : Exported libs
RUN-1001 : Exported entities
RUN-1001 : Exported ports
RUN-1001 : Exported pins
RUN-1001 : Exported instances
RUN-1001 : Exported nets
RUN-1001 : Exported buses
RUN-1001 : Exported models
RUN-1001 : Exported congestions
RUN-1001 : Exported violations
RUN-1001 : Exported timing constraints
RUN-1001 : Exported IO constraints
RUN-1001 : Exported Inst constraints
RUN-1001 : Exported ChipWatcher
RUN-1002 : start command "route"
RUN-1001 : Open license file D:/Program/Anlogic/TD5.6.2/license/Anlogic.lic
RUN-1001 : Print Global Property
RUN-1001 : ---------------------------------------------------------------
RUN-1001 :        Parameters        |  Settings  |  Default Values  |  Note  
RUN-1001 : ---------------------------------------------------------------
RUN-1001 :          message         |  standard  |     standard     |        
RUN-1001 :   mixed_pack_place_flow  |     on     |        on        |        
RUN-1001 :        qor_monitor       |    off     |       off        |        
RUN-1001 :        syn_ip_flow       |    off     |       off        |        
RUN-1001 :          thread          |    auto    |       auto       |        
RUN-1001 : ---------------------------------------------------------------
RUN-1001 : Print Route Property
RUN-1001 : -------------------------------------------------------
RUN-1001 :    Parameters    |  Settings  |  Default Values  |  Note  
RUN-1001 : -------------------------------------------------------
RUN-1001 :      effort      |   medium   |      medium      |        
RUN-1001 :     fix_hold     |    off     |       off        |        
RUN-1001 :    opt_timing    |   medium   |      medium      |        
RUN-1001 :   phy_sim_model  |    off     |       off        |        
RUN-1001 :     priority     |   timing   |      timing      |        
RUN-1001 :     swap_pin     |     on     |        on        |        
RUN-1001 : -------------------------------------------------------
PHY-1001 : Route runs in 16 thread(s)
RUN-1001 : There are total 1412 instances
RUN-1001 : 647 mslices, 646 lslices, 102 pads, 9 brams, 0 dsps
RUN-1001 : There are total 3107 nets
RUN-1001 : 1715 nets have 2 pins
RUN-1001 : 1127 nets have [3 - 5] pins
RUN-1001 : 156 nets have [6 - 10] pins
RUN-1001 : 56 nets have [11 - 20] pins
RUN-1001 : 44 nets have [21 - 99] pins
RUN-1001 : 9 nets have 100+ pins
RUN-1002 : start command "start_timer -report"
TMR-2505 : Start building timing graph for model top.
TMR-2506 : Build timing graph completely. Port num: 22, tpin num: 12391, tnet num: 3105, tinst num: 1410, tnode num: 15945, tedge num: 20773.
TMR-2508 : Levelizing timing graph completed, there are 43 levels in total.
TMR-2501 : Timing graph initialized successfully.
PHY-1001 : 647 mslices, 646 lslices, 102 pads, 9 brams, 0 dsps
TMR-2503 : Start to update net delay, extr mode = 3.
TMR-2504 : Update delay of 3105 nets completely.
TMR-2502 : Annotate delay completely, extr mode = 3.
TMR-3001 : Initiate 5 clocks from SDC.
TMR-3004 : Map sdc constraints, there are 8 constraints in total.
TMR-3003 : Constraints initiated successfully.
TMR-3501 : Forward propagation: start to calculate arrival time...
TMR-3502 : Backward propagation: start to calculate required time...
TMR-3503 : Timing propagation completes.
PHY-1001 : Start global routing, caller is route ...
RUN-1001 : Generating global routing grids ...
PHY-1001 : Generate routing nets ...
PHY-1001 : Global iterations in 16 thread ...
PHY-1002 : len = 134744, over cnt = 343(0%), over = 601, worst = 6
PHY-1002 : len = 136872, over cnt = 190(0%), over = 312, worst = 6
PHY-1002 : len = 140416, over cnt = 9(0%), over = 20, worst = 5
PHY-1002 : len = 140576, over cnt = 0(0%), over = 0, worst = 0
PHY-1001 : End global iterations;  0.230301s wall, 0.093750s user + 0.000000s system = 0.093750s CPU (40.7%)

PHY-1001 : Congestion index: top1 = 37.61, top5 = 29.69, top10 = 24.94, top15 = 21.52.
PHY-1001 : End global routing;  0.283517s wall, 0.140625s user + 0.000000s system = 0.140625s CPU (49.6%)

PHY-1001 : Start detail routing ...
PHY-1001 : Current memory(MB): used = 270, reserve = 236, peak = 290.
PHY-1001 : Detailed router is running in normal mode.
PHY-1001 : Generate detailed routing grids ...
PHY-1001 : Generate nets ...
PHY-1001 : net clk_dup_1 will be routed on clock mesh
PHY-1001 : net U3/u2_ram/SDRAM_CLK will be routed on clock mesh
PHY-1001 : net U3/u2_ram/u2_wrrd/Sdr_clk will be routed on clock mesh
PHY-1001 : clock net frame_read_write_m0/read_buf/clkr will be merged with clock video_pll_m0/clk0_buf
PHY-1001 : clock net frame_read_write_m0/write_buf/clkw will be merged with clock sys_pll_m0/clk0_buf
PHY-1001 : clock net config_inst_syn_10 will be merged with clock config_inst_syn_9
PHY-1001 : Current memory(MB): used = 537, reserve = 508, peak = 537.
PHY-1001 : End build detailed router design. 2.529997s wall, 1.578125s user + 0.015625s system = 1.593750s CPU (63.0%)

PHY-1001 : Detail Route ...
PHY-1001 : ===== Detail Route Phase 1 =====
PHY-1001 : Clock net routing.....
PHY-1001 : Routed 0% nets.
PHY-1022 : len = 52048, over cnt = 0(0%), over = 0, worst = 0, crit = 0
PHY-1001 : End initial clock net routed; 1.167478s wall, 0.828125s user + 0.000000s system = 0.828125s CPU (70.9%)

PHY-1001 : Current memory(MB): used = 570, reserve = 542, peak = 570.
PHY-1001 : End phase 1; 1.173623s wall, 0.828125s user + 0.000000s system = 0.828125s CPU (70.6%)

PHY-1001 : ===== Detail Route Phase 2 =====
PHY-1001 : Initial routing.....
PHY-1001 : Routed 38% nets.
PHY-1001 : Routed 45% nets.
PHY-1001 : Routed 54% nets.
PHY-1001 : Routed 68% nets.
PHY-1001 : Routed 88% nets.
PHY-1022 : len = 427784, over cnt = 96(0%), over = 96, worst = 1, crit = 0
PHY-1001 : Current memory(MB): used = 572, reserve = 543, peak = 572.
PHY-1001 : End initial routed; 4.541181s wall, 2.640625s user + 0.046875s system = 2.687500s CPU (59.2%)

PHY-1001 : Update timing.....
PHY-1001 : 11/2749(0%) critical/total net(s).
RUN-1001 : --------------------------------------
RUN-1001 :   Type   |  WNS(ns)  |  TNS(ns)  |  FEP  
RUN-1001 : --------------------------------------
RUN-1001 :   Setup  |  -0.230   |  -0.230   |   1   
RUN-1001 :   Hold   |   0.055   |   0.000   |   0   
RUN-1001 : --------------------------------------
PHY-1001 : End update timing; 0.600967s wall, 0.359375s user + 0.000000s system = 0.359375s CPU (59.8%)

PHY-1001 : Current memory(MB): used = 574, reserve = 546, peak = 574.
PHY-1001 : End phase 2; 5.142203s wall, 3.000000s user + 0.046875s system = 3.046875s CPU (59.3%)

PHY-1001 : ===== Detail Route Phase 3 =====
PHY-1001 : Optimize timing.....
PHY-1001 : ===== OPT Iter 1 =====
PHY-1001 : Processed 5 pins with SWNS 0.022ns STNS 0.000ns FEP 0.
PHY-1001 : End OPT Iter 1; 0.018906s wall, 0.015625s user + 0.000000s system = 0.015625s CPU (82.6%)

PHY-1022 : len = 427800, over cnt = 99(0%), over = 99, worst = 1, crit = 0
PHY-1001 : End optimize timing; 0.039413s wall, 0.031250s user + 0.000000s system = 0.031250s CPU (79.3%)

PHY-1001 : Ripup-reroute.....
PHY-1001 : ===== DR Iter 1 =====
PHY-1022 : len = 423504, over cnt = 51(0%), over = 51, worst = 1, crit = 0
PHY-1001 : End DR Iter 1; 0.186195s wall, 0.140625s user + 0.000000s system = 0.140625s CPU (75.5%)

PHY-1001 : ===== DR Iter 2 =====
PHY-1022 : len = 422936, over cnt = 11(0%), over = 11, worst = 1, crit = 0
PHY-1001 : End DR Iter 2; 0.045547s wall, 0.046875s user + 0.000000s system = 0.046875s CPU (102.9%)

PHY-1001 : ===== DR Iter 3 =====
PHY-1022 : len = 422488, over cnt = 1(0%), over = 1, worst = 1, crit = 0
PHY-1001 : End DR Iter 3; 0.056138s wall, 0.046875s user + 0.000000s system = 0.046875s CPU (83.5%)

PHY-1001 : ===== DR Iter 4 =====
PHY-1022 : len = 422520, over cnt = 0(0%), over = 0, worst = 0, crit = 0
PHY-1001 : End DR Iter 4; 0.028536s wall, 0.015625s user + 0.000000s system = 0.015625s CPU (54.8%)

PHY-1001 : Update timing.....
PHY-1001 : 6/2749(0%) critical/total net(s).
RUN-1001 : --------------------------------------
RUN-1001 :   Type   |  WNS(ns)  |  TNS(ns)  |  FEP  
RUN-1001 : --------------------------------------
RUN-1001 :   Setup  |  -0.218   |  -0.218   |   1   
RUN-1001 :   Hold   |   0.055   |   0.000   |   0   
RUN-1001 : --------------------------------------
PHY-1001 : End update timing; 0.598049s wall, 0.375000s user + 0.000000s system = 0.375000s CPU (62.7%)

PHY-1001 : Commit to database.....
PHY-1001 : 29 feed throughs used by 15 nets
PHY-1001 : End commit to database; 0.260198s wall, 0.234375s user + 0.000000s system = 0.234375s CPU (90.1%)

PHY-1001 : Current memory(MB): used = 594, reserve = 566, peak = 594.
PHY-1001 : End phase 3; 1.343941s wall, 0.968750s user + 0.000000s system = 0.968750s CPU (72.1%)

PHY-1001 : ===== Detail Route Phase 4 =====
PHY-1001 : Optimize timing.....
PHY-1001 : ===== OPT Iter 1 =====
PHY-1001 : Processed 1 pins with SWNS 0.022ns STNS 0.000ns FEP 0.
PHY-1001 : End OPT Iter 1; 0.012265s wall, 0.000000s user + 0.000000s system = 0.000000s CPU (n/a%)

PHY-1022 : len = 422512, over cnt = 1(0%), over = 1, worst = 1, crit = 0
PHY-1001 : End optimize timing; 0.031658s wall, 0.000000s user + 0.000000s system = 0.000000s CPU (n/a%)

PHY-0007 : Phase: 4; Congestion: {, , , }; Timing: {0.022ns, 0.000ns, 0}
PHY-1001 : Ripup-reroute.....
PHY-1001 : ===== DR Iter 1 =====
PHY-1022 : len = 422512, over cnt = 0(0%), over = 0, worst = 0, crit = 0
PHY-1001 : End DR Iter 1; 0.021417s wall, 0.000000s user + 0.000000s system = 0.000000s CPU (n/a%)

PHY-1001 : Update timing.....
PHY-1001 : 0/2749(0%) critical/total net(s).
RUN-1001 : --------------------------------------
RUN-1001 :   Type   |  WNS(ns)  |  TNS(ns)  |  FEP  
RUN-1001 : --------------------------------------
RUN-1001 :   Setup  |   0.022   |   0.000   |   0   
RUN-1001 :   Hold   |   0.055   |   0.000   |   0   
RUN-1001 : --------------------------------------
PHY-1001 : End update timing; 0.591086s wall, 0.375000s user + 0.000000s system = 0.375000s CPU (63.4%)

PHY-1001 : Commit to database.....
PHY-1001 : 29 feed throughs used by 15 nets
PHY-1001 : End commit to database; 0.267726s wall, 0.171875s user + 0.000000s system = 0.171875s CPU (64.2%)

PHY-1001 : Current memory(MB): used = 595, reserve = 568, peak = 595.
PHY-1001 : End phase 4; 0.927579s wall, 0.562500s user + 0.000000s system = 0.562500s CPU (60.6%)

PHY-1003 : Routed, final wirelength = 422512
PHY-1001 : Current memory(MB): used = 596, reserve = 568, peak = 596.
PHY-1001 : End export database. 0.009746s wall, 0.015625s user + 0.000000s system = 0.015625s CPU (160.3%)

PHY-1001 : End detail routing;  11.281799s wall, 7.062500s user + 0.062500s system = 7.125000s CPU (63.2%)

RUN-1003 : finish command "route" in  12.195288s wall, 7.593750s user + 0.062500s system = 7.656250s CPU (62.8%)

RUN-1004 : used memory is 567 MB, reserved memory is 541 MB, peak memory is 596 MB
RUN-1002 : start command "report_area -io_info -file pic_sdram_phy.area"
RUN-1001 : standard
***Report Model: top Device: EG4S20BG256***

IO Statistics
#IO                        47
  #input                    6
  #output                  37
  #inout                    4

Utilization Statistics
#lut                     2023   out of  19600   10.32%
#reg                     1436   out of  19600    7.33%
#le                      2467
  #lut only              1031   out of   2467   41.79%
  #reg only               444   out of   2467   18.00%
  #lut&reg                992   out of   2467   40.21%
#dsp                        0   out of     29    0.00%
#bram                       9   out of     64   14.06%
  #bram9k                   9
  #fifo9k                   0
#bram32k                    0   out of     16    0.00%
#pad                       47   out of    188   25.00%
  #ireg                     1
  #oreg                    34
  #treg                     0
#pll                        2   out of      4   50.00%
#gclk                       3   out of     16   18.75%

Clock Resource Statistics
Index     ClockNet                     Type               DriverType         Driver                         Fanout
#1        U3/u2_ram/u2_wrrd/Sdr_clk    GCLK               pll                sys_pll_m0/pll_inst.clkc1      267
#2        sys_pll_m0/clk0_buf          GCLK               pll                sys_pll_m0/pll_inst.clkc0      255
#3        config_inst_syn_9            GCLK               config             config_inst.jtck               217
#4        U3/u2_ram/SDRAM_CLK          GCLK               pll                sys_pll_m0/pll_inst.clkc3      90
#5        video_pll_m0/clk0_buf        GCLK               pll                video_pll_m0/pll_inst.clkc0    75
#6        clk_dup_1                    GCLK               io                 clk_syn_2.di                   27


Detailed IO Report

       Name         Direction    Location    IOStandard    DriveStrength    PullType    PackReg  
       clk            INPUT         R7        LVCMOS33          N/A           NONE       NONE    
       key1           INPUT         B2        LVCMOS33          N/A           NONE       IREG    
       key2           INPUT         B1        LVCMOS33          N/A           NONE       NONE    
      rst_n           INPUT         A2        LVCMOS33          N/A           NONE       NONE    
     sd_miso          INPUT        B14        LVCMOS33          N/A           NONE       NONE    
     switch1          INPUT         C8        LVCMOS33          N/A           NONE       NONE    
    flash_cs_n       OUTPUT         P8        LVCMOS33           8            NONE       NONE    
    flash_sck        OUTPUT         M9        LVCMOS33           8            NONE       NONE    
     sd_dclk         OUTPUT        A14        LVCMOS33           8            NONE       OREG    
     sd_mosi         OUTPUT        A13        LVCMOS33           8            NONE       OREG    
      sd_ncs         OUTPUT        A12        LVCMOS33           8            NONE       OREG    
   seg_data[7]       OUTPUT         A6        LVCMOS33           8            NONE       NONE    
   seg_data[6]       OUTPUT         A7        LVCMOS33           8            NONE       OREG    
   seg_data[5]       OUTPUT         A8        LVCMOS33           8            NONE       OREG    
   seg_data[4]       OUTPUT         B5        LVCMOS33           8            NONE       OREG    
   seg_data[3]       OUTPUT         A5        LVCMOS33           8            NONE       OREG    
   seg_data[2]       OUTPUT         B6        LVCMOS33           8            NONE       OREG    
   seg_data[1]       OUTPUT        C16        LVCMOS33           8            NONE       OREG    
   seg_data[0]       OUTPUT        C15        LVCMOS33           8            NONE       OREG    
    seg_sel[5]       OUTPUT        D11        LVCMOS33           8            NONE       OREG    
    seg_sel[4]       OUTPUT        E11        LVCMOS33           8            NONE       OREG    
    seg_sel[3]       OUTPUT        F10        LVCMOS33           8            NONE       OREG    
    seg_sel[2]       OUTPUT        C13        LVCMOS33           8            NONE       OREG    
    seg_sel[1]       OUTPUT        E10        LVCMOS33           8            NONE       OREG    
    seg_sel[0]       OUTPUT        E12        LVCMOS33           8            NONE       OREG    
   vga_out_b[4]      OUTPUT         D5        LVCMOS33           8            NONE       OREG    
   vga_out_b[3]      OUTPUT         D6        LVCMOS33           8            NONE       OREG    
   vga_out_b[2]      OUTPUT         E6        LVCMOS33           8            NONE       OREG    
   vga_out_b[1]      OUTPUT         F6        LVCMOS33           8            NONE       OREG    
   vga_out_b[0]      OUTPUT        H16        LVCMOS25           8            N/A        OREG    
   vga_out_g[5]      OUTPUT         N6        LVCMOS33           8            NONE       OREG    
   vga_out_g[4]      OUTPUT         N5        LVCMOS33           8            NONE       OREG    
   vga_out_g[3]      OUTPUT         P5        LVCMOS33           8            NONE       OREG    
   vga_out_g[2]      OUTPUT         T5        LVCMOS33           8            NONE       OREG    
   vga_out_g[1]      OUTPUT        G14        LVCMOS25           8            N/A        OREG    
   vga_out_g[0]      OUTPUT         F4        LVCMOS33           8            N/A        OREG    
    vga_out_hs       OUTPUT         E7        LVCMOS33           8            NONE       OREG    
   vga_out_r[4]      OUTPUT        E13        LVCMOS33           8            NONE       OREG    
   vga_out_r[3]      OUTPUT         L8        LVCMOS33           8            NONE       OREG    
   vga_out_r[2]      OUTPUT         L7        LVCMOS33           8            NONE       OREG    
   vga_out_r[1]      OUTPUT         R5        LVCMOS33           8            NONE       OREG    
   vga_out_r[0]      OUTPUT        M11        LVCMOS25           8            N/A        OREG    
    vga_out_vs       OUTPUT         F7        LVCMOS33           8            NONE       OREG    
  flash_qspi_IO0      INOUT         P7        LVCMOS33           8            NONE       NONE    
  flash_qspi_IO1      INOUT         N8        LVCMOS33           8            NONE       NONE    
  flash_qspi_IO2      INOUT         P9        LVCMOS33           8            NONE       NONE    
  flash_qspi_IO3      INOUT         R9        LVCMOS33           8            NONE       NONE    
       dm0           OUTPUT        S14        LVCMOS25           8            NONE       OREG    
       cke           OUTPUT        S18        LVCMOS25           8            NONE       NONE    
       we_n          OUTPUT        S19        LVCMOS25           8            NONE       OREG    
      cas_n          OUTPUT        S20        LVCMOS25           8            NONE       OREG    
      ras_n          OUTPUT        S21        LVCMOS25           8            NONE       OREG    
       cs_n          OUTPUT        S22        LVCMOS25           8            NONE       NONE    
     addr[9]         OUTPUT        S23        LVCMOS25           8            NONE       OREG    
     addr[8]         OUTPUT        S24        LVCMOS25           8            NONE       OREG    
     addr[7]         OUTPUT        S25        LVCMOS25           8            NONE       OREG    
     addr[6]         OUTPUT        S26        LVCMOS25           8            NONE       OREG    
     addr[5]         OUTPUT        S27        LVCMOS25           8            NONE       OREG    
     addr[4]         OUTPUT        S28        LVCMOS25           8            NONE       OREG    
       dm2           OUTPUT        S29        LVCMOS25           8            NONE       OREG    
       dm3           OUTPUT        S61        LVCMOS25           8            NONE       OREG    
     addr[3]         OUTPUT        S64        LVCMOS25           8            NONE       OREG    
     addr[2]         OUTPUT        S65        LVCMOS25           8            NONE       OREG    
     addr[1]         OUTPUT        S66        LVCMOS25           8            NONE       OREG    
     addr[0]         OUTPUT        S67        LVCMOS25           8            NONE       OREG    
     addr[10]        OUTPUT        S68        LVCMOS25           8            NONE       OREG    
      ba[0]          OUTPUT        S69        LVCMOS25           8            NONE       OREG    
      ba[1]          OUTPUT        S70        LVCMOS25           8            NONE       OREG    
       clk           OUTPUT        S73        LVCMOS25           8            NONE       NONE    
       dm1           OUTPUT        S76        LVCMOS25           8            NONE       OREG    
      dq[0]           INOUT         S1        LVCMOS25           8           PULLUP      IREG    
      dq[6]           INOUT        S11        LVCMOS25           8           PULLUP      IREG    
      dq[7]           INOUT        S12        LVCMOS25           8           PULLUP      IREG    
      dq[1]           INOUT         S2        LVCMOS25           8           PULLUP      IREG    
      dq[23]          INOUT        S31        LVCMOS25           8           PULLUP      IREG    
      dq[22]          INOUT        S32        LVCMOS25           8           PULLUP      IREG    
      dq[21]          INOUT        S35        LVCMOS25           8           PULLUP      IREG    
      dq[20]          INOUT        S36        LVCMOS25           8           PULLUP      IREG    
      dq[19]          INOUT        S37        LVCMOS25           8           PULLUP      IREG    
      dq[18]          INOUT        S38        LVCMOS25           8           PULLUP      IREG    
      dq[17]          INOUT        S41        LVCMOS25           8           PULLUP      IREG    
      dq[16]          INOUT        S42        LVCMOS25           8           PULLUP      IREG    
      dq[31]          INOUT        S48        LVCMOS25           8           PULLUP      IREG    
      dq[30]          INOUT        S49        LVCMOS25           8           PULLUP      IREG    
      dq[2]           INOUT         S5        LVCMOS25           8           PULLUP      IREG    
      dq[29]          INOUT        S52        LVCMOS25           8           PULLUP      IREG    
      dq[28]          INOUT        S53        LVCMOS25           8           PULLUP      IREG    
      dq[27]          INOUT        S54        LVCMOS25           8           PULLUP      IREG    
      dq[26]          INOUT        S55        LVCMOS25           8           PULLUP      IREG    
      dq[25]          INOUT        S58        LVCMOS25           8           PULLUP      IREG    
      dq[24]          INOUT        S59        LVCMOS25           8           PULLUP      IREG    
      dq[3]           INOUT         S6        LVCMOS25           8           PULLUP      IREG    
      dq[4]           INOUT         S7        LVCMOS25           8           PULLUP      IREG    
      dq[8]           INOUT        S78        LVCMOS25           8           PULLUP      IREG    
      dq[9]           INOUT        S79        LVCMOS25           8           PULLUP      IREG    
      dq[5]           INOUT         S8        LVCMOS25           8           PULLUP      IREG    
      dq[10]          INOUT        S82        LVCMOS25           8           PULLUP      IREG    
      dq[11]          INOUT        S83        LVCMOS25           8           PULLUP      IREG    
      dq[12]          INOUT        S84        LVCMOS25           8           PULLUP      IREG    
      dq[13]          INOUT        S85        LVCMOS25           8           PULLUP      IREG    
      dq[14]          INOUT        S88        LVCMOS25           8           PULLUP      IREG    
      dq[15]          INOUT        S89        LVCMOS25           8           PULLUP      IREG    

Report Hierarchy Area:
+-----------------------------------------------------------------------------------------------------------------------------------------+
|Instance                            |Module                                         |le     |lut     |ripple  |seq     |bram    |dsp     |
+-----------------------------------------------------------------------------------------------------------------------------------------+
|top                                 |top                                            |2467   |1660    |363     |1471    |9       |0       |
|  U3                                |sdram                                          |191    |58      |5       |182     |0       |0       |
|    u2_ram                          |sdr_as_ram                                     |191    |58      |5       |182     |0       |0       |
|      u1_init_ref                   |sdr_init_ref                                   |87     |13      |5       |79      |0       |0       |
|      u2_wrrd                       |sdr_wrrd                                       |104    |45      |0       |103     |0       |0       |
|  frame_read_write_m0               |frame_read_write                               |420    |275     |92      |257     |1       |0       |
|    frame_fifo_read_m0              |frame_fifo_read                                |115    |91      |24      |58      |0       |0       |
|    frame_fifo_write_m0             |frame_fifo_write                               |80     |61      |18      |33      |0       |0       |
|    read_buf                        |afifo_16_256                                   |114    |55      |25      |85      |1       |0       |
|      ram_inst                      |ram_infer_afifo_16_256                         |0      |0       |0       |0       |1       |0       |
|      rd_to_wr_cross_inst           |fifo_cross_domain_addr_process_al_afifo_16_256 |27     |15      |0       |27      |0       |0       |
|      wr_to_rd_cross_inst           |fifo_cross_domain_addr_process_al_afifo_16_256 |31     |15      |0       |31      |0       |0       |
|    write_buf                       |afifo_16_256                                   |111    |68      |25      |81      |0       |0       |
|      rd_to_wr_cross_inst           |fifo_cross_domain_addr_process_al_afifo_16_256 |30     |22      |0       |30      |0       |0       |
|      wr_to_rd_cross_inst           |fifo_cross_domain_addr_process_al_afifo_16_256 |28     |20      |0       |28      |0       |0       |
|  sd_card_bmp_m0                    |sd_card_bmp                                    |907    |753     |97      |375     |0       |0       |
|    ax_debounce_m0                  |ax_debounce                                    |59     |50      |9       |40      |0       |0       |
|    bmp_read_m0                     |bmp_read                                       |294    |193     |58      |155     |0       |0       |
|    sd_card_top_m0                  |sd_card_top                                    |554    |510     |30      |180     |0       |0       |
|      sd_card_cmd_m0                |sd_card_cmd                                    |316    |283     |25      |68      |0       |0       |
|      sd_card_sec_read_write_m0     |sd_card_sec_read_write                         |180    |174     |0       |80      |0       |0       |
|      spi_master_m0                 |spi_master                                     |58     |53      |5       |32      |0       |0       |
|  seg_scan_m0                       |seg_scan                                       |70     |48      |22      |17      |0       |0       |
|  sys_pll_m0                        |sys_pll                                        |0      |0       |0       |0       |0       |0       |
|  video_pll_m0                      |video_pll                                      |0      |0       |0       |0       |0       |0       |
|  video_timing_data_m0              |video_timing_data                              |51     |36      |8       |36      |0       |0       |
|    color_bar_m0                    |color_bar                                      |46     |34      |8       |31      |0       |0       |
|  cw_top                            |CW_TOP_WRAPPER                                 |812    |474     |139     |555     |0       |0       |
|    wrapper_cwc_top                 |cwc_top                                        |812    |474     |139     |555     |0       |0       |
|      cfg_int_inst                  |cwc_cfg_int                                    |383    |188     |0       |383     |0       |0       |
|        reg_inst                    |register                                       |380    |185     |0       |380     |0       |0       |
|        tap_inst                    |tap                                            |3      |3       |0       |3       |0       |0       |
|      trigger_inst                  |trigger                                        |429    |286     |139     |172     |0       |0       |
|        bus_inst                    |bus_top                                        |236    |154     |82      |91      |0       |0       |
|          BUS_DETECTOR[1]$bus_nodes |bus_det                                        |2      |2       |0       |2       |0       |0       |
|          BUS_DETECTOR[2]$bus_nodes |bus_det                                        |22     |14      |8       |10      |0       |0       |
|          BUS_DETECTOR[3]$bus_nodes |bus_det                                        |22     |14      |8       |10      |0       |0       |
|          BUS_DETECTOR[4]$bus_nodes |bus_det                                        |19     |11      |8       |7       |0       |0       |
|          BUS_DETECTOR[5]$bus_nodes |bus_det                                        |67     |43      |24      |22      |0       |0       |
|          BUS_DETECTOR[6]$bus_nodes |bus_det                                        |104    |70      |34      |40      |0       |0       |
|        emb_ctrl_inst               |emb_ctrl                                       |104    |75      |29      |49      |0       |0       |
+-----------------------------------------------------------------------------------------------------------------------------------------+


DataNet Average Fanout:

   Index     Fanout     Nets  
    #1          1       1668  
    #2          2       671   
    #3          3       315   
    #4          4       141   
    #5        5-10      164   
    #6        11-50      88   
    #7       51-100      1    
    #8       101-500     4    
  Average     2.72            

RUN-1002 : start command "export_db pic_sdram_pr.db"
RUN-1001 : Exported /
RUN-1001 : Exported flow parameters
RUN-1001 : Exported libs
RUN-1001 : Exported entities
RUN-1001 : Exported ports
RUN-1001 : Exported pins
RUN-1001 : Exported instances
RUN-1001 : Exported nets
RUN-1001 : Exported buses
RUN-1001 : Exported models
RUN-1001 : Exported congestions
RUN-1001 : Exported violations
RUN-1001 : Exported timing constraints
RUN-1001 : Exported IO constraints
RUN-1001 : Exported Inst constraints
RUN-1001 : Exported ChipWatcher
RUN-1002 : start command "start_timer"
TMR-2505 : Start building timing graph for model top.
TMR-2506 : Build timing graph completely. Port num: 22, tpin num: 12391, tnet num: 3105, tinst num: 1410, tnode num: 15945, tedge num: 20773.
TMR-2508 : Levelizing timing graph completed, there are 43 levels in total.
TMR-2501 : Timing graph initialized successfully.
RUN-1002 : start command "report_timing -mode FINAL -net_info -rpt_autogen true -file pic_sdram_phy.timing"
TMR-2503 : Start to update net delay, extr mode = 6.
TMR-2504 : Update delay of 3105 nets completely.
TMR-2502 : Annotate delay completely, extr mode = 6.
TMR-3001 : Initiate 5 clocks from SDC.
TMR-3004 : Map sdc constraints, there are 8 constraints in total.
TMR-3003 : Constraints initiated successfully.
TMR-3501 : Forward propagation: start to calculate arrival time...
TMR-3502 : Backward propagation: start to calculate required time...
TMR-3503 : Timing propagation completes.
TMR-3506 : Start to generate timing report.
TMR-1502 : Number of clock constraints = 5. Number of clock nets = 6 (1 unconstrainted).
TMR-5009 WARNING: No clock constraint on 1 clock net(s): 
		config_inst_syn_10
TMR-3508 : Export timing summary.
TMR-3507 : Timing report generated successfully in pic_sdram_phy.timing, timing summary in pic_sdram_phy.tsm.
RUN-1002 : start command "export_bid pic_sdram_inst.bid"
PRG-1000 : <!-- HMAC is: 93a6f464384d1ecb83e346b36bbdece3cc311304703f05e030bb794f8fda0e02 -->
RUN-1002 : start command "bitgen -bit pic_sdram.bit"
BIT-1003 : Start to generate bitstream. 
BIT-1002 : Init instances with 16 threads.
BIT-1002 : Init instances completely, inst num: 1410
BIT-1002 : Init pips with 16 threads.
BIT-1002 : Init pips completely, net num: 3107, pip num: 29797
BIT-1002 : Init feedthrough with 16 threads.
BIT-1002 : Init feedthrough completely, num: 29
BIT-1003 : Multithreading accelaration with 16 threads.
BIT-1003 : Generate bitstream completely, there are 2185 valid insts, and 81399 bits set as '1'.
BIT-1004 : the usercode register value: 00000000110110110110110111010100
BIT-1004 : PLL setting string = 0110
BIT-1004 : Generate bits file pic_sdram.bit.
RUN-1003 : finish command "bitgen -bit pic_sdram.bit" in  3.324925s wall, 31.296875s user + 0.015625s system = 31.312500s CPU (941.8%)

RUN-1004 : used memory is 594 MB, reserved memory is 566 MB, peak memory is 751 MB
RUN-1002 : start command "backup_run_log run.log ../.logs/phy_1/td_20231214_153422.log"
