============================================================
   Tang Dynasty, V5.6.71036
      Copyright (c) 2012-2023 Anlogic Inc.
   Executable = D:/Program/Anlogic/TD5.6.2/bin/td.exe
   Built at =   20:34:38 Mar 21 2023
   Run by =     28408
   Run Date =   Thu Dec 14 15:58:59 2023

   Run on =     DESKTOP-T1B5OP5
============================================================
RUN-1002 : start command "open_project pic_sdram.prj"
RUN-1001 : Print Global Property
RUN-1001 : ---------------------------------------------------------------
RUN-1001 :        Parameters        |  Settings  |  Default Values  |  Note  
RUN-1001 : ---------------------------------------------------------------
RUN-1001 :          message         |  standard  |     standard     |        
RUN-1001 :   mixed_pack_place_flow  |     on     |        on        |        
RUN-1001 :        qor_monitor       |    off     |       off        |        
RUN-1001 :        syn_ip_flow       |    off     |       off        |        
RUN-1001 :          thread          |    auto    |       auto       |        
RUN-1001 : ---------------------------------------------------------------
RUN-1001 : Print Design Property
RUN-1001 : --------------------------------------------------------------
RUN-1001 :        Parameters       |  Settings  |  Default Values  |  Note  
RUN-1001 : --------------------------------------------------------------
RUN-1001 :   default_reg_initial   |    auto    |       auto       |        
RUN-1001 :        infer_add        |     on     |        on        |        
RUN-1001 :        infer_fsm        |    off     |       off        |        
RUN-1001 :        infer_mult       |     on     |        on        |        
RUN-1001 :        infer_ram        |     on     |        on        |        
RUN-1001 :        infer_reg        |     on     |        on        |        
RUN-1001 :   infer_reg_init_value  |     on     |        on        |        
RUN-1001 :        infer_rom        |     on     |        on        |        
RUN-1001 :      infer_shifter      |     on     |        on        |        
RUN-1001 : --------------------------------------------------------------
RUN-1001 : Print Rtl Property
RUN-1001 : --------------------------------------------------------------
RUN-1001 :        Parameters       |  Settings  |  Default Values  |  Note  
RUN-1001 : --------------------------------------------------------------
RUN-1001 :       compress_add      |   ripple   |      ripple      |        
RUN-1001 :        elf_sload        |    off     |       off        |        
RUN-1001 :       fix_undriven      |     0      |        0         |        
RUN-1001 :         flatten         |    off     |       off        |        
RUN-1001 :       gate_sharing      |     on     |        on        |        
RUN-1001 :    hdl_warning_level    |   normal   |      normal      |        
RUN-1001 :   impl_internal_tribuf  |     on     |        on        |        
RUN-1001 :      impl_set_reset     |     on     |        on        |        
RUN-1001 :        infer_gsr        |    off     |       off        |        
RUN-1001 :      keep_hierarchy     |    auto    |       auto       |        
RUN-1001 :        max_fanout       |    9999    |       9999       |        
RUN-1001 :      max_oh2bin_len     |     10     |        10        |        
RUN-1001 :       merge_equal       |     on     |        on        |        
RUN-1001 :       merge_equiv       |     on     |        on        |        
RUN-1001 :        merge_mux        |    off     |       off        |        
RUN-1001 :     min_control_set     |     8      |        8         |        
RUN-1001 :      min_ripple_len     |    auto    |       auto       |        
RUN-1001 :       oh2bin_ratio      |    0.08    |       0.08       |        
RUN-1001 :     opt_adder_fanout    |     on     |        on        |        
RUN-1001 :        opt_arith        |     on     |        on        |        
RUN-1001 :       opt_big_gate      |    off     |       off        |        
RUN-1001 :        opt_const        |     on     |        on        |        
RUN-1001 :      opt_const_mult     |     on     |        on        |        
RUN-1001 :       opt_lessthan      |     on     |        on        |        
RUN-1001 :         opt_mux         |    off     |       off        |        
RUN-1001 :         opt_ram         |    high    |       high       |        
RUN-1001 :      rtl_sim_model      |    off     |       off        |        
RUN-1001 :         seq_syn         |     on     |        on        |        
RUN-1001 : --------------------------------------------------------------
HDL-1007 : analyze verilog file ../../al_ip/sys_pll.v
HDL-1007 : undeclared symbol 'open', assumed default net type 'wire' in ../../al_ip/sys_pll.v(84)
HDL-1007 : analyze verilog file ../../al_ip/video_pll.v
HDL-1007 : undeclared symbol 'open', assumed default net type 'wire' in ../../al_ip/video_pll.v(63)
HDL-1007 : analyze verilog file ../../al_ip/afifo_16_256.v
HDL-1007 : analyze verilog file ../../src/ax_debounce.v
HDL-1007 : analyze verilog file ../../src/bmp_read.v
HDL-1007 : analyze verilog file ../../src/color_bar.v
HDL-1007 : analyze included file ../../src/video_define.v in ../../src/color_bar.v(2)
HDL-1007 : back to file '../../src/color_bar.v' in ../../src/color_bar.v(2)
HDL-1007 : analyze verilog file ../../src/frame_fifo_read.v
HDL-1007 : analyze verilog file ../../src/frame_fifo_write.v
HDL-1007 : analyze verilog file ../../src/frame_read_write.v
HDL-1007 : analyze verilog file ../../src/sd_card/sd_card_cmd.v
HDL-1007 : analyze verilog file ../../src/sd_card/sd_card_sec_read_write.v
HDL-1007 : analyze verilog file ../../src/sd_card/sd_card_top.v
HDL-1007 : analyze verilog file ../../src/sd_card/spi_master.v
HDL-1007 : analyze verilog file ../../src/sd_card_bmp.v
HDL-1007 : analyze verilog file ../../src/seg_decoder.v
HDL-1007 : analyze verilog file ../../src/seg_scan.v
HDL-1007 : analyze verilog file ../../src/top.v
HDL-1007 : undeclared symbol 'sdram_clk', assumed default net type 'wire' in ../../src/top.v(102)
HDL-1007 : analyze verilog file ../../src/video_timing_data.v
HDL-1007 : analyze verilog file ../../src/sdram_r/sdram_para.v
HDL-1007 : analyze verilog file ../../src/sdram/enc_file/global_def.v
HDL-1007 : analyze verilog file ../../src/sdram/enc_file/sdr_as_ram.enc.v
Copyright (c) 1998-2019 The OpenSSL Project.  All rights reserved.
This product includes software developed by the OpenSSL Project
for use in the OpenSSL Toolkit (http://www.openssl.org/)
Copyright (C) 1995-1998 Eric Young (eay@cryptsoft.com)
All rights reserved.
This product includes cryptographic software written by Eric Young (eay@cryptsoft.com)
HDL-1007 : back to file '../../src/sdram/enc_file/sdr_as_ram.enc.v' in ../../src/sdram/enc_file/sdr_as_ram.enc.v(148)
HDL-1007 : analyze verilog file ../../src/sdram/enc_file/sdr_init_ref.enc.v
HDL-1007 : undeclared symbol '**', assumed default net type '**' in encrypted_text(0)
HDL-1007 : back to file '../../src/sdram/enc_file/sdr_init_ref.enc.v' in ../../src/sdram/enc_file/sdr_init_ref.enc.v(242)
HDL-5007 WARNING: concatenation with an unsized literal will be treated as 32 bits in encrypted_text(0)
HDL-1007 : analyze verilog file ../../src/sdram/enc_file/sdr_wrrd.enc.v
HDL-5007 WARNING: concatenation with an unsized literal will be treated as 32 bits in encrypted_text(0)
HDL-1007 : back to file '../../src/sdram/enc_file/sdr_wrrd.enc.v' in ../../src/sdram/enc_file/sdr_wrrd.enc.v(255)
HDL-1007 : analyze verilog file ../../src/sdram/sdram.v
HDL-1007 : analyze included file D:\Projects\2023_10_10_HX4S20_test\spi_FLASH_SDRAM_pic\HX4S20\/./src/sdram/enc_file/global_def.v in ../../src/sdram/sdram.v(10)
HDL-1007 : back to file '../../src/sdram/sdram.v' in ../../src/sdram/sdram.v(10)
HDL-1007 : undeclared symbol 'Sdr_busy', assumed default net type 'wire' in ../../src/sdram/sdram.v(63)
HDL-1007 : undeclared symbol 'SDR_CKE', assumed default net type 'wire' in ../../src/sdram/sdram.v(88)
RUN-1001 : Project manager successfully analyzed 25 source files.
RUN-1002 : start command "import_device eagle_s20.db -package EG4S20BG256"
ARC-1001 : Device Initialization.
ARC-1001 : ------------------------------------------------------------------
ARC-1001 :            OPTION            |          IO          |   SETTING   
ARC-1001 : ------------------------------------------------------------------
ARC-1001 :   cso_b/cclk/mosi/miso/dout  |  T3/R11/T10/P10/S11  |    gpio    
ARC-1001 :             done             |         P13          |    gpio    
ARC-1001 :           program_b          |          T2          |  dedicate  
ARC-1001 :        tdi/tms/tck/tdo       |   C12/A15/C14/E14    |  dedicate  
ARC-1001 : ------------------------------------------------------------------
ARC-1004 : Device setting, marked 5 dedicate IOs in total.
RUN-1002 : start command "import_db ../syn_1/pic_sdram_gate.db"
RUN-1001 : Importing database generated by Tang Dynasty, V5.6.71036.
RUN-1001 : Database version number 46146.
RUN-1001 : Import flow parameters
RUN-1001 : Import timing constraints
RUN-1001 : Import IO constraints
RUN-1001 : Import Inst constraints
RUN-1001 : Import design success TD_VERSION=5.6.71036 , DB_VERSION=46146
RUN-1002 : start command "read_sdc ../../top.sdc"
RUN-1002 : start command "get_ports clk"
RUN-1002 : start command "create_clock -name clk -period 20 -waveform 0 10 "
RUN-1102 : create_clock: clock name: clk, type: 0, period: 20000, rise: 0, fall: 10000.
RUN-1002 : start command "derive_pll_clocks"
USR-1002 : Gen clock cmd:  create_generated_clock -name {sys_pll_m0/pll_inst.clkc[0]} -source [get_ports {clk}] -master_clock {clk} -multiply_by 2.0000 [get_pins {sys_pll_m0/pll_inst.clkc[0]}]
RUN-1002 : start command "get_ports clk"
RUN-1002 : start command "get_pins sys_pll_m0/pll_inst.clkc[0]"
RUN-1002 : start command "create_generated_clock -name sys_pll_m0/pll_inst.clkc[0] -source  -master_clock clk -multiply_by 2.0000 "
USR-1002 : Gen clock cmd:  create_generated_clock -name {sys_pll_m0/pll_inst.clkc[1]} -source [get_ports {clk}] -master_clock {clk} -multiply_by 3.0000 [get_pins {sys_pll_m0/pll_inst.clkc[1]}]
RUN-1002 : start command "get_ports clk"
RUN-1002 : start command "get_pins sys_pll_m0/pll_inst.clkc[1]"
RUN-1002 : start command "create_generated_clock -name sys_pll_m0/pll_inst.clkc[1] -source  -master_clock clk -multiply_by 3.0000 "
USR-1002 : Gen clock cmd:  create_generated_clock -name {sys_pll_m0/pll_inst.clkc[3]} -source [get_ports {clk}] -master_clock {clk} -multiply_by 3.0000 -phase 180 [get_pins {sys_pll_m0/pll_inst.clkc[3]}]
RUN-1002 : start command "get_ports clk"
RUN-1002 : start command "get_pins sys_pll_m0/pll_inst.clkc[3]"
RUN-1002 : start command "create_generated_clock -name sys_pll_m0/pll_inst.clkc[3] -source  -master_clock clk -multiply_by 3.0000 -phase 180 "
USR-1002 : Gen clock cmd:  create_generated_clock -name {video_pll_m0/pll_inst.clkc[0]} -source [get_ports {clk}] -master_clock {clk} -divide_by 2.0000 [get_pins {video_pll_m0/pll_inst.clkc[0]}]
RUN-1002 : start command "get_ports clk"
RUN-1002 : start command "get_pins video_pll_m0/pll_inst.clkc[0]"
RUN-1002 : start command "create_generated_clock -name video_pll_m0/pll_inst.clkc[0] -source  -master_clock clk -divide_by 2.0000 "
RUN-1002 : start command "get_ports clk"
RUN-1002 : start command "get_pins sys_pll_m0/pll_inst.clkc[0]"
RUN-1002 : start command "rename_clock -name sd_card_clk -source  -master_clock clk "
RUN-1105 : Rename Clock: clock sys_pll_m0/pll_inst.clkc[0] was renamed, new name is sd_card_clk.
RUN-1002 : start command "get_ports clk"
RUN-1002 : start command "get_pins sys_pll_m0/pll_inst.clkc[1]"
RUN-1002 : start command "rename_clock -name ext_mem_clk -source  -master_clock clk "
RUN-1105 : Rename Clock: clock sys_pll_m0/pll_inst.clkc[1] was renamed, new name is ext_mem_clk.
RUN-1002 : start command "get_ports clk"
RUN-1002 : start command "get_pins sys_pll_m0/pll_inst.clkc[2]"
RUN-1002 : start command "rename_clock -name flash_sys_clk -source  -master_clock clk "
RUN-1107 : Rename Clock: new clock flash_sys_clk is created by rename_clock temporarily.
RUN-1002 : start command "get_ports clk"
RUN-1002 : start command "get_pins video_pll_m0/pll_inst.clkc[0]"
RUN-1002 : start command "rename_clock -name video_clk -source  -master_clock clk "
RUN-1105 : Rename Clock: clock video_pll_m0/pll_inst.clkc[0] was renamed, new name is video_clk.
RUN-1002 : start command "read_sdc -ip afifo_16_256 ../../al_ip/afifo_16_256.tcl"
RUN-1002 : start command "get_ports clkw"
RUN-1002 : start command "get_nets  clkw  "
RUN-1002 : start command "get_clocks -nowarn -of nets 8963596746752"
RUN-1002 : start command "get_ports clkr"
RUN-1002 : start command "get_nets  clkr  "
RUN-1002 : start command "get_clocks -nowarn -of nets 17892833755136"
RUN-1002 : start command "get_property -nowarn -max PERIOD "
RUN-1002 : start command "get_property -nowarn -max PERIOD "
RUN-1002 : start command "get_regs rd_to_wr_cross_inst/primary_addr_gray_reg[*]"
RUN-1002 : start command "get_regs rd_to_wr_cross_inst/sync_r1[*]"
RUN-1002 : start command "set_max_delay -from  -to  6.3660000000000005 -datapath_only"
RUN-1002 : start command "get_regs rd_to_wr_cross_inst/primary_addr_gray_reg[*]"
RUN-1002 : start command "get_regs rd_to_wr_cross_inst/sync_r1[*]"
RUN-1002 : start command "set_false_path -from  -to  -hold 6.3660000000000005"
USR-1002 : set_false_path -help -setup -hold -from <list> -rise_from <list> -fall_from <list> -to <list> -rise_to <list> -fall_to <list> -through <list>
RUN-1002 : start command "get_regs wr_to_rd_cross_inst/primary_addr_gray_reg[*]"
RUN-1002 : start command "get_regs wr_to_rd_cross_inst/sync_r1[*]"
RUN-1002 : start command "set_max_delay -from  -to  6.3660000000000005 -datapath_only"
RUN-1002 : start command "get_regs wr_to_rd_cross_inst/primary_addr_gray_reg[*]"
RUN-1002 : start command "get_regs wr_to_rd_cross_inst/sync_r1[*]"
RUN-1002 : start command "set_false_path -from  -to  -hold 6.3660000000000005"
USR-1002 : set_false_path -help -setup -hold -from <list> -rise_from <list> -fall_from <list> -to <list> -rise_to <list> -fall_to <list> -through <list>
RUN-1002 : start command "get_ports clkw"
RUN-1002 : start command "get_nets  clkw  "
RUN-1002 : start command "get_clocks -nowarn -of nets 23867133263872"
RUN-1002 : start command "get_ports clkr"
RUN-1002 : start command "get_nets  clkr  "
RUN-1002 : start command "get_clocks -nowarn -of nets 8963596746752"
RUN-1002 : start command "get_property -nowarn -max PERIOD "
RUN-1002 : start command "get_property -nowarn -max PERIOD "
RUN-1002 : start command "get_regs rd_to_wr_cross_inst/primary_addr_gray_reg[*]"
RUN-1002 : start command "get_regs rd_to_wr_cross_inst/sync_r1[*]"
RUN-1002 : start command "set_max_delay -from  -to  6.3660000000000005 -datapath_only"
RUN-1002 : start command "get_regs rd_to_wr_cross_inst/primary_addr_gray_reg[*]"
RUN-1002 : start command "get_regs rd_to_wr_cross_inst/sync_r1[*]"
RUN-1002 : start command "set_false_path -from  -to  -hold 6.3660000000000005"
USR-1002 : set_false_path -help -setup -hold -from <list> -rise_from <list> -fall_from <list> -to <list> -rise_to <list> -fall_to <list> -through <list>
RUN-1002 : start command "get_regs wr_to_rd_cross_inst/primary_addr_gray_reg[*]"
RUN-1002 : start command "get_regs wr_to_rd_cross_inst/sync_r1[*]"
RUN-1002 : start command "set_max_delay -from  -to  6.3660000000000005 -datapath_only"
RUN-1002 : start command "get_regs wr_to_rd_cross_inst/primary_addr_gray_reg[*]"
RUN-1002 : start command "get_regs wr_to_rd_cross_inst/sync_r1[*]"
RUN-1002 : start command "set_false_path -from  -to  -hold 6.3660000000000005"
USR-1002 : set_false_path -help -setup -hold -from <list> -rise_from <list> -fall_from <list> -to <list> -rise_to <list> -fall_to <list> -through <list>
RUN-1002 : start command "config_chipwatcher ../../A.cwc -dir "
RUN-1002 : start command "legalize_phy_inst"
SYN-1011 : Flatten model top
KIT-1004 : ChipWatcher: import watcher inst auto_chipwatcher_0 completed, there are 11 view nodes, 93 trigger nets, 93 data nets.
KIT-1004 : Chipwatcher code = 0001011001011100
RUN-1002 : start command "compile_watcher"
RUN-1002 : start command "read_verilog -no_sch -dir D:/Program/Anlogic/TD5.6.2/cw/ -file pic_sdram_watcherInst.sv -lib cw -top CW_TOP_WRAPPER"
HDL-1007 : analyze verilog file D:/Program/Anlogic/TD5.6.2/cw\bus_det.v
HDL-1007 : analyze verilog file D:/Program/Anlogic/TD5.6.2/cw\bus_top.sv
HDL-1007 : analyze verilog file D:/Program/Anlogic/TD5.6.2/cw\cfg_int.v
HDL-1007 : analyze verilog file D:/Program/Anlogic/TD5.6.2/cw\cwc_cfg_int.v
HDL-1007 : analyze verilog file D:/Program/Anlogic/TD5.6.2/cw\cwc_top.sv
HDL-1007 : analyze verilog file D:/Program/Anlogic/TD5.6.2/cw\detect_bus.v
HDL-1007 : analyze verilog file D:/Program/Anlogic/TD5.6.2/cw\detect_non_bus.v
HDL-1007 : analyze verilog file D:/Program/Anlogic/TD5.6.2/cw\emb_ctrl.v
HDL-1007 : analyze verilog file D:/Program/Anlogic/TD5.6.2/cw\register.v
HDL-1007 : analyze verilog file D:/Program/Anlogic/TD5.6.2/cw\tap.v
HDL-1007 : analyze verilog file D:/Program/Anlogic/TD5.6.2/cw\trigger.sv
HDL-1007 : analyze verilog file pic_sdram_watcherInst.sv
HDL-1007 : elaborate module CW_TOP_WRAPPER in pic_sdram_watcherInst.sv(1)
HDL-1007 : elaborate module cwc_top(BUS_NUM=11,BUS_DIN_NUM=93,BUS_CTRL_NUM=230,BUS_WIDTH='{32'sb01,32'sb01,32'sb0101,32'sb0110,32'sb0101,32'sb01010,32'sb01,32'sb01010,32'sb010101,32'sb01,32'sb0100000},BUS_DIN_POS='{32'sb0,32'sb01,32'sb010,32'sb0111,32'sb01101,32'sb010010,32'sb011100,32'sb011101,32'sb0100111,32'sb0111100,32'sb0111101},BUS_CTRL_POS='{32'sb0,32'sb0110,32'sb01100,32'sb011010,32'sb0101010,32'sb0111000,32'sb01010000,32'sb01010110,32'sb01101110,32'sb010011100,32'sb010100010}) in D:/Program/Anlogic/TD5.6.2/cw\cwc_top.sv(21)
HDL-1007 : elaborate module cwc_cfg_int(CTRL_REG_LEN=252) in D:/Program/Anlogic/TD5.6.2/cw\cwc_cfg_int.v(21)
HDL-1007 : elaborate module register(CTRL_REG_LEN=252) in D:/Program/Anlogic/TD5.6.2/cw\register.v(21)
HDL-1007 : elaborate module tap in D:/Program/Anlogic/TD5.6.2/cw\tap.v(21)
HDL-1007 : elaborate module trigger(BUS_NUM=11,BUS_DIN_NUM=93,BUS_CTRL_NUM=230,BUS_WIDTH='{32'sb01,32'sb01,32'sb0101,32'sb0110,32'sb0101,32'sb01010,32'sb01,32'sb01010,32'sb010101,32'sb01,32'sb0100000},BUS_DIN_POS='{32'sb0,32'sb01,32'sb010,32'sb0111,32'sb01101,32'sb010010,32'sb011100,32'sb011101,32'sb0100111,32'sb0111100,32'sb0111101},BUS_CTRL_POS='{32'sb0,32'sb0110,32'sb01100,32'sb011010,32'sb0101010,32'sb0111000,32'sb01010000,32'sb01010110,32'sb01101110,32'sb010011100,32'sb010100010}) in D:/Program/Anlogic/TD5.6.2/cw\trigger.sv(21)
HDL-1007 : elaborate module bus_top(BUS_NODE_NUM=11,BUS_DIN_NUM=93,BUS_CTRL_NUM=230,BUS_WIDTH='{32'sb01,32'sb01,32'sb0101,32'sb0110,32'sb0101,32'sb01010,32'sb01,32'sb01010,32'sb010101,32'sb01,32'sb0100000},BUS_DIN_POS='{32'sb0,32'sb01,32'sb010,32'sb0111,32'sb01101,32'sb010010,32'sb011100,32'sb011101,32'sb0100111,32'sb0111100,32'sb0111101},BUS_CTRL_POS='{32'sb0,32'sb0110,32'sb01100,32'sb011010,32'sb0101010,32'sb0111000,32'sb01010000,32'sb01010110,32'sb01101110,32'sb010011100,32'sb010100010}) in D:/Program/Anlogic/TD5.6.2/cw\bus_top.sv(22)
HDL-1007 : elaborate module bus_det(BUS_WIDTH=32'sb01) in D:/Program/Anlogic/TD5.6.2/cw\bus_det.v(21)
HDL-1007 : elaborate module bus_det(BUS_WIDTH=32'sb0101) in D:/Program/Anlogic/TD5.6.2/cw\bus_det.v(21)
HDL-1007 : elaborate module bus_det(BUS_WIDTH=32'sb0110) in D:/Program/Anlogic/TD5.6.2/cw\bus_det.v(21)
HDL-1007 : elaborate module bus_det(BUS_WIDTH=32'sb01010) in D:/Program/Anlogic/TD5.6.2/cw\bus_det.v(21)
HDL-1007 : elaborate module bus_det(BUS_WIDTH=32'sb010101) in D:/Program/Anlogic/TD5.6.2/cw\bus_det.v(21)
HDL-1007 : elaborate module bus_det(BUS_WIDTH=32'sb0100000) in D:/Program/Anlogic/TD5.6.2/cw\bus_det.v(21)
HDL-1007 : elaborate module emb_ctrl in D:/Program/Anlogic/TD5.6.2/cw\emb_ctrl.v(21)
HDL-1200 : Current top model is CW_TOP_WRAPPER
HDL-1100 : Inferred 0 RAMs.
RUN-1002 : start command "force_keep -a auto_chipwatcher_0_logicbram"
RUN-1002 : start command "optimize_rtl -no_sch"
RUN-1001 : Open license file D:/Program/Anlogic/TD5.6.2/license/Anlogic.lic
RUN-1001 : Print Global Property
RUN-1001 : ---------------------------------------------------------------
RUN-1001 :        Parameters        |  Settings  |  Default Values  |  Note  
RUN-1001 : ---------------------------------------------------------------
RUN-1001 :          message         |  standard  |     standard     |        
RUN-1001 :   mixed_pack_place_flow  |     on     |        on        |        
RUN-1001 :        qor_monitor       |    off     |       off        |        
RUN-1001 :        syn_ip_flow       |    off     |       off        |        
RUN-1001 :          thread          |    auto    |       auto       |        
RUN-1001 : ---------------------------------------------------------------
RUN-1001 : Print Rtl Property
RUN-1001 : --------------------------------------------------------------
RUN-1001 :        Parameters       |  Settings  |  Default Values  |  Note  
RUN-1001 : --------------------------------------------------------------
RUN-1001 :       compress_add      |   ripple   |      ripple      |        
RUN-1001 :        elf_sload        |    off     |       off        |        
RUN-1001 :       fix_undriven      |     0      |        0         |        
RUN-1001 :         flatten         |    off     |       off        |        
RUN-1001 :       gate_sharing      |     on     |        on        |        
RUN-1001 :    hdl_warning_level    |   normal   |      normal      |        
RUN-1001 :   impl_internal_tribuf  |     on     |        on        |        
RUN-1001 :      impl_set_reset     |     on     |        on        |        
RUN-1001 :        infer_gsr        |    off     |       off        |        
RUN-1001 :      keep_hierarchy     |    auto    |       auto       |        
RUN-1001 :        max_fanout       |    9999    |       9999       |        
RUN-1001 :      max_oh2bin_len     |     10     |        10        |        
RUN-1001 :       merge_equal       |     on     |        on        |        
RUN-1001 :       merge_equiv       |     on     |        on        |        
RUN-1001 :        merge_mux        |    off     |       off        |        
RUN-1001 :     min_control_set     |     8      |        8         |        
RUN-1001 :      min_ripple_len     |    auto    |       auto       |        
RUN-1001 :       oh2bin_ratio      |    0.08    |       0.08       |        
RUN-1001 :     opt_adder_fanout    |     on     |        on        |        
RUN-1001 :        opt_arith        |     on     |        on        |        
RUN-1001 :       opt_big_gate      |    off     |       off        |        
RUN-1001 :        opt_const        |     on     |        on        |        
RUN-1001 :      opt_const_mult     |     on     |        on        |        
RUN-1001 :       opt_lessthan      |     on     |        on        |        
RUN-1001 :         opt_mux         |    off     |       off        |        
RUN-1001 :         opt_ram         |    high    |       high       |        
RUN-1001 :      rtl_sim_model      |    off     |       off        |        
RUN-1001 :         seq_syn         |     on     |        on        |        
RUN-1001 : --------------------------------------------------------------
SYN-1012 : SanityCheck: Model "top"
SYN-1012 : SanityCheck: Model "CW_TOP_WRAPPER"
SYN-1012 : SanityCheck: Model "cwc_top(BUS_NUM=11,BUS_DIN_NUM=93,BUS_CTRL_NUM=230,BUS_WIDTH='{32'sb01,32'sb01,32'sb0101,32'sb0110,32'sb0101,32'sb01010,32'sb01,32'sb01010,32'sb010101,32'sb01,32'sb0100000},BUS_DIN_POS='{32'sb0,32'sb01,32'sb010,32'sb0111,32'sb01101,32'sb010010,32'sb011100,32'sb011101,32'sb0100111,32'sb0111100,32'sb0111101},BUS_CTRL_POS='{32'sb0,32'sb0110,32'sb01100,32'sb011010,32'sb0101010,32'sb0111000,32'sb01010000,32'sb01010110,32'sb01101110,32'sb010011100,32'sb010100010})"
SYN-1012 : SanityCheck: Model "cwc_cfg_int(CTRL_REG_LEN=252)"
SYN-1012 : SanityCheck: Model "register(CTRL_REG_LEN=252)"
SYN-1012 : SanityCheck: Model "tap"
SYN-1012 : SanityCheck: Model "trigger(BUS_NUM=11,BUS_DIN_NUM=93,BUS_CTRL_NUM=230,BUS_WIDTH='{32'sb01,32'sb01,32'sb0101,32'sb0110,32'sb0101,32'sb01010,32'sb01,32'sb01010,32'sb010101,32'sb01,32'sb0100000},BUS_DIN_POS='{32'sb0,32'sb01,32'sb010,32'sb0111,32'sb01101,32'sb010010,32'sb011100,32'sb011101,32'sb0100111,32'sb0111100,32'sb0111101},BUS_CTRL_POS='{32'sb0,32'sb0110,32'sb01100,32'sb011010,32'sb0101010,32'sb0111000,32'sb01010000,32'sb01010110,32'sb01101110,32'sb010011100,32'sb010100010})"
SYN-1012 : SanityCheck: Model "bus_top(BUS_NODE_NUM=11,BUS_DIN_NUM=93,BUS_CTRL_NUM=230,BUS_WIDTH='{32'sb01,32'sb01,32'sb0101,32'sb0110,32'sb0101,32'sb01010,32'sb01,32'sb01010,32'sb010101,32'sb01,32'sb0100000},BUS_DIN_POS='{32'sb0,32'sb01,32'sb010,32'sb0111,32'sb01101,32'sb010010,32'sb011100,32'sb011101,32'sb0100111,32'sb0111100,32'sb0111101},BUS_CTRL_POS='{32'sb0,32'sb0110,32'sb01100,32'sb011010,32'sb0101010,32'sb0111000,32'sb01010000,32'sb01010110,32'sb01101110,32'sb010011100,32'sb010100010})"
SYN-1012 : SanityCheck: Model "bus_det(BUS_WIDTH=32'sb01)"
SYN-1012 : SanityCheck: Model "bus_det(BUS_WIDTH=32'sb0100000)"
SYN-1012 : SanityCheck: Model "bus_det(BUS_WIDTH=32'sb0101)"
SYN-1012 : SanityCheck: Model "bus_det(BUS_WIDTH=32'sb0110)"
SYN-1012 : SanityCheck: Model "bus_det(BUS_WIDTH=32'sb01010)"
SYN-1012 : SanityCheck: Model "bus_det(BUS_WIDTH=32'sb010101)"
SYN-1012 : SanityCheck: Model "emb_ctrl"
SYN-1011 : Flatten model top
SYN-1032 : 5597/49 useful/useless nets, 3806/26 useful/useless insts
SYN-1016 : Merged 52 instances.
SYN-1032 : 5006/8 useful/useless nets, 4524/8 useful/useless insts
SYN-1014 : Optimize round 1
SYN-1032 : 4990/16 useful/useless nets, 4512/12 useful/useless insts
SYN-1021 : Optimized 7 onehot mux instances.
SYN-1020 : Optimized 1 distributor mux.
SYN-1019 : Optimized 7 mux instances.
SYN-1015 : Optimize round 1, 743 better
SYN-1014 : Optimize round 2
SYN-1032 : 4352/105 useful/useless nets, 3874/112 useful/useless insts
SYN-1015 : Optimize round 2, 224 better
SYN-1014 : Optimize round 1
SYN-1015 : Optimize round 1, 0 better
RUN-1002 : start command "optimize_gate -no_sch"
RUN-1001 : Open license file D:/Program/Anlogic/TD5.6.2/license/Anlogic.lic
RUN-1001 : Print Global Property
RUN-1001 : ---------------------------------------------------------------
RUN-1001 :        Parameters        |  Settings  |  Default Values  |  Note  
RUN-1001 : ---------------------------------------------------------------
RUN-1001 :          message         |  standard  |     standard     |        
RUN-1001 :   mixed_pack_place_flow  |     on     |        on        |        
RUN-1001 :        qor_monitor       |    off     |       off        |        
RUN-1001 :        syn_ip_flow       |    off     |       off        |        
RUN-1001 :          thread          |    auto    |       auto       |        
RUN-1001 : ---------------------------------------------------------------
RUN-1001 : Print Gate Property
RUN-1001 : ------------------------------------------------------------------
RUN-1001 :          Parameters         |  Settings  |  Default Values  |  Note  
RUN-1001 : ------------------------------------------------------------------
RUN-1001 :         cascade_dsp         |    off     |       off        |        
RUN-1001 :         cascade_eram        |    off     |       off        |        
RUN-1001 :        gate_sim_model       |    off     |       off        |        
RUN-1001 :        map_sim_model        |    off     |       off        |        
RUN-1001 :         map_strategy        |     1      |        1         |        
RUN-1001 :           opt_area          |   medium   |      medium      |        
RUN-1001 :          opt_timing         |    auto    |       auto       |        
RUN-1001 :         pack_effort         |   medium   |      medium      |        
RUN-1001 :      pack_lslice_ripple     |     on     |        on        |        
RUN-1001 :   pack_lslice_ripple_ratio  |    0.5     |       0.5        |        
RUN-1001 :        pack_seq_in_io       |    auto    |       auto       |        
RUN-1001 :        ph1_mux_ratio        |    1.0     |       1.0        |        
RUN-1001 :            report           |  standard  |     standard     |        
RUN-1001 :           retiming          |    off     |       off        |        
RUN-1001 : ------------------------------------------------------------------
SYN-2001 : Map 47 IOs to PADs
RUN-1002 : start command "update_pll_param -module top"
SYN-2501 : Processed 0 LOGIC_BUF instances.
SYN-2512 : LOGIC BRAM "auto_chipwatcher_0_logicbram"
SYN-2571 : Optimize after map_dsp, round 1
SYN-2571 : Optimize after map_dsp, round 1, 0 better
SYN-1001 : Throwback 3 control mux instances
SYN-2501 : Optimize round 1
SYN-1016 : Merged 89 instances.
SYN-2501 : Optimize round 1, 180 better
SYN-2501 : Optimize round 2
SYN-2501 : Optimize round 2, 0 better
SYN-2501 : Map 24 macro adder
SYN-1019 : Optimized 29 mux instances.
SYN-1016 : Merged 15 instances.
SYN-1032 : 5141/2 useful/useless nets, 4673/1 useful/useless insts
RUN-1002 : start command "start_timer -prepack"
TMR-2505 : Start building timing graph for model top.
TMR-2506 : Build timing graph completely. Port num: 22, tpin num: 19180, tnet num: 5141, tinst num: 4672, tnode num: 25035, tedge num: 29253.
TMR-2508 : Levelizing timing graph completed, there are 85 levels in total.
TMR-2501 : Timing graph initialized successfully.
TMR-2503 : Start to update net delay, extr mode = 2.
TMR-2504 : Update delay of 5141 nets completely.
TMR-2502 : Annotate delay completely, extr mode = 2.
TMR-3001 : Initiate 5 clocks from SDC.
TMR-3004 : Map sdc constraints, there are 8 constraints in total.
TMR-3003 : Constraints initiated successfully.
TMR-3501 : Forward propagation: start to calculate arrival time...
TMR-3502 : Backward propagation: start to calculate required time...
TMR-3503 : Timing propagation completes.
SYN-3001 : Running gate level optimization.
SYN-2581 : Mapping with K=5, #lut = 423 (3.28), #lev = 7 (1.55)
SYN-2551 : Post LUT mapping optimization.
SYN-2581 : Mapping with K=5, #lut = 423 (3.28), #lev = 7 (1.55)
SYN-3001 : Logic optimization runtime opt =   0.03 sec, map =   0.00 sec
SYN-3001 : Mapper mapped 897 instances into 423 LUTs, name keeping = 67%.
SYN-1001 : Packing model "top" ...
SYN-4010 : Pack lib has 58 rtl pack models with 25 top pack blocks
SYN-1014 : Optimize round 1
SYN-1015 : Optimize round 1, 0 better
SYN-4002 : Packing 716 DFF/LATCH to SEQ ...
SYN-4009 : Pack 8 carry chain into lslice
SYN-4007 : Packing 242 adder to BLE ...
SYN-4008 : Packed 242 adder and 0 SEQ to BLE.
SYN-4007 : Packing 0 gate4 to BLE ...
SYN-4008 : Packed 0 gate4 and 0 SEQ to BLE.
SYN-4012 : Packed 0 FxMUX
RUN-1003 : finish command "optimize_gate -no_sch" in  1.114683s wall, 0.906250s user + 0.015625s system = 0.921875s CPU (82.7%)

RUN-1004 : used memory is 166 MB, reserved memory is 140 MB, peak memory is 211 MB
RUN-1002 : start command "legalize_phy_inst"
SYN-1011 : Flatten model top
KIT-1004 : Compile Chipwatcher: Clear obsolete physical data.
RUN-1003 : finish command "compile_watcher" in  2.023347s wall, 1.500000s user + 0.031250s system = 1.531250s CPU (75.7%)

RUN-1004 : used memory is 166 MB, reserved memory is 140 MB, peak memory is 211 MB
RUN-1002 : start command "place"
RUN-1001 : Open license file D:/Program/Anlogic/TD5.6.2/license/Anlogic.lic
RUN-1001 : Print Global Property
RUN-1001 : ---------------------------------------------------------------
RUN-1001 :        Parameters        |  Settings  |  Default Values  |  Note  
RUN-1001 : ---------------------------------------------------------------
RUN-1001 :          message         |  standard  |     standard     |        
RUN-1001 :   mixed_pack_place_flow  |     on     |        on        |        
RUN-1001 :        qor_monitor       |    off     |       off        |        
RUN-1001 :        syn_ip_flow       |    off     |       off        |        
RUN-1001 :          thread          |    auto    |       auto       |        
RUN-1001 : ---------------------------------------------------------------
RUN-1001 : Print Place Property
RUN-1001 : --------------------------------------------------------------
RUN-1001 :        Parameters       |  Settings  |  Default Values  |  Note  
RUN-1001 : --------------------------------------------------------------
RUN-1001 :      detailed_place     |     on     |        on        |        
RUN-1001 :          effort         |   medium   |      medium      |        
RUN-1001 :         fix_hold        |    off     |       off        |        
RUN-1001 :       legalization      |    ori     |       ori        |        
RUN-1001 :      new_spreading      |     on     |        on        |        
RUN-1001 :        opt_timing       |   medium   |      medium      |        
RUN-1001 :   post_clock_route_opt  |    off     |       off        |        
RUN-1001 :       pr_strategy       |     1      |        1         |        
RUN-1001 :        relaxation       |    1.00    |       1.00       |        
RUN-1001 :         retiming        |    off     |       off        |        
RUN-1001 : --------------------------------------------------------------
PHY-3001 : Placer runs in 16 thread(s).
RUN-1002 : start command "legalize_phy_inst"
SYN-1011 : Flatten model top
SYN-5055 WARNING: The kept net frame_read_write_m0/frame_fifo_read_m0/App_rd_en_d0 will be merged to another kept net U3/App_rd_en
SYN-5055 WARNING: The kept net U3/u2_ram/u2_wrrd/App_rd_en will be merged to another kept net U3/App_rd_en
SYN-5055 WARNING: The kept net frame_read_write_m0/Sdr_rd_dout[15] will be merged to another kept net U3/Sdr_rd_dout[15]
SYN-5055 WARNING: The kept net frame_read_write_m0/Sdr_rd_dout[14] will be merged to another kept net U3/Sdr_rd_dout[14]
SYN-5055 WARNING: The kept net frame_read_write_m0/Sdr_rd_dout[13] will be merged to another kept net U3/Sdr_rd_dout[13]
SYN-5055 WARNING: The kept net frame_read_write_m0/Sdr_rd_dout[12] will be merged to another kept net U3/Sdr_rd_dout[12]
SYN-5055 WARNING: The kept net frame_read_write_m0/Sdr_rd_dout[11] will be merged to another kept net U3/Sdr_rd_dout[11]
SYN-5055 WARNING: The kept net frame_read_write_m0/Sdr_rd_dout[10] will be merged to another kept net U3/Sdr_rd_dout[10]
SYN-5055 WARNING: The kept net frame_read_write_m0/Sdr_rd_dout[9] will be merged to another kept net U3/Sdr_rd_dout[9]
SYN-5055 WARNING: The kept net frame_read_write_m0/Sdr_rd_dout[8] will be merged to another kept net U3/Sdr_rd_dout[8]
SYN-5055 Similar messages will be suppressed.
RUN-1002 : start command "phys_opt -simplify_lut"
SYN-1032 : 4142/1 useful/useless nets, 3658/0 useful/useless insts
SYN-4016 : Net frame_read_write_m0/write_buf/clkw driven by BUFG (409 clock/control pins, 1 other pins).
SYN-4016 : Net frame_read_write_m0/read_buf/clkr driven by BUFG (110 clock/control pins, 1 other pins).
SYN-4016 : Net config_inst_syn_10 driven by BUFG (521 clock/control pins, 0 other pins).
SYN-4027 : Net U3/u2_ram/u2_wrrd/Sdr_clk is clkc1 of pll sys_pll_m0/pll_inst.
SYN-4027 : Net U3/u2_ram/SDRAM_CLK is clkc3 of pll sys_pll_m0/pll_inst.
SYN-4019 : Net clk_dup_1 is refclk of pll sys_pll_m0/pll_inst.
SYN-4020 : Net clk_dup_1 is fbclk of pll sys_pll_m0/pll_inst.
SYN-4019 : Net clk_dup_1 is refclk of pll video_pll_m0/pll_inst.
SYN-4020 : Net clk_dup_1 is fbclk of pll video_pll_m0/pll_inst.
SYN-4025 : Tag rtl::Net U3/u2_ram/SDRAM_CLK as clock net
SYN-4025 : Tag rtl::Net U3/u2_ram/u2_wrrd/Sdr_clk as clock net
SYN-4025 : Tag rtl::Net clk_dup_1 as clock net
SYN-4025 : Tag rtl::Net config_inst_syn_10 as clock net
SYN-4025 : Tag rtl::Net frame_read_write_m0/read_buf/clkr as clock net
SYN-4025 : Tag rtl::Net frame_read_write_m0/write_buf/clkw as clock net
SYN-4026 : Tagged 6 rtl::Net as clock net
PHY-1001 : Populate physical database on model top.
RUN-1001 : There are total 3658 instances
RUN-0007 : 1418 luts, 1724 seqs, 271 mslices, 122 lslices, 102 pads, 13 brams, 0 dsps
RUN-1001 : There are total 4142 nets
RUN-1001 : 2526 nets have 2 pins
RUN-1001 : 1306 nets have [3 - 5] pins
RUN-1001 : 196 nets have [6 - 10] pins
RUN-1001 : 58 nets have [11 - 20] pins
RUN-1001 : 44 nets have [21 - 99] pins
RUN-1001 : 12 nets have 100+ pins
RUN-1001 : Report Control nets information:
RUN-1001 : DFF Distribution
RUN-1001 : ----------------------------------
RUN-1001 :   CE   |  SSR  |  ASR  |  DFF Count  
RUN-1001 : ----------------------------------
RUN-1001 :   No   |  No   |  No   |     257     
RUN-1001 :   No   |  No   |  Yes  |     649     
RUN-1001 :   No   |  Yes  |  No   |     65      
RUN-1001 :   Yes  |  No   |  No   |     16      
RUN-1001 :   Yes  |  No   |  Yes  |     719     
RUN-1001 :   Yes  |  Yes  |  No   |     18      
RUN-1001 : ----------------------------------
RUN-0007 : Control Group Statistic
RUN-0007 : ---------------------------
RUN-0007 :   #CLK  |  #CE  |  #SSR/ASR  
RUN-0007 : ---------------------------
RUN-0007 :    6    |  24   |     11     
RUN-0007 : ---------------------------
RUN-0007 : Control Set = 40
PHY-3001 : Initial placement ...
PHY-3001 : design contains 3656 instances, 1418 luts, 1724 seqs, 393 slices, 59 macros(393 instances: 271 mslices 122 lslices)
PHY-0007 : Cell area utilization is 11%
PHY-3001 : Start timing update ...
RUN-1002 : start command "start_timer -report"
TMR-2505 : Start building timing graph for model top.
TMR-2506 : Build timing graph completely. Port num: 22, tpin num: 17017, tnet num: 4140, tinst num: 3656, tnode num: 22935, tedge num: 27272.
TMR-2508 : Levelizing timing graph completed, there are 45 levels in total.
TMR-2501 : Timing graph initialized successfully.
TMR-2503 : Start to update net delay, extr mode = 2.
TMR-2504 : Update delay of 4140 nets completely.
TMR-2502 : Annotate delay completely, extr mode = 2.
TMR-3001 : Initiate 5 clocks from SDC.
TMR-3004 : Map sdc constraints, there are 8 constraints in total.
TMR-3003 : Constraints initiated successfully.
TMR-3501 : Forward propagation: start to calculate arrival time...
TMR-3502 : Backward propagation: start to calculate required time...
TMR-3503 : Timing propagation completes.
PHY-3001 : End timing update;  0.514934s wall, 0.312500s user + 0.015625s system = 0.328125s CPU (63.7%)

PHY-3001 : Global placement ...
PHY-3001 : Initial: Len = 980833
PHY-3001 : Clustering ...
PHY-3001 : Level 0 #clusters 3656.
PHY-3001 : End clustering;  0.000007s wall, 0.000000s user + 0.000000s system = 0.000000s CPU (n/a%)

PHY-3001 : Run with size of 4
PHY-3001 : Cell area utilization is 11%
PHY-3001 : :::0::: Try harder cell spreading with beta_ = 0
PHY-3002 : Step(1): len = 795508, overlap = 27
PHY-3002 : Step(2): len = 636383, overlap = 22.5
PHY-3002 : Step(3): len = 569719, overlap = 27
PHY-3002 : Step(4): len = 525051, overlap = 22.5
PHY-3002 : Step(5): len = 477351, overlap = 20.25
PHY-3002 : Step(6): len = 429171, overlap = 24.75
PHY-3002 : Step(7): len = 388198, overlap = 25
PHY-3002 : Step(8): len = 349937, overlap = 22.5
PHY-3002 : Step(9): len = 311490, overlap = 23.5
PHY-3002 : Step(10): len = 283225, overlap = 27.1875
PHY-3002 : Step(11): len = 253571, overlap = 24.875
PHY-3002 : Step(12): len = 229392, overlap = 25.625
PHY-3002 : Step(13): len = 215637, overlap = 32.0312
PHY-3002 : Step(14): len = 196536, overlap = 37.7188
PHY-3002 : Step(15): len = 178217, overlap = 34.25
PHY-3002 : Step(16): len = 168736, overlap = 42.0938
PHY-3002 : Step(17): len = 155003, overlap = 49.2188
PHY-3002 : Step(18): len = 149408, overlap = 52.2188
PHY-3002 : Step(19): len = 143147, overlap = 55.5312
PHY-3001 : :::1::: Try harder cell spreading with beta_ = 0.000131144
PHY-3002 : Step(20): len = 143501, overlap = 53.3438
PHY-3002 : Step(21): len = 143048, overlap = 46.4688
PHY-3002 : Step(22): len = 141429, overlap = 46.2812
PHY-3002 : Step(23): len = 139466, overlap = 48.7812
PHY-3002 : Step(24): len = 136357, overlap = 52.6875
PHY-3002 : Step(25): len = 132692, overlap = 54.625
PHY-3002 : Step(26): len = 131281, overlap = 57
PHY-3002 : Step(27): len = 130151, overlap = 56.2812
PHY-3002 : Step(28): len = 126648, overlap = 52.4062
PHY-3002 : Step(29): len = 123998, overlap = 60.1875
PHY-3002 : Step(30): len = 122303, overlap = 63.9062
PHY-3002 : Step(31): len = 121384, overlap = 65
PHY-3002 : Step(32): len = 120194, overlap = 62.625
PHY-3002 : Step(33): len = 118792, overlap = 60.6875
PHY-3002 : Step(34): len = 118471, overlap = 60.4688
PHY-3002 : Step(35): len = 118078, overlap = 65.0938
PHY-3001 : :::2::: Try harder cell spreading with beta_ = 0.000262289
PHY-3002 : Step(36): len = 118037, overlap = 62.9062
PHY-3002 : Step(37): len = 118109, overlap = 62.6562
PHY-3002 : Step(38): len = 118072, overlap = 62.4062
PHY-3001 : :::3::: Try harder cell spreading with beta_ = 0.000524577
PHY-3002 : Step(39): len = 118053, overlap = 62.2812
PHY-3002 : Step(40): len = 118025, overlap = 62.1562
PHY-3001 : Legalization ...
PHY-3001 : End legalization;  0.005407s wall, 0.000000s user + 0.000000s system = 0.000000s CPU (n/a%)

PHY-3001 : Run with size of 4
PHY-3001 : Cell area utilization is 14%
PHY-3001 : Update timing in Manhattan mode ...
TMR-2503 : Start to update net delay, extr mode = 3.
TMR-2504 : Update delay of 4140 nets completely.
TMR-2502 : Annotate delay completely, extr mode = 3.
TMR-3501 : Forward propagation: start to calculate arrival time...
TMR-3502 : Backward propagation: start to calculate required time...
TMR-3503 : Timing propagation completes.
PHY-3001 : End timing update;  0.081613s wall, 0.078125s user + 0.000000s system = 0.078125s CPU (95.7%)

PHY-3001 : :::0::: Try harder cell spreading with beta_ = 3.04107e-05
PHY-3002 : Step(41): len = 120624, overlap = 63.0625
PHY-3002 : Step(42): len = 121390, overlap = 61.6562
PHY-3002 : Step(43): len = 118526, overlap = 60.8125
PHY-3002 : Step(44): len = 116785, overlap = 62.5
PHY-3002 : Step(45): len = 114843, overlap = 64.1875
PHY-3002 : Step(46): len = 113124, overlap = 62.8125
PHY-3002 : Step(47): len = 112296, overlap = 60.3125
PHY-3002 : Step(48): len = 111238, overlap = 58.5312
PHY-3002 : Step(49): len = 110284, overlap = 57.7188
PHY-3002 : Step(50): len = 108894, overlap = 46.4375
PHY-3002 : Step(51): len = 106724, overlap = 43.2812
PHY-3002 : Step(52): len = 105186, overlap = 42.625
PHY-3002 : Step(53): len = 103946, overlap = 42.0938
PHY-3002 : Step(54): len = 102736, overlap = 40.4688
PHY-3002 : Step(55): len = 101953, overlap = 41.2812
PHY-3002 : Step(56): len = 100874, overlap = 40.8125
PHY-3002 : Step(57): len = 100547, overlap = 39.9062
PHY-3002 : Step(58): len = 99693.8, overlap = 40.75
PHY-3002 : Step(59): len = 99490.1, overlap = 43.7812
PHY-3002 : Step(60): len = 99119.4, overlap = 43.4375
PHY-3001 : :::1::: Try harder cell spreading with beta_ = 6.08214e-05
PHY-3002 : Step(61): len = 98660, overlap = 43.3438
PHY-3002 : Step(62): len = 98662.6, overlap = 42.5
PHY-3001 : :::2::: Try harder cell spreading with beta_ = 0.000121643
PHY-3002 : Step(63): len = 98515.5, overlap = 41.9375
PHY-3002 : Step(64): len = 98515.5, overlap = 41.9375
PHY-3001 : Run with size of 2
PHY-3001 : Cell area utilization is 14%
PHY-3001 : Update timing in Manhattan mode ...
TMR-2503 : Start to update net delay, extr mode = 3.
TMR-2504 : Update delay of 4140 nets completely.
TMR-2502 : Annotate delay completely, extr mode = 3.
TMR-3501 : Forward propagation: start to calculate arrival time...
TMR-3502 : Backward propagation: start to calculate required time...
TMR-3503 : Timing propagation completes.
PHY-3001 : End timing update;  0.079106s wall, 0.078125s user + 0.000000s system = 0.078125s CPU (98.8%)

PHY-3001 : :::0::: Try harder cell spreading with beta_ = 3.47255e-05
PHY-3002 : Step(65): len = 99521.3, overlap = 102.031
PHY-3002 : Step(66): len = 99902.2, overlap = 102.031
PHY-3002 : Step(67): len = 100160, overlap = 98.1562
PHY-3002 : Step(68): len = 100558, overlap = 93.6875
PHY-3002 : Step(69): len = 101468, overlap = 87.9375
PHY-3001 : :::1::: Try harder cell spreading with beta_ = 6.94509e-05
PHY-3002 : Step(70): len = 101107, overlap = 86.9062
PHY-3002 : Step(71): len = 101419, overlap = 84.9688
PHY-3002 : Step(72): len = 101585, overlap = 85.4375
PHY-3001 : :::2::: Try harder cell spreading with beta_ = 0.000138902
PHY-3002 : Step(73): len = 101961, overlap = 84.2188
PHY-3002 : Step(74): len = 102738, overlap = 84.3438
PHY-3002 : Step(75): len = 105619, overlap = 76.125
PHY-3002 : Step(76): len = 104947, overlap = 75.7812
PHY-3002 : Step(77): len = 104648, overlap = 73.8438
PHY-3002 : Step(78): len = 104519, overlap = 73.8438
PHY-3001 : :::3::: Try harder cell spreading with beta_ = 0.000277804
PHY-3002 : Step(79): len = 104296, overlap = 74.75
PHY-3002 : Step(80): len = 104475, overlap = 73.7188
PHY-3002 : Step(81): len = 104751, overlap = 72.7188
PHY-3001 : :::4::: Try harder cell spreading with beta_ = 0.000555608
PHY-3002 : Step(82): len = 104996, overlap = 68.9688
PHY-3002 : Step(83): len = 105701, overlap = 66.1875
PHY-3002 : Step(84): len = 106738, overlap = 61.9062
PHY-3001 : :::5::: Try harder cell spreading with beta_ = 0.00111122
PHY-3002 : Step(85): len = 106133, overlap = 62.0625
PHY-3002 : Step(86): len = 106126, overlap = 61.9688
PHY-3002 : Step(87): len = 106042, overlap = 61.4688
PHY-3001 : :::6::: Try harder cell spreading with beta_ = 0.00222243
PHY-3002 : Step(88): len = 106323, overlap = 61.5625
PHY-3002 : Step(89): len = 106594, overlap = 61.125
PHY-3002 : Step(90): len = 106793, overlap = 59.2812
OPT-1001 : Start physical optimization ...
RUN-1002 : start command "start_timer -report"
TMR-2505 : Start building timing graph for model top.
TMR-2506 : Build timing graph completely. Port num: 22, tpin num: 17017, tnet num: 4140, tinst num: 3656, tnode num: 22935, tedge num: 27272.
TMR-2508 : Levelizing timing graph completed, there are 45 levels in total.
TMR-2501 : Timing graph initialized successfully.
OPT-1001 : Total overflow 214.38 peak overflow 4.41
OPT-1001 : Start high-fanout net optimization ...
OPT-1001 : Update timing in global mode
PHY-1001 : Start incremental global routing, caller is place ...
RUN-1001 : Generating global routing grids ...
RUN-1001 : Building simple global routing graph ...
PHY-1001 : Generate routing nets ...
PHY-1001 : Reuse net number 0/4142.
PHY-1001 : Global iterations in 16 thread ...
PHY-1002 : len = 121576, over cnt = 442(1%), over = 1564, worst = 20
PHY-1001 : End global iterations;  0.153811s wall, 0.109375s user + 0.000000s system = 0.109375s CPU (71.1%)

PHY-1001 : Congestion index: top1 = 41.64, top5 = 30.64, top10 = 24.45, top15 = 20.10.
PHY-1001 : End incremental global routing;  0.203420s wall, 0.156250s user + 0.000000s system = 0.156250s CPU (76.8%)

TMR-2503 : Start to update net delay, extr mode = 5.
TMR-2504 : Update delay of 4140 nets completely.
TMR-2502 : Annotate delay completely, extr mode = 5.
TMR-3001 : Initiate 5 clocks from SDC.
TMR-3004 : Map sdc constraints, there are 8 constraints in total.
TMR-3003 : Constraints initiated successfully.
TMR-3501 : Forward propagation: start to calculate arrival time...
TMR-3502 : Backward propagation: start to calculate required time...
TMR-3503 : Timing propagation completes.
OPT-1001 : End timing update;  0.093465s wall, 0.062500s user + 0.000000s system = 0.062500s CPU (66.9%)

OPT-1001 : 0 high-fanout net processed.
OPT-1001 : End high-fanout net optimization;  0.346645s wall, 0.250000s user + 0.000000s system = 0.250000s CPU (72.1%)

OPT-1001 : Current memory(MB): used = 252, reserve = 220, peak = 252.
OPT-1001 : Start global optimization ...
OPT-1001 : Start congestion update ...
RUN-1001 : Generating global routing grids ...
PHY-1001 : Generate routing nets ...
PHY-1001 : Reuse net number 2950/4142.
PHY-1001 : Global iterations in 16 thread ...
PHY-1002 : len = 121576, over cnt = 442(1%), over = 1564, worst = 20
PHY-1002 : len = 131488, over cnt = 242(0%), over = 602, worst = 18
PHY-1002 : len = 136216, over cnt = 123(0%), over = 232, worst = 12
PHY-1002 : len = 139560, over cnt = 27(0%), over = 48, worst = 7
PHY-1002 : len = 140264, over cnt = 0(0%), over = 0, worst = 0
PHY-1001 : End global iterations;  0.147852s wall, 0.046875s user + 0.000000s system = 0.046875s CPU (31.7%)

PHY-1001 : Congestion index: top1 = 36.96, top5 = 29.68, top10 = 24.98, top15 = 21.48.
OPT-1001 : End congestion update;  0.191690s wall, 0.062500s user + 0.000000s system = 0.062500s CPU (32.6%)

OPT-1001 : Update timing in Manhattan mode
TMR-2503 : Start to update net delay, extr mode = 3.
TMR-2504 : Update delay of 4140 nets completely.
TMR-2502 : Annotate delay completely, extr mode = 3.
TMR-3501 : Forward propagation: start to calculate arrival time...
TMR-3502 : Backward propagation: start to calculate required time...
TMR-3503 : Timing propagation completes.
OPT-1001 : End timing update;  0.089007s wall, 0.062500s user + 0.000000s system = 0.062500s CPU (70.2%)

OPT-0007 : Start: WNS 1723 TNS 0 NUM_FEPS 0
OPT-0007 : Iter 1: improved WNS 1723 TNS 0 NUM_FEPS 0 with 17 cells processed and 100 slack improved
OPT-0007 : Iter 2: improved WNS 1723 TNS 0 NUM_FEPS 0 with 2 cells processed and 100 slack improved
OPT-0007 : Iter 3: improved WNS 1723 TNS 0 NUM_FEPS 0 with 0 cells processed and 0 slack improved
OPT-1001 : End global optimization;  0.285209s wall, 0.125000s user + 0.000000s system = 0.125000s CPU (43.8%)

OPT-1001 : Current memory(MB): used = 258, reserve = 225, peak = 258.
OPT-1001 : End physical optimization;  1.152674s wall, 0.734375s user + 0.000000s system = 0.734375s CPU (63.7%)

PHY-3001 : Start packing ...
SYN-4007 : Packing 0 MUX to BLE ...
SYN-4008 : Packed 0 MUX and 0 SEQ to BLE.
SYN-4007 : Packing 1418 LUT to BLE ...
SYN-4008 : Packed 1418 LUT and 590 SEQ to BLE.
SYN-4003 : Packing 1134 remaining SEQ's ...
SYN-4005 : Packed 504 SEQ with LUT/SLICE
SYN-4006 : 388 single LUT's are left
SYN-4006 : 630 single SEQ's are left
SYN-4011 : Packing model "top" (AL_USER_NORMAL) with 2048/2760 primitive instances ...
PHY-3001 : End packing;  0.111565s wall, 0.015625s user + 0.000000s system = 0.015625s CPU (14.0%)

PHY-1001 : Populate physical database on model top.
RUN-1001 : There are total 1622 instances
RUN-1001 : 749 mslices, 750 lslices, 102 pads, 13 brams, 0 dsps
RUN-1001 : There are total 3599 nets
RUN-1001 : 1996 nets have 2 pins
RUN-1001 : 1293 nets have [3 - 5] pins
RUN-1001 : 196 nets have [6 - 10] pins
RUN-1001 : 61 nets have [11 - 20] pins
RUN-1001 : 42 nets have [21 - 99] pins
RUN-1001 : 11 nets have 100+ pins
PHY-3001 : design contains 1620 instances, 1499 slices, 59 macros(393 instances: 271 mslices 122 lslices)
PHY-3001 : Cell area utilization is 19%
PHY-3001 : After packing: Len = 108601, Over = 96.25
PHY-3001 : Run with size of 2
PHY-3001 : Cell area utilization is 19%
PHY-3001 : Update timing in Manhattan mode ...
RUN-1002 : start command "start_timer -report"
TMR-2505 : Start building timing graph for model top.
TMR-2506 : Build timing graph completely. Port num: 22, tpin num: 14296, tnet num: 3597, tinst num: 1620, tnode num: 18498, tedge num: 23766.
TMR-2508 : Levelizing timing graph completed, there are 43 levels in total.
TMR-2501 : Timing graph initialized successfully.
TMR-2503 : Start to update net delay, extr mode = 3.
TMR-2504 : Update delay of 3597 nets completely.
TMR-2502 : Annotate delay completely, extr mode = 3.
TMR-3001 : Initiate 5 clocks from SDC.
TMR-3004 : Map sdc constraints, there are 8 constraints in total.
TMR-3003 : Constraints initiated successfully.
TMR-3501 : Forward propagation: start to calculate arrival time...
TMR-3502 : Backward propagation: start to calculate required time...
TMR-3503 : Timing propagation completes.
PHY-3001 : End timing update;  0.581684s wall, 0.328125s user + 0.015625s system = 0.343750s CPU (59.1%)

PHY-3001 : :::0::: Try harder cell spreading with beta_ = 5.60156e-05
PHY-3002 : Step(91): len = 108062, overlap = 94.25
PHY-3002 : Step(92): len = 109608, overlap = 93.25
PHY-3002 : Step(93): len = 107830, overlap = 97.25
PHY-3002 : Step(94): len = 107109, overlap = 96.5
PHY-3002 : Step(95): len = 106589, overlap = 95.75
PHY-3002 : Step(96): len = 106077, overlap = 98.25
PHY-3002 : Step(97): len = 105903, overlap = 98.25
PHY-3002 : Step(98): len = 105644, overlap = 100
PHY-3002 : Step(99): len = 105394, overlap = 97.75
PHY-3002 : Step(100): len = 105111, overlap = 98.75
PHY-3001 : :::1::: Try harder cell spreading with beta_ = 0.000112031
PHY-3002 : Step(101): len = 106022, overlap = 98.25
PHY-3002 : Step(102): len = 106917, overlap = 97
PHY-3001 : :::2::: Try harder cell spreading with beta_ = 0.000224062
PHY-3002 : Step(103): len = 108785, overlap = 92.25
PHY-3002 : Step(104): len = 111874, overlap = 84.75
PHY-3002 : Step(105): len = 113064, overlap = 84
PHY-3002 : Step(106): len = 112418, overlap = 84
PHY-3002 : Step(107): len = 112175, overlap = 83
PHY-3001 : Legalization ...
PHY-3001 : End legalization;  0.190369s wall, 0.062500s user + 0.093750s system = 0.156250s CPU (82.1%)

PHY-3001 : Trial Legalized: Len = 137037
PHY-3001 : Run with size of 2
PHY-3001 : Cell area utilization is 19%
PHY-3001 : Update timing in Manhattan mode ...
TMR-2503 : Start to update net delay, extr mode = 3.
TMR-2504 : Update delay of 3597 nets completely.
TMR-2502 : Annotate delay completely, extr mode = 3.
TMR-3501 : Forward propagation: start to calculate arrival time...
TMR-3502 : Backward propagation: start to calculate required time...
TMR-3503 : Timing propagation completes.
PHY-3001 : End timing update;  0.070880s wall, 0.000000s user + 0.046875s system = 0.046875s CPU (66.1%)

PHY-3001 : :::0::: Try harder cell spreading with beta_ = 0.000699435
PHY-3002 : Step(108): len = 129695, overlap = 15
PHY-3002 : Step(109): len = 124789, overlap = 24
PHY-3002 : Step(110): len = 121350, overlap = 34.25
PHY-3002 : Step(111): len = 119086, overlap = 40
PHY-3002 : Step(112): len = 117574, overlap = 42.75
PHY-3002 : Step(113): len = 116538, overlap = 50.5
PHY-3002 : Step(114): len = 116177, overlap = 52.25
PHY-3001 : :::1::: Try harder cell spreading with beta_ = 0.00139887
PHY-3002 : Step(115): len = 116557, overlap = 53
PHY-3002 : Step(116): len = 116864, overlap = 53.25
PHY-3001 : :::2::: Try harder cell spreading with beta_ = 0.00279774
PHY-3002 : Step(117): len = 117087, overlap = 52.75
PHY-3002 : Step(118): len = 117294, overlap = 52.5
PHY-3001 : Legalization ...
PHY-3001 : End legalization;  0.005099s wall, 0.000000s user + 0.000000s system = 0.000000s CPU (n/a%)

PHY-3001 : Legalized: Len = 130007, Over = 0
PHY-3001 : Spreading special nets. 57 overflows in 2952 tiles.
PHY-3001 : End spreading;  0.010628s wall, 0.000000s user + 0.000000s system = 0.000000s CPU (n/a%)

PHY-3001 : 83 instances has been re-located, deltaX = 51, deltaY = 52, maxDist = 3.
PHY-3001 : Final: Len = 131931, Over = 0
OPT-1001 : Start physical optimization ...
RUN-1002 : start command "start_timer -report"
TMR-2505 : Start building timing graph for model top.
TMR-2506 : Build timing graph completely. Port num: 22, tpin num: 14296, tnet num: 3597, tinst num: 1620, tnode num: 18498, tedge num: 23766.
TMR-2508 : Levelizing timing graph completed, there are 43 levels in total.
TMR-2501 : Timing graph initialized successfully.
OPT-1001 : Total overflow 0.00 peak overflow 0.00
OPT-1001 : Start high-fanout net optimization ...
OPT-1001 : Update timing in global mode
PHY-1001 : Start incremental global routing, caller is place ...
RUN-1001 : Generating global routing grids ...
PHY-1001 : Generate routing nets ...
PHY-1001 : Reuse net number 134/3599.
PHY-1001 : Global iterations in 16 thread ...
PHY-1002 : len = 154592, over cnt = 362(1%), over = 594, worst = 6
PHY-1002 : len = 156816, over cnt = 196(0%), over = 282, worst = 6
PHY-1002 : len = 159048, over cnt = 78(0%), over = 104, worst = 5
PHY-1002 : len = 160480, over cnt = 6(0%), over = 6, worst = 1
PHY-1002 : len = 160536, over cnt = 0(0%), over = 0, worst = 0
PHY-1001 : End global iterations;  0.289586s wall, 0.093750s user + 0.000000s system = 0.093750s CPU (32.4%)

PHY-1001 : Congestion index: top1 = 35.30, top5 = 28.77, top10 = 25.05, top15 = 22.38.
PHY-1001 : End incremental global routing;  0.366282s wall, 0.140625s user + 0.000000s system = 0.140625s CPU (38.4%)

TMR-2503 : Start to update net delay, extr mode = 5.
TMR-2504 : Update delay of 3597 nets completely.
TMR-2502 : Annotate delay completely, extr mode = 5.
TMR-3001 : Initiate 5 clocks from SDC.
TMR-3004 : Map sdc constraints, there are 8 constraints in total.
TMR-3003 : Constraints initiated successfully.
TMR-3501 : Forward propagation: start to calculate arrival time...
TMR-3502 : Backward propagation: start to calculate required time...
TMR-3503 : Timing propagation completes.
OPT-1001 : End timing update;  0.084717s wall, 0.046875s user + 0.015625s system = 0.062500s CPU (73.8%)

OPT-1001 : 0 high-fanout net processed.
OPT-1001 : End high-fanout net optimization;  0.503777s wall, 0.187500s user + 0.015625s system = 0.203125s CPU (40.3%)

OPT-1001 : Current memory(MB): used = 257, reserve = 226, peak = 261.
OPT-1001 : Start path based optimization ...
OPT-1001 : Start congestion update ...
RUN-1001 : Generating global routing grids ...
PHY-1001 : Generate routing nets ...
PHY-1001 : Reuse net number 3097/3599.
PHY-1001 : Global iterations in 16 thread ...
PHY-1002 : len = 160536, over cnt = 0(0%), over = 0, worst = 0
PHY-1001 : End global iterations;  0.011842s wall, 0.000000s user + 0.000000s system = 0.000000s CPU (n/a%)

PHY-1001 : Congestion index: top1 = 35.30, top5 = 28.77, top10 = 25.05, top15 = 22.38.
OPT-1001 : End congestion update;  0.068714s wall, 0.015625s user + 0.000000s system = 0.015625s CPU (22.7%)

OPT-1001 : Update timing in Manhattan mode
TMR-2503 : Start to update net delay, extr mode = 3.
TMR-2504 : Update delay of 3597 nets completely.
TMR-2502 : Annotate delay completely, extr mode = 3.
TMR-3501 : Forward propagation: start to calculate arrival time...
TMR-3502 : Backward propagation: start to calculate required time...
TMR-3503 : Timing propagation completes.
OPT-1001 : End timing update;  0.069740s wall, 0.031250s user + 0.000000s system = 0.031250s CPU (44.8%)

OPT-0007 : Start: WNS 1297 TNS 0 NUM_FEPS 0
PHY-3001 : Start incremental legalization ...
PHY-1001 : Populate physical database on model top.
PHY-3001 : Initial placement ...
PHY-3001 : eco special cells: 1 has valid locations, 0 needs to be replaced
PHY-3001 : eco pad cells: 102 has valid locations, 0 needs to be replaced
PHY-3001 : eco cells: 1512 has valid locations, 0 needs to be replaced
PHY-3001 : design contains 1620 instances, 1499 slices, 59 macros(393 instances: 271 mslices 122 lslices)
PHY-3001 : Cell area utilization is 19%
PHY-3001 : Initial: Len = 131940, Over = 0
PHY-3001 : Spreading special nets. 2 overflows in 2952 tiles.
PHY-3001 : End spreading;  0.006671s wall, 0.000000s user + 0.000000s system = 0.000000s CPU (n/a%)

PHY-3001 : 3 instances has been re-located, deltaX = 2, deltaY = 1, maxDist = 1.
PHY-3001 : Final: Len = 131956, Over = 0
PHY-3001 : End incremental legalization;  0.050263s wall, 0.015625s user + 0.000000s system = 0.015625s CPU (31.1%)

OPT-0007 : Iter 1: improved WNS 1553 TNS 0 NUM_FEPS 0 with 2 cells processed and 300 slack improved
OPT-0007 : Iter 2: improved WNS 1553 TNS 0 NUM_FEPS 0 with 0 cells processed and 0 slack improved
OPT-1001 : End path based optimization;  0.204750s wall, 0.062500s user + 0.000000s system = 0.062500s CPU (30.5%)

OPT-1001 : Current memory(MB): used = 264, reserve = 233, peak = 265.
OPT-1001 : Update timing in Manhattan mode
TMR-2503 : Start to update net delay, extr mode = 3.
TMR-2504 : Update delay of 3597 nets completely.
TMR-2502 : Annotate delay completely, extr mode = 3.
TMR-3501 : Forward propagation: start to calculate arrival time...
TMR-3502 : Backward propagation: start to calculate required time...
TMR-3503 : Timing propagation completes.
OPT-1001 : End timing update;  0.073862s wall, 0.062500s user + 0.000000s system = 0.062500s CPU (84.6%)

OPT-1001 : Start pin optimization...
OPT-1001 : skip pin optimization...
RUN-1001 : Generating global routing grids ...
PHY-1001 : Generate routing nets ...
PHY-1001 : Reuse net number 3079/3599.
PHY-1001 : Global iterations in 16 thread ...
PHY-1002 : len = 160488, over cnt = 7(0%), over = 11, worst = 2
PHY-1002 : len = 160448, over cnt = 4(0%), over = 4, worst = 1
PHY-1002 : len = 160488, over cnt = 0(0%), over = 0, worst = 0
PHY-1001 : End global iterations;  0.036526s wall, 0.000000s user + 0.000000s system = 0.000000s CPU (n/a%)

PHY-1001 : Congestion index: top1 = 34.98, top5 = 28.66, top10 = 25.01, top15 = 22.36.
OPT-1001 : Update timing in Manhattan mode
TMR-2503 : Start to update net delay, extr mode = 3.
TMR-2504 : Update delay of 3597 nets completely.
TMR-2502 : Annotate delay completely, extr mode = 3.
TMR-3501 : Forward propagation: start to calculate arrival time...
TMR-3502 : Backward propagation: start to calculate required time...
TMR-3503 : Timing propagation completes.
OPT-1001 : End timing update;  0.065262s wall, 0.062500s user + 0.000000s system = 0.062500s CPU (95.8%)

RUN-1001 : QoR Analysis:
OPT-0007 :   WNS 1497 TNS 0 NUM_FEPS 0
RUN-1001 :   No local congestion issue, and most congested 1% tile average routing util is 34.517241
RUN-1001 :   Top critical paths
RUN-1001 :       #1 path slack 1497ps with logic level 6 
RUN-1001 :       #2 path slack 1553ps with logic level 6 
OPT-1001 : End physical optimization;  1.498974s wall, 0.609375s user + 0.015625s system = 0.625000s CPU (41.7%)

RUN-1003 : finish command "place" in  6.841209s wall, 3.656250s user + 0.765625s system = 4.421875s CPU (64.6%)

RUN-1004 : used memory is 227 MB, reserved memory is 194 MB, peak memory is 265 MB
RUN-1002 : start command "export_db pic_sdram_place.db"
RUN-1001 : Exported /
RUN-1001 : Exported flow parameters
RUN-1001 : Exported libs
RUN-1001 : Exported entities
RUN-1001 : Exported ports
RUN-1001 : Exported pins
RUN-1001 : Exported instances
RUN-1001 : Exported nets
RUN-1001 : Exported buses
RUN-1001 : Exported models
RUN-1001 : Exported congestions
RUN-1001 : Exported violations
RUN-1001 : Exported timing constraints
RUN-1001 : Exported IO constraints
RUN-1001 : Exported Inst constraints
RUN-1001 : Exported ChipWatcher
RUN-1002 : start command "route"
RUN-1001 : Open license file D:/Program/Anlogic/TD5.6.2/license/Anlogic.lic
RUN-1001 : Print Global Property
RUN-1001 : ---------------------------------------------------------------
RUN-1001 :        Parameters        |  Settings  |  Default Values  |  Note  
RUN-1001 : ---------------------------------------------------------------
RUN-1001 :          message         |  standard  |     standard     |        
RUN-1001 :   mixed_pack_place_flow  |     on     |        on        |        
RUN-1001 :        qor_monitor       |    off     |       off        |        
RUN-1001 :        syn_ip_flow       |    off     |       off        |        
RUN-1001 :          thread          |    auto    |       auto       |        
RUN-1001 : ---------------------------------------------------------------
RUN-1001 : Print Route Property
RUN-1001 : -------------------------------------------------------
RUN-1001 :    Parameters    |  Settings  |  Default Values  |  Note  
RUN-1001 : -------------------------------------------------------
RUN-1001 :      effort      |   medium   |      medium      |        
RUN-1001 :     fix_hold     |    off     |       off        |        
RUN-1001 :    opt_timing    |   medium   |      medium      |        
RUN-1001 :   phy_sim_model  |    off     |       off        |        
RUN-1001 :     priority     |   timing   |      timing      |        
RUN-1001 :     swap_pin     |     on     |        on        |        
RUN-1001 : -------------------------------------------------------
PHY-1001 : Route runs in 16 thread(s)
RUN-1001 : There are total 1622 instances
RUN-1001 : 749 mslices, 750 lslices, 102 pads, 13 brams, 0 dsps
RUN-1001 : There are total 3599 nets
RUN-1001 : 1996 nets have 2 pins
RUN-1001 : 1293 nets have [3 - 5] pins
RUN-1001 : 196 nets have [6 - 10] pins
RUN-1001 : 61 nets have [11 - 20] pins
RUN-1001 : 42 nets have [21 - 99] pins
RUN-1001 : 11 nets have 100+ pins
RUN-1002 : start command "start_timer -report"
TMR-2505 : Start building timing graph for model top.
TMR-2506 : Build timing graph completely. Port num: 22, tpin num: 14296, tnet num: 3597, tinst num: 1620, tnode num: 18498, tedge num: 23766.
TMR-2508 : Levelizing timing graph completed, there are 43 levels in total.
TMR-2501 : Timing graph initialized successfully.
PHY-1001 : 749 mslices, 750 lslices, 102 pads, 13 brams, 0 dsps
TMR-2503 : Start to update net delay, extr mode = 3.
TMR-2504 : Update delay of 3597 nets completely.
TMR-2502 : Annotate delay completely, extr mode = 3.
TMR-3001 : Initiate 5 clocks from SDC.
TMR-3004 : Map sdc constraints, there are 8 constraints in total.
TMR-3003 : Constraints initiated successfully.
TMR-3501 : Forward propagation: start to calculate arrival time...
TMR-3502 : Backward propagation: start to calculate required time...
TMR-3503 : Timing propagation completes.
PHY-1001 : Start global routing, caller is route ...
RUN-1001 : Generating global routing grids ...
PHY-1001 : Generate routing nets ...
PHY-1001 : Global iterations in 16 thread ...
PHY-1002 : len = 152648, over cnt = 359(1%), over = 611, worst = 6
PHY-1002 : len = 154768, over cnt = 215(0%), over = 324, worst = 6
PHY-1002 : len = 158080, over cnt = 56(0%), over = 71, worst = 6
PHY-1002 : len = 159088, over cnt = 0(0%), over = 0, worst = 0
PHY-1001 : End global iterations;  0.236424s wall, 0.062500s user + 0.000000s system = 0.062500s CPU (26.4%)

PHY-1001 : Congestion index: top1 = 34.50, top5 = 28.61, top10 = 24.97, top15 = 22.29.
PHY-1001 : End global routing;  0.298133s wall, 0.062500s user + 0.000000s system = 0.062500s CPU (21.0%)

PHY-1001 : Start detail routing ...
PHY-1001 : Current memory(MB): used = 279, reserve = 247, peak = 296.
PHY-1001 : Detailed router is running in normal mode.
PHY-1001 : Generate detailed routing grids ...
PHY-1001 : Generate nets ...
PHY-1001 : net clk_dup_1 will be routed on clock mesh
PHY-1001 : net U3/u2_ram/SDRAM_CLK will be routed on clock mesh
PHY-1001 : net U3/u2_ram/u2_wrrd/Sdr_clk will be routed on clock mesh
PHY-1001 : clock net frame_read_write_m0/read_buf/clkr will be merged with clock video_pll_m0/clk0_buf
PHY-1001 : clock net frame_read_write_m0/write_buf/clkw will be merged with clock sys_pll_m0/clk0_buf
PHY-1001 : clock net config_inst_syn_10 will be merged with clock config_inst_syn_9
PHY-1001 : Current memory(MB): used = 548, reserve = 520, peak = 548.
PHY-1001 : End build detailed router design. 2.530448s wall, 1.812500s user + 0.031250s system = 1.843750s CPU (72.9%)

PHY-1001 : Detail Route ...
PHY-1001 : ===== Detail Route Phase 1 =====
PHY-1001 : Clock net routing.....
PHY-1001 : Routed 0% nets.
PHY-1022 : len = 66776, over cnt = 0(0%), over = 0, worst = 0, crit = 0
PHY-1001 : End initial clock net routed; 1.146653s wall, 0.687500s user + 0.000000s system = 0.687500s CPU (60.0%)

PHY-1001 : Current memory(MB): used = 580, reserve = 554, peak = 580.
PHY-1001 : End phase 1; 1.152263s wall, 0.687500s user + 0.000000s system = 0.687500s CPU (59.7%)

PHY-1001 : ===== Detail Route Phase 2 =====
PHY-1001 : Initial routing.....
PHY-1001 : Routed 35% nets.
PHY-1001 : Routed 42% nets.
PHY-1001 : Routed 53% nets.
PHY-1001 : Routed 67% nets.
PHY-1001 : Routed 89% nets.
PHY-1022 : len = 493648, over cnt = 110(0%), over = 110, worst = 1, crit = 0
PHY-1001 : Current memory(MB): used = 582, reserve = 555, peak = 582.
PHY-1001 : End initial routed; 4.484519s wall, 2.859375s user + 0.078125s system = 2.937500s CPU (65.5%)

PHY-1001 : Update timing.....
PHY-1001 : 34/3216(1%) critical/total net(s).
RUN-1001 : --------------------------------------
RUN-1001 :   Type   |  WNS(ns)  |  TNS(ns)  |  FEP  
RUN-1001 : --------------------------------------
RUN-1001 :   Setup  |  -1.081   |  -1.297   |   2   
RUN-1001 :   Hold   |   0.088   |   0.000   |   0   
RUN-1001 : --------------------------------------
PHY-1001 : End update timing; 0.640146s wall, 0.437500s user + 0.000000s system = 0.437500s CPU (68.3%)

PHY-1001 : Current memory(MB): used = 586, reserve = 559, peak = 586.
PHY-1001 : End phase 2; 5.124714s wall, 3.296875s user + 0.078125s system = 3.375000s CPU (65.9%)

PHY-1001 : ===== Detail Route Phase 3 =====
PHY-1001 : Optimize timing.....
PHY-1001 : ===== OPT Iter 1 =====
PHY-1001 : Processed 7 pins with SWNS -0.673ns STNS -0.889ns FEP 2.
PHY-1001 : End OPT Iter 1; 0.025232s wall, 0.015625s user + 0.000000s system = 0.015625s CPU (61.9%)

PHY-1022 : len = 493696, over cnt = 113(0%), over = 113, worst = 1, crit = 0
PHY-1001 : End optimize timing; 0.048507s wall, 0.046875s user + 0.000000s system = 0.046875s CPU (96.6%)

PHY-1001 : Ripup-reroute.....
PHY-1001 : ===== DR Iter 1 =====
PHY-1022 : len = 488528, over cnt = 45(0%), over = 46, worst = 2, crit = 0
PHY-1001 : End DR Iter 1; 0.222679s wall, 0.187500s user + 0.000000s system = 0.187500s CPU (84.2%)

PHY-1001 : ===== DR Iter 2 =====
PHY-1022 : len = 488512, over cnt = 4(0%), over = 4, worst = 1, crit = 0
PHY-1001 : End DR Iter 2; 0.043660s wall, 0.031250s user + 0.000000s system = 0.031250s CPU (71.6%)

PHY-1001 : ===== DR Iter 3 =====
PHY-1022 : len = 488544, over cnt = 0(0%), over = 0, worst = 0, crit = 0
PHY-1001 : End DR Iter 3; 0.027084s wall, 0.015625s user + 0.000000s system = 0.015625s CPU (57.7%)

PHY-1001 : Update timing.....
PHY-1001 : 26/3216(0%) critical/total net(s).
RUN-1001 : --------------------------------------
RUN-1001 :   Type   |  WNS(ns)  |  TNS(ns)  |  FEP  
RUN-1001 : --------------------------------------
RUN-1001 :   Setup  |  -0.673   |  -0.889   |   2   
RUN-1001 :   Hold   |   0.088   |   0.000   |   0   
RUN-1001 : --------------------------------------
PHY-1001 : End update timing; 0.644885s wall, 0.437500s user + 0.000000s system = 0.437500s CPU (67.8%)

PHY-1001 : Commit to database.....
PHY-1001 : 34 feed throughs used by 19 nets
PHY-1001 : End commit to database; 0.295671s wall, 0.187500s user + 0.000000s system = 0.187500s CPU (63.4%)

PHY-1001 : Current memory(MB): used = 608, reserve = 582, peak = 608.
PHY-1001 : End phase 3; 1.406363s wall, 1.000000s user + 0.000000s system = 1.000000s CPU (71.1%)

PHY-1001 : ===== Detail Route Phase 4 =====
PHY-1001 : Optimize timing.....
PHY-1001 : ===== OPT Iter 1 =====
PHY-1001 : Processed 7 pins with SWNS -0.386ns STNS -0.602ns FEP 2.
PHY-1001 : End OPT Iter 1; 0.027926s wall, 0.015625s user + 0.000000s system = 0.015625s CPU (56.0%)

PHY-1022 : len = 488512, over cnt = 0(0%), over = 0, worst = 0, crit = 0
PHY-1001 : End optimize timing; 0.049527s wall, 0.031250s user + 0.000000s system = 0.031250s CPU (63.1%)

PHY-0007 : Phase: 4; Congestion: {, , , }; Timing: {-0.386ns, -0.602ns, 2}
PHY-1001 : Update timing.....
PHY-1001 : 26/3216(0%) critical/total net(s).
RUN-1001 : --------------------------------------
RUN-1001 :   Type   |  WNS(ns)  |  TNS(ns)  |  FEP  
RUN-1001 : --------------------------------------
RUN-1001 :   Setup  |  -0.386   |  -0.602   |   2   
RUN-1001 :   Hold   |   0.088   |   0.000   |   0   
RUN-1001 : --------------------------------------
PHY-1001 : End update timing; 0.644485s wall, 0.421875s user + 0.000000s system = 0.421875s CPU (65.5%)

PHY-1001 : Commit to database.....
PHY-1001 : 35 feed throughs used by 20 nets
PHY-1001 : End commit to database; 0.307533s wall, 0.234375s user + 0.000000s system = 0.234375s CPU (76.2%)

PHY-1001 : Current memory(MB): used = 609, reserve = 583, peak = 609.
PHY-1001 : End phase 4; 1.003364s wall, 0.687500s user + 0.000000s system = 0.687500s CPU (68.5%)

PHY-1003 : Routed, final wirelength = 488512
PHY-1001 : Current memory(MB): used = 610, reserve = 584, peak = 610.
PHY-1001 : End export database. 0.010880s wall, 0.000000s user + 0.000000s system = 0.000000s CPU (n/a%)

PHY-1001 : End detail routing;  11.380077s wall, 7.531250s user + 0.125000s system = 7.656250s CPU (67.3%)

RUN-1003 : finish command "route" in  12.325974s wall, 7.937500s user + 0.140625s system = 8.078125s CPU (65.5%)

RUN-1004 : used memory is 553 MB, reserved memory is 530 MB, peak memory is 610 MB
RUN-1002 : start command "report_area -io_info -file pic_sdram_phy.area"
RUN-1001 : standard
***Report Model: top Device: EG4S20BG256***

IO Statistics
#IO                        47
  #input                    6
  #output                  37
  #inout                    4

Utilization Statistics
#lut                     2236   out of  19600   11.41%
#reg                     1754   out of  19600    8.95%
#le                      2866
  #lut only              1112   out of   2866   38.80%
  #reg only               630   out of   2866   21.98%
  #lut&reg               1124   out of   2866   39.22%
#dsp                        0   out of     29    0.00%
#bram                      13   out of     64   20.31%
  #bram9k                  13
  #fifo9k                   0
#bram32k                    0   out of     16    0.00%
#pad                       47   out of    188   25.00%
  #ireg                     1
  #oreg                    34
  #treg                     0
#pll                        2   out of      4   50.00%
#gclk                       3   out of     16   18.75%

Clock Resource Statistics
Index     ClockNet                     Type               DriverType         Driver                         Fanout
#1        U3/u2_ram/u2_wrrd/Sdr_clk    GCLK               pll                sys_pll_m0/pll_inst.clkc1      372
#2        config_inst_syn_9            GCLK               config             config_inst.jtck               280
#3        sys_pll_m0/clk0_buf          GCLK               pll                sys_pll_m0/pll_inst.clkc0      255
#4        U3/u2_ram/SDRAM_CLK          GCLK               pll                sys_pll_m0/pll_inst.clkc3      112
#5        video_pll_m0/clk0_buf        GCLK               pll                video_pll_m0/pll_inst.clkc0    75
#6        clk_dup_1                    GCLK               io                 clk_syn_2.di                   26


Detailed IO Report

       Name         Direction    Location    IOStandard    DriveStrength    PullType     PackReg   
       clk            INPUT         R7        LVCMOS33          N/A           NONE        NONE     
       key1           INPUT         B2        LVCMOS33          N/A           NONE        IREG     
       key2           INPUT         B1        LVCMOS33          N/A           NONE        NONE     
      rst_n           INPUT         A2        LVCMOS33          N/A           NONE        NONE     
     sd_miso          INPUT        B14        LVCMOS33          N/A           NONE        NONE     
     switch1          INPUT         C8        LVCMOS33          N/A           NONE        NONE     
    flash_cs_n       OUTPUT         P8        LVCMOS33           8            NONE        NONE     
    flash_sck        OUTPUT         M9        LVCMOS33           8            NONE        NONE     
     sd_dclk         OUTPUT        A14        LVCMOS33           8            NONE        OREG     
     sd_mosi         OUTPUT        A13        LVCMOS33           8            NONE        OREG     
      sd_ncs         OUTPUT        A12        LVCMOS33           8            NONE        OREG     
   seg_data[7]       OUTPUT         A6        LVCMOS33           8            NONE        NONE     
   seg_data[6]       OUTPUT         A7        LVCMOS33           8            NONE        OREG     
   seg_data[5]       OUTPUT         A8        LVCMOS33           8            NONE        OREG     
   seg_data[4]       OUTPUT         B5        LVCMOS33           8            NONE        OREG     
   seg_data[3]       OUTPUT         A5        LVCMOS33           8            NONE        OREG     
   seg_data[2]       OUTPUT         B6        LVCMOS33           8            NONE        OREG     
   seg_data[1]       OUTPUT        C16        LVCMOS33           8            NONE        OREG     
   seg_data[0]       OUTPUT        C15        LVCMOS33           8            NONE        OREG     
    seg_sel[5]       OUTPUT        D11        LVCMOS33           8            NONE        OREG     
    seg_sel[4]       OUTPUT        E11        LVCMOS33           8            NONE        OREG     
    seg_sel[3]       OUTPUT        F10        LVCMOS33           8            NONE        OREG     
    seg_sel[2]       OUTPUT        C13        LVCMOS33           8            NONE        OREG     
    seg_sel[1]       OUTPUT        E10        LVCMOS33           8            NONE        OREG     
    seg_sel[0]       OUTPUT        E12        LVCMOS33           8            NONE        OREG     
   vga_out_b[4]      OUTPUT         D5        LVCMOS33           8            NONE        OREG     
   vga_out_b[3]      OUTPUT         D6        LVCMOS33           8            NONE        OREG     
   vga_out_b[2]      OUTPUT         E6        LVCMOS33           8            NONE        OREG     
   vga_out_b[1]      OUTPUT         F6        LVCMOS33           8            NONE        OREG     
   vga_out_b[0]      OUTPUT        H16        LVCMOS25           8            N/A         OREG     
   vga_out_g[5]      OUTPUT         N6        LVCMOS33           8            NONE        OREG     
   vga_out_g[4]      OUTPUT         N5        LVCMOS33           8            NONE        OREG     
   vga_out_g[3]      OUTPUT         P5        LVCMOS33           8            NONE        OREG     
   vga_out_g[2]      OUTPUT         T5        LVCMOS33           8            NONE        OREG     
   vga_out_g[1]      OUTPUT        G14        LVCMOS25           8            N/A         OREG     
   vga_out_g[0]      OUTPUT         F4        LVCMOS33           8            N/A         OREG     
    vga_out_hs       OUTPUT         E7        LVCMOS33           8            NONE        OREG     
   vga_out_r[4]      OUTPUT        E13        LVCMOS33           8            NONE        OREG     
   vga_out_r[3]      OUTPUT         L8        LVCMOS33           8            NONE        OREG     
   vga_out_r[2]      OUTPUT         L7        LVCMOS33           8            NONE        OREG     
   vga_out_r[1]      OUTPUT         R5        LVCMOS33           8            NONE        OREG     
   vga_out_r[0]      OUTPUT        M11        LVCMOS25           8            N/A         OREG     
    vga_out_vs       OUTPUT         F7        LVCMOS33           8            NONE        OREG     
  flash_qspi_IO0      INOUT         P7        LVCMOS33           8            NONE        NONE     
  flash_qspi_IO1      INOUT         N8        LVCMOS33           8            NONE        NONE     
  flash_qspi_IO2      INOUT         P9        LVCMOS33           8            NONE        NONE     
  flash_qspi_IO3      INOUT         R9        LVCMOS33           8            NONE        NONE     
       dm0           OUTPUT        S14        LVCMOS25           8            NONE        OREG     
       cke           OUTPUT        S18        LVCMOS25           8            NONE        NONE     
       we_n          OUTPUT        S19        LVCMOS25           8            NONE        OREG     
      cas_n          OUTPUT        S20        LVCMOS25           8            NONE        OREG     
      ras_n          OUTPUT        S21        LVCMOS25           8            NONE        OREG     
       cs_n          OUTPUT        S22        LVCMOS25           8            NONE        NONE     
     addr[9]         OUTPUT        S23        LVCMOS25           8            NONE        OREG     
     addr[8]         OUTPUT        S24        LVCMOS25           8            NONE        OREG     
     addr[7]         OUTPUT        S25        LVCMOS25           8            NONE        OREG     
     addr[6]         OUTPUT        S26        LVCMOS25           8            NONE        OREG     
     addr[5]         OUTPUT        S27        LVCMOS25           8            NONE        OREG     
     addr[4]         OUTPUT        S28        LVCMOS25           8            NONE        OREG     
       dm2           OUTPUT        S29        LVCMOS25           8            NONE        OREG     
       dm3           OUTPUT        S61        LVCMOS25           8            NONE        OREG     
     addr[3]         OUTPUT        S64        LVCMOS25           8            NONE        OREG     
     addr[2]         OUTPUT        S65        LVCMOS25           8            NONE        OREG     
     addr[1]         OUTPUT        S66        LVCMOS25           8            NONE        OREG     
     addr[0]         OUTPUT        S67        LVCMOS25           8            NONE        OREG     
     addr[10]        OUTPUT        S68        LVCMOS25           8            NONE        OREG     
      ba[0]          OUTPUT        S69        LVCMOS25           8            NONE        OREG     
      ba[1]          OUTPUT        S70        LVCMOS25           8            NONE        OREG     
       clk           OUTPUT        S73        LVCMOS25           8            NONE        NONE     
       dm1           OUTPUT        S76        LVCMOS25           8            NONE        OREG     
      dq[0]           INOUT         S1        LVCMOS25           8           PULLUP     IREG;OREG  
      dq[6]           INOUT        S11        LVCMOS25           8           PULLUP     IREG;OREG  
      dq[7]           INOUT        S12        LVCMOS25           8           PULLUP     IREG;OREG  
      dq[1]           INOUT         S2        LVCMOS25           8           PULLUP     IREG;OREG  
      dq[23]          INOUT        S31        LVCMOS25           8           PULLUP       IREG     
      dq[22]          INOUT        S32        LVCMOS25           8           PULLUP       IREG     
      dq[21]          INOUT        S35        LVCMOS25           8           PULLUP       IREG     
      dq[20]          INOUT        S36        LVCMOS25           8           PULLUP       IREG     
      dq[19]          INOUT        S37        LVCMOS25           8           PULLUP       IREG     
      dq[18]          INOUT        S38        LVCMOS25           8           PULLUP       IREG     
      dq[17]          INOUT        S41        LVCMOS25           8           PULLUP       IREG     
      dq[16]          INOUT        S42        LVCMOS25           8           PULLUP       IREG     
      dq[31]          INOUT        S48        LVCMOS25           8           PULLUP       IREG     
      dq[30]          INOUT        S49        LVCMOS25           8           PULLUP       IREG     
      dq[2]           INOUT         S5        LVCMOS25           8           PULLUP     IREG;OREG  
      dq[29]          INOUT        S52        LVCMOS25           8           PULLUP       IREG     
      dq[28]          INOUT        S53        LVCMOS25           8           PULLUP       IREG     
      dq[27]          INOUT        S54        LVCMOS25           8           PULLUP       IREG     
      dq[26]          INOUT        S55        LVCMOS25           8           PULLUP       IREG     
      dq[25]          INOUT        S58        LVCMOS25           8           PULLUP       IREG     
      dq[24]          INOUT        S59        LVCMOS25           8           PULLUP       IREG     
      dq[3]           INOUT         S6        LVCMOS25           8           PULLUP     IREG;OREG  
      dq[4]           INOUT         S7        LVCMOS25           8           PULLUP     IREG;OREG  
      dq[8]           INOUT        S78        LVCMOS25           8           PULLUP     IREG;OREG  
      dq[9]           INOUT        S79        LVCMOS25           8           PULLUP     IREG;OREG  
      dq[5]           INOUT         S8        LVCMOS25           8           PULLUP     IREG;OREG  
      dq[10]          INOUT        S82        LVCMOS25           8           PULLUP     IREG;OREG  
      dq[11]          INOUT        S83        LVCMOS25           8           PULLUP     IREG;OREG  
      dq[12]          INOUT        S84        LVCMOS25           8           PULLUP     IREG;OREG  
      dq[13]          INOUT        S85        LVCMOS25           8           PULLUP     IREG;OREG  
      dq[14]          INOUT        S88        LVCMOS25           8           PULLUP     IREG;OREG  
      dq[15]          INOUT        S89        LVCMOS25           8           PULLUP     IREG;OREG  

Report Hierarchy Area:
+------------------------------------------------------------------------------------------------------------------------------------------+
|Instance                             |Module                                         |le     |lut     |ripple  |seq     |bram    |dsp     |
+------------------------------------------------------------------------------------------------------------------------------------------+
|top                                  |top                                            |2866   |1843    |393     |1789    |13      |0       |
|  U3                                 |sdram                                          |337    |86      |5       |329     |0       |0       |
|    u2_ram                           |sdr_as_ram                                     |337    |86      |5       |329     |0       |0       |
|      u1_init_ref                    |sdr_init_ref                                   |91     |12      |5       |83      |0       |0       |
|      u2_wrrd                        |sdr_wrrd                                       |246    |74      |0       |246     |0       |0       |
|  frame_read_write_m0                |frame_read_write                               |453    |293     |98      |292     |2       |0       |
|    frame_fifo_read_m0               |frame_fifo_read                                |112    |85      |24      |60      |0       |0       |
|    frame_fifo_write_m0              |frame_fifo_write                               |114    |89      |24      |63      |0       |0       |
|    read_buf                         |afifo_16_256                                   |114    |56      |25      |85      |1       |0       |
|      ram_inst                       |ram_infer_afifo_16_256                         |0      |0       |0       |0       |1       |0       |
|      rd_to_wr_cross_inst            |fifo_cross_domain_addr_process_al_afifo_16_256 |28     |14      |0       |28      |0       |0       |
|      wr_to_rd_cross_inst            |fifo_cross_domain_addr_process_al_afifo_16_256 |30     |17      |0       |30      |0       |0       |
|    write_buf                        |afifo_16_256                                   |113    |63      |25      |84      |1       |0       |
|      ram_inst                       |ram_infer_afifo_16_256                         |0      |0       |0       |0       |1       |0       |
|      rd_to_wr_cross_inst            |fifo_cross_domain_addr_process_al_afifo_16_256 |33     |18      |0       |33      |0       |0       |
|      wr_to_rd_cross_inst            |fifo_cross_domain_addr_process_al_afifo_16_256 |25     |17      |0       |25      |0       |0       |
|  sd_card_bmp_m0                     |sd_card_bmp                                    |913    |758     |97      |364     |0       |0       |
|    ax_debounce_m0                   |ax_debounce                                    |64     |54      |9       |36      |0       |0       |
|    bmp_read_m0                      |bmp_read                                       |284    |179     |58      |149     |0       |0       |
|    sd_card_top_m0                   |sd_card_top                                    |565    |525     |30      |179     |0       |0       |
|      sd_card_cmd_m0                 |sd_card_cmd                                    |331    |306     |25      |63      |0       |0       |
|      sd_card_sec_read_write_m0      |sd_card_sec_read_write                         |171    |161     |0       |79      |0       |0       |
|      spi_master_m0                  |spi_master                                     |63     |58      |5       |37      |0       |0       |
|  seg_scan_m0                        |seg_scan                                       |76     |54      |22      |20      |0       |0       |
|  sys_pll_m0                         |sys_pll                                        |0      |0       |0       |0       |0       |0       |
|  video_pll_m0                       |video_pll                                      |0      |0       |0       |0       |0       |0       |
|  video_timing_data_m0               |video_timing_data                              |49     |39      |8       |33      |0       |0       |
|    color_bar_m0                     |color_bar                                      |46     |38      |8       |30      |0       |0       |
|  cw_top                             |CW_TOP_WRAPPER                                 |1021   |596     |163     |700     |0       |0       |
|    wrapper_cwc_top                  |cwc_top                                        |1021   |596     |163     |700     |0       |0       |
|      cfg_int_inst                   |cwc_cfg_int                                    |498    |247     |0       |498     |0       |0       |
|        reg_inst                     |register                                       |495    |244     |0       |495     |0       |0       |
|        tap_inst                     |tap                                            |3      |3       |0       |3       |0       |0       |
|      trigger_inst                   |trigger                                        |523    |349     |163     |202     |0       |0       |
|        bus_inst                     |bus_top                                        |309    |201     |106     |109     |0       |0       |
|          BUS_DETECTOR[0]$bus_nodes  |bus_det                                        |2      |2       |0       |2       |0       |0       |
|          BUS_DETECTOR[10]$bus_nodes |bus_det                                        |102    |68      |34      |35      |0       |0       |
|          BUS_DETECTOR[1]$bus_nodes  |bus_det                                        |1      |0       |0       |1       |0       |0       |
|          BUS_DETECTOR[2]$bus_nodes  |bus_det                                        |23     |14      |8       |7       |0       |0       |
|          BUS_DETECTOR[3]$bus_nodes  |bus_det                                        |20     |12      |8       |7       |0       |0       |
|          BUS_DETECTOR[4]$bus_nodes  |bus_det                                        |21     |13      |8       |8       |0       |0       |
|          BUS_DETECTOR[5]$bus_nodes  |bus_det                                        |32     |20      |12      |11      |0       |0       |
|          BUS_DETECTOR[6]$bus_nodes  |bus_det                                        |2      |2       |0       |2       |0       |0       |
|          BUS_DETECTOR[7]$bus_nodes  |bus_det                                        |35     |23      |12      |14      |0       |0       |
|          BUS_DETECTOR[8]$bus_nodes  |bus_det                                        |69     |45      |24      |20      |0       |0       |
|          BUS_DETECTOR[9]$bus_nodes  |bus_det                                        |2      |2       |0       |2       |0       |0       |
|        emb_ctrl_inst                |emb_ctrl                                       |104    |73      |29      |54      |0       |0       |
+------------------------------------------------------------------------------------------------------------------------------------------+


DataNet Average Fanout:

   Index     Fanout     Nets  
    #1          1       1949  
    #2          2       779   
    #3          3       362   
    #4          4       152   
    #5        5-10      202   
    #6        11-50      93   
    #7       51-100      3    
    #8       101-500     4    
  Average     2.69            

RUN-1002 : start command "export_db pic_sdram_pr.db"
RUN-1001 : Exported /
RUN-1001 : Exported flow parameters
RUN-1001 : Exported libs
RUN-1001 : Exported entities
RUN-1001 : Exported ports
RUN-1001 : Exported pins
RUN-1001 : Exported instances
RUN-1001 : Exported nets
RUN-1001 : Exported buses
RUN-1001 : Exported models
RUN-1001 : Exported congestions
RUN-1001 : Exported violations
RUN-1001 : Exported timing constraints
RUN-1001 : Exported IO constraints
RUN-1001 : Exported Inst constraints
RUN-1001 : Exported ChipWatcher
RUN-1002 : start command "start_timer"
TMR-2505 : Start building timing graph for model top.
TMR-2506 : Build timing graph completely. Port num: 22, tpin num: 14296, tnet num: 3597, tinst num: 1620, tnode num: 18498, tedge num: 23766.
TMR-2508 : Levelizing timing graph completed, there are 43 levels in total.
TMR-2501 : Timing graph initialized successfully.
RUN-1002 : start command "report_timing -mode FINAL -net_info -rpt_autogen true -file pic_sdram_phy.timing"
TMR-2503 : Start to update net delay, extr mode = 6.
TMR-2504 : Update delay of 3597 nets completely.
TMR-2502 : Annotate delay completely, extr mode = 6.
TMR-3001 : Initiate 5 clocks from SDC.
TMR-3004 : Map sdc constraints, there are 8 constraints in total.
TMR-3003 : Constraints initiated successfully.
TMR-3501 : Forward propagation: start to calculate arrival time...
TMR-3502 : Backward propagation: start to calculate required time...
TMR-3503 : Timing propagation completes.
TMR-3506 : Start to generate timing report.
TMR-1502 : Number of clock constraints = 5. Number of clock nets = 6 (1 unconstrainted).
TMR-5009 WARNING: No clock constraint on 1 clock net(s): 
		config_inst_syn_10
TMR-3508 : Export timing summary.
TMR-3507 : Timing report generated successfully in pic_sdram_phy.timing, timing summary in pic_sdram_phy.tsm.
RUN-1002 : start command "export_bid pic_sdram_inst.bid"
PRG-1000 : <!-- HMAC is: b6665a62c345fd05a05b89c48909edf6a34d9ae41a642eaa2fc96f2f021bbd57 -->
RUN-1002 : start command "bitgen -bit pic_sdram.bit"
BIT-1003 : Start to generate bitstream. 
BIT-1002 : Init instances with 16 threads.
BIT-1002 : Init instances completely, inst num: 1620
BIT-1002 : Init pips with 16 threads.
BIT-1002 : Init pips completely, net num: 3599, pip num: 33992
BIT-1002 : Init feedthrough with 16 threads.
BIT-1002 : Init feedthrough completely, num: 35
BIT-1003 : Multithreading accelaration with 16 threads.
BIT-1003 : Generate bitstream completely, there are 2331 valid insts, and 92382 bits set as '1'.
BIT-1004 : the usercode register value: 00000000011010010001011001011100
BIT-1004 : PLL setting string = 0110
BIT-1004 : Generate bits file pic_sdram.bit.
RUN-1003 : finish command "bitgen -bit pic_sdram.bit" in  3.539743s wall, 31.625000s user + 0.046875s system = 31.671875s CPU (894.8%)

RUN-1004 : used memory is 583 MB, reserved memory is 561 MB, peak memory is 755 MB
RUN-1002 : start command "backup_run_log run.log ../.logs/phy_1/td_20231214_155859.log"
