============================================================
   Tang Dynasty, V5.6.71036
      Copyright (c) 2012-2023 Anlogic Inc.
   Executable = D:/Program/Anlogic/TD5.6.2/bin/td.exe
   Built at =   20:34:38 Mar 21 2023
   Run by =     28408
   Run Date =   Tue Dec 12 19:06:38 2023

   Run on =     DESKTOP-T1B5OP5
============================================================
RUN-1002 : start command "open_project pic_sdram.prj"
RUN-1001 : Print Global Property
RUN-1001 : ---------------------------------------------------------------
RUN-1001 :        Parameters        |  Settings  |  Default Values  |  Note  
RUN-1001 : ---------------------------------------------------------------
RUN-1001 :          message         |  standard  |     standard     |        
RUN-1001 :   mixed_pack_place_flow  |     on     |        on        |        
RUN-1001 :        qor_monitor       |    off     |       off        |        
RUN-1001 :        syn_ip_flow       |    off     |       off        |        
RUN-1001 :          thread          |    auto    |       auto       |        
RUN-1001 : ---------------------------------------------------------------
RUN-1001 : Print Design Property
RUN-1001 : --------------------------------------------------------------
RUN-1001 :        Parameters       |  Settings  |  Default Values  |  Note  
RUN-1001 : --------------------------------------------------------------
RUN-1001 :   default_reg_initial   |    auto    |       auto       |        
RUN-1001 :        infer_add        |     on     |        on        |        
RUN-1001 :        infer_fsm        |    off     |       off        |        
RUN-1001 :        infer_mult       |     on     |        on        |        
RUN-1001 :        infer_ram        |     on     |        on        |        
RUN-1001 :        infer_reg        |     on     |        on        |        
RUN-1001 :   infer_reg_init_value  |     on     |        on        |        
RUN-1001 :        infer_rom        |     on     |        on        |        
RUN-1001 :      infer_shifter      |     on     |        on        |        
RUN-1001 : --------------------------------------------------------------
RUN-1001 : Print Rtl Property
RUN-1001 : --------------------------------------------------------------
RUN-1001 :        Parameters       |  Settings  |  Default Values  |  Note  
RUN-1001 : --------------------------------------------------------------
RUN-1001 :       compress_add      |   ripple   |      ripple      |        
RUN-1001 :        elf_sload        |    off     |       off        |        
RUN-1001 :       fix_undriven      |     0      |        0         |        
RUN-1001 :         flatten         |    off     |       off        |        
RUN-1001 :       gate_sharing      |     on     |        on        |        
RUN-1001 :    hdl_warning_level    |   normal   |      normal      |        
RUN-1001 :   impl_internal_tribuf  |     on     |        on        |        
RUN-1001 :      impl_set_reset     |     on     |        on        |        
RUN-1001 :        infer_gsr        |    off     |       off        |        
RUN-1001 :      keep_hierarchy     |    auto    |       auto       |        
RUN-1001 :        max_fanout       |    9999    |       9999       |        
RUN-1001 :      max_oh2bin_len     |     10     |        10        |        
RUN-1001 :       merge_equal       |     on     |        on        |        
RUN-1001 :       merge_equiv       |     on     |        on        |        
RUN-1001 :        merge_mux        |    off     |       off        |        
RUN-1001 :     min_control_set     |     8      |        8         |        
RUN-1001 :      min_ripple_len     |    auto    |       auto       |        
RUN-1001 :       oh2bin_ratio      |    0.08    |       0.08       |        
RUN-1001 :     opt_adder_fanout    |     on     |        on        |        
RUN-1001 :        opt_arith        |     on     |        on        |        
RUN-1001 :       opt_big_gate      |    off     |       off        |        
RUN-1001 :        opt_const        |     on     |        on        |        
RUN-1001 :      opt_const_mult     |     on     |        on        |        
RUN-1001 :       opt_lessthan      |     on     |        on        |        
RUN-1001 :         opt_mux         |    off     |       off        |        
RUN-1001 :         opt_ram         |    high    |       high       |        
RUN-1001 :      rtl_sim_model      |    off     |       off        |        
RUN-1001 :         seq_syn         |     on     |        on        |        
RUN-1001 : --------------------------------------------------------------
HDL-1007 : analyze verilog file ../../al_ip/sys_pll.v
HDL-1007 : undeclared symbol 'open', assumed default net type 'wire' in ../../al_ip/sys_pll.v(77)
HDL-1007 : analyze verilog file ../../al_ip/video_pll.v
HDL-1007 : undeclared symbol 'open', assumed default net type 'wire' in ../../al_ip/video_pll.v(63)
HDL-1007 : analyze verilog file ../../al_ip/afifo_16_256.v
HDL-1007 : analyze verilog file ../../al_ip/sdram.v
HDL-1007 : analyze verilog file ../../Qspi_master.v
HDL-1007 : analyze verilog file ../../flash_cmd.v
HDL-1007 : analyze verilog file ../../flash_reader.v
HDL-1007 : analyze verilog file ../../flash_step.v
HDL-1007 : analyze verilog file ../../flash_write_read.v
HDL-1007 : analyze verilog file ../../flash_writer.v
HDL-1007 : analyze verilog file ../../sys_state_ctrl.v
HDL-1007 : analyze verilog file ../../src/ax_debounce.v
HDL-1007 : analyze verilog file ../../src/bmp_read.v
HDL-1007 : analyze verilog file ../../src/color_bar.v
HDL-1007 : analyze included file ../../src/video_define.v in ../../src/color_bar.v(2)
HDL-1007 : back to file '../../src/color_bar.v' in ../../src/color_bar.v(2)
HDL-1007 : analyze verilog file ../../src/frame_fifo_read.v
HDL-1007 : undeclared symbol 'read_busy', assumed default net type 'wire' in ../../src/frame_fifo_read.v(55)
HDL-1007 : analyze verilog file ../../src/frame_fifo_write.v
HDL-1007 : undeclared symbol 'write_busy', assumed default net type 'wire' in ../../src/frame_fifo_write.v(53)
HDL-1007 : analyze verilog file ../../src/frame_read_write.v
HDL-1007 : analyze verilog file ../../src/sd_card/sd_card_cmd.v
HDL-1007 : analyze verilog file ../../src/sd_card/sd_card_sec_read_write.v
HDL-1007 : analyze verilog file ../../src/sd_card/sd_card_top.v
HDL-1007 : analyze verilog file ../../src/sd_card/spi_master.v
HDL-1007 : analyze verilog file ../../src/sd_card_bmp.v
HDL-1007 : analyze verilog file ../../src/sdram/sdram_core.v
HDL-1007 : analyze verilog file ../../src/seg_decoder.v
HDL-1007 : analyze verilog file ../../src/seg_scan.v
HDL-1007 : analyze verilog file ../../src/top.v
HDL-1007 : analyze verilog file ../../src/video_timing_data.v
RUN-1001 : Project manager successfully analyzed 28 source files.
RUN-1002 : start command "import_device eagle_s20.db -package EG4S20BG256"
ARC-1001 : Device Initialization.
ARC-1001 : ------------------------------------------------------------------
ARC-1001 :            OPTION            |          IO          |   SETTING   
ARC-1001 : ------------------------------------------------------------------
ARC-1001 :   cso_b/cclk/mosi/miso/dout  |  T3/R11/T10/P10/S11  |    gpio    
ARC-1001 :             done             |         P13          |    gpio    
ARC-1001 :           program_b          |          T2          |  dedicate  
ARC-1001 :        tdi/tms/tck/tdo       |   C12/A15/C14/E14    |  dedicate  
ARC-1001 : ------------------------------------------------------------------
ARC-1004 : Device setting, marked 5 dedicate IOs in total.
RUN-1002 : start command "import_db ../syn_1/pic_sdram_gate.db"
RUN-1001 : Importing database generated by Tang Dynasty, V5.6.71036.
RUN-1001 : Database version number 46146.
RUN-1001 : Import flow parameters
RUN-1001 : Import timing constraints
RUN-1001 : Import IO constraints
RUN-1001 : Import Inst constraints
RUN-1001 : Import design success TD_VERSION=5.6.71036 , DB_VERSION=46146
RUN-1002 : start command "read_sdc ../../top.sdc"
RUN-1002 : start command "get_ports clk"
RUN-1002 : start command "create_clock -name clk -period 20 -waveform 0 10 "
RUN-1102 : create_clock: clock name: clk, type: 0, period: 20000, rise: 0, fall: 10000.
RUN-1002 : start command "get_ports clk"
RUN-1002 : start command "get_pins sys_pll_m0/pll_inst.clkc[0]"
RUN-1002 : start command "create_generated_clock -name sd_card_clk -source  -master_clock clk -phase 0 -multiply_by 2 "
RUN-1002 : start command "get_ports clk"
RUN-1002 : start command "get_pins sys_pll_m0/pll_inst.clkc[1]"
RUN-1002 : start command "create_generated_clock -name ext_mem_clk -source  -master_clock clk -phase 0 -multiply_by 2 "
RUN-1002 : start command "get_ports clk"
RUN-1002 : start command "get_pins sys_pll_m0/pll_inst.clkc[2]"
RUN-1002 : start command "create_generated_clock -name flash_sys_clk -source  -master_clock clk -phase 0 -multiply_by 2 "
RUN-1002 : start command "get_ports clk"
RUN-1002 : start command "get_pins video_pll_m0/pll_inst.clkc[0]"
RUN-1002 : start command "create_generated_clock -name video_clk -source  -master_clock clk -phase 0 -multiply_by 2 "
RUN-1002 : start command "read_sdc -ip afifo_16_256 ../../al_ip/afifo_16_256.tcl"
RUN-1002 : start command "get_ports clkw"
RUN-1002 : start command "get_nets  clkw  "
RUN-1002 : start command "get_clocks -nowarn -of nets 20671677595648"
RUN-1002 : start command "get_ports clkr"
RUN-1002 : start command "get_nets  clkr  "
RUN-1002 : start command "get_clocks -nowarn -of nets 24769076396032"
RUN-1002 : start command "get_property -nowarn -max PERIOD "
RUN-1002 : start command "get_property -nowarn -max PERIOD "
RUN-1002 : start command "get_regs rd_to_wr_cross_inst/primary_addr_gray_reg[*]"
RUN-1002 : start command "get_regs rd_to_wr_cross_inst/sync_r1[*]"
RUN-1002 : start command "set_max_delay -from  -to  9.6999999999999993 -datapath_only"
RUN-1002 : start command "get_regs rd_to_wr_cross_inst/primary_addr_gray_reg[*]"
RUN-1002 : start command "get_regs rd_to_wr_cross_inst/sync_r1[*]"
RUN-1002 : start command "set_false_path -from  -to  -hold 9.6999999999999993"
USR-1002 : set_false_path -help -setup -hold -from <list> -rise_from <list> -fall_from <list> -to <list> -rise_to <list> -fall_to <list> -through <list>
RUN-1002 : start command "get_regs wr_to_rd_cross_inst/primary_addr_gray_reg[*]"
RUN-1002 : start command "get_regs wr_to_rd_cross_inst/sync_r1[*]"
RUN-1002 : start command "set_max_delay -from  -to  9.6999999999999993 -datapath_only"
RUN-1002 : start command "get_regs wr_to_rd_cross_inst/primary_addr_gray_reg[*]"
RUN-1002 : start command "get_regs wr_to_rd_cross_inst/sync_r1[*]"
RUN-1002 : start command "set_false_path -from  -to  -hold 9.6999999999999993"
USR-1002 : set_false_path -help -setup -hold -from <list> -rise_from <list> -fall_from <list> -to <list> -rise_to <list> -fall_to <list> -through <list>
RUN-1002 : start command "get_ports clkw"
RUN-1002 : start command "get_nets  clkw  "
RUN-1002 : start command "get_clocks -nowarn -of nets 30743375904768"
RUN-1002 : start command "get_ports clkr"
RUN-1002 : start command "get_nets  clkr  "
RUN-1002 : start command "get_clocks -nowarn -of nets 20671677595648"
RUN-1002 : start command "get_property -nowarn -max PERIOD "
RUN-1002 : start command "get_property -nowarn -max PERIOD "
RUN-1002 : start command "get_regs rd_to_wr_cross_inst/primary_addr_gray_reg[*]"
RUN-1002 : start command "get_regs rd_to_wr_cross_inst/sync_r1[*]"
RUN-1002 : start command "set_max_delay -from  -to  9.6999999999999993 -datapath_only"
RUN-1002 : start command "get_regs rd_to_wr_cross_inst/primary_addr_gray_reg[*]"
RUN-1002 : start command "get_regs rd_to_wr_cross_inst/sync_r1[*]"
RUN-1002 : start command "set_false_path -from  -to  -hold 9.6999999999999993"
USR-1002 : set_false_path -help -setup -hold -from <list> -rise_from <list> -fall_from <list> -to <list> -rise_to <list> -fall_to <list> -through <list>
RUN-1002 : start command "get_regs wr_to_rd_cross_inst/primary_addr_gray_reg[*]"
RUN-1002 : start command "get_regs wr_to_rd_cross_inst/sync_r1[*]"
RUN-1002 : start command "set_max_delay -from  -to  9.6999999999999993 -datapath_only"
RUN-1002 : start command "get_regs wr_to_rd_cross_inst/primary_addr_gray_reg[*]"
RUN-1002 : start command "get_regs wr_to_rd_cross_inst/sync_r1[*]"
RUN-1002 : start command "set_false_path -from  -to  -hold 9.6999999999999993"
USR-1002 : set_false_path -help -setup -hold -from <list> -rise_from <list> -fall_from <list> -to <list> -rise_to <list> -fall_to <list> -through <list>
RUN-1002 : start command "place"
RUN-1001 : Open license file D:/Program/Anlogic/TD5.6.2/license/Anlogic.lic
RUN-1001 : Print Global Property
RUN-1001 : ---------------------------------------------------------------
RUN-1001 :        Parameters        |  Settings  |  Default Values  |  Note  
RUN-1001 : ---------------------------------------------------------------
RUN-1001 :          message         |  standard  |     standard     |        
RUN-1001 :   mixed_pack_place_flow  |     on     |        on        |        
RUN-1001 :        qor_monitor       |    off     |       off        |        
RUN-1001 :        syn_ip_flow       |    off     |       off        |        
RUN-1001 :          thread          |    auto    |       auto       |        
RUN-1001 : ---------------------------------------------------------------
RUN-1001 : Print Place Property
RUN-1001 : --------------------------------------------------------------
RUN-1001 :        Parameters       |  Settings  |  Default Values  |  Note  
RUN-1001 : --------------------------------------------------------------
RUN-1001 :      detailed_place     |     on     |        on        |        
RUN-1001 :          effort         |   medium   |      medium      |        
RUN-1001 :         fix_hold        |    off     |       off        |        
RUN-1001 :       legalization      |    ori     |       ori        |        
RUN-1001 :      new_spreading      |     on     |        on        |        
RUN-1001 :        opt_timing       |   medium   |      medium      |        
RUN-1001 :   post_clock_route_opt  |    off     |       off        |        
RUN-1001 :       pr_strategy       |     1      |        1         |        
RUN-1001 :        relaxation       |    1.00    |       1.00       |        
RUN-1001 :         retiming        |    off     |       off        |        
RUN-1001 : --------------------------------------------------------------
PHY-3001 : Placer runs in 16 thread(s).
RUN-1002 : start command "legalize_phy_inst"
SYN-1011 : Flatten model top
RUN-1002 : start command "phys_opt -simplify_lut"
SYN-4016 : Net frame_read_write_m0/write_buf/clkw driven by BUFG (425 clock/control pins, 1 other pins).
SYN-4016 : Net frame_read_write_m0/read_buf/clkr driven by BUFG (81 clock/control pins, 1 other pins).
SYN-4027 : Net frame_read_write_m0/frame_fifo_read_m0/mem_clk is clkc1 of pll sys_pll_m0/pll_inst.
SYN-4027 : Net flash_write_read_m0/flash_cmd_m0/sys_clk is clkc2 of pll sys_pll_m0/pll_inst.
SYN-4019 : Net clk_dup_1 is refclk of pll sys_pll_m0/pll_inst.
SYN-4020 : Net clk_dup_1 is fbclk of pll sys_pll_m0/pll_inst.
SYN-4019 : Net clk_dup_1 is refclk of pll video_pll_m0/pll_inst.
SYN-4020 : Net clk_dup_1 is fbclk of pll video_pll_m0/pll_inst.
SYN-4025 : Tag rtl::Net clk_dup_1 as clock net
SYN-4025 : Tag rtl::Net flash_write_read_m0/flash_cmd_m0/sys_clk as clock net
SYN-4025 : Tag rtl::Net frame_read_write_m0/frame_fifo_read_m0/mem_clk as clock net
SYN-4025 : Tag rtl::Net frame_read_write_m0/read_buf/clkr as clock net
SYN-4025 : Tag rtl::Net frame_read_write_m0/write_buf/clkw as clock net
SYN-4026 : Tagged 5 rtl::Net as clock net
PHY-1001 : Populate physical database on model top.
RUN-1001 : There are total 2270 instances
RUN-0007 : 1130 luts, 774 seqs, 166 mslices, 90 lslices, 102 pads, 1 brams, 0 dsps
RUN-1001 : There are total 2597 nets
RUN-1001 : 1722 nets have 2 pins
RUN-1001 : 632 nets have [3 - 5] pins
RUN-1001 : 142 nets have [6 - 10] pins
RUN-1001 : 51 nets have [11 - 20] pins
RUN-1001 : 45 nets have [21 - 99] pins
RUN-1001 : 5 nets have 100+ pins
RUN-1001 : Report Control nets information:
RUN-1001 : DFF Distribution
RUN-1001 : ----------------------------------
RUN-1001 :   CE   |  SSR  |  ASR  |  DFF Count  
RUN-1001 : ----------------------------------
RUN-1001 :   No   |  No   |  No   |      1      
RUN-1001 :   No   |  No   |  Yes  |     500     
RUN-1001 :   No   |  Yes  |  No   |      0      
RUN-1001 :   Yes  |  No   |  No   |     16      
RUN-1001 :   Yes  |  No   |  Yes  |     257     
RUN-1001 :   Yes  |  Yes  |  No   |      0      
RUN-1001 : ----------------------------------
RUN-0007 : Control Group Statistic
RUN-0007 : ---------------------------
RUN-0007 :   #CLK  |  #CE  |  #SSR/ASR  
RUN-0007 : ---------------------------
RUN-0007 :    5    |  22   |     8      
RUN-0007 : ---------------------------
RUN-0007 : Control Set = 35
PHY-3001 : Initial placement ...
PHY-3001 : design contains 2268 instances, 1130 luts, 774 seqs, 256 slices, 41 macros(256 instances: 166 mslices 90 lslices)
PHY-0007 : Cell area utilization is 8%
PHY-3001 : Start timing update ...
RUN-1002 : start command "start_timer -report"
TMR-2505 : Start building timing graph for model top.
TMR-2506 : Build timing graph completely. Port num: 22, tpin num: 10531, tnet num: 2595, tinst num: 2268, tnode num: 13299, tedge num: 16966.
TMR-2508 : Levelizing timing graph completed, there are 43 levels in total.
TMR-2501 : Timing graph initialized successfully.
TMR-2503 : Start to update net delay, extr mode = 2.
TMR-2504 : Update delay of 2595 nets completely.
TMR-2502 : Annotate delay completely, extr mode = 2.
TMR-3001 : Initiate 5 clocks from SDC.
TMR-3004 : Map sdc constraints, there are 8 constraints in total.
TMR-3003 : Constraints initiated successfully.
TMR-3501 : Forward propagation: start to calculate arrival time...
TMR-3502 : Backward propagation: start to calculate required time...
TMR-3503 : Timing propagation completes.
PHY-3001 : End timing update;  0.438110s wall, 0.203125s user + 0.000000s system = 0.203125s CPU (46.4%)

PHY-3001 : Global placement ...
PHY-3001 : Initial: Len = 561551
PHY-3001 : Clustering ...
PHY-3001 : Level 0 #clusters 2268.
PHY-3001 : End clustering;  0.000007s wall, 0.000000s user + 0.000000s system = 0.000000s CPU (n/a%)

PHY-3001 : Run with size of 4
PHY-3001 : Cell area utilization is 8%
PHY-3001 : :::0::: Try harder cell spreading with beta_ = 0
PHY-3002 : Step(1): len = 469792, overlap = 2.25
PHY-3002 : Step(2): len = 404214, overlap = 2.25
PHY-3002 : Step(3): len = 362696, overlap = 0
PHY-3002 : Step(4): len = 321587, overlap = 0
PHY-3002 : Step(5): len = 285490, overlap = 0
PHY-3002 : Step(6): len = 255305, overlap = 0
PHY-3002 : Step(7): len = 222535, overlap = 2.5
PHY-3002 : Step(8): len = 191096, overlap = 4.40625
PHY-3002 : Step(9): len = 171295, overlap = 6.09375
PHY-3002 : Step(10): len = 147208, overlap = 4.625
PHY-3002 : Step(11): len = 126480, overlap = 3.6875
PHY-3002 : Step(12): len = 117619, overlap = 5.15625
PHY-3002 : Step(13): len = 104966, overlap = 7.96875
PHY-3002 : Step(14): len = 97761.5, overlap = 9.5625
PHY-3002 : Step(15): len = 89407.4, overlap = 8.6875
PHY-3002 : Step(16): len = 83068.1, overlap = 9.59375
PHY-3002 : Step(17): len = 78984.4, overlap = 7.875
PHY-3002 : Step(18): len = 74793, overlap = 15.9688
PHY-3001 : :::1::: Try harder cell spreading with beta_ = 0.000899171
PHY-3002 : Step(19): len = 73577.4, overlap = 14.125
PHY-3002 : Step(20): len = 71608.7, overlap = 15.4375
PHY-3002 : Step(21): len = 69777.6, overlap = 17.4062
PHY-3002 : Step(22): len = 68144.6, overlap = 17.4688
PHY-3002 : Step(23): len = 67648.6, overlap = 17.5625
PHY-3002 : Step(24): len = 66295.2, overlap = 17.4688
PHY-3002 : Step(25): len = 64730.8, overlap = 19.3438
PHY-3002 : Step(26): len = 62761.5, overlap = 23.1875
PHY-3002 : Step(27): len = 60749.1, overlap = 21
PHY-3002 : Step(28): len = 60286.6, overlap = 20.9375
PHY-3002 : Step(29): len = 58657.9, overlap = 16.2812
PHY-3002 : Step(30): len = 57885.9, overlap = 18.25
PHY-3002 : Step(31): len = 56757.7, overlap = 19.0312
PHY-3002 : Step(32): len = 56597.3, overlap = 21.3438
PHY-3002 : Step(33): len = 55815.3, overlap = 21.7812
PHY-3001 : :::2::: Try harder cell spreading with beta_ = 0.00179834
PHY-3002 : Step(34): len = 55265.9, overlap = 21.0625
PHY-3002 : Step(35): len = 55172.8, overlap = 20.875
PHY-3001 : :::3::: Try harder cell spreading with beta_ = 0.00359668
PHY-3002 : Step(36): len = 55172.7, overlap = 18.3438
PHY-3002 : Step(37): len = 55176.9, overlap = 17.9688
PHY-3001 : Legalization ...
PHY-3001 : End legalization;  0.003523s wall, 0.000000s user + 0.000000s system = 0.000000s CPU (n/a%)

PHY-3001 : Run with size of 4
PHY-3001 : Cell area utilization is 10%
PHY-3001 : Update timing in Manhattan mode ...
TMR-2503 : Start to update net delay, extr mode = 3.
TMR-2504 : Update delay of 2595 nets completely.
TMR-2502 : Annotate delay completely, extr mode = 3.
TMR-3501 : Forward propagation: start to calculate arrival time...
TMR-3502 : Backward propagation: start to calculate required time...
TMR-3503 : Timing propagation completes.
PHY-3001 : End timing update;  0.049969s wall, 0.000000s user + 0.000000s system = 0.000000s CPU (n/a%)

PHY-3001 : :::0::: Try harder cell spreading with beta_ = 1.06277e-05
PHY-3002 : Step(38): len = 55029.8, overlap = 37.4688
PHY-3002 : Step(39): len = 55180.2, overlap = 37.375
PHY-3002 : Step(40): len = 54778.4, overlap = 36.875
PHY-3002 : Step(41): len = 54780, overlap = 37.125
PHY-3002 : Step(42): len = 55006, overlap = 39.8125
PHY-3002 : Step(43): len = 55480, overlap = 43.0625
PHY-3002 : Step(44): len = 55737.1, overlap = 43.8125
PHY-3002 : Step(45): len = 55064.1, overlap = 46.7812
PHY-3002 : Step(46): len = 54726.8, overlap = 47.3438
PHY-3002 : Step(47): len = 54422.8, overlap = 45.1562
PHY-3002 : Step(48): len = 53877.2, overlap = 43.9375
PHY-3002 : Step(49): len = 53398.1, overlap = 43.3125
PHY-3002 : Step(50): len = 53069.7, overlap = 43.9688
PHY-3002 : Step(51): len = 52240.4, overlap = 44.4688
PHY-3002 : Step(52): len = 51839.5, overlap = 41.6562
PHY-3002 : Step(53): len = 50998.7, overlap = 39.25
PHY-3002 : Step(54): len = 50289.3, overlap = 41.4062
PHY-3002 : Step(55): len = 50102.4, overlap = 41.1562
PHY-3002 : Step(56): len = 49570.8, overlap = 43
PHY-3002 : Step(57): len = 49285.6, overlap = 42.5312
PHY-3002 : Step(58): len = 49107.1, overlap = 42.9688
PHY-3002 : Step(59): len = 48746.9, overlap = 46.9375
PHY-3002 : Step(60): len = 47758, overlap = 47.9062
PHY-3002 : Step(61): len = 47020.3, overlap = 45.0625
PHY-3002 : Step(62): len = 46516.4, overlap = 44.0938
PHY-3002 : Step(63): len = 45773.7, overlap = 50.0625
PHY-3002 : Step(64): len = 44986.3, overlap = 52.125
PHY-3002 : Step(65): len = 44408.2, overlap = 51.9688
PHY-3002 : Step(66): len = 44034.6, overlap = 50.6562
PHY-3002 : Step(67): len = 43865.4, overlap = 48.8125
PHY-3002 : Step(68): len = 43507.8, overlap = 46.75
PHY-3002 : Step(69): len = 43382.5, overlap = 48.6875
PHY-3002 : Step(70): len = 43198, overlap = 55.0312
PHY-3002 : Step(71): len = 42662.4, overlap = 54.8438
PHY-3002 : Step(72): len = 42383, overlap = 52.125
PHY-3002 : Step(73): len = 42054, overlap = 51
PHY-3002 : Step(74): len = 41610.9, overlap = 52.0625
PHY-3002 : Step(75): len = 41357.3, overlap = 52.8438
PHY-3002 : Step(76): len = 41391.9, overlap = 49.9375
PHY-3002 : Step(77): len = 41140.2, overlap = 50.375
PHY-3002 : Step(78): len = 40853.1, overlap = 49.0938
PHY-3002 : Step(79): len = 40996.3, overlap = 49.4375
PHY-3002 : Step(80): len = 41145.7, overlap = 52.4688
PHY-3002 : Step(81): len = 40861.1, overlap = 51.5625
PHY-3002 : Step(82): len = 40694.3, overlap = 49.7188
PHY-3002 : Step(83): len = 40667.8, overlap = 49.0938
PHY-3002 : Step(84): len = 41007.3, overlap = 49
PHY-3002 : Step(85): len = 40152.8, overlap = 49.3438
PHY-3002 : Step(86): len = 39941.2, overlap = 49.2188
PHY-3002 : Step(87): len = 39568.5, overlap = 49.9062
PHY-3002 : Step(88): len = 39511.5, overlap = 49.5938
PHY-3002 : Step(89): len = 39001, overlap = 49.7812
PHY-3002 : Step(90): len = 38970, overlap = 49.2188
PHY-3002 : Step(91): len = 38670.2, overlap = 49.1875
PHY-3002 : Step(92): len = 38513, overlap = 49
PHY-3002 : Step(93): len = 38450.8, overlap = 48.5
PHY-3002 : Step(94): len = 38498.8, overlap = 47.5
PHY-3002 : Step(95): len = 38756.9, overlap = 43.5312
PHY-3002 : Step(96): len = 38362.8, overlap = 45.9688
PHY-3002 : Step(97): len = 38120.5, overlap = 45.4375
PHY-3002 : Step(98): len = 37838, overlap = 44.375
PHY-3002 : Step(99): len = 37771.9, overlap = 44.125
PHY-3001 : :::1::: Try harder cell spreading with beta_ = 2.12554e-05
PHY-3002 : Step(100): len = 37252, overlap = 43.4062
PHY-3002 : Step(101): len = 37177, overlap = 43.4062
PHY-3001 : :::2::: Try harder cell spreading with beta_ = 4.25107e-05
PHY-3002 : Step(102): len = 37192.6, overlap = 43.2812
PHY-3002 : Step(103): len = 37192.6, overlap = 43.2812
PHY-3001 : Run with size of 2
PHY-3001 : Cell area utilization is 10%
PHY-3001 : Update timing in Manhattan mode ...
TMR-2503 : Start to update net delay, extr mode = 3.
TMR-2504 : Update delay of 2595 nets completely.
TMR-2502 : Annotate delay completely, extr mode = 3.
TMR-3501 : Forward propagation: start to calculate arrival time...
TMR-3502 : Backward propagation: start to calculate required time...
TMR-3503 : Timing propagation completes.
PHY-3001 : End timing update;  0.058790s wall, 0.015625s user + 0.000000s system = 0.015625s CPU (26.6%)

PHY-3001 : :::0::: Try harder cell spreading with beta_ = 3.51346e-05
PHY-3002 : Step(104): len = 38033.7, overlap = 114.656
PHY-3002 : Step(105): len = 38371.9, overlap = 114.656
PHY-3002 : Step(106): len = 39071.3, overlap = 114.156
PHY-3002 : Step(107): len = 39396.9, overlap = 113.469
PHY-3002 : Step(108): len = 41796.7, overlap = 109.406
PHY-3002 : Step(109): len = 42899.7, overlap = 104.25
PHY-3002 : Step(110): len = 42819.2, overlap = 103.844
PHY-3001 : :::1::: Try harder cell spreading with beta_ = 7.02693e-05
PHY-3002 : Step(111): len = 43228.9, overlap = 98.9688
PHY-3002 : Step(112): len = 43384.2, overlap = 98.625
PHY-3002 : Step(113): len = 43459.7, overlap = 98.3438
PHY-3002 : Step(114): len = 43710, overlap = 97.8125
PHY-3002 : Step(115): len = 44914.5, overlap = 84.0938
PHY-3002 : Step(116): len = 44734.4, overlap = 83.7812
PHY-3002 : Step(117): len = 44750.1, overlap = 82.8125
PHY-3001 : :::2::: Try harder cell spreading with beta_ = 0.000140539
PHY-3002 : Step(118): len = 45108.4, overlap = 83.6562
PHY-3002 : Step(119): len = 45413.5, overlap = 83.1562
PHY-3001 : :::3::: Try harder cell spreading with beta_ = 0.000260504
PHY-3002 : Step(120): len = 47171.3, overlap = 77.25
PHY-3002 : Step(121): len = 48669.6, overlap = 72.6562
PHY-3002 : Step(122): len = 49142.9, overlap = 65.7188
PHY-3002 : Step(123): len = 49178.5, overlap = 66.1562
PHY-3002 : Step(124): len = 49239.2, overlap = 64.4688
PHY-3002 : Step(125): len = 48846.9, overlap = 65.625
PHY-3001 : :::4::: Try harder cell spreading with beta_ = 0.000521009
PHY-3002 : Step(126): len = 49426, overlap = 60.4062
PHY-3002 : Step(127): len = 49598.4, overlap = 58.5625
PHY-3002 : Step(128): len = 49787.9, overlap = 59.3438
PHY-3001 : :::5::: Try harder cell spreading with beta_ = 0.00104202
PHY-3002 : Step(129): len = 50808.2, overlap = 55.3125
PHY-3002 : Step(130): len = 51078.4, overlap = 54.625
PHY-3002 : Step(131): len = 50973.7, overlap = 54.5312
PHY-3001 : :::6::: Try harder cell spreading with beta_ = 0.00208403
PHY-3002 : Step(132): len = 51437, overlap = 51.9375
PHY-3002 : Step(133): len = 51772.2, overlap = 50.25
PHY-3001 : :::7::: Try harder cell spreading with beta_ = 0.00416807
PHY-3002 : Step(134): len = 52264, overlap = 50.125
PHY-3002 : Step(135): len = 52843.3, overlap = 47.875
PHY-3001 : :::8::: Try harder cell spreading with beta_ = 0.00795564
PHY-3002 : Step(136): len = 52941.6, overlap = 47
PHY-3002 : Step(137): len = 52873, overlap = 41.0625
PHY-3002 : Step(138): len = 52864.1, overlap = 40.9688
OPT-1001 : Start physical optimization ...
RUN-1002 : start command "start_timer -report"
TMR-2505 : Start building timing graph for model top.
TMR-2506 : Build timing graph completely. Port num: 22, tpin num: 10531, tnet num: 2595, tinst num: 2268, tnode num: 13299, tedge num: 16966.
TMR-2508 : Levelizing timing graph completed, there are 43 levels in total.
TMR-2501 : Timing graph initialized successfully.
OPT-1001 : Total overflow 117.56 peak overflow 2.81
OPT-1001 : Start high-fanout net optimization ...
OPT-1001 : Update timing in global mode
PHY-1001 : Start incremental global routing, caller is place ...
RUN-1001 : Generating global routing grids ...
RUN-1001 : Building simple global routing graph ...
PHY-1001 : Generate routing nets ...
PHY-1001 : Reuse net number 0/2597.
PHY-1001 : Global iterations in 16 thread ...
PHY-1002 : len = 60936, over cnt = 268(0%), over = 955, worst = 18
PHY-1001 : End global iterations;  0.087412s wall, 0.000000s user + 0.000000s system = 0.000000s CPU (n/a%)

PHY-1001 : Congestion index: top1 = 35.67, top5 = 23.78, top10 = 17.38, top15 = 13.32.
PHY-1001 : End incremental global routing;  0.128791s wall, 0.000000s user + 0.000000s system = 0.000000s CPU (n/a%)

TMR-2503 : Start to update net delay, extr mode = 5.
TMR-2504 : Update delay of 2595 nets completely.
TMR-2502 : Annotate delay completely, extr mode = 5.
TMR-3001 : Initiate 5 clocks from SDC.
TMR-3004 : Map sdc constraints, there are 8 constraints in total.
TMR-3003 : Constraints initiated successfully.
TMR-3501 : Forward propagation: start to calculate arrival time...
TMR-3502 : Backward propagation: start to calculate required time...
TMR-3503 : Timing propagation completes.
OPT-1001 : End timing update;  0.059333s wall, 0.031250s user + 0.000000s system = 0.031250s CPU (52.7%)

OPT-1001 : 1 high-fanout net processed.
PHY-3001 : Start incremental placement ...
PHY-1001 : Populate physical database on model top.
PHY-3001 : Initial placement ...
PHY-3001 : eco special cells: 1 has valid locations, 0 needs to be replaced
PHY-3001 : eco pad cells: 102 has valid locations, 0 needs to be replaced
PHY-3001 : eco cells: 2160 has valid locations, 3 needs to be replaced
PHY-3001 : design contains 2270 instances, 1132 luts, 774 seqs, 256 slices, 41 macros(256 instances: 166 mslices 90 lslices)
PHY-3001 : Global placement ...
PHY-3001 : Initial: Len = 53086
PHY-3001 : Run with size of 4
PHY-3001 : Cell area utilization is 10%
PHY-3001 : Update timing in Manhattan mode ...
RUN-1002 : start command "start_timer -report"
TMR-2505 : Start building timing graph for model top.
TMR-2506 : Build timing graph completely. Port num: 22, tpin num: 10539, tnet num: 2597, tinst num: 2270, tnode num: 13307, tedge num: 16978.
TMR-2508 : Levelizing timing graph completed, there are 43 levels in total.
TMR-2501 : Timing graph initialized successfully.
TMR-2503 : Start to update net delay, extr mode = 3.
TMR-2504 : Update delay of 2597 nets completely.
TMR-2502 : Annotate delay completely, extr mode = 3.
TMR-3001 : Initiate 5 clocks from SDC.
TMR-3004 : Map sdc constraints, there are 8 constraints in total.
TMR-3003 : Constraints initiated successfully.
TMR-3501 : Forward propagation: start to calculate arrival time...
TMR-3502 : Backward propagation: start to calculate required time...
TMR-3503 : Timing propagation completes.
PHY-3001 : End timing update;  0.499291s wall, 0.203125s user + 0.000000s system = 0.203125s CPU (40.7%)

PHY-3001 : :::0::: Try harder cell spreading with beta_ = 0
PHY-3002 : Step(139): len = 52987, overlap = 0.25
PHY-3002 : Step(140): len = 52993.6, overlap = 0.1875
PHY-3002 : Step(141): len = 52990.4, overlap = 0.1875
PHY-3002 : Step(142): len = 52990.4, overlap = 0.1875
PHY-3001 : Run with size of 2
PHY-3001 : Cell area utilization is 10%
PHY-3001 : Update timing in Manhattan mode ...
TMR-2503 : Start to update net delay, extr mode = 3.
TMR-2504 : Update delay of 2597 nets completely.
TMR-2502 : Annotate delay completely, extr mode = 3.
TMR-3501 : Forward propagation: start to calculate arrival time...
TMR-3502 : Backward propagation: start to calculate required time...
TMR-3503 : Timing propagation completes.
PHY-3001 : End timing update;  0.052541s wall, 0.015625s user + 0.000000s system = 0.015625s CPU (29.7%)

PHY-3001 : :::0::: Try harder cell spreading with beta_ = 0.00098979
PHY-3002 : Step(143): len = 52990.4, overlap = 40.875
PHY-3002 : Step(144): len = 52990.4, overlap = 40.875
PHY-3001 : :::1::: Try harder cell spreading with beta_ = 0.00197958
PHY-3002 : Step(145): len = 52990.4, overlap = 40.875
PHY-3002 : Step(146): len = 52990.4, overlap = 40.875
PHY-3001 : :::2::: Try harder cell spreading with beta_ = 0.00279913
PHY-3002 : Step(147): len = 52990.4, overlap = 40.875
PHY-3002 : Step(148): len = 52990.4, overlap = 40.875
PHY-3001 : Final: Len = 52990.4, Over = 40.875
PHY-3001 : End incremental placement;  0.700852s wall, 0.218750s user + 0.000000s system = 0.218750s CPU (31.2%)

OPT-1001 : Total overflow 117.47 peak overflow 2.81
OPT-1001 : End high-fanout net optimization;  0.927659s wall, 0.296875s user + 0.000000s system = 0.296875s CPU (32.0%)

OPT-1001 : Current memory(MB): used = 221, reserve = 192, peak = 221.
OPT-1001 : Start global optimization ...
OPT-1001 : Start congestion update ...
RUN-1001 : Generating global routing grids ...
PHY-1001 : Generate routing nets ...
PHY-1001 : Reuse net number 1805/2599.
PHY-1001 : Global iterations in 16 thread ...
PHY-1002 : len = 61072, over cnt = 268(0%), over = 951, worst = 18
PHY-1002 : len = 66816, over cnt = 179(0%), over = 440, worst = 13
PHY-1002 : len = 70440, over cnt = 64(0%), over = 109, worst = 10
PHY-1002 : len = 71768, over cnt = 27(0%), over = 28, worst = 2
PHY-1002 : len = 72184, over cnt = 0(0%), over = 0, worst = 0
PHY-1001 : End global iterations;  0.089312s wall, 0.031250s user + 0.000000s system = 0.031250s CPU (35.0%)

PHY-1001 : Congestion index: top1 = 32.11, top5 = 23.56, top10 = 18.56, top15 = 14.75.
OPT-1001 : End congestion update;  0.125305s wall, 0.046875s user + 0.000000s system = 0.046875s CPU (37.4%)

OPT-1001 : Update timing in Manhattan mode
TMR-2503 : Start to update net delay, extr mode = 3.
TMR-2504 : Update delay of 2597 nets completely.
TMR-2502 : Annotate delay completely, extr mode = 3.
TMR-3501 : Forward propagation: start to calculate arrival time...
TMR-3502 : Backward propagation: start to calculate required time...
TMR-3503 : Timing propagation completes.
OPT-1001 : End timing update;  0.060100s wall, 0.031250s user + 0.000000s system = 0.031250s CPU (52.0%)

OPT-0007 : Start: WNS 4240 TNS 0 NUM_FEPS 0
OPT-1001 : End global optimization;  0.185687s wall, 0.078125s user + 0.015625s system = 0.093750s CPU (50.5%)

OPT-1001 : Current memory(MB): used = 219, reserve = 191, peak = 221.
OPT-1001 : End physical optimization;  1.543531s wall, 0.593750s user + 0.015625s system = 0.609375s CPU (39.5%)

PHY-3001 : Start packing ...
SYN-4007 : Packing 0 MUX to BLE ...
SYN-4008 : Packed 0 MUX and 0 SEQ to BLE.
SYN-4007 : Packing 1132 LUT to BLE ...
SYN-4008 : Packed 1132 LUT and 538 SEQ to BLE.
SYN-4003 : Packing 236 remaining SEQ's ...
SYN-4005 : Packed 127 SEQ with LUT/SLICE
SYN-4006 : 494 single LUT's are left
SYN-4006 : 109 single SEQ's are left
SYN-4011 : Packing model "top" (AL_USER_NORMAL) with 1241/1735 primitive instances ...
PHY-3001 : End packing;  0.065563s wall, 0.015625s user + 0.000000s system = 0.015625s CPU (23.8%)

PHY-1001 : Populate physical database on model top.
RUN-1001 : There are total 1034 instances
RUN-1001 : 462 mslices, 462 lslices, 102 pads, 1 brams, 0 dsps
RUN-1001 : There are total 2117 nets
RUN-1001 : 1278 nets have 2 pins
RUN-1001 : 591 nets have [3 - 5] pins
RUN-1001 : 137 nets have [6 - 10] pins
RUN-1001 : 62 nets have [11 - 20] pins
RUN-1001 : 44 nets have [21 - 99] pins
RUN-1001 : 5 nets have 100+ pins
PHY-3001 : design contains 1032 instances, 924 slices, 41 macros(256 instances: 166 mslices 90 lslices)
PHY-3001 : Cell area utilization is 12%
PHY-3001 : After packing: Len = 50407.6, Over = 63.25
PHY-3001 : Run with size of 2
PHY-3001 : Cell area utilization is 12%
PHY-3001 : Update timing in Manhattan mode ...
RUN-1002 : start command "start_timer -report"
TMR-2505 : Start building timing graph for model top.
TMR-2506 : Build timing graph completely. Port num: 22, tpin num: 8949, tnet num: 2115, tinst num: 1032, tnode num: 10983, tedge num: 15239.
TMR-2508 : Levelizing timing graph completed, there are 41 levels in total.
TMR-2501 : Timing graph initialized successfully.
TMR-2503 : Start to update net delay, extr mode = 3.
TMR-2504 : Update delay of 2115 nets completely.
TMR-2502 : Annotate delay completely, extr mode = 3.
TMR-3001 : Initiate 5 clocks from SDC.
TMR-3004 : Map sdc constraints, there are 8 constraints in total.
TMR-3003 : Constraints initiated successfully.
TMR-3501 : Forward propagation: start to calculate arrival time...
TMR-3502 : Backward propagation: start to calculate required time...
TMR-3503 : Timing propagation completes.
PHY-3001 : End timing update;  0.502553s wall, 0.203125s user + 0.000000s system = 0.203125s CPU (40.4%)

PHY-3001 : :::0::: Try harder cell spreading with beta_ = 0.000100328
PHY-3002 : Step(149): len = 49012.4, overlap = 71.25
PHY-3002 : Step(150): len = 48092.1, overlap = 74.25
PHY-3002 : Step(151): len = 47410, overlap = 74.5
PHY-3002 : Step(152): len = 47228.3, overlap = 77
PHY-3002 : Step(153): len = 46928.4, overlap = 75.25
PHY-3001 : :::1::: Try harder cell spreading with beta_ = 0.000200656
PHY-3002 : Step(154): len = 47806.3, overlap = 72.75
PHY-3002 : Step(155): len = 48407.1, overlap = 69.25
PHY-3002 : Step(156): len = 48834.5, overlap = 64.75
PHY-3001 : :::2::: Try harder cell spreading with beta_ = 0.000401313
PHY-3002 : Step(157): len = 49546.8, overlap = 62.75
PHY-3002 : Step(158): len = 50345.3, overlap = 59.25
PHY-3002 : Step(159): len = 50948.2, overlap = 56.75
PHY-3001 : Legalization ...
PHY-3001 : End legalization;  0.099424s wall, 0.000000s user + 0.015625s system = 0.015625s CPU (15.7%)

PHY-3001 : Trial Legalized: Len = 69037.6
PHY-3001 : Run with size of 2
PHY-3001 : Cell area utilization is 12%
PHY-3001 : Update timing in Manhattan mode ...
TMR-2503 : Start to update net delay, extr mode = 3.
TMR-2504 : Update delay of 2115 nets completely.
TMR-2502 : Annotate delay completely, extr mode = 3.
TMR-3501 : Forward propagation: start to calculate arrival time...
TMR-3502 : Backward propagation: start to calculate required time...
TMR-3503 : Timing propagation completes.
PHY-3001 : End timing update;  0.042250s wall, 0.000000s user + 0.000000s system = 0.000000s CPU (n/a%)

PHY-3001 : :::0::: Try harder cell spreading with beta_ = 0.00135164
PHY-3002 : Step(160): len = 64194.6, overlap = 8.75
PHY-3002 : Step(161): len = 61239.8, overlap = 13
PHY-3002 : Step(162): len = 59353.5, overlap = 18
PHY-3002 : Step(163): len = 57265.5, overlap = 25.5
PHY-3002 : Step(164): len = 55804.3, overlap = 27.5
PHY-3002 : Step(165): len = 54288.4, overlap = 31.75
PHY-3002 : Step(166): len = 53581, overlap = 34
PHY-3002 : Step(167): len = 53104.8, overlap = 36
PHY-3001 : :::1::: Try harder cell spreading with beta_ = 0.00270329
PHY-3002 : Step(168): len = 53243.3, overlap = 35.5
PHY-3002 : Step(169): len = 53263.5, overlap = 35
PHY-3001 : :::2::: Try harder cell spreading with beta_ = 0.00540657
PHY-3002 : Step(170): len = 53323.8, overlap = 34.25
PHY-3002 : Step(171): len = 53386.8, overlap = 34.75
PHY-3001 : Legalization ...
PHY-3001 : End legalization;  0.004216s wall, 0.000000s user + 0.000000s system = 0.000000s CPU (n/a%)

PHY-3001 : Legalized: Len = 62493.6, Over = 0
PHY-3001 : Spreading special nets. 9 overflows in 2952 tiles.
PHY-3001 : End spreading;  0.004723s wall, 0.000000s user + 0.000000s system = 0.000000s CPU (n/a%)

PHY-3001 : 12 instances has been re-located, deltaX = 9, deltaY = 8, maxDist = 2.
PHY-3001 : Final: Len = 62781.6, Over = 0
OPT-1001 : Start physical optimization ...
RUN-1002 : start command "start_timer -report"
TMR-2505 : Start building timing graph for model top.
TMR-2506 : Build timing graph completely. Port num: 22, tpin num: 8949, tnet num: 2115, tinst num: 1032, tnode num: 10983, tedge num: 15239.
TMR-2508 : Levelizing timing graph completed, there are 41 levels in total.
TMR-2501 : Timing graph initialized successfully.
OPT-1001 : Total overflow 0.00 peak overflow 0.00
OPT-1001 : Start high-fanout net optimization ...
OPT-1001 : Update timing in global mode
PHY-1001 : Start incremental global routing, caller is place ...
RUN-1001 : Generating global routing grids ...
PHY-1001 : Generate routing nets ...
PHY-1001 : Reuse net number 80/2117.
PHY-1001 : Global iterations in 16 thread ...
PHY-1002 : len = 75768, over cnt = 188(0%), over = 310, worst = 5
PHY-1002 : len = 77168, over cnt = 88(0%), over = 112, worst = 3
PHY-1002 : len = 78272, over cnt = 14(0%), over = 17, worst = 3
PHY-1002 : len = 78400, over cnt = 7(0%), over = 9, worst = 3
PHY-1002 : len = 78488, over cnt = 0(0%), over = 0, worst = 0
PHY-1001 : End global iterations;  0.155165s wall, 0.031250s user + 0.000000s system = 0.031250s CPU (20.1%)

PHY-1001 : Congestion index: top1 = 28.43, top5 = 22.36, top10 = 18.21, top15 = 14.91.
PHY-1001 : End incremental global routing;  0.208810s wall, 0.062500s user + 0.000000s system = 0.062500s CPU (29.9%)

TMR-2503 : Start to update net delay, extr mode = 5.
TMR-2504 : Update delay of 2115 nets completely.
TMR-2502 : Annotate delay completely, extr mode = 5.
TMR-3001 : Initiate 5 clocks from SDC.
TMR-3004 : Map sdc constraints, there are 8 constraints in total.
TMR-3003 : Constraints initiated successfully.
TMR-3501 : Forward propagation: start to calculate arrival time...
TMR-3502 : Backward propagation: start to calculate required time...
TMR-3503 : Timing propagation completes.
OPT-1001 : End timing update;  0.061632s wall, 0.031250s user + 0.000000s system = 0.031250s CPU (50.7%)

OPT-1001 : 0 high-fanout net processed.
OPT-1001 : End high-fanout net optimization;  0.305476s wall, 0.093750s user + 0.000000s system = 0.093750s CPU (30.7%)

OPT-1001 : Current memory(MB): used = 220, reserve = 193, peak = 222.
OPT-1001 : Start path based optimization ...
OPT-1001 : Start congestion update ...
RUN-1001 : Generating global routing grids ...
PHY-1001 : Generate routing nets ...
PHY-1001 : Reuse net number 1787/2117.
PHY-1001 : Global iterations in 16 thread ...
PHY-1002 : len = 78488, over cnt = 0(0%), over = 0, worst = 0
PHY-1001 : End global iterations;  0.006218s wall, 0.000000s user + 0.000000s system = 0.000000s CPU (n/a%)

PHY-1001 : Congestion index: top1 = 28.43, top5 = 22.36, top10 = 18.21, top15 = 14.91.
OPT-1001 : End congestion update;  0.055379s wall, 0.046875s user + 0.000000s system = 0.046875s CPU (84.6%)

OPT-1001 : Update timing in Manhattan mode
TMR-2503 : Start to update net delay, extr mode = 3.
TMR-2504 : Update delay of 2115 nets completely.
TMR-2502 : Annotate delay completely, extr mode = 3.
TMR-3501 : Forward propagation: start to calculate arrival time...
TMR-3502 : Backward propagation: start to calculate required time...
TMR-3503 : Timing propagation completes.
OPT-1001 : End timing update;  0.048313s wall, 0.000000s user + 0.000000s system = 0.000000s CPU (n/a%)

OPT-0007 : Start: WNS 4262 TNS 0 NUM_FEPS 0
OPT-1001 : End path based optimization;  0.103945s wall, 0.046875s user + 0.000000s system = 0.046875s CPU (45.1%)

OPT-1001 : Current memory(MB): used = 222, reserve = 195, peak = 222.
OPT-1001 : Update timing in Manhattan mode
TMR-2503 : Start to update net delay, extr mode = 3.
TMR-2504 : Update delay of 2115 nets completely.
TMR-2502 : Annotate delay completely, extr mode = 3.
TMR-3501 : Forward propagation: start to calculate arrival time...
TMR-3502 : Backward propagation: start to calculate required time...
TMR-3503 : Timing propagation completes.
OPT-1001 : End timing update;  0.050263s wall, 0.015625s user + 0.000000s system = 0.015625s CPU (31.1%)

OPT-1001 : Start pin optimization...
OPT-1001 : skip pin optimization...
RUN-1001 : Generating global routing grids ...
PHY-1001 : Generate routing nets ...
PHY-1001 : Reuse net number 1787/2117.
PHY-1001 : Global iterations in 16 thread ...
PHY-1002 : len = 78488, over cnt = 0(0%), over = 0, worst = 0
PHY-1001 : End global iterations;  0.006030s wall, 0.000000s user + 0.000000s system = 0.000000s CPU (n/a%)

PHY-1001 : Congestion index: top1 = 28.43, top5 = 22.36, top10 = 18.21, top15 = 14.91.
OPT-1001 : Update timing in Manhattan mode
TMR-2503 : Start to update net delay, extr mode = 3.
TMR-2504 : Update delay of 2115 nets completely.
TMR-2502 : Annotate delay completely, extr mode = 3.
TMR-3501 : Forward propagation: start to calculate arrival time...
TMR-3502 : Backward propagation: start to calculate required time...
TMR-3503 : Timing propagation completes.
OPT-1001 : End timing update;  0.051567s wall, 0.000000s user + 0.000000s system = 0.000000s CPU (n/a%)

RUN-1001 : QoR Analysis:
OPT-0007 :   WNS 4262 TNS 0 NUM_FEPS 0
RUN-1001 :   No local congestion issue, and most congested 1% tile average routing util is 28.103448
RUN-1001 :   Top critical paths
RUN-1001 :       #1 path slack 4262ps with logic level 8 
OPT-1001 : End physical optimization;  1.038885s wall, 0.328125s user + 0.000000s system = 0.328125s CPU (31.6%)

RUN-1003 : finish command "place" in  6.807176s wall, 2.031250s user + 0.203125s system = 2.234375s CPU (32.8%)

RUN-1004 : used memory is 203 MB, reserved memory is 174 MB, peak memory is 223 MB
RUN-1002 : start command "export_db pic_sdram_place.db"
RUN-1001 : Exported /
RUN-1001 : Exported flow parameters
RUN-1001 : Exported libs
RUN-1001 : Exported entities
RUN-1001 : Exported ports
RUN-1001 : Exported pins
RUN-1001 : Exported instances
RUN-1001 : Exported nets
RUN-1001 : Exported buses
RUN-1001 : Exported models
RUN-1001 : Exported congestions
RUN-1001 : Exported violations
RUN-1001 : Exported timing constraints
RUN-1001 : Exported IO constraints
RUN-1001 : Exported Inst constraints
RUN-1002 : start command "route"
RUN-1001 : Open license file D:/Program/Anlogic/TD5.6.2/license/Anlogic.lic
RUN-1001 : Print Global Property
RUN-1001 : ---------------------------------------------------------------
RUN-1001 :        Parameters        |  Settings  |  Default Values  |  Note  
RUN-1001 : ---------------------------------------------------------------
RUN-1001 :          message         |  standard  |     standard     |        
RUN-1001 :   mixed_pack_place_flow  |     on     |        on        |        
RUN-1001 :        qor_monitor       |    off     |       off        |        
RUN-1001 :        syn_ip_flow       |    off     |       off        |        
RUN-1001 :          thread          |    auto    |       auto       |        
RUN-1001 : ---------------------------------------------------------------
RUN-1001 : Print Route Property
RUN-1001 : -------------------------------------------------------
RUN-1001 :    Parameters    |  Settings  |  Default Values  |  Note  
RUN-1001 : -------------------------------------------------------
RUN-1001 :      effort      |   medium   |      medium      |        
RUN-1001 :     fix_hold     |    off     |       off        |        
RUN-1001 :    opt_timing    |   medium   |      medium      |        
RUN-1001 :   phy_sim_model  |    off     |       off        |        
RUN-1001 :     priority     |   timing   |      timing      |        
RUN-1001 :     swap_pin     |     on     |        on        |        
RUN-1001 : -------------------------------------------------------
PHY-1001 : Route runs in 16 thread(s)
RUN-1001 : There are total 1034 instances
RUN-1001 : 462 mslices, 462 lslices, 102 pads, 1 brams, 0 dsps
RUN-1001 : There are total 2117 nets
RUN-1001 : 1278 nets have 2 pins
RUN-1001 : 591 nets have [3 - 5] pins
RUN-1001 : 137 nets have [6 - 10] pins
RUN-1001 : 62 nets have [11 - 20] pins
RUN-1001 : 44 nets have [21 - 99] pins
RUN-1001 : 5 nets have 100+ pins
RUN-1002 : start command "start_timer -report"
TMR-2505 : Start building timing graph for model top.
TMR-2506 : Build timing graph completely. Port num: 22, tpin num: 8949, tnet num: 2115, tinst num: 1032, tnode num: 10983, tedge num: 15239.
TMR-2508 : Levelizing timing graph completed, there are 41 levels in total.
TMR-2501 : Timing graph initialized successfully.
PHY-1001 : 462 mslices, 462 lslices, 102 pads, 1 brams, 0 dsps
TMR-2503 : Start to update net delay, extr mode = 3.
TMR-2504 : Update delay of 2115 nets completely.
TMR-2502 : Annotate delay completely, extr mode = 3.
TMR-3001 : Initiate 5 clocks from SDC.
TMR-3004 : Map sdc constraints, there are 8 constraints in total.
TMR-3003 : Constraints initiated successfully.
TMR-3501 : Forward propagation: start to calculate arrival time...
TMR-3502 : Backward propagation: start to calculate required time...
TMR-3503 : Timing propagation completes.
PHY-1001 : Start global routing, caller is route ...
RUN-1001 : Generating global routing grids ...
PHY-1001 : Generate routing nets ...
PHY-1001 : Global iterations in 16 thread ...
PHY-1002 : len = 74928, over cnt = 182(0%), over = 320, worst = 5
PHY-1002 : len = 76328, over cnt = 91(0%), over = 134, worst = 5
PHY-1002 : len = 77072, over cnt = 48(0%), over = 72, worst = 3
PHY-1002 : len = 77840, over cnt = 0(0%), over = 0, worst = 0
PHY-1001 : End global iterations;  0.144776s wall, 0.031250s user + 0.000000s system = 0.031250s CPU (21.6%)

PHY-1001 : Congestion index: top1 = 28.71, top5 = 22.23, top10 = 18.15, top15 = 14.82.
PHY-1001 : End global routing;  0.196107s wall, 0.031250s user + 0.000000s system = 0.031250s CPU (15.9%)

PHY-1001 : Start detail routing ...
PHY-1001 : Current memory(MB): used = 240, reserve = 212, peak = 255.
PHY-1001 : Detailed router is running in normal mode.
PHY-1001 : Generate detailed routing grids ...
PHY-1001 : Generate nets ...
PHY-1001 : net clk_dup_1 will be routed on clock mesh
PHY-1001 : net flash_write_read_m0/flash_cmd_m0/sys_clk will be routed on clock mesh
PHY-1001 : net frame_read_write_m0/frame_fifo_read_m0/mem_clk will be routed on clock mesh
PHY-1001 : clock net frame_read_write_m0/read_buf/clkr will be merged with clock video_pll_m0/clk0_buf
PHY-1001 : clock net frame_read_write_m0/write_buf/clkw will be merged with clock sys_pll_m0/clk0_buf
PHY-1001 : Current memory(MB): used = 507, reserve = 484, peak = 507.
PHY-1001 : End build detailed router design. 2.523135s wall, 1.015625s user + 0.015625s system = 1.031250s CPU (40.9%)

PHY-1001 : Detail Route ...
PHY-1001 : ===== Detail Route Phase 1 =====
PHY-1001 : Clock net routing.....
PHY-1001 : Routed 0% nets.
PHY-1022 : len = 36440, over cnt = 0(0%), over = 0, worst = 0, crit = 0
PHY-1001 : End initial clock net routed; 0.926524s wall, 0.328125s user + 0.000000s system = 0.328125s CPU (35.4%)

PHY-1001 : Current memory(MB): used = 539, reserve = 517, peak = 539.
PHY-1001 : End phase 1; 0.933446s wall, 0.328125s user + 0.000000s system = 0.328125s CPU (35.2%)

PHY-1001 : ===== Detail Route Phase 2 =====
PHY-1001 : Initial routing.....
PHY-1001 : Routed 33% nets.
PHY-1001 : Routed 41% nets.
PHY-1001 : Routed 52% nets.
PHY-1001 : Routed 67% nets.
PHY-1001 : Routed 87% nets.
PHY-1022 : len = 254696, over cnt = 52(0%), over = 52, worst = 1, crit = 0
PHY-1001 : Current memory(MB): used = 541, reserve = 518, peak = 541.
PHY-1001 : End initial routed; 1.695486s wall, 0.468750s user + 0.000000s system = 0.468750s CPU (27.6%)

PHY-1001 : Update timing.....
PHY-1001 : 0/1853(0%) critical/total net(s).
RUN-1001 : --------------------------------------
RUN-1001 :   Type   |  WNS(ns)  |  TNS(ns)  |  FEP  
RUN-1001 : --------------------------------------
RUN-1001 :   Setup  |   1.229   |   0.000   |   0   
RUN-1001 :   Hold   |   0.111   |   0.000   |   0   
RUN-1001 : --------------------------------------
PHY-1001 : End update timing; 0.532159s wall, 0.234375s user + 0.000000s system = 0.234375s CPU (44.0%)

PHY-1001 : Current memory(MB): used = 544, reserve = 520, peak = 544.
PHY-1001 : End phase 2; 2.227697s wall, 0.703125s user + 0.000000s system = 0.703125s CPU (31.6%)

PHY-1001 : ===== Detail Route Phase 3 =====
PHY-1001 : Optimize timing.....
PHY-1022 : len = 254696, over cnt = 52(0%), over = 52, worst = 1, crit = 0
PHY-1001 : End optimize timing; 0.015454s wall, 0.000000s user + 0.000000s system = 0.000000s CPU (n/a%)

PHY-1001 : Ripup-reroute.....
PHY-1001 : ===== DR Iter 1 =====
PHY-1022 : len = 254400, over cnt = 11(0%), over = 11, worst = 1, crit = 0
PHY-1001 : End DR Iter 1; 0.037805s wall, 0.000000s user + 0.000000s system = 0.000000s CPU (n/a%)

PHY-1001 : ===== DR Iter 2 =====
PHY-1022 : len = 254424, over cnt = 1(0%), over = 1, worst = 1, crit = 0
PHY-1001 : End DR Iter 2; 0.020582s wall, 0.000000s user + 0.000000s system = 0.000000s CPU (n/a%)

PHY-1001 : ===== DR Iter 3 =====
PHY-1022 : len = 254424, over cnt = 0(0%), over = 0, worst = 0, crit = 0
PHY-1001 : End DR Iter 3; 0.021793s wall, 0.000000s user + 0.000000s system = 0.000000s CPU (n/a%)

PHY-1001 : Update timing.....
PHY-1001 : 0/1853(0%) critical/total net(s).
RUN-1001 : --------------------------------------
RUN-1001 :   Type   |  WNS(ns)  |  TNS(ns)  |  FEP  
RUN-1001 : --------------------------------------
RUN-1001 :   Setup  |   1.229   |   0.000   |   0   
RUN-1001 :   Hold   |   0.111   |   0.000   |   0   
RUN-1001 : --------------------------------------
PHY-1001 : End update timing; 0.524309s wall, 0.203125s user + 0.000000s system = 0.203125s CPU (38.7%)

PHY-1001 : Commit to database.....
PHY-1001 : 5 feed throughs used by 5 nets
PHY-1001 : End commit to database; 0.172059s wall, 0.078125s user + 0.000000s system = 0.078125s CPU (45.4%)

PHY-1001 : Current memory(MB): used = 562, reserve = 539, peak = 562.
PHY-1001 : End phase 3; 0.904061s wall, 0.312500s user + 0.000000s system = 0.312500s CPU (34.6%)

PHY-1003 : Routed, final wirelength = 254424
PHY-1001 : Current memory(MB): used = 562, reserve = 539, peak = 562.
PHY-1001 : End export database. 0.008689s wall, 0.000000s user + 0.000000s system = 0.000000s CPU (n/a%)

PHY-1001 : End detail routing;  6.745200s wall, 2.421875s user + 0.031250s system = 2.453125s CPU (36.4%)

RUN-1003 : finish command "route" in  7.489255s wall, 2.640625s user + 0.031250s system = 2.671875s CPU (35.7%)

RUN-1004 : used memory is 507 MB, reserved memory is 488 MB, peak memory is 562 MB
RUN-1002 : start command "report_area -io_info -file pic_sdram_phy.area"
RUN-1001 : standard
***Report Model: top Device: EG4S20BG256***

IO Statistics
#IO                        47
  #input                    6
  #output                  37
  #inout                    4

Utilization Statistics
#lut                     1685   out of  19600    8.60%
#reg                      804   out of  19600    4.10%
#le                      1794
  #lut only               990   out of   1794   55.18%
  #reg only               109   out of   1794    6.08%
  #lut&reg                695   out of   1794   38.74%
#dsp                        0   out of     29    0.00%
#bram                       1   out of     64    1.56%
  #bram9k                   1
  #fifo9k                   0
#bram32k                    0   out of     16    0.00%
#pad                       47   out of    188   25.00%
  #ireg                     1
  #oreg                    28
  #treg                     1
#pll                        2   out of      4   50.00%
#gclk                       2   out of     16   12.50%

Clock Resource Statistics
Index     ClockNet                                          Type               DriverType         Driver                         Fanout
#1        sys_pll_m0/clk0_buf                               GCLK               pll                sys_pll_m0/pll_inst.clkc0      261
#2        frame_read_write_m0/frame_fifo_read_m0/mem_clk    GCLK               pll                sys_pll_m0/pll_inst.clkc1      164
#3        video_pll_m0/clk0_buf                             GCLK               pll                video_pll_m0/pll_inst.clkc0    53
#4        flash_write_read_m0/flash_cmd_m0/sys_clk          GCLK               pll                sys_pll_m0/pll_inst.clkc2      47
#5        clk_dup_1                                         GCLK               io                 clk_syn_2.di                   26


Detailed IO Report

       Name         Direction    Location    IOStandard    DriveStrength    PullType     PackReg   
       clk            INPUT         R7        LVCMOS33          N/A           NONE        NONE     
       key1           INPUT         B2        LVCMOS33          N/A           NONE        IREG     
       key2           INPUT         B1        LVCMOS33          N/A           NONE        NONE     
      rst_n           INPUT         A2        LVCMOS33          N/A           NONE        NONE     
     sd_miso          INPUT        B14        LVCMOS33          N/A           NONE        NONE     
     switch1          INPUT         C8        LVCMOS33          N/A           NONE        NONE     
    flash_cs_n       OUTPUT         P8        LVCMOS33           8            NONE        OREG     
    flash_sck        OUTPUT         M9        LVCMOS33           8            NONE        OREG     
     sd_dclk         OUTPUT        A14        LVCMOS33           8            NONE        OREG     
     sd_mosi         OUTPUT        A13        LVCMOS33           8            NONE        OREG     
      sd_ncs         OUTPUT        A12        LVCMOS33           8            NONE        OREG     
   seg_data[7]       OUTPUT         A6        LVCMOS33           8            NONE        NONE     
   seg_data[6]       OUTPUT         A7        LVCMOS33           8            NONE        OREG     
   seg_data[5]       OUTPUT         A8        LVCMOS33           8            NONE        OREG     
   seg_data[4]       OUTPUT         B5        LVCMOS33           8            NONE        OREG     
   seg_data[3]       OUTPUT         A5        LVCMOS33           8            NONE        OREG     
   seg_data[2]       OUTPUT         B6        LVCMOS33           8            NONE        OREG     
   seg_data[1]       OUTPUT        C16        LVCMOS33           8            NONE        OREG     
   seg_data[0]       OUTPUT        C15        LVCMOS33           8            NONE        OREG     
    seg_sel[5]       OUTPUT        D11        LVCMOS33           8            NONE        OREG     
    seg_sel[4]       OUTPUT        E11        LVCMOS33           8            NONE        OREG     
    seg_sel[3]       OUTPUT        F10        LVCMOS33           8            NONE        OREG     
    seg_sel[2]       OUTPUT        C13        LVCMOS33           8            NONE        OREG     
    seg_sel[1]       OUTPUT        E10        LVCMOS33           8            NONE        OREG     
    seg_sel[0]       OUTPUT        E12        LVCMOS33           8            NONE        OREG     
   vga_out_b[4]      OUTPUT         D5        LVCMOS33           8            NONE        NONE     
   vga_out_b[3]      OUTPUT         D6        LVCMOS33           8            NONE        NONE     
   vga_out_b[2]      OUTPUT         E6        LVCMOS33           8            NONE        NONE     
   vga_out_b[1]      OUTPUT         F6        LVCMOS33           8            NONE        NONE     
   vga_out_b[0]      OUTPUT        H16        LVCMOS25           8            N/A         NONE     
   vga_out_g[5]      OUTPUT         N6        LVCMOS33           8            NONE        NONE     
   vga_out_g[4]      OUTPUT         N5        LVCMOS33           8            NONE        NONE     
   vga_out_g[3]      OUTPUT         P5        LVCMOS33           8            NONE        NONE     
   vga_out_g[2]      OUTPUT         T5        LVCMOS33           8            NONE        NONE     
   vga_out_g[1]      OUTPUT        F14        LVCMOS25           8            N/A         NONE     
   vga_out_g[0]      OUTPUT         A4        LVCMOS33           8            N/A         NONE     
    vga_out_hs       OUTPUT         E7        LVCMOS33           8            NONE        OREG     
   vga_out_r[4]      OUTPUT        E13        LVCMOS33           8            NONE        OREG     
   vga_out_r[3]      OUTPUT         L8        LVCMOS33           8            NONE        OREG     
   vga_out_r[2]      OUTPUT         L7        LVCMOS33           8            NONE        OREG     
   vga_out_r[1]      OUTPUT         R5        LVCMOS33           8            NONE        OREG     
   vga_out_r[0]      OUTPUT         H5        LVCMOS33           8            N/A         NONE     
    vga_out_vs       OUTPUT         F7        LVCMOS33           8            NONE        OREG     
  flash_qspi_IO0      INOUT         P7        LVCMOS33           8            NONE      OREG;TREG  
  flash_qspi_IO1      INOUT         N8        LVCMOS33           8            NONE        OREG     
  flash_qspi_IO2      INOUT         P9        LVCMOS33           8            NONE        OREG     
  flash_qspi_IO3      INOUT         R9        LVCMOS33           8            NONE        OREG     
      dq[23]          INPUT        S31        LVCMOS25           8           PULLUP       NONE     
      dq[22]          INPUT        S32        LVCMOS25           8           PULLUP       NONE     
      dq[21]          INPUT        S35        LVCMOS25           8           PULLUP       NONE     
      dq[20]          INPUT        S36        LVCMOS25           8           PULLUP       NONE     
      dq[19]          INPUT        S37        LVCMOS25           8           PULLUP       NONE     
      dq[18]          INPUT        S38        LVCMOS25           8           PULLUP       NONE     
      dq[17]          INPUT        S41        LVCMOS25           8           PULLUP       NONE     
      dq[16]          INPUT        S42        LVCMOS25           8           PULLUP       NONE     
      dq[31]          INPUT        S48        LVCMOS25           8           PULLUP       NONE     
      dq[30]          INPUT        S49        LVCMOS25           8           PULLUP       NONE     
      dq[29]          INPUT        S52        LVCMOS25           8           PULLUP       NONE     
      dq[28]          INPUT        S53        LVCMOS25           8           PULLUP       NONE     
      dq[27]          INPUT        S54        LVCMOS25           8           PULLUP       NONE     
      dq[26]          INPUT        S55        LVCMOS25           8           PULLUP       NONE     
      dq[25]          INPUT        S58        LVCMOS25           8           PULLUP       NONE     
      dq[24]          INPUT        S59        LVCMOS25           8           PULLUP       NONE     
       dm0           OUTPUT        S14        LVCMOS25           8            NONE        NONE     
       cke           OUTPUT        S18        LVCMOS25           8            NONE        NONE     
       we_n          OUTPUT        S19        LVCMOS25           8            NONE        OREG     
      cas_n          OUTPUT        S20        LVCMOS25           8            NONE        OREG     
      ras_n          OUTPUT        S21        LVCMOS25           8            NONE        OREG     
       cs_n          OUTPUT        S22        LVCMOS25           8            NONE        NONE     
     addr[9]         OUTPUT        S23        LVCMOS25           8            NONE        OREG     
     addr[8]         OUTPUT        S24        LVCMOS25           8            NONE        OREG     
     addr[7]         OUTPUT        S25        LVCMOS25           8            NONE        OREG     
     addr[6]         OUTPUT        S26        LVCMOS25           8            NONE        OREG     
     addr[5]         OUTPUT        S27        LVCMOS25           8            NONE        OREG     
     addr[4]         OUTPUT        S28        LVCMOS25           8            NONE        OREG     
       dm2           OUTPUT        S29        LVCMOS25           8            NONE        NONE     
       dm3           OUTPUT        S61        LVCMOS25           8            NONE        NONE     
     addr[3]         OUTPUT        S64        LVCMOS25           8            NONE        OREG     
     addr[2]         OUTPUT        S65        LVCMOS25           8            NONE        OREG     
     addr[1]         OUTPUT        S66        LVCMOS25           8            NONE        OREG     
     addr[0]         OUTPUT        S67        LVCMOS25           8            NONE        OREG     
     addr[10]        OUTPUT        S68        LVCMOS25           8            NONE        OREG     
      ba[0]          OUTPUT        S69        LVCMOS25           8            NONE        OREG     
      ba[1]          OUTPUT        S70        LVCMOS25           8            NONE        OREG     
       clk           OUTPUT        S73        LVCMOS25           8            NONE        NONE     
       dm1           OUTPUT        S76        LVCMOS25           8            NONE        NONE     
      dq[0]           INOUT         S1        LVCMOS25           8           PULLUP       OREG     
      dq[6]           INOUT        S11        LVCMOS25           8           PULLUP       OREG     
      dq[7]           INOUT        S12        LVCMOS25           8           PULLUP       OREG     
      dq[1]           INOUT         S2        LVCMOS25           8           PULLUP       OREG     
      dq[2]           INOUT         S5        LVCMOS25           8           PULLUP       OREG     
      dq[3]           INOUT         S6        LVCMOS25           8           PULLUP       OREG     
      dq[4]           INOUT         S7        LVCMOS25           8           PULLUP       OREG     
      dq[8]           INOUT        S78        LVCMOS25           8           PULLUP       OREG     
      dq[9]           INOUT        S79        LVCMOS25           8           PULLUP       OREG     
      dq[5]           INOUT         S8        LVCMOS25           8           PULLUP       OREG     
      dq[10]          INOUT        S82        LVCMOS25           8           PULLUP       OREG     
      dq[11]          INOUT        S83        LVCMOS25           8           PULLUP       OREG     
      dq[12]          INOUT        S84        LVCMOS25           8           PULLUP       OREG     
      dq[13]          INOUT        S85        LVCMOS25           8           PULLUP       OREG     
      dq[14]          INOUT        S88        LVCMOS25           8           PULLUP       OREG     
      dq[15]          INOUT        S89        LVCMOS25           8           PULLUP       OREG     

Report Hierarchy Area:
+-------------------------------------------------------------------------------------------------------------------------------------+
|Instance                        |Module                                         |le     |lut     |ripple  |seq     |bram    |dsp     |
+-------------------------------------------------------------------------------------------------------------------------------------+
|top                             |top                                            |1794   |1429    |256     |834     |1       |0       |
|  flash_write_read_m0           |flash_write_read                               |119    |113     |6       |59      |0       |0       |
|    Qspi_master_m0              |Qspi_master                                    |45     |45      |0       |20      |0       |0       |
|    flash_cmd_m0                |flash_cmd                                      |74     |68      |6       |39      |0       |0       |
|      flash_step_m0             |flash_step                                     |60     |54      |6       |29      |0       |0       |
|  frame_read_write_m0           |frame_read_write                               |379    |236     |84      |245     |1       |0       |
|    frame_fifo_read_m0          |frame_fifo_read                                |75     |56      |17      |40      |0       |0       |
|    frame_fifo_write_m0         |frame_fifo_write                               |74     |54      |17      |38      |0       |0       |
|    read_buf                    |afifo_16_256                                   |114    |61      |25      |81      |0       |0       |
|      rd_to_wr_cross_inst       |fifo_cross_domain_addr_process_al_afifo_16_256 |34     |16      |0       |34      |0       |0       |
|      wr_to_rd_cross_inst       |fifo_cross_domain_addr_process_al_afifo_16_256 |26     |17      |0       |26      |0       |0       |
|    write_buf                   |afifo_16_256                                   |116    |65      |25      |86      |1       |0       |
|      ram_inst                  |ram_infer_afifo_16_256                         |0      |0       |0       |0       |1       |0       |
|      rd_to_wr_cross_inst       |fifo_cross_domain_addr_process_al_afifo_16_256 |28     |15      |0       |28      |0       |0       |
|      wr_to_rd_cross_inst       |fifo_cross_domain_addr_process_al_afifo_16_256 |30     |23      |0       |30      |0       |0       |
|  sd_card_bmp_m0                |sd_card_bmp                                    |919    |784     |91      |380     |0       |0       |
|    ax_debounce_m0              |ax_debounce                                    |64     |54      |9       |36      |0       |0       |
|    bmp_read_m0                 |bmp_read                                       |298    |202     |55      |165     |0       |0       |
|    sd_card_top_m0              |sd_card_top                                    |557    |528     |27      |179     |0       |0       |
|      sd_card_cmd_m0            |sd_card_cmd                                    |335    |313     |22      |53      |0       |0       |
|      sd_card_sec_read_write_m0 |sd_card_sec_read_write                         |155    |153     |0       |83      |0       |0       |
|      spi_master_m0             |spi_master                                     |67     |62      |5       |43      |0       |0       |
|  sdram_core_m0                 |sdram_core                                     |252    |205     |45      |66      |0       |0       |
|  sdram_m0                      |sdram                                          |0      |0       |0       |0       |0       |0       |
|  seg_scan_m0                   |seg_scan                                       |76     |54      |22      |20      |0       |0       |
|  sys_pll_m0                    |sys_pll                                        |0      |0       |0       |0       |0       |0       |
|  video_pll_m0                  |video_pll                                      |0      |0       |0       |0       |0       |0       |
|  video_timing_data_m0          |video_timing_data                              |49     |37      |8       |34      |0       |0       |
|    color_bar_m0                |color_bar                                      |46     |36      |8       |31      |0       |0       |
+-------------------------------------------------------------------------------------------------------------------------------------+


DataNet Average Fanout:

   Index     Fanout     Nets  
    #1          1       1231  
    #2          2       274   
    #3          3       179   
    #4          4       138   
    #5        5-10      150   
    #6        11-50      89   
    #7       51-100      1    
    #8       101-500     1    
  Average     3.02            

RUN-1002 : start command "export_db pic_sdram_pr.db"
RUN-1001 : Exported /
RUN-1001 : Exported flow parameters
RUN-1001 : Exported libs
RUN-1001 : Exported entities
RUN-1001 : Exported ports
RUN-1001 : Exported pins
RUN-1001 : Exported instances
RUN-1001 : Exported nets
RUN-1001 : Exported buses
RUN-1001 : Exported models
RUN-1001 : Exported congestions
RUN-1001 : Exported violations
RUN-1001 : Exported timing constraints
RUN-1001 : Exported IO constraints
RUN-1001 : Exported Inst constraints
RUN-1002 : start command "start_timer"
TMR-2505 : Start building timing graph for model top.
TMR-2506 : Build timing graph completely. Port num: 22, tpin num: 8949, tnet num: 2115, tinst num: 1032, tnode num: 10983, tedge num: 15239.
TMR-2508 : Levelizing timing graph completed, there are 41 levels in total.
TMR-2501 : Timing graph initialized successfully.
RUN-1002 : start command "report_timing -mode FINAL -net_info -rpt_autogen true -file pic_sdram_phy.timing"
TMR-2503 : Start to update net delay, extr mode = 6.
TMR-2504 : Update delay of 2115 nets completely.
TMR-2502 : Annotate delay completely, extr mode = 6.
TMR-3001 : Initiate 5 clocks from SDC.
TMR-3004 : Map sdc constraints, there are 8 constraints in total.
TMR-3003 : Constraints initiated successfully.
TMR-3501 : Forward propagation: start to calculate arrival time...
TMR-3502 : Backward propagation: start to calculate required time...
TMR-3503 : Timing propagation completes.
TMR-3506 : Start to generate timing report.
TMR-1502 : Number of clock constraints = 5. Number of clock nets = 5 (0 unconstrainted).
TMR-3508 : Export timing summary.
TMR-3507 : Timing report generated successfully in pic_sdram_phy.timing, timing summary in pic_sdram_phy.tsm.
RUN-1002 : start command "export_bid pic_sdram_inst.bid"
PRG-1000 : <!-- HMAC is: d9868b088499f8a2b8319c865b9f99f67687fb810946d9ecff869eab50f3f96d -->
RUN-1002 : start command "bitgen -bit pic_sdram.bit"
BIT-1003 : Start to generate bitstream. 
BIT-1002 : Init instances with 16 threads.
BIT-1002 : Init instances completely, inst num: 1032
BIT-1002 : Init pips with 16 threads.
BIT-1002 : Init pips completely, net num: 2117, pip num: 19807
BIT-1002 : Init feedthrough completely, num: 5
BIT-1003 : Multithreading accelaration with 16 threads.
BIT-1003 : Generate bitstream completely, there are 1637 valid insts, and 57868 bits set as '1'.
BIT-1004 : the usercode register value: 00000000100000110000000000000000
BIT-1004 : PLL setting string = 0110
BIT-1004 : Generate bits file pic_sdram.bit.
RUN-1003 : finish command "bitgen -bit pic_sdram.bit" in  2.548749s wall, 18.375000s user + 0.015625s system = 18.390625s CPU (721.6%)

RUN-1004 : used memory is 532 MB, reserved memory is 512 MB, peak memory is 708 MB
RUN-1002 : start command "backup_run_log run.log ../.logs/phy_1/td_20231212_190638.log"
