============================================================
   Tang Dynasty, V5.6.71036
      Copyright (c) 2012-2023 Anlogic Inc.
   Executable = D:/Program/Anlogic/TD5.6.2/bin/td.exe
   Built at =   20:34:38 Mar 21 2023
   Run by =     28408
   Run Date =   Wed Dec 13 10:26:56 2023

   Run on =     DESKTOP-T1B5OP5
============================================================
RUN-1002 : start command "open_project pic_sdram.prj"
RUN-1001 : Print Global Property
RUN-1001 : ---------------------------------------------------------------
RUN-1001 :        Parameters        |  Settings  |  Default Values  |  Note  
RUN-1001 : ---------------------------------------------------------------
RUN-1001 :          message         |  standard  |     standard     |        
RUN-1001 :   mixed_pack_place_flow  |     on     |        on        |        
RUN-1001 :        qor_monitor       |    off     |       off        |        
RUN-1001 :        syn_ip_flow       |    off     |       off        |        
RUN-1001 :          thread          |    auto    |       auto       |        
RUN-1001 : ---------------------------------------------------------------
RUN-1001 : Print Design Property
RUN-1001 : --------------------------------------------------------------
RUN-1001 :        Parameters       |  Settings  |  Default Values  |  Note  
RUN-1001 : --------------------------------------------------------------
RUN-1001 :   default_reg_initial   |    auto    |       auto       |        
RUN-1001 :        infer_add        |     on     |        on        |        
RUN-1001 :        infer_fsm        |    off     |       off        |        
RUN-1001 :        infer_mult       |     on     |        on        |        
RUN-1001 :        infer_ram        |     on     |        on        |        
RUN-1001 :        infer_reg        |     on     |        on        |        
RUN-1001 :   infer_reg_init_value  |     on     |        on        |        
RUN-1001 :        infer_rom        |     on     |        on        |        
RUN-1001 :      infer_shifter      |     on     |        on        |        
RUN-1001 : --------------------------------------------------------------
RUN-1001 : Print Rtl Property
RUN-1001 : --------------------------------------------------------------
RUN-1001 :        Parameters       |  Settings  |  Default Values  |  Note  
RUN-1001 : --------------------------------------------------------------
RUN-1001 :       compress_add      |   ripple   |      ripple      |        
RUN-1001 :        elf_sload        |    off     |       off        |        
RUN-1001 :       fix_undriven      |     0      |        0         |        
RUN-1001 :         flatten         |    off     |       off        |        
RUN-1001 :       gate_sharing      |     on     |        on        |        
RUN-1001 :    hdl_warning_level    |   normal   |      normal      |        
RUN-1001 :   impl_internal_tribuf  |     on     |        on        |        
RUN-1001 :      impl_set_reset     |     on     |        on        |        
RUN-1001 :        infer_gsr        |    off     |       off        |        
RUN-1001 :      keep_hierarchy     |    auto    |       auto       |        
RUN-1001 :        max_fanout       |    9999    |       9999       |        
RUN-1001 :      max_oh2bin_len     |     10     |        10        |        
RUN-1001 :       merge_equal       |     on     |        on        |        
RUN-1001 :       merge_equiv       |     on     |        on        |        
RUN-1001 :        merge_mux        |    off     |       off        |        
RUN-1001 :     min_control_set     |     8      |        8         |        
RUN-1001 :      min_ripple_len     |    auto    |       auto       |        
RUN-1001 :       oh2bin_ratio      |    0.08    |       0.08       |        
RUN-1001 :     opt_adder_fanout    |     on     |        on        |        
RUN-1001 :        opt_arith        |     on     |        on        |        
RUN-1001 :       opt_big_gate      |    off     |       off        |        
RUN-1001 :        opt_const        |     on     |        on        |        
RUN-1001 :      opt_const_mult     |     on     |        on        |        
RUN-1001 :       opt_lessthan      |     on     |        on        |        
RUN-1001 :         opt_mux         |    off     |       off        |        
RUN-1001 :         opt_ram         |    high    |       high       |        
RUN-1001 :      rtl_sim_model      |    off     |       off        |        
RUN-1001 :         seq_syn         |     on     |        on        |        
RUN-1001 : --------------------------------------------------------------
HDL-1007 : analyze verilog file ../../al_ip/sys_pll.v
HDL-1007 : undeclared symbol 'open', assumed default net type 'wire' in ../../al_ip/sys_pll.v(77)
HDL-1007 : analyze verilog file ../../al_ip/video_pll.v
HDL-1007 : undeclared symbol 'open', assumed default net type 'wire' in ../../al_ip/video_pll.v(63)
HDL-1007 : analyze verilog file ../../al_ip/afifo_16_256.v
HDL-1007 : analyze verilog file ../../al_ip/sdram.v
HDL-1007 : analyze verilog file ../../Qspi_master.v
HDL-1007 : analyze verilog file ../../flash_cmd.v
HDL-1007 : analyze verilog file ../../flash_reader.v
HDL-1007 : analyze verilog file ../../flash_step.v
HDL-1007 : analyze verilog file ../../flash_write_read.v
HDL-1007 : analyze verilog file ../../flash_writer.v
HDL-1007 : analyze verilog file ../../src/ax_debounce.v
HDL-1007 : analyze verilog file ../../src/bmp_read.v
HDL-1007 : analyze verilog file ../../src/color_bar.v
HDL-1007 : analyze included file ../../src/video_define.v in ../../src/color_bar.v(2)
HDL-1007 : back to file '../../src/color_bar.v' in ../../src/color_bar.v(2)
HDL-1007 : analyze verilog file ../../src/frame_fifo_read.v
HDL-1007 : undeclared symbol 'read_busy', assumed default net type 'wire' in ../../src/frame_fifo_read.v(56)
HDL-1007 : analyze verilog file ../../src/frame_fifo_write.v
HDL-1007 : undeclared symbol 'write_busy', assumed default net type 'wire' in ../../src/frame_fifo_write.v(55)
HDL-1007 : analyze verilog file ../../src/frame_read_write.v
HDL-1007 : analyze verilog file ../../src/sd_card/sd_card_cmd.v
HDL-1007 : analyze verilog file ../../src/sd_card/sd_card_sec_read_write.v
HDL-1007 : analyze verilog file ../../src/sd_card/sd_card_top.v
HDL-1007 : analyze verilog file ../../src/sd_card/spi_master.v
HDL-1007 : analyze verilog file ../../src/sd_card_bmp.v
HDL-1007 : analyze verilog file ../../src/seg_decoder.v
HDL-1007 : analyze verilog file ../../src/seg_scan.v
HDL-1007 : analyze verilog file ../../src/top.v
HDL-1007 : analyze verilog file ../../src/video_timing_data.v
HDL-1007 : analyze verilog file ../../src/sdram_r/sdram_cmd.v
HDL-1007 : analyze included file ../../src/sdram_r/sdram_para.v in ../../src/sdram_r/sdram_cmd.v(45)
HDL-1007 : back to file '../../src/sdram_r/sdram_cmd.v' in ../../src/sdram_r/sdram_cmd.v(45)
HDL-1007 : analyze verilog file ../../src/sdram_r/sdram_controller.v
HDL-1007 : analyze verilog file ../../src/sdram_r/sdram_ctrl.v
HDL-1007 : analyze included file ../../src/sdram_r/sdram_para.v in ../../src/sdram_r/sdram_ctrl.v(19)
HDL-1007 : back to file '../../src/sdram_r/sdram_ctrl.v' in ../../src/sdram_r/sdram_ctrl.v(19)
HDL-1007 : analyze verilog file ../../src/sdram_r/sdram_data.v
HDL-1007 : analyze included file ../../src/sdram_r/sdram_para.v in ../../src/sdram_r/sdram_data.v(13)
HDL-1007 : back to file '../../src/sdram_r/sdram_data.v' in ../../src/sdram_r/sdram_data.v(13)
RUN-1001 : Project manager successfully analyzed 31 source files.
RUN-1002 : start command "import_device eagle_s20.db -package EG4S20BG256"
ARC-1001 : Device Initialization.
ARC-1001 : ------------------------------------------------------------------
ARC-1001 :            OPTION            |          IO          |   SETTING   
ARC-1001 : ------------------------------------------------------------------
ARC-1001 :   cso_b/cclk/mosi/miso/dout  |  T3/R11/T10/P10/S11  |    gpio    
ARC-1001 :             done             |         P13          |    gpio    
ARC-1001 :           program_b          |          T2          |  dedicate  
ARC-1001 :        tdi/tms/tck/tdo       |   C12/A15/C14/E14    |  dedicate  
ARC-1001 : ------------------------------------------------------------------
ARC-1004 : Device setting, marked 5 dedicate IOs in total.
RUN-1002 : start command "import_db ../syn_1/pic_sdram_gate.db"
RUN-1001 : Importing database generated by Tang Dynasty, V5.6.71036.
RUN-1001 : Database version number 46146.
RUN-1001 : Import flow parameters
RUN-1001 : Import timing constraints
RUN-1001 : Import IO constraints
RUN-1001 : Import Inst constraints
RUN-1001 : Import design success TD_VERSION=5.6.71036 , DB_VERSION=46146
RUN-1002 : start command "read_sdc ../../top.sdc"
RUN-1002 : start command "get_ports clk"
RUN-1002 : start command "create_clock -name clk -period 20 -waveform 0 10 "
RUN-1102 : create_clock: clock name: clk, type: 0, period: 20000, rise: 0, fall: 10000.
RUN-1002 : start command "derive_pll_clocks"
USR-1002 : Gen clock cmd:  create_generated_clock -name {sys_pll_m0/pll_inst.clkc[0]} -source [get_ports {clk}] -master_clock {clk} -multiply_by 2.0000 [get_pins {sys_pll_m0/pll_inst.clkc[0]}]
RUN-1002 : start command "get_ports clk"
RUN-1002 : start command "get_pins sys_pll_m0/pll_inst.clkc[0]"
RUN-1002 : start command "create_generated_clock -name sys_pll_m0/pll_inst.clkc[0] -source  -master_clock clk -multiply_by 2.0000 "
USR-1002 : Gen clock cmd:  create_generated_clock -name {sys_pll_m0/pll_inst.clkc[1]} -source [get_ports {clk}] -master_clock {clk} -multiply_by 2.0000 [get_pins {sys_pll_m0/pll_inst.clkc[1]}]
RUN-1002 : start command "get_ports clk"
RUN-1002 : start command "get_pins sys_pll_m0/pll_inst.clkc[1]"
RUN-1002 : start command "create_generated_clock -name sys_pll_m0/pll_inst.clkc[1] -source  -master_clock clk -multiply_by 2.0000 "
USR-1002 : Gen clock cmd:  create_generated_clock -name {sys_pll_m0/pll_inst.clkc[2]} -source [get_ports {clk}] -master_clock {clk} -multiply_by 2.0000 [get_pins {sys_pll_m0/pll_inst.clkc[2]}]
RUN-1002 : start command "get_ports clk"
RUN-1002 : start command "get_pins sys_pll_m0/pll_inst.clkc[2]"
RUN-1002 : start command "create_generated_clock -name sys_pll_m0/pll_inst.clkc[2] -source  -master_clock clk -multiply_by 2.0000 "
USR-1002 : Gen clock cmd:  create_generated_clock -name {video_pll_m0/pll_inst.clkc[0]} -source [get_ports {clk}] -master_clock {clk} -divide_by 2.0000 [get_pins {video_pll_m0/pll_inst.clkc[0]}]
RUN-1002 : start command "get_ports clk"
RUN-1002 : start command "get_pins video_pll_m0/pll_inst.clkc[0]"
RUN-1002 : start command "create_generated_clock -name video_pll_m0/pll_inst.clkc[0] -source  -master_clock clk -divide_by 2.0000 "
RUN-1002 : start command "get_ports clk"
RUN-1002 : start command "get_pins sys_pll_m0/pll_inst.clkc[0]"
RUN-1002 : start command "rename_clock -name sd_card_clk -source  -master_clock clk "
RUN-1105 : Rename Clock: clock sys_pll_m0/pll_inst.clkc[0] was renamed, new name is sd_card_clk.
RUN-1002 : start command "get_ports clk"
RUN-1002 : start command "get_pins sys_pll_m0/pll_inst.clkc[1]"
RUN-1002 : start command "rename_clock -name ext_mem_clk -source  -master_clock clk "
RUN-1105 : Rename Clock: clock sys_pll_m0/pll_inst.clkc[1] was renamed, new name is ext_mem_clk.
RUN-1002 : start command "get_ports clk"
RUN-1002 : start command "get_pins sys_pll_m0/pll_inst.clkc[2]"
RUN-1002 : start command "rename_clock -name flash_sys_clk -source  -master_clock clk "
RUN-1105 : Rename Clock: clock sys_pll_m0/pll_inst.clkc[2] was renamed, new name is flash_sys_clk.
RUN-1002 : start command "get_ports clk"
RUN-1002 : start command "get_pins video_pll_m0/pll_inst.clkc[0]"
RUN-1002 : start command "rename_clock -name video_clk -source  -master_clock clk "
RUN-1105 : Rename Clock: clock video_pll_m0/pll_inst.clkc[0] was renamed, new name is video_clk.
RUN-1002 : start command "read_sdc -ip afifo_16_256 ../../al_ip/afifo_16_256.tcl"
RUN-1002 : start command "get_ports clkw"
RUN-1002 : start command "get_nets  clkw  "
RUN-1002 : start command "get_clocks -nowarn -of nets 20800526614528"
RUN-1002 : start command "get_ports clkr"
RUN-1002 : start command "get_nets  clkr  "
RUN-1002 : start command "get_clocks -nowarn -of nets 25340307046400"
RUN-1002 : start command "get_property -nowarn -max PERIOD "
RUN-1002 : start command "get_property -nowarn -max PERIOD "
RUN-1002 : start command "get_regs rd_to_wr_cross_inst/primary_addr_gray_reg[*]"
RUN-1002 : start command "get_regs rd_to_wr_cross_inst/sync_r1[*]"
RUN-1002 : start command "set_max_delay -from  -to  9.6999999999999993 -datapath_only"
RUN-1002 : start command "get_regs rd_to_wr_cross_inst/primary_addr_gray_reg[*]"
RUN-1002 : start command "get_regs rd_to_wr_cross_inst/sync_r1[*]"
RUN-1002 : start command "set_false_path -from  -to  -hold 9.6999999999999993"
USR-1002 : set_false_path -help -setup -hold -from <list> -rise_from <list> -fall_from <list> -to <list> -rise_to <list> -fall_to <list> -through <list>
RUN-1002 : start command "get_regs wr_to_rd_cross_inst/primary_addr_gray_reg[*]"
RUN-1002 : start command "get_regs wr_to_rd_cross_inst/sync_r1[*]"
RUN-1002 : start command "set_max_delay -from  -to  9.6999999999999993 -datapath_only"
RUN-1002 : start command "get_regs wr_to_rd_cross_inst/primary_addr_gray_reg[*]"
RUN-1002 : start command "get_regs wr_to_rd_cross_inst/sync_r1[*]"
RUN-1002 : start command "set_false_path -from  -to  -hold 9.6999999999999993"
USR-1002 : set_false_path -help -setup -hold -from <list> -rise_from <list> -fall_from <list> -to <list> -rise_to <list> -fall_to <list> -through <list>
RUN-1002 : start command "get_ports clkw"
RUN-1002 : start command "get_nets  clkw  "
RUN-1002 : start command "get_clocks -nowarn -of nets 31314606555136"
RUN-1002 : start command "get_ports clkr"
RUN-1002 : start command "get_nets  clkr  "
RUN-1002 : start command "get_clocks -nowarn -of nets 20800526614528"
RUN-1002 : start command "get_property -nowarn -max PERIOD "
RUN-1002 : start command "get_property -nowarn -max PERIOD "
RUN-1002 : start command "get_regs rd_to_wr_cross_inst/primary_addr_gray_reg[*]"
RUN-1002 : start command "get_regs rd_to_wr_cross_inst/sync_r1[*]"
RUN-1002 : start command "set_max_delay -from  -to  9.6999999999999993 -datapath_only"
RUN-1002 : start command "get_regs rd_to_wr_cross_inst/primary_addr_gray_reg[*]"
RUN-1002 : start command "get_regs rd_to_wr_cross_inst/sync_r1[*]"
RUN-1002 : start command "set_false_path -from  -to  -hold 9.6999999999999993"
USR-1002 : set_false_path -help -setup -hold -from <list> -rise_from <list> -fall_from <list> -to <list> -rise_to <list> -fall_to <list> -through <list>
RUN-1002 : start command "get_regs wr_to_rd_cross_inst/primary_addr_gray_reg[*]"
RUN-1002 : start command "get_regs wr_to_rd_cross_inst/sync_r1[*]"
RUN-1002 : start command "set_max_delay -from  -to  9.6999999999999993 -datapath_only"
RUN-1002 : start command "get_regs wr_to_rd_cross_inst/primary_addr_gray_reg[*]"
RUN-1002 : start command "get_regs wr_to_rd_cross_inst/sync_r1[*]"
RUN-1002 : start command "set_false_path -from  -to  -hold 9.6999999999999993"
USR-1002 : set_false_path -help -setup -hold -from <list> -rise_from <list> -fall_from <list> -to <list> -rise_to <list> -fall_to <list> -through <list>
RUN-1002 : start command "place"
RUN-1001 : Open license file D:/Program/Anlogic/TD5.6.2/license/Anlogic.lic
RUN-1001 : Print Global Property
RUN-1001 : ---------------------------------------------------------------
RUN-1001 :        Parameters        |  Settings  |  Default Values  |  Note  
RUN-1001 : ---------------------------------------------------------------
RUN-1001 :          message         |  standard  |     standard     |        
RUN-1001 :   mixed_pack_place_flow  |     on     |        on        |        
RUN-1001 :        qor_monitor       |    off     |       off        |        
RUN-1001 :        syn_ip_flow       |    off     |       off        |        
RUN-1001 :          thread          |    auto    |       auto       |        
RUN-1001 : ---------------------------------------------------------------
RUN-1001 : Print Place Property
RUN-1001 : --------------------------------------------------------------
RUN-1001 :        Parameters       |  Settings  |  Default Values  |  Note  
RUN-1001 : --------------------------------------------------------------
RUN-1001 :      detailed_place     |     on     |        on        |        
RUN-1001 :          effort         |   medium   |      medium      |        
RUN-1001 :         fix_hold        |    off     |       off        |        
RUN-1001 :       legalization      |    ori     |       ori        |        
RUN-1001 :      new_spreading      |     on     |        on        |        
RUN-1001 :        opt_timing       |   medium   |      medium      |        
RUN-1001 :   post_clock_route_opt  |    off     |       off        |        
RUN-1001 :       pr_strategy       |     1      |        1         |        
RUN-1001 :        relaxation       |    1.00    |       1.00       |        
RUN-1001 :         retiming        |    off     |       off        |        
RUN-1001 : --------------------------------------------------------------
PHY-3001 : Placer runs in 16 thread(s).
RUN-1002 : start command "legalize_phy_inst"
SYN-1011 : Flatten model top
RUN-1002 : start command "phys_opt -simplify_lut"
SYN-4016 : Net frame_read_write_m0/write_buf/clkw driven by BUFG (488 clock/control pins, 1 other pins).
SYN-4016 : Net frame_read_write_m0/read_buf/clkr driven by BUFG (109 clock/control pins, 1 other pins).
SYN-4027 : Net frame_read_write_m0/frame_fifo_read_m0/mem_clk is clkc1 of pll sys_pll_m0/pll_inst.
SYN-4027 : Net flash_write_read_m0/flash_cmd_m0/sys_clk is clkc2 of pll sys_pll_m0/pll_inst.
SYN-4019 : Net clk_dup_1 is refclk of pll sys_pll_m0/pll_inst.
SYN-4020 : Net clk_dup_1 is fbclk of pll sys_pll_m0/pll_inst.
SYN-4019 : Net clk_dup_1 is refclk of pll video_pll_m0/pll_inst.
SYN-4020 : Net clk_dup_1 is fbclk of pll video_pll_m0/pll_inst.
SYN-4025 : Tag rtl::Net clk_dup_1 as clock net
SYN-4025 : Tag rtl::Net flash_write_read_m0/flash_cmd_m0/sys_clk as clock net
SYN-4025 : Tag rtl::Net frame_read_write_m0/frame_fifo_read_m0/mem_clk as clock net
SYN-4025 : Tag rtl::Net frame_read_write_m0/read_buf/clkr as clock net
SYN-4025 : Tag rtl::Net frame_read_write_m0/write_buf/clkw as clock net
SYN-4026 : Tagged 5 rtl::Net as clock net
PHY-1001 : Populate physical database on model top.
RUN-1001 : There are total 3010 instances
RUN-0007 : 1470 luts, 801 seqs, 417 mslices, 213 lslices, 102 pads, 0 brams, 0 dsps
RUN-1001 : There are total 4847 nets
RUN-1001 : 3039 nets have 2 pins
RUN-1001 : 1511 nets have [3 - 5] pins
RUN-1001 : 133 nets have [6 - 10] pins
RUN-1001 : 86 nets have [11 - 20] pins
RUN-1001 : 62 nets have [21 - 99] pins
RUN-1001 : 16 nets have 100+ pins
RUN-1001 : Report Control nets information:
RUN-1001 : DFF Distribution
RUN-1001 : ----------------------------------
RUN-1001 :   CE   |  SSR  |  ASR  |  DFF Count  
RUN-1001 : ----------------------------------
RUN-1001 :   No   |  No   |  No   |      1      
RUN-1001 :   No   |  No   |  Yes  |     492     
RUN-1001 :   No   |  Yes  |  No   |      0      
RUN-1001 :   Yes  |  No   |  No   |     16      
RUN-1001 :   Yes  |  No   |  Yes  |     292     
RUN-1001 :   Yes  |  Yes  |  No   |      0      
RUN-1001 : ----------------------------------
RUN-0007 : Control Group Statistic
RUN-0007 : ---------------------------
RUN-0007 :   #CLK  |  #CE  |  #SSR/ASR  
RUN-0007 : ---------------------------
RUN-0007 :    5    |  24   |     8      
RUN-0007 : ---------------------------
RUN-0007 : Control Set = 37
PHY-3001 : Initial placement ...
PHY-3001 : design contains 3008 instances, 1470 luts, 801 seqs, 630 slices, 167 macros(630 instances: 417 mslices 213 lslices)
PHY-0007 : Cell area utilization is 13%
PHY-3001 : Start timing update ...
RUN-1002 : start command "start_timer -report"
TMR-2505 : Start building timing graph for model top.
TMR-2506 : Build timing graph completely. Port num: 22, tpin num: 16028, tnet num: 3437, tinst num: 3008, tnode num: 19580, tedge num: 26041.
TMR-2508 : Levelizing timing graph completed, there are 43 levels in total.
TMR-2501 : Timing graph initialized successfully.
TMR-2503 : Start to update net delay, extr mode = 2.
TMR-2504 : Update delay of 3437 nets completely.
TMR-2502 : Annotate delay completely, extr mode = 2.
TMR-3001 : Initiate 5 clocks from SDC.
TMR-3004 : Map sdc constraints, there are 8 constraints in total.
TMR-3003 : Constraints initiated successfully.
TMR-3501 : Forward propagation: start to calculate arrival time...
TMR-3502 : Backward propagation: start to calculate required time...
TMR-3503 : Timing propagation completes.
PHY-3001 : End timing update;  0.497959s wall, 0.218750s user + 0.000000s system = 0.218750s CPU (43.9%)

PHY-3001 : Global placement ...
PHY-3001 : Initial: Len = 708239
PHY-3001 : Clustering ...
PHY-3001 : Level 0 #clusters 3008.
PHY-3001 : End clustering;  0.000008s wall, 0.000000s user + 0.000000s system = 0.000000s CPU (n/a%)

PHY-3001 : Run with size of 4
PHY-3001 : Cell area utilization is 13%
PHY-3001 : :::0::: Try harder cell spreading with beta_ = 0
PHY-3002 : Step(1): len = 603519, overlap = 0
PHY-3002 : Step(2): len = 525216, overlap = 0
PHY-3002 : Step(3): len = 471620, overlap = 0
PHY-3002 : Step(4): len = 417246, overlap = 0.5625
PHY-3002 : Step(5): len = 371293, overlap = 0.375
PHY-3002 : Step(6): len = 332094, overlap = 1.5
PHY-3002 : Step(7): len = 284217, overlap = 3.1875
PHY-3002 : Step(8): len = 259476, overlap = 0.8125
PHY-3002 : Step(9): len = 230524, overlap = 4.15625
PHY-3002 : Step(10): len = 201834, overlap = 11.2812
PHY-3002 : Step(11): len = 180276, overlap = 29.75
PHY-3002 : Step(12): len = 166092, overlap = 51.9375
PHY-3002 : Step(13): len = 142513, overlap = 82.5625
PHY-3002 : Step(14): len = 130078, overlap = 99.6562
PHY-3002 : Step(15): len = 121143, overlap = 112.062
PHY-3002 : Step(16): len = 112839, overlap = 118.719
PHY-3001 : :::1::: Try harder cell spreading with beta_ = 6.23647e-05
PHY-3002 : Step(17): len = 117464, overlap = 42.2188
PHY-3002 : Step(18): len = 116046, overlap = 41.2812
PHY-3002 : Step(19): len = 110263, overlap = 54
PHY-3002 : Step(20): len = 108402, overlap = 71.0312
PHY-3002 : Step(21): len = 103412, overlap = 75.0625
PHY-3002 : Step(22): len = 100294, overlap = 79.375
PHY-3002 : Step(23): len = 97034.5, overlap = 86.7188
PHY-3002 : Step(24): len = 93521.1, overlap = 89.8125
PHY-3002 : Step(25): len = 90738.5, overlap = 89.8125
PHY-3002 : Step(26): len = 88598.8, overlap = 91.1562
PHY-3002 : Step(27): len = 87759.1, overlap = 92.3125
PHY-3002 : Step(28): len = 86591, overlap = 80.25
PHY-3002 : Step(29): len = 84486.5, overlap = 79.3438
PHY-3002 : Step(30): len = 83049.9, overlap = 75.0938
PHY-3002 : Step(31): len = 80953.1, overlap = 72.1562
PHY-3002 : Step(32): len = 79622.3, overlap = 71.4062
PHY-3002 : Step(33): len = 77820, overlap = 71.9062
PHY-3002 : Step(34): len = 77101, overlap = 72.1875
PHY-3002 : Step(35): len = 76053.3, overlap = 76.4688
PHY-3001 : :::2::: Try harder cell spreading with beta_ = 0.000124729
PHY-3002 : Step(36): len = 75225.3, overlap = 75.875
PHY-3002 : Step(37): len = 75342.5, overlap = 75.5625
PHY-3002 : Step(38): len = 75638.8, overlap = 77.7188
PHY-3001 : :::3::: Try harder cell spreading with beta_ = 0.000249459
PHY-3002 : Step(39): len = 76342.7, overlap = 74.7812
PHY-3002 : Step(40): len = 76747.2, overlap = 74.125
PHY-3002 : Step(41): len = 77324.7, overlap = 69.4688
PHY-3002 : Step(42): len = 77568.1, overlap = 68.0938
PHY-3002 : Step(43): len = 77040.4, overlap = 67.5
PHY-3001 : :::4::: Try harder cell spreading with beta_ = 0.000498917
PHY-3002 : Step(44): len = 76760, overlap = 68.125
PHY-3002 : Step(45): len = 76796.9, overlap = 67.8125
PHY-3001 : :::5::: Try harder cell spreading with beta_ = 0.000997835
PHY-3002 : Step(46): len = 77266.2, overlap = 65.8438
PHY-3002 : Step(47): len = 77405.9, overlap = 65.5312
PHY-3001 : :::6::: Try harder cell spreading with beta_ = 0.00199567
PHY-3002 : Step(48): len = 77724.5, overlap = 65.875
PHY-3002 : Step(49): len = 77767.5, overlap = 65.5938
PHY-3001 : :::7::: Try harder cell spreading with beta_ = 0.00399134
PHY-3002 : Step(50): len = 77516.2, overlap = 65.5938
PHY-3002 : Step(51): len = 77434.4, overlap = 65.3438
PHY-3001 : :::8::: Try harder cell spreading with beta_ = 0.00798268
PHY-3002 : Step(52): len = 77351.7, overlap = 64.7812
PHY-3002 : Step(53): len = 77351.7, overlap = 64.7812
PHY-3001 : :::9::: Try harder cell spreading with beta_ = 0.0159654
PHY-3002 : Step(54): len = 77390.6, overlap = 64.5938
PHY-3002 : Step(55): len = 77390.6, overlap = 64.5938
PHY-3001 : Legalization ...
PHY-3001 : End legalization;  0.003195s wall, 0.000000s user + 0.000000s system = 0.000000s CPU (n/a%)

PHY-3001 : Run with size of 4
PHY-3001 : Cell area utilization is 17%
PHY-3001 : Update timing in Manhattan mode ...
TMR-2503 : Start to update net delay, extr mode = 3.
TMR-2504 : Update delay of 3437 nets completely.
TMR-2502 : Annotate delay completely, extr mode = 3.
TMR-3501 : Forward propagation: start to calculate arrival time...
TMR-3502 : Backward propagation: start to calculate required time...
TMR-3503 : Timing propagation completes.
PHY-3001 : End timing update;  0.079592s wall, 0.078125s user + 0.000000s system = 0.078125s CPU (98.2%)

PHY-3001 : :::0::: Try harder cell spreading with beta_ = 1.13186e-05
PHY-3002 : Step(56): len = 76206.9, overlap = 120.344
PHY-3002 : Step(57): len = 76581.1, overlap = 121.562
PHY-3002 : Step(58): len = 75688.5, overlap = 126.312
PHY-3002 : Step(59): len = 75535.9, overlap = 128
PHY-3002 : Step(60): len = 75224.9, overlap = 133.219
PHY-3002 : Step(61): len = 75002.1, overlap = 135.906
PHY-3002 : Step(62): len = 74211.9, overlap = 138.844
PHY-3002 : Step(63): len = 73715.2, overlap = 140.625
PHY-3002 : Step(64): len = 73208.7, overlap = 145.188
PHY-3002 : Step(65): len = 71734.5, overlap = 152.438
PHY-3002 : Step(66): len = 71165.1, overlap = 162.781
PHY-3002 : Step(67): len = 70559.4, overlap = 166.531
PHY-3002 : Step(68): len = 69868.9, overlap = 169.875
PHY-3002 : Step(69): len = 69854.7, overlap = 170.094
PHY-3002 : Step(70): len = 68939.2, overlap = 171.156
PHY-3002 : Step(71): len = 68745.8, overlap = 171.438
PHY-3002 : Step(72): len = 68422.3, overlap = 172.844
PHY-3001 : :::1::: Try harder cell spreading with beta_ = 2.26373e-05
PHY-3002 : Step(73): len = 68686.2, overlap = 171
PHY-3002 : Step(74): len = 69340.9, overlap = 169.688
PHY-3001 : :::2::: Try harder cell spreading with beta_ = 4.52746e-05
PHY-3002 : Step(75): len = 73089.2, overlap = 164.031
PHY-3002 : Step(76): len = 73847.7, overlap = 162.75
PHY-3002 : Step(77): len = 74592.7, overlap = 155.875
PHY-3002 : Step(78): len = 76325.4, overlap = 152.25
PHY-3002 : Step(79): len = 79226.2, overlap = 123.031
PHY-3002 : Step(80): len = 79948.9, overlap = 108.781
PHY-3002 : Step(81): len = 79715.4, overlap = 103.375
PHY-3002 : Step(82): len = 79679.1, overlap = 100.312
PHY-3001 : :::3::: Try harder cell spreading with beta_ = 9.05491e-05
PHY-3002 : Step(83): len = 79734.4, overlap = 97.3125
PHY-3002 : Step(84): len = 80023.3, overlap = 98.125
PHY-3002 : Step(85): len = 81020.6, overlap = 103.188
PHY-3002 : Step(86): len = 81881.4, overlap = 100.219
PHY-3002 : Step(87): len = 80963.1, overlap = 97.3438
PHY-3002 : Step(88): len = 80011.5, overlap = 97.25
PHY-3002 : Step(89): len = 79672.2, overlap = 96.4375
PHY-3001 : :::4::: Try harder cell spreading with beta_ = 0.000181098
PHY-3002 : Step(90): len = 79929.7, overlap = 94.8125
PHY-3002 : Step(91): len = 80273.8, overlap = 93.5
PHY-3002 : Step(92): len = 81171.4, overlap = 92.375
PHY-3001 : :::5::: Try harder cell spreading with beta_ = 0.000362197
PHY-3002 : Step(93): len = 82525.1, overlap = 80.3125
PHY-3002 : Step(94): len = 83403.6, overlap = 76.4688
PHY-3002 : Step(95): len = 83844.1, overlap = 65.125
PHY-3002 : Step(96): len = 83480, overlap = 63.1875
PHY-3002 : Step(97): len = 83075.5, overlap = 64.2812
PHY-3001 : Run with size of 2
PHY-3001 : Cell area utilization is 17%
PHY-3001 : Update timing in Manhattan mode ...
TMR-2503 : Start to update net delay, extr mode = 3.
TMR-2504 : Update delay of 3437 nets completely.
TMR-2502 : Annotate delay completely, extr mode = 3.
TMR-3501 : Forward propagation: start to calculate arrival time...
TMR-3502 : Backward propagation: start to calculate required time...
TMR-3503 : Timing propagation completes.
PHY-3001 : End timing update;  0.093976s wall, 0.078125s user + 0.000000s system = 0.078125s CPU (83.1%)

PHY-3001 : :::0::: Try harder cell spreading with beta_ = 7.98378e-05
PHY-3002 : Step(98): len = 84551.7, overlap = 160.062
PHY-3002 : Step(99): len = 85928.6, overlap = 152
PHY-3002 : Step(100): len = 84706.3, overlap = 150.5
PHY-3002 : Step(101): len = 84633.4, overlap = 143.469
PHY-3002 : Step(102): len = 84309.7, overlap = 137.625
PHY-3002 : Step(103): len = 83832.6, overlap = 141.219
PHY-3002 : Step(104): len = 83186.7, overlap = 141.156
PHY-3002 : Step(105): len = 83138.9, overlap = 142.375
PHY-3001 : :::1::: Try harder cell spreading with beta_ = 0.000159676
PHY-3002 : Step(106): len = 83964, overlap = 137.094
PHY-3002 : Step(107): len = 84326.2, overlap = 136.719
PHY-3002 : Step(108): len = 84818.8, overlap = 136.438
PHY-3002 : Step(109): len = 85245.1, overlap = 132.688
PHY-3002 : Step(110): len = 85546.4, overlap = 125.719
PHY-3001 : :::2::: Try harder cell spreading with beta_ = 0.000319351
PHY-3002 : Step(111): len = 85859.2, overlap = 121.562
PHY-3002 : Step(112): len = 86399, overlap = 114.844
PHY-3001 : :::3::: Try harder cell spreading with beta_ = 0.000638702
PHY-3002 : Step(113): len = 87999.8, overlap = 105.406
PHY-3002 : Step(114): len = 89742.9, overlap = 96.2812
PHY-3002 : Step(115): len = 90148.5, overlap = 97.4062
PHY-3002 : Step(116): len = 90554.3, overlap = 93.7188
PHY-3002 : Step(117): len = 90753.8, overlap = 96.7188
PHY-3001 : :::4::: Try harder cell spreading with beta_ = 0.0012774
PHY-3002 : Step(118): len = 91040.2, overlap = 94.6875
PHY-3002 : Step(119): len = 91329.7, overlap = 94.5625
PHY-3002 : Step(120): len = 91402.6, overlap = 94.8125
PHY-3001 : :::5::: Try harder cell spreading with beta_ = 0.00255481
PHY-3002 : Step(121): len = 91858, overlap = 98.4062
PHY-3002 : Step(122): len = 92977.9, overlap = 85.375
PHY-3001 : :::6::: Try harder cell spreading with beta_ = 0.00488276
PHY-3002 : Step(123): len = 93262.9, overlap = 85.4375
PHY-3002 : Step(124): len = 94217.5, overlap = 80.6562
PHY-3001 : :::7::: Try harder cell spreading with beta_ = 0.00870862
PHY-3002 : Step(125): len = 94375.2, overlap = 79.8438
PHY-3002 : Step(126): len = 94679.7, overlap = 78.125
OPT-1001 : Start physical optimization ...
RUN-1002 : start command "start_timer -report"
TMR-2505 : Start building timing graph for model top.
TMR-2506 : Build timing graph completely. Port num: 22, tpin num: 16028, tnet num: 3437, tinst num: 3008, tnode num: 19580, tedge num: 26041.
TMR-2508 : Levelizing timing graph completed, there are 43 levels in total.
TMR-2501 : Timing graph initialized successfully.
OPT-1001 : Total overflow 272.00 peak overflow 5.97
OPT-1001 : Start high-fanout net optimization ...
OPT-1001 : Update timing in global mode
PHY-1001 : Start incremental global routing, caller is place ...
RUN-1001 : Generating global routing grids ...
RUN-1001 : Building simple global routing graph ...
PHY-1001 : Generate routing nets ...
PHY-1001 : Reuse net number 0/4847.
PHY-1001 : Global iterations in 16 thread ...
PHY-1002 : len = 120256, over cnt = 454(1%), over = 2109, worst = 39
PHY-1001 : End global iterations;  0.128403s wall, 0.031250s user + 0.000000s system = 0.031250s CPU (24.3%)

PHY-1001 : Congestion index: top1 = 50.11, top5 = 35.11, top10 = 27.24, top15 = 22.08.
PHY-1001 : End incremental global routing;  0.182130s wall, 0.031250s user + 0.000000s system = 0.031250s CPU (17.2%)

TMR-2503 : Start to update net delay, extr mode = 5.
TMR-2504 : Update delay of 3437 nets completely.
TMR-2502 : Annotate delay completely, extr mode = 5.
TMR-3001 : Initiate 5 clocks from SDC.
TMR-3004 : Map sdc constraints, there are 8 constraints in total.
TMR-3003 : Constraints initiated successfully.
TMR-3501 : Forward propagation: start to calculate arrival time...
TMR-3502 : Backward propagation: start to calculate required time...
TMR-3503 : Timing propagation completes.
OPT-1001 : End timing update;  0.087220s wall, 0.078125s user + 0.000000s system = 0.078125s CPU (89.6%)

OPT-1001 : 3 high-fanout net processed.
PHY-3001 : Start incremental placement ...
PHY-1001 : Populate physical database on model top.
PHY-3001 : Initial placement ...
PHY-3001 : eco special cells: 1 has valid locations, 0 needs to be replaced
PHY-3001 : eco pad cells: 102 has valid locations, 0 needs to be replaced
PHY-3001 : eco cells: 2898 has valid locations, 18 needs to be replaced
PHY-3001 : design contains 3023 instances, 1472 luts, 814 seqs, 630 slices, 167 macros(630 instances: 417 mslices 213 lslices)
PHY-3001 : Global placement ...
PHY-3001 : Initial: Len = 95732.6
PHY-3001 : Run with size of 4
PHY-3001 : Cell area utilization is 17%
PHY-3001 : Update timing in Manhattan mode ...
RUN-1002 : start command "start_timer -report"
TMR-2505 : Start building timing graph for model top.
TMR-2506 : Build timing graph completely. Port num: 22, tpin num: 16101, tnet num: 3452, tinst num: 3023, tnode num: 19705, tedge num: 26157.
TMR-2508 : Levelizing timing graph completed, there are 43 levels in total.
TMR-2501 : Timing graph initialized successfully.
TMR-2503 : Start to update net delay, extr mode = 3.
TMR-2504 : Update delay of 3452 nets completely.
TMR-2502 : Annotate delay completely, extr mode = 3.
TMR-3001 : Initiate 5 clocks from SDC.
TMR-3004 : Map sdc constraints, there are 8 constraints in total.
TMR-3003 : Constraints initiated successfully.
TMR-3501 : Forward propagation: start to calculate arrival time...
TMR-3502 : Backward propagation: start to calculate required time...
TMR-3503 : Timing propagation completes.
PHY-3001 : End timing update;  0.530916s wall, 0.140625s user + 0.000000s system = 0.140625s CPU (26.5%)

PHY-3001 : :::0::: Try harder cell spreading with beta_ = 0
PHY-3002 : Step(127): len = 95494.6, overlap = 2.0625
PHY-3002 : Step(128): len = 95481, overlap = 2.0625
PHY-3001 : Run with size of 2
PHY-3001 : Cell area utilization is 17%
PHY-3001 : Update timing in Manhattan mode ...
TMR-2503 : Start to update net delay, extr mode = 3.
TMR-2504 : Update delay of 3452 nets completely.
TMR-2502 : Annotate delay completely, extr mode = 3.
TMR-3501 : Forward propagation: start to calculate arrival time...
TMR-3502 : Backward propagation: start to calculate required time...
TMR-3503 : Timing propagation completes.
PHY-3001 : End timing update;  0.084153s wall, 0.062500s user + 0.000000s system = 0.062500s CPU (74.3%)

PHY-3001 : :::0::: Try harder cell spreading with beta_ = 0.00486199
PHY-3002 : Step(129): len = 95481.9, overlap = 78.3125
PHY-3002 : Step(130): len = 95534.1, overlap = 78.1875
PHY-3001 : :::1::: Try harder cell spreading with beta_ = 0.00972397
PHY-3002 : Step(131): len = 95511.8, overlap = 78.2812
PHY-3002 : Step(132): len = 95511.8, overlap = 78.2812
PHY-3001 : Final: Len = 95511.8, Over = 78.2812
PHY-3001 : End incremental placement;  0.737045s wall, 0.203125s user + 0.000000s system = 0.203125s CPU (27.6%)

OPT-1001 : Total overflow 272.66 peak overflow 5.97
OPT-1001 : End high-fanout net optimization;  1.065078s wall, 0.328125s user + 0.000000s system = 0.328125s CPU (30.8%)

OPT-1001 : Current memory(MB): used = 251, reserve = 225, peak = 251.
OPT-1001 : Start global optimization ...
OPT-1001 : Start congestion update ...
RUN-1001 : Generating global routing grids ...
PHY-1001 : Generate routing nets ...
PHY-1001 : Reuse net number 3153/4862.
PHY-1001 : Global iterations in 16 thread ...
PHY-1002 : len = 121072, over cnt = 462(1%), over = 2078, worst = 39
PHY-1002 : len = 136440, over cnt = 328(0%), over = 972, worst = 31
PHY-1002 : len = 150192, over cnt = 77(0%), over = 118, worst = 20
PHY-1002 : len = 152424, over cnt = 29(0%), over = 39, worst = 4
PHY-1002 : len = 153224, over cnt = 0(0%), over = 0, worst = 0
PHY-1001 : End global iterations;  0.164751s wall, 0.062500s user + 0.000000s system = 0.062500s CPU (37.9%)

PHY-1001 : Congestion index: top1 = 44.63, top5 = 34.06, top10 = 28.52, top15 = 24.64.
OPT-1001 : End congestion update;  0.213588s wall, 0.078125s user + 0.000000s system = 0.078125s CPU (36.6%)

OPT-1001 : Update timing in Manhattan mode
TMR-2503 : Start to update net delay, extr mode = 3.
TMR-2504 : Update delay of 3452 nets completely.
TMR-2502 : Annotate delay completely, extr mode = 3.
TMR-3501 : Forward propagation: start to calculate arrival time...
TMR-3502 : Backward propagation: start to calculate required time...
TMR-3503 : Timing propagation completes.
OPT-1001 : End timing update;  0.083895s wall, 0.000000s user + 0.000000s system = 0.000000s CPU (n/a%)

OPT-0007 : Start: WNS 2979 TNS 0 NUM_FEPS 0
OPT-0007 : Iter 1: improved WNS 3013 TNS 0 NUM_FEPS 0 with 10 cells processed and 384 slack improved
OPT-1001 : End global optimization;  0.302240s wall, 0.078125s user + 0.000000s system = 0.078125s CPU (25.8%)

OPT-1001 : Current memory(MB): used = 243, reserve = 218, peak = 251.
OPT-1001 : End physical optimization;  1.857952s wall, 0.703125s user + 0.000000s system = 0.703125s CPU (37.8%)

PHY-3001 : Start packing ...
SYN-4007 : Packing 0 MUX to BLE ...
SYN-4008 : Packed 0 MUX and 0 SEQ to BLE.
SYN-4007 : Packing 1472 LUT to BLE ...
SYN-4008 : Packed 1472 LUT and 549 SEQ to BLE.
SYN-4003 : Packing 265 remaining SEQ's ...
SYN-4005 : Packed 167 SEQ with LUT/SLICE
SYN-4006 : 778 single LUT's are left
SYN-4006 : 98 single SEQ's are left
SYN-4011 : Packing model "top" (AL_USER_NORMAL) with 1570/2437 primitive instances ...
PHY-3001 : End packing;  0.076246s wall, 0.031250s user + 0.000000s system = 0.031250s CPU (41.0%)

PHY-1001 : Populate physical database on model top.
RUN-1001 : There are total 1571 instances
RUN-1001 : 731 mslices, 731 lslices, 102 pads, 0 brams, 0 dsps
RUN-1001 : There are total 4361 nets
RUN-1001 : 2546 nets have 2 pins
RUN-1001 : 1504 nets have [3 - 5] pins
RUN-1001 : 128 nets have [6 - 10] pins
RUN-1001 : 97 nets have [11 - 20] pins
RUN-1001 : 73 nets have [21 - 99] pins
RUN-1001 : 13 nets have 100+ pins
PHY-3001 : design contains 1569 instances, 1462 slices, 167 macros(630 instances: 417 mslices 213 lslices)
PHY-3001 : Cell area utilization is 18%
PHY-3001 : After packing: Len = 94554.4, Over = 96.25
PHY-3001 : Run with size of 2
PHY-3001 : Cell area utilization is 18%
PHY-3001 : Update timing in Manhattan mode ...
RUN-1002 : start command "start_timer -report"
TMR-2505 : Start building timing graph for model top.
TMR-2506 : Build timing graph completely. Port num: 22, tpin num: 14468, tnet num: 2951, tinst num: 1569, tnode num: 17365, tedge num: 24319.
TMR-2508 : Levelizing timing graph completed, there are 41 levels in total.
TMR-2501 : Timing graph initialized successfully.
TMR-2503 : Start to update net delay, extr mode = 3.
TMR-2504 : Update delay of 2951 nets completely.
TMR-2502 : Annotate delay completely, extr mode = 3.
TMR-3001 : Initiate 5 clocks from SDC.
TMR-3004 : Map sdc constraints, there are 8 constraints in total.
TMR-3003 : Constraints initiated successfully.
TMR-3501 : Forward propagation: start to calculate arrival time...
TMR-3502 : Backward propagation: start to calculate required time...
TMR-3503 : Timing propagation completes.
PHY-3001 : End timing update;  0.558109s wall, 0.218750s user + 0.015625s system = 0.234375s CPU (42.0%)

PHY-3001 : :::0::: Try harder cell spreading with beta_ = 0.000130354
PHY-3002 : Step(133): len = 91653.9, overlap = 108
PHY-3002 : Step(134): len = 90202.5, overlap = 112.25
PHY-3002 : Step(135): len = 89518.3, overlap = 114.75
PHY-3002 : Step(136): len = 89224.1, overlap = 117.75
PHY-3002 : Step(137): len = 89358.6, overlap = 119.25
PHY-3002 : Step(138): len = 89366.8, overlap = 118.25
PHY-3001 : :::1::: Try harder cell spreading with beta_ = 0.000260708
PHY-3002 : Step(139): len = 91340.1, overlap = 109.25
PHY-3002 : Step(140): len = 92857.1, overlap = 103.75
PHY-3002 : Step(141): len = 92990.2, overlap = 102.75
PHY-3001 : :::2::: Try harder cell spreading with beta_ = 0.000521415
PHY-3002 : Step(142): len = 94590.9, overlap = 97.75
PHY-3002 : Step(143): len = 96693.4, overlap = 93.5
PHY-3002 : Step(144): len = 97043, overlap = 94.5
PHY-3002 : Step(145): len = 97247.3, overlap = 93.25
PHY-3002 : Step(146): len = 97481.6, overlap = 92
PHY-3001 : Legalization ...
PHY-3001 : End legalization;  0.161363s wall, 0.000000s user + 0.015625s system = 0.015625s CPU (9.7%)

PHY-3001 : Trial Legalized: Len = 119292
PHY-3001 : Run with size of 2
PHY-3001 : Cell area utilization is 18%
PHY-3001 : Update timing in Manhattan mode ...
TMR-2503 : Start to update net delay, extr mode = 3.
TMR-2504 : Update delay of 2951 nets completely.
TMR-2502 : Annotate delay completely, extr mode = 3.
TMR-3501 : Forward propagation: start to calculate arrival time...
TMR-3502 : Backward propagation: start to calculate required time...
TMR-3503 : Timing propagation completes.
PHY-3001 : End timing update;  0.070811s wall, 0.000000s user + 0.000000s system = 0.000000s CPU (n/a%)

PHY-3001 : :::0::: Try harder cell spreading with beta_ = 0.00139048
PHY-3002 : Step(147): len = 112873, overlap = 16
PHY-3002 : Step(148): len = 109320, overlap = 20
PHY-3002 : Step(149): len = 107548, overlap = 23.75
PHY-3002 : Step(150): len = 105269, overlap = 27.75
PHY-3002 : Step(151): len = 103593, overlap = 34
PHY-3002 : Step(152): len = 102430, overlap = 38
PHY-3002 : Step(153): len = 101488, overlap = 40.75
PHY-3001 : :::1::: Try harder cell spreading with beta_ = 0.00246194
PHY-3002 : Step(154): len = 101782, overlap = 40
PHY-3002 : Step(155): len = 101907, overlap = 39.5
PHY-3002 : Step(156): len = 101886, overlap = 38.75
PHY-3001 : :::2::: Try harder cell spreading with beta_ = 0.00492388
PHY-3002 : Step(157): len = 101993, overlap = 39
PHY-3002 : Step(158): len = 102130, overlap = 38.75
PHY-3001 : Legalization ...
PHY-3001 : End legalization;  0.004572s wall, 0.000000s user + 0.000000s system = 0.000000s CPU (n/a%)

PHY-3001 : Legalized: Len = 110567, Over = 0
PHY-3001 : Spreading special nets. 22 overflows in 2952 tiles.
PHY-3001 : End spreading;  0.007395s wall, 0.000000s user + 0.000000s system = 0.000000s CPU (n/a%)

PHY-3001 : 31 instances has been re-located, deltaX = 12, deltaY = 26, maxDist = 3.
PHY-3001 : Final: Len = 111157, Over = 0
OPT-1001 : Start physical optimization ...
RUN-1002 : start command "start_timer -report"
TMR-2505 : Start building timing graph for model top.
TMR-2506 : Build timing graph completely. Port num: 22, tpin num: 14468, tnet num: 2951, tinst num: 1569, tnode num: 17365, tedge num: 24319.
TMR-2508 : Levelizing timing graph completed, there are 41 levels in total.
TMR-2501 : Timing graph initialized successfully.
OPT-1001 : Total overflow 0.00 peak overflow 0.00
OPT-1001 : Start high-fanout net optimization ...
OPT-1001 : Update timing in global mode
PHY-1001 : Start incremental global routing, caller is place ...
RUN-1001 : Generating global routing grids ...
PHY-1001 : Generate routing nets ...
PHY-1001 : Reuse net number 65/4361.
PHY-1001 : Global iterations in 16 thread ...
PHY-1002 : len = 142408, over cnt = 399(1%), over = 712, worst = 7
PHY-1002 : len = 145128, over cnt = 212(0%), over = 328, worst = 6
PHY-1002 : len = 147152, over cnt = 82(0%), over = 135, worst = 6
PHY-1002 : len = 148096, over cnt = 16(0%), over = 31, worst = 5
PHY-1002 : len = 148400, over cnt = 0(0%), over = 0, worst = 0
PHY-1001 : End global iterations;  0.298034s wall, 0.015625s user + 0.000000s system = 0.015625s CPU (5.2%)

PHY-1001 : Congestion index: top1 = 35.37, top5 = 29.08, top10 = 25.15, top15 = 22.21.
PHY-1001 : End incremental global routing;  0.365996s wall, 0.046875s user + 0.000000s system = 0.046875s CPU (12.8%)

TMR-2503 : Start to update net delay, extr mode = 5.
TMR-2504 : Update delay of 2951 nets completely.
TMR-2502 : Annotate delay completely, extr mode = 5.
TMR-3001 : Initiate 5 clocks from SDC.
TMR-3004 : Map sdc constraints, there are 8 constraints in total.
TMR-3003 : Constraints initiated successfully.
TMR-3501 : Forward propagation: start to calculate arrival time...
TMR-3502 : Backward propagation: start to calculate required time...
TMR-3503 : Timing propagation completes.
OPT-1001 : End timing update;  0.095692s wall, 0.015625s user + 0.000000s system = 0.015625s CPU (16.3%)

OPT-1001 : 0 high-fanout net processed.
OPT-1001 : End high-fanout net optimization;  0.528195s wall, 0.078125s user + 0.000000s system = 0.078125s CPU (14.8%)

OPT-1001 : Current memory(MB): used = 251, reserve = 227, peak = 251.
OPT-1001 : Start path based optimization ...
OPT-1001 : Start congestion update ...
RUN-1001 : Generating global routing grids ...
PHY-1001 : Generate routing nets ...
PHY-1001 : Reuse net number 2617/4361.
PHY-1001 : Global iterations in 16 thread ...
PHY-1002 : len = 148400, over cnt = 0(0%), over = 0, worst = 0
PHY-1001 : End global iterations;  0.009885s wall, 0.000000s user + 0.000000s system = 0.000000s CPU (n/a%)

PHY-1001 : Congestion index: top1 = 35.37, top5 = 29.08, top10 = 25.15, top15 = 22.21.
OPT-1001 : End congestion update;  0.068989s wall, 0.015625s user + 0.000000s system = 0.015625s CPU (22.6%)

OPT-1001 : Update timing in Manhattan mode
TMR-2503 : Start to update net delay, extr mode = 3.
TMR-2504 : Update delay of 2951 nets completely.
TMR-2502 : Annotate delay completely, extr mode = 3.
TMR-3501 : Forward propagation: start to calculate arrival time...
TMR-3502 : Backward propagation: start to calculate required time...
TMR-3503 : Timing propagation completes.
OPT-1001 : End timing update;  0.095482s wall, 0.062500s user + 0.000000s system = 0.062500s CPU (65.5%)

OPT-0007 : Start: WNS 3434 TNS 0 NUM_FEPS 0
OPT-1001 : End path based optimization;  0.164777s wall, 0.078125s user + 0.000000s system = 0.078125s CPU (47.4%)

OPT-1001 : Current memory(MB): used = 255, reserve = 231, peak = 255.
OPT-1001 : Update timing in Manhattan mode
TMR-2503 : Start to update net delay, extr mode = 3.
TMR-2504 : Update delay of 2951 nets completely.
TMR-2502 : Annotate delay completely, extr mode = 3.
TMR-3501 : Forward propagation: start to calculate arrival time...
TMR-3502 : Backward propagation: start to calculate required time...
TMR-3503 : Timing propagation completes.
OPT-1001 : End timing update;  0.102848s wall, 0.031250s user + 0.000000s system = 0.031250s CPU (30.4%)

OPT-1001 : Start pin optimization...
OPT-1001 : skip pin optimization...
RUN-1001 : Generating global routing grids ...
PHY-1001 : Generate routing nets ...
PHY-1001 : Reuse net number 2617/4361.
PHY-1001 : Global iterations in 16 thread ...
PHY-1002 : len = 148400, over cnt = 0(0%), over = 0, worst = 0
PHY-1001 : End global iterations;  0.008747s wall, 0.000000s user + 0.000000s system = 0.000000s CPU (n/a%)

PHY-1001 : Congestion index: top1 = 35.37, top5 = 29.08, top10 = 25.15, top15 = 22.21.
OPT-1001 : Update timing in Manhattan mode
TMR-2503 : Start to update net delay, extr mode = 3.
TMR-2504 : Update delay of 2951 nets completely.
TMR-2502 : Annotate delay completely, extr mode = 3.
TMR-3501 : Forward propagation: start to calculate arrival time...
TMR-3502 : Backward propagation: start to calculate required time...
TMR-3503 : Timing propagation completes.
OPT-1001 : End timing update;  0.090899s wall, 0.031250s user + 0.000000s system = 0.031250s CPU (34.4%)

RUN-1001 : QoR Analysis:
OPT-0007 :   WNS 3434 TNS 0 NUM_FEPS 0
RUN-1001 :   No local congestion issue, and most congested 1% tile average routing util is 34.965517
RUN-1001 :   Top critical paths
RUN-1001 :       #1 path slack 3434ps with logic level 7 
RUN-1001 :       #2 path slack 3520ps with logic level 7 
OPT-1001 : End physical optimization;  1.467526s wall, 0.437500s user + 0.000000s system = 0.437500s CPU (29.8%)

RUN-1003 : finish command "place" in  7.987814s wall, 2.500000s user + 0.265625s system = 2.765625s CPU (34.6%)

RUN-1004 : used memory is 234 MB, reserved memory is 208 MB, peak memory is 257 MB
RUN-1002 : start command "export_db pic_sdram_place.db"
RUN-1001 : Exported /
RUN-1001 : Exported flow parameters
RUN-1001 : Exported libs
RUN-1001 : Exported entities
RUN-1001 : Exported ports
RUN-1001 : Exported pins
RUN-1001 : Exported instances
RUN-1001 : Exported nets
RUN-1001 : Exported buses
RUN-1001 : Exported models
RUN-1001 : Exported congestions
RUN-1001 : Exported violations
RUN-1001 : Exported timing constraints
RUN-1001 : Exported IO constraints
RUN-1001 : Exported Inst constraints
RUN-1002 : start command "route"
RUN-1001 : Open license file D:/Program/Anlogic/TD5.6.2/license/Anlogic.lic
RUN-1001 : Print Global Property
RUN-1001 : ---------------------------------------------------------------
RUN-1001 :        Parameters        |  Settings  |  Default Values  |  Note  
RUN-1001 : ---------------------------------------------------------------
RUN-1001 :          message         |  standard  |     standard     |        
RUN-1001 :   mixed_pack_place_flow  |     on     |        on        |        
RUN-1001 :        qor_monitor       |    off     |       off        |        
RUN-1001 :        syn_ip_flow       |    off     |       off        |        
RUN-1001 :          thread          |    auto    |       auto       |        
RUN-1001 : ---------------------------------------------------------------
RUN-1001 : Print Route Property
RUN-1001 : -------------------------------------------------------
RUN-1001 :    Parameters    |  Settings  |  Default Values  |  Note  
RUN-1001 : -------------------------------------------------------
RUN-1001 :      effort      |   medium   |      medium      |        
RUN-1001 :     fix_hold     |    off     |       off        |        
RUN-1001 :    opt_timing    |   medium   |      medium      |        
RUN-1001 :   phy_sim_model  |    off     |       off        |        
RUN-1001 :     priority     |   timing   |      timing      |        
RUN-1001 :     swap_pin     |     on     |        on        |        
RUN-1001 : -------------------------------------------------------
PHY-1001 : Route runs in 16 thread(s)
RUN-1001 : There are total 1571 instances
RUN-1001 : 731 mslices, 731 lslices, 102 pads, 0 brams, 0 dsps
RUN-1001 : There are total 4361 nets
RUN-1001 : 2546 nets have 2 pins
RUN-1001 : 1504 nets have [3 - 5] pins
RUN-1001 : 128 nets have [6 - 10] pins
RUN-1001 : 97 nets have [11 - 20] pins
RUN-1001 : 73 nets have [21 - 99] pins
RUN-1001 : 13 nets have 100+ pins
RUN-1002 : start command "start_timer -report"
TMR-2505 : Start building timing graph for model top.
TMR-2506 : Build timing graph completely. Port num: 22, tpin num: 14468, tnet num: 2951, tinst num: 1569, tnode num: 17365, tedge num: 24319.
TMR-2508 : Levelizing timing graph completed, there are 41 levels in total.
TMR-2501 : Timing graph initialized successfully.
PHY-1001 : 731 mslices, 731 lslices, 102 pads, 0 brams, 0 dsps
TMR-2503 : Start to update net delay, extr mode = 3.
TMR-2504 : Update delay of 2951 nets completely.
TMR-2502 : Annotate delay completely, extr mode = 3.
TMR-3001 : Initiate 5 clocks from SDC.
TMR-3004 : Map sdc constraints, there are 8 constraints in total.
TMR-3003 : Constraints initiated successfully.
TMR-3501 : Forward propagation: start to calculate arrival time...
TMR-3502 : Backward propagation: start to calculate required time...
TMR-3503 : Timing propagation completes.
PHY-1001 : Start global routing, caller is route ...
RUN-1001 : Generating global routing grids ...
PHY-1001 : Generate routing nets ...
PHY-1001 : Global iterations in 16 thread ...
PHY-1002 : len = 141000, over cnt = 397(1%), over = 713, worst = 7
PHY-1002 : len = 143888, over cnt = 213(0%), over = 329, worst = 5
PHY-1002 : len = 146384, over cnt = 53(0%), over = 87, worst = 4
PHY-1002 : len = 147144, over cnt = 0(0%), over = 0, worst = 0
PHY-1001 : End global iterations;  0.264925s wall, 0.046875s user + 0.015625s system = 0.062500s CPU (23.6%)

PHY-1001 : Congestion index: top1 = 34.83, top5 = 28.95, top10 = 25.07, top15 = 22.14.
PHY-1001 : End global routing;  0.330252s wall, 0.093750s user + 0.015625s system = 0.109375s CPU (33.1%)

PHY-1001 : Start detail routing ...
PHY-1001 : Current memory(MB): used = 281, reserve = 257, peak = 288.
PHY-1001 : Detailed router is running in normal mode.
PHY-1001 : Generate detailed routing grids ...
PHY-1001 : Generate nets ...
PHY-1001 : net clk_dup_1 will be routed on clock mesh
PHY-1001 : net flash_write_read_m0/flash_cmd_m0/sys_clk will be routed on clock mesh
PHY-1001 : net frame_read_write_m0/frame_fifo_read_m0/mem_clk will be routed on clock mesh
PHY-1001 : clock net frame_read_write_m0/read_buf/clkr will be merged with clock video_pll_m0/clk0_buf
PHY-1001 : clock net frame_read_write_m0/write_buf/clkw will be merged with clock sys_pll_m0/clk0_buf
PHY-1001 : Current memory(MB): used = 540, reserve = 519, peak = 540.
PHY-1001 : End build detailed router design. 2.560283s wall, 0.781250s user + 0.000000s system = 0.781250s CPU (30.5%)

PHY-1001 : Detail Route ...
PHY-1001 : ===== Detail Route Phase 1 =====
PHY-1001 : Clock net routing.....
PHY-1001 : Routed 0% nets.
PHY-1022 : len = 51456, over cnt = 0(0%), over = 0, worst = 0, crit = 0
PHY-1001 : End initial clock net routed; 1.084361s wall, 0.171875s user + 0.000000s system = 0.171875s CPU (15.9%)

PHY-1001 : Current memory(MB): used = 572, reserve = 553, peak = 572.
PHY-1001 : End phase 1; 1.090103s wall, 0.171875s user + 0.000000s system = 0.171875s CPU (15.8%)

PHY-1001 : ===== Detail Route Phase 2 =====
PHY-1001 : Initial routing.....
PHY-1001 : Routed 27% nets.
PHY-1001 : Routed 33% nets.
PHY-1001 : Routed 39% nets.
PHY-1001 : Routed 48% nets.
PHY-1001 : Routed 61% nets.
PHY-1022 : len = 548088, over cnt = 71(0%), over = 71, worst = 1, crit = 0
PHY-1001 : Current memory(MB): used = 574, reserve = 554, peak = 574.
PHY-1001 : End initial routed; 4.606294s wall, 0.765625s user + 0.046875s system = 0.812500s CPU (17.6%)

PHY-1001 : Update timing.....
PHY-1001 : 0/2697(0%) critical/total net(s).
RUN-1001 : --------------------------------------
RUN-1001 :   Type   |  WNS(ns)  |  TNS(ns)  |  FEP  
RUN-1001 : --------------------------------------
RUN-1001 :   Setup  |   1.703   |   0.000   |   0   
RUN-1001 :   Hold   |   0.076   |   0.000   |   0   
RUN-1001 : --------------------------------------
PHY-1001 : End update timing; 0.645696s wall, 0.031250s user + 0.000000s system = 0.031250s CPU (4.8%)

PHY-1001 : Current memory(MB): used = 575, reserve = 555, peak = 575.
PHY-1001 : End phase 2; 5.252041s wall, 0.796875s user + 0.046875s system = 0.843750s CPU (16.1%)

PHY-1001 : ===== Detail Route Phase 3 =====
PHY-1001 : Optimize timing.....
PHY-1022 : len = 548088, over cnt = 71(0%), over = 71, worst = 1, crit = 0
PHY-1001 : End optimize timing; 0.022625s wall, 0.000000s user + 0.000000s system = 0.000000s CPU (n/a%)

PHY-1001 : Ripup-reroute.....
PHY-1001 : ===== DR Iter 1 =====
PHY-1022 : len = 547264, over cnt = 9(0%), over = 9, worst = 1, crit = 0
PHY-1001 : End DR Iter 1; 0.047863s wall, 0.000000s user + 0.000000s system = 0.000000s CPU (n/a%)

PHY-1001 : ===== DR Iter 2 =====
PHY-1022 : len = 547224, over cnt = 0(0%), over = 0, worst = 0, crit = 0
PHY-1001 : End DR Iter 2; 0.032280s wall, 0.000000s user + 0.000000s system = 0.000000s CPU (n/a%)

PHY-1001 : Update timing.....
PHY-1001 : 0/2697(0%) critical/total net(s).
RUN-1001 : --------------------------------------
RUN-1001 :   Type   |  WNS(ns)  |  TNS(ns)  |  FEP  
RUN-1001 : --------------------------------------
RUN-1001 :   Setup  |   1.703   |   0.000   |   0   
RUN-1001 :   Hold   |   0.076   |   0.000   |   0   
RUN-1001 : --------------------------------------
PHY-1001 : End update timing; 0.661075s wall, 0.250000s user + 0.000000s system = 0.250000s CPU (37.8%)

PHY-1001 : Commit to database.....
PHY-1001 : 8 feed throughs used by 8 nets
PHY-1001 : End commit to database; 0.343219s wall, 0.125000s user + 0.000000s system = 0.125000s CPU (36.4%)

PHY-1001 : Current memory(MB): used = 596, reserve = 577, peak = 596.
PHY-1001 : End phase 3; 1.205953s wall, 0.390625s user + 0.000000s system = 0.390625s CPU (32.4%)

PHY-1003 : Routed, final wirelength = 547224
PHY-1001 : Current memory(MB): used = 597, reserve = 578, peak = 597.
PHY-1001 : End export database. 0.015496s wall, 0.015625s user + 0.000000s system = 0.015625s CPU (100.8%)

PHY-1001 : End detail routing;  10.281346s wall, 2.218750s user + 0.046875s system = 2.265625s CPU (22.0%)

RUN-1003 : finish command "route" in  11.219888s wall, 2.578125s user + 0.062500s system = 2.640625s CPU (23.5%)

RUN-1004 : used memory is 568 MB, reserved memory is 551 MB, peak memory is 597 MB
RUN-1002 : start command "report_area -io_info -file pic_sdram_phy.area"
RUN-1001 : standard
***Report Model: top Device: EG4S20BG256***

IO Statistics
#IO                        47
  #input                    6
  #output                  37
  #inout                    4

Utilization Statistics
#lut                     2763   out of  19600   14.10%
#reg                      844   out of  19600    4.31%
#le                      2861
  #lut only              2017   out of   2861   70.50%
  #reg only                98   out of   2861    3.43%
  #lut&reg                746   out of   2861   26.07%
#dsp                        0   out of     29    0.00%
#bram                       0   out of     64    0.00%
  #bram9k                   0
  #fifo9k                   0
#bram32k                    0   out of     16    0.00%
#pad                       47   out of    188   25.00%
  #ireg                     1
  #oreg                    40
  #treg                     1
#pll                        2   out of      4   50.00%
#gclk                       2   out of     16   12.50%

Clock Resource Statistics
Index     ClockNet                                          Type               DriverType         Driver                         Fanout
#1        sys_pll_m0/clk0_buf                               GCLK               pll                sys_pll_m0/pll_inst.clkc0      329
#2        frame_read_write_m0/frame_fifo_read_m0/mem_clk    GCLK               pll                sys_pll_m0/pll_inst.clkc1      264
#3        video_pll_m0/clk0_buf                             GCLK               pll                video_pll_m0/pll_inst.clkc0    82
#4        flash_write_read_m0/flash_cmd_m0/sys_clk          GCLK               pll                sys_pll_m0/pll_inst.clkc2      43
#5        clk_dup_1                                         GCLK               io                 clk_syn_2.di                   26


Detailed IO Report

       Name         Direction    Location    IOStandard    DriveStrength    PullType     PackReg   
       clk            INPUT         R7        LVCMOS33          N/A           NONE        NONE     
       key1           INPUT         B2        LVCMOS33          N/A           NONE        IREG     
       key2           INPUT         B1        LVCMOS33          N/A           NONE        NONE     
      rst_n           INPUT         A2        LVCMOS33          N/A           NONE        NONE     
     sd_miso          INPUT        B14        LVCMOS33          N/A           NONE        NONE     
     switch1          INPUT         C8        LVCMOS33          N/A           NONE        NONE     
    flash_cs_n       OUTPUT         P8        LVCMOS33           8            NONE        OREG     
    flash_sck        OUTPUT         M9        LVCMOS33           8            NONE        OREG     
     sd_dclk         OUTPUT        A14        LVCMOS33           8            NONE        OREG     
     sd_mosi         OUTPUT        A13        LVCMOS33           8            NONE        OREG     
      sd_ncs         OUTPUT        A12        LVCMOS33           8            NONE        OREG     
   seg_data[7]       OUTPUT         A6        LVCMOS33           8            NONE        NONE     
   seg_data[6]       OUTPUT         A7        LVCMOS33           8            NONE        OREG     
   seg_data[5]       OUTPUT         A8        LVCMOS33           8            NONE        OREG     
   seg_data[4]       OUTPUT         B5        LVCMOS33           8            NONE        OREG     
   seg_data[3]       OUTPUT         A5        LVCMOS33           8            NONE        OREG     
   seg_data[2]       OUTPUT         B6        LVCMOS33           8            NONE        OREG     
   seg_data[1]       OUTPUT        C16        LVCMOS33           8            NONE        OREG     
   seg_data[0]       OUTPUT        C15        LVCMOS33           8            NONE        OREG     
    seg_sel[5]       OUTPUT        D11        LVCMOS33           8            NONE        OREG     
    seg_sel[4]       OUTPUT        E11        LVCMOS33           8            NONE        OREG     
    seg_sel[3]       OUTPUT        F10        LVCMOS33           8            NONE        OREG     
    seg_sel[2]       OUTPUT        C13        LVCMOS33           8            NONE        OREG     
    seg_sel[1]       OUTPUT        E10        LVCMOS33           8            NONE        OREG     
    seg_sel[0]       OUTPUT        E12        LVCMOS33           8            NONE        OREG     
   vga_out_b[4]      OUTPUT         D5        LVCMOS33           8            NONE        OREG     
   vga_out_b[3]      OUTPUT         D6        LVCMOS33           8            NONE        OREG     
   vga_out_b[2]      OUTPUT         E6        LVCMOS33           8            NONE        OREG     
   vga_out_b[1]      OUTPUT         F6        LVCMOS33           8            NONE        OREG     
   vga_out_b[0]      OUTPUT        H16        LVCMOS25           8            N/A         OREG     
   vga_out_g[5]      OUTPUT         N6        LVCMOS33           8            NONE        OREG     
   vga_out_g[4]      OUTPUT         N5        LVCMOS33           8            NONE        OREG     
   vga_out_g[3]      OUTPUT         P5        LVCMOS33           8            NONE        OREG     
   vga_out_g[2]      OUTPUT         T5        LVCMOS33           8            NONE        OREG     
   vga_out_g[1]      OUTPUT        F14        LVCMOS25           8            N/A         OREG     
   vga_out_g[0]      OUTPUT         A4        LVCMOS33           8            N/A         OREG     
    vga_out_hs       OUTPUT         E7        LVCMOS33           8            NONE        OREG     
   vga_out_r[4]      OUTPUT        E13        LVCMOS33           8            NONE        OREG     
   vga_out_r[3]      OUTPUT         L8        LVCMOS33           8            NONE        OREG     
   vga_out_r[2]      OUTPUT         L7        LVCMOS33           8            NONE        OREG     
   vga_out_r[1]      OUTPUT         R5        LVCMOS33           8            NONE        OREG     
   vga_out_r[0]      OUTPUT         H5        LVCMOS33           8            N/A         OREG     
    vga_out_vs       OUTPUT         F7        LVCMOS33           8            NONE        OREG     
  flash_qspi_IO0      INOUT         P7        LVCMOS33           8            NONE      OREG;TREG  
  flash_qspi_IO1      INOUT         N8        LVCMOS33           8            NONE        OREG     
  flash_qspi_IO2      INOUT         P9        LVCMOS33           8            NONE        OREG     
  flash_qspi_IO3      INOUT         R9        LVCMOS33           8            NONE        OREG     
      dq[23]          INPUT        S31        LVCMOS25           8           PULLUP       NONE     
      dq[22]          INPUT        S32        LVCMOS25           8           PULLUP       NONE     
      dq[21]          INPUT        S35        LVCMOS25           8           PULLUP       NONE     
      dq[20]          INPUT        S36        LVCMOS25           8           PULLUP       NONE     
      dq[19]          INPUT        S37        LVCMOS25           8           PULLUP       NONE     
      dq[18]          INPUT        S38        LVCMOS25           8           PULLUP       NONE     
      dq[17]          INPUT        S41        LVCMOS25           8           PULLUP       NONE     
      dq[16]          INPUT        S42        LVCMOS25           8           PULLUP       NONE     
      dq[31]          INPUT        S48        LVCMOS25           8           PULLUP       NONE     
      dq[30]          INPUT        S49        LVCMOS25           8           PULLUP       NONE     
      dq[29]          INPUT        S52        LVCMOS25           8           PULLUP       NONE     
      dq[28]          INPUT        S53        LVCMOS25           8           PULLUP       NONE     
      dq[27]          INPUT        S54        LVCMOS25           8           PULLUP       NONE     
      dq[26]          INPUT        S55        LVCMOS25           8           PULLUP       NONE     
      dq[25]          INPUT        S58        LVCMOS25           8           PULLUP       NONE     
      dq[24]          INPUT        S59        LVCMOS25           8           PULLUP       NONE     
       dm0           OUTPUT        S14        LVCMOS25           8            NONE        NONE     
       cke           OUTPUT        S18        LVCMOS25           8            NONE        OREG     
       we_n          OUTPUT        S19        LVCMOS25           8            NONE        OREG     
      cas_n          OUTPUT        S20        LVCMOS25           8            NONE        OREG     
      ras_n          OUTPUT        S21        LVCMOS25           8            NONE        OREG     
       cs_n          OUTPUT        S22        LVCMOS25           8            NONE        OREG     
     addr[9]         OUTPUT        S23        LVCMOS25           8            NONE        OREG     
     addr[8]         OUTPUT        S24        LVCMOS25           8            NONE        OREG     
     addr[7]         OUTPUT        S25        LVCMOS25           8            NONE        OREG     
     addr[6]         OUTPUT        S26        LVCMOS25           8            NONE        OREG     
     addr[5]         OUTPUT        S27        LVCMOS25           8            NONE        OREG     
     addr[4]         OUTPUT        S28        LVCMOS25           8            NONE        OREG     
       dm2           OUTPUT        S29        LVCMOS25           8            NONE        NONE     
       dm3           OUTPUT        S61        LVCMOS25           8            NONE        NONE     
     addr[3]         OUTPUT        S64        LVCMOS25           8            NONE        OREG     
     addr[2]         OUTPUT        S65        LVCMOS25           8            NONE        OREG     
     addr[1]         OUTPUT        S66        LVCMOS25           8            NONE        OREG     
     addr[0]         OUTPUT        S67        LVCMOS25           8            NONE        OREG     
     addr[10]        OUTPUT        S68        LVCMOS25           8            NONE        OREG     
      ba[0]          OUTPUT        S69        LVCMOS25           8            NONE        OREG     
      ba[1]          OUTPUT        S70        LVCMOS25           8            NONE        OREG     
       clk           OUTPUT        S73        LVCMOS25           8            NONE        NONE     
       dm1           OUTPUT        S76        LVCMOS25           8            NONE        NONE     
      dq[0]           INOUT         S1        LVCMOS25           8           PULLUP       IREG     
      dq[6]           INOUT        S11        LVCMOS25           8           PULLUP       IREG     
      dq[7]           INOUT        S12        LVCMOS25           8           PULLUP       IREG     
      dq[1]           INOUT         S2        LVCMOS25           8           PULLUP       IREG     
      dq[2]           INOUT         S5        LVCMOS25           8           PULLUP       IREG     
      dq[3]           INOUT         S6        LVCMOS25           8           PULLUP       IREG     
      dq[4]           INOUT         S7        LVCMOS25           8           PULLUP       IREG     
      dq[8]           INOUT        S78        LVCMOS25           8           PULLUP       IREG     
      dq[9]           INOUT        S79        LVCMOS25           8           PULLUP       IREG     
      dq[5]           INOUT         S8        LVCMOS25           8           PULLUP       IREG     
      dq[10]          INOUT        S82        LVCMOS25           8           PULLUP       IREG     
      dq[11]          INOUT        S83        LVCMOS25           8           PULLUP       IREG     
      dq[12]          INOUT        S84        LVCMOS25           8           PULLUP       IREG     
      dq[13]          INOUT        S85        LVCMOS25           8           PULLUP       IREG     
      dq[14]          INOUT        S88        LVCMOS25           8           PULLUP       IREG     
      dq[15]          INOUT        S89        LVCMOS25           8           PULLUP       IREG     

Report Hierarchy Area:
+-------------------------------------------------------------------------------------------------------------------------------------+
|Instance                        |Module                                         |le     |lut     |ripple  |seq     |bram    |dsp     |
+-------------------------------------------------------------------------------------------------------------------------------------+
|top                             |top                                            |2861   |2517    |246     |886     |0       |0       |
|  flash_write_read_m0           |flash_write_read                               |118    |112     |6       |60      |0       |0       |
|    Qspi_master_m0              |Qspi_master                                    |43     |43      |0       |21      |0       |0       |
|    flash_cmd_m0                |flash_cmd                                      |75     |69      |6       |39      |0       |0       |
|      flash_step_m0             |flash_step                                     |61     |55      |6       |28      |0       |0       |
|  frame_read_write_m0           |frame_read_write                               |1454   |1349    |76      |279     |0       |0       |
|    frame_fifo_read_m0          |frame_fifo_read                                |64     |50      |13      |28      |0       |0       |
|    frame_fifo_write_m0         |frame_fifo_write                               |62     |49      |13      |27      |0       |0       |
|    read_buf                    |afifo_16_256                                   |664    |625     |25      |106     |0       |0       |
|      ram_inst                  |ram_infer_afifo_16_256                         |531    |531     |0       |26      |0       |0       |
|      rd_to_wr_cross_inst       |fifo_cross_domain_addr_process_al_afifo_16_256 |26     |18      |0       |26      |0       |0       |
|      wr_to_rd_cross_inst       |fifo_cross_domain_addr_process_al_afifo_16_256 |27     |23      |0       |27      |0       |0       |
|    write_buf                   |afifo_16_256                                   |664    |625     |25      |118     |0       |0       |
|      ram_inst                  |ram_infer_afifo_16_256                         |531    |531     |0       |39      |0       |0       |
|      rd_to_wr_cross_inst       |fifo_cross_domain_addr_process_al_afifo_16_256 |29     |16      |0       |29      |0       |0       |
|      wr_to_rd_cross_inst       |fifo_cross_domain_addr_process_al_afifo_16_256 |29     |29      |0       |29      |0       |0       |
|  sd_card_bmp_m0                |sd_card_bmp                                    |916    |771     |91      |379     |0       |0       |
|    ax_debounce_m0              |ax_debounce                                    |62     |53      |9       |34      |0       |0       |
|    bmp_read_m0                 |bmp_read                                       |285    |200     |55      |167     |0       |0       |
|    sd_card_top_m0              |sd_card_top                                    |569    |518     |27      |178     |0       |0       |
|      sd_card_cmd_m0            |sd_card_cmd                                    |333    |311     |22      |59      |0       |0       |
|      sd_card_sec_read_write_m0 |sd_card_sec_read_write                         |174    |150     |0       |83      |0       |0       |
|      spi_master_m0             |spi_master                                     |62     |57      |5       |36      |0       |0       |
|  sdram_m0                      |sdram                                          |0      |0       |0       |0       |0       |0       |
|  seg_scan_m0                   |seg_scan                                       |76     |54      |22      |21      |0       |0       |
|  sys_pll_m0                    |sys_pll                                        |0      |0       |0       |0       |0       |0       |
|  u_sdram_controller            |sdram_controller                               |235    |179     |43      |73      |0       |0       |
|    u_sdram_cmd                 |sdram_cmd                                      |34     |34      |0       |7       |0       |0       |
|    u_sdram_ctrl                |sdram_ctrl                                     |191    |139     |43      |56      |0       |0       |
|    u_sdram_data                |sdram_data                                     |10     |6       |0       |10      |0       |0       |
|  video_pll_m0                  |video_pll                                      |0      |0       |0       |0       |0       |0       |
|  video_timing_data_m0          |video_timing_data                              |62     |52      |8       |32      |0       |0       |
|    color_bar_m0                |color_bar                                      |44     |35      |8       |31      |0       |0       |
+-------------------------------------------------------------------------------------------------------------------------------------+


DataNet Average Fanout:

   Index     Fanout     Nets  
    #1          1       2499  
    #2          2       1180  
    #3          3       172   
    #4          4       152   
    #5        5-10      142   
    #6        11-50     143   
    #7       51-100      10   
    #8       101-500     9    
  Average     3.02            

RUN-1002 : start command "export_db pic_sdram_pr.db"
RUN-1001 : Exported /
RUN-1001 : Exported flow parameters
RUN-1001 : Exported libs
RUN-1001 : Exported entities
RUN-1001 : Exported ports
RUN-1001 : Exported pins
RUN-1001 : Exported instances
RUN-1001 : Exported nets
RUN-1001 : Exported buses
RUN-1001 : Exported models
RUN-1001 : Exported congestions
RUN-1001 : Exported violations
RUN-1001 : Exported timing constraints
RUN-1001 : Exported IO constraints
RUN-1001 : Exported Inst constraints
RUN-1002 : start command "start_timer"
TMR-2505 : Start building timing graph for model top.
TMR-2506 : Build timing graph completely. Port num: 22, tpin num: 14468, tnet num: 2951, tinst num: 1569, tnode num: 17365, tedge num: 24319.
TMR-2508 : Levelizing timing graph completed, there are 41 levels in total.
TMR-2501 : Timing graph initialized successfully.
RUN-1002 : start command "report_timing -mode FINAL -net_info -rpt_autogen true -file pic_sdram_phy.timing"
TMR-2503 : Start to update net delay, extr mode = 6.
TMR-2504 : Update delay of 2951 nets completely.
TMR-2502 : Annotate delay completely, extr mode = 6.
TMR-3001 : Initiate 5 clocks from SDC.
TMR-3004 : Map sdc constraints, there are 8 constraints in total.
TMR-3003 : Constraints initiated successfully.
TMR-3501 : Forward propagation: start to calculate arrival time...
TMR-3502 : Backward propagation: start to calculate required time...
TMR-3503 : Timing propagation completes.
TMR-3506 : Start to generate timing report.
TMR-1502 : Number of clock constraints = 5. Number of clock nets = 5 (0 unconstrainted).
TMR-3508 : Export timing summary.
TMR-3507 : Timing report generated successfully in pic_sdram_phy.timing, timing summary in pic_sdram_phy.tsm.
RUN-1002 : start command "export_bid pic_sdram_inst.bid"
RUN-1002 : start command "bitgen -bit pic_sdram.bit"
BIT-1003 : Start to generate bitstream. 
BIT-1002 : Init instances with 16 threads.
BIT-1002 : Init instances completely, inst num: 1569
BIT-1002 : Init pips with 16 threads.
BIT-1002 : Init pips completely, net num: 4361, pip num: 34078
BIT-1002 : Init feedthrough completely, num: 8
BIT-1003 : Multithreading accelaration with 16 threads.
BIT-1003 : Generate bitstream completely, there are 2141 valid insts, and 90342 bits set as '1'.
BIT-1004 : PLL setting string = 0110
BIT-1004 : Generate bits file pic_sdram.bit.
RUN-1003 : finish command "bitgen -bit pic_sdram.bit" in  3.725281s wall, 33.453125s user + 0.000000s system = 33.453125s CPU (898.0%)

RUN-1004 : used memory is 573 MB, reserved memory is 557 MB, peak memory is 754 MB
RUN-1002 : start command "backup_run_log run.log ../.logs/phy_1/td_20231213_102656.log"
