============================================================
   Tang Dynasty, V5.6.71036
      Copyright (c) 2012-2023 Anlogic Inc.
   Executable = D:/Program/Anlogic/TD5.6.2/bin/td.exe
   Built at =   20:34:38 Mar 21 2023
   Run by =     28408
   Run Date =   Tue Dec 12 19:08:07 2023

   Run on =     DESKTOP-T1B5OP5
============================================================
RUN-1002 : start command "open_project pic_sdram.prj"
RUN-1001 : Print Global Property
RUN-1001 : ---------------------------------------------------------------
RUN-1001 :        Parameters        |  Settings  |  Default Values  |  Note  
RUN-1001 : ---------------------------------------------------------------
RUN-1001 :          message         |  standard  |     standard     |        
RUN-1001 :   mixed_pack_place_flow  |     on     |        on        |        
RUN-1001 :        qor_monitor       |    off     |       off        |        
RUN-1001 :        syn_ip_flow       |    off     |       off        |        
RUN-1001 :          thread          |    auto    |       auto       |        
RUN-1001 : ---------------------------------------------------------------
RUN-1001 : Print Design Property
RUN-1001 : --------------------------------------------------------------
RUN-1001 :        Parameters       |  Settings  |  Default Values  |  Note  
RUN-1001 : --------------------------------------------------------------
RUN-1001 :   default_reg_initial   |    auto    |       auto       |        
RUN-1001 :        infer_add        |     on     |        on        |        
RUN-1001 :        infer_fsm        |    off     |       off        |        
RUN-1001 :        infer_mult       |     on     |        on        |        
RUN-1001 :        infer_ram        |     on     |        on        |        
RUN-1001 :        infer_reg        |     on     |        on        |        
RUN-1001 :   infer_reg_init_value  |     on     |        on        |        
RUN-1001 :        infer_rom        |     on     |        on        |        
RUN-1001 :      infer_shifter      |     on     |        on        |        
RUN-1001 : --------------------------------------------------------------
RUN-1001 : Print Rtl Property
RUN-1001 : --------------------------------------------------------------
RUN-1001 :        Parameters       |  Settings  |  Default Values  |  Note  
RUN-1001 : --------------------------------------------------------------
RUN-1001 :       compress_add      |   ripple   |      ripple      |        
RUN-1001 :        elf_sload        |    off     |       off        |        
RUN-1001 :       fix_undriven      |     0      |        0         |        
RUN-1001 :         flatten         |    off     |       off        |        
RUN-1001 :       gate_sharing      |     on     |        on        |        
RUN-1001 :    hdl_warning_level    |   normal   |      normal      |        
RUN-1001 :   impl_internal_tribuf  |     on     |        on        |        
RUN-1001 :      impl_set_reset     |     on     |        on        |        
RUN-1001 :        infer_gsr        |    off     |       off        |        
RUN-1001 :      keep_hierarchy     |    auto    |       auto       |        
RUN-1001 :        max_fanout       |    9999    |       9999       |        
RUN-1001 :      max_oh2bin_len     |     10     |        10        |        
RUN-1001 :       merge_equal       |     on     |        on        |        
RUN-1001 :       merge_equiv       |     on     |        on        |        
RUN-1001 :        merge_mux        |    off     |       off        |        
RUN-1001 :     min_control_set     |     8      |        8         |        
RUN-1001 :      min_ripple_len     |    auto    |       auto       |        
RUN-1001 :       oh2bin_ratio      |    0.08    |       0.08       |        
RUN-1001 :     opt_adder_fanout    |     on     |        on        |        
RUN-1001 :        opt_arith        |     on     |        on        |        
RUN-1001 :       opt_big_gate      |    off     |       off        |        
RUN-1001 :        opt_const        |     on     |        on        |        
RUN-1001 :      opt_const_mult     |     on     |        on        |        
RUN-1001 :       opt_lessthan      |     on     |        on        |        
RUN-1001 :         opt_mux         |    off     |       off        |        
RUN-1001 :         opt_ram         |    high    |       high       |        
RUN-1001 :      rtl_sim_model      |    off     |       off        |        
RUN-1001 :         seq_syn         |     on     |        on        |        
RUN-1001 : --------------------------------------------------------------
HDL-1007 : analyze verilog file ../../al_ip/sys_pll.v
HDL-1007 : undeclared symbol 'open', assumed default net type 'wire' in ../../al_ip/sys_pll.v(77)
HDL-1007 : analyze verilog file ../../al_ip/video_pll.v
HDL-1007 : undeclared symbol 'open', assumed default net type 'wire' in ../../al_ip/video_pll.v(63)
HDL-1007 : analyze verilog file ../../al_ip/afifo_16_256.v
HDL-1007 : analyze verilog file ../../al_ip/sdram.v
HDL-1007 : analyze verilog file ../../Qspi_master.v
HDL-1007 : analyze verilog file ../../flash_cmd.v
HDL-1007 : analyze verilog file ../../flash_reader.v
HDL-1007 : analyze verilog file ../../flash_step.v
HDL-1007 : analyze verilog file ../../flash_write_read.v
HDL-1007 : analyze verilog file ../../flash_writer.v
HDL-1007 : analyze verilog file ../../sys_state_ctrl.v
HDL-1007 : analyze verilog file ../../src/ax_debounce.v
HDL-1007 : analyze verilog file ../../src/bmp_read.v
HDL-1007 : analyze verilog file ../../src/color_bar.v
HDL-1007 : analyze included file ../../src/video_define.v in ../../src/color_bar.v(2)
HDL-1007 : back to file '../../src/color_bar.v' in ../../src/color_bar.v(2)
HDL-1007 : analyze verilog file ../../src/frame_fifo_read.v
HDL-1007 : undeclared symbol 'read_busy', assumed default net type 'wire' in ../../src/frame_fifo_read.v(55)
HDL-1007 : analyze verilog file ../../src/frame_fifo_write.v
HDL-1007 : undeclared symbol 'write_busy', assumed default net type 'wire' in ../../src/frame_fifo_write.v(53)
HDL-1007 : analyze verilog file ../../src/frame_read_write.v
HDL-1007 : analyze verilog file ../../src/sd_card/sd_card_cmd.v
HDL-1007 : analyze verilog file ../../src/sd_card/sd_card_sec_read_write.v
HDL-1007 : analyze verilog file ../../src/sd_card/sd_card_top.v
HDL-1007 : analyze verilog file ../../src/sd_card/spi_master.v
HDL-1007 : analyze verilog file ../../src/sd_card_bmp.v
HDL-1007 : analyze verilog file ../../src/sdram/sdram_core.v
HDL-1007 : analyze verilog file ../../src/seg_decoder.v
HDL-1007 : analyze verilog file ../../src/seg_scan.v
HDL-1007 : analyze verilog file ../../src/top.v
HDL-1007 : analyze verilog file ../../src/video_timing_data.v
RUN-1001 : Project manager successfully analyzed 28 source files.
RUN-1002 : start command "import_device eagle_s20.db -package EG4S20BG256"
ARC-1001 : Device Initialization.
ARC-1001 : ------------------------------------------------------------------
ARC-1001 :            OPTION            |          IO          |   SETTING   
ARC-1001 : ------------------------------------------------------------------
ARC-1001 :   cso_b/cclk/mosi/miso/dout  |  T3/R11/T10/P10/S11  |    gpio    
ARC-1001 :             done             |         P13          |    gpio    
ARC-1001 :           program_b          |          T2          |  dedicate  
ARC-1001 :        tdi/tms/tck/tdo       |   C12/A15/C14/E14    |  dedicate  
ARC-1001 : ------------------------------------------------------------------
ARC-1004 : Device setting, marked 5 dedicate IOs in total.
RUN-1002 : start command "import_db ../syn_1/pic_sdram_gate.db"
RUN-1001 : Importing database generated by Tang Dynasty, V5.6.71036.
RUN-1001 : Database version number 46146.
RUN-1001 : Import flow parameters
RUN-1001 : Import timing constraints
RUN-1001 : Import IO constraints
RUN-1001 : Import Inst constraints
RUN-1001 : Import design success TD_VERSION=5.6.71036 , DB_VERSION=46146
RUN-1002 : start command "read_sdc ../../top.sdc"
RUN-1002 : start command "get_ports clk"
RUN-1002 : start command "create_clock -name clk -period 20 -waveform 0 10 "
RUN-1102 : create_clock: clock name: clk, type: 0, period: 20000, rise: 0, fall: 10000.
RUN-1002 : start command "get_ports clk"
RUN-1002 : start command "get_pins sys_pll_m0/pll_inst.clkc[0]"
RUN-1002 : start command "create_generated_clock -name sd_card_clk -source  -master_clock clk -phase 0 -multiply_by 2 "
RUN-1002 : start command "get_ports clk"
RUN-1002 : start command "get_pins sys_pll_m0/pll_inst.clkc[1]"
RUN-1002 : start command "create_generated_clock -name ext_mem_clk -source  -master_clock clk -phase 0 -multiply_by 2 "
RUN-1002 : start command "get_ports clk"
RUN-1002 : start command "get_pins sys_pll_m0/pll_inst.clkc[2]"
RUN-1002 : start command "create_generated_clock -name flash_sys_clk -source  -master_clock clk -phase 0 -multiply_by 2 "
RUN-1002 : start command "get_ports clk"
RUN-1002 : start command "get_pins video_pll_m0/pll_inst.clkc[0]"
RUN-1002 : start command "create_generated_clock -name video_clk -source  -master_clock clk -phase 0 -multiply_by 2 "
RUN-1002 : start command "read_sdc -ip afifo_16_256 ../../al_ip/afifo_16_256.tcl"
RUN-1002 : start command "get_ports clkw"
RUN-1002 : start command "get_nets  clkw  "
RUN-1002 : start command "get_clocks -nowarn -of nets 20671677595648"
RUN-1002 : start command "get_ports clkr"
RUN-1002 : start command "get_nets  clkr  "
RUN-1002 : start command "get_clocks -nowarn -of nets 24769076396032"
RUN-1002 : start command "get_property -nowarn -max PERIOD "
RUN-1002 : start command "get_property -nowarn -max PERIOD "
RUN-1002 : start command "get_regs rd_to_wr_cross_inst/primary_addr_gray_reg[*]"
RUN-1002 : start command "get_regs rd_to_wr_cross_inst/sync_r1[*]"
RUN-1002 : start command "set_max_delay -from  -to  9.6999999999999993 -datapath_only"
RUN-1002 : start command "get_regs rd_to_wr_cross_inst/primary_addr_gray_reg[*]"
RUN-1002 : start command "get_regs rd_to_wr_cross_inst/sync_r1[*]"
RUN-1002 : start command "set_false_path -from  -to  -hold 9.6999999999999993"
USR-1002 : set_false_path -help -setup -hold -from <list> -rise_from <list> -fall_from <list> -to <list> -rise_to <list> -fall_to <list> -through <list>
RUN-1002 : start command "get_regs wr_to_rd_cross_inst/primary_addr_gray_reg[*]"
RUN-1002 : start command "get_regs wr_to_rd_cross_inst/sync_r1[*]"
RUN-1002 : start command "set_max_delay -from  -to  9.6999999999999993 -datapath_only"
RUN-1002 : start command "get_regs wr_to_rd_cross_inst/primary_addr_gray_reg[*]"
RUN-1002 : start command "get_regs wr_to_rd_cross_inst/sync_r1[*]"
RUN-1002 : start command "set_false_path -from  -to  -hold 9.6999999999999993"
USR-1002 : set_false_path -help -setup -hold -from <list> -rise_from <list> -fall_from <list> -to <list> -rise_to <list> -fall_to <list> -through <list>
RUN-1002 : start command "get_ports clkw"
RUN-1002 : start command "get_nets  clkw  "
RUN-1002 : start command "get_clocks -nowarn -of nets 30743375904768"
RUN-1002 : start command "get_ports clkr"
RUN-1002 : start command "get_nets  clkr  "
RUN-1002 : start command "get_clocks -nowarn -of nets 20671677595648"
RUN-1002 : start command "get_property -nowarn -max PERIOD "
RUN-1002 : start command "get_property -nowarn -max PERIOD "
RUN-1002 : start command "get_regs rd_to_wr_cross_inst/primary_addr_gray_reg[*]"
RUN-1002 : start command "get_regs rd_to_wr_cross_inst/sync_r1[*]"
RUN-1002 : start command "set_max_delay -from  -to  9.6999999999999993 -datapath_only"
RUN-1002 : start command "get_regs rd_to_wr_cross_inst/primary_addr_gray_reg[*]"
RUN-1002 : start command "get_regs rd_to_wr_cross_inst/sync_r1[*]"
RUN-1002 : start command "set_false_path -from  -to  -hold 9.6999999999999993"
USR-1002 : set_false_path -help -setup -hold -from <list> -rise_from <list> -fall_from <list> -to <list> -rise_to <list> -fall_to <list> -through <list>
RUN-1002 : start command "get_regs wr_to_rd_cross_inst/primary_addr_gray_reg[*]"
RUN-1002 : start command "get_regs wr_to_rd_cross_inst/sync_r1[*]"
RUN-1002 : start command "set_max_delay -from  -to  9.6999999999999993 -datapath_only"
RUN-1002 : start command "get_regs wr_to_rd_cross_inst/primary_addr_gray_reg[*]"
RUN-1002 : start command "get_regs wr_to_rd_cross_inst/sync_r1[*]"
RUN-1002 : start command "set_false_path -from  -to  -hold 9.6999999999999993"
USR-1002 : set_false_path -help -setup -hold -from <list> -rise_from <list> -fall_from <list> -to <list> -rise_to <list> -fall_to <list> -through <list>
RUN-1002 : start command "place"
RUN-1001 : Open license file D:/Program/Anlogic/TD5.6.2/license/Anlogic.lic
RUN-1001 : Print Global Property
RUN-1001 : ---------------------------------------------------------------
RUN-1001 :        Parameters        |  Settings  |  Default Values  |  Note  
RUN-1001 : ---------------------------------------------------------------
RUN-1001 :          message         |  standard  |     standard     |        
RUN-1001 :   mixed_pack_place_flow  |     on     |        on        |        
RUN-1001 :        qor_monitor       |    off     |       off        |        
RUN-1001 :        syn_ip_flow       |    off     |       off        |        
RUN-1001 :          thread          |    auto    |       auto       |        
RUN-1001 : ---------------------------------------------------------------
RUN-1001 : Print Place Property
RUN-1001 : --------------------------------------------------------------
RUN-1001 :        Parameters       |  Settings  |  Default Values  |  Note  
RUN-1001 : --------------------------------------------------------------
RUN-1001 :      detailed_place     |     on     |        on        |        
RUN-1001 :          effort         |   medium   |      medium      |        
RUN-1001 :         fix_hold        |    off     |       off        |        
RUN-1001 :       legalization      |    ori     |       ori        |        
RUN-1001 :      new_spreading      |     on     |        on        |        
RUN-1001 :        opt_timing       |   medium   |      medium      |        
RUN-1001 :   post_clock_route_opt  |    off     |       off        |        
RUN-1001 :       pr_strategy       |     1      |        1         |        
RUN-1001 :        relaxation       |    1.00    |       1.00       |        
RUN-1001 :         retiming        |    off     |       off        |        
RUN-1001 : --------------------------------------------------------------
PHY-3001 : Placer runs in 16 thread(s).
RUN-1002 : start command "legalize_phy_inst"
SYN-1011 : Flatten model top
RUN-1002 : start command "phys_opt -simplify_lut"
SYN-4016 : Net frame_read_write_m0/write_buf/clkw driven by BUFG (425 clock/control pins, 1 other pins).
SYN-4016 : Net frame_read_write_m0/read_buf/clkr driven by BUFG (94 clock/control pins, 1 other pins).
SYN-4027 : Net frame_read_write_m0/frame_fifo_read_m0/mem_clk is clkc1 of pll sys_pll_m0/pll_inst.
SYN-4027 : Net flash_write_read_m0/flash_cmd_m0/sys_clk is clkc2 of pll sys_pll_m0/pll_inst.
SYN-4019 : Net clk_dup_1 is refclk of pll sys_pll_m0/pll_inst.
SYN-4020 : Net clk_dup_1 is fbclk of pll sys_pll_m0/pll_inst.
SYN-4019 : Net clk_dup_1 is refclk of pll video_pll_m0/pll_inst.
SYN-4020 : Net clk_dup_1 is fbclk of pll video_pll_m0/pll_inst.
SYN-4025 : Tag rtl::Net clk_dup_1 as clock net
SYN-4025 : Tag rtl::Net flash_write_read_m0/flash_cmd_m0/sys_clk as clock net
SYN-4025 : Tag rtl::Net frame_read_write_m0/frame_fifo_read_m0/mem_clk as clock net
SYN-4025 : Tag rtl::Net frame_read_write_m0/read_buf/clkr as clock net
SYN-4025 : Tag rtl::Net frame_read_write_m0/write_buf/clkw as clock net
SYN-4026 : Tagged 5 rtl::Net as clock net
PHY-1001 : Populate physical database on model top.
RUN-1001 : There are total 2306 instances
RUN-0007 : 1149 luts, 790 seqs, 166 mslices, 90 lslices, 102 pads, 2 brams, 0 dsps
RUN-1001 : There are total 2664 nets
RUN-1001 : 1787 nets have 2 pins
RUN-1001 : 619 nets have [3 - 5] pins
RUN-1001 : 154 nets have [6 - 10] pins
RUN-1001 : 55 nets have [11 - 20] pins
RUN-1001 : 44 nets have [21 - 99] pins
RUN-1001 : 5 nets have 100+ pins
RUN-1001 : Report Control nets information:
RUN-1001 : DFF Distribution
RUN-1001 : ----------------------------------
RUN-1001 :   CE   |  SSR  |  ASR  |  DFF Count  
RUN-1001 : ----------------------------------
RUN-1001 :   No   |  No   |  No   |      1      
RUN-1001 :   No   |  No   |  Yes  |     500     
RUN-1001 :   No   |  Yes  |  No   |      0      
RUN-1001 :   Yes  |  No   |  No   |     16      
RUN-1001 :   Yes  |  No   |  Yes  |     273     
RUN-1001 :   Yes  |  Yes  |  No   |      0      
RUN-1001 : ----------------------------------
RUN-0007 : Control Group Statistic
RUN-0007 : ---------------------------
RUN-0007 :   #CLK  |  #CE  |  #SSR/ASR  
RUN-0007 : ---------------------------
RUN-0007 :    5    |  23   |     8      
RUN-0007 : ---------------------------
RUN-0007 : Control Set = 36
PHY-3001 : Initial placement ...
PHY-3001 : design contains 2304 instances, 1149 luts, 790 seqs, 256 slices, 41 macros(256 instances: 166 mslices 90 lslices)
PHY-0007 : Cell area utilization is 8%
PHY-3001 : Start timing update ...
RUN-1002 : start command "start_timer -report"
TMR-2505 : Start building timing graph for model top.
TMR-2506 : Build timing graph completely. Port num: 22, tpin num: 10782, tnet num: 2662, tinst num: 2304, tnode num: 13658, tedge num: 17348.
TMR-2508 : Levelizing timing graph completed, there are 43 levels in total.
TMR-2501 : Timing graph initialized successfully.
TMR-2503 : Start to update net delay, extr mode = 2.
TMR-2504 : Update delay of 2662 nets completely.
TMR-2502 : Annotate delay completely, extr mode = 2.
TMR-3001 : Initiate 5 clocks from SDC.
TMR-3004 : Map sdc constraints, there are 8 constraints in total.
TMR-3003 : Constraints initiated successfully.
TMR-3501 : Forward propagation: start to calculate arrival time...
TMR-3502 : Backward propagation: start to calculate required time...
TMR-3503 : Timing propagation completes.
PHY-3001 : End timing update;  0.448688s wall, 0.125000s user + 0.000000s system = 0.125000s CPU (27.9%)

PHY-3001 : Global placement ...
PHY-3001 : Initial: Len = 601908
PHY-3001 : Clustering ...
PHY-3001 : Level 0 #clusters 2304.
PHY-3001 : End clustering;  0.000013s wall, 0.000000s user + 0.000000s system = 0.000000s CPU (n/a%)

PHY-3001 : Run with size of 4
PHY-3001 : Cell area utilization is 8%
PHY-3001 : :::0::: Try harder cell spreading with beta_ = 0
PHY-3002 : Step(1): len = 498768, overlap = 2.25
PHY-3002 : Step(2): len = 424632, overlap = 2.25
PHY-3002 : Step(3): len = 374305, overlap = 0
PHY-3002 : Step(4): len = 334556, overlap = 4.5
PHY-3002 : Step(5): len = 299620, overlap = 2.25
PHY-3002 : Step(6): len = 268386, overlap = 2.4375
PHY-3002 : Step(7): len = 236987, overlap = 3.375
PHY-3002 : Step(8): len = 209821, overlap = 5.09375
PHY-3002 : Step(9): len = 188142, overlap = 5.125
PHY-3002 : Step(10): len = 162992, overlap = 3
PHY-3002 : Step(11): len = 142328, overlap = 3.1875
PHY-3002 : Step(12): len = 133439, overlap = 6.09375
PHY-3002 : Step(13): len = 116673, overlap = 9.84375
PHY-3002 : Step(14): len = 109824, overlap = 9.75
PHY-3002 : Step(15): len = 103255, overlap = 14.4688
PHY-3002 : Step(16): len = 96717.1, overlap = 12.3125
PHY-3002 : Step(17): len = 91062.9, overlap = 11.25
PHY-3002 : Step(18): len = 87699, overlap = 14.6875
PHY-3001 : :::1::: Try harder cell spreading with beta_ = 0.000591157
PHY-3002 : Step(19): len = 86130.9, overlap = 12.4688
PHY-3002 : Step(20): len = 84776.2, overlap = 17.2188
PHY-3002 : Step(21): len = 81834.8, overlap = 16.8438
PHY-3002 : Step(22): len = 80437.7, overlap = 16.7188
PHY-3002 : Step(23): len = 77905.8, overlap = 15.1562
PHY-3002 : Step(24): len = 76560.2, overlap = 14.8438
PHY-3002 : Step(25): len = 75916.5, overlap = 12.125
PHY-3002 : Step(26): len = 74265.8, overlap = 12.0938
PHY-3002 : Step(27): len = 72889.8, overlap = 10.4062
PHY-3002 : Step(28): len = 72095.6, overlap = 10.3438
PHY-3002 : Step(29): len = 71627.6, overlap = 11.8438
PHY-3002 : Step(30): len = 70550.5, overlap = 12.5312
PHY-3002 : Step(31): len = 70112.9, overlap = 10.0938
PHY-3002 : Step(32): len = 68575.9, overlap = 13.6562
PHY-3002 : Step(33): len = 68120.3, overlap = 14.4375
PHY-3002 : Step(34): len = 67789.6, overlap = 15.2812
PHY-3001 : :::2::: Try harder cell spreading with beta_ = 0.00118231
PHY-3002 : Step(35): len = 67656.3, overlap = 14.1875
PHY-3002 : Step(36): len = 67479, overlap = 11.6562
PHY-3001 : :::3::: Try harder cell spreading with beta_ = 0.00236463
PHY-3002 : Step(37): len = 67110.3, overlap = 13.5938
PHY-3002 : Step(38): len = 67015.4, overlap = 13.3438
PHY-3001 : Legalization ...
PHY-3001 : End legalization;  0.005506s wall, 0.000000s user + 0.000000s system = 0.000000s CPU (n/a%)

PHY-3001 : Run with size of 4
PHY-3001 : Cell area utilization is 10%
PHY-3001 : Update timing in Manhattan mode ...
TMR-2503 : Start to update net delay, extr mode = 3.
TMR-2504 : Update delay of 2662 nets completely.
TMR-2502 : Annotate delay completely, extr mode = 3.
TMR-3501 : Forward propagation: start to calculate arrival time...
TMR-3502 : Backward propagation: start to calculate required time...
TMR-3503 : Timing propagation completes.
PHY-3001 : End timing update;  0.053710s wall, 0.015625s user + 0.000000s system = 0.015625s CPU (29.1%)

PHY-3001 : :::0::: Try harder cell spreading with beta_ = 1.42221e-05
PHY-3002 : Step(39): len = 70645.8, overlap = 30.4062
PHY-3002 : Step(40): len = 74379.8, overlap = 31.0938
PHY-3002 : Step(41): len = 71387.8, overlap = 32.5312
PHY-3002 : Step(42): len = 70449.7, overlap = 32.75
PHY-3002 : Step(43): len = 70255.1, overlap = 33.6875
PHY-3002 : Step(44): len = 69079.1, overlap = 35.4688
PHY-3002 : Step(45): len = 69421.6, overlap = 35.4375
PHY-3002 : Step(46): len = 68553.2, overlap = 36.125
PHY-3002 : Step(47): len = 68429.6, overlap = 36.7812
PHY-3002 : Step(48): len = 68305.7, overlap = 35.8438
PHY-3002 : Step(49): len = 67919.1, overlap = 33.6562
PHY-3002 : Step(50): len = 67648.1, overlap = 34.5
PHY-3002 : Step(51): len = 67423.2, overlap = 36.125
PHY-3002 : Step(52): len = 66891.7, overlap = 37.7188
PHY-3002 : Step(53): len = 66507.9, overlap = 39.0625
PHY-3002 : Step(54): len = 65990.6, overlap = 41.5625
PHY-3002 : Step(55): len = 65639.4, overlap = 43.1562
PHY-3002 : Step(56): len = 65369.3, overlap = 42.875
PHY-3002 : Step(57): len = 64628.2, overlap = 42.375
PHY-3002 : Step(58): len = 64379.7, overlap = 39.5625
PHY-3002 : Step(59): len = 63664.1, overlap = 35.9375
PHY-3002 : Step(60): len = 62977.8, overlap = 34.9688
PHY-3002 : Step(61): len = 62022.1, overlap = 31.1562
PHY-3002 : Step(62): len = 61198, overlap = 30.625
PHY-3002 : Step(63): len = 60116.3, overlap = 32.2188
PHY-3002 : Step(64): len = 59430.6, overlap = 32.9375
PHY-3002 : Step(65): len = 58632.1, overlap = 31.125
PHY-3002 : Step(66): len = 57673.8, overlap = 33.9688
PHY-3002 : Step(67): len = 56876.7, overlap = 35.8125
PHY-3002 : Step(68): len = 56404.3, overlap = 36.1562
PHY-3002 : Step(69): len = 56104, overlap = 33.9375
PHY-3002 : Step(70): len = 55511.1, overlap = 34.3438
PHY-3002 : Step(71): len = 55423.5, overlap = 33.1562
PHY-3002 : Step(72): len = 55107.6, overlap = 35.2812
PHY-3001 : :::1::: Try harder cell spreading with beta_ = 2.84442e-05
PHY-3002 : Step(73): len = 54865.4, overlap = 32.375
PHY-3002 : Step(74): len = 54865.4, overlap = 32.375
PHY-3001 : :::2::: Try harder cell spreading with beta_ = 5.68884e-05
PHY-3002 : Step(75): len = 55031.1, overlap = 31.1562
PHY-3002 : Step(76): len = 55031.1, overlap = 31.1562
PHY-3001 : Run with size of 2
PHY-3001 : Cell area utilization is 10%
PHY-3001 : Update timing in Manhattan mode ...
TMR-2503 : Start to update net delay, extr mode = 3.
TMR-2504 : Update delay of 2662 nets completely.
TMR-2502 : Annotate delay completely, extr mode = 3.
TMR-3501 : Forward propagation: start to calculate arrival time...
TMR-3502 : Backward propagation: start to calculate required time...
TMR-3503 : Timing propagation completes.
PHY-3001 : End timing update;  0.061798s wall, 0.046875s user + 0.000000s system = 0.046875s CPU (75.9%)

PHY-3001 : :::0::: Try harder cell spreading with beta_ = 3.48565e-05
PHY-3002 : Step(77): len = 55668, overlap = 105.625
PHY-3002 : Step(78): len = 56192.3, overlap = 105.781
PHY-3002 : Step(79): len = 56751.8, overlap = 103.281
PHY-3002 : Step(80): len = 57569.2, overlap = 101.094
PHY-3002 : Step(81): len = 59538, overlap = 97.0625
PHY-3002 : Step(82): len = 59013.1, overlap = 97.625
PHY-3002 : Step(83): len = 58936.8, overlap = 97.6562
PHY-3001 : :::1::: Try harder cell spreading with beta_ = 6.97131e-05
PHY-3002 : Step(84): len = 58963.6, overlap = 98.125
PHY-3002 : Step(85): len = 59102.1, overlap = 97.4688
PHY-3001 : :::2::: Try harder cell spreading with beta_ = 0.000127139
PHY-3002 : Step(86): len = 60451.2, overlap = 94.2812
PHY-3002 : Step(87): len = 61894.8, overlap = 92.125
PHY-3002 : Step(88): len = 63841.9, overlap = 85.125
PHY-3002 : Step(89): len = 65393.2, overlap = 67.375
PHY-3002 : Step(90): len = 65869.2, overlap = 64.5312
PHY-3002 : Step(91): len = 64945.2, overlap = 61.25
PHY-3001 : :::3::: Try harder cell spreading with beta_ = 0.000254277
PHY-3002 : Step(92): len = 64876.1, overlap = 60.75
PHY-3002 : Step(93): len = 64922.2, overlap = 61.4375
PHY-3001 : :::4::: Try harder cell spreading with beta_ = 0.000501809
PHY-3002 : Step(94): len = 66290.6, overlap = 55.6562
PHY-3002 : Step(95): len = 67447.2, overlap = 51.7812
PHY-3002 : Step(96): len = 67548.9, overlap = 50.2812
PHY-3001 : :::5::: Try harder cell spreading with beta_ = 0.00100362
PHY-3002 : Step(97): len = 68188.8, overlap = 42.0938
PHY-3002 : Step(98): len = 68562, overlap = 40.7812
PHY-3002 : Step(99): len = 68721, overlap = 39.5938
PHY-3002 : Step(100): len = 68590.3, overlap = 36.4375
PHY-3002 : Step(101): len = 68128.4, overlap = 35.3125
OPT-1001 : Start physical optimization ...
RUN-1002 : start command "start_timer -report"
TMR-2505 : Start building timing graph for model top.
TMR-2506 : Build timing graph completely. Port num: 22, tpin num: 10782, tnet num: 2662, tinst num: 2304, tnode num: 13658, tedge num: 17348.
TMR-2508 : Levelizing timing graph completed, there are 43 levels in total.
TMR-2501 : Timing graph initialized successfully.
OPT-1001 : Total overflow 103.25 peak overflow 2.81
OPT-1001 : Start high-fanout net optimization ...
OPT-1001 : Update timing in global mode
PHY-1001 : Start incremental global routing, caller is place ...
RUN-1001 : Generating global routing grids ...
RUN-1001 : Building simple global routing graph ...
PHY-1001 : Generate routing nets ...
PHY-1001 : Reuse net number 0/2664.
PHY-1001 : Global iterations in 16 thread ...
PHY-1002 : len = 77536, over cnt = 291(0%), over = 976, worst = 14
PHY-1001 : End global iterations;  0.107023s wall, 0.062500s user + 0.015625s system = 0.078125s CPU (73.0%)

PHY-1001 : Congestion index: top1 = 38.04, top5 = 25.77, top10 = 18.99, top15 = 14.54.
PHY-1001 : End incremental global routing;  0.150483s wall, 0.062500s user + 0.015625s system = 0.078125s CPU (51.9%)

TMR-2503 : Start to update net delay, extr mode = 5.
TMR-2504 : Update delay of 2662 nets completely.
TMR-2502 : Annotate delay completely, extr mode = 5.
TMR-3001 : Initiate 5 clocks from SDC.
TMR-3004 : Map sdc constraints, there are 8 constraints in total.
TMR-3003 : Constraints initiated successfully.
TMR-3501 : Forward propagation: start to calculate arrival time...
TMR-3502 : Backward propagation: start to calculate required time...
TMR-3503 : Timing propagation completes.
OPT-1001 : End timing update;  0.060599s wall, 0.062500s user + 0.000000s system = 0.062500s CPU (103.1%)

OPT-1001 : 0 high-fanout net processed.
OPT-1001 : End high-fanout net optimization;  0.244183s wall, 0.140625s user + 0.015625s system = 0.156250s CPU (64.0%)

OPT-1001 : Current memory(MB): used = 215, reserve = 186, peak = 215.
OPT-1001 : Start global optimization ...
OPT-1001 : Start congestion update ...
RUN-1001 : Generating global routing grids ...
PHY-1001 : Generate routing nets ...
PHY-1001 : Reuse net number 1866/2664.
PHY-1001 : Global iterations in 16 thread ...
PHY-1002 : len = 77536, over cnt = 291(0%), over = 976, worst = 14
PHY-1002 : len = 82464, over cnt = 182(0%), over = 499, worst = 14
PHY-1002 : len = 87088, over cnt = 78(0%), over = 150, worst = 6
PHY-1002 : len = 88704, over cnt = 8(0%), over = 9, worst = 2
PHY-1002 : len = 88880, over cnt = 0(0%), over = 0, worst = 0
PHY-1001 : End global iterations;  0.082242s wall, 0.031250s user + 0.000000s system = 0.031250s CPU (38.0%)

PHY-1001 : Congestion index: top1 = 33.23, top5 = 25.13, top10 = 19.97, top15 = 15.80.
OPT-1001 : End congestion update;  0.124492s wall, 0.031250s user + 0.000000s system = 0.031250s CPU (25.1%)

OPT-1001 : Update timing in Manhattan mode
TMR-2503 : Start to update net delay, extr mode = 3.
TMR-2504 : Update delay of 2662 nets completely.
TMR-2502 : Annotate delay completely, extr mode = 3.
TMR-3501 : Forward propagation: start to calculate arrival time...
TMR-3502 : Backward propagation: start to calculate required time...
TMR-3503 : Timing propagation completes.
OPT-1001 : End timing update;  0.051448s wall, 0.015625s user + 0.000000s system = 0.015625s CPU (30.4%)

OPT-0007 : Start: WNS 3336 TNS 0 NUM_FEPS 0
OPT-1001 : End global optimization;  0.176154s wall, 0.046875s user + 0.000000s system = 0.046875s CPU (26.6%)

OPT-1001 : Current memory(MB): used = 219, reserve = 191, peak = 219.
OPT-1001 : End physical optimization;  0.872305s wall, 0.390625s user + 0.015625s system = 0.406250s CPU (46.6%)

PHY-3001 : Start packing ...
SYN-4007 : Packing 0 MUX to BLE ...
SYN-4008 : Packed 0 MUX and 0 SEQ to BLE.
SYN-4007 : Packing 1149 LUT to BLE ...
SYN-4008 : Packed 1149 LUT and 538 SEQ to BLE.
SYN-4003 : Packing 252 remaining SEQ's ...
SYN-4005 : Packed 134 SEQ with LUT/SLICE
SYN-4006 : 496 single LUT's are left
SYN-4006 : 118 single SEQ's are left
SYN-4011 : Packing model "top" (AL_USER_NORMAL) with 1267/1762 primitive instances ...
PHY-3001 : End packing;  0.063952s wall, 0.031250s user + 0.000000s system = 0.031250s CPU (48.9%)

PHY-1001 : Populate physical database on model top.
RUN-1001 : There are total 1053 instances
RUN-1001 : 471 mslices, 471 lslices, 102 pads, 2 brams, 0 dsps
RUN-1001 : There are total 2181 nets
RUN-1001 : 1330 nets have 2 pins
RUN-1001 : 591 nets have [3 - 5] pins
RUN-1001 : 155 nets have [6 - 10] pins
RUN-1001 : 54 nets have [11 - 20] pins
RUN-1001 : 46 nets have [21 - 99] pins
RUN-1001 : 5 nets have 100+ pins
PHY-3001 : design contains 1051 instances, 942 slices, 41 macros(256 instances: 166 mslices 90 lslices)
PHY-3001 : Cell area utilization is 12%
PHY-3001 : After packing: Len = 66909.4, Over = 54.5
PHY-3001 : Run with size of 2
PHY-3001 : Cell area utilization is 12%
PHY-3001 : Update timing in Manhattan mode ...
RUN-1002 : start command "start_timer -report"
TMR-2505 : Start building timing graph for model top.
TMR-2506 : Build timing graph completely. Port num: 22, tpin num: 9195, tnet num: 2179, tinst num: 1051, tnode num: 11345, tedge num: 15609.
TMR-2508 : Levelizing timing graph completed, there are 41 levels in total.
TMR-2501 : Timing graph initialized successfully.
TMR-2503 : Start to update net delay, extr mode = 3.
TMR-2504 : Update delay of 2179 nets completely.
TMR-2502 : Annotate delay completely, extr mode = 3.
TMR-3001 : Initiate 5 clocks from SDC.
TMR-3004 : Map sdc constraints, there are 8 constraints in total.
TMR-3003 : Constraints initiated successfully.
TMR-3501 : Forward propagation: start to calculate arrival time...
TMR-3502 : Backward propagation: start to calculate required time...
TMR-3503 : Timing propagation completes.
PHY-3001 : End timing update;  0.493928s wall, 0.156250s user + 0.000000s system = 0.156250s CPU (31.6%)

PHY-3001 : :::0::: Try harder cell spreading with beta_ = 0.000111247
PHY-3002 : Step(102): len = 65555.8, overlap = 53
PHY-3002 : Step(103): len = 65189, overlap = 59.5
PHY-3002 : Step(104): len = 64932.3, overlap = 62.5
PHY-3002 : Step(105): len = 65184.9, overlap = 64
PHY-3002 : Step(106): len = 65162.8, overlap = 65.5
PHY-3002 : Step(107): len = 64817.8, overlap = 63.5
PHY-3002 : Step(108): len = 64772.4, overlap = 63
PHY-3001 : :::1::: Try harder cell spreading with beta_ = 0.000222494
PHY-3002 : Step(109): len = 65660.8, overlap = 60
PHY-3002 : Step(110): len = 66206.3, overlap = 60.5
PHY-3002 : Step(111): len = 66503, overlap = 58.75
PHY-3001 : :::2::: Try harder cell spreading with beta_ = 0.000444987
PHY-3002 : Step(112): len = 67175.1, overlap = 58
PHY-3002 : Step(113): len = 67654.9, overlap = 56.75
PHY-3001 : Legalization ...
PHY-3001 : End legalization;  0.095669s wall, 0.000000s user + 0.046875s system = 0.046875s CPU (49.0%)

PHY-3001 : Trial Legalized: Len = 83620.8
PHY-3001 : Run with size of 2
PHY-3001 : Cell area utilization is 12%
PHY-3001 : Update timing in Manhattan mode ...
TMR-2503 : Start to update net delay, extr mode = 3.
TMR-2504 : Update delay of 2179 nets completely.
TMR-2502 : Annotate delay completely, extr mode = 3.
TMR-3501 : Forward propagation: start to calculate arrival time...
TMR-3502 : Backward propagation: start to calculate required time...
TMR-3503 : Timing propagation completes.
PHY-3001 : End timing update;  0.050313s wall, 0.000000s user + 0.000000s system = 0.000000s CPU (n/a%)

PHY-3001 : :::0::: Try harder cell spreading with beta_ = 0.00118379
PHY-3002 : Step(114): len = 78519.8, overlap = 6.75
PHY-3002 : Step(115): len = 76447.5, overlap = 11.25
PHY-3002 : Step(116): len = 73969, overlap = 18
PHY-3002 : Step(117): len = 72631.2, overlap = 22
PHY-3002 : Step(118): len = 71837.5, overlap = 24.5
PHY-3002 : Step(119): len = 70649.9, overlap = 26.5
PHY-3002 : Step(120): len = 70019.8, overlap = 28.75
PHY-3002 : Step(121): len = 69605, overlap = 31.5
PHY-3001 : :::1::: Try harder cell spreading with beta_ = 0.00231948
PHY-3002 : Step(122): len = 69750.5, overlap = 31
PHY-3002 : Step(123): len = 69784.5, overlap = 31.25
PHY-3002 : Step(124): len = 69768.7, overlap = 32
PHY-3001 : :::2::: Try harder cell spreading with beta_ = 0.00463895
PHY-3002 : Step(125): len = 69828.7, overlap = 30.75
PHY-3002 : Step(126): len = 69870.1, overlap = 32
PHY-3001 : Legalization ...
PHY-3001 : End legalization;  0.004553s wall, 0.000000s user + 0.000000s system = 0.000000s CPU (n/a%)

PHY-3001 : Legalized: Len = 78264.8, Over = 0
PHY-3001 : Spreading special nets. 31 overflows in 2952 tiles.
PHY-3001 : End spreading;  0.005593s wall, 0.000000s user + 0.000000s system = 0.000000s CPU (n/a%)

PHY-3001 : 44 instances has been re-located, deltaX = 19, deltaY = 23, maxDist = 2.
PHY-3001 : Final: Len = 78704.8, Over = 0
OPT-1001 : Start physical optimization ...
RUN-1002 : start command "start_timer -report"
TMR-2505 : Start building timing graph for model top.
TMR-2506 : Build timing graph completely. Port num: 22, tpin num: 9195, tnet num: 2179, tinst num: 1051, tnode num: 11345, tedge num: 15609.
TMR-2508 : Levelizing timing graph completed, there are 41 levels in total.
TMR-2501 : Timing graph initialized successfully.
OPT-1001 : Total overflow 0.00 peak overflow 0.00
OPT-1001 : Start high-fanout net optimization ...
OPT-1001 : Update timing in global mode
PHY-1001 : Start incremental global routing, caller is place ...
RUN-1001 : Generating global routing grids ...
PHY-1001 : Generate routing nets ...
PHY-1001 : Reuse net number 69/2181.
PHY-1001 : Global iterations in 16 thread ...
PHY-1002 : len = 92856, over cnt = 212(0%), over = 351, worst = 5
PHY-1002 : len = 94504, over cnt = 104(0%), over = 136, worst = 3
PHY-1002 : len = 95488, over cnt = 43(0%), over = 54, worst = 2
PHY-1002 : len = 95992, over cnt = 6(0%), over = 6, worst = 1
PHY-1002 : len = 96088, over cnt = 0(0%), over = 0, worst = 0
PHY-1001 : End global iterations;  0.170144s wall, 0.046875s user + 0.000000s system = 0.046875s CPU (27.6%)

PHY-1001 : Congestion index: top1 = 30.50, top5 = 24.12, top10 = 20.01, top15 = 16.40.
PHY-1001 : End incremental global routing;  0.224237s wall, 0.078125s user + 0.000000s system = 0.078125s CPU (34.8%)

TMR-2503 : Start to update net delay, extr mode = 5.
TMR-2504 : Update delay of 2179 nets completely.
TMR-2502 : Annotate delay completely, extr mode = 5.
TMR-3001 : Initiate 5 clocks from SDC.
TMR-3004 : Map sdc constraints, there are 8 constraints in total.
TMR-3003 : Constraints initiated successfully.
TMR-3501 : Forward propagation: start to calculate arrival time...
TMR-3502 : Backward propagation: start to calculate required time...
TMR-3503 : Timing propagation completes.
OPT-1001 : End timing update;  0.061082s wall, 0.046875s user + 0.000000s system = 0.046875s CPU (76.7%)

OPT-1001 : 0 high-fanout net processed.
OPT-1001 : End high-fanout net optimization;  0.318353s wall, 0.125000s user + 0.000000s system = 0.125000s CPU (39.3%)

OPT-1001 : Current memory(MB): used = 224, reserve = 196, peak = 224.
OPT-1001 : Start path based optimization ...
OPT-1001 : Start congestion update ...
RUN-1001 : Generating global routing grids ...
PHY-1001 : Generate routing nets ...
PHY-1001 : Reuse net number 1855/2181.
PHY-1001 : Global iterations in 16 thread ...
PHY-1002 : len = 96088, over cnt = 0(0%), over = 0, worst = 0
PHY-1001 : End global iterations;  0.006762s wall, 0.000000s user + 0.000000s system = 0.000000s CPU (n/a%)

PHY-1001 : Congestion index: top1 = 30.50, top5 = 24.12, top10 = 20.01, top15 = 16.40.
OPT-1001 : End congestion update;  0.052520s wall, 0.031250s user + 0.000000s system = 0.031250s CPU (59.5%)

OPT-1001 : Update timing in Manhattan mode
TMR-2503 : Start to update net delay, extr mode = 3.
TMR-2504 : Update delay of 2179 nets completely.
TMR-2502 : Annotate delay completely, extr mode = 3.
TMR-3501 : Forward propagation: start to calculate arrival time...
TMR-3502 : Backward propagation: start to calculate required time...
TMR-3503 : Timing propagation completes.
OPT-1001 : End timing update;  0.048903s wall, 0.015625s user + 0.000000s system = 0.015625s CPU (32.0%)

OPT-0007 : Start: WNS 3482 TNS 0 NUM_FEPS 0
OPT-1001 : End path based optimization;  0.101620s wall, 0.046875s user + 0.000000s system = 0.046875s CPU (46.1%)

OPT-1001 : Current memory(MB): used = 227, reserve = 199, peak = 227.
OPT-1001 : Update timing in Manhattan mode
TMR-2503 : Start to update net delay, extr mode = 3.
TMR-2504 : Update delay of 2179 nets completely.
TMR-2502 : Annotate delay completely, extr mode = 3.
TMR-3501 : Forward propagation: start to calculate arrival time...
TMR-3502 : Backward propagation: start to calculate required time...
TMR-3503 : Timing propagation completes.
OPT-1001 : End timing update;  0.045320s wall, 0.000000s user + 0.000000s system = 0.000000s CPU (n/a%)

OPT-1001 : Start pin optimization...
OPT-1001 : skip pin optimization...
RUN-1001 : Generating global routing grids ...
PHY-1001 : Generate routing nets ...
PHY-1001 : Reuse net number 1855/2181.
PHY-1001 : Global iterations in 16 thread ...
PHY-1002 : len = 96088, over cnt = 0(0%), over = 0, worst = 0
PHY-1001 : End global iterations;  0.005986s wall, 0.000000s user + 0.000000s system = 0.000000s CPU (n/a%)

PHY-1001 : Congestion index: top1 = 30.50, top5 = 24.12, top10 = 20.01, top15 = 16.40.
OPT-1001 : Update timing in Manhattan mode
TMR-2503 : Start to update net delay, extr mode = 3.
TMR-2504 : Update delay of 2179 nets completely.
TMR-2502 : Annotate delay completely, extr mode = 3.
TMR-3501 : Forward propagation: start to calculate arrival time...
TMR-3502 : Backward propagation: start to calculate required time...
TMR-3503 : Timing propagation completes.
OPT-1001 : End timing update;  0.049095s wall, 0.031250s user + 0.000000s system = 0.031250s CPU (63.7%)

RUN-1001 : QoR Analysis:
OPT-0007 :   WNS 3482 TNS 0 NUM_FEPS 0
RUN-1001 :   No local congestion issue, and most congested 1% tile average routing util is 30.068966
RUN-1001 :   Top critical paths
RUN-1001 :       #1 path slack 3482ps with logic level 2 
OPT-1001 : End physical optimization;  1.095257s wall, 0.437500s user + 0.000000s system = 0.437500s CPU (39.9%)

RUN-1003 : finish command "place" in  5.596933s wall, 1.953125s user + 0.546875s system = 2.500000s CPU (44.7%)

RUN-1004 : used memory is 203 MB, reserved memory is 176 MB, peak memory is 227 MB
RUN-1002 : start command "export_db pic_sdram_place.db"
RUN-1001 : Exported /
RUN-1001 : Exported flow parameters
RUN-1001 : Exported libs
RUN-1001 : Exported entities
RUN-1001 : Exported ports
RUN-1001 : Exported pins
RUN-1001 : Exported instances
RUN-1001 : Exported nets
RUN-1001 : Exported buses
RUN-1001 : Exported models
RUN-1001 : Exported congestions
RUN-1001 : Exported violations
RUN-1001 : Exported timing constraints
RUN-1001 : Exported IO constraints
RUN-1001 : Exported Inst constraints
RUN-1002 : start command "route"
RUN-1001 : Open license file D:/Program/Anlogic/TD5.6.2/license/Anlogic.lic
RUN-1001 : Print Global Property
RUN-1001 : ---------------------------------------------------------------
RUN-1001 :        Parameters        |  Settings  |  Default Values  |  Note  
RUN-1001 : ---------------------------------------------------------------
RUN-1001 :          message         |  standard  |     standard     |        
RUN-1001 :   mixed_pack_place_flow  |     on     |        on        |        
RUN-1001 :        qor_monitor       |    off     |       off        |        
RUN-1001 :        syn_ip_flow       |    off     |       off        |        
RUN-1001 :          thread          |    auto    |       auto       |        
RUN-1001 : ---------------------------------------------------------------
RUN-1001 : Print Route Property
RUN-1001 : -------------------------------------------------------
RUN-1001 :    Parameters    |  Settings  |  Default Values  |  Note  
RUN-1001 : -------------------------------------------------------
RUN-1001 :      effort      |   medium   |      medium      |        
RUN-1001 :     fix_hold     |    off     |       off        |        
RUN-1001 :    opt_timing    |   medium   |      medium      |        
RUN-1001 :   phy_sim_model  |    off     |       off        |        
RUN-1001 :     priority     |   timing   |      timing      |        
RUN-1001 :     swap_pin     |     on     |        on        |        
RUN-1001 : -------------------------------------------------------
PHY-1001 : Route runs in 16 thread(s)
RUN-1001 : There are total 1053 instances
RUN-1001 : 471 mslices, 471 lslices, 102 pads, 2 brams, 0 dsps
RUN-1001 : There are total 2181 nets
RUN-1001 : 1330 nets have 2 pins
RUN-1001 : 591 nets have [3 - 5] pins
RUN-1001 : 155 nets have [6 - 10] pins
RUN-1001 : 54 nets have [11 - 20] pins
RUN-1001 : 46 nets have [21 - 99] pins
RUN-1001 : 5 nets have 100+ pins
RUN-1002 : start command "start_timer -report"
TMR-2505 : Start building timing graph for model top.
TMR-2506 : Build timing graph completely. Port num: 22, tpin num: 9195, tnet num: 2179, tinst num: 1051, tnode num: 11345, tedge num: 15609.
TMR-2508 : Levelizing timing graph completed, there are 41 levels in total.
TMR-2501 : Timing graph initialized successfully.
PHY-1001 : 471 mslices, 471 lslices, 102 pads, 2 brams, 0 dsps
TMR-2503 : Start to update net delay, extr mode = 3.
TMR-2504 : Update delay of 2179 nets completely.
TMR-2502 : Annotate delay completely, extr mode = 3.
TMR-3001 : Initiate 5 clocks from SDC.
TMR-3004 : Map sdc constraints, there are 8 constraints in total.
TMR-3003 : Constraints initiated successfully.
TMR-3501 : Forward propagation: start to calculate arrival time...
TMR-3502 : Backward propagation: start to calculate required time...
TMR-3503 : Timing propagation completes.
PHY-1001 : Start global routing, caller is route ...
RUN-1001 : Generating global routing grids ...
PHY-1001 : Generate routing nets ...
PHY-1001 : Global iterations in 16 thread ...
PHY-1002 : len = 91704, over cnt = 217(0%), over = 374, worst = 6
PHY-1002 : len = 93392, over cnt = 93(0%), over = 130, worst = 5
PHY-1002 : len = 94144, over cnt = 45(0%), over = 66, worst = 4
PHY-1002 : len = 94920, over cnt = 0(0%), over = 0, worst = 0
PHY-1001 : End global iterations;  0.160481s wall, 0.031250s user + 0.000000s system = 0.031250s CPU (19.5%)

PHY-1001 : Congestion index: top1 = 30.43, top5 = 24.03, top10 = 19.84, top15 = 16.25.
PHY-1001 : End global routing;  0.207543s wall, 0.046875s user + 0.000000s system = 0.046875s CPU (22.6%)

PHY-1001 : Start detail routing ...
PHY-1001 : Current memory(MB): used = 254, reserve = 227, peak = 261.
PHY-1001 : Detailed router is running in normal mode.
PHY-1001 : Generate detailed routing grids ...
PHY-1001 : Generate nets ...
PHY-1001 : net clk_dup_1 will be routed on clock mesh
PHY-1001 : net flash_write_read_m0/flash_cmd_m0/sys_clk will be routed on clock mesh
PHY-1001 : net frame_read_write_m0/frame_fifo_read_m0/mem_clk will be routed on clock mesh
PHY-1001 : clock net frame_read_write_m0/read_buf/clkr will be merged with clock video_pll_m0/clk0_buf
PHY-1001 : clock net frame_read_write_m0/write_buf/clkw will be merged with clock sys_pll_m0/clk0_buf
PHY-1001 : Current memory(MB): used = 512, reserve = 489, peak = 512.
PHY-1001 : End build detailed router design. 2.606688s wall, 1.218750s user + 0.031250s system = 1.250000s CPU (48.0%)

PHY-1001 : Detail Route ...
PHY-1001 : ===== Detail Route Phase 1 =====
PHY-1001 : Clock net routing.....
PHY-1001 : Routed 0% nets.
PHY-1022 : len = 44744, over cnt = 0(0%), over = 0, worst = 0, crit = 0
PHY-1001 : End initial clock net routed; 0.965522s wall, 0.468750s user + 0.015625s system = 0.484375s CPU (50.2%)

PHY-1001 : Current memory(MB): used = 546, reserve = 523, peak = 546.
PHY-1001 : End phase 1; 0.970306s wall, 0.484375s user + 0.015625s system = 0.500000s CPU (51.5%)

PHY-1001 : ===== Detail Route Phase 2 =====
PHY-1001 : Initial routing.....
PHY-1001 : Routed 39% nets.
PHY-1001 : Routed 46% nets.
PHY-1001 : Routed 55% nets.
PHY-1001 : Routed 68% nets.
PHY-1001 : Routed 87% nets.
PHY-1022 : len = 285144, over cnt = 67(0%), over = 67, worst = 1, crit = 0
PHY-1001 : Current memory(MB): used = 546, reserve = 524, peak = 546.
PHY-1001 : End initial routed; 1.745148s wall, 0.828125s user + 0.031250s system = 0.859375s CPU (49.2%)

PHY-1001 : Update timing.....
PHY-1001 : 0/1917(0%) critical/total net(s).
RUN-1001 : --------------------------------------
RUN-1001 :   Type   |  WNS(ns)  |  TNS(ns)  |  FEP  
RUN-1001 : --------------------------------------
RUN-1001 :   Setup  |   1.449   |   0.000   |   0   
RUN-1001 :   Hold   |   0.088   |   0.000   |   0   
RUN-1001 : --------------------------------------
PHY-1001 : End update timing; 0.562152s wall, 0.203125s user + 0.000000s system = 0.203125s CPU (36.1%)

PHY-1001 : Current memory(MB): used = 549, reserve = 526, peak = 549.
PHY-1001 : End phase 2; 2.307354s wall, 1.031250s user + 0.031250s system = 1.062500s CPU (46.0%)

PHY-1001 : ===== Detail Route Phase 3 =====
PHY-1001 : Optimize timing.....
PHY-1022 : len = 285144, over cnt = 67(0%), over = 67, worst = 1, crit = 0
PHY-1001 : End optimize timing; 0.016105s wall, 0.015625s user + 0.000000s system = 0.015625s CPU (97.0%)

PHY-1001 : Ripup-reroute.....
PHY-1001 : ===== DR Iter 1 =====
PHY-1022 : len = 284760, over cnt = 7(0%), over = 7, worst = 1, crit = 0
PHY-1001 : End DR Iter 1; 0.041677s wall, 0.031250s user + 0.000000s system = 0.031250s CPU (75.0%)

PHY-1001 : ===== DR Iter 2 =====
PHY-1022 : len = 284800, over cnt = 2(0%), over = 2, worst = 1, crit = 0
PHY-1001 : End DR Iter 2; 0.023207s wall, 0.000000s user + 0.000000s system = 0.000000s CPU (n/a%)

PHY-1001 : ===== DR Iter 3 =====
PHY-1022 : len = 284824, over cnt = 0(0%), over = 0, worst = 0, crit = 0
PHY-1001 : End DR Iter 3; 0.021056s wall, 0.015625s user + 0.000000s system = 0.015625s CPU (74.2%)

PHY-1001 : Update timing.....
PHY-1001 : 0/1917(0%) critical/total net(s).
RUN-1001 : --------------------------------------
RUN-1001 :   Type   |  WNS(ns)  |  TNS(ns)  |  FEP  
RUN-1001 : --------------------------------------
RUN-1001 :   Setup  |   1.449   |   0.000   |   0   
RUN-1001 :   Hold   |   0.088   |   0.000   |   0   
RUN-1001 : --------------------------------------
PHY-1001 : End update timing; 0.546610s wall, 0.281250s user + 0.000000s system = 0.281250s CPU (51.5%)

PHY-1001 : Commit to database.....
PHY-1001 : 10 feed throughs used by 10 nets
PHY-1001 : End commit to database; 0.189350s wall, 0.093750s user + 0.000000s system = 0.093750s CPU (49.5%)

PHY-1001 : Current memory(MB): used = 565, reserve = 543, peak = 565.
PHY-1001 : End phase 3; 0.955016s wall, 0.468750s user + 0.000000s system = 0.468750s CPU (49.1%)

PHY-1003 : Routed, final wirelength = 284824
PHY-1001 : Current memory(MB): used = 566, reserve = 544, peak = 566.
PHY-1001 : End export database. 0.009645s wall, 0.000000s user + 0.000000s system = 0.000000s CPU (n/a%)

PHY-1001 : End detail routing;  7.000602s wall, 3.265625s user + 0.093750s system = 3.359375s CPU (48.0%)

RUN-1003 : finish command "route" in  7.758918s wall, 3.562500s user + 0.093750s system = 3.656250s CPU (47.1%)

RUN-1004 : used memory is 514 MB, reserved memory is 492 MB, peak memory is 566 MB
RUN-1002 : start command "report_area -io_info -file pic_sdram_phy.area"
RUN-1001 : standard
***Report Model: top Device: EG4S20BG256***

IO Statistics
#IO                        47
  #input                    6
  #output                  37
  #inout                    4

Utilization Statistics
#lut                     1701   out of  19600    8.68%
#reg                      820   out of  19600    4.18%
#le                      1819
  #lut only               999   out of   1819   54.92%
  #reg only               118   out of   1819    6.49%
  #lut&reg                702   out of   1819   38.59%
#dsp                        0   out of     29    0.00%
#bram                       2   out of     64    3.12%
  #bram9k                   2
  #fifo9k                   0
#bram32k                    0   out of     16    0.00%
#pad                       47   out of    188   25.00%
  #ireg                     1
  #oreg                    40
  #treg                     1
#pll                        2   out of      4   50.00%
#gclk                       2   out of     16   12.50%

Clock Resource Statistics
Index     ClockNet                                          Type               DriverType         Driver                         Fanout
#1        sys_pll_m0/clk0_buf                               GCLK               pll                sys_pll_m0/pll_inst.clkc0      263
#2        frame_read_write_m0/frame_fifo_read_m0/mem_clk    GCLK               pll                sys_pll_m0/pll_inst.clkc1      187
#3        video_pll_m0/clk0_buf                             GCLK               pll                video_pll_m0/pll_inst.clkc0    68
#4        flash_write_read_m0/flash_cmd_m0/sys_clk          GCLK               pll                sys_pll_m0/pll_inst.clkc2      43
#5        clk_dup_1                                         GCLK               io                 clk_syn_2.di                   26


Detailed IO Report

       Name         Direction    Location    IOStandard    DriveStrength    PullType     PackReg   
       clk            INPUT         R7        LVCMOS33          N/A           NONE        NONE     
       key1           INPUT         B2        LVCMOS33          N/A           NONE        IREG     
       key2           INPUT         B1        LVCMOS33          N/A           NONE        NONE     
      rst_n           INPUT         A2        LVCMOS33          N/A           NONE        NONE     
     sd_miso          INPUT        B14        LVCMOS33          N/A           NONE        NONE     
     switch1          INPUT         C8        LVCMOS33          N/A           NONE        NONE     
    flash_cs_n       OUTPUT         P8        LVCMOS33           8            NONE        OREG     
    flash_sck        OUTPUT         M9        LVCMOS33           8            NONE        OREG     
     sd_dclk         OUTPUT        A14        LVCMOS33           8            NONE        OREG     
     sd_mosi         OUTPUT        A13        LVCMOS33           8            NONE        OREG     
      sd_ncs         OUTPUT        A12        LVCMOS33           8            NONE        OREG     
   seg_data[7]       OUTPUT         A6        LVCMOS33           8            NONE        NONE     
   seg_data[6]       OUTPUT         A7        LVCMOS33           8            NONE        OREG     
   seg_data[5]       OUTPUT         A8        LVCMOS33           8            NONE        OREG     
   seg_data[4]       OUTPUT         B5        LVCMOS33           8            NONE        OREG     
   seg_data[3]       OUTPUT         A5        LVCMOS33           8            NONE        OREG     
   seg_data[2]       OUTPUT         B6        LVCMOS33           8            NONE        OREG     
   seg_data[1]       OUTPUT        C16        LVCMOS33           8            NONE        OREG     
   seg_data[0]       OUTPUT        C15        LVCMOS33           8            NONE        OREG     
    seg_sel[5]       OUTPUT        D11        LVCMOS33           8            NONE        OREG     
    seg_sel[4]       OUTPUT        E11        LVCMOS33           8            NONE        OREG     
    seg_sel[3]       OUTPUT        F10        LVCMOS33           8            NONE        OREG     
    seg_sel[2]       OUTPUT        C13        LVCMOS33           8            NONE        OREG     
    seg_sel[1]       OUTPUT        E10        LVCMOS33           8            NONE        OREG     
    seg_sel[0]       OUTPUT        E12        LVCMOS33           8            NONE        OREG     
   vga_out_b[4]      OUTPUT         D5        LVCMOS33           8            NONE        OREG     
   vga_out_b[3]      OUTPUT         D6        LVCMOS33           8            NONE        OREG     
   vga_out_b[2]      OUTPUT         E6        LVCMOS33           8            NONE        OREG     
   vga_out_b[1]      OUTPUT         F6        LVCMOS33           8            NONE        OREG     
   vga_out_b[0]      OUTPUT        H16        LVCMOS25           8            N/A         OREG     
   vga_out_g[5]      OUTPUT         N6        LVCMOS33           8            NONE        OREG     
   vga_out_g[4]      OUTPUT         N5        LVCMOS33           8            NONE        OREG     
   vga_out_g[3]      OUTPUT         P5        LVCMOS33           8            NONE        OREG     
   vga_out_g[2]      OUTPUT         T5        LVCMOS33           8            NONE        OREG     
   vga_out_g[1]      OUTPUT        F14        LVCMOS25           8            N/A         OREG     
   vga_out_g[0]      OUTPUT         A4        LVCMOS33           8            N/A         OREG     
    vga_out_hs       OUTPUT         E7        LVCMOS33           8            NONE        OREG     
   vga_out_r[4]      OUTPUT        E13        LVCMOS33           8            NONE        OREG     
   vga_out_r[3]      OUTPUT         L8        LVCMOS33           8            NONE        OREG     
   vga_out_r[2]      OUTPUT         L7        LVCMOS33           8            NONE        OREG     
   vga_out_r[1]      OUTPUT         R5        LVCMOS33           8            NONE        OREG     
   vga_out_r[0]      OUTPUT         H5        LVCMOS33           8            N/A         OREG     
    vga_out_vs       OUTPUT         F7        LVCMOS33           8            NONE        OREG     
  flash_qspi_IO0      INOUT         P7        LVCMOS33           8            NONE      OREG;TREG  
  flash_qspi_IO1      INOUT         N8        LVCMOS33           8            NONE        OREG     
  flash_qspi_IO2      INOUT         P9        LVCMOS33           8            NONE        OREG     
  flash_qspi_IO3      INOUT         R9        LVCMOS33           8            NONE        OREG     
      dq[23]          INPUT        S31        LVCMOS25           8           PULLUP       NONE     
      dq[22]          INPUT        S32        LVCMOS25           8           PULLUP       NONE     
      dq[21]          INPUT        S35        LVCMOS25           8           PULLUP       NONE     
      dq[20]          INPUT        S36        LVCMOS25           8           PULLUP       NONE     
      dq[19]          INPUT        S37        LVCMOS25           8           PULLUP       NONE     
      dq[18]          INPUT        S38        LVCMOS25           8           PULLUP       NONE     
      dq[17]          INPUT        S41        LVCMOS25           8           PULLUP       NONE     
      dq[16]          INPUT        S42        LVCMOS25           8           PULLUP       NONE     
      dq[31]          INPUT        S48        LVCMOS25           8           PULLUP       NONE     
      dq[30]          INPUT        S49        LVCMOS25           8           PULLUP       NONE     
      dq[29]          INPUT        S52        LVCMOS25           8           PULLUP       NONE     
      dq[28]          INPUT        S53        LVCMOS25           8           PULLUP       NONE     
      dq[27]          INPUT        S54        LVCMOS25           8           PULLUP       NONE     
      dq[26]          INPUT        S55        LVCMOS25           8           PULLUP       NONE     
      dq[25]          INPUT        S58        LVCMOS25           8           PULLUP       NONE     
      dq[24]          INPUT        S59        LVCMOS25           8           PULLUP       NONE     
       dm0           OUTPUT        S14        LVCMOS25           8            NONE        NONE     
       cke           OUTPUT        S18        LVCMOS25           8            NONE        NONE     
       we_n          OUTPUT        S19        LVCMOS25           8            NONE        OREG     
      cas_n          OUTPUT        S20        LVCMOS25           8            NONE        OREG     
      ras_n          OUTPUT        S21        LVCMOS25           8            NONE        OREG     
       cs_n          OUTPUT        S22        LVCMOS25           8            NONE        NONE     
     addr[9]         OUTPUT        S23        LVCMOS25           8            NONE        OREG     
     addr[8]         OUTPUT        S24        LVCMOS25           8            NONE        OREG     
     addr[7]         OUTPUT        S25        LVCMOS25           8            NONE        OREG     
     addr[6]         OUTPUT        S26        LVCMOS25           8            NONE        OREG     
     addr[5]         OUTPUT        S27        LVCMOS25           8            NONE        OREG     
     addr[4]         OUTPUT        S28        LVCMOS25           8            NONE        OREG     
       dm2           OUTPUT        S29        LVCMOS25           8            NONE        NONE     
       dm3           OUTPUT        S61        LVCMOS25           8            NONE        NONE     
     addr[3]         OUTPUT        S64        LVCMOS25           8            NONE        OREG     
     addr[2]         OUTPUT        S65        LVCMOS25           8            NONE        OREG     
     addr[1]         OUTPUT        S66        LVCMOS25           8            NONE        OREG     
     addr[0]         OUTPUT        S67        LVCMOS25           8            NONE        OREG     
     addr[10]        OUTPUT        S68        LVCMOS25           8            NONE        OREG     
      ba[0]          OUTPUT        S69        LVCMOS25           8            NONE        OREG     
      ba[1]          OUTPUT        S70        LVCMOS25           8            NONE        OREG     
       clk           OUTPUT        S73        LVCMOS25           8            NONE        NONE     
       dm1           OUTPUT        S76        LVCMOS25           8            NONE        NONE     
      dq[0]           INOUT         S1        LVCMOS25           8           PULLUP       IREG     
      dq[6]           INOUT        S11        LVCMOS25           8           PULLUP       IREG     
      dq[7]           INOUT        S12        LVCMOS25           8           PULLUP       IREG     
      dq[1]           INOUT         S2        LVCMOS25           8           PULLUP       IREG     
      dq[2]           INOUT         S5        LVCMOS25           8           PULLUP       IREG     
      dq[3]           INOUT         S6        LVCMOS25           8           PULLUP       IREG     
      dq[4]           INOUT         S7        LVCMOS25           8           PULLUP       IREG     
      dq[8]           INOUT        S78        LVCMOS25           8           PULLUP       IREG     
      dq[9]           INOUT        S79        LVCMOS25           8           PULLUP       IREG     
      dq[5]           INOUT         S8        LVCMOS25           8           PULLUP       IREG     
      dq[10]          INOUT        S82        LVCMOS25           8           PULLUP       IREG     
      dq[11]          INOUT        S83        LVCMOS25           8           PULLUP       IREG     
      dq[12]          INOUT        S84        LVCMOS25           8           PULLUP       IREG     
      dq[13]          INOUT        S85        LVCMOS25           8           PULLUP       IREG     
      dq[14]          INOUT        S88        LVCMOS25           8           PULLUP       IREG     
      dq[15]          INOUT        S89        LVCMOS25           8           PULLUP       IREG     

Report Hierarchy Area:
+-------------------------------------------------------------------------------------------------------------------------------------+
|Instance                        |Module                                         |le     |lut     |ripple  |seq     |bram    |dsp     |
+-------------------------------------------------------------------------------------------------------------------------------------+
|top                             |top                                            |1819   |1445    |256     |862     |2       |0       |
|  flash_write_read_m0           |flash_write_read                               |117    |111     |6       |62      |0       |0       |
|    Qspi_master_m0              |Qspi_master                                    |41     |41      |0       |21      |0       |0       |
|    flash_cmd_m0                |flash_cmd                                      |76     |70      |6       |41      |0       |0       |
|      flash_step_m0             |flash_step                                     |56     |50      |6       |27      |0       |0       |
|  frame_read_write_m0           |frame_read_write                               |380    |245     |84      |232     |2       |0       |
|    frame_fifo_read_m0          |frame_fifo_read                                |79     |61      |17      |37      |0       |0       |
|    frame_fifo_write_m0         |frame_fifo_write                               |77     |60      |17      |37      |0       |0       |
|    read_buf                    |afifo_16_256                                   |110    |58      |25      |77      |1       |0       |
|      ram_inst                  |ram_infer_afifo_16_256                         |0      |0       |0       |0       |1       |0       |
|      rd_to_wr_cross_inst       |fifo_cross_domain_addr_process_al_afifo_16_256 |31     |16      |0       |31      |0       |0       |
|      wr_to_rd_cross_inst       |fifo_cross_domain_addr_process_al_afifo_16_256 |28     |16      |0       |27      |0       |0       |
|    write_buf                   |afifo_16_256                                   |114    |66      |25      |81      |1       |0       |
|      ram_inst                  |ram_infer_afifo_16_256                         |0      |0       |0       |0       |1       |0       |
|      rd_to_wr_cross_inst       |fifo_cross_domain_addr_process_al_afifo_16_256 |29     |16      |0       |29      |0       |0       |
|      wr_to_rd_cross_inst       |fifo_cross_domain_addr_process_al_afifo_16_256 |28     |21      |0       |28      |0       |0       |
|  sd_card_bmp_m0                |sd_card_bmp                                    |926    |780     |91      |379     |0       |0       |
|    ax_debounce_m0              |ax_debounce                                    |64     |54      |9       |36      |0       |0       |
|    bmp_read_m0                 |bmp_read                                       |295    |203     |55      |167     |0       |0       |
|    sd_card_top_m0              |sd_card_top                                    |567    |523     |27      |176     |0       |0       |
|      sd_card_cmd_m0            |sd_card_cmd                                    |330    |308     |22      |51      |0       |0       |
|      sd_card_sec_read_write_m0 |sd_card_sec_read_write                         |175    |158     |0       |86      |0       |0       |
|      spi_master_m0             |spi_master                                     |62     |57      |5       |39      |0       |0       |
|  sdram_core_m0                 |sdram_core                                     |254    |201     |45      |91      |0       |0       |
|  sdram_m0                      |sdram                                          |0      |0       |0       |0       |0       |0       |
|  seg_scan_m0                   |seg_scan                                       |73     |51      |22      |18      |0       |0       |
|  sys_pll_m0                    |sys_pll                                        |0      |0       |0       |0       |0       |0       |
|  video_pll_m0                  |video_pll                                      |0      |0       |0       |0       |0       |0       |
|  video_timing_data_m0          |video_timing_data                              |69     |57      |8       |38      |0       |0       |
|    color_bar_m0                |color_bar                                      |46     |36      |8       |31      |0       |0       |
+-------------------------------------------------------------------------------------------------------------------------------------+


DataNet Average Fanout:

   Index     Fanout     Nets  
    #1          1       1283  
    #2          2       281   
    #3          3       188   
    #4          4       122   
    #5        5-10      163   
    #6        11-50      88   
    #7       51-100      1    
    #8       101-500     1    
  Average     3.00            

RUN-1002 : start command "export_db pic_sdram_pr.db"
RUN-1001 : Exported /
RUN-1001 : Exported flow parameters
RUN-1001 : Exported libs
RUN-1001 : Exported entities
RUN-1001 : Exported ports
RUN-1001 : Exported pins
RUN-1001 : Exported instances
RUN-1001 : Exported nets
RUN-1001 : Exported buses
RUN-1001 : Exported models
RUN-1001 : Exported congestions
RUN-1001 : Exported violations
RUN-1001 : Exported timing constraints
RUN-1001 : Exported IO constraints
RUN-1001 : Exported Inst constraints
RUN-1002 : start command "start_timer"
TMR-2505 : Start building timing graph for model top.
TMR-2506 : Build timing graph completely. Port num: 22, tpin num: 9195, tnet num: 2179, tinst num: 1051, tnode num: 11345, tedge num: 15609.
TMR-2508 : Levelizing timing graph completed, there are 41 levels in total.
TMR-2501 : Timing graph initialized successfully.
RUN-1002 : start command "report_timing -mode FINAL -net_info -rpt_autogen true -file pic_sdram_phy.timing"
TMR-2503 : Start to update net delay, extr mode = 6.
TMR-2504 : Update delay of 2179 nets completely.
TMR-2502 : Annotate delay completely, extr mode = 6.
TMR-3001 : Initiate 5 clocks from SDC.
TMR-3004 : Map sdc constraints, there are 8 constraints in total.
TMR-3003 : Constraints initiated successfully.
TMR-3501 : Forward propagation: start to calculate arrival time...
TMR-3502 : Backward propagation: start to calculate required time...
TMR-3503 : Timing propagation completes.
TMR-3506 : Start to generate timing report.
TMR-1502 : Number of clock constraints = 5. Number of clock nets = 5 (0 unconstrainted).
TMR-3508 : Export timing summary.
TMR-3507 : Timing report generated successfully in pic_sdram_phy.timing, timing summary in pic_sdram_phy.tsm.
RUN-1002 : start command "export_bid pic_sdram_inst.bid"
PRG-1000 : <!-- HMAC is: d18c1203a58763787b67cba88cf768660eb6dbd82ff6db4d1e67d51cd47e863d -->
RUN-1002 : start command "bitgen -bit pic_sdram.bit"
BIT-1003 : Start to generate bitstream. 
BIT-1002 : Init instances with 16 threads.
BIT-1002 : Init instances completely, inst num: 1051
BIT-1002 : Init pips with 16 threads.
BIT-1002 : Init pips completely, net num: 2181, pip num: 21072
BIT-1002 : Init feedthrough with 16 threads.
BIT-1002 : Init feedthrough completely, num: 10
BIT-1003 : Multithreading accelaration with 16 threads.
BIT-1003 : Generate bitstream completely, there are 1670 valid insts, and 60555 bits set as '1'.
BIT-1004 : the usercode register value: 00000000101110110000000000000000
BIT-1004 : PLL setting string = 0110
BIT-1004 : Generate bits file pic_sdram.bit.
RUN-1003 : finish command "bitgen -bit pic_sdram.bit" in  2.617517s wall, 18.656250s user + 0.031250s system = 18.687500s CPU (713.9%)

RUN-1004 : used memory is 511 MB, reserved memory is 486 MB, peak memory is 711 MB
RUN-1002 : start command "backup_run_log run.log ../.logs/phy_1/td_20231212_190807.log"
