============================================================
   Tang Dynasty, V5.6.71036
      Copyright (c) 2012-2023 Anlogic Inc.
   Executable = D:/Program/Anlogic/TD5.6.2/bin/td.exe
   Built at =   20:34:38 Mar 21 2023
   Run by =     28408
   Run Date =   Wed Dec 13 10:12:26 2023

   Run on =     DESKTOP-T1B5OP5
============================================================
RUN-1002 : start command "open_project pic_sdram.prj"
RUN-1001 : Print Global Property
RUN-1001 : ---------------------------------------------------------------
RUN-1001 :        Parameters        |  Settings  |  Default Values  |  Note  
RUN-1001 : ---------------------------------------------------------------
RUN-1001 :          message         |  standard  |     standard     |        
RUN-1001 :   mixed_pack_place_flow  |     on     |        on        |        
RUN-1001 :        qor_monitor       |    off     |       off        |        
RUN-1001 :        syn_ip_flow       |    off     |       off        |        
RUN-1001 :          thread          |    auto    |       auto       |        
RUN-1001 : ---------------------------------------------------------------
RUN-1001 : Print Design Property
RUN-1001 : --------------------------------------------------------------
RUN-1001 :        Parameters       |  Settings  |  Default Values  |  Note  
RUN-1001 : --------------------------------------------------------------
RUN-1001 :   default_reg_initial   |    auto    |       auto       |        
RUN-1001 :        infer_add        |     on     |        on        |        
RUN-1001 :        infer_fsm        |    off     |       off        |        
RUN-1001 :        infer_mult       |     on     |        on        |        
RUN-1001 :        infer_ram        |     on     |        on        |        
RUN-1001 :        infer_reg        |     on     |        on        |        
RUN-1001 :   infer_reg_init_value  |     on     |        on        |        
RUN-1001 :        infer_rom        |     on     |        on        |        
RUN-1001 :      infer_shifter      |     on     |        on        |        
RUN-1001 : --------------------------------------------------------------
RUN-1001 : Print Rtl Property
RUN-1001 : --------------------------------------------------------------
RUN-1001 :        Parameters       |  Settings  |  Default Values  |  Note  
RUN-1001 : --------------------------------------------------------------
RUN-1001 :       compress_add      |   ripple   |      ripple      |        
RUN-1001 :        elf_sload        |    off     |       off        |        
RUN-1001 :       fix_undriven      |     0      |        0         |        
RUN-1001 :         flatten         |    off     |       off        |        
RUN-1001 :       gate_sharing      |     on     |        on        |        
RUN-1001 :    hdl_warning_level    |   normal   |      normal      |        
RUN-1001 :   impl_internal_tribuf  |     on     |        on        |        
RUN-1001 :      impl_set_reset     |     on     |        on        |        
RUN-1001 :        infer_gsr        |    off     |       off        |        
RUN-1001 :      keep_hierarchy     |    auto    |       auto       |        
RUN-1001 :        max_fanout       |    9999    |       9999       |        
RUN-1001 :      max_oh2bin_len     |     10     |        10        |        
RUN-1001 :       merge_equal       |     on     |        on        |        
RUN-1001 :       merge_equiv       |     on     |        on        |        
RUN-1001 :        merge_mux        |    off     |       off        |        
RUN-1001 :     min_control_set     |     8      |        8         |        
RUN-1001 :      min_ripple_len     |    auto    |       auto       |        
RUN-1001 :       oh2bin_ratio      |    0.08    |       0.08       |        
RUN-1001 :     opt_adder_fanout    |     on     |        on        |        
RUN-1001 :        opt_arith        |     on     |        on        |        
RUN-1001 :       opt_big_gate      |    off     |       off        |        
RUN-1001 :        opt_const        |     on     |        on        |        
RUN-1001 :      opt_const_mult     |     on     |        on        |        
RUN-1001 :       opt_lessthan      |     on     |        on        |        
RUN-1001 :         opt_mux         |    off     |       off        |        
RUN-1001 :         opt_ram         |    high    |       high       |        
RUN-1001 :      rtl_sim_model      |    off     |       off        |        
RUN-1001 :         seq_syn         |     on     |        on        |        
RUN-1001 : --------------------------------------------------------------
HDL-1007 : analyze verilog file ../../al_ip/sys_pll.v
HDL-1007 : undeclared symbol 'open', assumed default net type 'wire' in ../../al_ip/sys_pll.v(77)
HDL-1007 : analyze verilog file ../../al_ip/video_pll.v
HDL-1007 : undeclared symbol 'open', assumed default net type 'wire' in ../../al_ip/video_pll.v(63)
HDL-1007 : analyze verilog file ../../al_ip/afifo_16_256.v
HDL-1007 : analyze verilog file ../../al_ip/sdram.v
HDL-1007 : analyze verilog file ../../Qspi_master.v
HDL-1007 : analyze verilog file ../../flash_cmd.v
HDL-1007 : analyze verilog file ../../flash_reader.v
HDL-1007 : analyze verilog file ../../flash_step.v
HDL-1007 : analyze verilog file ../../flash_write_read.v
HDL-1007 : analyze verilog file ../../flash_writer.v
HDL-1007 : analyze verilog file ../../sys_state_ctrl.v
HDL-1007 : analyze verilog file ../../src/ax_debounce.v
HDL-1007 : analyze verilog file ../../src/bmp_read.v
HDL-1007 : analyze verilog file ../../src/color_bar.v
HDL-1007 : analyze included file ../../src/video_define.v in ../../src/color_bar.v(2)
HDL-1007 : back to file '../../src/color_bar.v' in ../../src/color_bar.v(2)
HDL-1007 : analyze verilog file ../../src/frame_fifo_read.v
HDL-1007 : undeclared symbol 'read_busy', assumed default net type 'wire' in ../../src/frame_fifo_read.v(56)
HDL-1007 : analyze verilog file ../../src/frame_fifo_write.v
HDL-1007 : undeclared symbol 'write_busy', assumed default net type 'wire' in ../../src/frame_fifo_write.v(55)
HDL-1007 : analyze verilog file ../../src/frame_read_write.v
HDL-1007 : analyze verilog file ../../src/sd_card/sd_card_cmd.v
HDL-1007 : analyze verilog file ../../src/sd_card/sd_card_sec_read_write.v
HDL-1007 : analyze verilog file ../../src/sd_card/sd_card_top.v
HDL-1007 : analyze verilog file ../../src/sd_card/spi_master.v
HDL-1007 : analyze verilog file ../../src/sd_card_bmp.v
HDL-1007 : analyze verilog file ../../src/seg_decoder.v
HDL-1007 : analyze verilog file ../../src/seg_scan.v
HDL-1007 : analyze verilog file ../../src/top.v
HDL-1007 : analyze verilog file ../../src/video_timing_data.v
HDL-1007 : analyze verilog file ../../src/sdram_r/sdram_cmd.v
HDL-1007 : analyze included file ../../src/sdram_r/sdram_para.v in ../../src/sdram_r/sdram_cmd.v(45)
HDL-1007 : back to file '../../src/sdram_r/sdram_cmd.v' in ../../src/sdram_r/sdram_cmd.v(45)
HDL-1007 : analyze verilog file ../../src/sdram_r/sdram_controller.v
HDL-1007 : analyze verilog file ../../src/sdram_r/sdram_ctrl.v
HDL-1007 : analyze included file ../../src/sdram_r/sdram_para.v in ../../src/sdram_r/sdram_ctrl.v(19)
HDL-1007 : back to file '../../src/sdram_r/sdram_ctrl.v' in ../../src/sdram_r/sdram_ctrl.v(19)
HDL-1007 : analyze verilog file ../../src/sdram_r/sdram_data.v
HDL-1007 : analyze included file ../../src/sdram_r/sdram_para.v in ../../src/sdram_r/sdram_data.v(13)
HDL-1007 : back to file '../../src/sdram_r/sdram_data.v' in ../../src/sdram_r/sdram_data.v(13)
RUN-1001 : Project manager successfully analyzed 32 source files.
RUN-1002 : start command "import_device eagle_s20.db -package EG4S20BG256"
ARC-1001 : Device Initialization.
ARC-1001 : ------------------------------------------------------------------
ARC-1001 :            OPTION            |          IO          |   SETTING   
ARC-1001 : ------------------------------------------------------------------
ARC-1001 :   cso_b/cclk/mosi/miso/dout  |  T3/R11/T10/P10/S11  |    gpio    
ARC-1001 :             done             |         P13          |    gpio    
ARC-1001 :           program_b          |          T2          |  dedicate  
ARC-1001 :        tdi/tms/tck/tdo       |   C12/A15/C14/E14    |  dedicate  
ARC-1001 : ------------------------------------------------------------------
ARC-1004 : Device setting, marked 5 dedicate IOs in total.
RUN-1002 : start command "import_db ../syn_1/pic_sdram_gate.db"
RUN-1001 : Importing database generated by Tang Dynasty, V5.6.71036.
RUN-1001 : Database version number 46146.
RUN-1001 : Import flow parameters
RUN-1001 : Import timing constraints
RUN-1001 : Import IO constraints
RUN-1001 : Import Inst constraints
RUN-1001 : Import design success TD_VERSION=5.6.71036 , DB_VERSION=46146
RUN-1002 : start command "read_sdc ../../top.sdc"
RUN-1002 : start command "get_ports clk"
RUN-1002 : start command "create_clock -name clk -period 20 -waveform 0 10 "
RUN-1102 : create_clock: clock name: clk, type: 0, period: 20000, rise: 0, fall: 10000.
RUN-1002 : start command "derive_pll_clocks"
USR-1002 : Gen clock cmd:  create_generated_clock -name {sys_pll_m0/pll_inst.clkc[0]} -source [get_ports {clk}] -master_clock {clk} -multiply_by 2.0000 [get_pins {sys_pll_m0/pll_inst.clkc[0]}]
RUN-1002 : start command "get_ports clk"
RUN-1002 : start command "get_pins sys_pll_m0/pll_inst.clkc[0]"
RUN-1002 : start command "create_generated_clock -name sys_pll_m0/pll_inst.clkc[0] -source  -master_clock clk -multiply_by 2.0000 "
USR-1002 : Gen clock cmd:  create_generated_clock -name {sys_pll_m0/pll_inst.clkc[1]} -source [get_ports {clk}] -master_clock {clk} -multiply_by 2.0000 -phase 270 [get_pins {sys_pll_m0/pll_inst.clkc[1]}]
RUN-1002 : start command "get_ports clk"
RUN-1002 : start command "get_pins sys_pll_m0/pll_inst.clkc[1]"
RUN-1002 : start command "create_generated_clock -name sys_pll_m0/pll_inst.clkc[1] -source  -master_clock clk -multiply_by 2.0000 -phase 270 "
USR-1002 : Gen clock cmd:  create_generated_clock -name {sys_pll_m0/pll_inst.clkc[2]} -source [get_ports {clk}] -master_clock {clk} -multiply_by 2.0000 [get_pins {sys_pll_m0/pll_inst.clkc[2]}]
RUN-1002 : start command "get_ports clk"
RUN-1002 : start command "get_pins sys_pll_m0/pll_inst.clkc[2]"
RUN-1002 : start command "create_generated_clock -name sys_pll_m0/pll_inst.clkc[2] -source  -master_clock clk -multiply_by 2.0000 "
USR-1002 : Gen clock cmd:  create_generated_clock -name {video_pll_m0/pll_inst.clkc[0]} -source [get_ports {clk}] -master_clock {clk} -divide_by 2.0000 [get_pins {video_pll_m0/pll_inst.clkc[0]}]
RUN-1002 : start command "get_ports clk"
RUN-1002 : start command "get_pins video_pll_m0/pll_inst.clkc[0]"
RUN-1002 : start command "create_generated_clock -name video_pll_m0/pll_inst.clkc[0] -source  -master_clock clk -divide_by 2.0000 "
RUN-1002 : start command "get_ports clk"
RUN-1002 : start command "get_pins sys_pll_m0/pll_inst.clkc[0]"
RUN-1002 : start command "rename_clock -name sd_card_clk -source  -master_clock clk "
RUN-1105 : Rename Clock: clock sys_pll_m0/pll_inst.clkc[0] was renamed, new name is sd_card_clk.
RUN-1002 : start command "get_ports clk"
RUN-1002 : start command "get_pins sys_pll_m0/pll_inst.clkc[1]"
RUN-1002 : start command "rename_clock -name ext_mem_clk -source  -master_clock clk "
RUN-1105 : Rename Clock: clock sys_pll_m0/pll_inst.clkc[1] was renamed, new name is ext_mem_clk.
RUN-1002 : start command "get_ports clk"
RUN-1002 : start command "get_pins sys_pll_m0/pll_inst.clkc[2]"
RUN-1002 : start command "rename_clock -name flash_sys_clk -source  -master_clock clk "
RUN-1105 : Rename Clock: clock sys_pll_m0/pll_inst.clkc[2] was renamed, new name is flash_sys_clk.
RUN-1002 : start command "get_ports clk"
RUN-1002 : start command "get_pins video_pll_m0/pll_inst.clkc[0]"
RUN-1002 : start command "rename_clock -name video_clk -source  -master_clock clk "
RUN-1105 : Rename Clock: clock video_pll_m0/pll_inst.clkc[0] was renamed, new name is video_clk.
RUN-1002 : start command "read_sdc -ip afifo_16_256 ../../al_ip/afifo_16_256.tcl"
RUN-1002 : start command "get_ports clkw"
RUN-1002 : start command "get_nets  clkw  "
RUN-1002 : start command "get_clocks -nowarn -of nets 21157008900096"
RUN-1002 : start command "get_ports clkr"
RUN-1002 : start command "get_nets  clkr  "
RUN-1002 : start command "get_clocks -nowarn -of nets 25696789331968"
RUN-1002 : start command "get_property -nowarn -max PERIOD "
RUN-1002 : start command "get_property -nowarn -max PERIOD "
RUN-1002 : start command "get_regs rd_to_wr_cross_inst/primary_addr_gray_reg[*]"
RUN-1002 : start command "get_regs rd_to_wr_cross_inst/sync_r1[*]"
RUN-1002 : start command "set_max_delay -from  -to  9.6999999999999993 -datapath_only"
RUN-1002 : start command "get_regs rd_to_wr_cross_inst/primary_addr_gray_reg[*]"
RUN-1002 : start command "get_regs rd_to_wr_cross_inst/sync_r1[*]"
RUN-1002 : start command "set_false_path -from  -to  -hold 9.6999999999999993"
USR-1002 : set_false_path -help -setup -hold -from <list> -rise_from <list> -fall_from <list> -to <list> -rise_to <list> -fall_to <list> -through <list>
RUN-1002 : start command "get_regs wr_to_rd_cross_inst/primary_addr_gray_reg[*]"
RUN-1002 : start command "get_regs wr_to_rd_cross_inst/sync_r1[*]"
RUN-1002 : start command "set_max_delay -from  -to  9.6999999999999993 -datapath_only"
RUN-1002 : start command "get_regs wr_to_rd_cross_inst/primary_addr_gray_reg[*]"
RUN-1002 : start command "get_regs wr_to_rd_cross_inst/sync_r1[*]"
RUN-1002 : start command "set_false_path -from  -to  -hold 9.6999999999999993"
USR-1002 : set_false_path -help -setup -hold -from <list> -rise_from <list> -fall_from <list> -to <list> -rise_to <list> -fall_to <list> -through <list>
RUN-1002 : start command "get_ports clkw"
RUN-1002 : start command "get_nets  clkw  "
RUN-1002 : start command "get_clocks -nowarn -of nets 31671088840704"
RUN-1002 : start command "get_ports clkr"
RUN-1002 : start command "get_nets  clkr  "
RUN-1002 : start command "get_clocks -nowarn -of nets 21157008900096"
RUN-1002 : start command "get_property -nowarn -max PERIOD "
RUN-1002 : start command "get_property -nowarn -max PERIOD "
RUN-1002 : start command "get_regs rd_to_wr_cross_inst/primary_addr_gray_reg[*]"
RUN-1002 : start command "get_regs rd_to_wr_cross_inst/sync_r1[*]"
RUN-1002 : start command "set_max_delay -from  -to  9.6999999999999993 -datapath_only"
RUN-1002 : start command "get_regs rd_to_wr_cross_inst/primary_addr_gray_reg[*]"
RUN-1002 : start command "get_regs rd_to_wr_cross_inst/sync_r1[*]"
RUN-1002 : start command "set_false_path -from  -to  -hold 9.6999999999999993"
USR-1002 : set_false_path -help -setup -hold -from <list> -rise_from <list> -fall_from <list> -to <list> -rise_to <list> -fall_to <list> -through <list>
RUN-1002 : start command "get_regs wr_to_rd_cross_inst/primary_addr_gray_reg[*]"
RUN-1002 : start command "get_regs wr_to_rd_cross_inst/sync_r1[*]"
RUN-1002 : start command "set_max_delay -from  -to  9.6999999999999993 -datapath_only"
RUN-1002 : start command "get_regs wr_to_rd_cross_inst/primary_addr_gray_reg[*]"
RUN-1002 : start command "get_regs wr_to_rd_cross_inst/sync_r1[*]"
RUN-1002 : start command "set_false_path -from  -to  -hold 9.6999999999999993"
USR-1002 : set_false_path -help -setup -hold -from <list> -rise_from <list> -fall_from <list> -to <list> -rise_to <list> -fall_to <list> -through <list>
RUN-1002 : start command "place"
RUN-1001 : Open license file D:/Program/Anlogic/TD5.6.2/license/Anlogic.lic
RUN-1001 : Print Global Property
RUN-1001 : ---------------------------------------------------------------
RUN-1001 :        Parameters        |  Settings  |  Default Values  |  Note  
RUN-1001 : ---------------------------------------------------------------
RUN-1001 :          message         |  standard  |     standard     |        
RUN-1001 :   mixed_pack_place_flow  |     on     |        on        |        
RUN-1001 :        qor_monitor       |    off     |       off        |        
RUN-1001 :        syn_ip_flow       |    off     |       off        |        
RUN-1001 :          thread          |    auto    |       auto       |        
RUN-1001 : ---------------------------------------------------------------
RUN-1001 : Print Place Property
RUN-1001 : --------------------------------------------------------------
RUN-1001 :        Parameters       |  Settings  |  Default Values  |  Note  
RUN-1001 : --------------------------------------------------------------
RUN-1001 :      detailed_place     |     on     |        on        |        
RUN-1001 :          effort         |   medium   |      medium      |        
RUN-1001 :         fix_hold        |    off     |       off        |        
RUN-1001 :       legalization      |    ori     |       ori        |        
RUN-1001 :      new_spreading      |     on     |        on        |        
RUN-1001 :        opt_timing       |   medium   |      medium      |        
RUN-1001 :   post_clock_route_opt  |    off     |       off        |        
RUN-1001 :       pr_strategy       |     1      |        1         |        
RUN-1001 :        relaxation       |    1.00    |       1.00       |        
RUN-1001 :         retiming        |    off     |       off        |        
RUN-1001 : --------------------------------------------------------------
PHY-3001 : Placer runs in 16 thread(s).
RUN-1002 : start command "legalize_phy_inst"
SYN-1011 : Flatten model top
RUN-1002 : start command "phys_opt -simplify_lut"
SYN-4016 : Net frame_read_write_m0/write_buf/clkw driven by BUFG (488 clock/control pins, 1 other pins).
SYN-4016 : Net frame_read_write_m0/read_buf/clkr driven by BUFG (109 clock/control pins, 1 other pins).
SYN-4027 : Net frame_read_write_m0/frame_fifo_read_m0/mem_clk is clkc1 of pll sys_pll_m0/pll_inst.
SYN-4027 : Net flash_write_read_m0/flash_cmd_m0/sys_clk is clkc2 of pll sys_pll_m0/pll_inst.
SYN-4019 : Net clk_dup_1 is refclk of pll sys_pll_m0/pll_inst.
SYN-4020 : Net clk_dup_1 is fbclk of pll sys_pll_m0/pll_inst.
SYN-4019 : Net clk_dup_1 is refclk of pll video_pll_m0/pll_inst.
SYN-4020 : Net clk_dup_1 is fbclk of pll video_pll_m0/pll_inst.
SYN-4025 : Tag rtl::Net clk_dup_1 as clock net
SYN-4025 : Tag rtl::Net flash_write_read_m0/flash_cmd_m0/sys_clk as clock net
SYN-4025 : Tag rtl::Net frame_read_write_m0/frame_fifo_read_m0/mem_clk as clock net
SYN-4025 : Tag rtl::Net frame_read_write_m0/read_buf/clkr as clock net
SYN-4025 : Tag rtl::Net frame_read_write_m0/write_buf/clkw as clock net
SYN-4026 : Tagged 5 rtl::Net as clock net
PHY-1001 : Populate physical database on model top.
RUN-1001 : There are total 3093 instances
RUN-0007 : 1515 luts, 828 seqs, 423 mslices, 218 lslices, 102 pads, 0 brams, 0 dsps
RUN-1001 : There are total 4956 nets
RUN-1001 : 3137 nets have 2 pins
RUN-1001 : 1523 nets have [3 - 5] pins
RUN-1001 : 117 nets have [6 - 10] pins
RUN-1001 : 101 nets have [11 - 20] pins
RUN-1001 : 62 nets have [21 - 99] pins
RUN-1001 : 16 nets have 100+ pins
RUN-1001 : Report Control nets information:
RUN-1001 : DFF Distribution
RUN-1001 : ----------------------------------
RUN-1001 :   CE   |  SSR  |  ASR  |  DFF Count  
RUN-1001 : ----------------------------------
RUN-1001 :   No   |  No   |  No   |      1      
RUN-1001 :   No   |  No   |  Yes  |     499     
RUN-1001 :   No   |  Yes  |  No   |      0      
RUN-1001 :   Yes  |  No   |  No   |     16      
RUN-1001 :   Yes  |  No   |  Yes  |     312     
RUN-1001 :   Yes  |  Yes  |  No   |      0      
RUN-1001 : ----------------------------------
RUN-0007 : Control Group Statistic
RUN-0007 : ---------------------------
RUN-0007 :   #CLK  |  #CE  |  #SSR/ASR  
RUN-0007 : ---------------------------
RUN-0007 :    5    |  24   |     8      
RUN-0007 : ---------------------------
RUN-0007 : Control Set = 37
PHY-3001 : Initial placement ...
PHY-3001 : design contains 3091 instances, 1515 luts, 828 seqs, 641 slices, 169 macros(641 instances: 423 mslices 218 lslices)
PHY-0007 : Cell area utilization is 14%
PHY-3001 : Start timing update ...
RUN-1002 : start command "start_timer -report"
TMR-2505 : Start building timing graph for model top.
TMR-2506 : Build timing graph completely. Port num: 22, tpin num: 16536, tnet num: 3546, tinst num: 3091, tnode num: 20189, tedge num: 26921.
TMR-2508 : Levelizing timing graph completed, there are 43 levels in total.
TMR-2501 : Timing graph initialized successfully.
TMR-2503 : Start to update net delay, extr mode = 2.
TMR-2504 : Update delay of 3546 nets completely.
TMR-2502 : Annotate delay completely, extr mode = 2.
TMR-3001 : Initiate 5 clocks from SDC.
TMR-3004 : Map sdc constraints, there are 8 constraints in total.
TMR-3003 : Constraints initiated successfully.
TMR-3501 : Forward propagation: start to calculate arrival time...
TMR-3502 : Backward propagation: start to calculate required time...
TMR-3503 : Timing propagation completes.
PHY-3001 : End timing update;  0.509699s wall, 0.234375s user + 0.000000s system = 0.234375s CPU (46.0%)

PHY-3001 : Global placement ...
PHY-3001 : Initial: Len = 721402
PHY-3001 : Clustering ...
PHY-3001 : Level 0 #clusters 3091.
PHY-3001 : End clustering;  0.000008s wall, 0.000000s user + 0.000000s system = 0.000000s CPU (n/a%)

PHY-3001 : Run with size of 4
PHY-3001 : Cell area utilization is 14%
PHY-3001 : :::0::: Try harder cell spreading with beta_ = 0
PHY-3002 : Step(1): len = 613738, overlap = 0
PHY-3002 : Step(2): len = 533884, overlap = 0
PHY-3002 : Step(3): len = 482325, overlap = 0
PHY-3002 : Step(4): len = 430560, overlap = 0
PHY-3002 : Step(5): len = 379077, overlap = 2.15625
PHY-3002 : Step(6): len = 347021, overlap = 3.25
PHY-3002 : Step(7): len = 308049, overlap = 2.75
PHY-3002 : Step(8): len = 271553, overlap = 0.25
PHY-3002 : Step(9): len = 248281, overlap = 2.625
PHY-3002 : Step(10): len = 221640, overlap = 9.75
PHY-3002 : Step(11): len = 199726, overlap = 33.1875
PHY-3002 : Step(12): len = 179429, overlap = 52.4062
PHY-3002 : Step(13): len = 164695, overlap = 55.2188
PHY-3002 : Step(14): len = 148843, overlap = 81.9062
PHY-3002 : Step(15): len = 139070, overlap = 107.781
PHY-3002 : Step(16): len = 127314, overlap = 120.188
PHY-3002 : Step(17): len = 121201, overlap = 116.688
PHY-3002 : Step(18): len = 112100, overlap = 116.969
PHY-3001 : :::1::: Try harder cell spreading with beta_ = 5.23955e-05
PHY-3002 : Step(19): len = 116662, overlap = 87.0625
PHY-3002 : Step(20): len = 119896, overlap = 46.0312
PHY-3002 : Step(21): len = 115088, overlap = 47.4062
PHY-3002 : Step(22): len = 111814, overlap = 49.7188
PHY-3002 : Step(23): len = 109270, overlap = 50.6875
PHY-3002 : Step(24): len = 105577, overlap = 53.6875
PHY-3002 : Step(25): len = 102956, overlap = 56.875
PHY-3002 : Step(26): len = 100159, overlap = 57.625
PHY-3002 : Step(27): len = 97507.6, overlap = 55.25
PHY-3002 : Step(28): len = 95745.8, overlap = 56.6875
PHY-3002 : Step(29): len = 93905.9, overlap = 57.875
PHY-3002 : Step(30): len = 92511, overlap = 62.375
PHY-3002 : Step(31): len = 90252.7, overlap = 64.375
PHY-3002 : Step(32): len = 87722, overlap = 67.75
PHY-3002 : Step(33): len = 86458.4, overlap = 72.5
PHY-3002 : Step(34): len = 84697.3, overlap = 77.1562
PHY-3002 : Step(35): len = 83178.5, overlap = 74.8125
PHY-3002 : Step(36): len = 81731.8, overlap = 71.5625
PHY-3002 : Step(37): len = 80505.2, overlap = 70.875
PHY-3002 : Step(38): len = 79661.5, overlap = 69.5312
PHY-3001 : :::2::: Try harder cell spreading with beta_ = 0.000104791
PHY-3002 : Step(39): len = 79285.4, overlap = 68.5938
PHY-3002 : Step(40): len = 79411.9, overlap = 68.9688
PHY-3001 : :::3::: Try harder cell spreading with beta_ = 0.000209582
PHY-3002 : Step(41): len = 80828.6, overlap = 66.2188
PHY-3002 : Step(42): len = 81302.5, overlap = 65.4688
PHY-3002 : Step(43): len = 81564.8, overlap = 63.0625
PHY-3002 : Step(44): len = 81710.2, overlap = 62.375
PHY-3002 : Step(45): len = 81310.5, overlap = 64.125
PHY-3001 : :::4::: Try harder cell spreading with beta_ = 0.000419164
PHY-3002 : Step(46): len = 80768.8, overlap = 65.7188
PHY-3002 : Step(47): len = 80751.3, overlap = 65.8125
PHY-3001 : :::5::: Try harder cell spreading with beta_ = 0.000838328
PHY-3002 : Step(48): len = 81051.9, overlap = 64.2188
PHY-3002 : Step(49): len = 81397.3, overlap = 63.4375
PHY-3001 : :::6::: Try harder cell spreading with beta_ = 0.00167666
PHY-3002 : Step(50): len = 80949.3, overlap = 64.0312
PHY-3002 : Step(51): len = 80949.3, overlap = 64.0312
PHY-3001 : :::7::: Try harder cell spreading with beta_ = 0.00335331
PHY-3002 : Step(52): len = 81072.8, overlap = 63.5312
PHY-3002 : Step(53): len = 81072.8, overlap = 63.5312
PHY-3001 : :::8::: Try harder cell spreading with beta_ = 0.00670663
PHY-3002 : Step(54): len = 80902.8, overlap = 63.625
PHY-3002 : Step(55): len = 80902.8, overlap = 63.625
PHY-3001 : Legalization ...
PHY-3001 : End legalization;  0.002427s wall, 0.000000s user + 0.000000s system = 0.000000s CPU (n/a%)

PHY-3001 : Run with size of 4
PHY-3001 : Cell area utilization is 18%
PHY-3001 : Update timing in Manhattan mode ...
TMR-2503 : Start to update net delay, extr mode = 3.
TMR-2504 : Update delay of 3546 nets completely.
TMR-2502 : Annotate delay completely, extr mode = 3.
TMR-3501 : Forward propagation: start to calculate arrival time...
TMR-3502 : Backward propagation: start to calculate required time...
TMR-3503 : Timing propagation completes.
PHY-3001 : End timing update;  0.085950s wall, 0.078125s user + 0.000000s system = 0.078125s CPU (90.9%)

PHY-3001 : :::0::: Try harder cell spreading with beta_ = 1.15552e-05
PHY-3002 : Step(56): len = 80031.8, overlap = 116.5
PHY-3002 : Step(57): len = 80472.1, overlap = 120.531
PHY-3002 : Step(58): len = 79196.8, overlap = 124.688
PHY-3002 : Step(59): len = 78798.5, overlap = 130.375
PHY-3002 : Step(60): len = 77764.1, overlap = 133.156
PHY-3002 : Step(61): len = 77397.2, overlap = 137.219
PHY-3002 : Step(62): len = 76614, overlap = 138.219
PHY-3002 : Step(63): len = 75625.6, overlap = 137.969
PHY-3002 : Step(64): len = 75190.5, overlap = 138.438
PHY-3002 : Step(65): len = 74456.4, overlap = 143.594
PHY-3002 : Step(66): len = 74181.3, overlap = 143.375
PHY-3002 : Step(67): len = 73364.7, overlap = 145.062
PHY-3002 : Step(68): len = 73236.5, overlap = 144.656
PHY-3002 : Step(69): len = 72600.5, overlap = 146.781
PHY-3002 : Step(70): len = 72049.6, overlap = 154
PHY-3002 : Step(71): len = 71445.1, overlap = 160.844
PHY-3002 : Step(72): len = 71023, overlap = 164.656
PHY-3002 : Step(73): len = 70243.2, overlap = 168.594
PHY-3002 : Step(74): len = 69868, overlap = 169.719
PHY-3002 : Step(75): len = 69230.4, overlap = 171.281
PHY-3002 : Step(76): len = 68725.4, overlap = 168.594
PHY-3002 : Step(77): len = 68200.6, overlap = 166.469
PHY-3002 : Step(78): len = 67808.9, overlap = 153.969
PHY-3002 : Step(79): len = 67624.7, overlap = 150.969
PHY-3002 : Step(80): len = 67009.4, overlap = 151.344
PHY-3002 : Step(81): len = 66459.1, overlap = 154.5
PHY-3002 : Step(82): len = 66324.2, overlap = 158
PHY-3001 : :::1::: Try harder cell spreading with beta_ = 2.31104e-05
PHY-3002 : Step(83): len = 65903.1, overlap = 162.906
PHY-3002 : Step(84): len = 65983.5, overlap = 163.094
PHY-3002 : Step(85): len = 66332.7, overlap = 166.531
PHY-3001 : :::2::: Try harder cell spreading with beta_ = 4.62207e-05
PHY-3002 : Step(86): len = 67654.8, overlap = 160.594
PHY-3002 : Step(87): len = 67938.7, overlap = 160.312
PHY-3002 : Step(88): len = 69134.9, overlap = 161.844
PHY-3002 : Step(89): len = 69624.7, overlap = 160.875
PHY-3002 : Step(90): len = 71100.2, overlap = 160.219
PHY-3002 : Step(91): len = 72209.2, overlap = 154.25
PHY-3002 : Step(92): len = 73649.1, overlap = 136.188
PHY-3002 : Step(93): len = 73336.4, overlap = 135.219
PHY-3002 : Step(94): len = 73051.9, overlap = 142.062
PHY-3001 : :::3::: Try harder cell spreading with beta_ = 9.24415e-05
PHY-3002 : Step(95): len = 72918.4, overlap = 142.656
PHY-3002 : Step(96): len = 73203.9, overlap = 140.688
PHY-3001 : :::4::: Try harder cell spreading with beta_ = 0.000177496
PHY-3002 : Step(97): len = 75736.2, overlap = 130.844
PHY-3002 : Step(98): len = 77348.8, overlap = 126.219
PHY-3002 : Step(99): len = 78582.5, overlap = 123.625
PHY-3002 : Step(100): len = 78529.4, overlap = 123
PHY-3002 : Step(101): len = 78589.8, overlap = 122.469
PHY-3002 : Step(102): len = 77754.7, overlap = 122.188
PHY-3001 : :::5::: Try harder cell spreading with beta_ = 0.000354991
PHY-3002 : Step(103): len = 77931.5, overlap = 116.688
PHY-3002 : Step(104): len = 78327.8, overlap = 110.062
PHY-3001 : :::6::: Try harder cell spreading with beta_ = 0.000709982
PHY-3002 : Step(105): len = 79063.5, overlap = 95.4688
PHY-3002 : Step(106): len = 79414.3, overlap = 95.5938
PHY-3002 : Step(107): len = 80666.3, overlap = 85.5312
PHY-3002 : Step(108): len = 81352.5, overlap = 85.6875
PHY-3002 : Step(109): len = 81376, overlap = 97.2812
PHY-3002 : Step(110): len = 80793.6, overlap = 92.375
PHY-3002 : Step(111): len = 80415.4, overlap = 87.5312
PHY-3001 : :::7::: Try harder cell spreading with beta_ = 0.00141996
PHY-3002 : Step(112): len = 80184.1, overlap = 83.5625
PHY-3002 : Step(113): len = 79549.4, overlap = 82
PHY-3001 : :::8::: Try harder cell spreading with beta_ = 0.00283993
PHY-3002 : Step(114): len = 79494.7, overlap = 82.4688
PHY-3002 : Step(115): len = 79514.3, overlap = 82.375
PHY-3001 : :::9::: Try harder cell spreading with beta_ = 0.00507011
PHY-3002 : Step(116): len = 79656.2, overlap = 81.875
PHY-3002 : Step(117): len = 79839.9, overlap = 81.7188
PHY-3001 : :::10::: Try harder cell spreading with beta_ = 0.0101402
PHY-3002 : Step(118): len = 79872.3, overlap = 82.0312
PHY-3002 : Step(119): len = 79913.4, overlap = 82.2188
PHY-3001 : :::11::: Try harder cell spreading with beta_ = 0.0177034
PHY-3002 : Step(120): len = 79963.7, overlap = 82.25
PHY-3002 : Step(121): len = 79963.7, overlap = 82.25
PHY-3001 : Run with size of 2
PHY-3001 : Cell area utilization is 18%
PHY-3001 : Update timing in Manhattan mode ...
TMR-2503 : Start to update net delay, extr mode = 3.
TMR-2504 : Update delay of 3546 nets completely.
TMR-2502 : Annotate delay completely, extr mode = 3.
TMR-3501 : Forward propagation: start to calculate arrival time...
TMR-3502 : Backward propagation: start to calculate required time...
TMR-3503 : Timing propagation completes.
PHY-3001 : End timing update;  0.080648s wall, 0.062500s user + 0.000000s system = 0.062500s CPU (77.5%)

PHY-3001 : :::0::: Try harder cell spreading with beta_ = 6.76085e-05
PHY-3002 : Step(122): len = 84242.1, overlap = 175.938
PHY-3002 : Step(123): len = 87119.9, overlap = 162.5
PHY-3002 : Step(124): len = 85938, overlap = 153.312
PHY-3002 : Step(125): len = 85206.4, overlap = 147.562
PHY-3002 : Step(126): len = 83650.7, overlap = 149.719
PHY-3002 : Step(127): len = 83515.4, overlap = 149.438
PHY-3002 : Step(128): len = 81450.9, overlap = 139.281
PHY-3002 : Step(129): len = 81076.6, overlap = 138.094
PHY-3002 : Step(130): len = 80042.4, overlap = 129.125
PHY-3001 : :::1::: Try harder cell spreading with beta_ = 0.000135217
PHY-3002 : Step(131): len = 81368, overlap = 112.375
PHY-3002 : Step(132): len = 81722.9, overlap = 111.906
PHY-3002 : Step(133): len = 81571.4, overlap = 112.062
PHY-3001 : :::2::: Try harder cell spreading with beta_ = 0.000270434
PHY-3002 : Step(134): len = 83585.6, overlap = 101.438
PHY-3002 : Step(135): len = 84475.3, overlap = 94.875
PHY-3002 : Step(136): len = 83915.9, overlap = 95.8125
PHY-3001 : :::3::: Try harder cell spreading with beta_ = 0.000540868
PHY-3002 : Step(137): len = 85698.5, overlap = 89.3125
PHY-3002 : Step(138): len = 86060.3, overlap = 88.6875
PHY-3002 : Step(139): len = 85630.4, overlap = 93.0312
PHY-3001 : :::4::: Try harder cell spreading with beta_ = 0.00108174
PHY-3002 : Step(140): len = 87009.6, overlap = 85.6562
PHY-3002 : Step(141): len = 87883.7, overlap = 86.0312
PHY-3002 : Step(142): len = 87967.2, overlap = 82.6875
PHY-3001 : :::5::: Try harder cell spreading with beta_ = 0.00216347
PHY-3002 : Step(143): len = 88350.4, overlap = 85.8125
PHY-3002 : Step(144): len = 88655.8, overlap = 87.625
PHY-3001 : :::6::: Try harder cell spreading with beta_ = 0.00432694
PHY-3002 : Step(145): len = 89074.9, overlap = 85.4062
PHY-3002 : Step(146): len = 89916.5, overlap = 82.9375
PHY-3001 : :::7::: Try harder cell spreading with beta_ = 0.00865388
PHY-3002 : Step(147): len = 90083.1, overlap = 83.0938
PHY-3002 : Step(148): len = 90476.3, overlap = 82.875
PHY-3001 : :::8::: Try harder cell spreading with beta_ = 0.0154109
PHY-3002 : Step(149): len = 90696.3, overlap = 82.3125
PHY-3002 : Step(150): len = 91012.8, overlap = 81.5312
PHY-3001 : :::9::: Try harder cell spreading with beta_ = 0.0308218
PHY-3002 : Step(151): len = 91054.6, overlap = 82.3438
PHY-3002 : Step(152): len = 91217.2, overlap = 82.5938
OPT-1001 : Start physical optimization ...
RUN-1002 : start command "start_timer -report"
TMR-2505 : Start building timing graph for model top.
TMR-2506 : Build timing graph completely. Port num: 22, tpin num: 16536, tnet num: 3546, tinst num: 3091, tnode num: 20189, tedge num: 26921.
TMR-2508 : Levelizing timing graph completed, there are 43 levels in total.
TMR-2501 : Timing graph initialized successfully.
OPT-1001 : Total overflow 248.31 peak overflow 4.62
OPT-1001 : Start high-fanout net optimization ...
OPT-1001 : Update timing in global mode
PHY-1001 : Start incremental global routing, caller is place ...
RUN-1001 : Generating global routing grids ...
RUN-1001 : Building simple global routing graph ...
PHY-1001 : Generate routing nets ...
PHY-1001 : Reuse net number 0/4956.
PHY-1001 : Global iterations in 16 thread ...
PHY-1002 : len = 116384, over cnt = 447(1%), over = 2076, worst = 39
PHY-1001 : End global iterations;  0.137488s wall, 0.062500s user + 0.000000s system = 0.062500s CPU (45.5%)

PHY-1001 : Congestion index: top1 = 45.26, top5 = 33.67, top10 = 26.60, top15 = 21.65.
PHY-1001 : End incremental global routing;  0.193219s wall, 0.109375s user + 0.000000s system = 0.109375s CPU (56.6%)

TMR-2503 : Start to update net delay, extr mode = 5.
TMR-2504 : Update delay of 3546 nets completely.
TMR-2502 : Annotate delay completely, extr mode = 5.
TMR-3001 : Initiate 5 clocks from SDC.
TMR-3004 : Map sdc constraints, there are 8 constraints in total.
TMR-3003 : Constraints initiated successfully.
TMR-3501 : Forward propagation: start to calculate arrival time...
TMR-3502 : Backward propagation: start to calculate required time...
TMR-3503 : Timing propagation completes.
OPT-1001 : End timing update;  0.089765s wall, 0.078125s user + 0.000000s system = 0.078125s CPU (87.0%)

OPT-1001 : 4 high-fanout net processed.
PHY-3001 : Start incremental placement ...
PHY-1001 : Populate physical database on model top.
PHY-3001 : Initial placement ...
PHY-3001 : eco special cells: 1 has valid locations, 0 needs to be replaced
PHY-3001 : eco pad cells: 102 has valid locations, 0 needs to be replaced
PHY-3001 : eco cells: 2980 has valid locations, 24 needs to be replaced
PHY-3001 : design contains 3111 instances, 1515 luts, 848 seqs, 641 slices, 169 macros(641 instances: 423 mslices 218 lslices)
PHY-3001 : Global placement ...
PHY-3001 : Initial: Len = 92051.6
PHY-3001 : Run with size of 4
PHY-3001 : Cell area utilization is 18%
PHY-3001 : Update timing in Manhattan mode ...
RUN-1002 : start command "start_timer -report"
TMR-2505 : Start building timing graph for model top.
TMR-2506 : Build timing graph completely. Port num: 22, tpin num: 16630, tnet num: 3566, tinst num: 3111, tnode num: 20357, tedge num: 27069.
TMR-2508 : Levelizing timing graph completed, there are 43 levels in total.
TMR-2501 : Timing graph initialized successfully.
TMR-2503 : Start to update net delay, extr mode = 3.
TMR-2504 : Update delay of 3566 nets completely.
TMR-2502 : Annotate delay completely, extr mode = 3.
TMR-3001 : Initiate 5 clocks from SDC.
TMR-3004 : Map sdc constraints, there are 8 constraints in total.
TMR-3003 : Constraints initiated successfully.
TMR-3501 : Forward propagation: start to calculate arrival time...
TMR-3502 : Backward propagation: start to calculate required time...
TMR-3503 : Timing propagation completes.
PHY-3001 : End timing update;  0.530048s wall, 0.343750s user + 0.000000s system = 0.343750s CPU (64.9%)

PHY-3001 : :::0::: Try harder cell spreading with beta_ = 0
PHY-3002 : Step(153): len = 91948.2, overlap = 4.6875
PHY-3002 : Step(154): len = 91971.7, overlap = 4.6875
PHY-3002 : Step(155): len = 92024.8, overlap = 4.6875
PHY-3002 : Step(156): len = 91996.6, overlap = 4.6875
PHY-3001 : Run with size of 2
PHY-3001 : Cell area utilization is 18%
PHY-3001 : Update timing in Manhattan mode ...
TMR-2503 : Start to update net delay, extr mode = 3.
TMR-2504 : Update delay of 3566 nets completely.
TMR-2502 : Annotate delay completely, extr mode = 3.
TMR-3501 : Forward propagation: start to calculate arrival time...
TMR-3502 : Backward propagation: start to calculate required time...
TMR-3503 : Timing propagation completes.
PHY-3001 : End timing update;  0.084776s wall, 0.062500s user + 0.000000s system = 0.062500s CPU (73.7%)

PHY-3001 : :::0::: Try harder cell spreading with beta_ = 0
PHY-3002 : Step(157): len = 91985.2, overlap = 82.5938
PHY-3002 : Step(158): len = 92005.9, overlap = 82.5938
PHY-3001 : Final: Len = 92005.9, Over = 82.5938
PHY-3001 : End incremental placement;  0.728952s wall, 0.468750s user + 0.000000s system = 0.468750s CPU (64.3%)

OPT-1001 : Total overflow 248.69 peak overflow 4.62
OPT-1001 : End high-fanout net optimization;  1.081136s wall, 0.687500s user + 0.000000s system = 0.687500s CPU (63.6%)

OPT-1001 : Current memory(MB): used = 250, reserve = 225, peak = 251.
OPT-1001 : Start global optimization ...
OPT-1001 : Start congestion update ...
RUN-1001 : Generating global routing grids ...
PHY-1001 : Generate routing nets ...
PHY-1001 : Reuse net number 3168/4976.
PHY-1001 : Global iterations in 16 thread ...
PHY-1002 : len = 117128, over cnt = 452(1%), over = 2038, worst = 39
PHY-1002 : len = 131712, over cnt = 371(1%), over = 1096, worst = 26
PHY-1002 : len = 141976, over cnt = 158(0%), over = 427, worst = 18
PHY-1002 : len = 148568, over cnt = 13(0%), over = 13, worst = 1
PHY-1002 : len = 149096, over cnt = 0(0%), over = 0, worst = 0
PHY-1001 : End global iterations;  0.149555s wall, 0.093750s user + 0.000000s system = 0.093750s CPU (62.7%)

PHY-1001 : Congestion index: top1 = 40.88, top5 = 32.60, top10 = 27.60, top15 = 23.91.
OPT-1001 : End congestion update;  0.197842s wall, 0.140625s user + 0.000000s system = 0.140625s CPU (71.1%)

OPT-1001 : Update timing in Manhattan mode
TMR-2503 : Start to update net delay, extr mode = 3.
TMR-2504 : Update delay of 3566 nets completely.
TMR-2502 : Annotate delay completely, extr mode = 3.
TMR-3501 : Forward propagation: start to calculate arrival time...
TMR-3502 : Backward propagation: start to calculate required time...
TMR-3503 : Timing propagation completes.
OPT-1001 : End timing update;  0.083500s wall, 0.046875s user + 0.000000s system = 0.046875s CPU (56.1%)

OPT-0007 : Start: WNS 722 TNS 0 NUM_FEPS 0
OPT-0007 : Iter 1: improved WNS 822 TNS 0 NUM_FEPS 0 with 14 cells processed and 650 slack improved
OPT-0007 : Iter 2: improved WNS 822 TNS 0 NUM_FEPS 0 with 8 cells processed and 500 slack improved
OPT-0007 : Iter 3: improved WNS 822 TNS 0 NUM_FEPS 0 with 4 cells processed and 200 slack improved
OPT-0007 : Iter 4: improved WNS 822 TNS 0 NUM_FEPS 0 with 2 cells processed and 100 slack improved
OPT-1001 : End global optimization;  0.293270s wall, 0.187500s user + 0.000000s system = 0.187500s CPU (63.9%)

OPT-1001 : Current memory(MB): used = 245, reserve = 221, peak = 251.
OPT-1001 : End physical optimization;  1.909506s wall, 1.187500s user + 0.000000s system = 1.187500s CPU (62.2%)

PHY-3001 : Start packing ...
SYN-4007 : Packing 0 MUX to BLE ...
SYN-4008 : Packed 0 MUX and 0 SEQ to BLE.
SYN-4007 : Packing 1515 LUT to BLE ...
SYN-4008 : Packed 1515 LUT and 576 SEQ to BLE.
SYN-4003 : Packing 272 remaining SEQ's ...
SYN-4005 : Packed 181 SEQ with LUT/SLICE
SYN-4006 : 778 single LUT's are left
SYN-4006 : 91 single SEQ's are left
SYN-4011 : Packing model "top" (AL_USER_NORMAL) with 1606/2484 primitive instances ...
PHY-3001 : End packing;  0.074904s wall, 0.078125s user + 0.000000s system = 0.078125s CPU (104.3%)

PHY-1001 : Populate physical database on model top.
RUN-1001 : There are total 1609 instances
RUN-1001 : 750 mslices, 750 lslices, 102 pads, 0 brams, 0 dsps
RUN-1001 : There are total 4457 nets
RUN-1001 : 2640 nets have 2 pins
RUN-1001 : 1495 nets have [3 - 5] pins
RUN-1001 : 124 nets have [6 - 10] pins
RUN-1001 : 110 nets have [11 - 20] pins
RUN-1001 : 75 nets have [21 - 99] pins
RUN-1001 : 13 nets have 100+ pins
PHY-3001 : design contains 1607 instances, 1500 slices, 169 macros(641 instances: 423 mslices 218 lslices)
PHY-3001 : Cell area utilization is 19%
PHY-3001 : After packing: Len = 91111.8, Over = 102
PHY-3001 : Run with size of 2
PHY-3001 : Cell area utilization is 19%
PHY-3001 : Update timing in Manhattan mode ...
RUN-1002 : start command "start_timer -report"
TMR-2505 : Start building timing graph for model top.
TMR-2506 : Build timing graph completely. Port num: 22, tpin num: 14930, tnet num: 3047, tinst num: 1607, tnode num: 17888, tedge num: 25196.
TMR-2508 : Levelizing timing graph completed, there are 41 levels in total.
TMR-2501 : Timing graph initialized successfully.
TMR-2503 : Start to update net delay, extr mode = 3.
TMR-2504 : Update delay of 3047 nets completely.
TMR-2502 : Annotate delay completely, extr mode = 3.
TMR-3001 : Initiate 5 clocks from SDC.
TMR-3004 : Map sdc constraints, there are 8 constraints in total.
TMR-3003 : Constraints initiated successfully.
TMR-3501 : Forward propagation: start to calculate arrival time...
TMR-3502 : Backward propagation: start to calculate required time...
TMR-3503 : Timing propagation completes.
PHY-3001 : End timing update;  0.549885s wall, 0.390625s user + 0.015625s system = 0.406250s CPU (73.9%)

PHY-3001 : :::0::: Try harder cell spreading with beta_ = 0.000108325
PHY-3002 : Step(159): len = 89016.5, overlap = 103
PHY-3002 : Step(160): len = 87663.2, overlap = 109.5
PHY-3002 : Step(161): len = 87067.2, overlap = 110.5
PHY-3002 : Step(162): len = 86987.8, overlap = 108
PHY-3002 : Step(163): len = 86924.1, overlap = 108.75
PHY-3002 : Step(164): len = 86979.6, overlap = 114.25
PHY-3001 : :::1::: Try harder cell spreading with beta_ = 0.00021665
PHY-3002 : Step(165): len = 89464.8, overlap = 108.75
PHY-3002 : Step(166): len = 90644.5, overlap = 106.5
PHY-3002 : Step(167): len = 90347.5, overlap = 104.5
PHY-3001 : :::2::: Try harder cell spreading with beta_ = 0.0004333
PHY-3002 : Step(168): len = 92504.9, overlap = 101.5
PHY-3002 : Step(169): len = 94539.4, overlap = 97.75
PHY-3002 : Step(170): len = 95429.2, overlap = 93.5
PHY-3002 : Step(171): len = 95408.4, overlap = 92
PHY-3002 : Step(172): len = 95329, overlap = 85.25
PHY-3001 : Legalization ...
PHY-3001 : End legalization;  0.256036s wall, 0.046875s user + 0.093750s system = 0.140625s CPU (54.9%)

PHY-3001 : Trial Legalized: Len = 117784
PHY-3001 : Run with size of 2
PHY-3001 : Cell area utilization is 18%
PHY-3001 : Update timing in Manhattan mode ...
TMR-2503 : Start to update net delay, extr mode = 3.
TMR-2504 : Update delay of 3047 nets completely.
TMR-2502 : Annotate delay completely, extr mode = 3.
TMR-3501 : Forward propagation: start to calculate arrival time...
TMR-3502 : Backward propagation: start to calculate required time...
TMR-3503 : Timing propagation completes.
PHY-3001 : End timing update;  0.090579s wall, 0.015625s user + 0.000000s system = 0.015625s CPU (17.3%)

PHY-3001 : :::0::: Try harder cell spreading with beta_ = 0.00131897
PHY-3002 : Step(173): len = 109616, overlap = 14.75
PHY-3002 : Step(174): len = 105838, overlap = 22.25
PHY-3002 : Step(175): len = 103332, overlap = 31.5
PHY-3002 : Step(176): len = 102059, overlap = 33.25
PHY-3002 : Step(177): len = 101100, overlap = 35.75
PHY-3002 : Step(178): len = 100517, overlap = 38.25
PHY-3002 : Step(179): len = 99769.5, overlap = 40
PHY-3001 : :::1::: Try harder cell spreading with beta_ = 0.00260789
PHY-3002 : Step(180): len = 100069, overlap = 39.25
PHY-3002 : Step(181): len = 100245, overlap = 39.75
PHY-3002 : Step(182): len = 100420, overlap = 39.5
PHY-3001 : :::2::: Try harder cell spreading with beta_ = 0.00521577
PHY-3002 : Step(183): len = 100479, overlap = 39.75
PHY-3002 : Step(184): len = 100636, overlap = 39.5
PHY-3001 : Legalization ...
PHY-3001 : End legalization;  0.009383s wall, 0.000000s user + 0.000000s system = 0.000000s CPU (n/a%)

PHY-3001 : Legalized: Len = 110082, Over = 0
PHY-3001 : Spreading special nets. 34 overflows in 2952 tiles.
PHY-3001 : End spreading;  0.014271s wall, 0.000000s user + 0.000000s system = 0.000000s CPU (n/a%)

PHY-3001 : 45 instances has been re-located, deltaX = 34, deltaY = 23, maxDist = 3.
PHY-3001 : Final: Len = 111498, Over = 0
OPT-1001 : Start physical optimization ...
RUN-1002 : start command "start_timer -report"
TMR-2505 : Start building timing graph for model top.
TMR-2506 : Build timing graph completely. Port num: 22, tpin num: 14930, tnet num: 3047, tinst num: 1607, tnode num: 17888, tedge num: 25196.
TMR-2508 : Levelizing timing graph completed, there are 41 levels in total.
TMR-2501 : Timing graph initialized successfully.
OPT-1001 : Total overflow 0.00 peak overflow 0.00
OPT-1001 : Start high-fanout net optimization ...
OPT-1001 : Update timing in global mode
PHY-1001 : Start incremental global routing, caller is place ...
RUN-1001 : Generating global routing grids ...
PHY-1001 : Generate routing nets ...
PHY-1001 : Reuse net number 77/4457.
PHY-1001 : Global iterations in 16 thread ...
PHY-1002 : len = 144120, over cnt = 392(1%), over = 701, worst = 8
PHY-1002 : len = 147312, over cnt = 187(0%), over = 291, worst = 7
PHY-1002 : len = 149720, over cnt = 36(0%), over = 47, worst = 3
PHY-1002 : len = 149976, over cnt = 19(0%), over = 23, worst = 3
PHY-1002 : len = 150352, over cnt = 0(0%), over = 0, worst = 0
PHY-1001 : End global iterations;  0.335612s wall, 0.125000s user + 0.000000s system = 0.125000s CPU (37.2%)

PHY-1001 : Congestion index: top1 = 33.73, top5 = 28.51, top10 = 24.94, top15 = 22.18.
PHY-1001 : End incremental global routing;  0.405600s wall, 0.125000s user + 0.000000s system = 0.125000s CPU (30.8%)

TMR-2503 : Start to update net delay, extr mode = 5.
TMR-2504 : Update delay of 3047 nets completely.
TMR-2502 : Annotate delay completely, extr mode = 5.
TMR-3001 : Initiate 5 clocks from SDC.
TMR-3004 : Map sdc constraints, there are 8 constraints in total.
TMR-3003 : Constraints initiated successfully.
TMR-3501 : Forward propagation: start to calculate arrival time...
TMR-3502 : Backward propagation: start to calculate required time...
TMR-3503 : Timing propagation completes.
OPT-1001 : End timing update;  0.090331s wall, 0.031250s user + 0.000000s system = 0.031250s CPU (34.6%)

OPT-1001 : 1 high-fanout net processed.
PHY-3001 : Start incremental placement ...
PHY-1001 : Populate physical database on model top.
PHY-3001 : Initial placement ...
PHY-3001 : eco special cells: 1 has valid locations, 0 needs to be replaced
PHY-3001 : eco pad cells: 102 has valid locations, 0 needs to be replaced
PHY-3001 : eco cells: 1499 has valid locations, 7 needs to be replaced
PHY-3001 : design contains 1613 instances, 1506 slices, 169 macros(641 instances: 423 mslices 218 lslices)
PHY-3001 : Global placement ...
PHY-3001 : Initial: Len = 112059
PHY-3001 : Run with size of 4
PHY-3001 : Cell area utilization is 19%
PHY-3001 : Update timing in Manhattan mode ...
RUN-1002 : start command "start_timer -report"
TMR-2505 : Start building timing graph for model top.
TMR-2506 : Build timing graph completely. Port num: 22, tpin num: 14971, tnet num: 3052, tinst num: 1613, tnode num: 17929, tedge num: 25247.
TMR-2508 : Levelizing timing graph completed, there are 41 levels in total.
TMR-2501 : Timing graph initialized successfully.
TMR-2503 : Start to update net delay, extr mode = 3.
TMR-2504 : Update delay of 3052 nets completely.
TMR-2502 : Annotate delay completely, extr mode = 3.
TMR-3001 : Initiate 5 clocks from SDC.
TMR-3004 : Map sdc constraints, there are 8 constraints in total.
TMR-3003 : Constraints initiated successfully.
TMR-3501 : Forward propagation: start to calculate arrival time...
TMR-3502 : Backward propagation: start to calculate required time...
TMR-3503 : Timing propagation completes.
PHY-3001 : End timing update;  0.617894s wall, 0.140625s user + 0.015625s system = 0.156250s CPU (25.3%)

PHY-3001 : :::0::: Try harder cell spreading with beta_ = 0
PHY-3002 : Step(185): len = 111837, overlap = 0.5
PHY-3002 : Step(186): len = 111821, overlap = 0.25
PHY-3002 : Step(187): len = 111803, overlap = 0
PHY-3002 : Step(188): len = 111803, overlap = 0
PHY-3001 : Run with size of 2
PHY-3001 : Cell area utilization is 19%
PHY-3001 : Update timing in Manhattan mode ...
TMR-2503 : Start to update net delay, extr mode = 3.
TMR-2504 : Update delay of 3052 nets completely.
TMR-2502 : Annotate delay completely, extr mode = 3.
TMR-3501 : Forward propagation: start to calculate arrival time...
TMR-3502 : Backward propagation: start to calculate required time...
TMR-3503 : Timing propagation completes.
PHY-3001 : End timing update;  0.074092s wall, 0.031250s user + 0.000000s system = 0.031250s CPU (42.2%)

PHY-3001 : :::0::: Try harder cell spreading with beta_ = 0.000327156
PHY-3002 : Step(189): len = 111821, overlap = 0.25
PHY-3002 : Step(190): len = 111821, overlap = 0.25
PHY-3001 : Legalization ...
PHY-3001 : End legalization;  0.004005s wall, 0.000000s user + 0.000000s system = 0.000000s CPU (n/a%)

PHY-3001 : Legalized: Len = 111804, Over = 0
PHY-3001 : End spreading;  0.013026s wall, 0.015625s user + 0.000000s system = 0.015625s CPU (120.0%)

PHY-3001 : Final: Len = 111804, Over = 0
PHY-3001 : End incremental placement;  0.836781s wall, 0.234375s user + 0.031250s system = 0.265625s CPU (31.7%)

OPT-1001 : Total overflow 0.00 peak overflow 0.00
OPT-1001 : End high-fanout net optimization;  1.404634s wall, 0.453125s user + 0.031250s system = 0.484375s CPU (34.5%)

OPT-1001 : Current memory(MB): used = 263, reserve = 240, peak = 263.
OPT-1001 : Start path based optimization ...
OPT-1001 : Start congestion update ...
RUN-1001 : Generating global routing grids ...
PHY-1001 : Generate routing nets ...
PHY-1001 : Reuse net number 2677/4462.
PHY-1001 : Global iterations in 16 thread ...
PHY-1002 : len = 150704, over cnt = 12(0%), over = 13, worst = 2
PHY-1002 : len = 150736, over cnt = 2(0%), over = 2, worst = 1
PHY-1002 : len = 150768, over cnt = 0(0%), over = 0, worst = 0
PHY-1001 : End global iterations;  0.048212s wall, 0.015625s user + 0.000000s system = 0.015625s CPU (32.4%)

PHY-1001 : Congestion index: top1 = 33.73, top5 = 28.50, top10 = 24.96, top15 = 22.22.
OPT-1001 : End congestion update;  0.123620s wall, 0.062500s user + 0.000000s system = 0.062500s CPU (50.6%)

OPT-1001 : Update timing in Manhattan mode
TMR-2503 : Start to update net delay, extr mode = 3.
TMR-2504 : Update delay of 3052 nets completely.
TMR-2502 : Annotate delay completely, extr mode = 3.
TMR-3501 : Forward propagation: start to calculate arrival time...
TMR-3502 : Backward propagation: start to calculate required time...
TMR-3503 : Timing propagation completes.
OPT-1001 : End timing update;  0.075158s wall, 0.031250s user + 0.000000s system = 0.031250s CPU (41.6%)

OPT-0007 : Start: WNS 772 TNS 0 NUM_FEPS 0
PHY-3001 : Start incremental legalization ...
PHY-1001 : Populate physical database on model top.
PHY-3001 : Initial placement ...
PHY-3001 : eco special cells: 1 has valid locations, 0 needs to be replaced
PHY-3001 : eco pad cells: 102 has valid locations, 0 needs to be replaced
PHY-3001 : eco cells: 1506 has valid locations, 0 needs to be replaced
PHY-3001 : design contains 1613 instances, 1506 slices, 169 macros(641 instances: 423 mslices 218 lslices)
PHY-3001 : Cell area utilization is 19%
PHY-3001 : Initial: Len = 111743, Over = 0
PHY-3001 : Spreading special nets. 1 overflows in 2952 tiles.
PHY-3001 : End spreading;  0.007509s wall, 0.015625s user + 0.000000s system = 0.015625s CPU (208.1%)

PHY-3001 : 1 instances has been re-located, deltaX = 0, deltaY = 2, maxDist = 2.
PHY-3001 : Final: Len = 111797, Over = 0
PHY-3001 : End incremental legalization;  0.052552s wall, 0.031250s user + 0.000000s system = 0.031250s CPU (59.5%)

OPT-0007 : Iter 1: improved WNS 922 TNS 0 NUM_FEPS 0 with 3 cells processed and 250 slack improved
OPT-0007 : Iter 2: improved WNS 922 TNS 0 NUM_FEPS 0 with 0 cells processed and 0 slack improved
OPT-1001 : End path based optimization;  0.273220s wall, 0.125000s user + 0.000000s system = 0.125000s CPU (45.8%)

OPT-1001 : Current memory(MB): used = 265, reserve = 242, peak = 265.
OPT-1001 : Update timing in Manhattan mode
TMR-2503 : Start to update net delay, extr mode = 3.
TMR-2504 : Update delay of 3052 nets completely.
TMR-2502 : Annotate delay completely, extr mode = 3.
TMR-3501 : Forward propagation: start to calculate arrival time...
TMR-3502 : Backward propagation: start to calculate required time...
TMR-3503 : Timing propagation completes.
OPT-1001 : End timing update;  0.078997s wall, 0.046875s user + 0.000000s system = 0.046875s CPU (59.3%)

OPT-1001 : Start pin optimization...
OPT-1001 : skip pin optimization...
RUN-1001 : Generating global routing grids ...
PHY-1001 : Generate routing nets ...
PHY-1001 : Reuse net number 2675/4462.
PHY-1001 : Global iterations in 16 thread ...
PHY-1002 : len = 150736, over cnt = 5(0%), over = 5, worst = 1
PHY-1002 : len = 150744, over cnt = 1(0%), over = 1, worst = 1
PHY-1002 : len = 150744, over cnt = 0(0%), over = 0, worst = 0
PHY-1001 : End global iterations;  0.035674s wall, 0.000000s user + 0.000000s system = 0.000000s CPU (n/a%)

PHY-1001 : Congestion index: top1 = 33.79, top5 = 28.52, top10 = 24.97, top15 = 22.21.
OPT-1001 : Update timing in Manhattan mode
TMR-2503 : Start to update net delay, extr mode = 3.
TMR-2504 : Update delay of 3052 nets completely.
TMR-2502 : Annotate delay completely, extr mode = 3.
TMR-3501 : Forward propagation: start to calculate arrival time...
TMR-3502 : Backward propagation: start to calculate required time...
TMR-3503 : Timing propagation completes.
OPT-1001 : End timing update;  0.075914s wall, 0.015625s user + 0.000000s system = 0.015625s CPU (20.6%)

RUN-1001 : QoR Analysis:
OPT-0007 :   WNS 922 TNS 0 NUM_FEPS 0
RUN-1001 :   No local congestion issue, and most congested 1% tile average routing util is 33.379310
RUN-1001 :   Top critical paths
RUN-1001 :       #1 path slack 922ps with logic level 2 
OPT-1001 : End physical optimization;  2.477081s wall, 0.875000s user + 0.046875s system = 0.921875s CPU (37.2%)

RUN-1003 : finish command "place" in  9.839599s wall, 4.703125s user + 0.484375s system = 5.187500s CPU (52.7%)

RUN-1004 : used memory is 233 MB, reserved memory is 208 MB, peak memory is 265 MB
RUN-1002 : start command "export_db pic_sdram_place.db"
RUN-1001 : Exported /
RUN-1001 : Exported flow parameters
RUN-1001 : Exported libs
RUN-1001 : Exported entities
RUN-1001 : Exported ports
RUN-1001 : Exported pins
RUN-1001 : Exported instances
RUN-1001 : Exported nets
RUN-1001 : Exported buses
RUN-1001 : Exported models
RUN-1001 : Exported congestions
RUN-1001 : Exported violations
RUN-1001 : Exported timing constraints
RUN-1001 : Exported IO constraints
RUN-1001 : Exported Inst constraints
RUN-1002 : start command "route"
RUN-1001 : Open license file D:/Program/Anlogic/TD5.6.2/license/Anlogic.lic
RUN-1001 : Print Global Property
RUN-1001 : ---------------------------------------------------------------
RUN-1001 :        Parameters        |  Settings  |  Default Values  |  Note  
RUN-1001 : ---------------------------------------------------------------
RUN-1001 :          message         |  standard  |     standard     |        
RUN-1001 :   mixed_pack_place_flow  |     on     |        on        |        
RUN-1001 :        qor_monitor       |    off     |       off        |        
RUN-1001 :        syn_ip_flow       |    off     |       off        |        
RUN-1001 :          thread          |    auto    |       auto       |        
RUN-1001 : ---------------------------------------------------------------
RUN-1001 : Print Route Property
RUN-1001 : -------------------------------------------------------
RUN-1001 :    Parameters    |  Settings  |  Default Values  |  Note  
RUN-1001 : -------------------------------------------------------
RUN-1001 :      effort      |   medium   |      medium      |        
RUN-1001 :     fix_hold     |    off     |       off        |        
RUN-1001 :    opt_timing    |   medium   |      medium      |        
RUN-1001 :   phy_sim_model  |    off     |       off        |        
RUN-1001 :     priority     |   timing   |      timing      |        
RUN-1001 :     swap_pin     |     on     |        on        |        
RUN-1001 : -------------------------------------------------------
PHY-1001 : Route runs in 16 thread(s)
RUN-1001 : There are total 1615 instances
RUN-1001 : 756 mslices, 750 lslices, 102 pads, 0 brams, 0 dsps
RUN-1001 : There are total 4462 nets
RUN-1001 : 2640 nets have 2 pins
RUN-1001 : 1496 nets have [3 - 5] pins
RUN-1001 : 125 nets have [6 - 10] pins
RUN-1001 : 113 nets have [11 - 20] pins
RUN-1001 : 75 nets have [21 - 99] pins
RUN-1001 : 13 nets have 100+ pins
RUN-1002 : start command "start_timer -report"
TMR-2505 : Start building timing graph for model top.
TMR-2506 : Build timing graph completely. Port num: 22, tpin num: 14971, tnet num: 3052, tinst num: 1613, tnode num: 17929, tedge num: 25247.
TMR-2508 : Levelizing timing graph completed, there are 41 levels in total.
TMR-2501 : Timing graph initialized successfully.
PHY-1001 : 756 mslices, 750 lslices, 102 pads, 0 brams, 0 dsps
TMR-2503 : Start to update net delay, extr mode = 3.
TMR-2504 : Update delay of 3052 nets completely.
TMR-2502 : Annotate delay completely, extr mode = 3.
TMR-3001 : Initiate 5 clocks from SDC.
TMR-3004 : Map sdc constraints, there are 8 constraints in total.
TMR-3003 : Constraints initiated successfully.
TMR-3501 : Forward propagation: start to calculate arrival time...
TMR-3502 : Backward propagation: start to calculate required time...
TMR-3503 : Timing propagation completes.
PHY-1001 : Start global routing, caller is route ...
RUN-1001 : Generating global routing grids ...
PHY-1001 : Generate routing nets ...
PHY-1001 : Global iterations in 16 thread ...
PHY-1002 : len = 142912, over cnt = 399(1%), over = 736, worst = 8
PHY-1002 : len = 145896, over cnt = 180(0%), over = 302, worst = 7
PHY-1002 : len = 147848, over cnt = 69(0%), over = 123, worst = 7
PHY-1002 : len = 149112, over cnt = 0(0%), over = 0, worst = 0
PHY-1001 : End global iterations;  0.252920s wall, 0.062500s user + 0.000000s system = 0.062500s CPU (24.7%)

PHY-1001 : Congestion index: top1 = 33.56, top5 = 28.32, top10 = 24.82, top15 = 22.07.
PHY-1001 : End global routing;  0.319179s wall, 0.078125s user + 0.000000s system = 0.078125s CPU (24.5%)

PHY-1001 : Start detail routing ...
PHY-1001 : Current memory(MB): used = 284, reserve = 261, peak = 291.
PHY-1001 : Detailed router is running in normal mode.
PHY-1001 : Generate detailed routing grids ...
PHY-1001 : Generate nets ...
PHY-1001 : net clk_dup_1 will be routed on clock mesh
PHY-1001 : net flash_write_read_m0/flash_cmd_m0/sys_clk will be routed on clock mesh
PHY-1001 : net frame_read_write_m0/frame_fifo_read_m0/mem_clk will be routed on clock mesh
PHY-1001 : clock net frame_read_write_m0/read_buf/clkr will be merged with clock video_pll_m0/clk0_buf
PHY-1001 : clock net frame_read_write_m0/write_buf/clkw will be merged with clock sys_pll_m0/clk0_buf
PHY-1001 : Current memory(MB): used = 545, reserve = 525, peak = 545.
PHY-1001 : End build detailed router design. 2.546189s wall, 0.890625s user + 0.000000s system = 0.890625s CPU (35.0%)

PHY-1001 : Detail Route ...
PHY-1001 : ===== Detail Route Phase 1 =====
PHY-1001 : Clock net routing.....
PHY-1001 : Routed 0% nets.
PHY-1022 : len = 54816, over cnt = 0(0%), over = 0, worst = 0, crit = 0
PHY-1001 : End initial clock net routed; 0.933748s wall, 0.390625s user + 0.000000s system = 0.390625s CPU (41.8%)

PHY-1001 : Current memory(MB): used = 577, reserve = 558, peak = 577.
PHY-1001 : End phase 1; 0.938376s wall, 0.390625s user + 0.000000s system = 0.390625s CPU (41.6%)

PHY-1001 : ===== Detail Route Phase 2 =====
PHY-1001 : Initial routing.....
PHY-1001 : Routed 26% nets.
PHY-1001 : Routed 31% nets.
PHY-1001 : Routed 38% nets.
PHY-1001 : Routed 48% nets.
PHY-1001 : Routed 62% nets.
PHY-1022 : len = 560184, over cnt = 88(0%), over = 88, worst = 1, crit = 0
PHY-1001 : Current memory(MB): used = 579, reserve = 560, peak = 579.
PHY-1001 : End initial routed; 3.827059s wall, 1.437500s user + 0.031250s system = 1.468750s CPU (38.4%)

PHY-1001 : Update timing.....
PHY-1001 : 0/2789(0%) critical/total net(s).
RUN-1001 : --------------------------------------
RUN-1001 :   Type   |  WNS(ns)  |  TNS(ns)  |  FEP  
RUN-1001 : --------------------------------------
RUN-1001 :   Setup  |   0.073   |   0.000   |   0   
RUN-1001 :   Hold   |   0.199   |   0.000   |   0   
RUN-1001 : --------------------------------------
PHY-1001 : End update timing; 0.649963s wall, 0.281250s user + 0.000000s system = 0.281250s CPU (43.3%)

PHY-1001 : Current memory(MB): used = 581, reserve = 562, peak = 581.
PHY-1001 : End phase 2; 4.477076s wall, 1.718750s user + 0.031250s system = 1.750000s CPU (39.1%)

PHY-1001 : ===== Detail Route Phase 3 =====
PHY-1001 : Optimize timing.....
PHY-1022 : len = 560184, over cnt = 88(0%), over = 88, worst = 1, crit = 0
PHY-1001 : End optimize timing; 0.022815s wall, 0.000000s user + 0.000000s system = 0.000000s CPU (n/a%)

PHY-1001 : Ripup-reroute.....
PHY-1001 : ===== DR Iter 1 =====
PHY-1022 : len = 558608, over cnt = 11(0%), over = 11, worst = 1, crit = 0
PHY-1001 : End DR Iter 1; 0.047761s wall, 0.000000s user + 0.000000s system = 0.000000s CPU (n/a%)

PHY-1001 : ===== DR Iter 2 =====
PHY-1022 : len = 558640, over cnt = 0(0%), over = 0, worst = 0, crit = 0
PHY-1001 : End DR Iter 2; 0.031305s wall, 0.000000s user + 0.000000s system = 0.000000s CPU (n/a%)

PHY-1001 : Update timing.....
PHY-1001 : 0/2789(0%) critical/total net(s).
RUN-1001 : --------------------------------------
RUN-1001 :   Type   |  WNS(ns)  |  TNS(ns)  |  FEP  
RUN-1001 : --------------------------------------
RUN-1001 :   Setup  |   0.073   |   0.000   |   0   
RUN-1001 :   Hold   |   0.199   |   0.000   |   0   
RUN-1001 : --------------------------------------
PHY-1001 : End update timing; 0.641932s wall, 0.171875s user + 0.000000s system = 0.171875s CPU (26.8%)

PHY-1001 : Commit to database.....
PHY-1001 : 12 feed throughs used by 11 nets
PHY-1001 : End commit to database; 0.321223s wall, 0.046875s user + 0.000000s system = 0.046875s CPU (14.6%)

PHY-1001 : Current memory(MB): used = 608, reserve = 589, peak = 608.
PHY-1001 : End phase 3; 1.182660s wall, 0.234375s user + 0.000000s system = 0.234375s CPU (19.8%)

PHY-1003 : Routed, final wirelength = 558640
PHY-1001 : Current memory(MB): used = 609, reserve = 590, peak = 609.
PHY-1001 : End export database. 0.011895s wall, 0.000000s user + 0.000000s system = 0.000000s CPU (n/a%)

PHY-1001 : End detail routing;  9.326362s wall, 3.312500s user + 0.031250s system = 3.343750s CPU (35.9%)

RUN-1003 : finish command "route" in  10.261594s wall, 3.625000s user + 0.031250s system = 3.656250s CPU (35.6%)

RUN-1004 : used memory is 554 MB, reserved memory is 539 MB, peak memory is 609 MB
RUN-1002 : start command "report_area -io_info -file pic_sdram_phy.area"
RUN-1001 : standard
***Report Model: top Device: EG4S20BG256***

IO Statistics
#IO                        47
  #input                    6
  #output                  37
  #inout                    4

Utilization Statistics
#lut                     2850   out of  19600   14.54%
#reg                      878   out of  19600    4.48%
#le                      2941
  #lut only              2063   out of   2941   70.15%
  #reg only                91   out of   2941    3.09%
  #lut&reg                787   out of   2941   26.76%
#dsp                        0   out of     29    0.00%
#bram                       0   out of     64    0.00%
  #bram9k                   0
  #fifo9k                   0
#bram32k                    0   out of     16    0.00%
#pad                       47   out of    188   25.00%
  #ireg                     1
  #oreg                    40
  #treg                     1
#pll                        2   out of      4   50.00%
#gclk                       2   out of     16   12.50%

Clock Resource Statistics
Index     ClockNet                                          Type               DriverType         Driver                         Fanout
#1        sys_pll_m0/clk0_buf                               GCLK               pll                sys_pll_m0/pll_inst.clkc0      329
#2        frame_read_write_m0/frame_fifo_read_m0/mem_clk    GCLK               pll                sys_pll_m0/pll_inst.clkc1      270
#3        video_pll_m0/clk0_buf                             GCLK               pll                video_pll_m0/pll_inst.clkc0    88
#4        flash_write_read_m0/flash_cmd_m0/sys_clk          GCLK               pll                sys_pll_m0/pll_inst.clkc2      41
#5        clk_dup_1                                         GCLK               io                 clk_syn_2.di                   26


Detailed IO Report

       Name         Direction    Location    IOStandard    DriveStrength    PullType     PackReg   
       clk            INPUT         R7        LVCMOS33          N/A           NONE        NONE     
       key1           INPUT         B2        LVCMOS33          N/A           NONE        IREG     
       key2           INPUT         B1        LVCMOS33          N/A           NONE        NONE     
      rst_n           INPUT         A2        LVCMOS33          N/A           NONE        NONE     
     sd_miso          INPUT        A13        LVCMOS33          N/A           NONE        NONE     
     switch1          INPUT         C8        LVCMOS33          N/A           NONE        NONE     
    flash_cs_n       OUTPUT         P8        LVCMOS33           8            NONE        OREG     
    flash_sck        OUTPUT         M9        LVCMOS33           8            NONE        OREG     
     sd_dclk         OUTPUT        A14        LVCMOS33           8            NONE        OREG     
     sd_mosi         OUTPUT        B14        LVCMOS33           8            NONE        OREG     
      sd_ncs         OUTPUT        A12        LVCMOS33           8            NONE        OREG     
   seg_data[7]       OUTPUT         A6        LVCMOS33           8            NONE        NONE     
   seg_data[6]       OUTPUT         A7        LVCMOS33           8            NONE        OREG     
   seg_data[5]       OUTPUT         A8        LVCMOS33           8            NONE        OREG     
   seg_data[4]       OUTPUT         B5        LVCMOS33           8            NONE        OREG     
   seg_data[3]       OUTPUT         A5        LVCMOS33           8            NONE        OREG     
   seg_data[2]       OUTPUT         B6        LVCMOS33           8            NONE        OREG     
   seg_data[1]       OUTPUT        C16        LVCMOS33           8            NONE        OREG     
   seg_data[0]       OUTPUT        C15        LVCMOS33           8            NONE        OREG     
    seg_sel[5]       OUTPUT        D11        LVCMOS33           8            NONE        OREG     
    seg_sel[4]       OUTPUT        E11        LVCMOS33           8            NONE        OREG     
    seg_sel[3]       OUTPUT        F10        LVCMOS33           8            NONE        OREG     
    seg_sel[2]       OUTPUT        C13        LVCMOS33           8            NONE        OREG     
    seg_sel[1]       OUTPUT        E10        LVCMOS33           8            NONE        OREG     
    seg_sel[0]       OUTPUT        E12        LVCMOS33           8            NONE        OREG     
   vga_out_b[4]      OUTPUT         D5        LVCMOS33           8            NONE        OREG     
   vga_out_b[3]      OUTPUT         D6        LVCMOS33           8            NONE        OREG     
   vga_out_b[2]      OUTPUT         E6        LVCMOS33           8            NONE        OREG     
   vga_out_b[1]      OUTPUT         F6        LVCMOS33           8            NONE        OREG     
   vga_out_b[0]      OUTPUT        H16        LVCMOS25           8            N/A         OREG     
   vga_out_g[5]      OUTPUT         N6        LVCMOS33           8            NONE        OREG     
   vga_out_g[4]      OUTPUT         N5        LVCMOS33           8            NONE        OREG     
   vga_out_g[3]      OUTPUT         P5        LVCMOS33           8            NONE        OREG     
   vga_out_g[2]      OUTPUT         T5        LVCMOS33           8            NONE        OREG     
   vga_out_g[1]      OUTPUT        F14        LVCMOS25           8            N/A         OREG     
   vga_out_g[0]      OUTPUT         A4        LVCMOS33           8            N/A         OREG     
    vga_out_hs       OUTPUT         E7        LVCMOS33           8            NONE        OREG     
   vga_out_r[4]      OUTPUT        E13        LVCMOS33           8            NONE        OREG     
   vga_out_r[3]      OUTPUT         L8        LVCMOS33           8            NONE        OREG     
   vga_out_r[2]      OUTPUT         L7        LVCMOS33           8            NONE        OREG     
   vga_out_r[1]      OUTPUT         R5        LVCMOS33           8            NONE        OREG     
   vga_out_r[0]      OUTPUT         H5        LVCMOS33           8            N/A         OREG     
    vga_out_vs       OUTPUT         F7        LVCMOS33           8            NONE        OREG     
  flash_qspi_IO0      INOUT         P7        LVCMOS33           8            NONE      OREG;TREG  
  flash_qspi_IO1      INOUT         N8        LVCMOS33           8            NONE        OREG     
  flash_qspi_IO2      INOUT         P9        LVCMOS33           8            NONE        OREG     
  flash_qspi_IO3      INOUT         R9        LVCMOS33           8            NONE        OREG     
      dq[23]          INPUT        S31        LVCMOS25           8           PULLUP       NONE     
      dq[22]          INPUT        S32        LVCMOS25           8           PULLUP       NONE     
      dq[21]          INPUT        S35        LVCMOS25           8           PULLUP       NONE     
      dq[20]          INPUT        S36        LVCMOS25           8           PULLUP       NONE     
      dq[19]          INPUT        S37        LVCMOS25           8           PULLUP       NONE     
      dq[18]          INPUT        S38        LVCMOS25           8           PULLUP       NONE     
      dq[17]          INPUT        S41        LVCMOS25           8           PULLUP       NONE     
      dq[16]          INPUT        S42        LVCMOS25           8           PULLUP       NONE     
      dq[31]          INPUT        S48        LVCMOS25           8           PULLUP       NONE     
      dq[30]          INPUT        S49        LVCMOS25           8           PULLUP       NONE     
      dq[29]          INPUT        S52        LVCMOS25           8           PULLUP       NONE     
      dq[28]          INPUT        S53        LVCMOS25           8           PULLUP       NONE     
      dq[27]          INPUT        S54        LVCMOS25           8           PULLUP       NONE     
      dq[26]          INPUT        S55        LVCMOS25           8           PULLUP       NONE     
      dq[25]          INPUT        S58        LVCMOS25           8           PULLUP       NONE     
      dq[24]          INPUT        S59        LVCMOS25           8           PULLUP       NONE     
       dm0           OUTPUT        S14        LVCMOS25           8            NONE        NONE     
       cke           OUTPUT        S18        LVCMOS25           8            NONE        OREG     
       we_n          OUTPUT        S19        LVCMOS25           8            NONE        OREG     
      cas_n          OUTPUT        S20        LVCMOS25           8            NONE        OREG     
      ras_n          OUTPUT        S21        LVCMOS25           8            NONE        OREG     
       cs_n          OUTPUT        S22        LVCMOS25           8            NONE        OREG     
     addr[9]         OUTPUT        S23        LVCMOS25           8            NONE        OREG     
     addr[8]         OUTPUT        S24        LVCMOS25           8            NONE        OREG     
     addr[7]         OUTPUT        S25        LVCMOS25           8            NONE        OREG     
     addr[6]         OUTPUT        S26        LVCMOS25           8            NONE        OREG     
     addr[5]         OUTPUT        S27        LVCMOS25           8            NONE        OREG     
     addr[4]         OUTPUT        S28        LVCMOS25           8            NONE        OREG     
       dm2           OUTPUT        S29        LVCMOS25           8            NONE        NONE     
       dm3           OUTPUT        S61        LVCMOS25           8            NONE        NONE     
     addr[3]         OUTPUT        S64        LVCMOS25           8            NONE        OREG     
     addr[2]         OUTPUT        S65        LVCMOS25           8            NONE        OREG     
     addr[1]         OUTPUT        S66        LVCMOS25           8            NONE        OREG     
     addr[0]         OUTPUT        S67        LVCMOS25           8            NONE        OREG     
     addr[10]        OUTPUT        S68        LVCMOS25           8            NONE        OREG     
      ba[0]          OUTPUT        S69        LVCMOS25           8            NONE        OREG     
      ba[1]          OUTPUT        S70        LVCMOS25           8            NONE        OREG     
       clk           OUTPUT        S73        LVCMOS25           8            NONE        NONE     
       dm1           OUTPUT        S76        LVCMOS25           8            NONE        NONE     
      dq[0]           INOUT         S1        LVCMOS25           8           PULLUP       IREG     
      dq[6]           INOUT        S11        LVCMOS25           8           PULLUP       IREG     
      dq[7]           INOUT        S12        LVCMOS25           8           PULLUP       IREG     
      dq[1]           INOUT         S2        LVCMOS25           8           PULLUP       IREG     
      dq[2]           INOUT         S5        LVCMOS25           8           PULLUP       IREG     
      dq[3]           INOUT         S6        LVCMOS25           8           PULLUP       IREG     
      dq[4]           INOUT         S7        LVCMOS25           8           PULLUP       IREG     
      dq[8]           INOUT        S78        LVCMOS25           8           PULLUP       IREG     
      dq[9]           INOUT        S79        LVCMOS25           8           PULLUP       IREG     
      dq[5]           INOUT         S8        LVCMOS25           8           PULLUP       IREG     
      dq[10]          INOUT        S82        LVCMOS25           8           PULLUP       IREG     
      dq[11]          INOUT        S83        LVCMOS25           8           PULLUP       IREG     
      dq[12]          INOUT        S84        LVCMOS25           8           PULLUP       IREG     
      dq[13]          INOUT        S85        LVCMOS25           8           PULLUP       IREG     
      dq[14]          INOUT        S88        LVCMOS25           8           PULLUP       IREG     
      dq[15]          INOUT        S89        LVCMOS25           8           PULLUP       IREG     

Report Hierarchy Area:
+-------------------------------------------------------------------------------------------------------------------------------------+
|Instance                        |Module                                         |le     |lut     |ripple  |seq     |bram    |dsp     |
+-------------------------------------------------------------------------------------------------------------------------------------+
|top                             |top                                            |2941   |2593    |257     |920     |0       |0       |
|  flash_write_read_m0           |flash_write_read                               |101    |95      |6       |60      |0       |0       |
|    Qspi_master_m0              |Qspi_master                                    |31     |31      |0       |18      |0       |0       |
|    flash_cmd_m0                |flash_cmd                                      |70     |64      |6       |42      |0       |0       |
|      flash_step_m0             |flash_step                                     |53     |47      |6       |28      |0       |0       |
|  frame_read_write_m0           |frame_read_write                               |1499   |1397    |84      |284     |0       |0       |
|    frame_fifo_read_m0          |frame_fifo_read                                |82     |64      |17      |36      |0       |0       |
|    frame_fifo_write_m0         |frame_fifo_write                               |73     |56      |17      |32      |0       |0       |
|    read_buf                    |afifo_16_256                                   |658    |629     |25      |107     |0       |0       |
|      ram_inst                  |ram_infer_afifo_16_256                         |524    |524     |0       |24      |0       |0       |
|      rd_to_wr_cross_inst       |fifo_cross_domain_addr_process_al_afifo_16_256 |22     |22      |0       |22      |0       |0       |
|      wr_to_rd_cross_inst       |fifo_cross_domain_addr_process_al_afifo_16_256 |32     |31      |0       |32      |0       |0       |
|    write_buf                   |afifo_16_256                                   |686    |648     |25      |109     |0       |0       |
|      ram_inst                  |ram_infer_afifo_16_256                         |548    |548     |0       |28      |0       |0       |
|      rd_to_wr_cross_inst       |fifo_cross_domain_addr_process_al_afifo_16_256 |30     |22      |0       |30      |0       |0       |
|      wr_to_rd_cross_inst       |fifo_cross_domain_addr_process_al_afifo_16_256 |28     |24      |0       |28      |0       |0       |
|  sd_card_bmp_m0                |sd_card_bmp                                    |938    |793     |91      |388     |0       |0       |
|    ax_debounce_m0              |ax_debounce                                    |62     |52      |9       |34      |0       |0       |
|    bmp_read_m0                 |bmp_read                                       |286    |204     |55      |169     |0       |0       |
|    sd_card_top_m0              |sd_card_top                                    |590    |537     |27      |185     |0       |0       |
|      sd_card_cmd_m0            |sd_card_cmd                                    |342    |320     |22      |64      |0       |0       |
|      sd_card_sec_read_write_m0 |sd_card_sec_read_write                         |172    |146     |0       |83      |0       |0       |
|      spi_master_m0             |spi_master                                     |76     |71      |5       |38      |0       |0       |
|  sdram_m0                      |sdram                                          |0      |0       |0       |0       |0       |0       |
|  seg_scan_m0                   |seg_scan                                       |76     |54      |22      |20      |0       |0       |
|  sys_pll_m0                    |sys_pll                                        |0      |0       |0       |0       |0       |0       |
|  u_sdram_controller            |sdram_controller                               |262    |199     |46      |93      |0       |0       |
|    u_sdram_cmd                 |sdram_cmd                                      |58     |58      |0       |25      |0       |0       |
|    u_sdram_ctrl                |sdram_ctrl                                     |188    |133     |46      |52      |0       |0       |
|    u_sdram_data                |sdram_data                                     |16     |8       |0       |16      |0       |0       |
|  video_pll_m0                  |video_pll                                      |0      |0       |0       |0       |0       |0       |
|  video_timing_data_m0          |video_timing_data                              |65     |55      |8       |33      |0       |0       |
|    color_bar_m0                |color_bar                                      |46     |37      |8       |30      |0       |0       |
+-------------------------------------------------------------------------------------------------------------------------------------+


DataNet Average Fanout:

   Index     Fanout     Nets  
    #1          1       2593  
    #2          2       1152  
    #3          3       187   
    #4          4       157   
    #5        5-10      138   
    #6        11-50     161   
    #7       51-100      11   
    #8       101-500     9    
  Average     3.04            

RUN-1002 : start command "export_db pic_sdram_pr.db"
RUN-1001 : Exported /
RUN-1001 : Exported flow parameters
RUN-1001 : Exported libs
RUN-1001 : Exported entities
RUN-1001 : Exported ports
RUN-1001 : Exported pins
RUN-1001 : Exported instances
RUN-1001 : Exported nets
RUN-1001 : Exported buses
RUN-1001 : Exported models
RUN-1001 : Exported congestions
RUN-1001 : Exported violations
RUN-1001 : Exported timing constraints
RUN-1001 : Exported IO constraints
RUN-1001 : Exported Inst constraints
RUN-1002 : start command "start_timer"
TMR-2505 : Start building timing graph for model top.
TMR-2506 : Build timing graph completely. Port num: 22, tpin num: 14971, tnet num: 3052, tinst num: 1613, tnode num: 17929, tedge num: 25247.
TMR-2508 : Levelizing timing graph completed, there are 41 levels in total.
TMR-2501 : Timing graph initialized successfully.
RUN-1002 : start command "report_timing -mode FINAL -net_info -rpt_autogen true -file pic_sdram_phy.timing"
TMR-2503 : Start to update net delay, extr mode = 6.
TMR-2504 : Update delay of 3052 nets completely.
TMR-2502 : Annotate delay completely, extr mode = 6.
TMR-3001 : Initiate 5 clocks from SDC.
TMR-3004 : Map sdc constraints, there are 8 constraints in total.
TMR-3003 : Constraints initiated successfully.
TMR-3501 : Forward propagation: start to calculate arrival time...
TMR-3502 : Backward propagation: start to calculate required time...
TMR-3503 : Timing propagation completes.
TMR-3506 : Start to generate timing report.
TMR-1502 : Number of clock constraints = 5. Number of clock nets = 5 (0 unconstrainted).
TMR-3508 : Export timing summary.
TMR-3507 : Timing report generated successfully in pic_sdram_phy.timing, timing summary in pic_sdram_phy.tsm.
RUN-1002 : start command "export_bid pic_sdram_inst.bid"
RUN-1002 : start command "bitgen -bit pic_sdram.bit"
BIT-1003 : Start to generate bitstream. 
BIT-1002 : Init instances with 16 threads.
BIT-1002 : Init instances completely, inst num: 1613
BIT-1002 : Init pips with 16 threads.
BIT-1002 : Init pips completely, net num: 4462, pip num: 35284
BIT-1002 : Init feedthrough with 16 threads.
BIT-1002 : Init feedthrough completely, num: 12
BIT-1003 : Multithreading accelaration with 16 threads.
BIT-1003 : Generate bitstream completely, there are 2124 valid insts, and 93448 bits set as '1'.
BIT-1004 : PLL setting string = 0110
BIT-1004 : Generate bits file pic_sdram.bit.
RUN-1003 : finish command "bitgen -bit pic_sdram.bit" in  3.661363s wall, 31.968750s user + 0.000000s system = 31.968750s CPU (873.1%)

RUN-1004 : used memory is 585 MB, reserved memory is 569 MB, peak memory is 756 MB
RUN-1002 : start command "backup_run_log run.log ../.logs/phy_1/td_20231213_101226.log"
