============================================================
   Tang Dynasty, V5.6.71036
      Copyright (c) 2012-2023 Anlogic Inc.
   Executable = D:/Program/Anlogic/TD5.6.2/bin/td.exe
   Built at =   20:34:38 Mar 21 2023
   Run by =     28408
   Run Date =   Tue Dec 19 15:59:50 2023

   Run on =     DESKTOP-T1B5OP5
============================================================
RUN-1002 : start command "open_project pic_sdram.prj"
RUN-1001 : Print Global Property
RUN-1001 : ---------------------------------------------------------------
RUN-1001 :        Parameters        |  Settings  |  Default Values  |  Note  
RUN-1001 : ---------------------------------------------------------------
RUN-1001 :          message         |  standard  |     standard     |        
RUN-1001 :   mixed_pack_place_flow  |     on     |        on        |        
RUN-1001 :        qor_monitor       |    off     |       off        |        
RUN-1001 :        syn_ip_flow       |    off     |       off        |        
RUN-1001 :          thread          |    auto    |       auto       |        
RUN-1001 : ---------------------------------------------------------------
RUN-1001 : Print Design Property
RUN-1001 : --------------------------------------------------------------
RUN-1001 :        Parameters       |  Settings  |  Default Values  |  Note  
RUN-1001 : --------------------------------------------------------------
RUN-1001 :   default_reg_initial   |    auto    |       auto       |        
RUN-1001 :        infer_add        |     on     |        on        |        
RUN-1001 :        infer_fsm        |    off     |       off        |        
RUN-1001 :        infer_mult       |     on     |        on        |        
RUN-1001 :        infer_ram        |     on     |        on        |        
RUN-1001 :        infer_reg        |     on     |        on        |        
RUN-1001 :   infer_reg_init_value  |     on     |        on        |        
RUN-1001 :        infer_rom        |     on     |        on        |        
RUN-1001 :      infer_shifter      |     on     |        on        |        
RUN-1001 : --------------------------------------------------------------
RUN-1001 : Print Rtl Property
RUN-1001 : --------------------------------------------------------------
RUN-1001 :        Parameters       |  Settings  |  Default Values  |  Note  
RUN-1001 : --------------------------------------------------------------
RUN-1001 :       compress_add      |   ripple   |      ripple      |        
RUN-1001 :        elf_sload        |    off     |       off        |        
RUN-1001 :       fix_undriven      |     0      |        0         |        
RUN-1001 :         flatten         |    off     |       off        |        
RUN-1001 :       gate_sharing      |     on     |        on        |        
RUN-1001 :    hdl_warning_level    |   normal   |      normal      |        
RUN-1001 :   impl_internal_tribuf  |     on     |        on        |        
RUN-1001 :      impl_set_reset     |     on     |        on        |        
RUN-1001 :        infer_gsr        |    off     |       off        |        
RUN-1001 :      keep_hierarchy     |    auto    |       auto       |        
RUN-1001 :        max_fanout       |    9999    |       9999       |        
RUN-1001 :      max_oh2bin_len     |     10     |        10        |        
RUN-1001 :       merge_equal       |     on     |        on        |        
RUN-1001 :       merge_equiv       |     on     |        on        |        
RUN-1001 :        merge_mux        |    off     |       off        |        
RUN-1001 :     min_control_set     |     8      |        8         |        
RUN-1001 :      min_ripple_len     |    auto    |       auto       |        
RUN-1001 :       oh2bin_ratio      |    0.08    |       0.08       |        
RUN-1001 :     opt_adder_fanout    |     on     |        on        |        
RUN-1001 :        opt_arith        |     on     |        on        |        
RUN-1001 :       opt_big_gate      |    off     |       off        |        
RUN-1001 :        opt_const        |     on     |        on        |        
RUN-1001 :      opt_const_mult     |     on     |        on        |        
RUN-1001 :       opt_lessthan      |     on     |        on        |        
RUN-1001 :         opt_mux         |    off     |       off        |        
RUN-1001 :         opt_ram         |    high    |       high       |        
RUN-1001 :      rtl_sim_model      |    off     |       off        |        
RUN-1001 :         seq_syn         |     on     |        on        |        
RUN-1001 : --------------------------------------------------------------
HDL-1007 : analyze verilog file ../../al_ip/sys_pll.v
HDL-1007 : undeclared symbol 'open', assumed default net type 'wire' in ../../al_ip/sys_pll.v(77)
HDL-1007 : analyze verilog file ../../al_ip/video_pll.v
HDL-1007 : undeclared symbol 'open', assumed default net type 'wire' in ../../al_ip/video_pll.v(63)
HDL-1007 : analyze verilog file ../../al_ip/afifo_16_256.v
HDL-1007 : analyze verilog file ../../src/ax_debounce.v
HDL-1007 : analyze verilog file ../../src/bmp_read.v
HDL-1007 : analyze verilog file ../../src/color_bar.v
HDL-1007 : analyze included file ../../src/video_define.v in ../../src/color_bar.v(2)
HDL-1007 : back to file '../../src/color_bar.v' in ../../src/color_bar.v(2)
HDL-1007 : analyze verilog file ../../src/frame_fifo_read.v
HDL-1007 : analyze verilog file ../../src/frame_fifo_write.v
HDL-1007 : analyze verilog file ../../src/sd_card/sd_card_cmd.v
HDL-1007 : analyze verilog file ../../src/sd_card/sd_card_sec_read_write.v
HDL-1007 : analyze verilog file ../../src/sd_card/sd_card_top.v
HDL-1007 : analyze verilog file ../../src/sd_card/spi_master.v
HDL-1007 : analyze verilog file ../../src/sd_card_bmp.v
HDL-1007 : analyze verilog file ../../src/seg_decoder.v
HDL-1007 : analyze verilog file ../../src/seg_scan.v
HDL-1007 : analyze verilog file ../../src/top.v
HDL-1007 : undeclared symbol 'sdram_clk', assumed default net type 'wire' in ../../src/top.v(102)
HDL-1007 : analyze verilog file ../../src/video_timing_data.v
HDL-1007 : analyze verilog file ../../src/sdram_r/sdram_para.v
HDL-1007 : analyze verilog file ../../src/sdram/enc_file/global_def.v
HDL-1007 : analyze verilog file ../../src/sdram/enc_file/sdr_as_ram.enc.v
Copyright (c) 1998-2019 The OpenSSL Project.  All rights reserved.
This product includes software developed by the OpenSSL Project
for use in the OpenSSL Toolkit (http://www.openssl.org/)
Copyright (C) 1995-1998 Eric Young (eay@cryptsoft.com)
All rights reserved.
This product includes cryptographic software written by Eric Young (eay@cryptsoft.com)
HDL-1007 : back to file '../../src/sdram/enc_file/sdr_as_ram.enc.v' in ../../src/sdram/enc_file/sdr_as_ram.enc.v(148)
HDL-1007 : analyze verilog file ../../src/sdram/enc_file/sdr_init_ref.enc.v
HDL-1007 : undeclared symbol '**', assumed default net type '**' in encrypted_text(0)
HDL-1007 : back to file '../../src/sdram/enc_file/sdr_init_ref.enc.v' in ../../src/sdram/enc_file/sdr_init_ref.enc.v(242)
HDL-5007 WARNING: concatenation with an unsized literal will be treated as 32 bits in encrypted_text(0)
HDL-1007 : analyze verilog file ../../src/sdram/enc_file/sdr_wrrd.enc.v
HDL-5007 WARNING: concatenation with an unsized literal will be treated as 32 bits in encrypted_text(0)
HDL-1007 : back to file '../../src/sdram/enc_file/sdr_wrrd.enc.v' in ../../src/sdram/enc_file/sdr_wrrd.enc.v(255)
HDL-1007 : analyze verilog file ../../src/sdram/sdram.v
HDL-1007 : analyze included file D:\Projects\2023_10_10_HX4S20_test\spi_FLASH_SDRAM_pic\HX4S20\/./src/sdram/enc_file/global_def.v in ../../src/sdram/sdram.v(10)
HDL-1007 : back to file '../../src/sdram/sdram.v' in ../../src/sdram/sdram.v(10)
HDL-1007 : undeclared symbol 'Sdr_busy', assumed default net type 'wire' in ../../src/sdram/sdram.v(63)
HDL-1007 : undeclared symbol 'SDR_CKE', assumed default net type 'wire' in ../../src/sdram/sdram.v(88)
HDL-1007 : analyze verilog file ../../src/frame_read_write.v
RUN-1001 : Project manager successfully analyzed 25 source files.
RUN-1002 : start command "import_device eagle_s20.db -package EG4S20BG256"
ARC-1001 : Device Initialization.
ARC-1001 : ------------------------------------------------------------------
ARC-1001 :            OPTION            |          IO          |   SETTING   
ARC-1001 : ------------------------------------------------------------------
ARC-1001 :   cso_b/cclk/mosi/miso/dout  |  T3/R11/T10/P10/S11  |    gpio    
ARC-1001 :             done             |         P13          |    gpio    
ARC-1001 :           program_b          |          T2          |  dedicate  
ARC-1001 :        tdi/tms/tck/tdo       |   C12/A15/C14/E14    |  dedicate  
ARC-1001 : ------------------------------------------------------------------
ARC-1004 : Device setting, marked 5 dedicate IOs in total.
RUN-1002 : start command "import_db ../syn_1/pic_sdram_gate.db"
RUN-1001 : Importing database generated by Tang Dynasty, V5.6.71036.
RUN-1001 : Database version number 46146.
RUN-1001 : Import flow parameters
RUN-1001 : Import timing constraints
RUN-1001 : Import IO constraints
RUN-1001 : Import Inst constraints
RUN-1001 : Import design success TD_VERSION=5.6.71036 , DB_VERSION=46146
RUN-1002 : start command "read_sdc ../../top.sdc"
RUN-1002 : start command "get_ports clk"
RUN-1002 : start command "create_clock -name clk -period 20 -waveform 0 10 "
RUN-1102 : create_clock: clock name: clk, type: 0, period: 20000, rise: 0, fall: 10000.
RUN-1002 : start command "derive_pll_clocks"
USR-1002 : Gen clock cmd:  create_generated_clock -name {sys_pll_m0/pll_inst.clkc[0]} -source [get_ports {clk}] -master_clock {clk} -multiply_by 2.0000 [get_pins {sys_pll_m0/pll_inst.clkc[0]}]
RUN-1002 : start command "get_ports clk"
RUN-1002 : start command "get_pins sys_pll_m0/pll_inst.clkc[0]"
RUN-1002 : start command "create_generated_clock -name sys_pll_m0/pll_inst.clkc[0] -source  -master_clock clk -multiply_by 2.0000 "
USR-1002 : Gen clock cmd:  create_generated_clock -name {sys_pll_m0/pll_inst.clkc[1]} -source [get_ports {clk}] -master_clock {clk} -multiply_by 2.0000 [get_pins {sys_pll_m0/pll_inst.clkc[1]}]
RUN-1002 : start command "get_ports clk"
RUN-1002 : start command "get_pins sys_pll_m0/pll_inst.clkc[1]"
RUN-1002 : start command "create_generated_clock -name sys_pll_m0/pll_inst.clkc[1] -source  -master_clock clk -multiply_by 2.0000 "
USR-1002 : Gen clock cmd:  create_generated_clock -name {video_pll_m0/pll_inst.clkc[0]} -source [get_ports {clk}] -master_clock {clk} -divide_by 2.0000 [get_pins {video_pll_m0/pll_inst.clkc[0]}]
RUN-1002 : start command "get_ports clk"
RUN-1002 : start command "get_pins video_pll_m0/pll_inst.clkc[0]"
RUN-1002 : start command "create_generated_clock -name video_pll_m0/pll_inst.clkc[0] -source  -master_clock clk -divide_by 2.0000 "
RUN-1002 : start command "get_ports clk"
RUN-1002 : start command "get_pins sys_pll_m0/pll_inst.clkc[0]"
RUN-1002 : start command "rename_clock -name sd_card_clk -source  -master_clock clk "
RUN-1105 : Rename Clock: clock sys_pll_m0/pll_inst.clkc[0] was renamed, new name is sd_card_clk.
RUN-1002 : start command "get_ports clk"
RUN-1002 : start command "get_pins sys_pll_m0/pll_inst.clkc[1]"
RUN-1002 : start command "rename_clock -name ext_mem_clk -source  -master_clock clk "
RUN-1105 : Rename Clock: clock sys_pll_m0/pll_inst.clkc[1] was renamed, new name is ext_mem_clk.
RUN-1002 : start command "get_ports clk"
RUN-1002 : start command "get_pins sys_pll_m0/pll_inst.clkc[2]"
RUN-1002 : start command "rename_clock -name flash_sys_clk -source  -master_clock clk "
RUN-1107 : Rename Clock: new clock flash_sys_clk is created by rename_clock temporarily.
RUN-1002 : start command "get_ports clk"
RUN-1002 : start command "get_pins video_pll_m0/pll_inst.clkc[0]"
RUN-1002 : start command "rename_clock -name video_clk -source  -master_clock clk "
RUN-1105 : Rename Clock: clock video_pll_m0/pll_inst.clkc[0] was renamed, new name is video_clk.
RUN-1002 : start command "read_sdc -ip afifo_16_256 ../../al_ip/afifo_16_256.tcl"
RUN-1002 : start command "get_ports clkw"
RUN-1002 : start command "get_nets  clkw  "
RUN-1002 : start command "get_clocks -nowarn -of nets 8967891714048"
RUN-1002 : start command "get_ports clkr"
RUN-1002 : start command "get_nets  clkr  "
RUN-1002 : start command "get_clocks -nowarn -of nets 18038862643200"
RUN-1002 : start command "get_property -nowarn -max PERIOD "
RUN-1002 : start command "get_property -nowarn -max PERIOD "
RUN-1002 : start command "get_regs rd_to_wr_cross_inst/primary_addr_gray_reg[*]"
RUN-1002 : start command "get_regs rd_to_wr_cross_inst/sync_r1[*]"
RUN-1002 : start command "set_max_delay -from  -to  9.6999999999999993 -datapath_only"
RUN-1002 : start command "get_regs rd_to_wr_cross_inst/primary_addr_gray_reg[*]"
RUN-1002 : start command "get_regs rd_to_wr_cross_inst/sync_r1[*]"
RUN-1002 : start command "set_false_path -from  -to  -hold 9.6999999999999993"
USR-1002 : set_false_path -help -setup -hold -from <list> -rise_from <list> -fall_from <list> -to <list> -rise_to <list> -fall_to <list> -through <list>
RUN-1002 : start command "get_regs wr_to_rd_cross_inst/primary_addr_gray_reg[*]"
RUN-1002 : start command "get_regs wr_to_rd_cross_inst/sync_r1[*]"
RUN-1002 : start command "set_max_delay -from  -to  9.6999999999999993 -datapath_only"
RUN-1002 : start command "get_regs wr_to_rd_cross_inst/primary_addr_gray_reg[*]"
RUN-1002 : start command "get_regs wr_to_rd_cross_inst/sync_r1[*]"
RUN-1002 : start command "set_false_path -from  -to  -hold 9.6999999999999993"
USR-1002 : set_false_path -help -setup -hold -from <list> -rise_from <list> -fall_from <list> -to <list> -rise_to <list> -fall_to <list> -through <list>
RUN-1002 : start command "get_ports clkw"
RUN-1002 : start command "get_nets  clkw  "
RUN-1002 : start command "get_clocks -nowarn -of nets 24013162151936"
RUN-1002 : start command "get_ports clkr"
RUN-1002 : start command "get_nets  clkr  "
RUN-1002 : start command "get_clocks -nowarn -of nets 8967891714048"
RUN-1002 : start command "get_property -nowarn -max PERIOD "
RUN-1002 : start command "get_property -nowarn -max PERIOD "
RUN-1002 : start command "get_regs rd_to_wr_cross_inst/primary_addr_gray_reg[*]"
RUN-1002 : start command "get_regs rd_to_wr_cross_inst/sync_r1[*]"
RUN-1002 : start command "set_max_delay -from  -to  9.6999999999999993 -datapath_only"
RUN-1002 : start command "get_regs rd_to_wr_cross_inst/primary_addr_gray_reg[*]"
RUN-1002 : start command "get_regs rd_to_wr_cross_inst/sync_r1[*]"
RUN-1002 : start command "set_false_path -from  -to  -hold 9.6999999999999993"
USR-1002 : set_false_path -help -setup -hold -from <list> -rise_from <list> -fall_from <list> -to <list> -rise_to <list> -fall_to <list> -through <list>
RUN-1002 : start command "get_regs wr_to_rd_cross_inst/primary_addr_gray_reg[*]"
RUN-1002 : start command "get_regs wr_to_rd_cross_inst/sync_r1[*]"
RUN-1002 : start command "set_max_delay -from  -to  9.6999999999999993 -datapath_only"
RUN-1002 : start command "get_regs wr_to_rd_cross_inst/primary_addr_gray_reg[*]"
RUN-1002 : start command "get_regs wr_to_rd_cross_inst/sync_r1[*]"
RUN-1002 : start command "set_false_path -from  -to  -hold 9.6999999999999993"
USR-1002 : set_false_path -help -setup -hold -from <list> -rise_from <list> -fall_from <list> -to <list> -rise_to <list> -fall_to <list> -through <list>
RUN-1002 : start command "place"
RUN-1001 : Open license file D:/Program/Anlogic/TD5.6.2/license/Anlogic.lic
RUN-1001 : Print Global Property
RUN-1001 : ---------------------------------------------------------------
RUN-1001 :        Parameters        |  Settings  |  Default Values  |  Note  
RUN-1001 : ---------------------------------------------------------------
RUN-1001 :          message         |  standard  |     standard     |        
RUN-1001 :   mixed_pack_place_flow  |     on     |        on        |        
RUN-1001 :        qor_monitor       |    off     |       off        |        
RUN-1001 :        syn_ip_flow       |    off     |       off        |        
RUN-1001 :          thread          |    auto    |       auto       |        
RUN-1001 : ---------------------------------------------------------------
RUN-1001 : Print Place Property
RUN-1001 : --------------------------------------------------------------
RUN-1001 :        Parameters       |  Settings  |  Default Values  |  Note  
RUN-1001 : --------------------------------------------------------------
RUN-1001 :      detailed_place     |     on     |        on        |        
RUN-1001 :          effort         |   medium   |      medium      |        
RUN-1001 :         fix_hold        |    off     |       off        |        
RUN-1001 :       legalization      |    ori     |       ori        |        
RUN-1001 :      new_spreading      |     on     |        on        |        
RUN-1001 :        opt_timing       |   medium   |      medium      |        
RUN-1001 :   post_clock_route_opt  |    off     |       off        |        
RUN-1001 :       pr_strategy       |     1      |        1         |        
RUN-1001 :        relaxation       |    1.00    |       1.00       |        
RUN-1001 :         retiming        |    off     |       off        |        
RUN-1001 : --------------------------------------------------------------
PHY-3001 : Placer runs in 16 thread(s).
RUN-1002 : start command "legalize_phy_inst"
SYN-1011 : Flatten model top
SYN-5055 WARNING: The kept net frame_read_write_m0/frame_fifo_read_m0/App_rd_en_d0 will be merged to another kept net U3/App_rd_en
SYN-5055 WARNING: The kept net U3/u2_ram/u2_wrrd/App_rd_en will be merged to another kept net U3/App_rd_en
SYN-5055 WARNING: The kept net frame_read_write_m0/Sdr_rd_dout[15] will be merged to another kept net U3/Sdr_rd_dout[15]
SYN-5055 WARNING: The kept net frame_read_write_m0/Sdr_rd_dout[14] will be merged to another kept net U3/Sdr_rd_dout[14]
SYN-5055 WARNING: The kept net frame_read_write_m0/Sdr_rd_dout[13] will be merged to another kept net U3/Sdr_rd_dout[13]
SYN-5055 WARNING: The kept net frame_read_write_m0/Sdr_rd_dout[12] will be merged to another kept net U3/Sdr_rd_dout[12]
SYN-5055 WARNING: The kept net frame_read_write_m0/Sdr_rd_dout[11] will be merged to another kept net U3/Sdr_rd_dout[11]
SYN-5055 WARNING: The kept net frame_read_write_m0/Sdr_rd_dout[10] will be merged to another kept net U3/Sdr_rd_dout[10]
SYN-5055 WARNING: The kept net frame_read_write_m0/Sdr_rd_dout[9] will be merged to another kept net U3/Sdr_rd_dout[9]
SYN-5055 WARNING: The kept net frame_read_write_m0/Sdr_rd_dout[8] will be merged to another kept net U3/Sdr_rd_dout[8]
SYN-5055 Similar messages will be suppressed.
RUN-1002 : start command "phys_opt -simplify_lut"
SYN-1032 : 2732/1 useful/useless nets, 2364/0 useful/useless insts
SYN-4016 : Net frame_read_write_m0/write_buf/clkw driven by BUFG (425 clock/control pins, 1 other pins).
SYN-4016 : Net frame_read_write_m0/read_buf/clkr driven by BUFG (94 clock/control pins, 1 other pins).
SYN-4027 : Net U3/u2_ram/SDRAM_CLK is clkc1 of pll sys_pll_m0/pll_inst.
SYN-4019 : Net clk_dup_1 is refclk of pll sys_pll_m0/pll_inst.
SYN-4020 : Net clk_dup_1 is fbclk of pll sys_pll_m0/pll_inst.
SYN-4019 : Net clk_dup_1 is refclk of pll video_pll_m0/pll_inst.
SYN-4020 : Net clk_dup_1 is fbclk of pll video_pll_m0/pll_inst.
SYN-4025 : Tag rtl::Net U3/u2_ram/SDRAM_CLK as clock net
SYN-4025 : Tag rtl::Net clk_dup_1 as clock net
SYN-4025 : Tag rtl::Net frame_read_write_m0/read_buf/clkr as clock net
SYN-4025 : Tag rtl::Net frame_read_write_m0/write_buf/clkw as clock net
SYN-4026 : Tagged 4 rtl::Net as clock net
PHY-1001 : Populate physical database on model top.
RUN-1001 : There are total 2364 instances
RUN-0007 : 998 luts, 1025 seqs, 147 mslices, 83 lslices, 102 pads, 2 brams, 0 dsps
RUN-1001 : There are total 2732 nets
RUN-6004 WARNING: There are 16 nets with only 1 pin.
RUN-1001 : 1933 nets have 2 pins
RUN-1001 : 560 nets have [3 - 5] pins
RUN-1001 : 131 nets have [6 - 10] pins
RUN-1001 : 47 nets have [11 - 20] pins
RUN-1001 : 41 nets have [21 - 99] pins
RUN-1001 : 4 nets have 100+ pins
RUN-1001 : Report Control nets information:
RUN-1001 : DFF Distribution
RUN-1001 : ----------------------------------
RUN-1001 :   CE   |  SSR  |  ASR  |  DFF Count  
RUN-1001 : ----------------------------------
RUN-1001 :   No   |  No   |  No   |     255     
RUN-1001 :   No   |  No   |  Yes  |     469     
RUN-1001 :   No   |  Yes  |  No   |     65      
RUN-1001 :   Yes  |  No   |  No   |     16      
RUN-1001 :   Yes  |  No   |  Yes  |     202     
RUN-1001 :   Yes  |  Yes  |  No   |     18      
RUN-1001 : ----------------------------------
RUN-0007 : Control Group Statistic
RUN-0007 : ---------------------------
RUN-0007 :   #CLK  |  #CE  |  #SSR/ASR  
RUN-0007 : ---------------------------
RUN-0007 :    4    |  21   |     8      
RUN-0007 : ---------------------------
RUN-0007 : Control Set = 33
PHY-3001 : Initial placement ...
PHY-3001 : design contains 2362 instances, 998 luts, 1025 seqs, 230 slices, 35 macros(230 instances: 147 mslices 83 lslices)
PHY-0007 : Cell area utilization is 7%
PHY-3001 : Start timing update ...
RUN-1002 : start command "start_timer -report"
TMR-2505 : Start building timing graph for model top.
TMR-2506 : Build timing graph completely. Port num: 22, tpin num: 10625, tnet num: 2730, tinst num: 2362, tnode num: 13880, tedge num: 16845.
TMR-2508 : Levelizing timing graph completed, there are 43 levels in total.
TMR-2501 : Timing graph initialized successfully.
TMR-2503 : Start to update net delay, extr mode = 2.
TMR-2504 : Update delay of 2730 nets completely.
TMR-2502 : Annotate delay completely, extr mode = 2.
TMR-3001 : Initiate 4 clocks from SDC.
TMR-3004 : Map sdc constraints, there are 8 constraints in total.
TMR-3003 : Constraints initiated successfully.
TMR-3501 : Forward propagation: start to calculate arrival time...
TMR-3502 : Backward propagation: start to calculate required time...
TMR-3503 : Timing propagation completes.
PHY-3001 : End timing update;  0.467320s wall, 0.375000s user + 0.000000s system = 0.375000s CPU (80.2%)

PHY-3001 : Global placement ...
PHY-3001 : Initial: Len = 656603
PHY-3001 : Clustering ...
PHY-3001 : Level 0 #clusters 2362.
PHY-3001 : End clustering;  0.000007s wall, 0.000000s user + 0.000000s system = 0.000000s CPU (n/a%)

PHY-3001 : Run with size of 4
PHY-3001 : Cell area utilization is 7%
PHY-3001 : :::0::: Try harder cell spreading with beta_ = 0
PHY-3002 : Step(1): len = 535836, overlap = 2.25
PHY-3002 : Step(2): len = 448768, overlap = 4.5
PHY-3002 : Step(3): len = 397190, overlap = 2.25
PHY-3002 : Step(4): len = 353870, overlap = 2.25
PHY-3002 : Step(5): len = 316986, overlap = 2.25
PHY-3002 : Step(6): len = 285185, overlap = 2.25
PHY-3002 : Step(7): len = 243128, overlap = 4.53125
PHY-3002 : Step(8): len = 218885, overlap = 3.125
PHY-3002 : Step(9): len = 196507, overlap = 2.5625
PHY-3002 : Step(10): len = 168121, overlap = 4.5
PHY-3002 : Step(11): len = 151811, overlap = 4.5
PHY-3002 : Step(12): len = 139234, overlap = 6.9375
PHY-3002 : Step(13): len = 124791, overlap = 14.125
PHY-3002 : Step(14): len = 117060, overlap = 16.4062
PHY-3002 : Step(15): len = 106560, overlap = 17.8125
PHY-3002 : Step(16): len = 98302.4, overlap = 18.75
PHY-3002 : Step(17): len = 93886.4, overlap = 19.25
PHY-3002 : Step(18): len = 88955.8, overlap = 19.4688
PHY-3001 : :::1::: Try harder cell spreading with beta_ = 0.00250795
PHY-3002 : Step(19): len = 91049.8, overlap = 17.8438
PHY-3002 : Step(20): len = 92155.4, overlap = 20.0938
PHY-3002 : Step(21): len = 92740, overlap = 15.5938
PHY-3002 : Step(22): len = 89075.9, overlap = 17.9375
PHY-3002 : Step(23): len = 88527.9, overlap = 17.9375
PHY-3002 : Step(24): len = 88348.4, overlap = 17.9375
PHY-3002 : Step(25): len = 87735.8, overlap = 17.9375
PHY-3001 : :::2::: Try harder cell spreading with beta_ = 0.0050159
PHY-3002 : Step(26): len = 87645.6, overlap = 15.6875
PHY-3002 : Step(27): len = 87413.4, overlap = 15.6875
PHY-3002 : Step(28): len = 87242.6, overlap = 15.6875
PHY-3001 : :::3::: Try harder cell spreading with beta_ = 0.0100318
PHY-3002 : Step(29): len = 87249.9, overlap = 15.6875
PHY-3002 : Step(30): len = 87189.1, overlap = 15.6875
PHY-3001 : Legalization ...
PHY-3001 : End legalization;  0.004591s wall, 0.000000s user + 0.000000s system = 0.000000s CPU (n/a%)

PHY-3001 : Run with size of 4
PHY-3001 : Cell area utilization is 9%
PHY-3001 : Update timing in Manhattan mode ...
TMR-2503 : Start to update net delay, extr mode = 3.
TMR-2504 : Update delay of 2730 nets completely.
TMR-2502 : Annotate delay completely, extr mode = 3.
TMR-3501 : Forward propagation: start to calculate arrival time...
TMR-3502 : Backward propagation: start to calculate required time...
TMR-3503 : Timing propagation completes.
PHY-3001 : End timing update;  0.052444s wall, 0.031250s user + 0.000000s system = 0.031250s CPU (59.6%)

PHY-3001 : :::0::: Try harder cell spreading with beta_ = 2.32665e-05
PHY-3002 : Step(31): len = 86645.5, overlap = 26.7812
PHY-3002 : Step(32): len = 87861, overlap = 25.5312
PHY-3002 : Step(33): len = 83905.9, overlap = 25.375
PHY-3002 : Step(34): len = 82043.5, overlap = 25.2812
PHY-3002 : Step(35): len = 80915.6, overlap = 26
PHY-3002 : Step(36): len = 80201.4, overlap = 27.1875
PHY-3002 : Step(37): len = 79224.8, overlap = 29
PHY-3002 : Step(38): len = 77410.8, overlap = 27.7188
PHY-3002 : Step(39): len = 76058.5, overlap = 28.1562
PHY-3002 : Step(40): len = 74323.6, overlap = 29.7812
PHY-3002 : Step(41): len = 73262.3, overlap = 31.1562
PHY-3002 : Step(42): len = 71823.3, overlap = 35.25
PHY-3002 : Step(43): len = 70155.6, overlap = 38.7188
PHY-3002 : Step(44): len = 68293.4, overlap = 39.5938
PHY-3002 : Step(45): len = 66765.3, overlap = 38.4062
PHY-3002 : Step(46): len = 65571.4, overlap = 38.5625
PHY-3002 : Step(47): len = 64753.1, overlap = 39.375
PHY-3002 : Step(48): len = 63778.7, overlap = 38.9375
PHY-3002 : Step(49): len = 63115.8, overlap = 38.6562
PHY-3002 : Step(50): len = 62148.3, overlap = 37.4688
PHY-3002 : Step(51): len = 61033.5, overlap = 36.8438
PHY-3002 : Step(52): len = 59875.3, overlap = 38.25
PHY-3002 : Step(53): len = 58931.6, overlap = 38.4062
PHY-3002 : Step(54): len = 58117.4, overlap = 38.5938
PHY-3002 : Step(55): len = 57723.9, overlap = 39.1875
PHY-3002 : Step(56): len = 57419.9, overlap = 39.4375
PHY-3001 : :::1::: Try harder cell spreading with beta_ = 4.6533e-05
PHY-3002 : Step(57): len = 57039.8, overlap = 39.9375
PHY-3002 : Step(58): len = 57162.4, overlap = 40.3125
PHY-3002 : Step(59): len = 57162.4, overlap = 40.3125
PHY-3001 : :::2::: Try harder cell spreading with beta_ = 9.30659e-05
PHY-3002 : Step(60): len = 57595, overlap = 40.875
PHY-3002 : Step(61): len = 57867.2, overlap = 40.8438
PHY-3002 : Step(62): len = 58998, overlap = 43.0938
PHY-3002 : Step(63): len = 58858.5, overlap = 44.4375
PHY-3002 : Step(64): len = 58430.8, overlap = 44.875
PHY-3001 : :::3::: Try harder cell spreading with beta_ = 0.000186132
PHY-3002 : Step(65): len = 57989.2, overlap = 44.6562
PHY-3002 : Step(66): len = 57950.3, overlap = 44.5625
PHY-3001 : :::4::: Try harder cell spreading with beta_ = 0.000372264
PHY-3002 : Step(67): len = 58237.2, overlap = 40.8125
PHY-3002 : Step(68): len = 58311.1, overlap = 40.7188
PHY-3001 : :::5::: Try harder cell spreading with beta_ = 0.000744527
PHY-3002 : Step(69): len = 58554, overlap = 38.4375
PHY-3002 : Step(70): len = 58875.4, overlap = 39
PHY-3002 : Step(71): len = 59007, overlap = 36.5
PHY-3001 : Run with size of 2
PHY-3001 : Cell area utilization is 9%
PHY-3001 : Update timing in Manhattan mode ...
TMR-2503 : Start to update net delay, extr mode = 3.
TMR-2504 : Update delay of 2730 nets completely.
TMR-2502 : Annotate delay completely, extr mode = 3.
TMR-3501 : Forward propagation: start to calculate arrival time...
TMR-3502 : Backward propagation: start to calculate required time...
TMR-3503 : Timing propagation completes.
PHY-3001 : End timing update;  0.052185s wall, 0.062500s user + 0.000000s system = 0.062500s CPU (119.8%)

PHY-3001 : :::0::: Try harder cell spreading with beta_ = 7.31038e-05
PHY-3002 : Step(72): len = 59392.6, overlap = 82.5625
PHY-3002 : Step(73): len = 60353.2, overlap = 77.7188
PHY-3002 : Step(74): len = 60582.6, overlap = 76.3125
PHY-3002 : Step(75): len = 61021.2, overlap = 72.6875
PHY-3002 : Step(76): len = 61258.7, overlap = 74.0312
PHY-3002 : Step(77): len = 60654.8, overlap = 73.9688
PHY-3002 : Step(78): len = 60574.6, overlap = 74.0938
PHY-3002 : Step(79): len = 60542.5, overlap = 77.0312
PHY-3001 : :::1::: Try harder cell spreading with beta_ = 0.000146208
PHY-3002 : Step(80): len = 60080.7, overlap = 69.4688
PHY-3002 : Step(81): len = 60238.9, overlap = 68.7188
PHY-3002 : Step(82): len = 60501.2, overlap = 63.6875
PHY-3001 : :::2::: Try harder cell spreading with beta_ = 0.000292415
PHY-3002 : Step(83): len = 60955.4, overlap = 60.8438
PHY-3002 : Step(84): len = 61405.2, overlap = 59.3438
PHY-3002 : Step(85): len = 61638.5, overlap = 56.7188
PHY-3002 : Step(86): len = 61338.7, overlap = 52.875
PHY-3002 : Step(87): len = 61279.1, overlap = 52.0625
OPT-1001 : Start physical optimization ...
RUN-1002 : start command "start_timer -report"
TMR-2505 : Start building timing graph for model top.
TMR-2506 : Build timing graph completely. Port num: 22, tpin num: 10625, tnet num: 2730, tinst num: 2362, tnode num: 13880, tedge num: 16845.
TMR-2508 : Levelizing timing graph completed, there are 43 levels in total.
TMR-2501 : Timing graph initialized successfully.
OPT-1001 : Total overflow 115.31 peak overflow 3.53
OPT-1001 : Start high-fanout net optimization ...
OPT-1001 : Update timing in global mode
PHY-1001 : Start incremental global routing, caller is place ...
RUN-1001 : Generating global routing grids ...
RUN-1001 : Building simple global routing graph ...
PHY-1001 : Generate routing nets ...
PHY-1001 : Reuse net number 0/2732.
PHY-1001 : Global iterations in 16 thread ...
PHY-1002 : len = 67512, over cnt = 219(0%), over = 739, worst = 13
PHY-1001 : End global iterations;  0.077815s wall, 0.031250s user + 0.000000s system = 0.031250s CPU (40.2%)

PHY-1001 : Congestion index: top1 = 33.36, top5 = 22.22, top10 = 15.96, top15 = 12.11.
PHY-1001 : End incremental global routing;  0.117851s wall, 0.046875s user + 0.000000s system = 0.046875s CPU (39.8%)

TMR-2503 : Start to update net delay, extr mode = 5.
TMR-2504 : Update delay of 2730 nets completely.
TMR-2502 : Annotate delay completely, extr mode = 5.
TMR-3001 : Initiate 4 clocks from SDC.
TMR-3004 : Map sdc constraints, there are 8 constraints in total.
TMR-3003 : Constraints initiated successfully.
TMR-3501 : Forward propagation: start to calculate arrival time...
TMR-3502 : Backward propagation: start to calculate required time...
TMR-3503 : Timing propagation completes.
OPT-1001 : End timing update;  0.056371s wall, 0.046875s user + 0.000000s system = 0.046875s CPU (83.2%)

OPT-1001 : 0 high-fanout net processed.
OPT-1001 : End high-fanout net optimization;  0.205105s wall, 0.125000s user + 0.000000s system = 0.125000s CPU (60.9%)

OPT-1001 : Current memory(MB): used = 215, reserve = 186, peak = 215.
OPT-1001 : Start global optimization ...
OPT-1001 : Start congestion update ...
RUN-1001 : Generating global routing grids ...
PHY-1001 : Generate routing nets ...
PHY-1001 : Reuse net number 1702/2732.
PHY-1001 : Global iterations in 16 thread ...
PHY-1002 : len = 67512, over cnt = 219(0%), over = 739, worst = 13
PHY-1002 : len = 71344, over cnt = 136(0%), over = 375, worst = 13
PHY-1002 : len = 75280, over cnt = 35(0%), over = 75, worst = 7
PHY-1002 : len = 76464, over cnt = 3(0%), over = 3, worst = 1
PHY-1002 : len = 76512, over cnt = 0(0%), over = 0, worst = 0
PHY-1001 : End global iterations;  0.064280s wall, 0.046875s user + 0.000000s system = 0.046875s CPU (72.9%)

PHY-1001 : Congestion index: top1 = 30.56, top5 = 22.39, top10 = 17.04, top15 = 13.24.
OPT-1001 : End congestion update;  0.102233s wall, 0.062500s user + 0.000000s system = 0.062500s CPU (61.1%)

OPT-1001 : Update timing in Manhattan mode
TMR-2503 : Start to update net delay, extr mode = 3.
TMR-2504 : Update delay of 2730 nets completely.
TMR-2502 : Annotate delay completely, extr mode = 3.
TMR-3501 : Forward propagation: start to calculate arrival time...
TMR-3502 : Backward propagation: start to calculate required time...
TMR-3503 : Timing propagation completes.
OPT-1001 : End timing update;  0.048432s wall, 0.046875s user + 0.000000s system = 0.046875s CPU (96.8%)

OPT-0007 : Start: WNS 4690 TNS 0 NUM_FEPS 0
OPT-1001 : End global optimization;  0.150878s wall, 0.109375s user + 0.000000s system = 0.109375s CPU (72.5%)

OPT-1001 : Current memory(MB): used = 218, reserve = 189, peak = 218.
OPT-1001 : End physical optimization;  0.776735s wall, 0.593750s user + 0.000000s system = 0.593750s CPU (76.4%)

PHY-3001 : Start packing ...
SYN-4007 : Packing 0 MUX to BLE ...
SYN-4008 : Packed 0 MUX and 0 SEQ to BLE.
SYN-4007 : Packing 998 LUT to BLE ...
SYN-4008 : Packed 998 LUT and 526 SEQ to BLE.
SYN-4003 : Packing 499 remaining SEQ's ...
SYN-4005 : Packed 144 SEQ with LUT/SLICE
SYN-4006 : 359 single LUT's are left
SYN-4006 : 355 single SEQ's are left
SYN-4011 : Packing model "top" (AL_USER_NORMAL) with 1353/1890 primitive instances ...
PHY-3001 : End packing;  0.055562s wall, 0.062500s user + 0.000000s system = 0.062500s CPU (112.5%)

PHY-1001 : Populate physical database on model top.
RUN-1001 : There are total 1069 instances
RUN-1001 : 479 mslices, 479 lslices, 102 pads, 2 brams, 0 dsps
RUN-1001 : There are total 2241 nets
RUN-6004 WARNING: There are 16 nets with only 1 pin.
RUN-1001 : 1452 nets have 2 pins
RUN-1001 : 539 nets have [3 - 5] pins
RUN-1001 : 139 nets have [6 - 10] pins
RUN-1001 : 49 nets have [11 - 20] pins
RUN-1001 : 42 nets have [21 - 99] pins
RUN-1001 : 4 nets have 100+ pins
PHY-3001 : design contains 1067 instances, 958 slices, 35 macros(230 instances: 147 mslices 83 lslices)
PHY-3001 : Cell area utilization is 12%
PHY-3001 : After packing: Len = 60882.6, Over = 71.5
PHY-3001 : Run with size of 2
PHY-3001 : Cell area utilization is 12%
PHY-3001 : Update timing in Manhattan mode ...
RUN-1002 : start command "start_timer -report"
TMR-2505 : Start building timing graph for model top.
TMR-2506 : Build timing graph completely. Port num: 22, tpin num: 8931, tnet num: 2239, tinst num: 1067, tnode num: 11345, tedge num: 14950.
TMR-2508 : Levelizing timing graph completed, there are 41 levels in total.
TMR-2501 : Timing graph initialized successfully.
TMR-2503 : Start to update net delay, extr mode = 3.
TMR-2504 : Update delay of 2239 nets completely.
TMR-2502 : Annotate delay completely, extr mode = 3.
TMR-3001 : Initiate 4 clocks from SDC.
TMR-3004 : Map sdc constraints, there are 8 constraints in total.
TMR-3003 : Constraints initiated successfully.
TMR-3501 : Forward propagation: start to calculate arrival time...
TMR-3502 : Backward propagation: start to calculate required time...
TMR-3503 : Timing propagation completes.
PHY-3001 : End timing update;  0.470699s wall, 0.421875s user + 0.000000s system = 0.421875s CPU (89.6%)

PHY-3001 : :::0::: Try harder cell spreading with beta_ = 6.73905e-05
PHY-3002 : Step(88): len = 59811.4, overlap = 73
PHY-3002 : Step(89): len = 59460.1, overlap = 77.25
PHY-3002 : Step(90): len = 58868.3, overlap = 76.25
PHY-3002 : Step(91): len = 58921.3, overlap = 74.5
PHY-3002 : Step(92): len = 58936.6, overlap = 72.25
PHY-3001 : :::1::: Try harder cell spreading with beta_ = 0.000134781
PHY-3002 : Step(93): len = 59717, overlap = 66.25
PHY-3002 : Step(94): len = 60313.2, overlap = 63.5
PHY-3002 : Step(95): len = 60619.9, overlap = 64
PHY-3001 : :::2::: Try harder cell spreading with beta_ = 0.000269562
PHY-3002 : Step(96): len = 61464.7, overlap = 59.75
PHY-3002 : Step(97): len = 62415.7, overlap = 57.5
PHY-3002 : Step(98): len = 63051.2, overlap = 54.75
PHY-3001 : Legalization ...
PHY-3001 : End legalization;  0.108577s wall, 0.000000s user + 0.062500s system = 0.062500s CPU (57.6%)

PHY-3001 : Trial Legalized: Len = 80922.2
PHY-3001 : Run with size of 2
PHY-3001 : Cell area utilization is 12%
PHY-3001 : Update timing in Manhattan mode ...
TMR-2503 : Start to update net delay, extr mode = 3.
TMR-2504 : Update delay of 2239 nets completely.
TMR-2502 : Annotate delay completely, extr mode = 3.
TMR-3501 : Forward propagation: start to calculate arrival time...
TMR-3502 : Backward propagation: start to calculate required time...
TMR-3503 : Timing propagation completes.
PHY-3001 : End timing update;  0.041727s wall, 0.000000s user + 0.000000s system = 0.000000s CPU (n/a%)

PHY-3001 : :::0::: Try harder cell spreading with beta_ = 0.00126488
PHY-3002 : Step(99): len = 75009, overlap = 10.5
PHY-3002 : Step(100): len = 72794.7, overlap = 12
PHY-3002 : Step(101): len = 70651.6, overlap = 15.75
PHY-3002 : Step(102): len = 68579.1, overlap = 21
PHY-3002 : Step(103): len = 66741, overlap = 26.75
PHY-3002 : Step(104): len = 66131.5, overlap = 27.75
PHY-3002 : Step(105): len = 65610.9, overlap = 28.25
PHY-3002 : Step(106): len = 65113.7, overlap = 30.75
PHY-3001 : :::1::: Try harder cell spreading with beta_ = 0.00252976
PHY-3002 : Step(107): len = 65304.9, overlap = 30
PHY-3002 : Step(108): len = 65364.5, overlap = 29.75
PHY-3002 : Step(109): len = 65413.2, overlap = 29.75
PHY-3001 : :::2::: Try harder cell spreading with beta_ = 0.00505952
PHY-3002 : Step(110): len = 65490, overlap = 30
PHY-3002 : Step(111): len = 65519.4, overlap = 29
PHY-3001 : Legalization ...
PHY-3001 : End legalization;  0.004605s wall, 0.000000s user + 0.000000s system = 0.000000s CPU (n/a%)

PHY-3001 : Legalized: Len = 74229.2, Over = 0
PHY-3001 : Spreading special nets. 16 overflows in 2952 tiles.
PHY-3001 : End spreading;  0.005523s wall, 0.000000s user + 0.000000s system = 0.000000s CPU (n/a%)

PHY-3001 : 24 instances has been re-located, deltaX = 10, deltaY = 21, maxDist = 3.
PHY-3001 : Final: Len = 74573.2, Over = 0
OPT-1001 : Start physical optimization ...
RUN-1002 : start command "start_timer -report"
TMR-2505 : Start building timing graph for model top.
TMR-2506 : Build timing graph completely. Port num: 22, tpin num: 8931, tnet num: 2239, tinst num: 1067, tnode num: 11345, tedge num: 14950.
TMR-2508 : Levelizing timing graph completed, there are 41 levels in total.
TMR-2501 : Timing graph initialized successfully.
OPT-1001 : Total overflow 0.00 peak overflow 0.00
OPT-1001 : Start high-fanout net optimization ...
OPT-1001 : Update timing in global mode
PHY-1001 : Start incremental global routing, caller is place ...
RUN-1001 : Generating global routing grids ...
PHY-1001 : Generate routing nets ...
PHY-1001 : Reuse net number 102/2241.
PHY-1001 : Global iterations in 16 thread ...
PHY-1002 : len = 85544, over cnt = 180(0%), over = 295, worst = 5
PHY-1002 : len = 86816, over cnt = 89(0%), over = 129, worst = 5
PHY-1002 : len = 87712, over cnt = 48(0%), over = 68, worst = 4
PHY-1002 : len = 88680, over cnt = 2(0%), over = 2, worst = 1
PHY-1002 : len = 88712, over cnt = 0(0%), over = 0, worst = 0
PHY-1001 : End global iterations;  0.134789s wall, 0.078125s user + 0.015625s system = 0.093750s CPU (69.6%)

PHY-1001 : Congestion index: top1 = 27.44, top5 = 22.04, top10 = 18.12, top15 = 14.68.
PHY-1001 : End incremental global routing;  0.180878s wall, 0.109375s user + 0.015625s system = 0.125000s CPU (69.1%)

TMR-2503 : Start to update net delay, extr mode = 5.
TMR-2504 : Update delay of 2239 nets completely.
TMR-2502 : Annotate delay completely, extr mode = 5.
TMR-3001 : Initiate 4 clocks from SDC.
TMR-3004 : Map sdc constraints, there are 8 constraints in total.
TMR-3003 : Constraints initiated successfully.
TMR-3501 : Forward propagation: start to calculate arrival time...
TMR-3502 : Backward propagation: start to calculate required time...
TMR-3503 : Timing propagation completes.
OPT-1001 : End timing update;  0.054182s wall, 0.062500s user + 0.000000s system = 0.062500s CPU (115.4%)

OPT-1001 : 0 high-fanout net processed.
OPT-1001 : End high-fanout net optimization;  0.266941s wall, 0.187500s user + 0.015625s system = 0.203125s CPU (76.1%)

OPT-1001 : Current memory(MB): used = 220, reserve = 192, peak = 220.
OPT-1001 : Start path based optimization ...
OPT-1001 : Start congestion update ...
RUN-1001 : Generating global routing grids ...
PHY-1001 : Generate routing nets ...
PHY-1001 : Reuse net number 1874/2241.
PHY-1001 : Global iterations in 16 thread ...
PHY-1002 : len = 88712, over cnt = 0(0%), over = 0, worst = 0
PHY-1001 : End global iterations;  0.004639s wall, 0.000000s user + 0.000000s system = 0.000000s CPU (n/a%)

PHY-1001 : Congestion index: top1 = 27.44, top5 = 22.04, top10 = 18.12, top15 = 14.68.
OPT-1001 : End congestion update;  0.043196s wall, 0.046875s user + 0.000000s system = 0.046875s CPU (108.5%)

OPT-1001 : Update timing in Manhattan mode
TMR-2503 : Start to update net delay, extr mode = 3.
TMR-2504 : Update delay of 2239 nets completely.
TMR-2502 : Annotate delay completely, extr mode = 3.
TMR-3501 : Forward propagation: start to calculate arrival time...
TMR-3502 : Backward propagation: start to calculate required time...
TMR-3503 : Timing propagation completes.
OPT-1001 : End timing update;  0.042836s wall, 0.031250s user + 0.000000s system = 0.031250s CPU (73.0%)

OPT-0007 : Start: WNS 4076 TNS 0 NUM_FEPS 0
OPT-1001 : End path based optimization;  0.086243s wall, 0.078125s user + 0.000000s system = 0.078125s CPU (90.6%)

OPT-1001 : Current memory(MB): used = 222, reserve = 194, peak = 222.
OPT-1001 : Update timing in Manhattan mode
TMR-2503 : Start to update net delay, extr mode = 3.
TMR-2504 : Update delay of 2239 nets completely.
TMR-2502 : Annotate delay completely, extr mode = 3.
TMR-3501 : Forward propagation: start to calculate arrival time...
TMR-3502 : Backward propagation: start to calculate required time...
TMR-3503 : Timing propagation completes.
OPT-1001 : End timing update;  0.042700s wall, 0.062500s user + 0.000000s system = 0.062500s CPU (146.4%)

OPT-1001 : Start pin optimization...
OPT-1001 : skip pin optimization...
RUN-1001 : Generating global routing grids ...
PHY-1001 : Generate routing nets ...
PHY-1001 : Reuse net number 1874/2241.
PHY-1001 : Global iterations in 16 thread ...
PHY-1002 : len = 88712, over cnt = 0(0%), over = 0, worst = 0
PHY-1001 : End global iterations;  0.004763s wall, 0.000000s user + 0.000000s system = 0.000000s CPU (n/a%)

PHY-1001 : Congestion index: top1 = 27.44, top5 = 22.04, top10 = 18.12, top15 = 14.68.
OPT-1001 : Update timing in Manhattan mode
TMR-2503 : Start to update net delay, extr mode = 3.
TMR-2504 : Update delay of 2239 nets completely.
TMR-2502 : Annotate delay completely, extr mode = 3.
TMR-3501 : Forward propagation: start to calculate arrival time...
TMR-3502 : Backward propagation: start to calculate required time...
TMR-3503 : Timing propagation completes.
OPT-1001 : End timing update;  0.043596s wall, 0.015625s user + 0.000000s system = 0.015625s CPU (35.8%)

RUN-1001 : QoR Analysis:
OPT-0007 :   WNS 4076 TNS 0 NUM_FEPS 0
RUN-1001 :   No local congestion issue, and most congested 1% tile average routing util is 27.000000
RUN-1001 :   Top critical paths
RUN-1001 :       #1 path slack 4076ps with logic level 8 
RUN-1001 :       #2 path slack 4133ps with logic level 8 
OPT-1001 : End physical optimization;  0.926849s wall, 0.765625s user + 0.015625s system = 0.781250s CPU (84.3%)

RUN-1003 : finish command "place" in  5.038644s wall, 2.984375s user + 0.750000s system = 3.734375s CPU (74.1%)

RUN-1004 : used memory is 198 MB, reserved memory is 170 MB, peak memory is 223 MB
RUN-1002 : start command "export_db pic_sdram_place.db"
RUN-1001 : Exported /
RUN-1001 : Exported flow parameters
RUN-1001 : Exported libs
RUN-1001 : Exported entities
RUN-1001 : Exported ports
RUN-1001 : Exported pins
RUN-1001 : Exported instances
RUN-1001 : Exported nets
RUN-1001 : Exported buses
RUN-1001 : Exported models
RUN-1001 : Exported congestions
RUN-1001 : Exported violations
RUN-1001 : Exported timing constraints
RUN-1001 : Exported IO constraints
RUN-1001 : Exported Inst constraints
RUN-1002 : start command "route"
RUN-1001 : Open license file D:/Program/Anlogic/TD5.6.2/license/Anlogic.lic
RUN-1001 : Print Global Property
RUN-1001 : ---------------------------------------------------------------
RUN-1001 :        Parameters        |  Settings  |  Default Values  |  Note  
RUN-1001 : ---------------------------------------------------------------
RUN-1001 :          message         |  standard  |     standard     |        
RUN-1001 :   mixed_pack_place_flow  |     on     |        on        |        
RUN-1001 :        qor_monitor       |    off     |       off        |        
RUN-1001 :        syn_ip_flow       |    off     |       off        |        
RUN-1001 :          thread          |    auto    |       auto       |        
RUN-1001 : ---------------------------------------------------------------
RUN-1001 : Print Route Property
RUN-1001 : -------------------------------------------------------
RUN-1001 :    Parameters    |  Settings  |  Default Values  |  Note  
RUN-1001 : -------------------------------------------------------
RUN-1001 :      effort      |   medium   |      medium      |        
RUN-1001 :     fix_hold     |    off     |       off        |        
RUN-1001 :    opt_timing    |   medium   |      medium      |        
RUN-1001 :   phy_sim_model  |    off     |       off        |        
RUN-1001 :     priority     |   timing   |      timing      |        
RUN-1001 :     swap_pin     |     on     |        on        |        
RUN-1001 : -------------------------------------------------------
PHY-1001 : Route runs in 16 thread(s)
RUN-1001 : There are total 1069 instances
RUN-1001 : 479 mslices, 479 lslices, 102 pads, 2 brams, 0 dsps
RUN-1001 : There are total 2241 nets
RUN-6004 WARNING: There are 16 nets with only 1 pin.
RUN-1001 : 1452 nets have 2 pins
RUN-1001 : 539 nets have [3 - 5] pins
RUN-1001 : 139 nets have [6 - 10] pins
RUN-1001 : 49 nets have [11 - 20] pins
RUN-1001 : 42 nets have [21 - 99] pins
RUN-1001 : 4 nets have 100+ pins
RUN-1002 : start command "start_timer -report"
TMR-2505 : Start building timing graph for model top.
TMR-2506 : Build timing graph completely. Port num: 22, tpin num: 8931, tnet num: 2239, tinst num: 1067, tnode num: 11345, tedge num: 14950.
TMR-2508 : Levelizing timing graph completed, there are 41 levels in total.
TMR-2501 : Timing graph initialized successfully.
PHY-1001 : 479 mslices, 479 lslices, 102 pads, 2 brams, 0 dsps
TMR-2503 : Start to update net delay, extr mode = 3.
TMR-2504 : Update delay of 2239 nets completely.
TMR-2502 : Annotate delay completely, extr mode = 3.
TMR-3001 : Initiate 4 clocks from SDC.
TMR-3004 : Map sdc constraints, there are 8 constraints in total.
TMR-3003 : Constraints initiated successfully.
TMR-3501 : Forward propagation: start to calculate arrival time...
TMR-3502 : Backward propagation: start to calculate required time...
TMR-3503 : Timing propagation completes.
PHY-1001 : Start global routing, caller is route ...
RUN-1001 : Generating global routing grids ...
PHY-1001 : Generate routing nets ...
PHY-1001 : Global iterations in 16 thread ...
PHY-1002 : len = 84736, over cnt = 182(0%), over = 320, worst = 7
PHY-1002 : len = 85696, over cnt = 122(0%), over = 189, worst = 5
PHY-1002 : len = 87872, over cnt = 8(0%), over = 9, worst = 2
PHY-1002 : len = 87968, over cnt = 0(0%), over = 0, worst = 0
PHY-1001 : End global iterations;  0.123013s wall, 0.046875s user + 0.015625s system = 0.062500s CPU (50.8%)

PHY-1001 : Congestion index: top1 = 27.50, top5 = 21.95, top10 = 17.97, top15 = 14.55.
PHY-1001 : End global routing;  0.166054s wall, 0.078125s user + 0.031250s system = 0.109375s CPU (65.9%)

PHY-1001 : Start detail routing ...
PHY-1001 : Current memory(MB): used = 239, reserve = 211, peak = 255.
PHY-1001 : Detailed router is running in normal mode.
PHY-1001 : Generate detailed routing grids ...
PHY-1001 : Generate nets ...
PHY-1001 : net clk_dup_1 will be routed on clock mesh
PHY-1001 : net U3/u2_ram/SDRAM_CLK will be routed on clock mesh
PHY-5010 WARNING: Net U3/u2_ram/u2_wrrd/Sdr_rd_dout[31] is skipped due to 0 input or output
PHY-5010 WARNING: Net U3/u2_ram/u2_wrrd/Sdr_rd_dout[30] is skipped due to 0 input or output
PHY-5010 WARNING: Net U3/u2_ram/u2_wrrd/Sdr_rd_dout[29] is skipped due to 0 input or output
PHY-5010 WARNING: Net U3/u2_ram/u2_wrrd/Sdr_rd_dout[28] is skipped due to 0 input or output
PHY-5010 WARNING: Net U3/u2_ram/u2_wrrd/Sdr_rd_dout[27] is skipped due to 0 input or output
PHY-5010 WARNING: Net U3/u2_ram/u2_wrrd/Sdr_rd_dout[26] is skipped due to 0 input or output
PHY-5010 WARNING: Net U3/u2_ram/u2_wrrd/Sdr_rd_dout[25] is skipped due to 0 input or output
PHY-5010 WARNING: Net U3/u2_ram/u2_wrrd/Sdr_rd_dout[24] is skipped due to 0 input or output
PHY-5010 WARNING: Net U3/u2_ram/u2_wrrd/Sdr_rd_dout[23] is skipped due to 0 input or output
PHY-5010 WARNING: Net U3/u2_ram/u2_wrrd/Sdr_rd_dout[22] is skipped due to 0 input or output
PHY-5010 Similar messages will be suppressed.
PHY-1001 : clock net frame_read_write_m0/read_buf/clkr will be merged with clock video_pll_m0/clk0_buf
PHY-1001 : clock net frame_read_write_m0/write_buf/clkw will be merged with clock sys_pll_m0/clk0_buf
PHY-1001 : Current memory(MB): used = 508, reserve = 484, peak = 508.
PHY-1001 : End build detailed router design. 2.449955s wall, 1.484375s user + 0.015625s system = 1.500000s CPU (61.2%)

PHY-1001 : Detail Route ...
PHY-1001 : ===== Detail Route Phase 1 =====
PHY-1001 : Clock net routing.....
PHY-1001 : Routed 0% nets.
PHY-1022 : len = 41728, over cnt = 0(0%), over = 0, worst = 0, crit = 0
PHY-1001 : End initial clock net routed; 0.652393s wall, 0.515625s user + 0.015625s system = 0.531250s CPU (81.4%)

PHY-1001 : Current memory(MB): used = 541, reserve = 518, peak = 541.
PHY-1001 : End phase 1; 0.657200s wall, 0.531250s user + 0.015625s system = 0.546875s CPU (83.2%)

PHY-1001 : ===== Detail Route Phase 2 =====
PHY-1001 : Initial routing.....
PHY-1001 : Routed 37% nets.
PHY-1001 : Routed 45% nets.
PHY-1001 : Routed 54% nets.
PHY-1001 : Routed 67% nets.
PHY-1001 : Routed 88% nets.
PHY-1022 : len = 266392, over cnt = 42(0%), over = 42, worst = 1, crit = 0
PHY-1001 : Current memory(MB): used = 541, reserve = 518, peak = 541.
PHY-1001 : End initial routed; 1.377112s wall, 0.609375s user + 0.000000s system = 0.609375s CPU (44.3%)

PHY-1001 : Update timing.....
PHY-1001 : 0/1981(0%) critical/total net(s).
RUN-1001 : --------------------------------------
RUN-1001 :   Type   |  WNS(ns)  |  TNS(ns)  |  FEP  
RUN-1001 : --------------------------------------
RUN-1001 :   Setup  |   0.731   |   0.000   |   0   
RUN-1001 :   Hold   |   0.132   |   0.000   |   0   
RUN-1001 : --------------------------------------
PHY-1001 : End update timing; 0.513587s wall, 0.328125s user + 0.000000s system = 0.328125s CPU (63.9%)

PHY-1001 : Current memory(MB): used = 544, reserve = 521, peak = 544.
PHY-1001 : End phase 2; 1.890747s wall, 0.937500s user + 0.000000s system = 0.937500s CPU (49.6%)

PHY-1001 : ===== Detail Route Phase 3 =====
PHY-1001 : Optimize timing.....
PHY-1022 : len = 266392, over cnt = 42(0%), over = 42, worst = 1, crit = 0
PHY-1001 : End optimize timing; 0.013951s wall, 0.000000s user + 0.000000s system = 0.000000s CPU (n/a%)

PHY-1001 : Ripup-reroute.....
PHY-1001 : ===== DR Iter 1 =====
PHY-1022 : len = 266152, over cnt = 11(0%), over = 11, worst = 1, crit = 0
PHY-1001 : End DR Iter 1; 0.026579s wall, 0.000000s user + 0.000000s system = 0.000000s CPU (n/a%)

PHY-1001 : ===== DR Iter 2 =====
PHY-1022 : len = 266152, over cnt = 3(0%), over = 3, worst = 1, crit = 0
PHY-1001 : End DR Iter 2; 0.020760s wall, 0.000000s user + 0.000000s system = 0.000000s CPU (n/a%)

PHY-1001 : ===== DR Iter 3 =====
PHY-1022 : len = 266128, over cnt = 0(0%), over = 0, worst = 0, crit = 0
PHY-1001 : End DR Iter 3; 0.018564s wall, 0.015625s user + 0.000000s system = 0.015625s CPU (84.2%)

PHY-1001 : Update timing.....
PHY-1001 : 0/1981(0%) critical/total net(s).
RUN-1001 : --------------------------------------
RUN-1001 :   Type   |  WNS(ns)  |  TNS(ns)  |  FEP  
RUN-1001 : --------------------------------------
RUN-1001 :   Setup  |   0.731   |   0.000   |   0   
RUN-1001 :   Hold   |   0.132   |   0.000   |   0   
RUN-1001 : --------------------------------------
PHY-1001 : End update timing; 0.519340s wall, 0.359375s user + 0.000000s system = 0.359375s CPU (69.2%)

PHY-1001 : Commit to database.....
PHY-1001 : 6 feed throughs used by 5 nets
PHY-1001 : End commit to database; 0.172969s wall, 0.125000s user + 0.000000s system = 0.125000s CPU (72.3%)

PHY-1001 : Current memory(MB): used = 561, reserve = 539, peak = 561.
PHY-1001 : End phase 3; 0.872580s wall, 0.546875s user + 0.000000s system = 0.546875s CPU (62.7%)

PHY-1003 : Routed, final wirelength = 266128
PHY-1001 : Current memory(MB): used = 562, reserve = 539, peak = 562.
PHY-1001 : End export database. 0.008195s wall, 0.000000s user + 0.000000s system = 0.000000s CPU (n/a%)

PHY-1001 : End detail routing;  6.021091s wall, 3.609375s user + 0.031250s system = 3.640625s CPU (60.5%)

RUN-1003 : finish command "route" in  6.697402s wall, 4.062500s user + 0.078125s system = 4.140625s CPU (61.8%)

RUN-1004 : used memory is 509 MB, reserved memory is 487 MB, peak memory is 562 MB
RUN-1002 : start command "report_area -io_info -file pic_sdram_phy.area"
RUN-1001 : standard
***Report Model: top Device: EG4S20BG256***

IO Statistics
#IO                        47
  #input                    6
  #output                  37
  #inout                    4

Utilization Statistics
#lut                     1499   out of  19600    7.65%
#reg                     1055   out of  19600    5.38%
#le                      1853
  #lut only               798   out of   1853   43.07%
  #reg only               354   out of   1853   19.10%
  #lut&reg                701   out of   1853   37.83%
#dsp                        0   out of     29    0.00%
#bram                       2   out of     64    3.12%
  #bram9k                   2
  #fifo9k                   0
#bram32k                    0   out of     16    0.00%
#pad                       47   out of    188   25.00%
  #ireg                     1
  #oreg                    34
  #treg                     0
#pll                        2   out of      4   50.00%
#gclk                       2   out of     16   12.50%

Clock Resource Statistics
Index     ClockNet                 Type               DriverType         Driver                         Fanout
#1        U3/u2_ram/SDRAM_CLK      GCLK               pll                sys_pll_m0/pll_inst.clkc1      371
#2        sys_pll_m0/clk0_buf      GCLK               pll                sys_pll_m0/pll_inst.clkc0      262
#3        video_pll_m0/clk0_buf    GCLK               pll                video_pll_m0/pll_inst.clkc0    67
#4        clk_dup_1                GCLK               io                 clk_syn_2.di                   26


Detailed IO Report

       Name         Direction    Location    IOStandard    DriveStrength    PullType     PackReg   
       clk            INPUT         R7        LVCMOS33          N/A           NONE        NONE     
       key1           INPUT         B2        LVCMOS33          N/A           NONE        IREG     
       key2           INPUT         B1        LVCMOS33          N/A           NONE        NONE     
      rst_n           INPUT         A2        LVCMOS33          N/A           NONE        NONE     
     sd_miso          INPUT        B14        LVCMOS33          N/A           NONE        NONE     
     switch1          INPUT         C8        LVCMOS33          N/A           NONE        NONE     
    flash_cs_n       OUTPUT         P8        LVCMOS33           8            NONE        NONE     
    flash_sck        OUTPUT         M9        LVCMOS33           8            NONE        NONE     
     sd_dclk         OUTPUT        A14        LVCMOS33           8            NONE        OREG     
     sd_mosi         OUTPUT        A13        LVCMOS33           8            NONE        OREG     
      sd_ncs         OUTPUT        A12        LVCMOS33           8            NONE        OREG     
   seg_data[7]       OUTPUT         A6        LVCMOS33           8            NONE        NONE     
   seg_data[6]       OUTPUT         A7        LVCMOS33           8            NONE        OREG     
   seg_data[5]       OUTPUT         A8        LVCMOS33           8            NONE        OREG     
   seg_data[4]       OUTPUT         B5        LVCMOS33           8            NONE        OREG     
   seg_data[3]       OUTPUT         A5        LVCMOS33           8            NONE        OREG     
   seg_data[2]       OUTPUT         B6        LVCMOS33           8            NONE        OREG     
   seg_data[1]       OUTPUT        C16        LVCMOS33           8            NONE        OREG     
   seg_data[0]       OUTPUT        C15        LVCMOS33           8            NONE        OREG     
    seg_sel[5]       OUTPUT        D11        LVCMOS33           8            NONE        OREG     
    seg_sel[4]       OUTPUT        E11        LVCMOS33           8            NONE        OREG     
    seg_sel[3]       OUTPUT        F10        LVCMOS33           8            NONE        OREG     
    seg_sel[2]       OUTPUT        C13        LVCMOS33           8            NONE        OREG     
    seg_sel[1]       OUTPUT        E10        LVCMOS33           8            NONE        OREG     
    seg_sel[0]       OUTPUT        E12        LVCMOS33           8            NONE        OREG     
   vga_out_b[4]      OUTPUT         D5        LVCMOS33           8            NONE        OREG     
   vga_out_b[3]      OUTPUT         D6        LVCMOS33           8            NONE        OREG     
   vga_out_b[2]      OUTPUT         E6        LVCMOS33           8            NONE        OREG     
   vga_out_b[1]      OUTPUT         F6        LVCMOS33           8            NONE        OREG     
   vga_out_b[0]      OUTPUT        H16        LVCMOS25           8            N/A         OREG     
   vga_out_g[5]      OUTPUT         N6        LVCMOS33           8            NONE        OREG     
   vga_out_g[4]      OUTPUT         N5        LVCMOS33           8            NONE        OREG     
   vga_out_g[3]      OUTPUT         P5        LVCMOS33           8            NONE        OREG     
   vga_out_g[2]      OUTPUT         T5        LVCMOS33           8            NONE        OREG     
   vga_out_g[1]      OUTPUT        F14        LVCMOS25           8            N/A         OREG     
   vga_out_g[0]      OUTPUT         A4        LVCMOS33           8            N/A         OREG     
    vga_out_hs       OUTPUT         E7        LVCMOS33           8            NONE        OREG     
   vga_out_r[4]      OUTPUT        E13        LVCMOS33           8            NONE        OREG     
   vga_out_r[3]      OUTPUT         L8        LVCMOS33           8            NONE        OREG     
   vga_out_r[2]      OUTPUT         L7        LVCMOS33           8            NONE        OREG     
   vga_out_r[1]      OUTPUT         R5        LVCMOS33           8            NONE        OREG     
   vga_out_r[0]      OUTPUT         H5        LVCMOS33           8            N/A         OREG     
    vga_out_vs       OUTPUT         F7        LVCMOS33           8            NONE        OREG     
  flash_qspi_IO0      INOUT         P7        LVCMOS33           8            NONE        NONE     
  flash_qspi_IO1      INOUT         N8        LVCMOS33           8            NONE        NONE     
  flash_qspi_IO2      INOUT         P9        LVCMOS33           8            NONE        NONE     
  flash_qspi_IO3      INOUT         R9        LVCMOS33           8            NONE        NONE     
       dm0           OUTPUT        S14        LVCMOS25           8            NONE        OREG     
       cke           OUTPUT        S18        LVCMOS25           8            NONE        NONE     
       we_n          OUTPUT        S19        LVCMOS25           8            NONE        OREG     
      cas_n          OUTPUT        S20        LVCMOS25           8            NONE        OREG     
      ras_n          OUTPUT        S21        LVCMOS25           8            NONE        OREG     
       cs_n          OUTPUT        S22        LVCMOS25           8            NONE        NONE     
     addr[9]         OUTPUT        S23        LVCMOS25           8            NONE        OREG     
     addr[8]         OUTPUT        S24        LVCMOS25           8            NONE        OREG     
     addr[7]         OUTPUT        S25        LVCMOS25           8            NONE        OREG     
     addr[6]         OUTPUT        S26        LVCMOS25           8            NONE        OREG     
     addr[5]         OUTPUT        S27        LVCMOS25           8            NONE        OREG     
     addr[4]         OUTPUT        S28        LVCMOS25           8            NONE        OREG     
       dm2           OUTPUT        S29        LVCMOS25           8            NONE        OREG     
       dm3           OUTPUT        S61        LVCMOS25           8            NONE        OREG     
     addr[3]         OUTPUT        S64        LVCMOS25           8            NONE        OREG     
     addr[2]         OUTPUT        S65        LVCMOS25           8            NONE        OREG     
     addr[1]         OUTPUT        S66        LVCMOS25           8            NONE        OREG     
     addr[0]         OUTPUT        S67        LVCMOS25           8            NONE        OREG     
     addr[10]        OUTPUT        S68        LVCMOS25           8            NONE        OREG     
      ba[0]          OUTPUT        S69        LVCMOS25           8            NONE        OREG     
      ba[1]          OUTPUT        S70        LVCMOS25           8            NONE        OREG     
       clk           OUTPUT        S73        LVCMOS25           8            NONE        NONE     
       dm1           OUTPUT        S76        LVCMOS25           8            NONE        OREG     
      dq[0]           INOUT         S1        LVCMOS25           8           PULLUP     IREG;OREG  
      dq[6]           INOUT        S11        LVCMOS25           8           PULLUP     IREG;OREG  
      dq[7]           INOUT        S12        LVCMOS25           8           PULLUP     IREG;OREG  
      dq[1]           INOUT         S2        LVCMOS25           8           PULLUP     IREG;OREG  
      dq[23]          INOUT        S31        LVCMOS25           8           PULLUP       IREG     
      dq[22]          INOUT        S32        LVCMOS25           8           PULLUP       IREG     
      dq[21]          INOUT        S35        LVCMOS25           8           PULLUP       IREG     
      dq[20]          INOUT        S36        LVCMOS25           8           PULLUP       IREG     
      dq[19]          INOUT        S37        LVCMOS25           8           PULLUP       IREG     
      dq[18]          INOUT        S38        LVCMOS25           8           PULLUP       IREG     
      dq[17]          INOUT        S41        LVCMOS25           8           PULLUP       IREG     
      dq[16]          INOUT        S42        LVCMOS25           8           PULLUP       IREG     
      dq[31]          INOUT        S48        LVCMOS25           8           PULLUP       IREG     
      dq[30]          INOUT        S49        LVCMOS25           8           PULLUP       IREG     
      dq[2]           INOUT         S5        LVCMOS25           8           PULLUP     IREG;OREG  
      dq[29]          INOUT        S52        LVCMOS25           8           PULLUP       IREG     
      dq[28]          INOUT        S53        LVCMOS25           8           PULLUP       IREG     
      dq[27]          INOUT        S54        LVCMOS25           8           PULLUP       IREG     
      dq[26]          INOUT        S55        LVCMOS25           8           PULLUP       IREG     
      dq[25]          INOUT        S58        LVCMOS25           8           PULLUP       IREG     
      dq[24]          INOUT        S59        LVCMOS25           8           PULLUP       IREG     
      dq[3]           INOUT         S6        LVCMOS25           8           PULLUP     IREG;OREG  
      dq[4]           INOUT         S7        LVCMOS25           8           PULLUP     IREG;OREG  
      dq[8]           INOUT        S78        LVCMOS25           8           PULLUP     IREG;OREG  
      dq[9]           INOUT        S79        LVCMOS25           8           PULLUP     IREG;OREG  
      dq[5]           INOUT         S8        LVCMOS25           8           PULLUP     IREG;OREG  
      dq[10]          INOUT        S82        LVCMOS25           8           PULLUP     IREG;OREG  
      dq[11]          INOUT        S83        LVCMOS25           8           PULLUP     IREG;OREG  
      dq[12]          INOUT        S84        LVCMOS25           8           PULLUP     IREG;OREG  
      dq[13]          INOUT        S85        LVCMOS25           8           PULLUP     IREG;OREG  
      dq[14]          INOUT        S88        LVCMOS25           8           PULLUP     IREG;OREG  
      dq[15]          INOUT        S89        LVCMOS25           8           PULLUP     IREG;OREG  

Report Hierarchy Area:
+-------------------------------------------------------------------------------------------------------------------------------------+
|Instance                        |Module                                         |le     |lut     |ripple  |seq     |bram    |dsp     |
+-------------------------------------------------------------------------------------------------------------------------------------+
|top                             |top                                            |1853   |1269    |230     |1090    |2       |0       |
|  U3                            |sdram                                          |341    |92      |5       |326     |0       |0       |
|    u2_ram                      |sdr_as_ram                                     |341    |92      |5       |326     |0       |0       |
|      u1_init_ref               |sdr_init_ref                                   |91     |16      |5       |83      |0       |0       |
|      u2_wrrd                   |sdr_wrrd                                       |250    |76      |0       |243     |0       |0       |
|  frame_read_write_m0           |frame_read_write                               |465    |300     |98      |296     |2       |0       |
|    frame_fifo_read_m0          |frame_fifo_read                                |114    |89      |24      |65      |0       |0       |
|    frame_fifo_write_m0         |frame_fifo_write                               |113    |87      |24      |60      |0       |0       |
|    read_buf                    |afifo_16_256                                   |122    |62      |25      |86      |1       |0       |
|      ram_inst                  |ram_infer_afifo_16_256                         |0      |0       |0       |0       |1       |0       |
|      rd_to_wr_cross_inst       |fifo_cross_domain_addr_process_al_afifo_16_256 |33     |16      |0       |33      |0       |0       |
|      wr_to_rd_cross_inst       |fifo_cross_domain_addr_process_al_afifo_16_256 |29     |15      |0       |29      |0       |0       |
|    write_buf                   |afifo_16_256                                   |116    |62      |25      |85      |1       |0       |
|      ram_inst                  |ram_infer_afifo_16_256                         |0      |0       |0       |0       |1       |0       |
|      rd_to_wr_cross_inst       |fifo_cross_domain_addr_process_al_afifo_16_256 |27     |14      |0       |27      |0       |0       |
|      wr_to_rd_cross_inst       |fifo_cross_domain_addr_process_al_afifo_16_256 |34     |19      |0       |33      |0       |0       |
|  sd_card_bmp_m0                |sd_card_bmp                                    |917    |780     |97      |380     |0       |0       |
|    ax_debounce_m0              |ax_debounce                                    |61     |52      |9       |35      |0       |0       |
|    bmp_read_m0                 |bmp_read                                       |302    |211     |58      |168     |0       |0       |
|    sd_card_top_m0              |sd_card_top                                    |554    |517     |30      |177     |0       |0       |
|      sd_card_cmd_m0            |sd_card_cmd                                    |322    |297     |25      |53      |0       |0       |
|      sd_card_sec_read_write_m0 |sd_card_sec_read_write                         |167    |160     |0       |86      |0       |0       |
|      spi_master_m0             |spi_master                                     |65     |60      |5       |38      |0       |0       |
|  seg_scan_m0                   |seg_scan                                       |67     |45      |22      |19      |0       |0       |
|  sys_pll_m0                    |sys_pll                                        |0      |0       |0       |0       |0       |0       |
|  video_pll_m0                  |video_pll                                      |0      |0       |0       |0       |0       |0       |
|  video_timing_data_m0          |video_timing_data                              |63     |52      |8       |34      |0       |0       |
|    color_bar_m0                |color_bar                                      |46     |37      |8       |30      |0       |0       |
+-------------------------------------------------------------------------------------------------------------------------------------+


DataNet Average Fanout:

   Index     Fanout     Nets  
    #1          1       1405  
    #2          2       246   
    #3          3       182   
    #4          4       111   
    #5        5-10      148   
    #6        11-50      78   
    #7       51-100      1    
    #8       101-500     1    
  Average     2.70            

RUN-1002 : start command "export_db pic_sdram_pr.db"
RUN-1001 : Exported /
RUN-1001 : Exported flow parameters
RUN-1001 : Exported libs
RUN-1001 : Exported entities
RUN-1001 : Exported ports
RUN-1001 : Exported pins
RUN-1001 : Exported instances
RUN-1001 : Exported nets
RUN-1001 : Exported buses
RUN-1001 : Exported models
RUN-1001 : Exported congestions
RUN-1001 : Exported violations
RUN-1001 : Exported timing constraints
RUN-1001 : Exported IO constraints
RUN-1001 : Exported Inst constraints
RUN-1002 : start command "start_timer"
TMR-2505 : Start building timing graph for model top.
TMR-2506 : Build timing graph completely. Port num: 22, tpin num: 8931, tnet num: 2239, tinst num: 1067, tnode num: 11345, tedge num: 14950.
TMR-2508 : Levelizing timing graph completed, there are 41 levels in total.
TMR-2501 : Timing graph initialized successfully.
RUN-1002 : start command "report_timing -mode FINAL -net_info -rpt_autogen true -file pic_sdram_phy.timing"
TMR-2503 : Start to update net delay, extr mode = 6.
TMR-2504 : Update delay of 2239 nets completely.
TMR-2502 : Annotate delay completely, extr mode = 6.
TMR-3001 : Initiate 4 clocks from SDC.
TMR-3004 : Map sdc constraints, there are 8 constraints in total.
TMR-3003 : Constraints initiated successfully.
TMR-3501 : Forward propagation: start to calculate arrival time...
TMR-3502 : Backward propagation: start to calculate required time...
TMR-3503 : Timing propagation completes.
TMR-3506 : Start to generate timing report.
TMR-1502 : Number of clock constraints = 4. Number of clock nets = 4 (0 unconstrainted).
TMR-3508 : Export timing summary.
TMR-3507 : Timing report generated successfully in pic_sdram_phy.timing, timing summary in pic_sdram_phy.tsm.
RUN-1002 : start command "export_bid pic_sdram_inst.bid"
PRG-1000 : <!-- HMAC is: d18c1203a58763787b67cba88cf768660eb6dbd82ff6db4d1e67d51cd47e863d -->
RUN-1002 : start command "bitgen -bit pic_sdram.bit"
BIT-1003 : Start to generate bitstream. 
BIT-1002 : Init instances with 16 threads.
BIT-1002 : Init instances completely, inst num: 1067
BIT-1002 : Init pips with 16 threads.
BIT-1002 : Init pips completely, net num: 2241, pip num: 19964
BIT-1002 : Init feedthrough completely, num: 6
BIT-1003 : Multithreading accelaration with 16 threads.
BIT-1003 : Generate bitstream completely, there are 1843 valid insts, and 57371 bits set as '1'.
BIT-1004 : the usercode register value: 00000000101110110000000000000000
BIT-1004 : PLL setting string = 0110
BIT-1004 : Generate bits file pic_sdram.bit.
RUN-1003 : finish command "bitgen -bit pic_sdram.bit" in  2.588434s wall, 23.296875s user + 0.015625s system = 23.312500s CPU (900.6%)

RUN-1004 : used memory is 508 MB, reserved memory is 484 MB, peak memory is 709 MB
RUN-1002 : start command "backup_run_log run.log ../.logs/phy_1/td_20231219_155950.log"
