============================================================
   Tang Dynasty, V5.6.71036
      Copyright (c) 2012-2023 Anlogic Inc.
   Executable = D:/Program/Anlogic/TD5.6.2/bin/td.exe
   Built at =   20:34:38 Mar 21 2023
   Run by =     28408
   Run Date =   Tue Dec 19 19:39:21 2023

   Run on =     DESKTOP-T1B5OP5
============================================================
RUN-1002 : start command "open_project pic_sdram.prj"
RUN-1001 : Print Global Property
RUN-1001 : ---------------------------------------------------------------
RUN-1001 :        Parameters        |  Settings  |  Default Values  |  Note  
RUN-1001 : ---------------------------------------------------------------
RUN-1001 :          message         |  standard  |     standard     |        
RUN-1001 :   mixed_pack_place_flow  |     on     |        on        |        
RUN-1001 :        qor_monitor       |    off     |       off        |        
RUN-1001 :        syn_ip_flow       |    off     |       off        |        
RUN-1001 :          thread          |    auto    |       auto       |        
RUN-1001 : ---------------------------------------------------------------
RUN-1001 : Print Design Property
RUN-1001 : --------------------------------------------------------------
RUN-1001 :        Parameters       |  Settings  |  Default Values  |  Note  
RUN-1001 : --------------------------------------------------------------
RUN-1001 :   default_reg_initial   |    auto    |       auto       |        
RUN-1001 :        infer_add        |     on     |        on        |        
RUN-1001 :        infer_fsm        |    off     |       off        |        
RUN-1001 :        infer_mult       |     on     |        on        |        
RUN-1001 :        infer_ram        |     on     |        on        |        
RUN-1001 :        infer_reg        |     on     |        on        |        
RUN-1001 :   infer_reg_init_value  |     on     |        on        |        
RUN-1001 :        infer_rom        |     on     |        on        |        
RUN-1001 :      infer_shifter      |     on     |        on        |        
RUN-1001 : --------------------------------------------------------------
RUN-1001 : Print Rtl Property
RUN-1001 : --------------------------------------------------------------
RUN-1001 :        Parameters       |  Settings  |  Default Values  |  Note  
RUN-1001 : --------------------------------------------------------------
RUN-1001 :       compress_add      |   ripple   |      ripple      |        
RUN-1001 :        elf_sload        |    off     |       off        |        
RUN-1001 :       fix_undriven      |     0      |        0         |        
RUN-1001 :         flatten         |    off     |       off        |        
RUN-1001 :       gate_sharing      |     on     |        on        |        
RUN-1001 :    hdl_warning_level    |   normal   |      normal      |        
RUN-1001 :   impl_internal_tribuf  |     on     |        on        |        
RUN-1001 :      impl_set_reset     |     on     |        on        |        
RUN-1001 :        infer_gsr        |    off     |       off        |        
RUN-1001 :      keep_hierarchy     |    auto    |       auto       |        
RUN-1001 :        max_fanout       |    9999    |       9999       |        
RUN-1001 :      max_oh2bin_len     |     10     |        10        |        
RUN-1001 :       merge_equal       |     on     |        on        |        
RUN-1001 :       merge_equiv       |     on     |        on        |        
RUN-1001 :        merge_mux        |    off     |       off        |        
RUN-1001 :     min_control_set     |     8      |        8         |        
RUN-1001 :      min_ripple_len     |    auto    |       auto       |        
RUN-1001 :       oh2bin_ratio      |    0.08    |       0.08       |        
RUN-1001 :     opt_adder_fanout    |     on     |        on        |        
RUN-1001 :        opt_arith        |     on     |        on        |        
RUN-1001 :       opt_big_gate      |    off     |       off        |        
RUN-1001 :        opt_const        |     on     |        on        |        
RUN-1001 :      opt_const_mult     |     on     |        on        |        
RUN-1001 :       opt_lessthan      |     on     |        on        |        
RUN-1001 :         opt_mux         |    off     |       off        |        
RUN-1001 :         opt_ram         |    high    |       high       |        
RUN-1001 :      rtl_sim_model      |    off     |       off        |        
RUN-1001 :         seq_syn         |     on     |        on        |        
RUN-1001 : --------------------------------------------------------------
HDL-1007 : analyze verilog file ../../al_ip/sys_pll.v
HDL-1007 : undeclared symbol 'open', assumed default net type 'wire' in ../../al_ip/sys_pll.v(77)
HDL-1007 : analyze verilog file ../../al_ip/video_pll.v
HDL-1007 : undeclared symbol 'open', assumed default net type 'wire' in ../../al_ip/video_pll.v(63)
HDL-1007 : analyze verilog file ../../al_ip/afifo_16_256.v
HDL-1007 : analyze verilog file ../../src/ax_debounce.v
HDL-1007 : analyze verilog file ../../src/bmp_read.v
HDL-1007 : analyze verilog file ../../src/color_bar.v
HDL-1007 : analyze included file ../../src/video_define.v in ../../src/color_bar.v(2)
HDL-1007 : back to file '../../src/color_bar.v' in ../../src/color_bar.v(2)
HDL-1007 : analyze verilog file ../../src/frame_fifo_read.v
HDL-1007 : analyze verilog file ../../src/frame_fifo_write.v
HDL-1007 : analyze verilog file ../../src/sd_card/sd_card_cmd.v
HDL-1007 : analyze verilog file ../../src/sd_card/sd_card_sec_read_write.v
HDL-1007 : analyze verilog file ../../src/sd_card/sd_card_top.v
HDL-1007 : analyze verilog file ../../src/sd_card/spi_master.v
HDL-1007 : analyze verilog file ../../src/sd_card_bmp.v
HDL-1007 : analyze verilog file ../../src/seg_decoder.v
HDL-1007 : analyze verilog file ../../src/seg_scan.v
HDL-1007 : analyze verilog file ../../src/top.v
HDL-1007 : undeclared symbol 'sdram_clk', assumed default net type 'wire' in ../../src/top.v(102)
HDL-1007 : analyze verilog file ../../src/video_timing_data.v
HDL-1007 : analyze verilog file ../../src/sdram_r/sdram_para.v
HDL-1007 : analyze verilog file ../../src/sdram/enc_file/global_def.v
HDL-1007 : analyze verilog file ../../src/sdram/enc_file/sdr_as_ram.enc.v
Copyright (c) 1998-2019 The OpenSSL Project.  All rights reserved.
This product includes software developed by the OpenSSL Project
for use in the OpenSSL Toolkit (http://www.openssl.org/)
Copyright (C) 1995-1998 Eric Young (eay@cryptsoft.com)
All rights reserved.
This product includes cryptographic software written by Eric Young (eay@cryptsoft.com)
HDL-1007 : back to file '../../src/sdram/enc_file/sdr_as_ram.enc.v' in ../../src/sdram/enc_file/sdr_as_ram.enc.v(148)
HDL-1007 : analyze verilog file ../../src/sdram/enc_file/sdr_init_ref.enc.v
HDL-1007 : undeclared symbol '**', assumed default net type '**' in encrypted_text(0)
HDL-1007 : back to file '../../src/sdram/enc_file/sdr_init_ref.enc.v' in ../../src/sdram/enc_file/sdr_init_ref.enc.v(242)
HDL-5007 WARNING: concatenation with an unsized literal will be treated as 32 bits in encrypted_text(0)
HDL-1007 : analyze verilog file ../../src/sdram/enc_file/sdr_wrrd.enc.v
HDL-5007 WARNING: concatenation with an unsized literal will be treated as 32 bits in encrypted_text(0)
HDL-1007 : back to file '../../src/sdram/enc_file/sdr_wrrd.enc.v' in ../../src/sdram/enc_file/sdr_wrrd.enc.v(255)
HDL-1007 : analyze verilog file ../../src/sdram/sdram.v
HDL-1007 : analyze included file D:\Projects\2023_10_10_HX4S20_test\spi_FLASH_SDRAM_pic\HX4S20\/./src/sdram/enc_file/global_def.v in ../../src/sdram/sdram.v(10)
HDL-1007 : back to file '../../src/sdram/sdram.v' in ../../src/sdram/sdram.v(10)
HDL-1007 : undeclared symbol 'Sdr_busy', assumed default net type 'wire' in ../../src/sdram/sdram.v(63)
HDL-1007 : undeclared symbol 'SDR_CKE', assumed default net type 'wire' in ../../src/sdram/sdram.v(88)
HDL-1007 : analyze verilog file ../../src/frame_read_write.v
HDL-1007 : analyze verilog file ../../src/video_delay.v
RUN-1001 : Project manager successfully analyzed 26 source files.
RUN-1002 : start command "import_device eagle_s20.db -package EG4S20BG256"
ARC-1001 : Device Initialization.
ARC-1001 : ------------------------------------------------------------------
ARC-1001 :            OPTION            |          IO          |   SETTING   
ARC-1001 : ------------------------------------------------------------------
ARC-1001 :   cso_b/cclk/mosi/miso/dout  |  T3/R11/T10/P10/S11  |    gpio    
ARC-1001 :             done             |         P13          |    gpio    
ARC-1001 :           program_b          |          T2          |  dedicate  
ARC-1001 :        tdi/tms/tck/tdo       |   C12/A15/C14/E14    |  dedicate  
ARC-1001 : ------------------------------------------------------------------
ARC-1004 : Device setting, marked 5 dedicate IOs in total.
RUN-1002 : start command "import_db ../syn_1/pic_sdram_gate.db"
RUN-1001 : Importing database generated by Tang Dynasty, V5.6.71036.
RUN-1001 : Database version number 46146.
RUN-1001 : Import flow parameters
RUN-1001 : Import timing constraints
RUN-1001 : Import IO constraints
RUN-1001 : Import Inst constraints
RUN-1001 : Import design success TD_VERSION=5.6.71036 , DB_VERSION=46146
RUN-1002 : start command "read_sdc ../../top.sdc"
RUN-1002 : start command "get_ports clk"
RUN-1002 : start command "create_clock -name clk -period 20 -waveform 0 10 "
RUN-1102 : create_clock: clock name: clk, type: 0, period: 20000, rise: 0, fall: 10000.
RUN-1002 : start command "derive_pll_clocks"
USR-1002 : Gen clock cmd:  create_generated_clock -name {sys_pll_m0/pll_inst.clkc[0]} -source [get_ports {clk}] -master_clock {clk} -multiply_by 2.0000 [get_pins {sys_pll_m0/pll_inst.clkc[0]}]
RUN-1002 : start command "get_ports clk"
RUN-1002 : start command "get_pins sys_pll_m0/pll_inst.clkc[0]"
RUN-1002 : start command "create_generated_clock -name sys_pll_m0/pll_inst.clkc[0] -source  -master_clock clk -multiply_by 2.0000 "
USR-1002 : Gen clock cmd:  create_generated_clock -name {sys_pll_m0/pll_inst.clkc[1]} -source [get_ports {clk}] -master_clock {clk} -multiply_by 2.0000 [get_pins {sys_pll_m0/pll_inst.clkc[1]}]
RUN-1002 : start command "get_ports clk"
RUN-1002 : start command "get_pins sys_pll_m0/pll_inst.clkc[1]"
RUN-1002 : start command "create_generated_clock -name sys_pll_m0/pll_inst.clkc[1] -source  -master_clock clk -multiply_by 2.0000 "
USR-1002 : Gen clock cmd:  create_generated_clock -name {video_pll_m0/pll_inst.clkc[0]} -source [get_ports {clk}] -master_clock {clk} -divide_by 2.0000 [get_pins {video_pll_m0/pll_inst.clkc[0]}]
RUN-1002 : start command "get_ports clk"
RUN-1002 : start command "get_pins video_pll_m0/pll_inst.clkc[0]"
RUN-1002 : start command "create_generated_clock -name video_pll_m0/pll_inst.clkc[0] -source  -master_clock clk -divide_by 2.0000 "
RUN-1002 : start command "get_ports clk"
RUN-1002 : start command "get_pins sys_pll_m0/pll_inst.clkc[0]"
RUN-1002 : start command "rename_clock -name sd_card_clk -source  -master_clock clk "
RUN-1105 : Rename Clock: clock sys_pll_m0/pll_inst.clkc[0] was renamed, new name is sd_card_clk.
RUN-1002 : start command "get_ports clk"
RUN-1002 : start command "get_pins sys_pll_m0/pll_inst.clkc[1]"
RUN-1002 : start command "rename_clock -name ext_mem_clk -source  -master_clock clk "
RUN-1105 : Rename Clock: clock sys_pll_m0/pll_inst.clkc[1] was renamed, new name is ext_mem_clk.
RUN-1002 : start command "get_ports clk"
RUN-1002 : start command "get_pins sys_pll_m0/pll_inst.clkc[2]"
RUN-1002 : start command "rename_clock -name flash_sys_clk -source  -master_clock clk "
RUN-1107 : Rename Clock: new clock flash_sys_clk is created by rename_clock temporarily.
RUN-1002 : start command "get_ports clk"
RUN-1002 : start command "get_pins video_pll_m0/pll_inst.clkc[0]"
RUN-1002 : start command "rename_clock -name video_clk -source  -master_clock clk "
RUN-1105 : Rename Clock: clock video_pll_m0/pll_inst.clkc[0] was renamed, new name is video_clk.
RUN-1002 : start command "read_sdc -ip afifo_16_256 ../../al_ip/afifo_16_256.tcl"
RUN-1002 : start command "get_ports clkw"
RUN-1002 : start command "get_nets  clkw  "
RUN-1002 : start command "get_clocks -nowarn -of nets 8985071583232"
RUN-1002 : start command "get_ports clkr"
RUN-1002 : start command "get_nets  clkr  "
RUN-1002 : start command "get_clocks -nowarn -of nets 17952963297280"
RUN-1002 : start command "get_property -nowarn -max PERIOD "
RUN-1002 : start command "get_property -nowarn -max PERIOD "
RUN-1002 : start command "get_regs rd_to_wr_cross_inst/primary_addr_gray_reg[*]"
RUN-1002 : start command "get_regs rd_to_wr_cross_inst/sync_r1[*]"
RUN-1002 : start command "set_max_delay -from  -to  9.6999999999999993 -datapath_only"
RUN-1002 : start command "get_regs rd_to_wr_cross_inst/primary_addr_gray_reg[*]"
RUN-1002 : start command "get_regs rd_to_wr_cross_inst/sync_r1[*]"
RUN-1002 : start command "set_false_path -from  -to  -hold 9.6999999999999993"
USR-1002 : set_false_path -help -setup -hold -from <list> -rise_from <list> -fall_from <list> -to <list> -rise_to <list> -fall_to <list> -through <list>
RUN-1002 : start command "get_regs wr_to_rd_cross_inst/primary_addr_gray_reg[*]"
RUN-1002 : start command "get_regs wr_to_rd_cross_inst/sync_r1[*]"
RUN-1002 : start command "set_max_delay -from  -to  9.6999999999999993 -datapath_only"
RUN-1002 : start command "get_regs wr_to_rd_cross_inst/primary_addr_gray_reg[*]"
RUN-1002 : start command "get_regs wr_to_rd_cross_inst/sync_r1[*]"
RUN-1002 : start command "set_false_path -from  -to  -hold 9.6999999999999993"
USR-1002 : set_false_path -help -setup -hold -from <list> -rise_from <list> -fall_from <list> -to <list> -rise_to <list> -fall_to <list> -through <list>
RUN-1002 : start command "get_ports clkw"
RUN-1002 : start command "get_nets  clkw  "
RUN-1002 : start command "get_clocks -nowarn -of nets 24142011170816"
RUN-1002 : start command "get_ports clkr"
RUN-1002 : start command "get_nets  clkr  "
RUN-1002 : start command "get_clocks -nowarn -of nets 8985071583232"
RUN-1002 : start command "get_property -nowarn -max PERIOD "
RUN-1002 : start command "get_property -nowarn -max PERIOD "
RUN-1002 : start command "get_regs rd_to_wr_cross_inst/primary_addr_gray_reg[*]"
RUN-1002 : start command "get_regs rd_to_wr_cross_inst/sync_r1[*]"
RUN-1002 : start command "set_max_delay -from  -to  9.6999999999999993 -datapath_only"
RUN-1002 : start command "get_regs rd_to_wr_cross_inst/primary_addr_gray_reg[*]"
RUN-1002 : start command "get_regs rd_to_wr_cross_inst/sync_r1[*]"
RUN-1002 : start command "set_false_path -from  -to  -hold 9.6999999999999993"
USR-1002 : set_false_path -help -setup -hold -from <list> -rise_from <list> -fall_from <list> -to <list> -rise_to <list> -fall_to <list> -through <list>
RUN-1002 : start command "get_regs wr_to_rd_cross_inst/primary_addr_gray_reg[*]"
RUN-1002 : start command "get_regs wr_to_rd_cross_inst/sync_r1[*]"
RUN-1002 : start command "set_max_delay -from  -to  9.6999999999999993 -datapath_only"
RUN-1002 : start command "get_regs wr_to_rd_cross_inst/primary_addr_gray_reg[*]"
RUN-1002 : start command "get_regs wr_to_rd_cross_inst/sync_r1[*]"
RUN-1002 : start command "set_false_path -from  -to  -hold 9.6999999999999993"
USR-1002 : set_false_path -help -setup -hold -from <list> -rise_from <list> -fall_from <list> -to <list> -rise_to <list> -fall_to <list> -through <list>
RUN-1002 : start command "place"
RUN-1001 : Open license file D:/Program/Anlogic/TD5.6.2/license/Anlogic.lic
RUN-1001 : Print Global Property
RUN-1001 : ---------------------------------------------------------------
RUN-1001 :        Parameters        |  Settings  |  Default Values  |  Note  
RUN-1001 : ---------------------------------------------------------------
RUN-1001 :          message         |  standard  |     standard     |        
RUN-1001 :   mixed_pack_place_flow  |     on     |        on        |        
RUN-1001 :        qor_monitor       |    off     |       off        |        
RUN-1001 :        syn_ip_flow       |    off     |       off        |        
RUN-1001 :          thread          |    auto    |       auto       |        
RUN-1001 : ---------------------------------------------------------------
RUN-1001 : Print Place Property
RUN-1001 : --------------------------------------------------------------
RUN-1001 :        Parameters       |  Settings  |  Default Values  |  Note  
RUN-1001 : --------------------------------------------------------------
RUN-1001 :      detailed_place     |     on     |        on        |        
RUN-1001 :          effort         |   medium   |      medium      |        
RUN-1001 :         fix_hold        |    off     |       off        |        
RUN-1001 :       legalization      |    ori     |       ori        |        
RUN-1001 :      new_spreading      |     on     |        on        |        
RUN-1001 :        opt_timing       |   medium   |      medium      |        
RUN-1001 :   post_clock_route_opt  |    off     |       off        |        
RUN-1001 :       pr_strategy       |     1      |        1         |        
RUN-1001 :        relaxation       |    1.00    |       1.00       |        
RUN-1001 :         retiming        |    off     |       off        |        
RUN-1001 : --------------------------------------------------------------
PHY-3001 : Placer runs in 16 thread(s).
RUN-1002 : start command "legalize_phy_inst"
SYN-1011 : Flatten model top
SYN-5055 WARNING: The kept net frame_read_write_m0/frame_fifo_read_m0/App_rd_en_d0 will be merged to another kept net U3/App_rd_en
SYN-5055 WARNING: The kept net U3/u2_ram/u2_wrrd/App_rd_en will be merged to another kept net U3/App_rd_en
SYN-5055 WARNING: The kept net frame_read_write_m0/Sdr_rd_dout[15] will be merged to another kept net U3/Sdr_rd_dout[15]
SYN-5055 WARNING: The kept net frame_read_write_m0/Sdr_rd_dout[14] will be merged to another kept net U3/Sdr_rd_dout[14]
SYN-5055 WARNING: The kept net frame_read_write_m0/Sdr_rd_dout[13] will be merged to another kept net U3/Sdr_rd_dout[13]
SYN-5055 WARNING: The kept net frame_read_write_m0/Sdr_rd_dout[12] will be merged to another kept net U3/Sdr_rd_dout[12]
SYN-5055 WARNING: The kept net frame_read_write_m0/Sdr_rd_dout[11] will be merged to another kept net U3/Sdr_rd_dout[11]
SYN-5055 WARNING: The kept net frame_read_write_m0/Sdr_rd_dout[10] will be merged to another kept net U3/Sdr_rd_dout[10]
SYN-5055 WARNING: The kept net frame_read_write_m0/Sdr_rd_dout[9] will be merged to another kept net U3/Sdr_rd_dout[9]
SYN-5055 WARNING: The kept net frame_read_write_m0/Sdr_rd_dout[8] will be merged to another kept net U3/Sdr_rd_dout[8]
SYN-5055 Similar messages will be suppressed.
RUN-1002 : start command "phys_opt -simplify_lut"
SYN-1032 : 2801/1 useful/useless nets, 2427/0 useful/useless insts
SYN-4016 : Net frame_read_write_m0/write_buf/clkw driven by BUFG (429 clock/control pins, 1 other pins).
SYN-4016 : Net frame_read_write_m0/read_buf/clkr driven by BUFG (131 clock/control pins, 1 other pins).
SYN-4027 : Net U3/u2_ram/SDRAM_CLK is clkc1 of pll sys_pll_m0/pll_inst.
SYN-4019 : Net clk_dup_1 is refclk of pll sys_pll_m0/pll_inst.
SYN-4020 : Net clk_dup_1 is fbclk of pll sys_pll_m0/pll_inst.
SYN-4019 : Net clk_dup_1 is refclk of pll video_pll_m0/pll_inst.
SYN-4020 : Net clk_dup_1 is fbclk of pll video_pll_m0/pll_inst.
SYN-4025 : Tag rtl::Net U3/u2_ram/SDRAM_CLK as clock net
SYN-4025 : Tag rtl::Net clk_dup_1 as clock net
SYN-4025 : Tag rtl::Net frame_read_write_m0/read_buf/clkr as clock net
SYN-4025 : Tag rtl::Net frame_read_write_m0/write_buf/clkw as clock net
SYN-4026 : Tagged 4 rtl::Net as clock net
PHY-1001 : Populate physical database on model top.
RUN-1001 : There are total 2427 instances
RUN-0007 : 1017 luts, 1071 seqs, 145 mslices, 83 lslices, 102 pads, 2 brams, 0 dsps
RUN-1001 : There are total 2801 nets
RUN-6004 WARNING: There are 16 nets with only 1 pin.
RUN-1001 : 2002 nets have 2 pins
RUN-1001 : 563 nets have [3 - 5] pins
RUN-1001 : 130 nets have [6 - 10] pins
RUN-1001 : 44 nets have [11 - 20] pins
RUN-1001 : 41 nets have [21 - 99] pins
RUN-1001 : 5 nets have 100+ pins
RUN-1001 : Report Control nets information:
RUN-1001 : DFF Distribution
RUN-1001 : ----------------------------------
RUN-1001 :   CE   |  SSR  |  ASR  |  DFF Count  
RUN-1001 : ----------------------------------
RUN-1001 :   No   |  No   |  No   |     258     
RUN-1001 :   No   |  No   |  Yes  |     512     
RUN-1001 :   No   |  Yes  |  No   |     65      
RUN-1001 :   Yes  |  No   |  No   |     16      
RUN-1001 :   Yes  |  No   |  Yes  |     202     
RUN-1001 :   Yes  |  Yes  |  No   |     18      
RUN-1001 : ----------------------------------
RUN-0007 : Control Group Statistic
RUN-0007 : ---------------------------
RUN-0007 :   #CLK  |  #CE  |  #SSR/ASR  
RUN-0007 : ---------------------------
RUN-0007 :    4    |  21   |     8      
RUN-0007 : ---------------------------
RUN-0007 : Control Set = 34
PHY-3001 : Initial placement ...
PHY-3001 : design contains 2425 instances, 1017 luts, 1071 seqs, 228 slices, 35 macros(228 instances: 145 mslices 83 lslices)
PHY-0007 : Cell area utilization is 7%
PHY-3001 : Start timing update ...
RUN-1002 : start command "start_timer -report"
TMR-2505 : Start building timing graph for model top.
TMR-2506 : Build timing graph completely. Port num: 22, tpin num: 10918, tnet num: 2799, tinst num: 2425, tnode num: 14312, tedge num: 17305.
TMR-2508 : Levelizing timing graph completed, there are 43 levels in total.
TMR-2501 : Timing graph initialized successfully.
TMR-2503 : Start to update net delay, extr mode = 2.
TMR-2504 : Update delay of 2799 nets completely.
TMR-2502 : Annotate delay completely, extr mode = 2.
TMR-3001 : Initiate 4 clocks from SDC.
TMR-3004 : Map sdc constraints, there are 8 constraints in total.
TMR-3003 : Constraints initiated successfully.
TMR-3501 : Forward propagation: start to calculate arrival time...
TMR-3502 : Backward propagation: start to calculate required time...
TMR-3503 : Timing propagation completes.
PHY-3001 : End timing update;  0.436333s wall, 0.343750s user + 0.000000s system = 0.343750s CPU (78.8%)

PHY-3001 : Global placement ...
PHY-3001 : Initial: Len = 654460
PHY-3001 : Clustering ...
PHY-3001 : Level 0 #clusters 2425.
PHY-3001 : End clustering;  0.000008s wall, 0.000000s user + 0.000000s system = 0.000000s CPU (n/a%)

PHY-3001 : Run with size of 4
PHY-3001 : Cell area utilization is 7%
PHY-3001 : :::0::: Try harder cell spreading with beta_ = 0
PHY-3002 : Step(1): len = 533164, overlap = 2.25
PHY-3002 : Step(2): len = 448473, overlap = 0
PHY-3002 : Step(3): len = 392413, overlap = 4.5
PHY-3002 : Step(4): len = 354236, overlap = 2.25
PHY-3002 : Step(5): len = 317066, overlap = 2.25
PHY-3002 : Step(6): len = 282236, overlap = 6.75
PHY-3002 : Step(7): len = 251691, overlap = 8.34375
PHY-3002 : Step(8): len = 223686, overlap = 8.53125
PHY-3002 : Step(9): len = 199684, overlap = 8.75
PHY-3002 : Step(10): len = 175216, overlap = 8.59375
PHY-3002 : Step(11): len = 157168, overlap = 17.5
PHY-3002 : Step(12): len = 142549, overlap = 24
PHY-3002 : Step(13): len = 126673, overlap = 23.4375
PHY-3002 : Step(14): len = 120189, overlap = 21.8438
PHY-3002 : Step(15): len = 108113, overlap = 21.1562
PHY-3002 : Step(16): len = 100076, overlap = 22.9375
PHY-3002 : Step(17): len = 94587.4, overlap = 22.4688
PHY-3002 : Step(18): len = 90036.2, overlap = 22.2188
PHY-3001 : :::1::: Try harder cell spreading with beta_ = 0.00537022
PHY-3002 : Step(19): len = 90741.6, overlap = 22.2188
PHY-3002 : Step(20): len = 87678, overlap = 22.5938
PHY-3002 : Step(21): len = 86239.5, overlap = 22.4688
PHY-3002 : Step(22): len = 85251.4, overlap = 22.375
PHY-3002 : Step(23): len = 84458.3, overlap = 22.5
PHY-3002 : Step(24): len = 83581.1, overlap = 20.25
PHY-3002 : Step(25): len = 82431.6, overlap = 22.5
PHY-3002 : Step(26): len = 81779, overlap = 22.5938
PHY-3002 : Step(27): len = 81592.8, overlap = 22.5938
PHY-3001 : :::2::: Try harder cell spreading with beta_ = 0.0107404
PHY-3002 : Step(28): len = 81631, overlap = 22.5938
PHY-3002 : Step(29): len = 81594.3, overlap = 22.5938
PHY-3002 : Step(30): len = 81342.6, overlap = 22.5
PHY-3001 : :::3::: Try harder cell spreading with beta_ = 0.0214809
PHY-3002 : Step(31): len = 81137.4, overlap = 20.25
PHY-3002 : Step(32): len = 81058.7, overlap = 20.25
PHY-3001 : :::4::: Try harder cell spreading with beta_ = 0.0429617
PHY-3002 : Step(33): len = 81026.3, overlap = 20.25
PHY-3002 : Step(34): len = 81014.3, overlap = 20.25
PHY-3001 : Legalization ...
PHY-3001 : End legalization;  0.004796s wall, 0.000000s user + 0.000000s system = 0.000000s CPU (n/a%)

PHY-3001 : Run with size of 4
PHY-3001 : Cell area utilization is 9%
PHY-3001 : Update timing in Manhattan mode ...
TMR-2503 : Start to update net delay, extr mode = 3.
TMR-2504 : Update delay of 2799 nets completely.
TMR-2502 : Annotate delay completely, extr mode = 3.
TMR-3501 : Forward propagation: start to calculate arrival time...
TMR-3502 : Backward propagation: start to calculate required time...
TMR-3503 : Timing propagation completes.
PHY-3001 : End timing update;  0.051993s wall, 0.046875s user + 0.000000s system = 0.046875s CPU (90.2%)

PHY-3001 : :::0::: Try harder cell spreading with beta_ = 2.36839e-05
PHY-3002 : Step(35): len = 79558.3, overlap = 26.1875
PHY-3002 : Step(36): len = 79680, overlap = 26.5
PHY-3002 : Step(37): len = 77588.7, overlap = 26.75
PHY-3002 : Step(38): len = 77155.4, overlap = 26.6562
PHY-3002 : Step(39): len = 76000, overlap = 26.5312
PHY-3002 : Step(40): len = 75798.5, overlap = 26.4375
PHY-3002 : Step(41): len = 74347.3, overlap = 27.0625
PHY-3002 : Step(42): len = 73501, overlap = 28.5312
PHY-3002 : Step(43): len = 72592.1, overlap = 29.375
PHY-3002 : Step(44): len = 72078.8, overlap = 29.4062
PHY-3002 : Step(45): len = 71396.5, overlap = 28.8438
PHY-3002 : Step(46): len = 70275.2, overlap = 30.6562
PHY-3002 : Step(47): len = 69509.7, overlap = 30.3125
PHY-3002 : Step(48): len = 67838.5, overlap = 29.9688
PHY-3002 : Step(49): len = 67004.5, overlap = 30.5938
PHY-3002 : Step(50): len = 66052, overlap = 33.8438
PHY-3002 : Step(51): len = 65591.8, overlap = 34.6562
PHY-3002 : Step(52): len = 64568.5, overlap = 36.3125
PHY-3002 : Step(53): len = 63851, overlap = 37.4688
PHY-3002 : Step(54): len = 63015.6, overlap = 36.5312
PHY-3002 : Step(55): len = 62195.6, overlap = 35.125
PHY-3002 : Step(56): len = 61440.6, overlap = 38.1875
PHY-3002 : Step(57): len = 60450.6, overlap = 38.3438
PHY-3002 : Step(58): len = 59571, overlap = 41.3125
PHY-3002 : Step(59): len = 58877.3, overlap = 42
PHY-3002 : Step(60): len = 58613.6, overlap = 42.4375
PHY-3002 : Step(61): len = 57772.6, overlap = 43.5625
PHY-3002 : Step(62): len = 57568.4, overlap = 42.5938
PHY-3002 : Step(63): len = 57061.5, overlap = 40.4375
PHY-3001 : :::1::: Try harder cell spreading with beta_ = 4.73678e-05
PHY-3002 : Step(64): len = 56855, overlap = 39.5312
PHY-3002 : Step(65): len = 56855, overlap = 39.5312
PHY-3001 : :::2::: Try harder cell spreading with beta_ = 9.47355e-05
PHY-3002 : Step(66): len = 57687.7, overlap = 41.0625
PHY-3002 : Step(67): len = 57831.8, overlap = 42.9688
PHY-3002 : Step(68): len = 58250.7, overlap = 42.8438
PHY-3002 : Step(69): len = 58250.7, overlap = 42.8438
PHY-3002 : Step(70): len = 58045.2, overlap = 43.1562
PHY-3001 : :::3::: Try harder cell spreading with beta_ = 0.000189471
PHY-3002 : Step(71): len = 59629.7, overlap = 46.25
PHY-3002 : Step(72): len = 59987.6, overlap = 46.5
PHY-3002 : Step(73): len = 59556.3, overlap = 46.6875
PHY-3001 : :::4::: Try harder cell spreading with beta_ = 0.000378942
PHY-3002 : Step(74): len = 59324.8, overlap = 48.0625
PHY-3002 : Step(75): len = 59370.5, overlap = 48.25
PHY-3002 : Step(76): len = 58780.2, overlap = 48.125
PHY-3001 : :::5::: Try harder cell spreading with beta_ = 0.000757884
PHY-3002 : Step(77): len = 58770.4, overlap = 48.4375
PHY-3002 : Step(78): len = 58866.9, overlap = 48.625
PHY-3001 : :::6::: Try harder cell spreading with beta_ = 0.00151577
PHY-3002 : Step(79): len = 59099.9, overlap = 47.75
PHY-3002 : Step(80): len = 59298.6, overlap = 44.625
PHY-3002 : Step(81): len = 59439.3, overlap = 41.4688
PHY-3002 : Step(82): len = 58889.4, overlap = 41.5312
PHY-3002 : Step(83): len = 58806.9, overlap = 41.6562
PHY-3001 : Run with size of 2
PHY-3001 : Cell area utilization is 9%
PHY-3001 : Update timing in Manhattan mode ...
TMR-2503 : Start to update net delay, extr mode = 3.
TMR-2504 : Update delay of 2799 nets completely.
TMR-2502 : Annotate delay completely, extr mode = 3.
TMR-3501 : Forward propagation: start to calculate arrival time...
TMR-3502 : Backward propagation: start to calculate required time...
TMR-3503 : Timing propagation completes.
PHY-3001 : End timing update;  0.064525s wall, 0.062500s user + 0.000000s system = 0.062500s CPU (96.9%)

PHY-3001 : :::0::: Try harder cell spreading with beta_ = 6.41753e-05
PHY-3002 : Step(84): len = 58745.8, overlap = 85.4375
PHY-3002 : Step(85): len = 58993.1, overlap = 83.4375
PHY-3002 : Step(86): len = 59018.2, overlap = 77.5
PHY-3002 : Step(87): len = 59540, overlap = 72.25
PHY-3002 : Step(88): len = 60252, overlap = 67.2812
PHY-3001 : :::1::: Try harder cell spreading with beta_ = 0.000128351
PHY-3002 : Step(89): len = 59889.3, overlap = 66.1875
PHY-3002 : Step(90): len = 59964.3, overlap = 65.75
PHY-3002 : Step(91): len = 60405, overlap = 60.0938
PHY-3002 : Step(92): len = 60597.5, overlap = 58.1875
PHY-3002 : Step(93): len = 60510.8, overlap = 55.4688
PHY-3001 : :::2::: Try harder cell spreading with beta_ = 0.000256701
PHY-3002 : Step(94): len = 60717.4, overlap = 54.5938
PHY-3002 : Step(95): len = 60717.4, overlap = 54.5938
PHY-3001 : :::3::: Try harder cell spreading with beta_ = 0.000484095
PHY-3002 : Step(96): len = 61691.5, overlap = 50.8125
PHY-3002 : Step(97): len = 62141.7, overlap = 49.6562
PHY-3002 : Step(98): len = 62230.8, overlap = 47.0938
PHY-3002 : Step(99): len = 62331.2, overlap = 45.9375
PHY-3002 : Step(100): len = 62411.5, overlap = 42.875
PHY-3001 : :::4::: Try harder cell spreading with beta_ = 0.000968189
PHY-3002 : Step(101): len = 62642.4, overlap = 42.9062
PHY-3002 : Step(102): len = 62779.2, overlap = 42.9688
PHY-3002 : Step(103): len = 62879.7, overlap = 42.0938
PHY-3001 : :::5::: Try harder cell spreading with beta_ = 0.00193638
PHY-3002 : Step(104): len = 63596.4, overlap = 37.4062
PHY-3002 : Step(105): len = 64065.3, overlap = 35.8125
PHY-3002 : Step(106): len = 64304.4, overlap = 34.1562
PHY-3001 : :::6::: Try harder cell spreading with beta_ = 0.00387276
PHY-3002 : Step(107): len = 64314, overlap = 33.7812
PHY-3002 : Step(108): len = 64285.4, overlap = 35.25
PHY-3001 : :::7::: Try harder cell spreading with beta_ = 0.00774552
PHY-3002 : Step(109): len = 64865.8, overlap = 34.6562
PHY-3002 : Step(110): len = 64979.5, overlap = 33.1562
PHY-3001 : :::8::: Try harder cell spreading with beta_ = 0.015491
PHY-3002 : Step(111): len = 64956.5, overlap = 33.0938
PHY-3002 : Step(112): len = 64929.2, overlap = 30.75
PHY-3001 : :::9::: Try harder cell spreading with beta_ = 0.0309821
PHY-3002 : Step(113): len = 65054.4, overlap = 33.5312
PHY-3002 : Step(114): len = 65054.4, overlap = 33.5312
PHY-3001 : :::10::: Try harder cell spreading with beta_ = 0.0506247
PHY-3002 : Step(115): len = 65077.9, overlap = 33.2188
PHY-3002 : Step(116): len = 65192.6, overlap = 30.5
PHY-3001 : :::11::: Try harder cell spreading with beta_ = 0.101249
PHY-3002 : Step(117): len = 65182, overlap = 30.4375
PHY-3002 : Step(118): len = 65182, overlap = 30.4375
OPT-1001 : Start physical optimization ...
RUN-1002 : start command "start_timer -report"
TMR-2505 : Start building timing graph for model top.
TMR-2506 : Build timing graph completely. Port num: 22, tpin num: 10918, tnet num: 2799, tinst num: 2425, tnode num: 14312, tedge num: 17305.
TMR-2508 : Levelizing timing graph completed, there are 43 levels in total.
TMR-2501 : Timing graph initialized successfully.
OPT-1001 : Total overflow 98.50 peak overflow 3.16
OPT-1001 : Start high-fanout net optimization ...
OPT-1001 : Update timing in global mode
PHY-1001 : Start incremental global routing, caller is place ...
RUN-1001 : Generating global routing grids ...
RUN-1001 : Building simple global routing graph ...
PHY-1001 : Generate routing nets ...
PHY-1001 : Reuse net number 0/2801.
PHY-1001 : Global iterations in 16 thread ...
PHY-1002 : len = 73752, over cnt = 236(0%), over = 811, worst = 26
PHY-1001 : End global iterations;  0.078288s wall, 0.046875s user + 0.000000s system = 0.046875s CPU (59.9%)

PHY-1001 : Congestion index: top1 = 35.95, top5 = 23.60, top10 = 17.31, top15 = 13.33.
PHY-1001 : End incremental global routing;  0.119725s wall, 0.078125s user + 0.000000s system = 0.078125s CPU (65.3%)

TMR-2503 : Start to update net delay, extr mode = 5.
TMR-2504 : Update delay of 2799 nets completely.
TMR-2502 : Annotate delay completely, extr mode = 5.
TMR-3001 : Initiate 4 clocks from SDC.
TMR-3004 : Map sdc constraints, there are 8 constraints in total.
TMR-3003 : Constraints initiated successfully.
TMR-3501 : Forward propagation: start to calculate arrival time...
TMR-3502 : Backward propagation: start to calculate required time...
TMR-3503 : Timing propagation completes.
OPT-1001 : End timing update;  0.057910s wall, 0.031250s user + 0.015625s system = 0.046875s CPU (80.9%)

OPT-1001 : 1 high-fanout net processed.
PHY-3001 : Start incremental placement ...
PHY-1001 : Populate physical database on model top.
PHY-3001 : Initial placement ...
PHY-3001 : eco special cells: 1 has valid locations, 0 needs to be replaced
PHY-3001 : eco pad cells: 102 has valid locations, 0 needs to be replaced
PHY-3001 : eco cells: 2317 has valid locations, 2 needs to be replaced
PHY-3001 : design contains 2426 instances, 1017 luts, 1072 seqs, 228 slices, 35 macros(228 instances: 145 mslices 83 lslices)
PHY-3001 : Global placement ...
PHY-3001 : Initial: Len = 65305.2
PHY-3001 : Run with size of 4
PHY-3001 : Cell area utilization is 9%
PHY-3001 : Update timing in Manhattan mode ...
RUN-1002 : start command "start_timer -report"
TMR-2505 : Start building timing graph for model top.
TMR-2506 : Build timing graph completely. Port num: 22, tpin num: 10922, tnet num: 2800, tinst num: 2426, tnode num: 14319, tedge num: 17311.
TMR-2508 : Levelizing timing graph completed, there are 43 levels in total.
TMR-2501 : Timing graph initialized successfully.
TMR-2503 : Start to update net delay, extr mode = 3.
TMR-2504 : Update delay of 2800 nets completely.
TMR-2502 : Annotate delay completely, extr mode = 3.
TMR-3001 : Initiate 4 clocks from SDC.
TMR-3004 : Map sdc constraints, there are 8 constraints in total.
TMR-3003 : Constraints initiated successfully.
TMR-3501 : Forward propagation: start to calculate arrival time...
TMR-3502 : Backward propagation: start to calculate required time...
TMR-3503 : Timing propagation completes.
PHY-3001 : End timing update;  0.459515s wall, 0.265625s user + 0.000000s system = 0.265625s CPU (57.8%)

PHY-3001 : :::0::: Try harder cell spreading with beta_ = 0
PHY-3002 : Step(119): len = 65280.7, overlap = 4.03125
PHY-3002 : Step(120): len = 65270.5, overlap = 4.03125
PHY-3002 : Step(121): len = 65269.8, overlap = 4.03125
PHY-3001 : Run with size of 2
PHY-3001 : Cell area utilization is 9%
PHY-3001 : Update timing in Manhattan mode ...
TMR-2503 : Start to update net delay, extr mode = 3.
TMR-2504 : Update delay of 2800 nets completely.
TMR-2502 : Annotate delay completely, extr mode = 3.
TMR-3501 : Forward propagation: start to calculate arrival time...
TMR-3502 : Backward propagation: start to calculate required time...
TMR-3503 : Timing propagation completes.
PHY-3001 : End timing update;  0.051819s wall, 0.046875s user + 0.000000s system = 0.046875s CPU (90.5%)

PHY-3001 : :::0::: Try harder cell spreading with beta_ = 0
PHY-3002 : Step(122): len = 65269.8, overlap = 30.4375
PHY-3002 : Step(123): len = 65269.8, overlap = 30.4375
PHY-3001 : Final: Len = 65269.8, Over = 30.4375
PHY-3001 : End incremental placement;  0.599458s wall, 0.343750s user + 0.031250s system = 0.375000s CPU (62.6%)

OPT-1001 : Total overflow 98.50 peak overflow 3.16
OPT-1001 : End high-fanout net optimization;  0.814087s wall, 0.468750s user + 0.046875s system = 0.515625s CPU (63.3%)

OPT-1001 : Current memory(MB): used = 225, reserve = 196, peak = 225.
OPT-1001 : Start global optimization ...
OPT-1001 : Start congestion update ...
RUN-1001 : Generating global routing grids ...
PHY-1001 : Generate routing nets ...
PHY-1001 : Reuse net number 1881/2802.
PHY-1001 : Global iterations in 16 thread ...
PHY-1002 : len = 73728, over cnt = 236(0%), over = 804, worst = 26
PHY-1002 : len = 77616, over cnt = 153(0%), over = 450, worst = 14
PHY-1002 : len = 81880, over cnt = 49(0%), over = 138, worst = 12
PHY-1002 : len = 83176, over cnt = 4(0%), over = 5, worst = 2
PHY-1002 : len = 83560, over cnt = 0(0%), over = 0, worst = 0
PHY-1001 : End global iterations;  0.068849s wall, 0.015625s user + 0.015625s system = 0.031250s CPU (45.4%)

PHY-1001 : Congestion index: top1 = 33.04, top5 = 23.62, top10 = 18.34, top15 = 14.45.
OPT-1001 : End congestion update;  0.104404s wall, 0.031250s user + 0.015625s system = 0.046875s CPU (44.9%)

OPT-1001 : Update timing in Manhattan mode
TMR-2503 : Start to update net delay, extr mode = 3.
TMR-2504 : Update delay of 2800 nets completely.
TMR-2502 : Annotate delay completely, extr mode = 3.
TMR-3501 : Forward propagation: start to calculate arrival time...
TMR-3502 : Backward propagation: start to calculate required time...
TMR-3503 : Timing propagation completes.
OPT-1001 : End timing update;  0.052649s wall, 0.000000s user + 0.000000s system = 0.000000s CPU (n/a%)

OPT-0007 : Start: WNS 4224 TNS 0 NUM_FEPS 0
OPT-1001 : End global optimization;  0.157260s wall, 0.031250s user + 0.015625s system = 0.046875s CPU (29.8%)

OPT-1001 : Current memory(MB): used = 224, reserve = 196, peak = 225.
OPT-1001 : End physical optimization;  1.404099s wall, 0.875000s user + 0.062500s system = 0.937500s CPU (66.8%)

PHY-3001 : Start packing ...
SYN-4007 : Packing 0 MUX to BLE ...
SYN-4008 : Packed 0 MUX and 0 SEQ to BLE.
SYN-4007 : Packing 1017 LUT to BLE ...
SYN-4008 : Packed 1017 LUT and 534 SEQ to BLE.
SYN-4003 : Packing 538 remaining SEQ's ...
SYN-4005 : Packed 153 SEQ with LUT/SLICE
SYN-4006 : 358 single LUT's are left
SYN-4006 : 385 single SEQ's are left
SYN-4011 : Packing model "top" (AL_USER_NORMAL) with 1402/1953 primitive instances ...
PHY-3001 : End packing;  0.061841s wall, 0.031250s user + 0.000000s system = 0.031250s CPU (50.5%)

PHY-1001 : Populate physical database on model top.
RUN-1001 : There are total 1105 instances
RUN-1001 : 497 mslices, 497 lslices, 102 pads, 2 brams, 0 dsps
RUN-1001 : There are total 2308 nets
RUN-6004 WARNING: There are 16 nets with only 1 pin.
RUN-1001 : 1529 nets have 2 pins
RUN-1001 : 529 nets have [3 - 5] pins
RUN-1001 : 138 nets have [6 - 10] pins
RUN-1001 : 49 nets have [11 - 20] pins
RUN-1001 : 43 nets have [21 - 99] pins
RUN-1001 : 4 nets have 100+ pins
PHY-3001 : design contains 1103 instances, 994 slices, 35 macros(228 instances: 145 mslices 83 lslices)
PHY-3001 : Cell area utilization is 13%
PHY-3001 : After packing: Len = 64524.4, Over = 56.25
PHY-3001 : Run with size of 2
PHY-3001 : Cell area utilization is 13%
PHY-3001 : Update timing in Manhattan mode ...
RUN-1002 : start command "start_timer -report"
TMR-2505 : Start building timing graph for model top.
TMR-2506 : Build timing graph completely. Port num: 22, tpin num: 9204, tnet num: 2306, tinst num: 1103, tnode num: 11731, tedge num: 15402.
TMR-2508 : Levelizing timing graph completed, there are 41 levels in total.
TMR-2501 : Timing graph initialized successfully.
TMR-2503 : Start to update net delay, extr mode = 3.
TMR-2504 : Update delay of 2306 nets completely.
TMR-2502 : Annotate delay completely, extr mode = 3.
TMR-3001 : Initiate 4 clocks from SDC.
TMR-3004 : Map sdc constraints, there are 8 constraints in total.
TMR-3003 : Constraints initiated successfully.
TMR-3501 : Forward propagation: start to calculate arrival time...
TMR-3502 : Backward propagation: start to calculate required time...
TMR-3503 : Timing propagation completes.
PHY-3001 : End timing update;  0.472746s wall, 0.328125s user + 0.000000s system = 0.328125s CPU (69.4%)

PHY-3001 : :::0::: Try harder cell spreading with beta_ = 9.98257e-05
PHY-3002 : Step(124): len = 63380.1, overlap = 55.5
PHY-3002 : Step(125): len = 62759.3, overlap = 56.75
PHY-3002 : Step(126): len = 62405.3, overlap = 58
PHY-3002 : Step(127): len = 62186.9, overlap = 59.75
PHY-3002 : Step(128): len = 61912, overlap = 62
PHY-3002 : Step(129): len = 61808.9, overlap = 64.75
PHY-3001 : :::1::: Try harder cell spreading with beta_ = 0.000199651
PHY-3002 : Step(130): len = 62528.2, overlap = 59.75
PHY-3002 : Step(131): len = 63247.9, overlap = 58
PHY-3002 : Step(132): len = 63603.7, overlap = 58
PHY-3001 : :::2::: Try harder cell spreading with beta_ = 0.000399303
PHY-3002 : Step(133): len = 64204.2, overlap = 56
PHY-3002 : Step(134): len = 64780.6, overlap = 53
PHY-3002 : Step(135): len = 65058.7, overlap = 52.5
PHY-3001 : Legalization ...
PHY-3001 : End legalization;  0.144065s wall, 0.000000s user + 0.031250s system = 0.031250s CPU (21.7%)

PHY-3001 : Trial Legalized: Len = 80291.8
PHY-3001 : Run with size of 2
PHY-3001 : Cell area utilization is 12%
PHY-3001 : Update timing in Manhattan mode ...
TMR-2503 : Start to update net delay, extr mode = 3.
TMR-2504 : Update delay of 2306 nets completely.
TMR-2502 : Annotate delay completely, extr mode = 3.
TMR-3501 : Forward propagation: start to calculate arrival time...
TMR-3502 : Backward propagation: start to calculate required time...
TMR-3503 : Timing propagation completes.
PHY-3001 : End timing update;  0.043687s wall, 0.000000s user + 0.000000s system = 0.000000s CPU (n/a%)

PHY-3001 : :::0::: Try harder cell spreading with beta_ = 0.00162243
PHY-3002 : Step(136): len = 75774, overlap = 8.75
PHY-3002 : Step(137): len = 73451.3, overlap = 11.75
PHY-3002 : Step(138): len = 71674.4, overlap = 14.25
PHY-3002 : Step(139): len = 70259.1, overlap = 18
PHY-3002 : Step(140): len = 69638.8, overlap = 20
PHY-3002 : Step(141): len = 68811.4, overlap = 23
PHY-3002 : Step(142): len = 67743.6, overlap = 25.25
PHY-3001 : :::1::: Try harder cell spreading with beta_ = 0.00324486
PHY-3002 : Step(143): len = 67841.9, overlap = 25.25
PHY-3002 : Step(144): len = 67828.7, overlap = 26.75
PHY-3002 : Step(145): len = 67757.2, overlap = 27.5
PHY-3001 : :::2::: Try harder cell spreading with beta_ = 0.00648971
PHY-3002 : Step(146): len = 67752.8, overlap = 27
PHY-3002 : Step(147): len = 67727.6, overlap = 27.75
PHY-3001 : Legalization ...
PHY-3001 : End legalization;  0.004704s wall, 0.000000s user + 0.000000s system = 0.000000s CPU (n/a%)

PHY-3001 : Legalized: Len = 75215, Over = 0
PHY-3001 : Spreading special nets. 17 overflows in 2952 tiles.
PHY-3001 : End spreading;  0.005583s wall, 0.000000s user + 0.000000s system = 0.000000s CPU (n/a%)

PHY-3001 : 24 instances has been re-located, deltaX = 10, deltaY = 18, maxDist = 2.
PHY-3001 : Final: Len = 75519, Over = 0
OPT-1001 : Start physical optimization ...
RUN-1002 : start command "start_timer -report"
TMR-2505 : Start building timing graph for model top.
TMR-2506 : Build timing graph completely. Port num: 22, tpin num: 9204, tnet num: 2306, tinst num: 1103, tnode num: 11731, tedge num: 15402.
TMR-2508 : Levelizing timing graph completed, there are 41 levels in total.
TMR-2501 : Timing graph initialized successfully.
OPT-1001 : Total overflow 0.00 peak overflow 0.00
OPT-1001 : Start high-fanout net optimization ...
OPT-1001 : Update timing in global mode
PHY-1001 : Start incremental global routing, caller is place ...
RUN-1001 : Generating global routing grids ...
PHY-1001 : Generate routing nets ...
PHY-1001 : Reuse net number 92/2308.
PHY-1001 : Global iterations in 16 thread ...
PHY-1002 : len = 87496, over cnt = 172(0%), over = 279, worst = 6
PHY-1002 : len = 88240, over cnt = 94(0%), over = 122, worst = 3
PHY-1002 : len = 89456, over cnt = 19(0%), over = 25, worst = 3
PHY-1002 : len = 89816, over cnt = 1(0%), over = 1, worst = 1
PHY-1002 : len = 89848, over cnt = 0(0%), over = 0, worst = 0
PHY-1001 : End global iterations;  0.138467s wall, 0.015625s user + 0.000000s system = 0.015625s CPU (11.3%)

PHY-1001 : Congestion index: top1 = 28.04, top5 = 22.02, top10 = 18.01, top15 = 14.89.
PHY-1001 : End incremental global routing;  0.186513s wall, 0.046875s user + 0.000000s system = 0.046875s CPU (25.1%)

TMR-2503 : Start to update net delay, extr mode = 5.
TMR-2504 : Update delay of 2306 nets completely.
TMR-2502 : Annotate delay completely, extr mode = 5.
TMR-3001 : Initiate 4 clocks from SDC.
TMR-3004 : Map sdc constraints, there are 8 constraints in total.
TMR-3003 : Constraints initiated successfully.
TMR-3501 : Forward propagation: start to calculate arrival time...
TMR-3502 : Backward propagation: start to calculate required time...
TMR-3503 : Timing propagation completes.
OPT-1001 : End timing update;  0.054051s wall, 0.046875s user + 0.000000s system = 0.046875s CPU (86.7%)

OPT-1001 : 1 high-fanout net processed.
PHY-3001 : Start incremental placement ...
PHY-1001 : Populate physical database on model top.
PHY-3001 : Initial placement ...
PHY-3001 : eco special cells: 1 has valid locations, 0 needs to be replaced
PHY-3001 : eco pad cells: 102 has valid locations, 0 needs to be replaced
PHY-3001 : eco cells: 995 has valid locations, 4 needs to be replaced
PHY-3001 : design contains 1106 instances, 997 slices, 35 macros(228 instances: 145 mslices 83 lslices)
PHY-3001 : Global placement ...
PHY-3001 : Initial: Len = 75873
PHY-3001 : Run with size of 4
PHY-3001 : Cell area utilization is 13%
PHY-3001 : Update timing in Manhattan mode ...
RUN-1002 : start command "start_timer -report"
TMR-2505 : Start building timing graph for model top.
TMR-2506 : Build timing graph completely. Port num: 22, tpin num: 9237, tnet num: 2309, tinst num: 1106, tnode num: 11773, tedge num: 15450.
TMR-2508 : Levelizing timing graph completed, there are 41 levels in total.
TMR-2501 : Timing graph initialized successfully.
TMR-2503 : Start to update net delay, extr mode = 3.
TMR-2504 : Update delay of 2309 nets completely.
TMR-2502 : Annotate delay completely, extr mode = 3.
TMR-3001 : Initiate 4 clocks from SDC.
TMR-3004 : Map sdc constraints, there are 8 constraints in total.
TMR-3003 : Constraints initiated successfully.
TMR-3501 : Forward propagation: start to calculate arrival time...
TMR-3502 : Backward propagation: start to calculate required time...
TMR-3503 : Timing propagation completes.
PHY-3001 : End timing update;  0.482326s wall, 0.328125s user + 0.000000s system = 0.328125s CPU (68.0%)

PHY-3001 : :::0::: Try harder cell spreading with beta_ = 0
PHY-3002 : Step(148): len = 75677.8, overlap = 0
PHY-3002 : Step(149): len = 75662.3, overlap = 0
PHY-3002 : Step(150): len = 75653.8, overlap = 0
PHY-3001 : Run with size of 2
PHY-3001 : Cell area utilization is 13%
PHY-3001 : Update timing in Manhattan mode ...
TMR-2503 : Start to update net delay, extr mode = 3.
TMR-2504 : Update delay of 2309 nets completely.
TMR-2502 : Annotate delay completely, extr mode = 3.
TMR-3501 : Forward propagation: start to calculate arrival time...
TMR-3502 : Backward propagation: start to calculate required time...
TMR-3503 : Timing propagation completes.
PHY-3001 : End timing update;  0.044366s wall, 0.031250s user + 0.000000s system = 0.031250s CPU (70.4%)

PHY-3001 : :::0::: Try harder cell spreading with beta_ = 0.000317234
PHY-3002 : Step(151): len = 75633.8, overlap = 0.25
PHY-3002 : Step(152): len = 75605.4, overlap = 0.25
PHY-3001 : Legalization ...
PHY-3001 : End legalization;  0.003524s wall, 0.000000s user + 0.000000s system = 0.000000s CPU (n/a%)

PHY-3001 : Legalized: Len = 75609.6, Over = 0
PHY-3001 : End spreading;  0.004469s wall, 0.000000s user + 0.000000s system = 0.000000s CPU (n/a%)

PHY-3001 : Final: Len = 75609.6, Over = 0
PHY-3001 : End incremental placement;  0.610208s wall, 0.359375s user + 0.000000s system = 0.359375s CPU (58.9%)

OPT-1001 : Total overflow 0.00 peak overflow 0.00
OPT-1001 : End high-fanout net optimization;  0.885621s wall, 0.453125s user + 0.000000s system = 0.453125s CPU (51.2%)

OPT-1001 : Current memory(MB): used = 229, reserve = 202, peak = 229.
OPT-1001 : Start path based optimization ...
OPT-1001 : Start congestion update ...
RUN-1001 : Generating global routing grids ...
PHY-1001 : Generate routing nets ...
PHY-1001 : Reuse net number 1910/2311.
PHY-1001 : Global iterations in 16 thread ...
PHY-1002 : len = 89912, over cnt = 8(0%), over = 11, worst = 4
PHY-1002 : len = 89944, over cnt = 1(0%), over = 1, worst = 1
PHY-1002 : len = 89952, over cnt = 0(0%), over = 0, worst = 0
PHY-1001 : End global iterations;  0.022288s wall, 0.000000s user + 0.000000s system = 0.000000s CPU (n/a%)

PHY-1001 : Congestion index: top1 = 28.15, top5 = 22.09, top10 = 18.06, top15 = 14.92.
OPT-1001 : End congestion update;  0.061909s wall, 0.015625s user + 0.000000s system = 0.015625s CPU (25.2%)

OPT-1001 : Update timing in Manhattan mode
TMR-2503 : Start to update net delay, extr mode = 3.
TMR-2504 : Update delay of 2309 nets completely.
TMR-2502 : Annotate delay completely, extr mode = 3.
TMR-3501 : Forward propagation: start to calculate arrival time...
TMR-3502 : Backward propagation: start to calculate required time...
TMR-3503 : Timing propagation completes.
OPT-1001 : End timing update;  0.051087s wall, 0.078125s user + 0.000000s system = 0.078125s CPU (152.9%)

OPT-0007 : Start: WNS 3949 TNS 0 NUM_FEPS 0
OPT-1001 : End path based optimization;  0.113218s wall, 0.093750s user + 0.000000s system = 0.093750s CPU (82.8%)

OPT-1001 : Current memory(MB): used = 229, reserve = 203, peak = 229.
OPT-1001 : Update timing in Manhattan mode
TMR-2503 : Start to update net delay, extr mode = 3.
TMR-2504 : Update delay of 2309 nets completely.
TMR-2502 : Annotate delay completely, extr mode = 3.
TMR-3501 : Forward propagation: start to calculate arrival time...
TMR-3502 : Backward propagation: start to calculate required time...
TMR-3503 : Timing propagation completes.
OPT-1001 : End timing update;  0.050841s wall, 0.000000s user + 0.000000s system = 0.000000s CPU (n/a%)

OPT-1001 : Start pin optimization...
OPT-1001 : skip pin optimization...
RUN-1001 : Generating global routing grids ...
PHY-1001 : Generate routing nets ...
PHY-1001 : Reuse net number 1917/2311.
PHY-1001 : Global iterations in 16 thread ...
PHY-1002 : len = 89952, over cnt = 0(0%), over = 0, worst = 0
PHY-1001 : End global iterations;  0.004519s wall, 0.000000s user + 0.000000s system = 0.000000s CPU (n/a%)

PHY-1001 : Congestion index: top1 = 28.15, top5 = 22.09, top10 = 18.06, top15 = 14.92.
OPT-1001 : Update timing in Manhattan mode
TMR-2503 : Start to update net delay, extr mode = 3.
TMR-2504 : Update delay of 2309 nets completely.
TMR-2502 : Annotate delay completely, extr mode = 3.
TMR-3501 : Forward propagation: start to calculate arrival time...
TMR-3502 : Backward propagation: start to calculate required time...
TMR-3503 : Timing propagation completes.
OPT-1001 : End timing update;  0.053609s wall, 0.031250s user + 0.000000s system = 0.031250s CPU (58.3%)

RUN-1001 : QoR Analysis:
OPT-0007 :   WNS 3949 TNS 0 NUM_FEPS 0
RUN-1001 :   No local congestion issue, and most congested 1% tile average routing util is 27.620690
RUN-1001 :   Top critical paths
RUN-1001 :       #1 path slack 3949ps with logic level 8 
RUN-1001 :       #2 path slack 4027ps with logic level 8 
OPT-1001 : End physical optimization;  1.598748s wall, 0.781250s user + 0.000000s system = 0.781250s CPU (48.9%)

RUN-1003 : finish command "place" in  6.984918s wall, 3.625000s user + 1.015625s system = 4.640625s CPU (66.4%)

RUN-1004 : used memory is 202 MB, reserved memory is 173 MB, peak memory is 229 MB
RUN-1002 : start command "export_db pic_sdram_place.db"
RUN-1001 : Exported /
RUN-1001 : Exported flow parameters
RUN-1001 : Exported libs
RUN-1001 : Exported entities
RUN-1001 : Exported ports
RUN-1001 : Exported pins
RUN-1001 : Exported instances
RUN-1001 : Exported nets
RUN-1001 : Exported buses
RUN-1001 : Exported models
RUN-1001 : Exported congestions
RUN-1001 : Exported violations
RUN-1001 : Exported timing constraints
RUN-1001 : Exported IO constraints
RUN-1001 : Exported Inst constraints
RUN-1002 : start command "route"
RUN-1001 : Open license file D:/Program/Anlogic/TD5.6.2/license/Anlogic.lic
RUN-1001 : Print Global Property
RUN-1001 : ---------------------------------------------------------------
RUN-1001 :        Parameters        |  Settings  |  Default Values  |  Note  
RUN-1001 : ---------------------------------------------------------------
RUN-1001 :          message         |  standard  |     standard     |        
RUN-1001 :   mixed_pack_place_flow  |     on     |        on        |        
RUN-1001 :        qor_monitor       |    off     |       off        |        
RUN-1001 :        syn_ip_flow       |    off     |       off        |        
RUN-1001 :          thread          |    auto    |       auto       |        
RUN-1001 : ---------------------------------------------------------------
RUN-1001 : Print Route Property
RUN-1001 : -------------------------------------------------------
RUN-1001 :    Parameters    |  Settings  |  Default Values  |  Note  
RUN-1001 : -------------------------------------------------------
RUN-1001 :      effort      |   medium   |      medium      |        
RUN-1001 :     fix_hold     |    off     |       off        |        
RUN-1001 :    opt_timing    |   medium   |      medium      |        
RUN-1001 :   phy_sim_model  |    off     |       off        |        
RUN-1001 :     priority     |   timing   |      timing      |        
RUN-1001 :     swap_pin     |     on     |        on        |        
RUN-1001 : -------------------------------------------------------
PHY-1001 : Route runs in 16 thread(s)
RUN-1001 : There are total 1108 instances
RUN-1001 : 500 mslices, 497 lslices, 102 pads, 2 brams, 0 dsps
RUN-1001 : There are total 2311 nets
RUN-6004 WARNING: There are 16 nets with only 1 pin.
RUN-1001 : 1528 nets have 2 pins
RUN-1001 : 531 nets have [3 - 5] pins
RUN-1001 : 137 nets have [6 - 10] pins
RUN-1001 : 51 nets have [11 - 20] pins
RUN-1001 : 44 nets have [21 - 99] pins
RUN-1001 : 4 nets have 100+ pins
RUN-1002 : start command "start_timer -report"
TMR-2505 : Start building timing graph for model top.
TMR-2506 : Build timing graph completely. Port num: 22, tpin num: 9237, tnet num: 2309, tinst num: 1106, tnode num: 11773, tedge num: 15450.
TMR-2508 : Levelizing timing graph completed, there are 41 levels in total.
TMR-2501 : Timing graph initialized successfully.
PHY-1001 : 500 mslices, 497 lslices, 102 pads, 2 brams, 0 dsps
TMR-2503 : Start to update net delay, extr mode = 3.
TMR-2504 : Update delay of 2309 nets completely.
TMR-2502 : Annotate delay completely, extr mode = 3.
TMR-3001 : Initiate 4 clocks from SDC.
TMR-3004 : Map sdc constraints, there are 8 constraints in total.
TMR-3003 : Constraints initiated successfully.
TMR-3501 : Forward propagation: start to calculate arrival time...
TMR-3502 : Backward propagation: start to calculate required time...
TMR-3503 : Timing propagation completes.
PHY-1001 : Start global routing, caller is route ...
RUN-1001 : Generating global routing grids ...
PHY-1001 : Generate routing nets ...
PHY-1001 : Global iterations in 16 thread ...
PHY-1002 : len = 86280, over cnt = 175(0%), over = 308, worst = 7
PHY-1002 : len = 87640, over cnt = 77(0%), over = 119, worst = 6
PHY-1002 : len = 89040, over cnt = 0(0%), over = 0, worst = 0
PHY-1001 : End global iterations;  0.138771s wall, 0.031250s user + 0.000000s system = 0.031250s CPU (22.5%)

PHY-1001 : Congestion index: top1 = 28.08, top5 = 22.16, top10 = 18.04, top15 = 14.75.
PHY-1001 : End global routing;  0.182936s wall, 0.046875s user + 0.000000s system = 0.046875s CPU (25.6%)

PHY-1001 : Start detail routing ...
PHY-1001 : Current memory(MB): used = 244, reserve = 216, peak = 259.
PHY-1001 : Detailed router is running in normal mode.
PHY-1001 : Generate detailed routing grids ...
PHY-1001 : Generate nets ...
PHY-1001 : net clk_dup_1 will be routed on clock mesh
PHY-1001 : net U3/u2_ram/SDRAM_CLK will be routed on clock mesh
PHY-5010 WARNING: Net U3/u2_ram/u2_wrrd/Sdr_rd_dout[31] is skipped due to 0 input or output
PHY-5010 WARNING: Net U3/u2_ram/u2_wrrd/Sdr_rd_dout[30] is skipped due to 0 input or output
PHY-5010 WARNING: Net U3/u2_ram/u2_wrrd/Sdr_rd_dout[29] is skipped due to 0 input or output
PHY-5010 WARNING: Net U3/u2_ram/u2_wrrd/Sdr_rd_dout[28] is skipped due to 0 input or output
PHY-5010 WARNING: Net U3/u2_ram/u2_wrrd/Sdr_rd_dout[27] is skipped due to 0 input or output
PHY-5010 WARNING: Net U3/u2_ram/u2_wrrd/Sdr_rd_dout[26] is skipped due to 0 input or output
PHY-5010 WARNING: Net U3/u2_ram/u2_wrrd/Sdr_rd_dout[25] is skipped due to 0 input or output
PHY-5010 WARNING: Net U3/u2_ram/u2_wrrd/Sdr_rd_dout[24] is skipped due to 0 input or output
PHY-5010 WARNING: Net U3/u2_ram/u2_wrrd/Sdr_rd_dout[23] is skipped due to 0 input or output
PHY-5010 WARNING: Net U3/u2_ram/u2_wrrd/Sdr_rd_dout[22] is skipped due to 0 input or output
PHY-5010 Similar messages will be suppressed.
PHY-1001 : clock net frame_read_write_m0/read_buf/clkr will be merged with clock video_pll_m0/clk0_buf
PHY-1001 : clock net frame_read_write_m0/write_buf/clkw will be merged with clock sys_pll_m0/clk0_buf
PHY-1001 : Current memory(MB): used = 512, reserve = 488, peak = 512.
PHY-1001 : End build detailed router design. 2.458648s wall, 1.406250s user + 0.046875s system = 1.453125s CPU (59.1%)

PHY-1001 : Detail Route ...
PHY-1001 : ===== Detail Route Phase 1 =====
PHY-1001 : Clock net routing.....
PHY-1001 : Routed 0% nets.
PHY-1022 : len = 43376, over cnt = 0(0%), over = 0, worst = 0, crit = 0
PHY-1001 : End initial clock net routed; 0.657866s wall, 0.203125s user + 0.000000s system = 0.203125s CPU (30.9%)

PHY-1001 : Current memory(MB): used = 545, reserve = 523, peak = 545.
PHY-1001 : End phase 1; 0.663251s wall, 0.203125s user + 0.000000s system = 0.203125s CPU (30.6%)

PHY-1001 : ===== Detail Route Phase 2 =====
PHY-1001 : Initial routing.....
PHY-1001 : Routed 37% nets.
PHY-1001 : Routed 42% nets.
PHY-1001 : Routed 54% nets.
PHY-1001 : Routed 68% nets.
PHY-1001 : Routed 88% nets.
PHY-1022 : len = 274248, over cnt = 75(0%), over = 76, worst = 2, crit = 0
PHY-1001 : Current memory(MB): used = 545, reserve = 523, peak = 545.
PHY-1001 : End initial routed; 1.423819s wall, 0.406250s user + 0.000000s system = 0.406250s CPU (28.5%)

PHY-1001 : Update timing.....
PHY-1001 : 0/2053(0%) critical/total net(s).
RUN-1001 : --------------------------------------
RUN-1001 :   Type   |  WNS(ns)  |  TNS(ns)  |  FEP  
RUN-1001 : --------------------------------------
RUN-1001 :   Setup  |   0.690   |   0.000   |   0   
RUN-1001 :   Hold   |   0.132   |   0.000   |   0   
RUN-1001 : --------------------------------------
PHY-1001 : End update timing; 0.539570s wall, 0.187500s user + 0.000000s system = 0.187500s CPU (34.7%)

PHY-1001 : Current memory(MB): used = 546, reserve = 524, peak = 546.
PHY-1001 : End phase 2; 1.963584s wall, 0.593750s user + 0.000000s system = 0.593750s CPU (30.2%)

PHY-1001 : ===== Detail Route Phase 3 =====
PHY-1001 : Optimize timing.....
PHY-1022 : len = 274248, over cnt = 75(0%), over = 76, worst = 2, crit = 0
PHY-1001 : End optimize timing; 0.014263s wall, 0.000000s user + 0.000000s system = 0.000000s CPU (n/a%)

PHY-1001 : Ripup-reroute.....
PHY-1001 : ===== DR Iter 1 =====
PHY-1022 : len = 273672, over cnt = 19(0%), over = 19, worst = 1, crit = 0
PHY-1001 : End DR Iter 1; 0.042507s wall, 0.000000s user + 0.000000s system = 0.000000s CPU (n/a%)

PHY-1001 : ===== DR Iter 2 =====
PHY-1022 : len = 273704, over cnt = 0(0%), over = 0, worst = 0, crit = 0
PHY-1001 : End DR Iter 2; 0.028503s wall, 0.000000s user + 0.000000s system = 0.000000s CPU (n/a%)

PHY-1001 : Update timing.....
PHY-1001 : 0/2053(0%) critical/total net(s).
RUN-1001 : --------------------------------------
RUN-1001 :   Type   |  WNS(ns)  |  TNS(ns)  |  FEP  
RUN-1001 : --------------------------------------
RUN-1001 :   Setup  |   0.690   |   0.000   |   0   
RUN-1001 :   Hold   |   0.132   |   0.000   |   0   
RUN-1001 : --------------------------------------
PHY-1001 : End update timing; 0.524365s wall, 0.328125s user + 0.000000s system = 0.328125s CPU (62.6%)

PHY-1001 : Commit to database.....
PHY-1001 : 9 feed throughs used by 8 nets
PHY-1001 : End commit to database; 0.174925s wall, 0.031250s user + 0.000000s system = 0.031250s CPU (17.9%)

PHY-1001 : Current memory(MB): used = 562, reserve = 540, peak = 562.
PHY-1001 : End phase 3; 0.897408s wall, 0.406250s user + 0.000000s system = 0.406250s CPU (45.3%)

PHY-1003 : Routed, final wirelength = 273704
PHY-1001 : Current memory(MB): used = 563, reserve = 541, peak = 563.
PHY-1001 : End export database. 0.008990s wall, 0.000000s user + 0.000000s system = 0.000000s CPU (n/a%)

PHY-1001 : End detail routing;  6.131221s wall, 2.671875s user + 0.046875s system = 2.718750s CPU (44.3%)

RUN-1003 : finish command "route" in  6.875947s wall, 3.015625s user + 0.046875s system = 3.062500s CPU (44.5%)

RUN-1004 : used memory is 513 MB, reserved memory is 491 MB, peak memory is 563 MB
RUN-1002 : start command "report_area -io_info -file pic_sdram_phy.area"
RUN-1001 : standard
***Report Model: top Device: EG4S20BG256***

IO Statistics
#IO                        47
  #input                    6
  #output                  37
  #inout                    4

Utilization Statistics
#lut                     1524   out of  19600    7.78%
#reg                     1109   out of  19600    5.66%
#le                      1904
  #lut only               795   out of   1904   41.75%
  #reg only               380   out of   1904   19.96%
  #lut&reg                729   out of   1904   38.29%
#dsp                        0   out of     29    0.00%
#bram                       2   out of     64    3.12%
  #bram9k                   2
  #fifo9k                   0
#bram32k                    0   out of     16    0.00%
#pad                       47   out of    188   25.00%
  #ireg                     1
  #oreg                    34
  #treg                     0
#pll                        2   out of      4   50.00%
#gclk                       2   out of     16   12.50%

Clock Resource Statistics
Index     ClockNet                 Type               DriverType         Driver                         Fanout
#1        U3/u2_ram/SDRAM_CLK      GCLK               pll                sys_pll_m0/pll_inst.clkc1      377
#2        sys_pll_m0/clk0_buf      GCLK               pll                sys_pll_m0/pll_inst.clkc0      268
#3        video_pll_m0/clk0_buf    GCLK               pll                video_pll_m0/pll_inst.clkc0    89
#4        clk_dup_1                GCLK               io                 clk_syn_2.di                   26


Detailed IO Report

       Name         Direction    Location    IOStandard    DriveStrength    PullType     PackReg   
       clk            INPUT         R7        LVCMOS33          N/A           NONE        NONE     
       key1           INPUT         B2        LVCMOS33          N/A           NONE        IREG     
       key2           INPUT         B1        LVCMOS33          N/A           NONE        NONE     
      rst_n           INPUT         A2        LVCMOS33          N/A           NONE        NONE     
     sd_miso          INPUT        B14        LVCMOS33          N/A           NONE        NONE     
     switch1          INPUT         C8        LVCMOS33          N/A           NONE        NONE     
    flash_cs_n       OUTPUT         P8        LVCMOS33           8            NONE        NONE     
    flash_sck        OUTPUT         M9        LVCMOS33           8            NONE        NONE     
     sd_dclk         OUTPUT        A14        LVCMOS33           8            NONE        OREG     
     sd_mosi         OUTPUT        A13        LVCMOS33           8            NONE        OREG     
      sd_ncs         OUTPUT        A12        LVCMOS33           8            NONE        OREG     
   seg_data[7]       OUTPUT         A6        LVCMOS33           8            NONE        NONE     
   seg_data[6]       OUTPUT         A7        LVCMOS33           8            NONE        OREG     
   seg_data[5]       OUTPUT         A8        LVCMOS33           8            NONE        OREG     
   seg_data[4]       OUTPUT         B5        LVCMOS33           8            NONE        OREG     
   seg_data[3]       OUTPUT         A5        LVCMOS33           8            NONE        OREG     
   seg_data[2]       OUTPUT         B6        LVCMOS33           8            NONE        OREG     
   seg_data[1]       OUTPUT        C16        LVCMOS33           8            NONE        OREG     
   seg_data[0]       OUTPUT        C15        LVCMOS33           8            NONE        OREG     
    seg_sel[5]       OUTPUT        D11        LVCMOS33           8            NONE        OREG     
    seg_sel[4]       OUTPUT        E11        LVCMOS33           8            NONE        OREG     
    seg_sel[3]       OUTPUT        F10        LVCMOS33           8            NONE        OREG     
    seg_sel[2]       OUTPUT        C13        LVCMOS33           8            NONE        OREG     
    seg_sel[1]       OUTPUT        E10        LVCMOS33           8            NONE        OREG     
    seg_sel[0]       OUTPUT        E12        LVCMOS33           8            NONE        OREG     
   vga_out_b[4]      OUTPUT         D5        LVCMOS33           8            NONE        OREG     
   vga_out_b[3]      OUTPUT         D6        LVCMOS33           8            NONE        OREG     
   vga_out_b[2]      OUTPUT         E6        LVCMOS33           8            NONE        OREG     
   vga_out_b[1]      OUTPUT         F6        LVCMOS33           8            NONE        OREG     
   vga_out_b[0]      OUTPUT        H16        LVCMOS25           8            N/A         OREG     
   vga_out_g[5]      OUTPUT         N6        LVCMOS33           8            NONE        OREG     
   vga_out_g[4]      OUTPUT         N5        LVCMOS33           8            NONE        OREG     
   vga_out_g[3]      OUTPUT         P5        LVCMOS33           8            NONE        OREG     
   vga_out_g[2]      OUTPUT         T5        LVCMOS33           8            NONE        OREG     
   vga_out_g[1]      OUTPUT        F14        LVCMOS25           8            N/A         OREG     
   vga_out_g[0]      OUTPUT         A4        LVCMOS33           8            N/A         OREG     
    vga_out_hs       OUTPUT         E7        LVCMOS33           8            NONE        OREG     
   vga_out_r[4]      OUTPUT        E13        LVCMOS33           8            NONE        OREG     
   vga_out_r[3]      OUTPUT         L8        LVCMOS33           8            NONE        OREG     
   vga_out_r[2]      OUTPUT         L7        LVCMOS33           8            NONE        OREG     
   vga_out_r[1]      OUTPUT         R5        LVCMOS33           8            NONE        OREG     
   vga_out_r[0]      OUTPUT         H5        LVCMOS33           8            N/A         OREG     
    vga_out_vs       OUTPUT         F7        LVCMOS33           8            NONE        OREG     
  flash_qspi_IO0      INOUT         P7        LVCMOS33           8            NONE        NONE     
  flash_qspi_IO1      INOUT         N8        LVCMOS33           8            NONE        NONE     
  flash_qspi_IO2      INOUT         P9        LVCMOS33           8            NONE        NONE     
  flash_qspi_IO3      INOUT         R9        LVCMOS33           8            NONE        NONE     
       dm0           OUTPUT        S14        LVCMOS25           8            NONE        OREG     
       cke           OUTPUT        S18        LVCMOS25           8            NONE        NONE     
       we_n          OUTPUT        S19        LVCMOS25           8            NONE        OREG     
      cas_n          OUTPUT        S20        LVCMOS25           8            NONE        OREG     
      ras_n          OUTPUT        S21        LVCMOS25           8            NONE        OREG     
       cs_n          OUTPUT        S22        LVCMOS25           8            NONE        NONE     
     addr[9]         OUTPUT        S23        LVCMOS25           8            NONE        OREG     
     addr[8]         OUTPUT        S24        LVCMOS25           8            NONE        OREG     
     addr[7]         OUTPUT        S25        LVCMOS25           8            NONE        OREG     
     addr[6]         OUTPUT        S26        LVCMOS25           8            NONE        OREG     
     addr[5]         OUTPUT        S27        LVCMOS25           8            NONE        OREG     
     addr[4]         OUTPUT        S28        LVCMOS25           8            NONE        OREG     
       dm2           OUTPUT        S29        LVCMOS25           8            NONE        OREG     
       dm3           OUTPUT        S61        LVCMOS25           8            NONE        OREG     
     addr[3]         OUTPUT        S64        LVCMOS25           8            NONE        OREG     
     addr[2]         OUTPUT        S65        LVCMOS25           8            NONE        OREG     
     addr[1]         OUTPUT        S66        LVCMOS25           8            NONE        OREG     
     addr[0]         OUTPUT        S67        LVCMOS25           8            NONE        OREG     
     addr[10]        OUTPUT        S68        LVCMOS25           8            NONE        OREG     
      ba[0]          OUTPUT        S69        LVCMOS25           8            NONE        OREG     
      ba[1]          OUTPUT        S70        LVCMOS25           8            NONE        OREG     
       clk           OUTPUT        S73        LVCMOS25           8            NONE        NONE     
       dm1           OUTPUT        S76        LVCMOS25           8            NONE        OREG     
      dq[0]           INOUT         S1        LVCMOS25           8           PULLUP     IREG;OREG  
      dq[6]           INOUT        S11        LVCMOS25           8           PULLUP     IREG;OREG  
      dq[7]           INOUT        S12        LVCMOS25           8           PULLUP     IREG;OREG  
      dq[1]           INOUT         S2        LVCMOS25           8           PULLUP     IREG;OREG  
      dq[23]          INOUT        S31        LVCMOS25           8           PULLUP       IREG     
      dq[22]          INOUT        S32        LVCMOS25           8           PULLUP       IREG     
      dq[21]          INOUT        S35        LVCMOS25           8           PULLUP       IREG     
      dq[20]          INOUT        S36        LVCMOS25           8           PULLUP       IREG     
      dq[19]          INOUT        S37        LVCMOS25           8           PULLUP       IREG     
      dq[18]          INOUT        S38        LVCMOS25           8           PULLUP       IREG     
      dq[17]          INOUT        S41        LVCMOS25           8           PULLUP       IREG     
      dq[16]          INOUT        S42        LVCMOS25           8           PULLUP       IREG     
      dq[31]          INOUT        S48        LVCMOS25           8           PULLUP       IREG     
      dq[30]          INOUT        S49        LVCMOS25           8           PULLUP       IREG     
      dq[2]           INOUT         S5        LVCMOS25           8           PULLUP     IREG;OREG  
      dq[29]          INOUT        S52        LVCMOS25           8           PULLUP       IREG     
      dq[28]          INOUT        S53        LVCMOS25           8           PULLUP       IREG     
      dq[27]          INOUT        S54        LVCMOS25           8           PULLUP       IREG     
      dq[26]          INOUT        S55        LVCMOS25           8           PULLUP       IREG     
      dq[25]          INOUT        S58        LVCMOS25           8           PULLUP       IREG     
      dq[24]          INOUT        S59        LVCMOS25           8           PULLUP       IREG     
      dq[3]           INOUT         S6        LVCMOS25           8           PULLUP     IREG;OREG  
      dq[4]           INOUT         S7        LVCMOS25           8           PULLUP     IREG;OREG  
      dq[8]           INOUT        S78        LVCMOS25           8           PULLUP     IREG;OREG  
      dq[9]           INOUT        S79        LVCMOS25           8           PULLUP     IREG;OREG  
      dq[5]           INOUT         S8        LVCMOS25           8           PULLUP     IREG;OREG  
      dq[10]          INOUT        S82        LVCMOS25           8           PULLUP     IREG;OREG  
      dq[11]          INOUT        S83        LVCMOS25           8           PULLUP     IREG;OREG  
      dq[12]          INOUT        S84        LVCMOS25           8           PULLUP     IREG;OREG  
      dq[13]          INOUT        S85        LVCMOS25           8           PULLUP     IREG;OREG  
      dq[14]          INOUT        S88        LVCMOS25           8           PULLUP     IREG;OREG  
      dq[15]          INOUT        S89        LVCMOS25           8           PULLUP     IREG;OREG  

Report Hierarchy Area:
+-------------------------------------------------------------------------------------------------------------------------------------+
|Instance                        |Module                                         |le     |lut     |ripple  |seq     |bram    |dsp     |
+-------------------------------------------------------------------------------------------------------------------------------------+
|top                             |top                                            |1904   |1296    |228     |1144    |2       |0       |
|  U3                            |sdram                                          |340    |91      |5       |325     |0       |0       |
|    u2_ram                      |sdr_as_ram                                     |340    |91      |5       |325     |0       |0       |
|      u1_init_ref               |sdr_init_ref                                   |89     |16      |5       |81      |0       |0       |
|      u2_wrrd                   |sdr_wrrd                                       |251    |75      |0       |244     |0       |0       |
|  frame_read_write_m0           |frame_read_write                               |471    |310     |96      |311     |2       |0       |
|    frame_fifo_read_m0          |frame_fifo_read                                |109    |83      |23      |61      |0       |0       |
|    frame_fifo_write_m0         |frame_fifo_write                               |110    |85      |23      |59      |0       |0       |
|    read_buf                    |afifo_16_256                                   |129    |70      |25      |98      |1       |0       |
|      ram_inst                  |ram_infer_afifo_16_256                         |0      |0       |0       |0       |1       |0       |
|      rd_to_wr_cross_inst       |fifo_cross_domain_addr_process_al_afifo_16_256 |36     |17      |0       |36      |0       |0       |
|      wr_to_rd_cross_inst       |fifo_cross_domain_addr_process_al_afifo_16_256 |35     |22      |0       |35      |0       |0       |
|    write_buf                   |afifo_16_256                                   |123    |72      |25      |93      |1       |0       |
|      ram_inst                  |ram_infer_afifo_16_256                         |0      |0       |0       |0       |1       |0       |
|      rd_to_wr_cross_inst       |fifo_cross_domain_addr_process_al_afifo_16_256 |32     |21      |0       |32      |0       |0       |
|      wr_to_rd_cross_inst       |fifo_cross_domain_addr_process_al_afifo_16_256 |35     |22      |0       |35      |0       |0       |
|  sd_card_bmp_m0                |sd_card_bmp                                    |930    |790     |97      |389     |0       |0       |
|    ax_debounce_m0              |ax_debounce                                    |54     |44      |9       |37      |0       |0       |
|    bmp_read_m0                 |bmp_read                                       |290    |202     |58      |167     |0       |0       |
|    sd_card_top_m0              |sd_card_top                                    |586    |544     |30      |185     |0       |0       |
|      sd_card_cmd_m0            |sd_card_cmd                                    |350    |325     |25      |57      |0       |0       |
|      sd_card_sec_read_write_m0 |sd_card_sec_read_write                         |167    |155     |0       |87      |0       |0       |
|      spi_master_m0             |spi_master                                     |69     |64      |5       |41      |0       |0       |
|  seg_scan_m0                   |seg_scan                                       |75     |53      |22      |20      |0       |0       |
|  sys_pll_m0                    |sys_pll                                        |0      |0       |0       |0       |0       |0       |
|  video_delay_m0                |video_delay                                    |39     |13      |0       |28      |0       |0       |
|  video_pll_m0                  |video_pll                                      |0      |0       |0       |0       |0       |0       |
|  video_timing_data_m0          |video_timing_data                              |49     |39      |8       |36      |0       |0       |
|    color_bar_m0                |color_bar                                      |43     |34      |8       |30      |0       |0       |
+-------------------------------------------------------------------------------------------------------------------------------------+


DataNet Average Fanout:

   Index     Fanout     Nets  
    #1          1       1481  
    #2          2       251   
    #3          3       177   
    #4          4       103   
    #5        5-10      145   
    #6        11-50      83   
    #7       51-100      1    
    #8       101-500     1    
  Average     2.71            

RUN-1002 : start command "export_db pic_sdram_pr.db"
RUN-1001 : Exported /
RUN-1001 : Exported flow parameters
RUN-1001 : Exported libs
RUN-1001 : Exported entities
RUN-1001 : Exported ports
RUN-1001 : Exported pins
RUN-1001 : Exported instances
RUN-1001 : Exported nets
RUN-1001 : Exported buses
RUN-1001 : Exported models
RUN-1001 : Exported congestions
RUN-1001 : Exported violations
RUN-1001 : Exported timing constraints
RUN-1001 : Exported IO constraints
RUN-1001 : Exported Inst constraints
RUN-1002 : start command "start_timer"
TMR-2505 : Start building timing graph for model top.
TMR-2506 : Build timing graph completely. Port num: 22, tpin num: 9237, tnet num: 2309, tinst num: 1106, tnode num: 11773, tedge num: 15450.
TMR-2508 : Levelizing timing graph completed, there are 41 levels in total.
TMR-2501 : Timing graph initialized successfully.
RUN-1002 : start command "report_timing -mode FINAL -net_info -rpt_autogen true -file pic_sdram_phy.timing"
TMR-2503 : Start to update net delay, extr mode = 6.
TMR-2504 : Update delay of 2309 nets completely.
TMR-2502 : Annotate delay completely, extr mode = 6.
TMR-3001 : Initiate 4 clocks from SDC.
TMR-3004 : Map sdc constraints, there are 8 constraints in total.
TMR-3003 : Constraints initiated successfully.
TMR-3501 : Forward propagation: start to calculate arrival time...
TMR-3502 : Backward propagation: start to calculate required time...
TMR-3503 : Timing propagation completes.
TMR-3506 : Start to generate timing report.
TMR-1502 : Number of clock constraints = 4. Number of clock nets = 4 (0 unconstrainted).
TMR-3508 : Export timing summary.
TMR-3507 : Timing report generated successfully in pic_sdram_phy.timing, timing summary in pic_sdram_phy.tsm.
RUN-1002 : start command "export_bid pic_sdram_inst.bid"
PRG-1000 : <!-- HMAC is: 54b7019ecea91c3b82dae8f45267b3b86b1ac3f0bdeb4c721a823b05dd911fba -->
RUN-1002 : start command "bitgen -bit pic_sdram.bit"
BIT-1003 : Start to generate bitstream. 
BIT-1002 : Init instances with 16 threads.
BIT-1002 : Init instances completely, inst num: 1106
BIT-1002 : Init pips with 16 threads.
BIT-1002 : Init pips completely, net num: 2311, pip num: 20591
BIT-1002 : Init feedthrough with 16 threads.
BIT-1002 : Init feedthrough completely, num: 9
BIT-1003 : Multithreading accelaration with 16 threads.
BIT-1003 : Generate bitstream completely, there are 1841 valid insts, and 59191 bits set as '1'.
BIT-1004 : the usercode register value: 00000000111110110000000000000000
BIT-1004 : PLL setting string = 0110
BIT-1004 : Generate bits file pic_sdram.bit.
RUN-1003 : finish command "bitgen -bit pic_sdram.bit" in  2.556532s wall, 22.359375s user + 0.015625s system = 22.375000s CPU (875.2%)

RUN-1004 : used memory is 534 MB, reserved memory is 511 MB, peak memory is 707 MB
RUN-1002 : start command "backup_run_log run.log ../.logs/phy_1/td_20231219_193921.log"
