============================================================
   Tang Dynasty, V5.6.71036
      Copyright (c) 2012-2023 Anlogic Inc.
   Executable = D:/Program/Anlogic/TD5.6.2/bin/td.exe
   Built at =   20:34:38 Mar 21 2023
   Run by =     28408
   Run Date =   Mon Dec 11 19:43:57 2023

   Run on =     DESKTOP-T1B5OP5
============================================================
RUN-1002 : start command "open_project pic_sdram.prj"
RUN-1001 : Print Global Property
RUN-1001 : ---------------------------------------------------------------
RUN-1001 :        Parameters        |  Settings  |  Default Values  |  Note  
RUN-1001 : ---------------------------------------------------------------
RUN-1001 :          message         |  standard  |     standard     |        
RUN-1001 :   mixed_pack_place_flow  |     on     |        on        |        
RUN-1001 :        qor_monitor       |    off     |       off        |        
RUN-1001 :        syn_ip_flow       |    off     |       off        |        
RUN-1001 :          thread          |    auto    |       auto       |        
RUN-1001 : ---------------------------------------------------------------
RUN-1001 : Print Design Property
RUN-1001 : --------------------------------------------------------------
RUN-1001 :        Parameters       |  Settings  |  Default Values  |  Note  
RUN-1001 : --------------------------------------------------------------
RUN-1001 :   default_reg_initial   |    auto    |       auto       |        
RUN-1001 :        infer_add        |     on     |        on        |        
RUN-1001 :        infer_fsm        |    off     |       off        |        
RUN-1001 :        infer_mult       |     on     |        on        |        
RUN-1001 :        infer_ram        |     on     |        on        |        
RUN-1001 :        infer_reg        |     on     |        on        |        
RUN-1001 :   infer_reg_init_value  |     on     |        on        |        
RUN-1001 :        infer_rom        |     on     |        on        |        
RUN-1001 :      infer_shifter      |     on     |        on        |        
RUN-1001 : --------------------------------------------------------------
RUN-1001 : Print Rtl Property
RUN-1001 : --------------------------------------------------------------
RUN-1001 :        Parameters       |  Settings  |  Default Values  |  Note  
RUN-1001 : --------------------------------------------------------------
RUN-1001 :       compress_add      |   ripple   |      ripple      |        
RUN-1001 :        elf_sload        |    off     |       off        |        
RUN-1001 :       fix_undriven      |     0      |        0         |        
RUN-1001 :         flatten         |    off     |       off        |        
RUN-1001 :       gate_sharing      |     on     |        on        |        
RUN-1001 :    hdl_warning_level    |   normal   |      normal      |        
RUN-1001 :   impl_internal_tribuf  |     on     |        on        |        
RUN-1001 :      impl_set_reset     |     on     |        on        |        
RUN-1001 :        infer_gsr        |    off     |       off        |        
RUN-1001 :      keep_hierarchy     |    auto    |       auto       |        
RUN-1001 :        max_fanout       |    9999    |       9999       |        
RUN-1001 :      max_oh2bin_len     |     10     |        10        |        
RUN-1001 :       merge_equal       |     on     |        on        |        
RUN-1001 :       merge_equiv       |     on     |        on        |        
RUN-1001 :        merge_mux        |    off     |       off        |        
RUN-1001 :     min_control_set     |     8      |        8         |        
RUN-1001 :      min_ripple_len     |    auto    |       auto       |        
RUN-1001 :       oh2bin_ratio      |    0.08    |       0.08       |        
RUN-1001 :     opt_adder_fanout    |     on     |        on        |        
RUN-1001 :        opt_arith        |     on     |        on        |        
RUN-1001 :       opt_big_gate      |    off     |       off        |        
RUN-1001 :        opt_const        |     on     |        on        |        
RUN-1001 :      opt_const_mult     |     on     |        on        |        
RUN-1001 :       opt_lessthan      |     on     |        on        |        
RUN-1001 :         opt_mux         |    off     |       off        |        
RUN-1001 :         opt_ram         |    high    |       high       |        
RUN-1001 :      rtl_sim_model      |    off     |       off        |        
RUN-1001 :         seq_syn         |     on     |        on        |        
RUN-1001 : --------------------------------------------------------------
HDL-1007 : analyze verilog file ../../al_ip/sys_pll.v
HDL-1007 : undeclared symbol 'open', assumed default net type 'wire' in ../../al_ip/sys_pll.v(77)
HDL-1007 : analyze verilog file ../../al_ip/video_pll.v
HDL-1007 : undeclared symbol 'open', assumed default net type 'wire' in ../../al_ip/video_pll.v(63)
HDL-1007 : analyze verilog file ../../al_ip/afifo_16_256.v
HDL-1007 : analyze verilog file ../../Qspi_master.v
HDL-1007 : analyze verilog file ../../flash_cmd.v
HDL-1007 : analyze verilog file ../../flash_reader.v
HDL-1007 : analyze verilog file ../../flash_step.v
HDL-1007 : analyze verilog file ../../flash_write_read.v
HDL-1007 : analyze verilog file ../../flash_writer.v
HDL-1007 : analyze verilog file ../../sys_state_ctrl.v
HDL-1007 : analyze verilog file ../../src/ax_debounce.v
HDL-1007 : analyze verilog file ../../src/bmp_read.v
HDL-1007 : analyze verilog file ../../src/color_bar.v
HDL-1007 : analyze included file ../../src/video_define.v in ../../src/color_bar.v(2)
HDL-1007 : back to file '../../src/color_bar.v' in ../../src/color_bar.v(2)
HDL-1007 : analyze verilog file ../../src/frame_fifo_read.v
HDL-1007 : undeclared symbol 'read_busy', assumed default net type 'wire' in ../../src/frame_fifo_read.v(55)
HDL-1007 : analyze verilog file ../../src/frame_fifo_write.v
HDL-1007 : undeclared symbol 'write_busy', assumed default net type 'wire' in ../../src/frame_fifo_write.v(53)
HDL-1007 : analyze verilog file ../../src/frame_read_write.v
HDL-1007 : analyze verilog file ../../src/sd_card/sd_card_cmd.v
HDL-1007 : analyze verilog file ../../src/sd_card/sd_card_sec_read_write.v
HDL-1007 : analyze verilog file ../../src/sd_card/sd_card_top.v
HDL-1007 : analyze verilog file ../../src/sd_card/spi_master.v
HDL-1007 : analyze verilog file ../../src/sd_card_bmp.v
HDL-1007 : analyze verilog file ../../src/sdram/sdram_core.v
HDL-1007 : analyze verilog file ../../src/seg_decoder.v
HDL-1007 : analyze verilog file ../../src/seg_scan.v
HDL-1007 : analyze verilog file ../../src/top.v
HDL-1007 : analyze verilog file ../../src/video_timing_data.v
RUN-1001 : Project manager successfully analyzed 27 source files.
RUN-1002 : start command "import_device eagle_s20.db -package EG4S20BG256"
ARC-1001 : Device Initialization.
ARC-1001 : ------------------------------------------------------------------
ARC-1001 :            OPTION            |          IO          |   SETTING   
ARC-1001 : ------------------------------------------------------------------
ARC-1001 :   cso_b/cclk/mosi/miso/dout  |  T3/R11/T10/P10/S11  |    gpio    
ARC-1001 :             done             |         P13          |    gpio    
ARC-1001 :           program_b          |          T2          |  dedicate  
ARC-1001 :        tdi/tms/tck/tdo       |   C12/A15/C14/E14    |  dedicate  
ARC-1001 : ------------------------------------------------------------------
ARC-1004 : Device setting, marked 5 dedicate IOs in total.
RUN-1002 : start command "import_db ../syn_1/pic_sdram_gate.db"
RUN-1001 : Importing database generated by Tang Dynasty, V5.6.71036.
RUN-1001 : Database version number 46146.
RUN-1001 : Import flow parameters
RUN-1001 : Import timing constraints
RUN-1001 : Import IO constraints
RUN-1001 : Import Inst constraints
RUN-1001 : Import design success TD_VERSION=5.6.71036 , DB_VERSION=46146
RUN-1002 : start command "read_sdc ../../top.sdc"
RUN-1002 : start command "get_ports clk"
RUN-1002 : start command "create_clock -name clk -period 20 -waveform 0 10 "
RUN-1102 : create_clock: clock name: clk, type: 0, period: 20000, rise: 0, fall: 10000.
RUN-1002 : start command "derive_pll_clocks"
USR-1002 : Gen clock cmd:  create_generated_clock -name {sys_pll_m0/pll_inst.clkc[0]} -source [get_ports {clk}] -master_clock {clk} -multiply_by 2.0000 [get_pins {sys_pll_m0/pll_inst.clkc[0]}]
RUN-1002 : start command "get_ports clk"
RUN-1002 : start command "get_pins sys_pll_m0/pll_inst.clkc[0]"
RUN-1002 : start command "create_generated_clock -name sys_pll_m0/pll_inst.clkc[0] -source  -master_clock clk -multiply_by 2.0000 "
USR-1002 : Gen clock cmd:  create_generated_clock -name {sys_pll_m0/pll_inst.clkc[1]} -source [get_ports {clk}] -master_clock {clk} -multiply_by 2.0000 [get_pins {sys_pll_m0/pll_inst.clkc[1]}]
RUN-1002 : start command "get_ports clk"
RUN-1002 : start command "get_pins sys_pll_m0/pll_inst.clkc[1]"
RUN-1002 : start command "create_generated_clock -name sys_pll_m0/pll_inst.clkc[1] -source  -master_clock clk -multiply_by 2.0000 "
USR-1002 : Gen clock cmd:  create_generated_clock -name {sys_pll_m0/pll_inst.clkc[2]} -source [get_ports {clk}] -master_clock {clk} -multiply_by 2.0000 [get_pins {sys_pll_m0/pll_inst.clkc[2]}]
RUN-1002 : start command "get_ports clk"
RUN-1002 : start command "get_pins sys_pll_m0/pll_inst.clkc[2]"
RUN-1002 : start command "create_generated_clock -name sys_pll_m0/pll_inst.clkc[2] -source  -master_clock clk -multiply_by 2.0000 "
USR-1002 : Gen clock cmd:  create_generated_clock -name {video_pll_m0/pll_inst.clkc[0]} -source [get_ports {clk}] -master_clock {clk} -divide_by 2.0000 [get_pins {video_pll_m0/pll_inst.clkc[0]}]
RUN-1002 : start command "get_ports clk"
RUN-1002 : start command "get_pins video_pll_m0/pll_inst.clkc[0]"
RUN-1002 : start command "create_generated_clock -name video_pll_m0/pll_inst.clkc[0] -source  -master_clock clk -divide_by 2.0000 "
RUN-1002 : start command "get_ports clk"
RUN-1002 : start command "get_pins sys_pll_m0/pll_inst.clkc[0]"
RUN-1002 : start command "rename_clock -name sd_card_clk -source  -master_clock clk "
RUN-1105 : Rename Clock: clock sys_pll_m0/pll_inst.clkc[0] was renamed, new name is sd_card_clk.
RUN-1002 : start command "get_ports clk"
RUN-1002 : start command "get_pins sys_pll_m0/pll_inst.clkc[1]"
RUN-1002 : start command "rename_clock -name ext_mem_clk -source  -master_clock clk "
RUN-1105 : Rename Clock: clock sys_pll_m0/pll_inst.clkc[1] was renamed, new name is ext_mem_clk.
RUN-1002 : start command "get_ports clk"
RUN-1002 : start command "get_pins sys_pll_m0/pll_inst.clkc[2]"
RUN-1002 : start command "rename_clock -name flash_sys_clk -source  -master_clock clk "
RUN-1105 : Rename Clock: clock sys_pll_m0/pll_inst.clkc[2] was renamed, new name is flash_sys_clk.
RUN-1002 : start command "get_ports clk"
RUN-1002 : start command "get_pins video_pll_m0/pll_inst.clkc[0]"
RUN-1002 : start command "rename_clock -name video_clk -source  -master_clock clk "
RUN-1105 : Rename Clock: clock video_pll_m0/pll_inst.clkc[0] was renamed, new name is video_clk.
RUN-1002 : start command "read_sdc -ip afifo_16_256 ../../al_ip/afifo_16_256.tcl"
RUN-1002 : start command "get_ports clkw"
RUN-1002 : start command "get_nets  clkw  "
RUN-1002 : start command "get_clocks -nowarn -of nets 1602022801408"
RUN-1002 : start command "get_ports clkr"
RUN-1002 : start command "get_nets  clkr  "
RUN-1002 : start command "get_clocks -nowarn -of nets 25421911425024"
RUN-1002 : start command "get_property -nowarn -max PERIOD "
RUN-1002 : start command "get_property -nowarn -max PERIOD "
RUN-1002 : start command "get_regs rd_to_wr_cross_inst/primary_addr_gray_reg[*]"
RUN-1002 : start command "get_regs rd_to_wr_cross_inst/sync_r1[*]"
RUN-1002 : start command "set_max_delay -from  -to  9.6999999999999993 -datapath_only"
RUN-1002 : start command "get_regs rd_to_wr_cross_inst/primary_addr_gray_reg[*]"
RUN-1002 : start command "get_regs rd_to_wr_cross_inst/sync_r1[*]"
RUN-1002 : start command "set_false_path -from  -to  -hold 9.6999999999999993"
USR-1002 : set_false_path -help -setup -hold -from <list> -rise_from <list> -fall_from <list> -to <list> -rise_to <list> -fall_to <list> -through <list>
RUN-1002 : start command "get_regs wr_to_rd_cross_inst/primary_addr_gray_reg[*]"
RUN-1002 : start command "get_regs wr_to_rd_cross_inst/sync_r1[*]"
RUN-1002 : start command "set_max_delay -from  -to  9.6999999999999993 -datapath_only"
RUN-1002 : start command "get_regs wr_to_rd_cross_inst/primary_addr_gray_reg[*]"
RUN-1002 : start command "get_regs wr_to_rd_cross_inst/sync_r1[*]"
RUN-1002 : start command "set_false_path -from  -to  -hold 9.6999999999999993"
USR-1002 : set_false_path -help -setup -hold -from <list> -rise_from <list> -fall_from <list> -to <list> -rise_to <list> -fall_to <list> -through <list>
RUN-1002 : start command "get_ports clkw"
RUN-1002 : start command "get_nets  clkw  "
RUN-1002 : start command "get_clocks -nowarn -of nets 31396210933760"
RUN-1002 : start command "get_ports clkr"
RUN-1002 : start command "get_nets  clkr  "
RUN-1002 : start command "get_clocks -nowarn -of nets 1602022801408"
RUN-1002 : start command "get_property -nowarn -max PERIOD "
RUN-1002 : start command "get_property -nowarn -max PERIOD "
RUN-1002 : start command "get_regs rd_to_wr_cross_inst/primary_addr_gray_reg[*]"
RUN-1002 : start command "get_regs rd_to_wr_cross_inst/sync_r1[*]"
RUN-1002 : start command "set_max_delay -from  -to  9.6999999999999993 -datapath_only"
RUN-1002 : start command "get_regs rd_to_wr_cross_inst/primary_addr_gray_reg[*]"
RUN-1002 : start command "get_regs rd_to_wr_cross_inst/sync_r1[*]"
RUN-1002 : start command "set_false_path -from  -to  -hold 9.6999999999999993"
USR-1002 : set_false_path -help -setup -hold -from <list> -rise_from <list> -fall_from <list> -to <list> -rise_to <list> -fall_to <list> -through <list>
RUN-1002 : start command "get_regs wr_to_rd_cross_inst/primary_addr_gray_reg[*]"
RUN-1002 : start command "get_regs wr_to_rd_cross_inst/sync_r1[*]"
RUN-1002 : start command "set_max_delay -from  -to  9.6999999999999993 -datapath_only"
RUN-1002 : start command "get_regs wr_to_rd_cross_inst/primary_addr_gray_reg[*]"
RUN-1002 : start command "get_regs wr_to_rd_cross_inst/sync_r1[*]"
RUN-1002 : start command "set_false_path -from  -to  -hold 9.6999999999999993"
USR-1002 : set_false_path -help -setup -hold -from <list> -rise_from <list> -fall_from <list> -to <list> -rise_to <list> -fall_to <list> -through <list>
RUN-1002 : start command "get_ports clkw"
RUN-1002 : start command "get_nets  clkw  "
RUN-1002 : start command "get_clocks -nowarn -of nets 1602022801408"
RUN-1002 : start command "get_ports clkr"
RUN-1002 : start command "get_nets  clkr  "
RUN-1002 : start command "get_clocks -nowarn -of nets 38319698214912"
RUN-1002 : start command "get_property -nowarn -max PERIOD "
RUN-1002 : start command "get_property -nowarn -max PERIOD "
RUN-1002 : start command "get_regs rd_to_wr_cross_inst/primary_addr_gray_reg[*]"
RUN-1002 : start command "get_regs rd_to_wr_cross_inst/sync_r1[*]"
RUN-1002 : start command "set_max_delay -from  -to  9.6999999999999993 -datapath_only"
RUN-1002 : start command "get_regs rd_to_wr_cross_inst/primary_addr_gray_reg[*]"
RUN-1002 : start command "get_regs rd_to_wr_cross_inst/sync_r1[*]"
RUN-1002 : start command "set_false_path -from  -to  -hold 9.6999999999999993"
USR-1002 : set_false_path -help -setup -hold -from <list> -rise_from <list> -fall_from <list> -to <list> -rise_to <list> -fall_to <list> -through <list>
RUN-1002 : start command "get_regs wr_to_rd_cross_inst/primary_addr_gray_reg[*]"
RUN-1002 : start command "get_regs wr_to_rd_cross_inst/sync_r1[*]"
RUN-1002 : start command "set_max_delay -from  -to  9.6999999999999993 -datapath_only"
RUN-1002 : start command "get_regs wr_to_rd_cross_inst/primary_addr_gray_reg[*]"
RUN-1002 : start command "get_regs wr_to_rd_cross_inst/sync_r1[*]"
RUN-1002 : start command "set_false_path -from  -to  -hold 9.6999999999999993"
USR-1002 : set_false_path -help -setup -hold -from <list> -rise_from <list> -fall_from <list> -to <list> -rise_to <list> -fall_to <list> -through <list>
RUN-1002 : start command "get_ports clkw"
RUN-1002 : start command "get_nets  clkw  "
RUN-1002 : start command "get_clocks -nowarn -of nets 38319698214912"
RUN-1002 : start command "get_ports clkr"
RUN-1002 : start command "get_nets  clkr  "
RUN-1002 : start command "get_clocks -nowarn -of nets 1602022801408"
RUN-1002 : start command "get_property -nowarn -max PERIOD "
RUN-1002 : start command "get_property -nowarn -max PERIOD "
RUN-1002 : start command "get_regs rd_to_wr_cross_inst/primary_addr_gray_reg[*]"
RUN-1002 : start command "get_regs rd_to_wr_cross_inst/sync_r1[*]"
RUN-1002 : start command "set_max_delay -from  -to  9.6999999999999993 -datapath_only"
RUN-1002 : start command "get_regs rd_to_wr_cross_inst/primary_addr_gray_reg[*]"
RUN-1002 : start command "get_regs rd_to_wr_cross_inst/sync_r1[*]"
RUN-1002 : start command "set_false_path -from  -to  -hold 9.6999999999999993"
USR-1002 : set_false_path -help -setup -hold -from <list> -rise_from <list> -fall_from <list> -to <list> -rise_to <list> -fall_to <list> -through <list>
RUN-1002 : start command "get_regs wr_to_rd_cross_inst/primary_addr_gray_reg[*]"
RUN-1002 : start command "get_regs wr_to_rd_cross_inst/sync_r1[*]"
RUN-1002 : start command "set_max_delay -from  -to  9.6999999999999993 -datapath_only"
RUN-1002 : start command "get_regs wr_to_rd_cross_inst/primary_addr_gray_reg[*]"
RUN-1002 : start command "get_regs wr_to_rd_cross_inst/sync_r1[*]"
RUN-1002 : start command "set_false_path -from  -to  -hold 9.6999999999999993"
USR-1002 : set_false_path -help -setup -hold -from <list> -rise_from <list> -fall_from <list> -to <list> -rise_to <list> -fall_to <list> -through <list>
RUN-1002 : start command "place"
RUN-1001 : Open license file D:/Program/Anlogic/TD5.6.2/license/Anlogic.lic
RUN-1001 : Print Global Property
RUN-1001 : ---------------------------------------------------------------
RUN-1001 :        Parameters        |  Settings  |  Default Values  |  Note  
RUN-1001 : ---------------------------------------------------------------
RUN-1001 :          message         |  standard  |     standard     |        
RUN-1001 :   mixed_pack_place_flow  |     on     |        on        |        
RUN-1001 :        qor_monitor       |    off     |       off        |        
RUN-1001 :        syn_ip_flow       |    off     |       off        |        
RUN-1001 :          thread          |    auto    |       auto       |        
RUN-1001 : ---------------------------------------------------------------
RUN-1001 : Print Place Property
RUN-1001 : --------------------------------------------------------------
RUN-1001 :        Parameters       |  Settings  |  Default Values  |  Note  
RUN-1001 : --------------------------------------------------------------
RUN-1001 :      detailed_place     |     on     |        on        |        
RUN-1001 :          effort         |   medium   |      medium      |        
RUN-1001 :         fix_hold        |    off     |       off        |        
RUN-1001 :       legalization      |    ori     |       ori        |        
RUN-1001 :      new_spreading      |     on     |        on        |        
RUN-1001 :        opt_timing       |   medium   |      medium      |        
RUN-1001 :   post_clock_route_opt  |    off     |       off        |        
RUN-1001 :       pr_strategy       |     1      |        1         |        
RUN-1001 :        relaxation       |    1.00    |       1.00       |        
RUN-1001 :         retiming        |    off     |       off        |        
RUN-1001 : --------------------------------------------------------------
PHY-3001 : Placer runs in 16 thread(s).
RUN-1002 : start command "legalize_phy_inst"
SYN-1011 : Flatten model top
RUN-1002 : start command "phys_opt -simplify_lut"
SYN-4016 : Net frame_read_write_m0/write_buf/clkw driven by BUFG (425 clock/control pins, 1 other pins).
SYN-4016 : Net frame_read_write_m0/read_buf/clkr driven by BUFG (90 clock/control pins, 1 other pins).
SYN-4027 : Net sdram_clk_dup_1 is clkc1 of pll sys_pll_m0/pll_inst.
SYN-4027 : Net frame_read_write_m1/write_clk is clkc2 of pll sys_pll_m0/pll_inst.
SYN-4019 : Net clk_dup_1 is refclk of pll sys_pll_m0/pll_inst.
SYN-4020 : Net clk_dup_1 is fbclk of pll sys_pll_m0/pll_inst.
SYN-4019 : Net clk_dup_1 is refclk of pll video_pll_m0/pll_inst.
SYN-4020 : Net clk_dup_1 is fbclk of pll video_pll_m0/pll_inst.
SYN-4025 : Tag rtl::Net clk_dup_1 as clock net
SYN-4025 : Tag rtl::Net frame_read_write_m0/read_buf/clkr as clock net
SYN-4025 : Tag rtl::Net frame_read_write_m0/write_buf/clkw as clock net
SYN-4025 : Tag rtl::Net frame_read_write_m1/write_clk as clock net
SYN-4025 : Tag rtl::Net sdram_clk_dup_1 as clock net
SYN-4026 : Tagged 5 rtl::Net as clock net
PHY-1001 : Populate physical database on model top.
RUN-1001 : There are total 3808 instances
RUN-0007 : 1906 luts, 1354 seqs, 292 mslices, 159 lslices, 86 pads, 4 brams, 0 dsps
RUN-1001 : There are total 4589 nets
RUN-1001 : 3141 nets have 2 pins
RUN-1001 : 1071 nets have [3 - 5] pins
RUN-1001 : 218 nets have [6 - 10] pins
RUN-1001 : 74 nets have [11 - 20] pins
RUN-1001 : 78 nets have [21 - 99] pins
RUN-1001 : 7 nets have 100+ pins
RUN-1001 : Report Control nets information:
RUN-1001 : DFF Distribution
RUN-1001 : ----------------------------------
RUN-1001 :   CE   |  SSR  |  ASR  |  DFF Count  
RUN-1001 : ----------------------------------
RUN-1001 :   No   |  No   |  No   |      1      
RUN-1001 :   No   |  No   |  Yes  |     950     
RUN-1001 :   No   |  Yes  |  No   |      0      
RUN-1001 :   Yes  |  No   |  No   |     16      
RUN-1001 :   Yes  |  No   |  Yes  |     387     
RUN-1001 :   Yes  |  Yes  |  No   |      0      
RUN-1001 : ----------------------------------
RUN-0007 : Control Group Statistic
RUN-0007 : ---------------------------
RUN-0007 :   #CLK  |  #CE  |  #SSR/ASR  
RUN-0007 : ---------------------------
RUN-0007 :    5    |  32   |     16     
RUN-0007 : ---------------------------
RUN-0007 : Control Set = 53
PHY-3001 : Initial placement ...
PHY-3001 : design contains 3806 instances, 1906 luts, 1354 seqs, 451 slices, 67 macros(451 instances: 292 mslices 159 lslices)
PHY-0007 : Cell area utilization is 14%
PHY-3001 : Start timing update ...
RUN-1002 : start command "start_timer -report"
TMR-2505 : Start building timing graph for model top.
TMR-2506 : Build timing graph completely. Port num: 32, tpin num: 18039, tnet num: 4587, tinst num: 3806, tnode num: 23029, tedge num: 29351.
TMR-2508 : Levelizing timing graph completed, there are 43 levels in total.
TMR-2501 : Timing graph initialized successfully.
TMR-2503 : Start to update net delay, extr mode = 2.
TMR-2504 : Update delay of 4587 nets completely.
TMR-2502 : Annotate delay completely, extr mode = 2.
TMR-3001 : Initiate 5 clocks from SDC.
TMR-3004 : Map sdc constraints, there are 16 constraints in total.
TMR-3003 : Constraints initiated successfully.
TMR-3501 : Forward propagation: start to calculate arrival time...
TMR-3502 : Backward propagation: start to calculate required time...
TMR-3503 : Timing propagation completes.
PHY-3001 : End timing update;  0.499183s wall, 0.296875s user + 0.000000s system = 0.296875s CPU (59.5%)

PHY-3001 : Global placement ...
PHY-3001 : Initial: Len = 977545
PHY-3001 : Clustering ...
PHY-3001 : Level 0 #clusters 3806.
PHY-3001 : End clustering;  0.000007s wall, 0.000000s user + 0.000000s system = 0.000000s CPU (n/a%)

PHY-3001 : Run with size of 4
PHY-3001 : Cell area utilization is 14%
PHY-3001 : :::0::: Try harder cell spreading with beta_ = 0
PHY-3002 : Step(1): len = 792372, overlap = 9
PHY-3002 : Step(2): len = 659564, overlap = 6.75
PHY-3002 : Step(3): len = 572718, overlap = 9
PHY-3002 : Step(4): len = 502644, overlap = 9
PHY-3002 : Step(5): len = 417822, overlap = 9.25
PHY-3002 : Step(6): len = 360051, overlap = 12.25
PHY-3002 : Step(7): len = 322619, overlap = 13.4375
PHY-3002 : Step(8): len = 274264, overlap = 21.8438
PHY-3002 : Step(9): len = 253310, overlap = 18.0312
PHY-3002 : Step(10): len = 225859, overlap = 20.125
PHY-3002 : Step(11): len = 205428, overlap = 19.1875
PHY-3002 : Step(12): len = 186368, overlap = 23.6875
PHY-3002 : Step(13): len = 174595, overlap = 34.375
PHY-3002 : Step(14): len = 162694, overlap = 42.7188
PHY-3002 : Step(15): len = 150730, overlap = 46.2188
PHY-3002 : Step(16): len = 141419, overlap = 47.75
PHY-3002 : Step(17): len = 134722, overlap = 49.7812
PHY-3001 : :::1::: Try harder cell spreading with beta_ = 0.000112743
PHY-3002 : Step(18): len = 136690, overlap = 35.7188
PHY-3002 : Step(19): len = 139726, overlap = 26.1562
PHY-3002 : Step(20): len = 131232, overlap = 29.1875
PHY-3002 : Step(21): len = 127091, overlap = 26.2812
PHY-3002 : Step(22): len = 126109, overlap = 25.5312
PHY-3002 : Step(23): len = 122503, overlap = 23.9062
PHY-3002 : Step(24): len = 121005, overlap = 21.4062
PHY-3002 : Step(25): len = 118213, overlap = 21.5312
PHY-3002 : Step(26): len = 115545, overlap = 18.5
PHY-3002 : Step(27): len = 114026, overlap = 21.0938
PHY-3002 : Step(28): len = 111794, overlap = 24.0312
PHY-3002 : Step(29): len = 110940, overlap = 30.0938
PHY-3002 : Step(30): len = 108778, overlap = 24.5625
PHY-3002 : Step(31): len = 107385, overlap = 24.4688
PHY-3002 : Step(32): len = 105680, overlap = 25.8438
PHY-3002 : Step(33): len = 104714, overlap = 22.8438
PHY-3002 : Step(34): len = 103056, overlap = 24.8438
PHY-3002 : Step(35): len = 101439, overlap = 25.0625
PHY-3002 : Step(36): len = 100326, overlap = 25.4688
PHY-3002 : Step(37): len = 99497.8, overlap = 24.4062
PHY-3002 : Step(38): len = 98869.1, overlap = 27.4688
PHY-3002 : Step(39): len = 97222.4, overlap = 26.125
PHY-3002 : Step(40): len = 96556.2, overlap = 25.4062
PHY-3002 : Step(41): len = 95483, overlap = 27.1875
PHY-3002 : Step(42): len = 94466.4, overlap = 25.9688
PHY-3002 : Step(43): len = 93251.8, overlap = 28.3125
PHY-3001 : :::2::: Try harder cell spreading with beta_ = 0.000225485
PHY-3002 : Step(44): len = 93337.9, overlap = 28.3125
PHY-3002 : Step(45): len = 93303.2, overlap = 30.0312
PHY-3001 : :::3::: Try harder cell spreading with beta_ = 0.000450971
PHY-3002 : Step(46): len = 93019.9, overlap = 30.1562
PHY-3002 : Step(47): len = 92963.5, overlap = 30.3125
PHY-3001 : :::4::: Try harder cell spreading with beta_ = 0.000851491
PHY-3002 : Step(48): len = 93320, overlap = 27.5
PHY-3002 : Step(49): len = 94247.9, overlap = 25.7812
PHY-3001 : :::5::: Try harder cell spreading with beta_ = 0.00170298
PHY-3002 : Step(50): len = 93562, overlap = 28.1562
PHY-3002 : Step(51): len = 93395.5, overlap = 28.1562
PHY-3001 : Legalization ...
PHY-3001 : End legalization;  0.005235s wall, 0.000000s user + 0.000000s system = 0.000000s CPU (n/a%)

PHY-3001 : Run with size of 4
PHY-3001 : Cell area utilization is 18%
PHY-3001 : Update timing in Manhattan mode ...
TMR-2503 : Start to update net delay, extr mode = 3.
TMR-2504 : Update delay of 4587 nets completely.
TMR-2502 : Annotate delay completely, extr mode = 3.
TMR-3501 : Forward propagation: start to calculate arrival time...
TMR-3502 : Backward propagation: start to calculate required time...
TMR-3503 : Timing propagation completes.
PHY-3001 : End timing update;  0.100355s wall, 0.062500s user + 0.000000s system = 0.062500s CPU (62.3%)

PHY-3001 : :::0::: Try harder cell spreading with beta_ = 2.80942e-05
PHY-3002 : Step(52): len = 96757.2, overlap = 52.1562
PHY-3002 : Step(53): len = 97002, overlap = 50.625
PHY-3002 : Step(54): len = 97177, overlap = 45.3438
PHY-3002 : Step(55): len = 96939.7, overlap = 45.2812
PHY-3002 : Step(56): len = 95768.1, overlap = 47.9062
PHY-3002 : Step(57): len = 95559.1, overlap = 48.4062
PHY-3002 : Step(58): len = 94285, overlap = 49
PHY-3002 : Step(59): len = 93776.8, overlap = 48.2812
PHY-3002 : Step(60): len = 93292.1, overlap = 48.4062
PHY-3002 : Step(61): len = 92504.5, overlap = 51.0625
PHY-3002 : Step(62): len = 92386.7, overlap = 50.0938
PHY-3002 : Step(63): len = 91663.1, overlap = 49.1562
PHY-3002 : Step(64): len = 91414.3, overlap = 48.4062
PHY-3002 : Step(65): len = 91083.8, overlap = 51.9375
PHY-3002 : Step(66): len = 90680.4, overlap = 54.9062
PHY-3002 : Step(67): len = 90012, overlap = 58.0938
PHY-3001 : :::1::: Try harder cell spreading with beta_ = 5.61884e-05
PHY-3002 : Step(68): len = 89845.1, overlap = 57.1875
PHY-3002 : Step(69): len = 89845.1, overlap = 57.1875
PHY-3001 : :::2::: Try harder cell spreading with beta_ = 0.000112377
PHY-3002 : Step(70): len = 91080, overlap = 57.2812
PHY-3002 : Step(71): len = 91587.8, overlap = 56.9375
PHY-3002 : Step(72): len = 93539.4, overlap = 55.6562
PHY-3002 : Step(73): len = 93557.3, overlap = 55.4375
PHY-3002 : Step(74): len = 93693.5, overlap = 55.3125
PHY-3001 : Run with size of 2
PHY-3001 : Cell area utilization is 18%
PHY-3001 : Update timing in Manhattan mode ...
TMR-2503 : Start to update net delay, extr mode = 3.
TMR-2504 : Update delay of 4587 nets completely.
TMR-2502 : Annotate delay completely, extr mode = 3.
TMR-3501 : Forward propagation: start to calculate arrival time...
TMR-3502 : Backward propagation: start to calculate required time...
TMR-3503 : Timing propagation completes.
PHY-3001 : End timing update;  0.114634s wall, 0.046875s user + 0.000000s system = 0.046875s CPU (40.9%)

PHY-3001 : :::0::: Try harder cell spreading with beta_ = 7.61e-05
PHY-3002 : Step(75): len = 94633.7, overlap = 132.781
PHY-3002 : Step(76): len = 95527.9, overlap = 128.625
PHY-3002 : Step(77): len = 95591.6, overlap = 121.625
PHY-3002 : Step(78): len = 95918.4, overlap = 119.875
PHY-3002 : Step(79): len = 96179.4, overlap = 112.969
PHY-3002 : Step(80): len = 95684.8, overlap = 109.031
PHY-3002 : Step(81): len = 95703, overlap = 106.344
PHY-3002 : Step(82): len = 95162.9, overlap = 105.031
PHY-3001 : :::1::: Try harder cell spreading with beta_ = 0.0001522
PHY-3002 : Step(83): len = 96402.7, overlap = 103.031
PHY-3002 : Step(84): len = 96801.2, overlap = 99
PHY-3002 : Step(85): len = 97161.9, overlap = 96.0938
PHY-3001 : :::2::: Try harder cell spreading with beta_ = 0.0003044
PHY-3002 : Step(86): len = 98251.5, overlap = 95.4375
PHY-3002 : Step(87): len = 98576.5, overlap = 95.1562
PHY-3001 : :::3::: Try harder cell spreading with beta_ = 0.0006088
PHY-3002 : Step(88): len = 100005, overlap = 92.9375
PHY-3002 : Step(89): len = 101542, overlap = 90.1562
PHY-3002 : Step(90): len = 102296, overlap = 87.3438
PHY-3001 : :::4::: Try harder cell spreading with beta_ = 0.0012176
PHY-3002 : Step(91): len = 101649, overlap = 86.1562
PHY-3002 : Step(92): len = 101649, overlap = 86.1562
PHY-3001 : :::5::: Try harder cell spreading with beta_ = 0.0024352
PHY-3002 : Step(93): len = 102480, overlap = 85.7812
PHY-3002 : Step(94): len = 103046, overlap = 84.3438
PHY-3001 : :::6::: Try harder cell spreading with beta_ = 0.0048704
PHY-3002 : Step(95): len = 103111, overlap = 85.5938
PHY-3002 : Step(96): len = 103223, overlap = 85.25
PHY-3001 : :::7::: Try harder cell spreading with beta_ = 0.0078803
PHY-3002 : Step(97): len = 103479, overlap = 84.6875
PHY-3002 : Step(98): len = 103498, overlap = 84.2812
PHY-3001 : :::8::: Try harder cell spreading with beta_ = 0.0157606
PHY-3002 : Step(99): len = 103597, overlap = 83.9062
PHY-3002 : Step(100): len = 103767, overlap = 82
PHY-3001 : :::9::: Try harder cell spreading with beta_ = 0.0315053
PHY-3002 : Step(101): len = 103816, overlap = 81.0312
PHY-3002 : Step(102): len = 103922, overlap = 82.0312
PHY-3001 : :::10::: Try harder cell spreading with beta_ = 0.0630106
PHY-3002 : Step(103): len = 103902, overlap = 81.4375
PHY-3002 : Step(104): len = 103894, overlap = 81.3438
PHY-3001 : :::11::: Try harder cell spreading with beta_ = 0.102441
PHY-3002 : Step(105): len = 103838, overlap = 80.5312
PHY-3002 : Step(106): len = 103811, overlap = 80.625
PHY-3001 : :::12::: Try harder cell spreading with beta_ = 0.204883
PHY-3002 : Step(107): len = 103748, overlap = 80.8438
PHY-3002 : Step(108): len = 103748, overlap = 80.8438
OPT-1001 : Start physical optimization ...
RUN-1002 : start command "start_timer -report"
TMR-2505 : Start building timing graph for model top.
TMR-2506 : Build timing graph completely. Port num: 32, tpin num: 18039, tnet num: 4587, tinst num: 3806, tnode num: 23029, tedge num: 29351.
TMR-2508 : Levelizing timing graph completed, there are 43 levels in total.
TMR-2501 : Timing graph initialized successfully.
OPT-1001 : Total overflow 237.78 peak overflow 3.94
OPT-1001 : Start high-fanout net optimization ...
OPT-1001 : Update timing in global mode
PHY-1001 : Start incremental global routing, caller is place ...
RUN-1001 : Generating global routing grids ...
RUN-1001 : Building simple global routing graph ...
PHY-1001 : Generate routing nets ...
PHY-1001 : Reuse net number 0/4589.
PHY-1001 : Global iterations in 16 thread ...
PHY-1002 : len = 120184, over cnt = 466(1%), over = 1550, worst = 16
PHY-1001 : End global iterations;  0.122682s wall, 0.031250s user + 0.000000s system = 0.031250s CPU (25.5%)

PHY-1001 : Congestion index: top1 = 44.05, top5 = 30.09, top10 = 23.85, top15 = 19.73.
PHY-1001 : End incremental global routing;  0.172964s wall, 0.046875s user + 0.000000s system = 0.046875s CPU (27.1%)

TMR-2503 : Start to update net delay, extr mode = 5.
TMR-2504 : Update delay of 4587 nets completely.
TMR-2502 : Annotate delay completely, extr mode = 5.
TMR-3001 : Initiate 5 clocks from SDC.
TMR-3004 : Map sdc constraints, there are 16 constraints in total.
TMR-3003 : Constraints initiated successfully.
TMR-3501 : Forward propagation: start to calculate arrival time...
TMR-3502 : Backward propagation: start to calculate required time...
TMR-3503 : Timing propagation completes.
OPT-1001 : End timing update;  0.110546s wall, 0.078125s user + 0.000000s system = 0.078125s CPU (70.7%)

OPT-1001 : 2 high-fanout net processed.
PHY-3001 : Start incremental placement ...
PHY-1001 : Populate physical database on model top.
PHY-3001 : Initial placement ...
PHY-3001 : eco special cells: 1 has valid locations, 0 needs to be replaced
PHY-3001 : eco pad cells: 86 has valid locations, 0 needs to be replaced
PHY-3001 : eco cells: 3713 has valid locations, 21 needs to be replaced
PHY-3001 : design contains 3825 instances, 1923 luts, 1356 seqs, 451 slices, 67 macros(451 instances: 292 mslices 159 lslices)
PHY-3001 : Global placement ...
PHY-3001 : Initial: Len = 104449
PHY-3001 : Run with size of 4
PHY-3001 : Cell area utilization is 18%
PHY-3001 : Update timing in Manhattan mode ...
RUN-1002 : start command "start_timer -report"
TMR-2505 : Start building timing graph for model top.
TMR-2506 : Build timing graph completely. Port num: 32, tpin num: 18098, tnet num: 4606, tinst num: 3825, tnode num: 23094, tedge num: 29431.
TMR-2508 : Levelizing timing graph completed, there are 43 levels in total.
TMR-2501 : Timing graph initialized successfully.
TMR-2503 : Start to update net delay, extr mode = 3.
TMR-2504 : Update delay of 4606 nets completely.
TMR-2502 : Annotate delay completely, extr mode = 3.
TMR-3001 : Initiate 5 clocks from SDC.
TMR-3004 : Map sdc constraints, there are 16 constraints in total.
TMR-3003 : Constraints initiated successfully.
TMR-3501 : Forward propagation: start to calculate arrival time...
TMR-3502 : Backward propagation: start to calculate required time...
TMR-3503 : Timing propagation completes.
PHY-3001 : End timing update;  0.530790s wall, 0.265625s user + 0.000000s system = 0.265625s CPU (50.0%)

PHY-3001 : :::0::: Try harder cell spreading with beta_ = 0
PHY-3002 : Step(109): len = 104869, overlap = 2.9375
PHY-3002 : Step(110): len = 105394, overlap = 3
PHY-3002 : Step(111): len = 105685, overlap = 2.8125
PHY-3002 : Step(112): len = 105872, overlap = 2.8125
PHY-3001 : Run with size of 2
PHY-3001 : Cell area utilization is 18%
PHY-3001 : Update timing in Manhattan mode ...
TMR-2503 : Start to update net delay, extr mode = 3.
TMR-2504 : Update delay of 4606 nets completely.
TMR-2502 : Annotate delay completely, extr mode = 3.
TMR-3501 : Forward propagation: start to calculate arrival time...
TMR-3502 : Backward propagation: start to calculate required time...
TMR-3503 : Timing propagation completes.
PHY-3001 : End timing update;  0.105064s wall, 0.015625s user + 0.000000s system = 0.015625s CPU (14.9%)

PHY-3001 : :::0::: Try harder cell spreading with beta_ = 0.000331098
PHY-3002 : Step(113): len = 105587, overlap = 81.3125
PHY-3002 : Step(114): len = 105501, overlap = 81.25
PHY-3001 : :::1::: Try harder cell spreading with beta_ = 0.000662195
PHY-3002 : Step(115): len = 105525, overlap = 81.2188
PHY-3002 : Step(116): len = 105525, overlap = 81.2188
PHY-3001 : Final: Len = 105525, Over = 81.2188
PHY-3001 : End incremental placement;  0.779069s wall, 0.312500s user + 0.000000s system = 0.312500s CPU (40.1%)

OPT-1001 : Total overflow 238.72 peak overflow 3.94
OPT-1001 : End high-fanout net optimization;  1.128097s wall, 0.468750s user + 0.000000s system = 0.468750s CPU (41.6%)

OPT-1001 : Current memory(MB): used = 262, reserve = 237, peak = 265.
OPT-1001 : Start global optimization ...
OPT-1001 : Start congestion update ...
RUN-1001 : Generating global routing grids ...
PHY-1001 : Generate routing nets ...
PHY-1001 : Reuse net number 3066/4608.
PHY-1001 : Global iterations in 16 thread ...
PHY-1002 : len = 121376, over cnt = 468(1%), over = 1523, worst = 16
PHY-1002 : len = 130752, over cnt = 298(0%), over = 686, worst = 16
PHY-1002 : len = 136992, over cnt = 108(0%), over = 235, worst = 7
PHY-1002 : len = 139072, over cnt = 21(0%), over = 52, worst = 5
PHY-1002 : len = 139848, over cnt = 0(0%), over = 0, worst = 0
PHY-1001 : End global iterations;  0.129138s wall, 0.031250s user + 0.000000s system = 0.031250s CPU (24.2%)

PHY-1001 : Congestion index: top1 = 39.59, top5 = 29.10, top10 = 24.20, top15 = 20.88.
OPT-1001 : End congestion update;  0.176376s wall, 0.062500s user + 0.000000s system = 0.062500s CPU (35.4%)

OPT-1001 : Update timing in Manhattan mode
TMR-2503 : Start to update net delay, extr mode = 3.
TMR-2504 : Update delay of 4606 nets completely.
TMR-2502 : Annotate delay completely, extr mode = 3.
TMR-3501 : Forward propagation: start to calculate arrival time...
TMR-3502 : Backward propagation: start to calculate required time...
TMR-3503 : Timing propagation completes.
OPT-1001 : End timing update;  0.101129s wall, 0.031250s user + 0.000000s system = 0.031250s CPU (30.9%)

OPT-0007 : Start: WNS 1445 TNS 0 NUM_FEPS 0
OPT-0007 : Iter 1: improved WNS 1445 TNS 0 NUM_FEPS 0 with 12 cells processed and 1034 slack improved
OPT-0007 : Iter 2: improved WNS 1445 TNS 0 NUM_FEPS 0 with 4 cells processed and 100 slack improved
OPT-1001 : End global optimization;  0.284316s wall, 0.093750s user + 0.000000s system = 0.093750s CPU (33.0%)

OPT-1001 : Current memory(MB): used = 256, reserve = 233, peak = 265.
OPT-1001 : End physical optimization;  1.908503s wall, 0.875000s user + 0.000000s system = 0.875000s CPU (45.8%)

PHY-3001 : Start packing ...
SYN-4007 : Packing 0 MUX to BLE ...
SYN-4008 : Packed 0 MUX and 0 SEQ to BLE.
SYN-4007 : Packing 1923 LUT to BLE ...
SYN-4008 : Packed 1923 LUT and 1036 SEQ to BLE.
SYN-4003 : Packing 320 remaining SEQ's ...
SYN-4005 : Packed 168 SEQ with LUT/SLICE
SYN-4006 : 755 single LUT's are left
SYN-4006 : 152 single SEQ's are left
SYN-4011 : Packing model "top" (AL_USER_NORMAL) with 2075/2879 primitive instances ...
PHY-3001 : End packing;  0.097697s wall, 0.078125s user + 0.000000s system = 0.078125s CPU (80.0%)

PHY-1001 : Populate physical database on model top.
RUN-1001 : There are total 1659 instances
RUN-1001 : 781 mslices, 781 lslices, 86 pads, 4 brams, 0 dsps
RUN-1001 : There are total 3662 nets
RUN-1001 : 2239 nets have 2 pins
RUN-1001 : 1029 nets have [3 - 5] pins
RUN-1001 : 219 nets have [6 - 10] pins
RUN-1001 : 85 nets have [11 - 20] pins
RUN-1001 : 84 nets have [21 - 99] pins
RUN-1001 : 6 nets have 100+ pins
PHY-3001 : design contains 1657 instances, 1562 slices, 67 macros(451 instances: 292 mslices 159 lslices)
PHY-3001 : Cell area utilization is 20%
PHY-3001 : After packing: Len = 103463, Over = 108.25
PHY-3001 : Run with size of 2
PHY-3001 : Cell area utilization is 20%
PHY-3001 : Update timing in Manhattan mode ...
RUN-1002 : start command "start_timer -report"
TMR-2505 : Start building timing graph for model top.
TMR-2506 : Build timing graph completely. Port num: 32, tpin num: 15062, tnet num: 3660, tinst num: 1657, tnode num: 18812, tedge num: 26036.
TMR-2508 : Levelizing timing graph completed, there are 41 levels in total.
TMR-2501 : Timing graph initialized successfully.
TMR-2503 : Start to update net delay, extr mode = 3.
TMR-2504 : Update delay of 3660 nets completely.
TMR-2502 : Annotate delay completely, extr mode = 3.
TMR-3001 : Initiate 5 clocks from SDC.
TMR-3004 : Map sdc constraints, there are 16 constraints in total.
TMR-3003 : Constraints initiated successfully.
TMR-3501 : Forward propagation: start to calculate arrival time...
TMR-3502 : Backward propagation: start to calculate required time...
TMR-3503 : Timing propagation completes.
PHY-3001 : End timing update;  0.537916s wall, 0.281250s user + 0.015625s system = 0.296875s CPU (55.2%)

PHY-3001 : :::0::: Try harder cell spreading with beta_ = 6.78669e-05
PHY-3002 : Step(117): len = 100684, overlap = 110.75
PHY-3002 : Step(118): len = 99222.9, overlap = 116.5
PHY-3002 : Step(119): len = 98365.3, overlap = 116.75
PHY-3002 : Step(120): len = 98053.6, overlap = 117.5
PHY-3002 : Step(121): len = 98080.8, overlap = 118
PHY-3001 : :::1::: Try harder cell spreading with beta_ = 0.000135734
PHY-3002 : Step(122): len = 99771.7, overlap = 114.25
PHY-3002 : Step(123): len = 100990, overlap = 107.5
PHY-3002 : Step(124): len = 101559, overlap = 106.25
PHY-3001 : :::2::: Try harder cell spreading with beta_ = 0.000271468
PHY-3002 : Step(125): len = 103370, overlap = 98
PHY-3002 : Step(126): len = 104311, overlap = 96.25
PHY-3002 : Step(127): len = 104893, overlap = 94.75
PHY-3002 : Step(128): len = 105432, overlap = 91.25
PHY-3002 : Step(129): len = 106080, overlap = 89
PHY-3001 : Legalization ...
PHY-3001 : End legalization;  0.169138s wall, 0.000000s user + 0.000000s system = 0.000000s CPU (n/a%)

PHY-3001 : Trial Legalized: Len = 134043
PHY-3001 : Run with size of 2
PHY-3001 : Cell area utilization is 19%
PHY-3001 : Update timing in Manhattan mode ...
TMR-2503 : Start to update net delay, extr mode = 3.
TMR-2504 : Update delay of 3660 nets completely.
TMR-2502 : Annotate delay completely, extr mode = 3.
TMR-3501 : Forward propagation: start to calculate arrival time...
TMR-3502 : Backward propagation: start to calculate required time...
TMR-3503 : Timing propagation completes.
PHY-3001 : End timing update;  0.080354s wall, 0.000000s user + 0.000000s system = 0.000000s CPU (n/a%)

PHY-3001 : :::0::: Try harder cell spreading with beta_ = 0.000576425
PHY-3002 : Step(130): len = 126156, overlap = 12.5
PHY-3002 : Step(131): len = 120564, overlap = 22.5
PHY-3002 : Step(132): len = 116483, overlap = 31.75
PHY-3002 : Step(133): len = 113466, overlap = 40.25
PHY-3002 : Step(134): len = 111528, overlap = 45.25
PHY-3002 : Step(135): len = 110267, overlap = 47.5
PHY-3002 : Step(136): len = 109701, overlap = 49.75
PHY-3001 : :::1::: Try harder cell spreading with beta_ = 0.00115285
PHY-3002 : Step(137): len = 110434, overlap = 47.5
PHY-3002 : Step(138): len = 110888, overlap = 45.25
PHY-3002 : Step(139): len = 111060, overlap = 45.25
PHY-3001 : :::2::: Try harder cell spreading with beta_ = 0.0023057
PHY-3002 : Step(140): len = 111508, overlap = 44
PHY-3002 : Step(141): len = 112225, overlap = 42.5
PHY-3001 : Legalization ...
PHY-3001 : End legalization;  0.004898s wall, 0.000000s user + 0.000000s system = 0.000000s CPU (n/a%)

PHY-3001 : Legalized: Len = 124186, Over = 0
PHY-3001 : Spreading special nets. 30 overflows in 2952 tiles.
PHY-3001 : End spreading;  0.008058s wall, 0.000000s user + 0.000000s system = 0.000000s CPU (n/a%)

PHY-3001 : 38 instances has been re-located, deltaX = 23, deltaY = 12, maxDist = 2.
PHY-3001 : Final: Len = 124878, Over = 0
OPT-1001 : Start physical optimization ...
RUN-1002 : start command "start_timer -report"
TMR-2505 : Start building timing graph for model top.
TMR-2506 : Build timing graph completely. Port num: 32, tpin num: 15062, tnet num: 3660, tinst num: 1657, tnode num: 18812, tedge num: 26036.
TMR-2508 : Levelizing timing graph completed, there are 41 levels in total.
TMR-2501 : Timing graph initialized successfully.
OPT-1001 : Total overflow 0.00 peak overflow 0.00
OPT-1001 : Start high-fanout net optimization ...
OPT-1001 : Update timing in global mode
PHY-1001 : Start incremental global routing, caller is place ...
RUN-1001 : Generating global routing grids ...
PHY-1001 : Generate routing nets ...
PHY-1001 : Reuse net number 100/3662.
PHY-1001 : Global iterations in 16 thread ...
PHY-1002 : len = 146584, over cnt = 302(0%), over = 489, worst = 5
PHY-1002 : len = 148520, over cnt = 190(0%), over = 263, worst = 4
PHY-1002 : len = 150200, over cnt = 98(0%), over = 122, worst = 4
PHY-1002 : len = 151272, over cnt = 26(0%), over = 31, worst = 3
PHY-1002 : len = 151680, over cnt = 0(0%), over = 0, worst = 0
PHY-1001 : End global iterations;  0.216169s wall, 0.031250s user + 0.000000s system = 0.031250s CPU (14.5%)

PHY-1001 : Congestion index: top1 = 30.88, top5 = 24.96, top10 = 21.82, top15 = 19.51.
PHY-1001 : End incremental global routing;  0.278007s wall, 0.078125s user + 0.000000s system = 0.078125s CPU (28.1%)

TMR-2503 : Start to update net delay, extr mode = 5.
TMR-2504 : Update delay of 3660 nets completely.
TMR-2502 : Annotate delay completely, extr mode = 5.
TMR-3001 : Initiate 5 clocks from SDC.
TMR-3004 : Map sdc constraints, there are 16 constraints in total.
TMR-3003 : Constraints initiated successfully.
TMR-3501 : Forward propagation: start to calculate arrival time...
TMR-3502 : Backward propagation: start to calculate required time...
TMR-3503 : Timing propagation completes.
OPT-1001 : End timing update;  0.095988s wall, 0.015625s user + 0.000000s system = 0.015625s CPU (16.3%)

OPT-1001 : 2 high-fanout net processed.
PHY-3001 : Start incremental placement ...
PHY-1001 : Populate physical database on model top.
PHY-3001 : Initial placement ...
PHY-3001 : eco special cells: 1 has valid locations, 0 needs to be replaced
PHY-3001 : eco pad cells: 86 has valid locations, 0 needs to be replaced
PHY-3001 : eco cells: 1564 has valid locations, 8 needs to be replaced
PHY-3001 : design contains 1663 instances, 1568 slices, 67 macros(451 instances: 292 mslices 159 lslices)
PHY-3001 : Global placement ...
PHY-3001 : Initial: Len = 125387
PHY-3001 : Run with size of 4
PHY-3001 : Cell area utilization is 20%
PHY-3001 : Update timing in Manhattan mode ...
RUN-1002 : start command "start_timer -report"
TMR-2505 : Start building timing graph for model top.
TMR-2506 : Build timing graph completely. Port num: 32, tpin num: 15111, tnet num: 3664, tinst num: 1663, tnode num: 18877, tedge num: 26105.
TMR-2508 : Levelizing timing graph completed, there are 41 levels in total.
TMR-2501 : Timing graph initialized successfully.
TMR-2503 : Start to update net delay, extr mode = 3.
TMR-2504 : Update delay of 3664 nets completely.
TMR-2502 : Annotate delay completely, extr mode = 3.
TMR-3001 : Initiate 5 clocks from SDC.
TMR-3004 : Map sdc constraints, there are 16 constraints in total.
TMR-3003 : Constraints initiated successfully.
TMR-3501 : Forward propagation: start to calculate arrival time...
TMR-3502 : Backward propagation: start to calculate required time...
TMR-3503 : Timing propagation completes.
PHY-3001 : End timing update;  0.555845s wall, 0.234375s user + 0.000000s system = 0.234375s CPU (42.2%)

PHY-3001 : :::0::: Try harder cell spreading with beta_ = 0
PHY-3002 : Step(142): len = 125182, overlap = 0
PHY-3002 : Step(143): len = 125149, overlap = 0
PHY-3001 : Run with size of 2
PHY-3001 : Cell area utilization is 20%
PHY-3001 : Update timing in Manhattan mode ...
TMR-2503 : Start to update net delay, extr mode = 3.
TMR-2504 : Update delay of 3664 nets completely.
TMR-2502 : Annotate delay completely, extr mode = 3.
TMR-3501 : Forward propagation: start to calculate arrival time...
TMR-3502 : Backward propagation: start to calculate required time...
TMR-3503 : Timing propagation completes.
PHY-3001 : End timing update;  0.084257s wall, 0.015625s user + 0.000000s system = 0.015625s CPU (18.5%)

PHY-3001 : :::0::: Try harder cell spreading with beta_ = 0.00072286
PHY-3002 : Step(144): len = 125150, overlap = 0.75
PHY-3002 : Step(145): len = 125170, overlap = 0.5
PHY-3001 : Legalization ...
PHY-3001 : End legalization;  0.003788s wall, 0.000000s user + 0.000000s system = 0.000000s CPU (n/a%)

PHY-3001 : Legalized: Len = 125227, Over = 0
PHY-3001 : End spreading;  0.006289s wall, 0.000000s user + 0.000000s system = 0.000000s CPU (n/a%)

PHY-3001 : Final: Len = 125227, Over = 0
PHY-3001 : End incremental placement;  0.739600s wall, 0.265625s user + 0.015625s system = 0.281250s CPU (38.0%)

OPT-1001 : Total overflow 0.00 peak overflow 0.00
OPT-1001 : End high-fanout net optimization;  1.184640s wall, 0.468750s user + 0.015625s system = 0.484375s CPU (40.9%)

OPT-1001 : Current memory(MB): used = 267, reserve = 242, peak = 268.
OPT-1001 : Start path based optimization ...
OPT-1001 : Start congestion update ...
RUN-1001 : Generating global routing grids ...
PHY-1001 : Generate routing nets ...
PHY-1001 : Reuse net number 3112/3666.
PHY-1001 : Global iterations in 16 thread ...
PHY-1002 : len = 152048, over cnt = 15(0%), over = 18, worst = 3
PHY-1002 : len = 152128, over cnt = 5(0%), over = 5, worst = 1
PHY-1002 : len = 152136, over cnt = 4(0%), over = 4, worst = 1
PHY-1002 : len = 152176, over cnt = 0(0%), over = 0, worst = 0
PHY-1001 : End global iterations;  0.050352s wall, 0.000000s user + 0.000000s system = 0.000000s CPU (n/a%)

PHY-1001 : Congestion index: top1 = 30.88, top5 = 25.10, top10 = 21.91, top15 = 19.59.
OPT-1001 : End congestion update;  0.102093s wall, 0.046875s user + 0.000000s system = 0.046875s CPU (45.9%)

OPT-1001 : Update timing in Manhattan mode
TMR-2503 : Start to update net delay, extr mode = 3.
TMR-2504 : Update delay of 3664 nets completely.
TMR-2502 : Annotate delay completely, extr mode = 3.
TMR-3501 : Forward propagation: start to calculate arrival time...
TMR-3502 : Backward propagation: start to calculate required time...
TMR-3503 : Timing propagation completes.
OPT-1001 : End timing update;  0.080780s wall, 0.031250s user + 0.000000s system = 0.031250s CPU (38.7%)

OPT-0007 : Start: WNS 1645 TNS 0 NUM_FEPS 0
PHY-3001 : Start incremental legalization ...
PHY-1001 : Populate physical database on model top.
PHY-3001 : Initial placement ...
PHY-3001 : eco special cells: 1 has valid locations, 0 needs to be replaced
PHY-3001 : eco pad cells: 86 has valid locations, 0 needs to be replaced
PHY-3001 : eco cells: 1572 has valid locations, 0 needs to be replaced
PHY-3001 : design contains 1663 instances, 1568 slices, 67 macros(451 instances: 292 mslices 159 lslices)
PHY-3001 : Cell area utilization is 20%
PHY-3001 : Initial: Len = 125291, Over = 0
PHY-3001 : End spreading;  0.007204s wall, 0.000000s user + 0.000000s system = 0.000000s CPU (n/a%)

PHY-3001 : Final: Len = 125291, Over = 0
PHY-3001 : End incremental legalization;  0.053199s wall, 0.015625s user + 0.000000s system = 0.015625s CPU (29.4%)

OPT-0007 : Iter 1: improved WNS 1695 TNS 0 NUM_FEPS 0 with 2 cells processed and 100 slack improved
OPT-0007 : Iter 2: improved WNS 1695 TNS 0 NUM_FEPS 0 with 0 cells processed and 0 slack improved
OPT-1001 : End path based optimization;  0.252493s wall, 0.109375s user + 0.000000s system = 0.109375s CPU (43.3%)

OPT-1001 : Current memory(MB): used = 268, reserve = 243, peak = 269.
OPT-1001 : Update timing in Manhattan mode
TMR-2503 : Start to update net delay, extr mode = 3.
TMR-2504 : Update delay of 3664 nets completely.
TMR-2502 : Annotate delay completely, extr mode = 3.
TMR-3501 : Forward propagation: start to calculate arrival time...
TMR-3502 : Backward propagation: start to calculate required time...
TMR-3503 : Timing propagation completes.
OPT-1001 : End timing update;  0.080978s wall, 0.062500s user + 0.000000s system = 0.062500s CPU (77.2%)

OPT-1001 : Start pin optimization...
OPT-1001 : skip pin optimization...
RUN-1001 : Generating global routing grids ...
PHY-1001 : Generate routing nets ...
PHY-1001 : Reuse net number 3111/3666.
PHY-1001 : Global iterations in 16 thread ...
PHY-1002 : len = 152272, over cnt = 0(0%), over = 0, worst = 0
PHY-1001 : End global iterations;  0.012738s wall, 0.000000s user + 0.000000s system = 0.000000s CPU (n/a%)

PHY-1001 : Congestion index: top1 = 30.88, top5 = 25.10, top10 = 21.91, top15 = 19.59.
OPT-1001 : Update timing in Manhattan mode
TMR-2503 : Start to update net delay, extr mode = 3.
TMR-2504 : Update delay of 3664 nets completely.
TMR-2502 : Annotate delay completely, extr mode = 3.
TMR-3501 : Forward propagation: start to calculate arrival time...
TMR-3502 : Backward propagation: start to calculate required time...
TMR-3503 : Timing propagation completes.
OPT-1001 : End timing update;  0.084108s wall, 0.046875s user + 0.000000s system = 0.046875s CPU (55.7%)

RUN-1001 : QoR Analysis:
OPT-0007 :   WNS 1695 TNS 0 NUM_FEPS 0
RUN-1001 :   No local congestion issue, and most congested 1% tile average routing util is 30.551724
RUN-1001 :   Top critical paths
RUN-1001 :       #1 path slack 1695ps with logic level 1 and starts from PAD
RUN-1001 :       #2 path slack 1695ps with logic level 1 and starts from PAD
RUN-1001 :       #3 path slack 1695ps with logic level 1 and starts from PAD
RUN-1001 :       #4 path slack 1695ps with logic level 1 and starts from PAD
OPT-1001 : End physical optimization;  2.158998s wall, 0.953125s user + 0.031250s system = 0.984375s CPU (45.6%)

RUN-1003 : finish command "place" in  8.727352s wall, 3.171875s user + 0.296875s system = 3.468750s CPU (39.7%)

RUN-1004 : used memory is 246 MB, reserved memory is 220 MB, peak memory is 269 MB
RUN-1002 : start command "export_db pic_sdram_place.db"
RUN-1001 : Exported /
RUN-1001 : Exported flow parameters
RUN-1001 : Exported libs
RUN-1001 : Exported entities
RUN-1001 : Exported ports
RUN-1001 : Exported pins
RUN-1001 : Exported instances
RUN-1001 : Exported nets
RUN-1001 : Exported buses
RUN-1001 : Exported models
RUN-1001 : Exported congestions
RUN-1001 : Exported violations
RUN-1001 : Exported timing constraints
RUN-1001 : Exported IO constraints
RUN-1001 : Exported Inst constraints
RUN-1002 : start command "route"
RUN-1001 : Open license file D:/Program/Anlogic/TD5.6.2/license/Anlogic.lic
RUN-1001 : Print Global Property
RUN-1001 : ---------------------------------------------------------------
RUN-1001 :        Parameters        |  Settings  |  Default Values  |  Note  
RUN-1001 : ---------------------------------------------------------------
RUN-1001 :          message         |  standard  |     standard     |        
RUN-1001 :   mixed_pack_place_flow  |     on     |        on        |        
RUN-1001 :        qor_monitor       |    off     |       off        |        
RUN-1001 :        syn_ip_flow       |    off     |       off        |        
RUN-1001 :          thread          |    auto    |       auto       |        
RUN-1001 : ---------------------------------------------------------------
RUN-1001 : Print Route Property
RUN-1001 : -------------------------------------------------------
RUN-1001 :    Parameters    |  Settings  |  Default Values  |  Note  
RUN-1001 : -------------------------------------------------------
RUN-1001 :      effort      |   medium   |      medium      |        
RUN-1001 :     fix_hold     |    off     |       off        |        
RUN-1001 :    opt_timing    |   medium   |      medium      |        
RUN-1001 :   phy_sim_model  |    off     |       off        |        
RUN-1001 :     priority     |   timing   |      timing      |        
RUN-1001 :     swap_pin     |     on     |        on        |        
RUN-1001 : -------------------------------------------------------
PHY-1001 : Route runs in 16 thread(s)
RUN-1001 : There are total 1665 instances
RUN-1001 : 781 mslices, 787 lslices, 86 pads, 4 brams, 0 dsps
RUN-1001 : There are total 3666 nets
RUN-1001 : 2235 nets have 2 pins
RUN-1001 : 1033 nets have [3 - 5] pins
RUN-1001 : 221 nets have [6 - 10] pins
RUN-1001 : 85 nets have [11 - 20] pins
RUN-1001 : 86 nets have [21 - 99] pins
RUN-1001 : 6 nets have 100+ pins
RUN-1002 : start command "start_timer -report"
TMR-2505 : Start building timing graph for model top.
TMR-2506 : Build timing graph completely. Port num: 32, tpin num: 15111, tnet num: 3664, tinst num: 1663, tnode num: 18877, tedge num: 26105.
TMR-2508 : Levelizing timing graph completed, there are 41 levels in total.
TMR-2501 : Timing graph initialized successfully.
PHY-1001 : 781 mslices, 787 lslices, 86 pads, 4 brams, 0 dsps
TMR-2503 : Start to update net delay, extr mode = 3.
TMR-2504 : Update delay of 3664 nets completely.
TMR-2502 : Annotate delay completely, extr mode = 3.
TMR-3001 : Initiate 5 clocks from SDC.
TMR-3004 : Map sdc constraints, there are 16 constraints in total.
TMR-3003 : Constraints initiated successfully.
TMR-3501 : Forward propagation: start to calculate arrival time...
TMR-3502 : Backward propagation: start to calculate required time...
TMR-3503 : Timing propagation completes.
PHY-1001 : Start global routing, caller is route ...
RUN-1001 : Generating global routing grids ...
PHY-1001 : Generate routing nets ...
PHY-1001 : Global iterations in 16 thread ...
PHY-1002 : len = 145480, over cnt = 304(0%), over = 521, worst = 5
PHY-1002 : len = 147904, over cnt = 179(0%), over = 240, worst = 5
PHY-1002 : len = 149728, over cnt = 74(0%), over = 92, worst = 5
PHY-1002 : len = 150968, over cnt = 0(0%), over = 0, worst = 0
PHY-1001 : End global iterations;  0.210693s wall, 0.000000s user + 0.000000s system = 0.000000s CPU (n/a%)

PHY-1001 : Congestion index: top1 = 30.82, top5 = 25.06, top10 = 21.88, top15 = 19.56.
PHY-1001 : End global routing;  0.268910s wall, 0.031250s user + 0.000000s system = 0.031250s CPU (11.6%)

PHY-1001 : Start detail routing ...
PHY-1001 : Current memory(MB): used = 291, reserve = 267, peak = 296.
PHY-1001 : Detailed router is running in normal mode.
PHY-1001 : Generate detailed routing grids ...
PHY-1001 : Generate nets ...
PHY-1001 : net clk_dup_1 will be routed on clock mesh
PHY-1001 : net sdram_clk_dup_1 will be routed on clock mesh
PHY-1001 : clock net frame_read_write_m0/read_buf/clkr will be merged with clock video_pll_m0/clk0_buf
PHY-1001 : clock net frame_read_write_m0/write_buf/clkw will be merged with clock sys_pll_m0/clk0_buf
PHY-1001 : net frame_read_write_m1/write_clk will be routed on clock mesh
PHY-1001 : Current memory(MB): used = 550, reserve = 529, peak = 550.
PHY-1001 : End build detailed router design. 2.544521s wall, 1.203125s user + 0.031250s system = 1.234375s CPU (48.5%)

PHY-1001 : Detail Route ...
PHY-1001 : ===== Detail Route Phase 1 =====
PHY-1001 : Clock net routing.....
PHY-1001 : Routed 0% nets.
PHY-1022 : len = 64592, over cnt = 0(0%), over = 0, worst = 0, crit = 0
PHY-1001 : End initial clock net routed; 0.911305s wall, 0.312500s user + 0.000000s system = 0.312500s CPU (34.3%)

PHY-1001 : Current memory(MB): used = 583, reserve = 563, peak = 583.
PHY-1001 : End phase 1; 0.915983s wall, 0.312500s user + 0.000000s system = 0.312500s CPU (34.1%)

PHY-1001 : ===== Detail Route Phase 2 =====
PHY-1001 : Initial routing.....
PHY-1001 : Routed 36% nets.
PHY-1001 : Routed 46% nets.
PHY-1001 : Routed 54% nets.
PHY-1001 : Routed 68% nets.
PHY-1001 : Routed 87% nets.
PHY-1022 : len = 429880, over cnt = 69(0%), over = 69, worst = 1, crit = 0
PHY-1001 : Current memory(MB): used = 584, reserve = 564, peak = 584.
PHY-1001 : End initial routed; 3.248880s wall, 1.390625s user + 0.062500s system = 1.453125s CPU (44.7%)

PHY-1001 : Update timing.....
PHY-1001 : 0/3194(0%) critical/total net(s).
RUN-1001 : --------------------------------------
RUN-1001 :   Type   |  WNS(ns)  |  TNS(ns)  |  FEP  
RUN-1001 : --------------------------------------
RUN-1001 :   Setup  |   1.453   |   0.000   |   0   
RUN-1001 :   Hold   |  -1.190   |  -2.099   |   2   
RUN-1001 : --------------------------------------
PHY-1001 : End update timing; 0.627189s wall, 0.359375s user + 0.000000s system = 0.359375s CPU (57.3%)

PHY-1001 : Current memory(MB): used = 589, reserve = 569, peak = 589.
PHY-1001 : End phase 2; 3.876122s wall, 1.750000s user + 0.062500s system = 1.812500s CPU (46.8%)

PHY-1001 : ===== Detail Route Phase 3 =====
PHY-1001 : Optimize timing.....
PHY-1022 : len = 429880, over cnt = 69(0%), over = 69, worst = 1, crit = 0
PHY-1001 : End optimize timing; 0.025173s wall, 0.000000s user + 0.000000s system = 0.000000s CPU (n/a%)

PHY-1001 : Ripup-reroute.....
PHY-1001 : ===== DR Iter 1 =====
PHY-1022 : len = 429560, over cnt = 24(0%), over = 24, worst = 1, crit = 0
PHY-1001 : End DR Iter 1; 0.041429s wall, 0.015625s user + 0.000000s system = 0.015625s CPU (37.7%)

PHY-1001 : ===== DR Iter 2 =====
PHY-1022 : len = 429496, over cnt = 2(0%), over = 2, worst = 1, crit = 0
PHY-1001 : End DR Iter 2; 0.032975s wall, 0.000000s user + 0.000000s system = 0.000000s CPU (n/a%)

PHY-1001 : ===== DR Iter 3 =====
PHY-1022 : len = 429512, over cnt = 0(0%), over = 0, worst = 0, crit = 0
PHY-1001 : End DR Iter 3; 0.027103s wall, 0.000000s user + 0.000000s system = 0.000000s CPU (n/a%)

PHY-1001 : Update timing.....
PHY-1001 : 0/3194(0%) critical/total net(s).
RUN-1001 : --------------------------------------
RUN-1001 :   Type   |  WNS(ns)  |  TNS(ns)  |  FEP  
RUN-1001 : --------------------------------------
RUN-1001 :   Setup  |   1.453   |   0.000   |   0   
RUN-1001 :   Hold   |  -1.190   |  -2.099   |   2   
RUN-1001 : --------------------------------------
PHY-1001 : End update timing; 0.620560s wall, 0.281250s user + 0.000000s system = 0.281250s CPU (45.3%)

PHY-1001 : Commit to database.....
PHY-1001 : 12 feed throughs used by 10 nets
PHY-1001 : End commit to database; 0.295303s wall, 0.171875s user + 0.000000s system = 0.171875s CPU (58.2%)

PHY-1001 : Current memory(MB): used = 609, reserve = 589, peak = 609.
PHY-1001 : End phase 3; 1.158679s wall, 0.531250s user + 0.000000s system = 0.531250s CPU (45.8%)

PHY-1003 : Routed, final wirelength = 429512
PHY-1001 : Current memory(MB): used = 610, reserve = 590, peak = 610.
PHY-1001 : End export database. 0.010606s wall, 0.000000s user + 0.000000s system = 0.000000s CPU (n/a%)

PHY-1001 : End detail routing;  8.652618s wall, 3.843750s user + 0.093750s system = 3.937500s CPU (45.5%)

RUN-1003 : finish command "route" in  9.506272s wall, 4.078125s user + 0.093750s system = 4.171875s CPU (43.9%)

RUN-1004 : used memory is 580 MB, reserved memory is 564 MB, peak memory is 610 MB
RUN-1002 : start command "report_area -io_info -file pic_sdram_phy.area"
RUN-1001 : standard
***Report Model: top Device: EG4S20BG256***

IO Statistics
#IO                        86
  #input                    6
  #output                  60
  #inout                   20

Utilization Statistics
#lut                     2882   out of  19600   14.70%
#reg                     1436   out of  19600    7.33%
#le                      3034
  #lut only              1598   out of   3034   52.67%
  #reg only               152   out of   3034    5.01%
  #lut&reg               1284   out of   3034   42.32%
#dsp                        0   out of     29    0.00%
#bram                       4   out of     64    6.25%
  #bram9k                   4
  #fifo9k                   0
#bram32k                    0   out of     16    0.00%
#pad                       86   out of    188   45.74%
  #ireg                    19
  #oreg                    57
  #treg                     1
#pll                        2   out of      4   50.00%
#gclk                       2   out of     16   12.50%

Clock Resource Statistics
Index     ClockNet                         Type               DriverType         Driver                         Fanout
#1        sdram_clk_dup_1                  GCLK               pll                sys_pll_m0/pll_inst.clkc1      345
#2        sys_pll_m0/clk0_buf              GCLK               pll                sys_pll_m0/pll_inst.clkc0      262
#3        frame_read_write_m1/write_clk    GCLK               pll                sys_pll_m0/pll_inst.clkc2      259
#4        video_pll_m0/clk0_buf            GCLK               pll                video_pll_m0/pll_inst.clkc0    73
#5        clk_dup_1                        GCLK               io                 clk_syn_2.di                   25


Detailed IO Report

       Name         Direction    Location    IOStandard    DriveStrength    PullType    PackReg  
       clk            INPUT         F9        LVCMOS25          N/A           N/A        NONE    
       key1           INPUT        F14        LVCMOS25          N/A           N/A        IREG    
       key2           INPUT        N16        LVCMOS25          N/A           N/A        IREG    
      rst_n           INPUT        B16        LVCMOS25          N/A           N/A        NONE    
     sd_miso          INPUT         B3        LVCMOS25          N/A           N/A        NONE    
     switch1          INPUT         T8        LVCMOS25          N/A           N/A        IREG    
    flash_cs_n       OUTPUT        H16        LVCMOS25           8            N/A        OREG    
    flash_sck        OUTPUT        E11        LVCMOS25           8            N/A        OREG    
     sd_dclk         OUTPUT         C5        LVCMOS25           8            N/A        OREG    
     sd_mosi         OUTPUT         F3        LVCMOS25           8            N/A        OREG    
      sd_ncs         OUTPUT         G3        LVCMOS25           8            N/A        OREG    
  sdram_addr[12]     OUTPUT        M13        LVCMOS25           8            N/A        OREG    
  sdram_addr[11]     OUTPUT        P16        LVCMOS25           8            N/A        OREG    
  sdram_addr[10]     OUTPUT         M1        LVCMOS25           8            N/A        OREG    
  sdram_addr[9]      OUTPUT         N8        LVCMOS25           8            N/A        OREG    
  sdram_addr[8]      OUTPUT         M4        LVCMOS25           8            N/A        OREG    
  sdram_addr[7]      OUTPUT        J12        LVCMOS25           8            N/A        OREG    
  sdram_addr[6]      OUTPUT        E15        LVCMOS25           8            N/A        OREG    
  sdram_addr[5]      OUTPUT        E10        LVCMOS25           8            N/A        OREG    
  sdram_addr[4]      OUTPUT        H14        LVCMOS25           8            N/A        OREG    
  sdram_addr[3]      OUTPUT         D5        LVCMOS25           8            N/A        OREG    
  sdram_addr[2]      OUTPUT         F2        LVCMOS25           8            N/A        OREG    
  sdram_addr[1]      OUTPUT        J11        LVCMOS25           8            N/A        OREG    
  sdram_addr[0]      OUTPUT        R15        LVCMOS25           8            N/A        OREG    
   sdram_ba[1]       OUTPUT         M2        LVCMOS25           8            N/A        OREG    
   sdram_ba[0]       OUTPUT         A9        LVCMOS25           8            N/A        OREG    
   sdram_cas_n       OUTPUT        F16        LVCMOS25           8            N/A        OREG    
    sdram_cke        OUTPUT        G14        LVCMOS25           8            N/A        NONE    
    sdram_clk        OUTPUT         E7        LVCMOS25           8            N/A        NONE    
    sdram_cs_n       OUTPUT         F1        LVCMOS25           8            N/A        NONE    
   sdram_dqm[1]      OUTPUT         G1        LVCMOS25           8            N/A        NONE    
   sdram_dqm[0]      OUTPUT         K2        LVCMOS25           8            N/A        NONE    
   sdram_ras_n       OUTPUT         E8        LVCMOS25           8            N/A        OREG    
    sdram_we_n       OUTPUT        C10        LVCMOS25           8            N/A        OREG    
   seg_data[7]       OUTPUT         F4        LVCMOS25           8            N/A        NONE    
   seg_data[6]       OUTPUT        P15        LVCMOS25           8            N/A        OREG    
   seg_data[5]       OUTPUT         L5        LVCMOS25           8            N/A        OREG    
   seg_data[4]       OUTPUT        K16        LVCMOS25           8            N/A        OREG    
   seg_data[3]       OUTPUT         A4        LVCMOS25           8            N/A        OREG    
   seg_data[2]       OUTPUT        P14        LVCMOS25           8            N/A        OREG    
   seg_data[1]       OUTPUT         M7        LVCMOS25           8            N/A        OREG    
   seg_data[0]       OUTPUT        J16        LVCMOS25           8            N/A        OREG    
    seg_sel[5]       OUTPUT         D3        LVCMOS25           8            N/A        OREG    
    seg_sel[4]       OUTPUT        M12        LVCMOS25           8            N/A        OREG    
    seg_sel[3]       OUTPUT         T3        LVCMOS25           8            N/A        OREG    
    seg_sel[2]       OUTPUT        A11        LVCMOS25           8            N/A        OREG    
    seg_sel[1]       OUTPUT         D1        LVCMOS25           8            N/A        OREG    
    seg_sel[0]       OUTPUT         J6        LVCMOS25           8            N/A        OREG    
   vga_out_b[4]      OUTPUT         A5        LVCMOS25           8            N/A        OREG    
   vga_out_b[3]      OUTPUT        M11        LVCMOS25           8            N/A        OREG    
   vga_out_b[2]      OUTPUT         N4        LVCMOS25           8            N/A        OREG    
   vga_out_b[1]      OUTPUT        H15        LVCMOS25           8            N/A        OREG    
   vga_out_b[0]      OUTPUT         H5        LVCMOS25           8            N/A        OREG    
   vga_out_g[5]      OUTPUT         M3        LVCMOS25           8            N/A        OREG    
   vga_out_g[4]      OUTPUT        D11        LVCMOS25           8            N/A        OREG    
   vga_out_g[3]      OUTPUT         E1        LVCMOS25           8            N/A        OREG    
   vga_out_g[2]      OUTPUT         P9        LVCMOS25           8            N/A        OREG    
   vga_out_g[1]      OUTPUT        G11        LVCMOS25           8            N/A        OREG    
   vga_out_g[0]      OUTPUT         E2        LVCMOS25           8            N/A        OREG    
    vga_out_hs       OUTPUT         R9        LVCMOS25           8            N/A        OREG    
   vga_out_r[4]      OUTPUT        H11        LVCMOS25           8            N/A        OREG    
   vga_out_r[3]      OUTPUT         G6        LVCMOS25           8            N/A        OREG    
   vga_out_r[2]      OUTPUT         L3        LVCMOS25           8            N/A        OREG    
   vga_out_r[1]      OUTPUT        C13        LVCMOS25           8            N/A        OREG    
   vga_out_r[0]      OUTPUT         H1        LVCMOS25           8            N/A        OREG    
    vga_out_vs       OUTPUT         P5        LVCMOS25           8            N/A        OREG    
  flash_qspi_IO0      INOUT        G16        LVCMOS25           8            N/A        TREG    
  flash_qspi_IO1      INOUT        E16        LVCMOS25           8            N/A        OREG    
  flash_qspi_IO2      INOUT        F15        LVCMOS25           8            N/A        OREG    
  flash_qspi_IO3      INOUT        M16        LVCMOS25           8            N/A        OREG    
   sdram_dq[15]       INOUT        L12        LVCMOS25           8            N/A        IREG    
   sdram_dq[14]       INOUT         L7        LVCMOS25           8            N/A        IREG    
   sdram_dq[13]       INOUT        B10        LVCMOS25           8            N/A        IREG    
   sdram_dq[12]       INOUT        F12        LVCMOS25           8            N/A        IREG    
   sdram_dq[11]       INOUT        C16        LVCMOS25           8            N/A        IREG    
   sdram_dq[10]       INOUT         F5        LVCMOS25           8            N/A        IREG    
   sdram_dq[9]        INOUT        K11        LVCMOS25           8            N/A        IREG    
   sdram_dq[8]        INOUT        T15        LVCMOS25           8            N/A        IREG    
   sdram_dq[7]        INOUT        A10        LVCMOS25           8            N/A        IREG    
   sdram_dq[6]        INOUT        L16        LVCMOS25           8            N/A        IREG    
   sdram_dq[5]        INOUT         A7        LVCMOS25           8            N/A        IREG    
   sdram_dq[4]        INOUT         G5        LVCMOS25           8            N/A        IREG    
   sdram_dq[3]        INOUT         J1        LVCMOS25           8            N/A        IREG    
   sdram_dq[2]        INOUT         T6        LVCMOS25           8            N/A        IREG    
   sdram_dq[1]        INOUT        F10        LVCMOS25           8            N/A        IREG    
   sdram_dq[0]        INOUT         A8        LVCMOS25           8            N/A        IREG    

Report Hierarchy Area:
+-------------------------------------------------------------------------------------------------------------------------------------+
|Instance                        |Module                                         |le     |lut     |ripple  |seq     |bram    |dsp     |
+-------------------------------------------------------------------------------------------------------------------------------------+
|top                             |top                                            |3034   |2431    |451     |1513    |4       |0       |
|  flash_write_read_m0           |flash_write_read                               |674    |597     |75      |329     |0       |0       |
|    Qspi_master_m0              |Qspi_master                                    |83     |83      |0       |35      |0       |0       |
|    flash_cmd_m0                |flash_cmd                                      |203    |190     |12      |102     |0       |0       |
|      flash_step_m0             |flash_step                                     |73     |67      |6       |35      |0       |0       |
|    flash_reader_m0             |flash_reader                                   |162    |132     |29      |87      |0       |0       |
|    flash_writer_m0             |flash_writer                                   |226    |192     |34      |105     |0       |0       |
|  frame_read_write_m0           |frame_read_write                               |409    |276     |90      |253     |2       |0       |
|    frame_fifo_read_m0          |frame_fifo_read                                |89     |67      |20      |45      |0       |0       |
|    frame_fifo_write_m0         |frame_fifo_write                               |82     |62      |20      |39      |0       |0       |
|    read_buf                    |afifo_16_256                                   |114    |69      |25      |84      |1       |0       |
|      ram_inst                  |ram_infer_afifo_16_256                         |0      |0       |0       |0       |1       |0       |
|      rd_to_wr_cross_inst       |fifo_cross_domain_addr_process_al_afifo_16_256 |32     |21      |0       |32      |0       |0       |
|      wr_to_rd_cross_inst       |fifo_cross_domain_addr_process_al_afifo_16_256 |28     |20      |0       |28      |0       |0       |
|    write_buf                   |afifo_16_256                                   |114    |68      |25      |81      |1       |0       |
|      ram_inst                  |ram_infer_afifo_16_256                         |0      |0       |0       |0       |1       |0       |
|      rd_to_wr_cross_inst       |fifo_cross_domain_addr_process_al_afifo_16_256 |29     |16      |0       |29      |0       |0       |
|      wr_to_rd_cross_inst       |fifo_cross_domain_addr_process_al_afifo_16_256 |26     |21      |0       |26      |0       |0       |
|  frame_read_write_m1           |frame_read_write                               |414    |273     |90      |249     |2       |0       |
|    frame_fifo_read_m0          |frame_fifo_read                                |81     |61      |20      |40      |0       |0       |
|    frame_fifo_write_m0         |frame_fifo_write                               |85     |64      |20      |39      |0       |0       |
|    read_buf                    |afifo_16_256                                   |120    |76      |25      |86      |1       |0       |
|      ram_inst                  |ram_infer_afifo_16_256                         |0      |0       |0       |0       |1       |0       |
|      rd_to_wr_cross_inst       |fifo_cross_domain_addr_process_al_afifo_16_256 |29     |18      |0       |29      |0       |0       |
|      wr_to_rd_cross_inst       |fifo_cross_domain_addr_process_al_afifo_16_256 |30     |26      |0       |30      |0       |0       |
|    write_buf                   |afifo_16_256                                   |119    |63      |25      |83      |1       |0       |
|      ram_inst                  |ram_infer_afifo_16_256                         |0      |0       |0       |0       |1       |0       |
|      rd_to_wr_cross_inst       |fifo_cross_domain_addr_process_al_afifo_16_256 |29     |17      |0       |29      |0       |0       |
|      wr_to_rd_cross_inst       |fifo_cross_domain_addr_process_al_afifo_16_256 |31     |17      |0       |31      |0       |0       |
|  sd_card_bmp_m0                |sd_card_bmp                                    |947    |795     |105     |388     |0       |0       |
|    ax_debounce_m0              |ax_debounce                                    |60     |50      |9       |39      |0       |0       |
|    bmp_read_m0                 |bmp_read                                       |320    |226     |66      |166     |0       |0       |
|    sd_card_top_m0              |sd_card_top                                    |567    |519     |30      |183     |0       |0       |
|      sd_card_cmd_m0            |sd_card_cmd                                    |332    |307     |25      |58      |0       |0       |
|      sd_card_sec_read_write_m0 |sd_card_sec_read_write                         |166    |148     |0       |83      |0       |0       |
|      spi_master_m0             |spi_master                                     |69     |64      |5       |42      |0       |0       |
|  sdram_core_m0                 |sdram_core                                     |321    |269     |45      |88      |0       |0       |
|  seg_scan_m0                   |seg_scan                                       |61     |47      |14      |23      |0       |0       |
|  sys_pll_m0                    |sys_pll                                        |0      |0       |0       |0       |0       |0       |
|  sys_state_ctrl_m0             |sys_state_ctrl                                 |131    |113     |18      |72      |0       |0       |
|    ax_debounce_m1              |ax_debounce                                    |62     |53      |9       |33      |0       |0       |
|    ax_debounce_m2              |ax_debounce                                    |62     |53      |9       |35      |0       |0       |
|  video_pll_m0                  |video_pll                                      |0      |0       |0       |0       |0       |0       |
|  video_timing_data_m0          |video_timing_data                              |77     |61      |14      |34      |0       |0       |
|    color_bar_m0                |color_bar                                      |59     |44      |14      |29      |0       |0       |
+-------------------------------------------------------------------------------------------------------------------------------------+


DataNet Average Fanout:

   Index     Fanout     Nets  
    #1          1       2149  
    #2          2       507   
    #3          3       390   
    #4          4       136   
    #5        5-10      236   
    #6        11-50     152   
    #7       51-100      2    
    #8       101-500     1    
  Average     2.91            

RUN-1002 : start command "export_db pic_sdram_pr.db"
RUN-1001 : Exported /
RUN-1001 : Exported flow parameters
RUN-1001 : Exported libs
RUN-1001 : Exported entities
RUN-1001 : Exported ports
RUN-1001 : Exported pins
RUN-1001 : Exported instances
RUN-1001 : Exported nets
RUN-1001 : Exported buses
RUN-1001 : Exported models
RUN-1001 : Exported congestions
RUN-1001 : Exported violations
RUN-1001 : Exported timing constraints
RUN-1001 : Exported IO constraints
RUN-1001 : Exported Inst constraints
RUN-1002 : start command "start_timer"
TMR-2505 : Start building timing graph for model top.
TMR-2506 : Build timing graph completely. Port num: 32, tpin num: 15111, tnet num: 3664, tinst num: 1663, tnode num: 18877, tedge num: 26105.
TMR-2508 : Levelizing timing graph completed, there are 41 levels in total.
TMR-2501 : Timing graph initialized successfully.
RUN-1002 : start command "report_timing -mode FINAL -net_info -rpt_autogen true -file pic_sdram_phy.timing"
TMR-2503 : Start to update net delay, extr mode = 6.
TMR-2504 : Update delay of 3664 nets completely.
TMR-2502 : Annotate delay completely, extr mode = 6.
TMR-3001 : Initiate 5 clocks from SDC.
TMR-3004 : Map sdc constraints, there are 16 constraints in total.
TMR-3003 : Constraints initiated successfully.
TMR-3501 : Forward propagation: start to calculate arrival time...
TMR-3502 : Backward propagation: start to calculate required time...
TMR-3503 : Timing propagation completes.
TMR-3506 : Start to generate timing report.
TMR-1502 : Number of clock constraints = 5. Number of clock nets = 5 (0 unconstrainted).
TMR-3508 : Export timing summary.
TMR-3507 : Timing report generated successfully in pic_sdram_phy.timing, timing summary in pic_sdram_phy.tsm.
RUN-1002 : start command "export_bid pic_sdram_inst.bid"
PRG-1000 : <!-- HMAC is: 80f84df93f64426acf7763e462665253b9ac0a8dc3fae73e7559d3e546244470 -->
RUN-1002 : start command "bitgen -bit pic_sdram.bit"
BIT-1003 : Start to generate bitstream. 
BIT-1002 : Init instances with 16 threads.
BIT-1002 : Init instances completely, inst num: 1663
BIT-1002 : Init pips with 16 threads.
BIT-1002 : Init pips completely, net num: 3666, pip num: 33583
BIT-1002 : Init feedthrough with 16 threads.
BIT-1002 : Init feedthrough completely, num: 12
BIT-1003 : Multithreading accelaration with 16 threads.
BIT-1003 : Generate bitstream completely, there are 2141 valid insts, and 98226 bits set as '1'.
BIT-1004 : the usercode register value: 00000000110001000000000000000000
BIT-1004 : PLL setting string = 1001
BIT-1004 : Generate bits file pic_sdram.bit.
RUN-1003 : finish command "bitgen -bit pic_sdram.bit" in  3.831162s wall, 38.562500s user + 0.046875s system = 38.609375s CPU (1007.8%)

RUN-1004 : used memory is 587 MB, reserved memory is 572 MB, peak memory is 765 MB
RUN-1002 : start command "backup_run_log run.log ../.logs/phy_1/td_20231211_194357.log"
