============================================================
   Tang Dynasty, V5.6.71036
      Copyright (c) 2012-2023 Anlogic Inc.
   Executable = D:/Program/Anlogic/TD5.6.2/bin/td.exe
   Built at =   20:34:38 Mar 21 2023
   Run by =     28408
   Run Date =   Tue Dec 19 16:50:12 2023

   Run on =     DESKTOP-T1B5OP5
============================================================
RUN-1002 : start command "open_project pic_sdram.prj"
RUN-1001 : Print Global Property
RUN-1001 : ---------------------------------------------------------------
RUN-1001 :        Parameters        |  Settings  |  Default Values  |  Note  
RUN-1001 : ---------------------------------------------------------------
RUN-1001 :          message         |  standard  |     standard     |        
RUN-1001 :   mixed_pack_place_flow  |     on     |        on        |        
RUN-1001 :        qor_monitor       |    off     |       off        |        
RUN-1001 :        syn_ip_flow       |    off     |       off        |        
RUN-1001 :          thread          |    auto    |       auto       |        
RUN-1001 : ---------------------------------------------------------------
RUN-1001 : Print Design Property
RUN-1001 : --------------------------------------------------------------
RUN-1001 :        Parameters       |  Settings  |  Default Values  |  Note  
RUN-1001 : --------------------------------------------------------------
RUN-1001 :   default_reg_initial   |    auto    |       auto       |        
RUN-1001 :        infer_add        |     on     |        on        |        
RUN-1001 :        infer_fsm        |    off     |       off        |        
RUN-1001 :        infer_mult       |     on     |        on        |        
RUN-1001 :        infer_ram        |     on     |        on        |        
RUN-1001 :        infer_reg        |     on     |        on        |        
RUN-1001 :   infer_reg_init_value  |     on     |        on        |        
RUN-1001 :        infer_rom        |     on     |        on        |        
RUN-1001 :      infer_shifter      |     on     |        on        |        
RUN-1001 : --------------------------------------------------------------
RUN-1001 : Print Rtl Property
RUN-1001 : --------------------------------------------------------------
RUN-1001 :        Parameters       |  Settings  |  Default Values  |  Note  
RUN-1001 : --------------------------------------------------------------
RUN-1001 :       compress_add      |   ripple   |      ripple      |        
RUN-1001 :        elf_sload        |    off     |       off        |        
RUN-1001 :       fix_undriven      |     0      |        0         |        
RUN-1001 :         flatten         |    off     |       off        |        
RUN-1001 :       gate_sharing      |     on     |        on        |        
RUN-1001 :    hdl_warning_level    |   normal   |      normal      |        
RUN-1001 :   impl_internal_tribuf  |     on     |        on        |        
RUN-1001 :      impl_set_reset     |     on     |        on        |        
RUN-1001 :        infer_gsr        |    off     |       off        |        
RUN-1001 :      keep_hierarchy     |    auto    |       auto       |        
RUN-1001 :        max_fanout       |    9999    |       9999       |        
RUN-1001 :      max_oh2bin_len     |     10     |        10        |        
RUN-1001 :       merge_equal       |     on     |        on        |        
RUN-1001 :       merge_equiv       |     on     |        on        |        
RUN-1001 :        merge_mux        |    off     |       off        |        
RUN-1001 :     min_control_set     |     8      |        8         |        
RUN-1001 :      min_ripple_len     |    auto    |       auto       |        
RUN-1001 :       oh2bin_ratio      |    0.08    |       0.08       |        
RUN-1001 :     opt_adder_fanout    |     on     |        on        |        
RUN-1001 :        opt_arith        |     on     |        on        |        
RUN-1001 :       opt_big_gate      |    off     |       off        |        
RUN-1001 :        opt_const        |     on     |        on        |        
RUN-1001 :      opt_const_mult     |     on     |        on        |        
RUN-1001 :       opt_lessthan      |     on     |        on        |        
RUN-1001 :         opt_mux         |    off     |       off        |        
RUN-1001 :         opt_ram         |    high    |       high       |        
RUN-1001 :      rtl_sim_model      |    off     |       off        |        
RUN-1001 :         seq_syn         |     on     |        on        |        
RUN-1001 : --------------------------------------------------------------
HDL-1007 : analyze verilog file ../../al_ip/sys_pll.v
HDL-1007 : undeclared symbol 'open', assumed default net type 'wire' in ../../al_ip/sys_pll.v(77)
HDL-1007 : analyze verilog file ../../al_ip/video_pll.v
HDL-1007 : undeclared symbol 'open', assumed default net type 'wire' in ../../al_ip/video_pll.v(63)
HDL-1007 : analyze verilog file ../../al_ip/afifo_16_256.v
HDL-1007 : analyze verilog file ../../src/ax_debounce.v
HDL-1007 : analyze verilog file ../../src/bmp_read.v
HDL-1007 : analyze verilog file ../../src/color_bar.v
HDL-1007 : analyze included file ../../src/video_define.v in ../../src/color_bar.v(2)
HDL-1007 : back to file '../../src/color_bar.v' in ../../src/color_bar.v(2)
HDL-1007 : analyze verilog file ../../src/frame_fifo_read.v
HDL-1007 : analyze verilog file ../../src/frame_fifo_write.v
HDL-1007 : analyze verilog file ../../src/sd_card/sd_card_cmd.v
HDL-1007 : analyze verilog file ../../src/sd_card/sd_card_sec_read_write.v
HDL-1007 : analyze verilog file ../../src/sd_card/sd_card_top.v
HDL-1007 : analyze verilog file ../../src/sd_card/spi_master.v
HDL-1007 : analyze verilog file ../../src/sd_card_bmp.v
HDL-1007 : analyze verilog file ../../src/seg_decoder.v
HDL-1007 : analyze verilog file ../../src/seg_scan.v
HDL-1007 : analyze verilog file ../../src/top.v
HDL-1007 : undeclared symbol 'sdram_clk', assumed default net type 'wire' in ../../src/top.v(102)
HDL-1007 : analyze verilog file ../../src/video_timing_data.v
HDL-1007 : undeclared symbol 'read_en', assumed default net type 'wire' in ../../src/video_timing_data.v(29)
HDL-1007 : analyze verilog file ../../src/sdram_r/sdram_para.v
HDL-1007 : analyze verilog file ../../src/sdram/enc_file/global_def.v
HDL-1007 : analyze verilog file ../../src/sdram/enc_file/sdr_as_ram.enc.v
Copyright (c) 1998-2019 The OpenSSL Project.  All rights reserved.
This product includes software developed by the OpenSSL Project
for use in the OpenSSL Toolkit (http://www.openssl.org/)
Copyright (C) 1995-1998 Eric Young (eay@cryptsoft.com)
All rights reserved.
This product includes cryptographic software written by Eric Young (eay@cryptsoft.com)
HDL-1007 : back to file '../../src/sdram/enc_file/sdr_as_ram.enc.v' in ../../src/sdram/enc_file/sdr_as_ram.enc.v(148)
HDL-1007 : analyze verilog file ../../src/sdram/enc_file/sdr_init_ref.enc.v
HDL-1007 : undeclared symbol '**', assumed default net type '**' in encrypted_text(0)
HDL-1007 : back to file '../../src/sdram/enc_file/sdr_init_ref.enc.v' in ../../src/sdram/enc_file/sdr_init_ref.enc.v(242)
HDL-5007 WARNING: concatenation with an unsized literal will be treated as 32 bits in encrypted_text(0)
HDL-1007 : analyze verilog file ../../src/sdram/enc_file/sdr_wrrd.enc.v
HDL-5007 WARNING: concatenation with an unsized literal will be treated as 32 bits in encrypted_text(0)
HDL-1007 : back to file '../../src/sdram/enc_file/sdr_wrrd.enc.v' in ../../src/sdram/enc_file/sdr_wrrd.enc.v(255)
HDL-1007 : analyze verilog file ../../src/sdram/sdram.v
HDL-1007 : analyze included file D:\Projects\2023_10_10_HX4S20_test\spi_FLASH_SDRAM_pic\HX4S20\/./src/sdram/enc_file/global_def.v in ../../src/sdram/sdram.v(10)
HDL-1007 : back to file '../../src/sdram/sdram.v' in ../../src/sdram/sdram.v(10)
HDL-1007 : undeclared symbol 'Sdr_busy', assumed default net type 'wire' in ../../src/sdram/sdram.v(63)
HDL-1007 : undeclared symbol 'SDR_CKE', assumed default net type 'wire' in ../../src/sdram/sdram.v(88)
HDL-1007 : analyze verilog file ../../src/frame_read_write.v
HDL-1007 : analyze verilog file ../../src/video_delay.v
RUN-1001 : Project manager successfully analyzed 26 source files.
RUN-1002 : start command "import_device eagle_s20.db -package EG4S20BG256"
ARC-1001 : Device Initialization.
ARC-1001 : ------------------------------------------------------------------
ARC-1001 :            OPTION            |          IO          |   SETTING   
ARC-1001 : ------------------------------------------------------------------
ARC-1001 :   cso_b/cclk/mosi/miso/dout  |  T3/R11/T10/P10/S11  |    gpio    
ARC-1001 :             done             |         P13          |    gpio    
ARC-1001 :           program_b          |          T2          |  dedicate  
ARC-1001 :        tdi/tms/tck/tdo       |   C12/A15/C14/E14    |  dedicate  
ARC-1001 : ------------------------------------------------------------------
ARC-1004 : Device setting, marked 5 dedicate IOs in total.
RUN-1002 : start command "import_db ../syn_1/pic_sdram_gate.db"
RUN-1001 : Importing database generated by Tang Dynasty, V5.6.71036.
RUN-1001 : Database version number 46146.
RUN-1001 : Import flow parameters
RUN-1001 : Import timing constraints
RUN-1001 : Import IO constraints
RUN-1001 : Import Inst constraints
RUN-1001 : Import design success TD_VERSION=5.6.71036 , DB_VERSION=46146
RUN-1002 : start command "read_sdc ../../top.sdc"
RUN-1002 : start command "get_ports clk"
RUN-1002 : start command "create_clock -name clk -period 20 -waveform 0 10 "
RUN-1102 : create_clock: clock name: clk, type: 0, period: 20000, rise: 0, fall: 10000.
RUN-1002 : start command "derive_pll_clocks"
USR-1002 : Gen clock cmd:  create_generated_clock -name {sys_pll_m0/pll_inst.clkc[0]} -source [get_ports {clk}] -master_clock {clk} -multiply_by 2.0000 [get_pins {sys_pll_m0/pll_inst.clkc[0]}]
RUN-1002 : start command "get_ports clk"
RUN-1002 : start command "get_pins sys_pll_m0/pll_inst.clkc[0]"
RUN-1002 : start command "create_generated_clock -name sys_pll_m0/pll_inst.clkc[0] -source  -master_clock clk -multiply_by 2.0000 "
USR-1002 : Gen clock cmd:  create_generated_clock -name {sys_pll_m0/pll_inst.clkc[1]} -source [get_ports {clk}] -master_clock {clk} -multiply_by 2.0000 [get_pins {sys_pll_m0/pll_inst.clkc[1]}]
RUN-1002 : start command "get_ports clk"
RUN-1002 : start command "get_pins sys_pll_m0/pll_inst.clkc[1]"
RUN-1002 : start command "create_generated_clock -name sys_pll_m0/pll_inst.clkc[1] -source  -master_clock clk -multiply_by 2.0000 "
USR-1002 : Gen clock cmd:  create_generated_clock -name {video_pll_m0/pll_inst.clkc[0]} -source [get_ports {clk}] -master_clock {clk} -divide_by 2.0000 [get_pins {video_pll_m0/pll_inst.clkc[0]}]
RUN-1002 : start command "get_ports clk"
RUN-1002 : start command "get_pins video_pll_m0/pll_inst.clkc[0]"
RUN-1002 : start command "create_generated_clock -name video_pll_m0/pll_inst.clkc[0] -source  -master_clock clk -divide_by 2.0000 "
RUN-1002 : start command "get_ports clk"
RUN-1002 : start command "get_pins sys_pll_m0/pll_inst.clkc[0]"
RUN-1002 : start command "rename_clock -name sd_card_clk -source  -master_clock clk "
RUN-1105 : Rename Clock: clock sys_pll_m0/pll_inst.clkc[0] was renamed, new name is sd_card_clk.
RUN-1002 : start command "get_ports clk"
RUN-1002 : start command "get_pins sys_pll_m0/pll_inst.clkc[1]"
RUN-1002 : start command "rename_clock -name ext_mem_clk -source  -master_clock clk "
RUN-1105 : Rename Clock: clock sys_pll_m0/pll_inst.clkc[1] was renamed, new name is ext_mem_clk.
RUN-1002 : start command "get_ports clk"
RUN-1002 : start command "get_pins sys_pll_m0/pll_inst.clkc[2]"
RUN-1002 : start command "rename_clock -name flash_sys_clk -source  -master_clock clk "
RUN-1107 : Rename Clock: new clock flash_sys_clk is created by rename_clock temporarily.
RUN-1002 : start command "get_ports clk"
RUN-1002 : start command "get_pins video_pll_m0/pll_inst.clkc[0]"
RUN-1002 : start command "rename_clock -name video_clk -source  -master_clock clk "
RUN-1105 : Rename Clock: clock video_pll_m0/pll_inst.clkc[0] was renamed, new name is video_clk.
RUN-1002 : start command "read_sdc -ip afifo_16_256 ../../al_ip/afifo_16_256.tcl"
RUN-1002 : start command "get_ports clkw"
RUN-1002 : start command "get_nets  clkw  "
RUN-1002 : start command "get_clocks -nowarn -of nets 8985071583232"
RUN-1002 : start command "get_ports clkr"
RUN-1002 : start command "get_nets  clkr  "
RUN-1002 : start command "get_clocks -nowarn -of nets 18279380811776"
RUN-1002 : start command "get_property -nowarn -max PERIOD "
RUN-1002 : start command "get_property -nowarn -max PERIOD "
RUN-1002 : start command "get_regs rd_to_wr_cross_inst/primary_addr_gray_reg[*]"
RUN-1002 : start command "get_regs rd_to_wr_cross_inst/sync_r1[*]"
RUN-1002 : start command "set_max_delay -from  -to  9.6999999999999993 -datapath_only"
RUN-1002 : start command "get_regs rd_to_wr_cross_inst/primary_addr_gray_reg[*]"
RUN-1002 : start command "get_regs rd_to_wr_cross_inst/sync_r1[*]"
RUN-1002 : start command "set_false_path -from  -to  -hold 9.6999999999999993"
USR-1002 : set_false_path -help -setup -hold -from <list> -rise_from <list> -fall_from <list> -to <list> -rise_to <list> -fall_to <list> -through <list>
RUN-1002 : start command "get_regs wr_to_rd_cross_inst/primary_addr_gray_reg[*]"
RUN-1002 : start command "get_regs wr_to_rd_cross_inst/sync_r1[*]"
RUN-1002 : start command "set_max_delay -from  -to  9.6999999999999993 -datapath_only"
RUN-1002 : start command "get_regs wr_to_rd_cross_inst/primary_addr_gray_reg[*]"
RUN-1002 : start command "get_regs wr_to_rd_cross_inst/sync_r1[*]"
RUN-1002 : start command "set_false_path -from  -to  -hold 9.6999999999999993"
USR-1002 : set_false_path -help -setup -hold -from <list> -rise_from <list> -fall_from <list> -to <list> -rise_to <list> -fall_to <list> -through <list>
RUN-1002 : start command "get_ports clkw"
RUN-1002 : start command "get_nets  clkw  "
RUN-1002 : start command "get_clocks -nowarn -of nets 24468428685312"
RUN-1002 : start command "get_ports clkr"
RUN-1002 : start command "get_nets  clkr  "
RUN-1002 : start command "get_clocks -nowarn -of nets 8985071583232"
RUN-1002 : start command "get_property -nowarn -max PERIOD "
RUN-1002 : start command "get_property -nowarn -max PERIOD "
RUN-1002 : start command "get_regs rd_to_wr_cross_inst/primary_addr_gray_reg[*]"
RUN-1002 : start command "get_regs rd_to_wr_cross_inst/sync_r1[*]"
RUN-1002 : start command "set_max_delay -from  -to  9.6999999999999993 -datapath_only"
RUN-1002 : start command "get_regs rd_to_wr_cross_inst/primary_addr_gray_reg[*]"
RUN-1002 : start command "get_regs rd_to_wr_cross_inst/sync_r1[*]"
RUN-1002 : start command "set_false_path -from  -to  -hold 9.6999999999999993"
USR-1002 : set_false_path -help -setup -hold -from <list> -rise_from <list> -fall_from <list> -to <list> -rise_to <list> -fall_to <list> -through <list>
RUN-1002 : start command "get_regs wr_to_rd_cross_inst/primary_addr_gray_reg[*]"
RUN-1002 : start command "get_regs wr_to_rd_cross_inst/sync_r1[*]"
RUN-1002 : start command "set_max_delay -from  -to  9.6999999999999993 -datapath_only"
RUN-1002 : start command "get_regs wr_to_rd_cross_inst/primary_addr_gray_reg[*]"
RUN-1002 : start command "get_regs wr_to_rd_cross_inst/sync_r1[*]"
RUN-1002 : start command "set_false_path -from  -to  -hold 9.6999999999999993"
USR-1002 : set_false_path -help -setup -hold -from <list> -rise_from <list> -fall_from <list> -to <list> -rise_to <list> -fall_to <list> -through <list>
RUN-1002 : start command "place"
RUN-1001 : Open license file D:/Program/Anlogic/TD5.6.2/license/Anlogic.lic
RUN-1001 : Print Global Property
RUN-1001 : ---------------------------------------------------------------
RUN-1001 :        Parameters        |  Settings  |  Default Values  |  Note  
RUN-1001 : ---------------------------------------------------------------
RUN-1001 :          message         |  standard  |     standard     |        
RUN-1001 :   mixed_pack_place_flow  |     on     |        on        |        
RUN-1001 :        qor_monitor       |    off     |       off        |        
RUN-1001 :        syn_ip_flow       |    off     |       off        |        
RUN-1001 :          thread          |    auto    |       auto       |        
RUN-1001 : ---------------------------------------------------------------
RUN-1001 : Print Place Property
RUN-1001 : --------------------------------------------------------------
RUN-1001 :        Parameters       |  Settings  |  Default Values  |  Note  
RUN-1001 : --------------------------------------------------------------
RUN-1001 :      detailed_place     |     on     |        on        |        
RUN-1001 :          effort         |   medium   |      medium      |        
RUN-1001 :         fix_hold        |    off     |       off        |        
RUN-1001 :       legalization      |    ori     |       ori        |        
RUN-1001 :      new_spreading      |     on     |        on        |        
RUN-1001 :        opt_timing       |   medium   |      medium      |        
RUN-1001 :   post_clock_route_opt  |    off     |       off        |        
RUN-1001 :       pr_strategy       |     1      |        1         |        
RUN-1001 :        relaxation       |    1.00    |       1.00       |        
RUN-1001 :         retiming        |    off     |       off        |        
RUN-1001 : --------------------------------------------------------------
PHY-3001 : Placer runs in 16 thread(s).
RUN-1002 : start command "legalize_phy_inst"
SYN-1011 : Flatten model top
SYN-5055 WARNING: The kept net frame_read_write_m0/frame_fifo_read_m0/App_rd_en_d0 will be merged to another kept net U3/App_rd_en
SYN-5055 WARNING: The kept net U3/u2_ram/u2_wrrd/App_rd_en will be merged to another kept net U3/App_rd_en
SYN-5055 WARNING: The kept net frame_read_write_m0/Sdr_rd_dout[15] will be merged to another kept net U3/Sdr_rd_dout[15]
SYN-5055 WARNING: The kept net frame_read_write_m0/Sdr_rd_dout[14] will be merged to another kept net U3/Sdr_rd_dout[14]
SYN-5055 WARNING: The kept net frame_read_write_m0/Sdr_rd_dout[13] will be merged to another kept net U3/Sdr_rd_dout[13]
SYN-5055 WARNING: The kept net frame_read_write_m0/Sdr_rd_dout[12] will be merged to another kept net U3/Sdr_rd_dout[12]
SYN-5055 WARNING: The kept net frame_read_write_m0/Sdr_rd_dout[11] will be merged to another kept net U3/Sdr_rd_dout[11]
SYN-5055 WARNING: The kept net frame_read_write_m0/Sdr_rd_dout[10] will be merged to another kept net U3/Sdr_rd_dout[10]
SYN-5055 WARNING: The kept net frame_read_write_m0/Sdr_rd_dout[9] will be merged to another kept net U3/Sdr_rd_dout[9]
SYN-5055 WARNING: The kept net frame_read_write_m0/Sdr_rd_dout[8] will be merged to another kept net U3/Sdr_rd_dout[8]
SYN-5055 Similar messages will be suppressed.
RUN-1002 : start command "phys_opt -simplify_lut"
SYN-1032 : 2803/1 useful/useless nets, 2427/0 useful/useless insts
SYN-4016 : Net frame_read_write_m0/write_buf/clkw driven by BUFG (429 clock/control pins, 1 other pins).
SYN-4016 : Net frame_read_write_m0/read_buf/clkr driven by BUFG (131 clock/control pins, 1 other pins).
SYN-4027 : Net U3/u2_ram/SDRAM_CLK is clkc1 of pll sys_pll_m0/pll_inst.
SYN-4019 : Net clk_dup_1 is refclk of pll sys_pll_m0/pll_inst.
SYN-4020 : Net clk_dup_1 is fbclk of pll sys_pll_m0/pll_inst.
SYN-4019 : Net clk_dup_1 is refclk of pll video_pll_m0/pll_inst.
SYN-4020 : Net clk_dup_1 is fbclk of pll video_pll_m0/pll_inst.
SYN-4025 : Tag rtl::Net U3/u2_ram/SDRAM_CLK as clock net
SYN-4025 : Tag rtl::Net clk_dup_1 as clock net
SYN-4025 : Tag rtl::Net frame_read_write_m0/read_buf/clkr as clock net
SYN-4025 : Tag rtl::Net frame_read_write_m0/write_buf/clkw as clock net
SYN-4026 : Tagged 4 rtl::Net as clock net
PHY-1001 : Populate physical database on model top.
RUN-1001 : There are total 2427 instances
RUN-0007 : 1012 luts, 1074 seqs, 147 mslices, 83 lslices, 102 pads, 2 brams, 0 dsps
RUN-1001 : There are total 2803 nets
RUN-6004 WARNING: There are 16 nets with only 1 pin.
RUN-1001 : 1991 nets have 2 pins
RUN-1001 : 564 nets have [3 - 5] pins
RUN-1001 : 136 nets have [6 - 10] pins
RUN-1001 : 51 nets have [11 - 20] pins
RUN-1001 : 40 nets have [21 - 99] pins
RUN-1001 : 5 nets have 100+ pins
RUN-1001 : Report Control nets information:
RUN-1001 : DFF Distribution
RUN-1001 : ----------------------------------
RUN-1001 :   CE   |  SSR  |  ASR  |  DFF Count  
RUN-1001 : ----------------------------------
RUN-1001 :   No   |  No   |  No   |     257     
RUN-1001 :   No   |  No   |  Yes  |     516     
RUN-1001 :   No   |  Yes  |  No   |     65      
RUN-1001 :   Yes  |  No   |  No   |     16      
RUN-1001 :   Yes  |  No   |  Yes  |     202     
RUN-1001 :   Yes  |  Yes  |  No   |     18      
RUN-1001 : ----------------------------------
RUN-0007 : Control Group Statistic
RUN-0007 : ---------------------------
RUN-0007 :   #CLK  |  #CE  |  #SSR/ASR  
RUN-0007 : ---------------------------
RUN-0007 :    4    |  21   |     8      
RUN-0007 : ---------------------------
RUN-0007 : Control Set = 34
PHY-3001 : Initial placement ...
PHY-3001 : design contains 2425 instances, 1012 luts, 1074 seqs, 230 slices, 35 macros(230 instances: 147 mslices 83 lslices)
PHY-0007 : Cell area utilization is 7%
PHY-3001 : Start timing update ...
RUN-1002 : start command "start_timer -report"
TMR-2505 : Start building timing graph for model top.
TMR-2506 : Build timing graph completely. Port num: 22, tpin num: 10946, tnet num: 2801, tinst num: 2425, tnode num: 14350, tedge num: 17363.
TMR-2508 : Levelizing timing graph completed, there are 43 levels in total.
TMR-2501 : Timing graph initialized successfully.
TMR-2503 : Start to update net delay, extr mode = 2.
TMR-2504 : Update delay of 2801 nets completely.
TMR-2502 : Annotate delay completely, extr mode = 2.
TMR-3001 : Initiate 4 clocks from SDC.
TMR-3004 : Map sdc constraints, there are 8 constraints in total.
TMR-3003 : Constraints initiated successfully.
TMR-3501 : Forward propagation: start to calculate arrival time...
TMR-3502 : Backward propagation: start to calculate required time...
TMR-3503 : Timing propagation completes.
PHY-3001 : End timing update;  0.433395s wall, 0.265625s user + 0.000000s system = 0.265625s CPU (61.3%)

PHY-3001 : Global placement ...
PHY-3001 : Initial: Len = 644147
PHY-3001 : Clustering ...
PHY-3001 : Level 0 #clusters 2425.
PHY-3001 : End clustering;  0.000008s wall, 0.000000s user + 0.000000s system = 0.000000s CPU (n/a%)

PHY-3001 : Run with size of 4
PHY-3001 : Cell area utilization is 7%
PHY-3001 : :::0::: Try harder cell spreading with beta_ = 0
PHY-3002 : Step(1): len = 509774, overlap = 4.5
PHY-3002 : Step(2): len = 418212, overlap = 2.25
PHY-3002 : Step(3): len = 369048, overlap = 2.25
PHY-3002 : Step(4): len = 334630, overlap = 2.25
PHY-3002 : Step(5): len = 299550, overlap = 2.375
PHY-3002 : Step(6): len = 272270, overlap = 5.34375
PHY-3002 : Step(7): len = 246739, overlap = 6.5625
PHY-3002 : Step(8): len = 213892, overlap = 5.0625
PHY-3002 : Step(9): len = 190452, overlap = 9
PHY-3002 : Step(10): len = 169445, overlap = 17.1875
PHY-3002 : Step(11): len = 149202, overlap = 21.4688
PHY-3002 : Step(12): len = 133307, overlap = 27.0312
PHY-3002 : Step(13): len = 124969, overlap = 28.125
PHY-3002 : Step(14): len = 115544, overlap = 25.8438
PHY-3002 : Step(15): len = 106472, overlap = 26.7188
PHY-3002 : Step(16): len = 99071.4, overlap = 26.5
PHY-3002 : Step(17): len = 94368.8, overlap = 28.0625
PHY-3001 : :::1::: Try harder cell spreading with beta_ = 0.00696033
PHY-3002 : Step(18): len = 98358.8, overlap = 25.9688
PHY-3002 : Step(19): len = 98336.9, overlap = 25.9688
PHY-3002 : Step(20): len = 93900.2, overlap = 23.6562
PHY-3002 : Step(21): len = 92324.3, overlap = 28.0938
PHY-3002 : Step(22): len = 91605.4, overlap = 28.125
PHY-3002 : Step(23): len = 91257.1, overlap = 28.25
PHY-3001 : :::2::: Try harder cell spreading with beta_ = 0.0139207
PHY-3002 : Step(24): len = 91245.7, overlap = 28.25
PHY-3002 : Step(25): len = 91138.6, overlap = 28.1562
PHY-3001 : :::3::: Try harder cell spreading with beta_ = 0.0278413
PHY-3002 : Step(26): len = 90927.9, overlap = 28.0938
PHY-3002 : Step(27): len = 90753.3, overlap = 28
PHY-3001 : :::4::: Try harder cell spreading with beta_ = 0.0556826
PHY-3002 : Step(28): len = 90703.2, overlap = 28.0312
PHY-3002 : Step(29): len = 90703.2, overlap = 28.0312
PHY-3001 : Legalization ...
PHY-3001 : End legalization;  0.004813s wall, 0.000000s user + 0.000000s system = 0.000000s CPU (n/a%)

PHY-3001 : Run with size of 4
PHY-3001 : Cell area utilization is 9%
PHY-3001 : Update timing in Manhattan mode ...
TMR-2503 : Start to update net delay, extr mode = 3.
TMR-2504 : Update delay of 2801 nets completely.
TMR-2502 : Annotate delay completely, extr mode = 3.
TMR-3501 : Forward propagation: start to calculate arrival time...
TMR-3502 : Backward propagation: start to calculate required time...
TMR-3503 : Timing propagation completes.
PHY-3001 : End timing update;  0.053504s wall, 0.062500s user + 0.000000s system = 0.062500s CPU (116.8%)

PHY-3001 : :::0::: Try harder cell spreading with beta_ = 4.36605e-05
PHY-3002 : Step(30): len = 88957.2, overlap = 45.5625
PHY-3002 : Step(31): len = 88959.1, overlap = 43.8125
PHY-3002 : Step(32): len = 86557.7, overlap = 42.0312
PHY-3002 : Step(33): len = 85246.3, overlap = 42
PHY-3002 : Step(34): len = 83140.6, overlap = 42.6875
PHY-3002 : Step(35): len = 81737.2, overlap = 44.9375
PHY-3002 : Step(36): len = 81085.5, overlap = 42.3125
PHY-3002 : Step(37): len = 79424.3, overlap = 42.125
PHY-3002 : Step(38): len = 78563.8, overlap = 40.4375
PHY-3002 : Step(39): len = 77558.4, overlap = 40.6875
PHY-3002 : Step(40): len = 76246.3, overlap = 37.4688
PHY-3002 : Step(41): len = 75046.2, overlap = 36.0312
PHY-3002 : Step(42): len = 73803.2, overlap = 36.7812
PHY-3002 : Step(43): len = 72939, overlap = 37.375
PHY-3002 : Step(44): len = 72059.2, overlap = 38.5312
PHY-3002 : Step(45): len = 71092.8, overlap = 39.625
PHY-3002 : Step(46): len = 70049, overlap = 39.9062
PHY-3002 : Step(47): len = 69276.5, overlap = 41
PHY-3002 : Step(48): len = 68774.4, overlap = 42.0312
PHY-3002 : Step(49): len = 68072.2, overlap = 44.7188
PHY-3002 : Step(50): len = 67045.6, overlap = 44.7188
PHY-3002 : Step(51): len = 65925.9, overlap = 45.0938
PHY-3002 : Step(52): len = 65026.1, overlap = 45.3125
PHY-3002 : Step(53): len = 64025.2, overlap = 47.0938
PHY-3002 : Step(54): len = 63068.8, overlap = 45.9062
PHY-3002 : Step(55): len = 62332.9, overlap = 43.3438
PHY-3002 : Step(56): len = 62026.2, overlap = 42.75
PHY-3002 : Step(57): len = 61301.3, overlap = 42.9688
PHY-3001 : :::1::: Try harder cell spreading with beta_ = 8.7321e-05
PHY-3002 : Step(58): len = 61118.4, overlap = 43.9375
PHY-3002 : Step(59): len = 61157.1, overlap = 43.875
PHY-3001 : :::2::: Try harder cell spreading with beta_ = 0.000174642
PHY-3002 : Step(60): len = 61596.8, overlap = 45.1875
PHY-3002 : Step(61): len = 61866.1, overlap = 45.3438
PHY-3002 : Step(62): len = 62300.9, overlap = 48.8125
PHY-3002 : Step(63): len = 62482.2, overlap = 49.7812
PHY-3002 : Step(64): len = 62571.9, overlap = 49.7188
PHY-3001 : :::3::: Try harder cell spreading with beta_ = 0.000349284
PHY-3002 : Step(65): len = 62105.2, overlap = 47.375
PHY-3002 : Step(66): len = 62077.1, overlap = 47.2188
PHY-3001 : :::4::: Try harder cell spreading with beta_ = 0.000698568
PHY-3002 : Step(67): len = 62150.6, overlap = 44
PHY-3002 : Step(68): len = 62390.8, overlap = 43.8438
PHY-3002 : Step(69): len = 62525.2, overlap = 43.5312
PHY-3001 : Run with size of 2
PHY-3001 : Cell area utilization is 9%
PHY-3001 : Update timing in Manhattan mode ...
TMR-2503 : Start to update net delay, extr mode = 3.
TMR-2504 : Update delay of 2801 nets completely.
TMR-2502 : Annotate delay completely, extr mode = 3.
TMR-3501 : Forward propagation: start to calculate arrival time...
TMR-3502 : Backward propagation: start to calculate required time...
TMR-3503 : Timing propagation completes.
PHY-3001 : End timing update;  0.060787s wall, 0.062500s user + 0.000000s system = 0.062500s CPU (102.8%)

PHY-3001 : :::0::: Try harder cell spreading with beta_ = 8.63935e-05
PHY-3002 : Step(70): len = 62151.7, overlap = 81.7188
PHY-3002 : Step(71): len = 63028.3, overlap = 79.875
PHY-3002 : Step(72): len = 63346.1, overlap = 77.4688
PHY-3002 : Step(73): len = 63039.4, overlap = 74.2188
PHY-3002 : Step(74): len = 62860.2, overlap = 70.8438
PHY-3002 : Step(75): len = 62758.8, overlap = 67.6562
PHY-3002 : Step(76): len = 62606.3, overlap = 63.5625
PHY-3002 : Step(77): len = 62483.8, overlap = 63.9688
PHY-3002 : Step(78): len = 62314.4, overlap = 64.0625
PHY-3001 : :::1::: Try harder cell spreading with beta_ = 0.000172787
PHY-3002 : Step(79): len = 62045.6, overlap = 63.9062
PHY-3002 : Step(80): len = 62228.7, overlap = 61.9375
PHY-3002 : Step(81): len = 62297.1, overlap = 62.7812
PHY-3001 : :::2::: Try harder cell spreading with beta_ = 0.000345574
PHY-3002 : Step(82): len = 63173.6, overlap = 58.4375
PHY-3002 : Step(83): len = 63655.1, overlap = 56.375
PHY-3002 : Step(84): len = 63941.1, overlap = 55.7188
PHY-3001 : :::3::: Try harder cell spreading with beta_ = 0.000691148
PHY-3002 : Step(85): len = 64657.1, overlap = 50.9062
PHY-3002 : Step(86): len = 65081.6, overlap = 51
PHY-3002 : Step(87): len = 65442.7, overlap = 49.7188
PHY-3002 : Step(88): len = 65161.8, overlap = 49.9688
PHY-3002 : Step(89): len = 64882.9, overlap = 50.4062
PHY-3001 : :::4::: Try harder cell spreading with beta_ = 0.0013823
PHY-3002 : Step(90): len = 65015.4, overlap = 50.625
PHY-3002 : Step(91): len = 65045, overlap = 47.7188
PHY-3002 : Step(92): len = 65045, overlap = 47.7188
PHY-3001 : :::5::: Try harder cell spreading with beta_ = 0.00276459
PHY-3002 : Step(93): len = 65744.6, overlap = 44.6875
PHY-3002 : Step(94): len = 66172.7, overlap = 42.0938
PHY-3001 : :::6::: Try harder cell spreading with beta_ = 0.00552919
PHY-3002 : Step(95): len = 66195.8, overlap = 41.8438
PHY-3002 : Step(96): len = 66239.8, overlap = 40.5312
OPT-1001 : Start physical optimization ...
RUN-1002 : start command "start_timer -report"
TMR-2505 : Start building timing graph for model top.
TMR-2506 : Build timing graph completely. Port num: 22, tpin num: 10946, tnet num: 2801, tinst num: 2425, tnode num: 14350, tedge num: 17363.
TMR-2508 : Levelizing timing graph completed, there are 43 levels in total.
TMR-2501 : Timing graph initialized successfully.
OPT-1001 : Total overflow 105.97 peak overflow 4.81
OPT-1001 : Start high-fanout net optimization ...
OPT-1001 : Update timing in global mode
PHY-1001 : Start incremental global routing, caller is place ...
RUN-1001 : Generating global routing grids ...
RUN-1001 : Building simple global routing graph ...
PHY-1001 : Generate routing nets ...
PHY-1001 : Reuse net number 0/2803.
PHY-1001 : Global iterations in 16 thread ...
PHY-1002 : len = 74304, over cnt = 242(0%), over = 748, worst = 15
PHY-1001 : End global iterations;  0.079170s wall, 0.031250s user + 0.000000s system = 0.031250s CPU (39.5%)

PHY-1001 : Congestion index: top1 = 33.25, top5 = 23.32, top10 = 17.30, top15 = 13.31.
PHY-1001 : End incremental global routing;  0.120982s wall, 0.062500s user + 0.000000s system = 0.062500s CPU (51.7%)

TMR-2503 : Start to update net delay, extr mode = 5.
TMR-2504 : Update delay of 2801 nets completely.
TMR-2502 : Annotate delay completely, extr mode = 5.
TMR-3001 : Initiate 4 clocks from SDC.
TMR-3004 : Map sdc constraints, there are 8 constraints in total.
TMR-3003 : Constraints initiated successfully.
TMR-3501 : Forward propagation: start to calculate arrival time...
TMR-3502 : Backward propagation: start to calculate required time...
TMR-3503 : Timing propagation completes.
OPT-1001 : End timing update;  0.058850s wall, 0.046875s user + 0.000000s system = 0.046875s CPU (79.7%)

OPT-1001 : 1 high-fanout net processed.
PHY-3001 : Start incremental placement ...
PHY-1001 : Populate physical database on model top.
PHY-3001 : Initial placement ...
PHY-3001 : eco special cells: 1 has valid locations, 0 needs to be replaced
PHY-3001 : eco pad cells: 102 has valid locations, 0 needs to be replaced
PHY-3001 : eco cells: 2317 has valid locations, 5 needs to be replaced
PHY-3001 : design contains 2429 instances, 1016 luts, 1074 seqs, 230 slices, 35 macros(230 instances: 147 mslices 83 lslices)
PHY-3001 : Global placement ...
PHY-3001 : Initial: Len = 66656.8
PHY-3001 : Run with size of 4
PHY-3001 : Cell area utilization is 9%
PHY-3001 : Update timing in Manhattan mode ...
RUN-1002 : start command "start_timer -report"
TMR-2505 : Start building timing graph for model top.
TMR-2506 : Build timing graph completely. Port num: 22, tpin num: 10962, tnet num: 2805, tinst num: 2429, tnode num: 14366, tedge num: 17387.
TMR-2508 : Levelizing timing graph completed, there are 43 levels in total.
TMR-2501 : Timing graph initialized successfully.
TMR-2503 : Start to update net delay, extr mode = 3.
TMR-2504 : Update delay of 2805 nets completely.
TMR-2502 : Annotate delay completely, extr mode = 3.
TMR-3001 : Initiate 4 clocks from SDC.
TMR-3004 : Map sdc constraints, there are 8 constraints in total.
TMR-3003 : Constraints initiated successfully.
TMR-3501 : Forward propagation: start to calculate arrival time...
TMR-3502 : Backward propagation: start to calculate required time...
TMR-3503 : Timing propagation completes.
PHY-3001 : End timing update;  0.454689s wall, 0.343750s user + 0.000000s system = 0.343750s CPU (75.6%)

PHY-3001 : :::0::: Try harder cell spreading with beta_ = 0
PHY-3002 : Step(97): len = 66537.9, overlap = 3.40625
PHY-3002 : Step(98): len = 66517.8, overlap = 3.40625
PHY-3002 : Step(99): len = 66517.8, overlap = 3.40625
PHY-3002 : Step(100): len = 66517.8, overlap = 3.40625
PHY-3001 : Run with size of 2
PHY-3001 : Cell area utilization is 9%
PHY-3001 : Update timing in Manhattan mode ...
TMR-2503 : Start to update net delay, extr mode = 3.
TMR-2504 : Update delay of 2805 nets completely.
TMR-2502 : Annotate delay completely, extr mode = 3.
TMR-3501 : Forward propagation: start to calculate arrival time...
TMR-3502 : Backward propagation: start to calculate required time...
TMR-3503 : Timing propagation completes.
PHY-3001 : End timing update;  0.049124s wall, 0.046875s user + 0.000000s system = 0.046875s CPU (95.4%)

PHY-3001 : :::0::: Try harder cell spreading with beta_ = 0.00197271
PHY-3002 : Step(101): len = 66542, overlap = 40.5625
PHY-3002 : Step(102): len = 66542, overlap = 40.5625
PHY-3001 : Final: Len = 66542, Over = 40.5625
PHY-3001 : End incremental placement;  0.598245s wall, 0.406250s user + 0.000000s system = 0.406250s CPU (67.9%)

OPT-1001 : Total overflow 106.03 peak overflow 4.81
OPT-1001 : End high-fanout net optimization;  0.814198s wall, 0.546875s user + 0.000000s system = 0.546875s CPU (67.2%)

OPT-1001 : Current memory(MB): used = 224, reserve = 196, peak = 224.
OPT-1001 : Start global optimization ...
OPT-1001 : Start congestion update ...
RUN-1001 : Generating global routing grids ...
PHY-1001 : Generate routing nets ...
PHY-1001 : Reuse net number 1875/2807.
PHY-1001 : Global iterations in 16 thread ...
PHY-1002 : len = 74496, over cnt = 242(0%), over = 739, worst = 15
PHY-1002 : len = 79040, over cnt = 144(0%), over = 297, worst = 11
PHY-1002 : len = 82160, over cnt = 24(0%), over = 43, worst = 11
PHY-1002 : len = 82696, over cnt = 3(0%), over = 3, worst = 1
PHY-1002 : len = 82744, over cnt = 0(0%), over = 0, worst = 0
PHY-1001 : End global iterations;  0.068520s wall, 0.015625s user + 0.000000s system = 0.015625s CPU (22.8%)

PHY-1001 : Congestion index: top1 = 30.75, top5 = 23.16, top10 = 18.17, top15 = 14.31.
OPT-1001 : End congestion update;  0.107496s wall, 0.031250s user + 0.000000s system = 0.031250s CPU (29.1%)

OPT-1001 : Update timing in Manhattan mode
TMR-2503 : Start to update net delay, extr mode = 3.
TMR-2504 : Update delay of 2805 nets completely.
TMR-2502 : Annotate delay completely, extr mode = 3.
TMR-3501 : Forward propagation: start to calculate arrival time...
TMR-3502 : Backward propagation: start to calculate required time...
TMR-3503 : Timing propagation completes.
OPT-1001 : End timing update;  0.049856s wall, 0.031250s user + 0.000000s system = 0.031250s CPU (62.7%)

OPT-0007 : Start: WNS 4474 TNS 0 NUM_FEPS 0
OPT-1001 : End global optimization;  0.157608s wall, 0.062500s user + 0.000000s system = 0.062500s CPU (39.7%)

OPT-1001 : Current memory(MB): used = 219, reserve = 191, peak = 224.
OPT-1001 : End physical optimization;  1.409329s wall, 0.875000s user + 0.000000s system = 0.875000s CPU (62.1%)

PHY-3001 : Start packing ...
SYN-4007 : Packing 0 MUX to BLE ...
SYN-4008 : Packed 0 MUX and 0 SEQ to BLE.
SYN-4007 : Packing 1016 LUT to BLE ...
SYN-4008 : Packed 1016 LUT and 537 SEQ to BLE.
SYN-4003 : Packing 537 remaining SEQ's ...
SYN-4005 : Packed 156 SEQ with LUT/SLICE
SYN-4006 : 356 single LUT's are left
SYN-4006 : 381 single SEQ's are left
SYN-4011 : Packing model "top" (AL_USER_NORMAL) with 1397/1950 primitive instances ...
PHY-3001 : End packing;  0.058191s wall, 0.046875s user + 0.000000s system = 0.046875s CPU (80.6%)

PHY-1001 : Populate physical database on model top.
RUN-1001 : There are total 1105 instances
RUN-1001 : 497 mslices, 497 lslices, 102 pads, 2 brams, 0 dsps
RUN-1001 : There are total 2309 nets
RUN-6004 WARNING: There are 16 nets with only 1 pin.
RUN-1001 : 1510 nets have 2 pins
RUN-1001 : 540 nets have [3 - 5] pins
RUN-1001 : 143 nets have [6 - 10] pins
RUN-1001 : 53 nets have [11 - 20] pins
RUN-1001 : 43 nets have [21 - 99] pins
RUN-1001 : 4 nets have 100+ pins
PHY-3001 : design contains 1103 instances, 994 slices, 35 macros(230 instances: 147 mslices 83 lslices)
PHY-3001 : Cell area utilization is 13%
PHY-3001 : After packing: Len = 66228.2, Over = 62.75
PHY-3001 : Run with size of 2
PHY-3001 : Cell area utilization is 13%
PHY-3001 : Update timing in Manhattan mode ...
RUN-1002 : start command "start_timer -report"
TMR-2505 : Start building timing graph for model top.
TMR-2506 : Build timing graph completely. Port num: 22, tpin num: 9209, tnet num: 2307, tinst num: 1103, tnode num: 11719, tedge num: 15423.
TMR-2508 : Levelizing timing graph completed, there are 41 levels in total.
TMR-2501 : Timing graph initialized successfully.
TMR-2503 : Start to update net delay, extr mode = 3.
TMR-2504 : Update delay of 2307 nets completely.
TMR-2502 : Annotate delay completely, extr mode = 3.
TMR-3001 : Initiate 4 clocks from SDC.
TMR-3004 : Map sdc constraints, there are 8 constraints in total.
TMR-3003 : Constraints initiated successfully.
TMR-3501 : Forward propagation: start to calculate arrival time...
TMR-3502 : Backward propagation: start to calculate required time...
TMR-3503 : Timing propagation completes.
PHY-3001 : End timing update;  0.472408s wall, 0.375000s user + 0.000000s system = 0.375000s CPU (79.4%)

PHY-3001 : :::0::: Try harder cell spreading with beta_ = 9.30893e-05
PHY-3002 : Step(103): len = 64496.6, overlap = 67.25
PHY-3002 : Step(104): len = 63814.7, overlap = 65.75
PHY-3002 : Step(105): len = 63397.4, overlap = 72
PHY-3002 : Step(106): len = 63442, overlap = 73.5
PHY-3002 : Step(107): len = 62966.6, overlap = 73
PHY-3002 : Step(108): len = 62862.6, overlap = 72.75
PHY-3002 : Step(109): len = 62659.6, overlap = 73.5
PHY-3001 : :::1::: Try harder cell spreading with beta_ = 0.000186179
PHY-3002 : Step(110): len = 63382.6, overlap = 70.75
PHY-3002 : Step(111): len = 64174.1, overlap = 67.25
PHY-3002 : Step(112): len = 64886.5, overlap = 64.5
PHY-3001 : :::2::: Try harder cell spreading with beta_ = 0.000372357
PHY-3002 : Step(113): len = 65383, overlap = 62.75
PHY-3002 : Step(114): len = 66060.6, overlap = 60.5
PHY-3002 : Step(115): len = 66727.6, overlap = 59.75
PHY-3001 : Legalization ...
PHY-3001 : End legalization;  0.138615s wall, 0.000000s user + 0.000000s system = 0.000000s CPU (n/a%)

PHY-3001 : Trial Legalized: Len = 82182.8
PHY-3001 : Run with size of 2
PHY-3001 : Cell area utilization is 12%
PHY-3001 : Update timing in Manhattan mode ...
TMR-2503 : Start to update net delay, extr mode = 3.
TMR-2504 : Update delay of 2307 nets completely.
TMR-2502 : Annotate delay completely, extr mode = 3.
TMR-3501 : Forward propagation: start to calculate arrival time...
TMR-3502 : Backward propagation: start to calculate required time...
TMR-3503 : Timing propagation completes.
PHY-3001 : End timing update;  0.045032s wall, 0.000000s user + 0.000000s system = 0.000000s CPU (n/a%)

PHY-3001 : :::0::: Try harder cell spreading with beta_ = 0.00119907
PHY-3002 : Step(116): len = 77435.8, overlap = 11
PHY-3002 : Step(117): len = 75539.9, overlap = 15
PHY-3002 : Step(118): len = 73523, overlap = 19.75
PHY-3002 : Step(119): len = 71929.9, overlap = 24
PHY-3002 : Step(120): len = 70168.2, overlap = 30
PHY-3002 : Step(121): len = 69456.9, overlap = 30
PHY-3002 : Step(122): len = 68942.6, overlap = 33.25
PHY-3001 : :::1::: Try harder cell spreading with beta_ = 0.00239814
PHY-3002 : Step(123): len = 69060.9, overlap = 33
PHY-3002 : Step(124): len = 69050.3, overlap = 34
PHY-3001 : :::2::: Try harder cell spreading with beta_ = 0.00479628
PHY-3002 : Step(125): len = 69142.4, overlap = 33.75
PHY-3002 : Step(126): len = 69235.3, overlap = 33.25
PHY-3001 : Legalization ...
PHY-3001 : End legalization;  0.004797s wall, 0.000000s user + 0.000000s system = 0.000000s CPU (n/a%)

PHY-3001 : Legalized: Len = 77349.2, Over = 0
PHY-3001 : Spreading special nets. 14 overflows in 2952 tiles.
PHY-3001 : End spreading;  0.005585s wall, 0.000000s user + 0.000000s system = 0.000000s CPU (n/a%)

PHY-3001 : 21 instances has been re-located, deltaX = 9, deltaY = 15, maxDist = 3.
PHY-3001 : Final: Len = 77613.2, Over = 0
OPT-1001 : Start physical optimization ...
RUN-1002 : start command "start_timer -report"
TMR-2505 : Start building timing graph for model top.
TMR-2506 : Build timing graph completely. Port num: 22, tpin num: 9209, tnet num: 2307, tinst num: 1103, tnode num: 11719, tedge num: 15423.
TMR-2508 : Levelizing timing graph completed, there are 41 levels in total.
TMR-2501 : Timing graph initialized successfully.
OPT-1001 : Total overflow 0.00 peak overflow 0.00
OPT-1001 : Start high-fanout net optimization ...
OPT-1001 : Update timing in global mode
PHY-1001 : Start incremental global routing, caller is place ...
RUN-1001 : Generating global routing grids ...
PHY-1001 : Generate routing nets ...
PHY-1001 : Reuse net number 101/2309.
PHY-1001 : Global iterations in 16 thread ...
PHY-1002 : len = 90168, over cnt = 187(0%), over = 325, worst = 6
PHY-1002 : len = 91400, over cnt = 91(0%), over = 142, worst = 6
PHY-1002 : len = 92352, over cnt = 41(0%), over = 63, worst = 4
PHY-1002 : len = 93056, over cnt = 2(0%), over = 2, worst = 1
PHY-1002 : len = 93080, over cnt = 0(0%), over = 0, worst = 0
PHY-1001 : End global iterations;  0.128916s wall, 0.000000s user + 0.000000s system = 0.000000s CPU (n/a%)

PHY-1001 : Congestion index: top1 = 28.60, top5 = 22.60, top10 = 18.75, top15 = 15.41.
PHY-1001 : End incremental global routing;  0.177428s wall, 0.015625s user + 0.000000s system = 0.015625s CPU (8.8%)

TMR-2503 : Start to update net delay, extr mode = 5.
TMR-2504 : Update delay of 2307 nets completely.
TMR-2502 : Annotate delay completely, extr mode = 5.
TMR-3001 : Initiate 4 clocks from SDC.
TMR-3004 : Map sdc constraints, there are 8 constraints in total.
TMR-3003 : Constraints initiated successfully.
TMR-3501 : Forward propagation: start to calculate arrival time...
TMR-3502 : Backward propagation: start to calculate required time...
TMR-3503 : Timing propagation completes.
OPT-1001 : End timing update;  0.053942s wall, 0.046875s user + 0.000000s system = 0.046875s CPU (86.9%)

OPT-1001 : 1 high-fanout net processed.
PHY-3001 : Start incremental placement ...
PHY-1001 : Populate physical database on model top.
PHY-3001 : Initial placement ...
PHY-3001 : eco special cells: 1 has valid locations, 0 needs to be replaced
PHY-3001 : eco pad cells: 102 has valid locations, 0 needs to be replaced
PHY-3001 : eco cells: 995 has valid locations, 4 needs to be replaced
PHY-3001 : design contains 1106 instances, 997 slices, 35 macros(230 instances: 147 mslices 83 lslices)
PHY-3001 : Global placement ...
PHY-3001 : Initial: Len = 77905.4
PHY-3001 : Run with size of 4
PHY-3001 : Cell area utilization is 13%
PHY-3001 : Update timing in Manhattan mode ...
RUN-1002 : start command "start_timer -report"
TMR-2505 : Start building timing graph for model top.
TMR-2506 : Build timing graph completely. Port num: 22, tpin num: 9251, tnet num: 2313, tinst num: 1106, tnode num: 11773, tedge num: 15498.
TMR-2508 : Levelizing timing graph completed, there are 41 levels in total.
TMR-2501 : Timing graph initialized successfully.
TMR-2503 : Start to update net delay, extr mode = 3.
TMR-2504 : Update delay of 2313 nets completely.
TMR-2502 : Annotate delay completely, extr mode = 3.
TMR-3001 : Initiate 4 clocks from SDC.
TMR-3004 : Map sdc constraints, there are 8 constraints in total.
TMR-3003 : Constraints initiated successfully.
TMR-3501 : Forward propagation: start to calculate arrival time...
TMR-3502 : Backward propagation: start to calculate required time...
TMR-3503 : Timing propagation completes.
PHY-3001 : End timing update;  0.482214s wall, 0.281250s user + 0.000000s system = 0.281250s CPU (58.3%)

PHY-3001 : :::0::: Try harder cell spreading with beta_ = 0
PHY-3002 : Step(127): len = 77731, overlap = 0
PHY-3002 : Step(128): len = 77731, overlap = 0
PHY-3002 : Step(129): len = 77731, overlap = 0
PHY-3001 : Run with size of 2
PHY-3001 : Cell area utilization is 13%
PHY-3001 : Update timing in Manhattan mode ...
TMR-2503 : Start to update net delay, extr mode = 3.
TMR-2504 : Update delay of 2313 nets completely.
TMR-2502 : Annotate delay completely, extr mode = 3.
TMR-3501 : Forward propagation: start to calculate arrival time...
TMR-3502 : Backward propagation: start to calculate required time...
TMR-3503 : Timing propagation completes.
PHY-3001 : End timing update;  0.043985s wall, 0.031250s user + 0.000000s system = 0.031250s CPU (71.0%)

PHY-3001 : :::0::: Try harder cell spreading with beta_ = 0.00106054
PHY-3002 : Step(130): len = 77746.4, overlap = 0.75
PHY-3002 : Step(131): len = 77722.8, overlap = 0.75
PHY-3001 : Legalization ...
PHY-3001 : End legalization;  0.003514s wall, 0.000000s user + 0.000000s system = 0.000000s CPU (n/a%)

PHY-3001 : Legalized: Len = 77844.6, Over = 0
PHY-3001 : End spreading;  0.004418s wall, 0.000000s user + 0.000000s system = 0.000000s CPU (n/a%)

PHY-3001 : Final: Len = 77844.6, Over = 0
PHY-3001 : End incremental placement;  0.606456s wall, 0.328125s user + 0.015625s system = 0.343750s CPU (56.7%)

OPT-1001 : Total overflow 0.00 peak overflow 0.00
OPT-1001 : End high-fanout net optimization;  0.872961s wall, 0.390625s user + 0.015625s system = 0.406250s CPU (46.5%)

OPT-1001 : Current memory(MB): used = 227, reserve = 200, peak = 227.
OPT-1001 : Start path based optimization ...
OPT-1001 : Start congestion update ...
RUN-1001 : Generating global routing grids ...
PHY-1001 : Generate routing nets ...
PHY-1001 : Reuse net number 1940/2315.
PHY-1001 : Global iterations in 16 thread ...
PHY-1002 : len = 93240, over cnt = 11(0%), over = 12, worst = 2
PHY-1002 : len = 93232, over cnt = 1(0%), over = 1, worst = 1
PHY-1002 : len = 93248, over cnt = 0(0%), over = 0, worst = 0
PHY-1001 : End global iterations;  0.022273s wall, 0.000000s user + 0.000000s system = 0.000000s CPU (n/a%)

PHY-1001 : Congestion index: top1 = 28.53, top5 = 22.66, top10 = 18.83, top15 = 15.48.
OPT-1001 : End congestion update;  0.061842s wall, 0.015625s user + 0.000000s system = 0.015625s CPU (25.3%)

OPT-1001 : Update timing in Manhattan mode
TMR-2503 : Start to update net delay, extr mode = 3.
TMR-2504 : Update delay of 2313 nets completely.
TMR-2502 : Annotate delay completely, extr mode = 3.
TMR-3501 : Forward propagation: start to calculate arrival time...
TMR-3502 : Backward propagation: start to calculate required time...
TMR-3503 : Timing propagation completes.
OPT-1001 : End timing update;  0.045957s wall, 0.046875s user + 0.000000s system = 0.046875s CPU (102.0%)

OPT-0007 : Start: WNS 4469 TNS 0 NUM_FEPS 0
OPT-1001 : End path based optimization;  0.108036s wall, 0.062500s user + 0.000000s system = 0.062500s CPU (57.9%)

OPT-1001 : Current memory(MB): used = 227, reserve = 200, peak = 227.
OPT-1001 : Update timing in Manhattan mode
TMR-2503 : Start to update net delay, extr mode = 3.
TMR-2504 : Update delay of 2313 nets completely.
TMR-2502 : Annotate delay completely, extr mode = 3.
TMR-3501 : Forward propagation: start to calculate arrival time...
TMR-3502 : Backward propagation: start to calculate required time...
TMR-3503 : Timing propagation completes.
OPT-1001 : End timing update;  0.045873s wall, 0.015625s user + 0.000000s system = 0.015625s CPU (34.1%)

OPT-1001 : Start pin optimization...
OPT-1001 : skip pin optimization...
RUN-1001 : Generating global routing grids ...
PHY-1001 : Generate routing nets ...
PHY-1001 : Reuse net number 1946/2315.
PHY-1001 : Global iterations in 16 thread ...
PHY-1002 : len = 93248, over cnt = 0(0%), over = 0, worst = 0
PHY-1001 : End global iterations;  0.004520s wall, 0.000000s user + 0.000000s system = 0.000000s CPU (n/a%)

PHY-1001 : Congestion index: top1 = 28.53, top5 = 22.66, top10 = 18.83, top15 = 15.48.
OPT-1001 : Update timing in Manhattan mode
TMR-2503 : Start to update net delay, extr mode = 3.
TMR-2504 : Update delay of 2313 nets completely.
TMR-2502 : Annotate delay completely, extr mode = 3.
TMR-3501 : Forward propagation: start to calculate arrival time...
TMR-3502 : Backward propagation: start to calculate required time...
TMR-3503 : Timing propagation completes.
OPT-1001 : End timing update;  0.044265s wall, 0.031250s user + 0.000000s system = 0.031250s CPU (70.6%)

RUN-1001 : QoR Analysis:
OPT-0007 :   WNS 4469 TNS 0 NUM_FEPS 0
RUN-1001 :   No local congestion issue, and most congested 1% tile average routing util is 28.137931
RUN-1001 :   Top critical paths
RUN-1001 :       #1 path slack 4469ps with logic level 8 
RUN-1001 :       #2 path slack 4544ps with logic level 8 
RUN-1001 :       #3 path slack 4569ps with logic level 8 
OPT-1001 : End physical optimization;  1.577946s wall, 0.750000s user + 0.031250s system = 0.781250s CPU (49.5%)

RUN-1003 : finish command "place" in  6.516523s wall, 2.812500s user + 0.109375s system = 2.921875s CPU (44.8%)

RUN-1004 : used memory is 200 MB, reserved memory is 171 MB, peak memory is 228 MB
RUN-1002 : start command "export_db pic_sdram_place.db"
RUN-1001 : Exported /
RUN-1001 : Exported flow parameters
RUN-1001 : Exported libs
RUN-1001 : Exported entities
RUN-1001 : Exported ports
RUN-1001 : Exported pins
RUN-1001 : Exported instances
RUN-1001 : Exported nets
RUN-1001 : Exported buses
RUN-1001 : Exported models
RUN-1001 : Exported congestions
RUN-1001 : Exported violations
RUN-1001 : Exported timing constraints
RUN-1001 : Exported IO constraints
RUN-1001 : Exported Inst constraints
RUN-1002 : start command "route"
RUN-1001 : Open license file D:/Program/Anlogic/TD5.6.2/license/Anlogic.lic
RUN-1001 : Print Global Property
RUN-1001 : ---------------------------------------------------------------
RUN-1001 :        Parameters        |  Settings  |  Default Values  |  Note  
RUN-1001 : ---------------------------------------------------------------
RUN-1001 :          message         |  standard  |     standard     |        
RUN-1001 :   mixed_pack_place_flow  |     on     |        on        |        
RUN-1001 :        qor_monitor       |    off     |       off        |        
RUN-1001 :        syn_ip_flow       |    off     |       off        |        
RUN-1001 :          thread          |    auto    |       auto       |        
RUN-1001 : ---------------------------------------------------------------
RUN-1001 : Print Route Property
RUN-1001 : -------------------------------------------------------
RUN-1001 :    Parameters    |  Settings  |  Default Values  |  Note  
RUN-1001 : -------------------------------------------------------
RUN-1001 :      effort      |   medium   |      medium      |        
RUN-1001 :     fix_hold     |    off     |       off        |        
RUN-1001 :    opt_timing    |   medium   |      medium      |        
RUN-1001 :   phy_sim_model  |    off     |       off        |        
RUN-1001 :     priority     |   timing   |      timing      |        
RUN-1001 :     swap_pin     |     on     |        on        |        
RUN-1001 : -------------------------------------------------------
PHY-1001 : Route runs in 16 thread(s)
RUN-1001 : There are total 1108 instances
RUN-1001 : 497 mslices, 500 lslices, 102 pads, 2 brams, 0 dsps
RUN-1001 : There are total 2315 nets
RUN-6004 WARNING: There are 16 nets with only 1 pin.
RUN-1001 : 1509 nets have 2 pins
RUN-1001 : 544 nets have [3 - 5] pins
RUN-1001 : 143 nets have [6 - 10] pins
RUN-1001 : 55 nets have [11 - 20] pins
RUN-1001 : 44 nets have [21 - 99] pins
RUN-1001 : 4 nets have 100+ pins
RUN-1002 : start command "start_timer -report"
TMR-2505 : Start building timing graph for model top.
TMR-2506 : Build timing graph completely. Port num: 22, tpin num: 9251, tnet num: 2313, tinst num: 1106, tnode num: 11773, tedge num: 15498.
TMR-2508 : Levelizing timing graph completed, there are 41 levels in total.
TMR-2501 : Timing graph initialized successfully.
PHY-1001 : 497 mslices, 500 lslices, 102 pads, 2 brams, 0 dsps
TMR-2503 : Start to update net delay, extr mode = 3.
TMR-2504 : Update delay of 2313 nets completely.
TMR-2502 : Annotate delay completely, extr mode = 3.
TMR-3001 : Initiate 4 clocks from SDC.
TMR-3004 : Map sdc constraints, there are 8 constraints in total.
TMR-3003 : Constraints initiated successfully.
TMR-3501 : Forward propagation: start to calculate arrival time...
TMR-3502 : Backward propagation: start to calculate required time...
TMR-3503 : Timing propagation completes.
PHY-1001 : Start global routing, caller is route ...
RUN-1001 : Generating global routing grids ...
PHY-1001 : Generate routing nets ...
PHY-1001 : Global iterations in 16 thread ...
PHY-1002 : len = 89280, over cnt = 184(0%), over = 346, worst = 6
PHY-1002 : len = 90776, over cnt = 89(0%), over = 142, worst = 6
PHY-1002 : len = 92184, over cnt = 16(0%), over = 22, worst = 2
PHY-1002 : len = 92416, over cnt = 0(0%), over = 0, worst = 0
PHY-1001 : End global iterations;  0.125167s wall, 0.000000s user + 0.000000s system = 0.000000s CPU (n/a%)

PHY-1001 : Congestion index: top1 = 28.88, top5 = 22.63, top10 = 18.69, top15 = 15.28.
PHY-1001 : End global routing;  0.169937s wall, 0.015625s user + 0.000000s system = 0.015625s CPU (9.2%)

PHY-1001 : Start detail routing ...
PHY-1001 : Current memory(MB): used = 244, reserve = 216, peak = 259.
PHY-1001 : Detailed router is running in normal mode.
PHY-1001 : Generate detailed routing grids ...
PHY-1001 : Generate nets ...
PHY-1001 : net clk_dup_1 will be routed on clock mesh
PHY-1001 : net U3/u2_ram/SDRAM_CLK will be routed on clock mesh
PHY-5010 WARNING: Net U3/u2_ram/u2_wrrd/Sdr_rd_dout[31] is skipped due to 0 input or output
PHY-5010 WARNING: Net U3/u2_ram/u2_wrrd/Sdr_rd_dout[30] is skipped due to 0 input or output
PHY-5010 WARNING: Net U3/u2_ram/u2_wrrd/Sdr_rd_dout[29] is skipped due to 0 input or output
PHY-5010 WARNING: Net U3/u2_ram/u2_wrrd/Sdr_rd_dout[28] is skipped due to 0 input or output
PHY-5010 WARNING: Net U3/u2_ram/u2_wrrd/Sdr_rd_dout[27] is skipped due to 0 input or output
PHY-5010 WARNING: Net U3/u2_ram/u2_wrrd/Sdr_rd_dout[26] is skipped due to 0 input or output
PHY-5010 WARNING: Net U3/u2_ram/u2_wrrd/Sdr_rd_dout[25] is skipped due to 0 input or output
PHY-5010 WARNING: Net U3/u2_ram/u2_wrrd/Sdr_rd_dout[24] is skipped due to 0 input or output
PHY-5010 WARNING: Net U3/u2_ram/u2_wrrd/Sdr_rd_dout[23] is skipped due to 0 input or output
PHY-5010 WARNING: Net U3/u2_ram/u2_wrrd/Sdr_rd_dout[22] is skipped due to 0 input or output
PHY-5010 Similar messages will be suppressed.
PHY-1001 : clock net frame_read_write_m0/read_buf/clkr will be merged with clock video_pll_m0/clk0_buf
PHY-1001 : clock net frame_read_write_m0/write_buf/clkw will be merged with clock sys_pll_m0/clk0_buf
PHY-1001 : Current memory(MB): used = 511, reserve = 488, peak = 511.
PHY-1001 : End build detailed router design. 2.458817s wall, 1.484375s user + 0.046875s system = 1.531250s CPU (62.3%)

PHY-1001 : Detail Route ...
PHY-1001 : ===== Detail Route Phase 1 =====
PHY-1001 : Clock net routing.....
PHY-1001 : Routed 0% nets.
PHY-1022 : len = 41688, over cnt = 0(0%), over = 0, worst = 0, crit = 0
PHY-1001 : End initial clock net routed; 0.665731s wall, 0.406250s user + 0.000000s system = 0.406250s CPU (61.0%)

PHY-1001 : Current memory(MB): used = 544, reserve = 523, peak = 544.
PHY-1001 : End phase 1; 0.671468s wall, 0.406250s user + 0.000000s system = 0.406250s CPU (60.5%)

PHY-1001 : ===== Detail Route Phase 2 =====
PHY-1001 : Initial routing.....
PHY-1001 : Routed 38% nets.
PHY-1001 : Routed 45% nets.
PHY-1001 : Routed 54% nets.
PHY-1001 : Routed 68% nets.
PHY-1001 : Routed 88% nets.
PHY-1022 : len = 274576, over cnt = 68(0%), over = 68, worst = 1, crit = 0
PHY-1001 : Current memory(MB): used = 545, reserve = 523, peak = 545.
PHY-1001 : End initial routed; 1.512242s wall, 0.500000s user + 0.015625s system = 0.515625s CPU (34.1%)

PHY-1001 : Update timing.....
PHY-1001 : 0/2055(0%) critical/total net(s).
RUN-1001 : --------------------------------------
RUN-1001 :   Type   |  WNS(ns)  |  TNS(ns)  |  FEP  
RUN-1001 : --------------------------------------
RUN-1001 :   Setup  |   1.653   |   0.000   |   0   
RUN-1001 :   Hold   |   0.075   |   0.000   |   0   
RUN-1001 : --------------------------------------
PHY-1001 : End update timing; 0.531146s wall, 0.312500s user + 0.000000s system = 0.312500s CPU (58.8%)

PHY-1001 : Current memory(MB): used = 548, reserve = 525, peak = 548.
PHY-1001 : End phase 2; 2.043442s wall, 0.812500s user + 0.015625s system = 0.828125s CPU (40.5%)

PHY-1001 : ===== Detail Route Phase 3 =====
PHY-1001 : Optimize timing.....
PHY-1022 : len = 274576, over cnt = 68(0%), over = 68, worst = 1, crit = 0
PHY-1001 : End optimize timing; 0.014189s wall, 0.000000s user + 0.000000s system = 0.000000s CPU (n/a%)

PHY-1001 : Ripup-reroute.....
PHY-1001 : ===== DR Iter 1 =====
PHY-1022 : len = 274136, over cnt = 17(0%), over = 17, worst = 1, crit = 0
PHY-1001 : End DR Iter 1; 0.049858s wall, 0.015625s user + 0.000000s system = 0.015625s CPU (31.3%)

PHY-1001 : ===== DR Iter 2 =====
PHY-1022 : len = 274136, over cnt = 0(0%), over = 0, worst = 0, crit = 0
PHY-1001 : End DR Iter 2; 0.033296s wall, 0.000000s user + 0.000000s system = 0.000000s CPU (n/a%)

PHY-1001 : Update timing.....
PHY-1001 : 0/2055(0%) critical/total net(s).
RUN-1001 : --------------------------------------
RUN-1001 :   Type   |  WNS(ns)  |  TNS(ns)  |  FEP  
RUN-1001 : --------------------------------------
RUN-1001 :   Setup  |   1.653   |   0.000   |   0   
RUN-1001 :   Hold   |   0.075   |   0.000   |   0   
RUN-1001 : --------------------------------------
PHY-1001 : End update timing; 0.530684s wall, 0.453125s user + 0.000000s system = 0.453125s CPU (85.4%)

PHY-1001 : Commit to database.....
PHY-1001 : 14 feed throughs used by 10 nets
PHY-1001 : End commit to database; 0.176952s wall, 0.109375s user + 0.000000s system = 0.109375s CPU (61.8%)

PHY-1001 : Current memory(MB): used = 565, reserve = 543, peak = 565.
PHY-1001 : End phase 3; 0.922239s wall, 0.671875s user + 0.000000s system = 0.671875s CPU (72.9%)

PHY-1003 : Routed, final wirelength = 274136
PHY-1001 : Current memory(MB): used = 566, reserve = 544, peak = 566.
PHY-1001 : End export database. 0.008359s wall, 0.015625s user + 0.000000s system = 0.015625s CPU (186.9%)

PHY-1001 : End detail routing;  6.251545s wall, 3.500000s user + 0.078125s system = 3.578125s CPU (57.2%)

RUN-1003 : finish command "route" in  6.940035s wall, 3.921875s user + 0.078125s system = 4.000000s CPU (57.6%)

RUN-1004 : used memory is 516 MB, reserved memory is 494 MB, peak memory is 566 MB
RUN-1002 : start command "report_area -io_info -file pic_sdram_phy.area"
RUN-1001 : standard
***Report Model: top Device: EG4S20BG256***

IO Statistics
#IO                        47
  #input                    6
  #output                  37
  #inout                    4

Utilization Statistics
#lut                     1526   out of  19600    7.79%
#reg                     1114   out of  19600    5.68%
#le                      1902
  #lut only               788   out of   1902   41.43%
  #reg only               376   out of   1902   19.77%
  #lut&reg                738   out of   1902   38.80%
#dsp                        0   out of     29    0.00%
#bram                       2   out of     64    3.12%
  #bram9k                   2
  #fifo9k                   0
#bram32k                    0   out of     16    0.00%
#pad                       47   out of    188   25.00%
  #ireg                     1
  #oreg                    34
  #treg                     0
#pll                        2   out of      4   50.00%
#gclk                       2   out of     16   12.50%

Clock Resource Statistics
Index     ClockNet                 Type               DriverType         Driver                         Fanout
#1        U3/u2_ram/SDRAM_CLK      GCLK               pll                sys_pll_m0/pll_inst.clkc1      375
#2        sys_pll_m0/clk0_buf      GCLK               pll                sys_pll_m0/pll_inst.clkc0      263
#3        video_pll_m0/clk0_buf    GCLK               pll                video_pll_m0/pll_inst.clkc0    87
#4        clk_dup_1                GCLK               io                 clk_syn_2.di                   26


Detailed IO Report

       Name         Direction    Location    IOStandard    DriveStrength    PullType     PackReg   
       clk            INPUT         R7        LVCMOS33          N/A           NONE        NONE     
       key1           INPUT         B2        LVCMOS33          N/A           NONE        IREG     
       key2           INPUT         B1        LVCMOS33          N/A           NONE        NONE     
      rst_n           INPUT         A2        LVCMOS33          N/A           NONE        NONE     
     sd_miso          INPUT        B14        LVCMOS33          N/A           NONE        NONE     
     switch1          INPUT         C8        LVCMOS33          N/A           NONE        NONE     
    flash_cs_n       OUTPUT         P8        LVCMOS33           8            NONE        NONE     
    flash_sck        OUTPUT         M9        LVCMOS33           8            NONE        NONE     
     sd_dclk         OUTPUT        A14        LVCMOS33           8            NONE        OREG     
     sd_mosi         OUTPUT        A13        LVCMOS33           8            NONE        OREG     
      sd_ncs         OUTPUT        A12        LVCMOS33           8            NONE        OREG     
   seg_data[7]       OUTPUT         A6        LVCMOS33           8            NONE        NONE     
   seg_data[6]       OUTPUT         A7        LVCMOS33           8            NONE        OREG     
   seg_data[5]       OUTPUT         A8        LVCMOS33           8            NONE        OREG     
   seg_data[4]       OUTPUT         B5        LVCMOS33           8            NONE        OREG     
   seg_data[3]       OUTPUT         A5        LVCMOS33           8            NONE        OREG     
   seg_data[2]       OUTPUT         B6        LVCMOS33           8            NONE        OREG     
   seg_data[1]       OUTPUT        C16        LVCMOS33           8            NONE        OREG     
   seg_data[0]       OUTPUT        C15        LVCMOS33           8            NONE        OREG     
    seg_sel[5]       OUTPUT        D11        LVCMOS33           8            NONE        OREG     
    seg_sel[4]       OUTPUT        E11        LVCMOS33           8            NONE        OREG     
    seg_sel[3]       OUTPUT        F10        LVCMOS33           8            NONE        OREG     
    seg_sel[2]       OUTPUT        C13        LVCMOS33           8            NONE        OREG     
    seg_sel[1]       OUTPUT        E10        LVCMOS33           8            NONE        OREG     
    seg_sel[0]       OUTPUT        E12        LVCMOS33           8            NONE        OREG     
   vga_out_b[4]      OUTPUT         D5        LVCMOS33           8            NONE        OREG     
   vga_out_b[3]      OUTPUT         D6        LVCMOS33           8            NONE        OREG     
   vga_out_b[2]      OUTPUT         E6        LVCMOS33           8            NONE        OREG     
   vga_out_b[1]      OUTPUT         F6        LVCMOS33           8            NONE        OREG     
   vga_out_b[0]      OUTPUT        H16        LVCMOS25           8            N/A         OREG     
   vga_out_g[5]      OUTPUT         N6        LVCMOS33           8            NONE        OREG     
   vga_out_g[4]      OUTPUT         N5        LVCMOS33           8            NONE        OREG     
   vga_out_g[3]      OUTPUT         P5        LVCMOS33           8            NONE        OREG     
   vga_out_g[2]      OUTPUT         T5        LVCMOS33           8            NONE        OREG     
   vga_out_g[1]      OUTPUT        F14        LVCMOS25           8            N/A         OREG     
   vga_out_g[0]      OUTPUT         A4        LVCMOS33           8            N/A         OREG     
    vga_out_hs       OUTPUT         E7        LVCMOS33           8            NONE        OREG     
   vga_out_r[4]      OUTPUT        E13        LVCMOS33           8            NONE        OREG     
   vga_out_r[3]      OUTPUT         L8        LVCMOS33           8            NONE        OREG     
   vga_out_r[2]      OUTPUT         L7        LVCMOS33           8            NONE        OREG     
   vga_out_r[1]      OUTPUT         R5        LVCMOS33           8            NONE        OREG     
   vga_out_r[0]      OUTPUT         H5        LVCMOS33           8            N/A         OREG     
    vga_out_vs       OUTPUT         F7        LVCMOS33           8            NONE        OREG     
  flash_qspi_IO0      INOUT         P7        LVCMOS33           8            NONE        NONE     
  flash_qspi_IO1      INOUT         N8        LVCMOS33           8            NONE        NONE     
  flash_qspi_IO2      INOUT         P9        LVCMOS33           8            NONE        NONE     
  flash_qspi_IO3      INOUT         R9        LVCMOS33           8            NONE        NONE     
       dm0           OUTPUT        S14        LVCMOS25           8            NONE        OREG     
       cke           OUTPUT        S18        LVCMOS25           8            NONE        NONE     
       we_n          OUTPUT        S19        LVCMOS25           8            NONE        OREG     
      cas_n          OUTPUT        S20        LVCMOS25           8            NONE        OREG     
      ras_n          OUTPUT        S21        LVCMOS25           8            NONE        OREG     
       cs_n          OUTPUT        S22        LVCMOS25           8            NONE        NONE     
     addr[9]         OUTPUT        S23        LVCMOS25           8            NONE        OREG     
     addr[8]         OUTPUT        S24        LVCMOS25           8            NONE        OREG     
     addr[7]         OUTPUT        S25        LVCMOS25           8            NONE        OREG     
     addr[6]         OUTPUT        S26        LVCMOS25           8            NONE        OREG     
     addr[5]         OUTPUT        S27        LVCMOS25           8            NONE        OREG     
     addr[4]         OUTPUT        S28        LVCMOS25           8            NONE        OREG     
       dm2           OUTPUT        S29        LVCMOS25           8            NONE        OREG     
       dm3           OUTPUT        S61        LVCMOS25           8            NONE        OREG     
     addr[3]         OUTPUT        S64        LVCMOS25           8            NONE        OREG     
     addr[2]         OUTPUT        S65        LVCMOS25           8            NONE        OREG     
     addr[1]         OUTPUT        S66        LVCMOS25           8            NONE        OREG     
     addr[0]         OUTPUT        S67        LVCMOS25           8            NONE        OREG     
     addr[10]        OUTPUT        S68        LVCMOS25           8            NONE        OREG     
      ba[0]          OUTPUT        S69        LVCMOS25           8            NONE        OREG     
      ba[1]          OUTPUT        S70        LVCMOS25           8            NONE        OREG     
       clk           OUTPUT        S73        LVCMOS25           8            NONE        NONE     
       dm1           OUTPUT        S76        LVCMOS25           8            NONE        OREG     
      dq[0]           INOUT         S1        LVCMOS25           8           PULLUP     IREG;OREG  
      dq[6]           INOUT        S11        LVCMOS25           8           PULLUP     IREG;OREG  
      dq[7]           INOUT        S12        LVCMOS25           8           PULLUP     IREG;OREG  
      dq[1]           INOUT         S2        LVCMOS25           8           PULLUP     IREG;OREG  
      dq[23]          INOUT        S31        LVCMOS25           8           PULLUP       IREG     
      dq[22]          INOUT        S32        LVCMOS25           8           PULLUP       IREG     
      dq[21]          INOUT        S35        LVCMOS25           8           PULLUP       IREG     
      dq[20]          INOUT        S36        LVCMOS25           8           PULLUP       IREG     
      dq[19]          INOUT        S37        LVCMOS25           8           PULLUP       IREG     
      dq[18]          INOUT        S38        LVCMOS25           8           PULLUP       IREG     
      dq[17]          INOUT        S41        LVCMOS25           8           PULLUP       IREG     
      dq[16]          INOUT        S42        LVCMOS25           8           PULLUP       IREG     
      dq[31]          INOUT        S48        LVCMOS25           8           PULLUP       IREG     
      dq[30]          INOUT        S49        LVCMOS25           8           PULLUP       IREG     
      dq[2]           INOUT         S5        LVCMOS25           8           PULLUP     IREG;OREG  
      dq[29]          INOUT        S52        LVCMOS25           8           PULLUP       IREG     
      dq[28]          INOUT        S53        LVCMOS25           8           PULLUP       IREG     
      dq[27]          INOUT        S54        LVCMOS25           8           PULLUP       IREG     
      dq[26]          INOUT        S55        LVCMOS25           8           PULLUP       IREG     
      dq[25]          INOUT        S58        LVCMOS25           8           PULLUP       IREG     
      dq[24]          INOUT        S59        LVCMOS25           8           PULLUP       IREG     
      dq[3]           INOUT         S6        LVCMOS25           8           PULLUP     IREG;OREG  
      dq[4]           INOUT         S7        LVCMOS25           8           PULLUP     IREG;OREG  
      dq[8]           INOUT        S78        LVCMOS25           8           PULLUP     IREG;OREG  
      dq[9]           INOUT        S79        LVCMOS25           8           PULLUP     IREG;OREG  
      dq[5]           INOUT         S8        LVCMOS25           8           PULLUP     IREG;OREG  
      dq[10]          INOUT        S82        LVCMOS25           8           PULLUP     IREG;OREG  
      dq[11]          INOUT        S83        LVCMOS25           8           PULLUP     IREG;OREG  
      dq[12]          INOUT        S84        LVCMOS25           8           PULLUP     IREG;OREG  
      dq[13]          INOUT        S85        LVCMOS25           8           PULLUP     IREG;OREG  
      dq[14]          INOUT        S88        LVCMOS25           8           PULLUP     IREG;OREG  
      dq[15]          INOUT        S89        LVCMOS25           8           PULLUP     IREG;OREG  

Report Hierarchy Area:
+-------------------------------------------------------------------------------------------------------------------------------------+
|Instance                        |Module                                         |le     |lut     |ripple  |seq     |bram    |dsp     |
+-------------------------------------------------------------------------------------------------------------------------------------+
|top                             |top                                            |1902   |1296    |230     |1149    |2       |0       |
|  U3                            |sdram                                          |337    |92      |5       |325     |0       |0       |
|    u2_ram                      |sdr_as_ram                                     |337    |92      |5       |325     |0       |0       |
|      u1_init_ref               |sdr_init_ref                                   |90     |14      |5       |82      |0       |0       |
|      u2_wrrd                   |sdr_wrrd                                       |247    |78      |0       |243     |0       |0       |
|  frame_read_write_m0           |frame_read_write                               |461    |310     |98      |307     |2       |0       |
|    frame_fifo_read_m0          |frame_fifo_read                                |106    |80      |24      |59      |0       |0       |
|    frame_fifo_write_m0         |frame_fifo_write                               |116    |89      |24      |66      |0       |0       |
|    read_buf                    |afifo_16_256                                   |120    |75      |25      |91      |1       |0       |
|      ram_inst                  |ram_infer_afifo_16_256                         |0      |0       |0       |0       |1       |0       |
|      rd_to_wr_cross_inst       |fifo_cross_domain_addr_process_al_afifo_16_256 |35     |23      |0       |35      |0       |0       |
|      wr_to_rd_cross_inst       |fifo_cross_domain_addr_process_al_afifo_16_256 |30     |26      |0       |30      |0       |0       |
|    write_buf                   |afifo_16_256                                   |119    |66      |25      |91      |1       |0       |
|      ram_inst                  |ram_infer_afifo_16_256                         |0      |0       |0       |0       |1       |0       |
|      rd_to_wr_cross_inst       |fifo_cross_domain_addr_process_al_afifo_16_256 |28     |18      |0       |28      |0       |0       |
|      wr_to_rd_cross_inst       |fifo_cross_domain_addr_process_al_afifo_16_256 |39     |23      |0       |39      |0       |0       |
|  sd_card_bmp_m0                |sd_card_bmp                                    |931    |779     |97      |388     |0       |0       |
|    ax_debounce_m0              |ax_debounce                                    |65     |55      |9       |37      |0       |0       |
|    bmp_read_m0                 |bmp_read                                       |291    |196     |58      |165     |0       |0       |
|    sd_card_top_m0              |sd_card_top                                    |575    |528     |30      |186     |0       |0       |
|      sd_card_cmd_m0            |sd_card_cmd                                    |357    |332     |25      |64      |0       |0       |
|      sd_card_sec_read_write_m0 |sd_card_sec_read_write                         |149    |132     |0       |85      |0       |0       |
|      spi_master_m0             |spi_master                                     |69     |64      |5       |37      |0       |0       |
|  seg_scan_m0                   |seg_scan                                       |77     |55      |22      |24      |0       |0       |
|  sys_pll_m0                    |sys_pll                                        |0      |0       |0       |0       |0       |0       |
|  video_delay_m0                |video_delay                                    |47     |19      |0       |34      |0       |0       |
|  video_pll_m0                  |video_pll                                      |0      |0       |0       |0       |0       |0       |
|  video_timing_data_m0          |video_timing_data                              |49     |41      |8       |36      |0       |0       |
|    color_bar_m0                |color_bar                                      |42     |34      |8       |29      |0       |0       |
+-------------------------------------------------------------------------------------------------------------------------------------+


DataNet Average Fanout:

   Index     Fanout     Nets  
    #1          1       1462  
    #2          2       255   
    #3          3       181   
    #4          4       108   
    #5        5-10      153   
    #6        11-50      85   
    #7       51-100      1    
    #8       101-500     1    
  Average     2.71            

RUN-1002 : start command "export_db pic_sdram_pr.db"
RUN-1001 : Exported /
RUN-1001 : Exported flow parameters
RUN-1001 : Exported libs
RUN-1001 : Exported entities
RUN-1001 : Exported ports
RUN-1001 : Exported pins
RUN-1001 : Exported instances
RUN-1001 : Exported nets
RUN-1001 : Exported buses
RUN-1001 : Exported models
RUN-1001 : Exported congestions
RUN-1001 : Exported violations
RUN-1001 : Exported timing constraints
RUN-1001 : Exported IO constraints
RUN-1001 : Exported Inst constraints
RUN-1002 : start command "start_timer"
TMR-2505 : Start building timing graph for model top.
TMR-2506 : Build timing graph completely. Port num: 22, tpin num: 9251, tnet num: 2313, tinst num: 1106, tnode num: 11773, tedge num: 15498.
TMR-2508 : Levelizing timing graph completed, there are 41 levels in total.
TMR-2501 : Timing graph initialized successfully.
RUN-1002 : start command "report_timing -mode FINAL -net_info -rpt_autogen true -file pic_sdram_phy.timing"
TMR-2503 : Start to update net delay, extr mode = 6.
TMR-2504 : Update delay of 2313 nets completely.
TMR-2502 : Annotate delay completely, extr mode = 6.
TMR-3001 : Initiate 4 clocks from SDC.
TMR-3004 : Map sdc constraints, there are 8 constraints in total.
TMR-3003 : Constraints initiated successfully.
TMR-3501 : Forward propagation: start to calculate arrival time...
TMR-3502 : Backward propagation: start to calculate required time...
TMR-3503 : Timing propagation completes.
TMR-3506 : Start to generate timing report.
TMR-1502 : Number of clock constraints = 4. Number of clock nets = 4 (0 unconstrainted).
TMR-3508 : Export timing summary.
TMR-3507 : Timing report generated successfully in pic_sdram_phy.timing, timing summary in pic_sdram_phy.tsm.
RUN-1002 : start command "export_bid pic_sdram_inst.bid"
PRG-1000 : <!-- HMAC is: 54b7019ecea91c3b82dae8f45267b3b86b1ac3f0bdeb4c721a823b05dd911fba -->
RUN-1002 : start command "bitgen -bit pic_sdram.bit"
BIT-1003 : Start to generate bitstream. 
BIT-1002 : Init instances with 16 threads.
BIT-1002 : Init instances completely, inst num: 1106
BIT-1002 : Init pips with 16 threads.
BIT-1002 : Init pips completely, net num: 2315, pip num: 20733
BIT-1002 : Init feedthrough with 16 threads.
BIT-1002 : Init feedthrough completely, num: 14
BIT-1003 : Multithreading accelaration with 16 threads.
BIT-1003 : Generate bitstream completely, there are 1766 valid insts, and 59794 bits set as '1'.
BIT-1004 : the usercode register value: 00000000111110110000000000000000
BIT-1004 : PLL setting string = 0110
BIT-1004 : Generate bits file pic_sdram.bit.
RUN-1003 : finish command "bitgen -bit pic_sdram.bit" in  2.527950s wall, 23.046875s user + 0.046875s system = 23.093750s CPU (913.5%)

RUN-1004 : used memory is 536 MB, reserved memory is 516 MB, peak memory is 709 MB
RUN-1002 : start command "backup_run_log run.log ../.logs/phy_1/td_20231219_165012.log"
