============================================================
   Tang Dynasty, V5.6.71036
      Copyright (c) 2012-2023 Anlogic Inc.
   Executable = D:/Program/Anlogic/TD5.6.2/bin/td.exe
   Built at =   20:34:38 Mar 21 2023
   Run by =     28408
   Run Date =   Tue Dec 12 20:53:32 2023

   Run on =     DESKTOP-T1B5OP5
============================================================
RUN-1002 : start command "open_project pic_sdram.prj"
RUN-1001 : Print Global Property
RUN-1001 : ---------------------------------------------------------------
RUN-1001 :        Parameters        |  Settings  |  Default Values  |  Note  
RUN-1001 : ---------------------------------------------------------------
RUN-1001 :          message         |  standard  |     standard     |        
RUN-1001 :   mixed_pack_place_flow  |     on     |        on        |        
RUN-1001 :        qor_monitor       |    off     |       off        |        
RUN-1001 :        syn_ip_flow       |    off     |       off        |        
RUN-1001 :          thread          |    auto    |       auto       |        
RUN-1001 : ---------------------------------------------------------------
RUN-1001 : Print Design Property
RUN-1001 : --------------------------------------------------------------
RUN-1001 :        Parameters       |  Settings  |  Default Values  |  Note  
RUN-1001 : --------------------------------------------------------------
RUN-1001 :   default_reg_initial   |    auto    |       auto       |        
RUN-1001 :        infer_add        |     on     |        on        |        
RUN-1001 :        infer_fsm        |    off     |       off        |        
RUN-1001 :        infer_mult       |     on     |        on        |        
RUN-1001 :        infer_ram        |     on     |        on        |        
RUN-1001 :        infer_reg        |     on     |        on        |        
RUN-1001 :   infer_reg_init_value  |     on     |        on        |        
RUN-1001 :        infer_rom        |     on     |        on        |        
RUN-1001 :      infer_shifter      |     on     |        on        |        
RUN-1001 : --------------------------------------------------------------
RUN-1001 : Print Rtl Property
RUN-1001 : --------------------------------------------------------------
RUN-1001 :        Parameters       |  Settings  |  Default Values  |  Note  
RUN-1001 : --------------------------------------------------------------
RUN-1001 :       compress_add      |   ripple   |      ripple      |        
RUN-1001 :        elf_sload        |    off     |       off        |        
RUN-1001 :       fix_undriven      |     0      |        0         |        
RUN-1001 :         flatten         |    off     |       off        |        
RUN-1001 :       gate_sharing      |     on     |        on        |        
RUN-1001 :    hdl_warning_level    |   normal   |      normal      |        
RUN-1001 :   impl_internal_tribuf  |     on     |        on        |        
RUN-1001 :      impl_set_reset     |     on     |        on        |        
RUN-1001 :        infer_gsr        |    off     |       off        |        
RUN-1001 :      keep_hierarchy     |    auto    |       auto       |        
RUN-1001 :        max_fanout       |    9999    |       9999       |        
RUN-1001 :      max_oh2bin_len     |     10     |        10        |        
RUN-1001 :       merge_equal       |     on     |        on        |        
RUN-1001 :       merge_equiv       |     on     |        on        |        
RUN-1001 :        merge_mux        |    off     |       off        |        
RUN-1001 :     min_control_set     |     8      |        8         |        
RUN-1001 :      min_ripple_len     |    auto    |       auto       |        
RUN-1001 :       oh2bin_ratio      |    0.08    |       0.08       |        
RUN-1001 :     opt_adder_fanout    |     on     |        on        |        
RUN-1001 :        opt_arith        |     on     |        on        |        
RUN-1001 :       opt_big_gate      |    off     |       off        |        
RUN-1001 :        opt_const        |     on     |        on        |        
RUN-1001 :      opt_const_mult     |     on     |        on        |        
RUN-1001 :       opt_lessthan      |     on     |        on        |        
RUN-1001 :         opt_mux         |    off     |       off        |        
RUN-1001 :         opt_ram         |    high    |       high       |        
RUN-1001 :      rtl_sim_model      |    off     |       off        |        
RUN-1001 :         seq_syn         |     on     |        on        |        
RUN-1001 : --------------------------------------------------------------
HDL-1007 : analyze verilog file ../../al_ip/sys_pll.v
HDL-1007 : undeclared symbol 'open', assumed default net type 'wire' in ../../al_ip/sys_pll.v(77)
HDL-1007 : analyze verilog file ../../al_ip/video_pll.v
HDL-1007 : undeclared symbol 'open', assumed default net type 'wire' in ../../al_ip/video_pll.v(63)
HDL-1007 : analyze verilog file ../../al_ip/afifo_16_256.v
HDL-1007 : analyze verilog file ../../al_ip/sdram.v
HDL-1007 : analyze verilog file ../../Qspi_master.v
HDL-1007 : analyze verilog file ../../flash_cmd.v
HDL-1007 : analyze verilog file ../../flash_reader.v
HDL-1007 : analyze verilog file ../../flash_step.v
HDL-1007 : analyze verilog file ../../flash_write_read.v
HDL-1007 : analyze verilog file ../../flash_writer.v
HDL-1007 : analyze verilog file ../../sys_state_ctrl.v
HDL-1007 : analyze verilog file ../../src/ax_debounce.v
HDL-1007 : analyze verilog file ../../src/bmp_read.v
HDL-1007 : analyze verilog file ../../src/color_bar.v
HDL-1007 : analyze included file ../../src/video_define.v in ../../src/color_bar.v(2)
HDL-1007 : back to file '../../src/color_bar.v' in ../../src/color_bar.v(2)
HDL-1007 : analyze verilog file ../../src/frame_fifo_read.v
HDL-1007 : undeclared symbol 'read_busy', assumed default net type 'wire' in ../../src/frame_fifo_read.v(56)
HDL-1007 : analyze verilog file ../../src/frame_fifo_write.v
HDL-1007 : undeclared symbol 'write_busy', assumed default net type 'wire' in ../../src/frame_fifo_write.v(55)
HDL-1007 : analyze verilog file ../../src/frame_read_write.v
HDL-1007 : analyze verilog file ../../src/sd_card/sd_card_cmd.v
HDL-1007 : analyze verilog file ../../src/sd_card/sd_card_sec_read_write.v
HDL-1007 : analyze verilog file ../../src/sd_card/sd_card_top.v
HDL-1007 : analyze verilog file ../../src/sd_card/spi_master.v
HDL-1007 : analyze verilog file ../../src/sd_card_bmp.v
HDL-1007 : analyze verilog file ../../src/seg_decoder.v
HDL-1007 : analyze verilog file ../../src/seg_scan.v
HDL-1007 : analyze verilog file ../../src/top.v
HDL-1007 : analyze verilog file ../../src/video_timing_data.v
HDL-1007 : analyze verilog file ../../src/sdram_r/sdram_cmd.v
HDL-1007 : analyze included file ../../src/sdram_r/sdram_para.v in ../../src/sdram_r/sdram_cmd.v(45)
HDL-1007 : back to file '../../src/sdram_r/sdram_cmd.v' in ../../src/sdram_r/sdram_cmd.v(45)
HDL-1007 : analyze verilog file ../../src/sdram_r/sdram_controller.v
HDL-1007 : analyze verilog file ../../src/sdram_r/sdram_ctrl.v
HDL-1007 : analyze included file ../../src/sdram_r/sdram_para.v in ../../src/sdram_r/sdram_ctrl.v(19)
HDL-1007 : back to file '../../src/sdram_r/sdram_ctrl.v' in ../../src/sdram_r/sdram_ctrl.v(19)
HDL-1007 : analyze verilog file ../../src/sdram_r/sdram_data.v
HDL-1007 : analyze included file ../../src/sdram_r/sdram_para.v in ../../src/sdram_r/sdram_data.v(13)
HDL-1007 : back to file '../../src/sdram_r/sdram_data.v' in ../../src/sdram_r/sdram_data.v(13)
RUN-1001 : Project manager successfully analyzed 32 source files.
RUN-1002 : start command "import_device eagle_s20.db -package EG4S20BG256"
ARC-1001 : Device Initialization.
ARC-1001 : ------------------------------------------------------------------
ARC-1001 :            OPTION            |          IO          |   SETTING   
ARC-1001 : ------------------------------------------------------------------
ARC-1001 :   cso_b/cclk/mosi/miso/dout  |  T3/R11/T10/P10/S11  |    gpio    
ARC-1001 :             done             |         P13          |    gpio    
ARC-1001 :           program_b          |          T2          |  dedicate  
ARC-1001 :        tdi/tms/tck/tdo       |   C12/A15/C14/E14    |  dedicate  
ARC-1001 : ------------------------------------------------------------------
ARC-1004 : Device setting, marked 5 dedicate IOs in total.
RUN-1002 : start command "import_db ../syn_1/pic_sdram_gate.db"
RUN-1001 : Importing database generated by Tang Dynasty, V5.6.71036.
RUN-1001 : Database version number 46146.
RUN-1001 : Import flow parameters
RUN-1001 : Import timing constraints
RUN-1001 : Import IO constraints
RUN-1001 : Import Inst constraints
RUN-1001 : Import design success TD_VERSION=5.6.71036 , DB_VERSION=46146
RUN-1002 : start command "read_sdc ../../top.sdc"
RUN-1002 : start command "get_ports clk"
RUN-1002 : start command "create_clock -name clk -period 20 -waveform 0 10 "
RUN-1102 : create_clock: clock name: clk, type: 0, period: 20000, rise: 0, fall: 10000.
RUN-1002 : start command "derive_pll_clocks"
USR-1002 : Gen clock cmd:  create_generated_clock -name {sys_pll_m0/pll_inst.clkc[0]} -source [get_ports {clk}] -master_clock {clk} -multiply_by 2.0000 [get_pins {sys_pll_m0/pll_inst.clkc[0]}]
RUN-1002 : start command "get_ports clk"
RUN-1002 : start command "get_pins sys_pll_m0/pll_inst.clkc[0]"
RUN-1002 : start command "create_generated_clock -name sys_pll_m0/pll_inst.clkc[0] -source  -master_clock clk -multiply_by 2.0000 "
USR-1002 : Gen clock cmd:  create_generated_clock -name {sys_pll_m0/pll_inst.clkc[1]} -source [get_ports {clk}] -master_clock {clk} -multiply_by 2.0000 -phase 270 [get_pins {sys_pll_m0/pll_inst.clkc[1]}]
RUN-1002 : start command "get_ports clk"
RUN-1002 : start command "get_pins sys_pll_m0/pll_inst.clkc[1]"
RUN-1002 : start command "create_generated_clock -name sys_pll_m0/pll_inst.clkc[1] -source  -master_clock clk -multiply_by 2.0000 -phase 270 "
USR-1002 : Gen clock cmd:  create_generated_clock -name {sys_pll_m0/pll_inst.clkc[2]} -source [get_ports {clk}] -master_clock {clk} -multiply_by 2.0000 [get_pins {sys_pll_m0/pll_inst.clkc[2]}]
RUN-1002 : start command "get_ports clk"
RUN-1002 : start command "get_pins sys_pll_m0/pll_inst.clkc[2]"
RUN-1002 : start command "create_generated_clock -name sys_pll_m0/pll_inst.clkc[2] -source  -master_clock clk -multiply_by 2.0000 "
USR-1002 : Gen clock cmd:  create_generated_clock -name {video_pll_m0/pll_inst.clkc[0]} -source [get_ports {clk}] -master_clock {clk} -divide_by 2.0000 [get_pins {video_pll_m0/pll_inst.clkc[0]}]
RUN-1002 : start command "get_ports clk"
RUN-1002 : start command "get_pins video_pll_m0/pll_inst.clkc[0]"
RUN-1002 : start command "create_generated_clock -name video_pll_m0/pll_inst.clkc[0] -source  -master_clock clk -divide_by 2.0000 "
RUN-1002 : start command "get_ports clk"
RUN-1002 : start command "get_pins sys_pll_m0/pll_inst.clkc[0]"
RUN-1002 : start command "rename_clock -name sd_card_clk -source  -master_clock clk "
RUN-1105 : Rename Clock: clock sys_pll_m0/pll_inst.clkc[0] was renamed, new name is sd_card_clk.
RUN-1002 : start command "get_ports clk"
RUN-1002 : start command "get_pins sys_pll_m0/pll_inst.clkc[1]"
RUN-1002 : start command "rename_clock -name ext_mem_clk -source  -master_clock clk "
RUN-1105 : Rename Clock: clock sys_pll_m0/pll_inst.clkc[1] was renamed, new name is ext_mem_clk.
RUN-1002 : start command "get_ports clk"
RUN-1002 : start command "get_pins sys_pll_m0/pll_inst.clkc[2]"
RUN-1002 : start command "rename_clock -name flash_sys_clk -source  -master_clock clk "
RUN-1105 : Rename Clock: clock sys_pll_m0/pll_inst.clkc[2] was renamed, new name is flash_sys_clk.
RUN-1002 : start command "get_ports clk"
RUN-1002 : start command "get_pins video_pll_m0/pll_inst.clkc[0]"
RUN-1002 : start command "rename_clock -name video_clk -source  -master_clock clk "
RUN-1105 : Rename Clock: clock video_pll_m0/pll_inst.clkc[0] was renamed, new name is video_clk.
RUN-1002 : start command "read_sdc -ip afifo_16_256 ../../al_ip/afifo_16_256.tcl"
RUN-1002 : start command "get_ports clkw"
RUN-1002 : start command "get_nets  clkw  "
RUN-1002 : start command "get_clocks -nowarn -of nets 21157008900096"
RUN-1002 : start command "get_ports clkr"
RUN-1002 : start command "get_nets  clkr  "
RUN-1002 : start command "get_clocks -nowarn -of nets 25696789331968"
RUN-1002 : start command "get_property -nowarn -max PERIOD "
RUN-1002 : start command "get_property -nowarn -max PERIOD "
RUN-1002 : start command "get_regs rd_to_wr_cross_inst/primary_addr_gray_reg[*]"
RUN-1002 : start command "get_regs rd_to_wr_cross_inst/sync_r1[*]"
RUN-1002 : start command "set_max_delay -from  -to  9.6999999999999993 -datapath_only"
RUN-1002 : start command "get_regs rd_to_wr_cross_inst/primary_addr_gray_reg[*]"
RUN-1002 : start command "get_regs rd_to_wr_cross_inst/sync_r1[*]"
RUN-1002 : start command "set_false_path -from  -to  -hold 9.6999999999999993"
USR-1002 : set_false_path -help -setup -hold -from <list> -rise_from <list> -fall_from <list> -to <list> -rise_to <list> -fall_to <list> -through <list>
RUN-1002 : start command "get_regs wr_to_rd_cross_inst/primary_addr_gray_reg[*]"
RUN-1002 : start command "get_regs wr_to_rd_cross_inst/sync_r1[*]"
RUN-1002 : start command "set_max_delay -from  -to  9.6999999999999993 -datapath_only"
RUN-1002 : start command "get_regs wr_to_rd_cross_inst/primary_addr_gray_reg[*]"
RUN-1002 : start command "get_regs wr_to_rd_cross_inst/sync_r1[*]"
RUN-1002 : start command "set_false_path -from  -to  -hold 9.6999999999999993"
USR-1002 : set_false_path -help -setup -hold -from <list> -rise_from <list> -fall_from <list> -to <list> -rise_to <list> -fall_to <list> -through <list>
RUN-1002 : start command "get_ports clkw"
RUN-1002 : start command "get_nets  clkw  "
RUN-1002 : start command "get_clocks -nowarn -of nets 31671088840704"
RUN-1002 : start command "get_ports clkr"
RUN-1002 : start command "get_nets  clkr  "
RUN-1002 : start command "get_clocks -nowarn -of nets 21157008900096"
RUN-1002 : start command "get_property -nowarn -max PERIOD "
RUN-1002 : start command "get_property -nowarn -max PERIOD "
RUN-1002 : start command "get_regs rd_to_wr_cross_inst/primary_addr_gray_reg[*]"
RUN-1002 : start command "get_regs rd_to_wr_cross_inst/sync_r1[*]"
RUN-1002 : start command "set_max_delay -from  -to  9.6999999999999993 -datapath_only"
RUN-1002 : start command "get_regs rd_to_wr_cross_inst/primary_addr_gray_reg[*]"
RUN-1002 : start command "get_regs rd_to_wr_cross_inst/sync_r1[*]"
RUN-1002 : start command "set_false_path -from  -to  -hold 9.6999999999999993"
USR-1002 : set_false_path -help -setup -hold -from <list> -rise_from <list> -fall_from <list> -to <list> -rise_to <list> -fall_to <list> -through <list>
RUN-1002 : start command "get_regs wr_to_rd_cross_inst/primary_addr_gray_reg[*]"
RUN-1002 : start command "get_regs wr_to_rd_cross_inst/sync_r1[*]"
RUN-1002 : start command "set_max_delay -from  -to  9.6999999999999993 -datapath_only"
RUN-1002 : start command "get_regs wr_to_rd_cross_inst/primary_addr_gray_reg[*]"
RUN-1002 : start command "get_regs wr_to_rd_cross_inst/sync_r1[*]"
RUN-1002 : start command "set_false_path -from  -to  -hold 9.6999999999999993"
USR-1002 : set_false_path -help -setup -hold -from <list> -rise_from <list> -fall_from <list> -to <list> -rise_to <list> -fall_to <list> -through <list>
RUN-1002 : start command "place"
RUN-1001 : Open license file D:/Program/Anlogic/TD5.6.2/license/Anlogic.lic
RUN-1001 : Print Global Property
RUN-1001 : ---------------------------------------------------------------
RUN-1001 :        Parameters        |  Settings  |  Default Values  |  Note  
RUN-1001 : ---------------------------------------------------------------
RUN-1001 :          message         |  standard  |     standard     |        
RUN-1001 :   mixed_pack_place_flow  |     on     |        on        |        
RUN-1001 :        qor_monitor       |    off     |       off        |        
RUN-1001 :        syn_ip_flow       |    off     |       off        |        
RUN-1001 :          thread          |    auto    |       auto       |        
RUN-1001 : ---------------------------------------------------------------
RUN-1001 : Print Place Property
RUN-1001 : --------------------------------------------------------------
RUN-1001 :        Parameters       |  Settings  |  Default Values  |  Note  
RUN-1001 : --------------------------------------------------------------
RUN-1001 :      detailed_place     |     on     |        on        |        
RUN-1001 :          effort         |   medium   |      medium      |        
RUN-1001 :         fix_hold        |    off     |       off        |        
RUN-1001 :       legalization      |    ori     |       ori        |        
RUN-1001 :      new_spreading      |     on     |        on        |        
RUN-1001 :        opt_timing       |   medium   |      medium      |        
RUN-1001 :   post_clock_route_opt  |    off     |       off        |        
RUN-1001 :       pr_strategy       |     1      |        1         |        
RUN-1001 :        relaxation       |    1.00    |       1.00       |        
RUN-1001 :         retiming        |    off     |       off        |        
RUN-1001 : --------------------------------------------------------------
PHY-3001 : Placer runs in 16 thread(s).
RUN-1002 : start command "legalize_phy_inst"
SYN-1011 : Flatten model top
RUN-1002 : start command "phys_opt -simplify_lut"
SYN-4016 : Net frame_read_write_m0/write_buf/clkw driven by BUFG (488 clock/control pins, 1 other pins).
SYN-4016 : Net frame_read_write_m0/read_buf/clkr driven by BUFG (109 clock/control pins, 1 other pins).
SYN-4027 : Net frame_read_write_m0/frame_fifo_read_m0/mem_clk is clkc1 of pll sys_pll_m0/pll_inst.
SYN-4027 : Net flash_write_read_m0/flash_cmd_m0/sys_clk is clkc2 of pll sys_pll_m0/pll_inst.
SYN-4019 : Net clk_dup_1 is refclk of pll sys_pll_m0/pll_inst.
SYN-4020 : Net clk_dup_1 is fbclk of pll sys_pll_m0/pll_inst.
SYN-4019 : Net clk_dup_1 is refclk of pll video_pll_m0/pll_inst.
SYN-4020 : Net clk_dup_1 is fbclk of pll video_pll_m0/pll_inst.
SYN-4025 : Tag rtl::Net clk_dup_1 as clock net
SYN-4025 : Tag rtl::Net flash_write_read_m0/flash_cmd_m0/sys_clk as clock net
SYN-4025 : Tag rtl::Net frame_read_write_m0/frame_fifo_read_m0/mem_clk as clock net
SYN-4025 : Tag rtl::Net frame_read_write_m0/read_buf/clkr as clock net
SYN-4025 : Tag rtl::Net frame_read_write_m0/write_buf/clkw as clock net
SYN-4026 : Tagged 5 rtl::Net as clock net
PHY-1001 : Populate physical database on model top.
RUN-1001 : There are total 3093 instances
RUN-0007 : 1515 luts, 828 seqs, 423 mslices, 218 lslices, 102 pads, 0 brams, 0 dsps
RUN-1001 : There are total 4956 nets
RUN-1001 : 3137 nets have 2 pins
RUN-1001 : 1523 nets have [3 - 5] pins
RUN-1001 : 117 nets have [6 - 10] pins
RUN-1001 : 101 nets have [11 - 20] pins
RUN-1001 : 62 nets have [21 - 99] pins
RUN-1001 : 16 nets have 100+ pins
RUN-1001 : Report Control nets information:
RUN-1001 : DFF Distribution
RUN-1001 : ----------------------------------
RUN-1001 :   CE   |  SSR  |  ASR  |  DFF Count  
RUN-1001 : ----------------------------------
RUN-1001 :   No   |  No   |  No   |      1      
RUN-1001 :   No   |  No   |  Yes  |     499     
RUN-1001 :   No   |  Yes  |  No   |      0      
RUN-1001 :   Yes  |  No   |  No   |     16      
RUN-1001 :   Yes  |  No   |  Yes  |     312     
RUN-1001 :   Yes  |  Yes  |  No   |      0      
RUN-1001 : ----------------------------------
RUN-0007 : Control Group Statistic
RUN-0007 : ---------------------------
RUN-0007 :   #CLK  |  #CE  |  #SSR/ASR  
RUN-0007 : ---------------------------
RUN-0007 :    5    |  24   |     8      
RUN-0007 : ---------------------------
RUN-0007 : Control Set = 37
PHY-3001 : Initial placement ...
PHY-3001 : design contains 3091 instances, 1515 luts, 828 seqs, 641 slices, 169 macros(641 instances: 423 mslices 218 lslices)
PHY-0007 : Cell area utilization is 14%
PHY-3001 : Start timing update ...
RUN-1002 : start command "start_timer -report"
TMR-2505 : Start building timing graph for model top.
TMR-2506 : Build timing graph completely. Port num: 22, tpin num: 16536, tnet num: 3546, tinst num: 3091, tnode num: 20189, tedge num: 26921.
TMR-2508 : Levelizing timing graph completed, there are 43 levels in total.
TMR-2501 : Timing graph initialized successfully.
TMR-2503 : Start to update net delay, extr mode = 2.
TMR-2504 : Update delay of 3546 nets completely.
TMR-2502 : Annotate delay completely, extr mode = 2.
TMR-3001 : Initiate 5 clocks from SDC.
TMR-3004 : Map sdc constraints, there are 8 constraints in total.
TMR-3003 : Constraints initiated successfully.
TMR-3501 : Forward propagation: start to calculate arrival time...
TMR-3502 : Backward propagation: start to calculate required time...
TMR-3503 : Timing propagation completes.
PHY-3001 : End timing update;  0.512324s wall, 0.296875s user + 0.000000s system = 0.296875s CPU (57.9%)

PHY-3001 : Global placement ...
PHY-3001 : Initial: Len = 721366
PHY-3001 : Clustering ...
PHY-3001 : Level 0 #clusters 3091.
PHY-3001 : End clustering;  0.000008s wall, 0.000000s user + 0.000000s system = 0.000000s CPU (n/a%)

PHY-3001 : Run with size of 4
PHY-3001 : Cell area utilization is 14%
PHY-3001 : :::0::: Try harder cell spreading with beta_ = 0
PHY-3002 : Step(1): len = 613704, overlap = 0
PHY-3002 : Step(2): len = 533852, overlap = 0
PHY-3002 : Step(3): len = 482293, overlap = 0
PHY-3002 : Step(4): len = 430524, overlap = 0
PHY-3002 : Step(5): len = 379039, overlap = 2.15625
PHY-3002 : Step(6): len = 346987, overlap = 3.25
PHY-3002 : Step(7): len = 308010, overlap = 2.75
PHY-3002 : Step(8): len = 271513, overlap = 0.25
PHY-3002 : Step(9): len = 248242, overlap = 2.625
PHY-3002 : Step(10): len = 221607, overlap = 9.875
PHY-3002 : Step(11): len = 199687, overlap = 33.2812
PHY-3002 : Step(12): len = 179420, overlap = 52.4062
PHY-3002 : Step(13): len = 164646, overlap = 55.3125
PHY-3002 : Step(14): len = 149109, overlap = 80.2188
PHY-3002 : Step(15): len = 138983, overlap = 105.875
PHY-3002 : Step(16): len = 126912, overlap = 120.844
PHY-3002 : Step(17): len = 120165, overlap = 118.688
PHY-3002 : Step(18): len = 112919, overlap = 113.344
PHY-3001 : :::1::: Try harder cell spreading with beta_ = 5.28966e-05
PHY-3002 : Step(19): len = 117558, overlap = 69.125
PHY-3002 : Step(20): len = 120289, overlap = 36.875
PHY-3002 : Step(21): len = 115384, overlap = 37.625
PHY-3002 : Step(22): len = 110982, overlap = 42.6562
PHY-3002 : Step(23): len = 108442, overlap = 47.125
PHY-3002 : Step(24): len = 104623, overlap = 49.25
PHY-3002 : Step(25): len = 102346, overlap = 50.9062
PHY-3002 : Step(26): len = 100165, overlap = 56.9062
PHY-3002 : Step(27): len = 96904.5, overlap = 58.875
PHY-3002 : Step(28): len = 95831, overlap = 55.9688
PHY-3002 : Step(29): len = 93920.6, overlap = 55.6562
PHY-3002 : Step(30): len = 92873.4, overlap = 57.5625
PHY-3002 : Step(31): len = 91550.9, overlap = 60.6875
PHY-3002 : Step(32): len = 88774.2, overlap = 65.5938
PHY-3002 : Step(33): len = 87303.1, overlap = 68
PHY-3002 : Step(34): len = 85216.6, overlap = 68.6875
PHY-3002 : Step(35): len = 84075.6, overlap = 72.6562
PHY-3002 : Step(36): len = 82398.2, overlap = 69.3125
PHY-3002 : Step(37): len = 80918.9, overlap = 70.9688
PHY-3002 : Step(38): len = 79526.6, overlap = 70.9688
PHY-3002 : Step(39): len = 78493, overlap = 75.625
PHY-3002 : Step(40): len = 78066.4, overlap = 77.9688
PHY-3001 : :::2::: Try harder cell spreading with beta_ = 0.000105793
PHY-3002 : Step(41): len = 77260.8, overlap = 76.25
PHY-3002 : Step(42): len = 77646.3, overlap = 75.1875
PHY-3002 : Step(43): len = 77853.8, overlap = 73.125
PHY-3001 : :::3::: Try harder cell spreading with beta_ = 0.000211586
PHY-3002 : Step(44): len = 78244.2, overlap = 70.8125
PHY-3002 : Step(45): len = 78685.7, overlap = 69.75
PHY-3002 : Step(46): len = 79042, overlap = 65.4062
PHY-3002 : Step(47): len = 78480.9, overlap = 68.5312
PHY-3002 : Step(48): len = 78293.2, overlap = 69.5938
PHY-3001 : :::4::: Try harder cell spreading with beta_ = 0.000423173
PHY-3002 : Step(49): len = 78001.4, overlap = 69.4062
PHY-3002 : Step(50): len = 78001.4, overlap = 69.4062
PHY-3001 : :::5::: Try harder cell spreading with beta_ = 0.000846346
PHY-3002 : Step(51): len = 78551.5, overlap = 68
PHY-3002 : Step(52): len = 78753, overlap = 66.125
PHY-3001 : :::6::: Try harder cell spreading with beta_ = 0.00169269
PHY-3002 : Step(53): len = 78678.6, overlap = 67.4688
PHY-3002 : Step(54): len = 78678.6, overlap = 67.4688
PHY-3001 : :::7::: Try harder cell spreading with beta_ = 0.00338538
PHY-3002 : Step(55): len = 78514.5, overlap = 66.875
PHY-3002 : Step(56): len = 78514.5, overlap = 66.875
PHY-3001 : :::8::: Try harder cell spreading with beta_ = 0.00677077
PHY-3002 : Step(57): len = 78320.8, overlap = 66.5312
PHY-3002 : Step(58): len = 78320.8, overlap = 66.5312
PHY-3001 : Legalization ...
PHY-3001 : End legalization;  0.003112s wall, 0.000000s user + 0.000000s system = 0.000000s CPU (n/a%)

PHY-3001 : Run with size of 4
PHY-3001 : Cell area utilization is 18%
PHY-3001 : Update timing in Manhattan mode ...
TMR-2503 : Start to update net delay, extr mode = 3.
TMR-2504 : Update delay of 3546 nets completely.
TMR-2502 : Annotate delay completely, extr mode = 3.
TMR-3501 : Forward propagation: start to calculate arrival time...
TMR-3502 : Backward propagation: start to calculate required time...
TMR-3503 : Timing propagation completes.
PHY-3001 : End timing update;  0.086906s wall, 0.015625s user + 0.000000s system = 0.015625s CPU (18.0%)

PHY-3001 : :::0::: Try harder cell spreading with beta_ = 1.12038e-05
PHY-3002 : Step(59): len = 77111.6, overlap = 121.156
PHY-3002 : Step(60): len = 77689.2, overlap = 127.656
PHY-3002 : Step(61): len = 76649.8, overlap = 130.875
PHY-3002 : Step(62): len = 76319.1, overlap = 134.281
PHY-3002 : Step(63): len = 75210.1, overlap = 134.719
PHY-3002 : Step(64): len = 74953.9, overlap = 137.969
PHY-3002 : Step(65): len = 74003.9, overlap = 138.781
PHY-3002 : Step(66): len = 73247.4, overlap = 139.531
PHY-3002 : Step(67): len = 72951.8, overlap = 141.719
PHY-3002 : Step(68): len = 72142.1, overlap = 140.594
PHY-3002 : Step(69): len = 71989, overlap = 140.281
PHY-3002 : Step(70): len = 71661.8, overlap = 139.875
PHY-3002 : Step(71): len = 71259.4, overlap = 139.438
PHY-3002 : Step(72): len = 71166.3, overlap = 140.031
PHY-3002 : Step(73): len = 70500.9, overlap = 142.719
PHY-3002 : Step(74): len = 70250.6, overlap = 153.031
PHY-3002 : Step(75): len = 69648.9, overlap = 157.406
PHY-3002 : Step(76): len = 69196.6, overlap = 164.375
PHY-3002 : Step(77): len = 68491, overlap = 166.75
PHY-3002 : Step(78): len = 67959.5, overlap = 170.281
PHY-3002 : Step(79): len = 67551.2, overlap = 174.969
PHY-3002 : Step(80): len = 67156.5, overlap = 180.375
PHY-3002 : Step(81): len = 66631.9, overlap = 180.031
PHY-3002 : Step(82): len = 66423.2, overlap = 179.688
PHY-3002 : Step(83): len = 66221, overlap = 179.344
PHY-3002 : Step(84): len = 66016, overlap = 175.906
PHY-3002 : Step(85): len = 65432.8, overlap = 175.562
PHY-3002 : Step(86): len = 65371.2, overlap = 178.125
PHY-3002 : Step(87): len = 64739.8, overlap = 182.562
PHY-3002 : Step(88): len = 64544.8, overlap = 184.125
PHY-3002 : Step(89): len = 64156.9, overlap = 187.688
PHY-3001 : :::1::: Try harder cell spreading with beta_ = 2.24075e-05
PHY-3002 : Step(90): len = 63790, overlap = 187.281
PHY-3002 : Step(91): len = 63894.6, overlap = 186.906
PHY-3001 : :::2::: Try harder cell spreading with beta_ = 4.48151e-05
PHY-3002 : Step(92): len = 66483.1, overlap = 169.562
PHY-3002 : Step(93): len = 67213.1, overlap = 168.781
PHY-3002 : Step(94): len = 68311.7, overlap = 169.25
PHY-3002 : Step(95): len = 69016.9, overlap = 169.844
PHY-3002 : Step(96): len = 72883.7, overlap = 155.688
PHY-3002 : Step(97): len = 73017.7, overlap = 147.938
PHY-3002 : Step(98): len = 73028.3, overlap = 141.812
PHY-3001 : :::3::: Try harder cell spreading with beta_ = 8.96301e-05
PHY-3002 : Step(99): len = 73224.7, overlap = 142.875
PHY-3002 : Step(100): len = 73488.5, overlap = 141.188
PHY-3002 : Step(101): len = 75007.5, overlap = 132.844
PHY-3002 : Step(102): len = 76446.2, overlap = 115.844
PHY-3002 : Step(103): len = 75364.4, overlap = 118.312
PHY-3002 : Step(104): len = 74968.6, overlap = 118.812
PHY-3002 : Step(105): len = 73888.5, overlap = 129.938
PHY-3001 : :::4::: Try harder cell spreading with beta_ = 0.00017926
PHY-3002 : Step(106): len = 74003.7, overlap = 116.844
PHY-3002 : Step(107): len = 74003.7, overlap = 116.844
PHY-3002 : Step(108): len = 74286.1, overlap = 113.531
PHY-3001 : :::5::: Try harder cell spreading with beta_ = 0.00035852
PHY-3002 : Step(109): len = 76724, overlap = 108.812
PHY-3002 : Step(110): len = 78207.7, overlap = 108.625
PHY-3002 : Step(111): len = 79256.7, overlap = 112.031
PHY-3002 : Step(112): len = 79835.3, overlap = 112.031
PHY-3002 : Step(113): len = 80658, overlap = 111.531
PHY-3002 : Step(114): len = 79630.7, overlap = 109.656
PHY-3002 : Step(115): len = 78855, overlap = 109.469
PHY-3002 : Step(116): len = 78567.6, overlap = 108.406
PHY-3001 : :::6::: Try harder cell spreading with beta_ = 0.000717041
PHY-3002 : Step(117): len = 78338.7, overlap = 104.438
PHY-3002 : Step(118): len = 78443.8, overlap = 104
PHY-3002 : Step(119): len = 78594.7, overlap = 97.9375
PHY-3001 : :::7::: Try harder cell spreading with beta_ = 0.00143408
PHY-3002 : Step(120): len = 79217.8, overlap = 92.5625
PHY-3002 : Step(121): len = 79839.8, overlap = 92.8125
PHY-3002 : Step(122): len = 80690.4, overlap = 86.1562
PHY-3001 : :::8::: Try harder cell spreading with beta_ = 0.00286816
PHY-3002 : Step(123): len = 80199.7, overlap = 84.5
PHY-3002 : Step(124): len = 79756.4, overlap = 85.9688
PHY-3001 : :::9::: Try harder cell spreading with beta_ = 0.00573633
PHY-3002 : Step(125): len = 79942.1, overlap = 85.5625
PHY-3002 : Step(126): len = 80016.2, overlap = 84.5938
PHY-3001 : :::10::: Try harder cell spreading with beta_ = 0.0114727
PHY-3002 : Step(127): len = 79947.4, overlap = 85.5312
PHY-3002 : Step(128): len = 79915.2, overlap = 85.5938
PHY-3001 : :::11::: Try harder cell spreading with beta_ = 0.0229453
PHY-3002 : Step(129): len = 79950.6, overlap = 85
PHY-3002 : Step(130): len = 79961.3, overlap = 85.3438
PHY-3001 : :::12::: Try harder cell spreading with beta_ = 0.0458906
PHY-3002 : Step(131): len = 79945.9, overlap = 85.4375
PHY-3002 : Step(132): len = 79945.9, overlap = 85.4375
PHY-3001 : Run with size of 2
PHY-3001 : Cell area utilization is 18%
PHY-3001 : Update timing in Manhattan mode ...
TMR-2503 : Start to update net delay, extr mode = 3.
TMR-2504 : Update delay of 3546 nets completely.
TMR-2502 : Annotate delay completely, extr mode = 3.
TMR-3501 : Forward propagation: start to calculate arrival time...
TMR-3502 : Backward propagation: start to calculate required time...
TMR-3503 : Timing propagation completes.
PHY-3001 : End timing update;  0.085635s wall, 0.046875s user + 0.000000s system = 0.046875s CPU (54.7%)

PHY-3001 : :::0::: Try harder cell spreading with beta_ = 5.67107e-05
PHY-3002 : Step(133): len = 84916.6, overlap = 144.656
PHY-3002 : Step(134): len = 86735.3, overlap = 132.844
PHY-3002 : Step(135): len = 84485.5, overlap = 131.625
PHY-3002 : Step(136): len = 84159.1, overlap = 133.125
PHY-3002 : Step(137): len = 83097.2, overlap = 122.969
PHY-3002 : Step(138): len = 82526.7, overlap = 123.875
PHY-3002 : Step(139): len = 81523.9, overlap = 124.781
PHY-3002 : Step(140): len = 80954.5, overlap = 127.312
PHY-3002 : Step(141): len = 79599.8, overlap = 135.062
PHY-3001 : :::1::: Try harder cell spreading with beta_ = 0.000113421
PHY-3002 : Step(142): len = 80269.3, overlap = 119.625
PHY-3002 : Step(143): len = 80511.9, overlap = 116.688
PHY-3002 : Step(144): len = 80423.8, overlap = 114.312
PHY-3001 : :::2::: Try harder cell spreading with beta_ = 0.000226843
PHY-3002 : Step(145): len = 82447.7, overlap = 99.125
PHY-3002 : Step(146): len = 83287, overlap = 99.4375
PHY-3002 : Step(147): len = 83314.2, overlap = 97.9688
PHY-3001 : :::3::: Try harder cell spreading with beta_ = 0.000453685
PHY-3002 : Step(148): len = 84991, overlap = 95.0938
PHY-3002 : Step(149): len = 85734.1, overlap = 97.3125
PHY-3002 : Step(150): len = 86050.9, overlap = 92.25
PHY-3001 : :::4::: Try harder cell spreading with beta_ = 0.00090737
PHY-3002 : Step(151): len = 86838.7, overlap = 89.0625
PHY-3002 : Step(152): len = 87849.1, overlap = 82.3125
PHY-3001 : :::5::: Try harder cell spreading with beta_ = 0.00181474
PHY-3002 : Step(153): len = 89189.9, overlap = 78.3125
PHY-3002 : Step(154): len = 89887.1, overlap = 78
PHY-3002 : Step(155): len = 89833.6, overlap = 80.9375
PHY-3001 : :::6::: Try harder cell spreading with beta_ = 0.00362948
PHY-3002 : Step(156): len = 90107.4, overlap = 79.2188
PHY-3002 : Step(157): len = 90281.9, overlap = 74.3125
PHY-3001 : :::7::: Try harder cell spreading with beta_ = 0.00725896
PHY-3002 : Step(158): len = 90846.2, overlap = 76.0625
PHY-3002 : Step(159): len = 91349.9, overlap = 73.4688
PHY-3001 : :::8::: Try harder cell spreading with beta_ = 0.0145179
PHY-3002 : Step(160): len = 91407.1, overlap = 73.0938
PHY-3002 : Step(161): len = 91522.7, overlap = 74.7812
PHY-3001 : :::9::: Try harder cell spreading with beta_ = 0.0244147
PHY-3002 : Step(162): len = 91595.7, overlap = 74.5312
PHY-3002 : Step(163): len = 91808.3, overlap = 72.9375
PHY-3001 : :::10::: Try harder cell spreading with beta_ = 0.0454356
PHY-3002 : Step(164): len = 91852.4, overlap = 72.75
PHY-3002 : Step(165): len = 91901.8, overlap = 72.4375
OPT-1001 : Start physical optimization ...
RUN-1002 : start command "start_timer -report"
TMR-2505 : Start building timing graph for model top.
TMR-2506 : Build timing graph completely. Port num: 22, tpin num: 16536, tnet num: 3546, tinst num: 3091, tnode num: 20189, tedge num: 26921.
TMR-2508 : Levelizing timing graph completed, there are 43 levels in total.
TMR-2501 : Timing graph initialized successfully.
OPT-1001 : Total overflow 240.84 peak overflow 4.62
OPT-1001 : Start high-fanout net optimization ...
OPT-1001 : Update timing in global mode
PHY-1001 : Start incremental global routing, caller is place ...
RUN-1001 : Generating global routing grids ...
RUN-1001 : Building simple global routing graph ...
PHY-1001 : Generate routing nets ...
PHY-1001 : Reuse net number 0/4956.
PHY-1001 : Global iterations in 16 thread ...
PHY-1002 : len = 118080, over cnt = 463(1%), over = 2291, worst = 40
PHY-1001 : End global iterations;  0.145495s wall, 0.046875s user + 0.000000s system = 0.046875s CPU (32.2%)

PHY-1001 : Congestion index: top1 = 50.15, top5 = 35.59, top10 = 27.55, top15 = 22.15.
PHY-1001 : End incremental global routing;  0.201793s wall, 0.062500s user + 0.015625s system = 0.078125s CPU (38.7%)

TMR-2503 : Start to update net delay, extr mode = 5.
TMR-2504 : Update delay of 3546 nets completely.
TMR-2502 : Annotate delay completely, extr mode = 5.
TMR-3001 : Initiate 5 clocks from SDC.
TMR-3004 : Map sdc constraints, there are 8 constraints in total.
TMR-3003 : Constraints initiated successfully.
TMR-3501 : Forward propagation: start to calculate arrival time...
TMR-3502 : Backward propagation: start to calculate required time...
TMR-3503 : Timing propagation completes.
OPT-1001 : End timing update;  0.091614s wall, 0.046875s user + 0.000000s system = 0.046875s CPU (51.2%)

OPT-1001 : 4 high-fanout net processed.
PHY-3001 : Start incremental placement ...
PHY-1001 : Populate physical database on model top.
PHY-3001 : Initial placement ...
PHY-3001 : eco special cells: 1 has valid locations, 0 needs to be replaced
PHY-3001 : eco pad cells: 102 has valid locations, 0 needs to be replaced
PHY-3001 : eco cells: 2980 has valid locations, 22 needs to be replaced
PHY-3001 : design contains 3109 instances, 1515 luts, 846 seqs, 641 slices, 169 macros(641 instances: 423 mslices 218 lslices)
PHY-3001 : Global placement ...
PHY-3001 : Initial: Len = 92731.2
PHY-3001 : Run with size of 4
PHY-3001 : Cell area utilization is 18%
PHY-3001 : Update timing in Manhattan mode ...
RUN-1002 : start command "start_timer -report"
TMR-2505 : Start building timing graph for model top.
TMR-2506 : Build timing graph completely. Port num: 22, tpin num: 16622, tnet num: 3564, tinst num: 3109, tnode num: 20343, tedge num: 27057.
TMR-2508 : Levelizing timing graph completed, there are 43 levels in total.
TMR-2501 : Timing graph initialized successfully.
TMR-2503 : Start to update net delay, extr mode = 3.
TMR-2504 : Update delay of 3564 nets completely.
TMR-2502 : Annotate delay completely, extr mode = 3.
TMR-3001 : Initiate 5 clocks from SDC.
TMR-3004 : Map sdc constraints, there are 8 constraints in total.
TMR-3003 : Constraints initiated successfully.
TMR-3501 : Forward propagation: start to calculate arrival time...
TMR-3502 : Backward propagation: start to calculate required time...
TMR-3503 : Timing propagation completes.
PHY-3001 : End timing update;  0.584221s wall, 0.359375s user + 0.000000s system = 0.359375s CPU (61.5%)

PHY-3001 : :::0::: Try harder cell spreading with beta_ = 0
PHY-3002 : Step(166): len = 92627.7, overlap = 0.46875
PHY-3002 : Step(167): len = 92675.9, overlap = 0.46875
PHY-3002 : Step(168): len = 92724.1, overlap = 0.46875
PHY-3002 : Step(169): len = 92715.2, overlap = 0.46875
PHY-3001 : Run with size of 2
PHY-3001 : Cell area utilization is 18%
PHY-3001 : Update timing in Manhattan mode ...
TMR-2503 : Start to update net delay, extr mode = 3.
TMR-2504 : Update delay of 3564 nets completely.
TMR-2502 : Annotate delay completely, extr mode = 3.
TMR-3501 : Forward propagation: start to calculate arrival time...
TMR-3502 : Backward propagation: start to calculate required time...
TMR-3503 : Timing propagation completes.
PHY-3001 : End timing update;  0.087441s wall, 0.062500s user + 0.000000s system = 0.062500s CPU (71.5%)

PHY-3001 : :::0::: Try harder cell spreading with beta_ = 0
PHY-3002 : Step(170): len = 92696.7, overlap = 72.4375
PHY-3002 : Step(171): len = 92663.3, overlap = 72.5
PHY-3001 : Final: Len = 92663.3, Over = 72.5
PHY-3001 : End incremental placement;  0.792358s wall, 0.453125s user + 0.000000s system = 0.453125s CPU (57.2%)

OPT-1001 : Total overflow 241.03 peak overflow 4.62
OPT-1001 : End high-fanout net optimization;  1.148868s wall, 0.593750s user + 0.015625s system = 0.609375s CPU (53.0%)

OPT-1001 : Current memory(MB): used = 256, reserve = 228, peak = 256.
OPT-1001 : Start global optimization ...
OPT-1001 : Start congestion update ...
RUN-1001 : Generating global routing grids ...
PHY-1001 : Generate routing nets ...
PHY-1001 : Reuse net number 3273/4974.
PHY-1001 : Global iterations in 16 thread ...
PHY-1002 : len = 118912, over cnt = 467(1%), over = 2250, worst = 40
PHY-1002 : len = 135664, over cnt = 376(1%), over = 1105, worst = 29
PHY-1002 : len = 151232, over cnt = 68(0%), over = 153, worst = 11
PHY-1002 : len = 153488, over cnt = 21(0%), over = 22, worst = 2
PHY-1002 : len = 154472, over cnt = 0(0%), over = 0, worst = 0
PHY-1001 : End global iterations;  0.201275s wall, 0.093750s user + 0.000000s system = 0.093750s CPU (46.6%)

PHY-1001 : Congestion index: top1 = 44.40, top5 = 34.02, top10 = 28.54, top15 = 24.59.
OPT-1001 : End congestion update;  0.258390s wall, 0.093750s user + 0.000000s system = 0.093750s CPU (36.3%)

OPT-1001 : Update timing in Manhattan mode
TMR-2503 : Start to update net delay, extr mode = 3.
TMR-2504 : Update delay of 3564 nets completely.
TMR-2502 : Annotate delay completely, extr mode = 3.
TMR-3501 : Forward propagation: start to calculate arrival time...
TMR-3502 : Backward propagation: start to calculate required time...
TMR-3503 : Timing propagation completes.
OPT-1001 : End timing update;  0.082057s wall, 0.031250s user + 0.000000s system = 0.031250s CPU (38.1%)

OPT-0007 : Start: WNS 854 TNS 0 NUM_FEPS 0
OPT-0007 : Iter 1: improved WNS 854 TNS 0 NUM_FEPS 0 with 17 cells processed and 300 slack improved
OPT-0007 : Iter 2: improved WNS 854 TNS 0 NUM_FEPS 0 with 5 cells processed and 650 slack improved
OPT-0007 : Iter 3: improved WNS 854 TNS 0 NUM_FEPS 0 with 4 cells processed and 200 slack improved
OPT-0007 : Iter 4: improved WNS 854 TNS 0 NUM_FEPS 0 with 4 cells processed and 50 slack improved
OPT-1001 : End global optimization;  0.346012s wall, 0.125000s user + 0.000000s system = 0.125000s CPU (36.1%)

OPT-1001 : Current memory(MB): used = 256, reserve = 228, peak = 256.
OPT-1001 : End physical optimization;  2.062775s wall, 0.937500s user + 0.031250s system = 0.968750s CPU (47.0%)

PHY-3001 : Start packing ...
SYN-4007 : Packing 0 MUX to BLE ...
SYN-4008 : Packed 0 MUX and 0 SEQ to BLE.
SYN-4007 : Packing 1515 LUT to BLE ...
SYN-4008 : Packed 1515 LUT and 576 SEQ to BLE.
SYN-4003 : Packing 270 remaining SEQ's ...
SYN-4005 : Packed 181 SEQ with LUT/SLICE
SYN-4006 : 782 single LUT's are left
SYN-4006 : 89 single SEQ's are left
SYN-4011 : Packing model "top" (AL_USER_NORMAL) with 1604/2482 primitive instances ...
PHY-3001 : End packing;  0.082235s wall, 0.031250s user + 0.000000s system = 0.031250s CPU (38.0%)

PHY-1001 : Populate physical database on model top.
RUN-1001 : There are total 1612 instances
RUN-1001 : 751 mslices, 752 lslices, 102 pads, 0 brams, 0 dsps
RUN-1001 : There are total 4455 nets
RUN-1001 : 2636 nets have 2 pins
RUN-1001 : 1494 nets have [3 - 5] pins
RUN-1001 : 129 nets have [6 - 10] pins
RUN-1001 : 106 nets have [11 - 20] pins
RUN-1001 : 77 nets have [21 - 99] pins
RUN-1001 : 13 nets have 100+ pins
PHY-3001 : design contains 1610 instances, 1503 slices, 169 macros(641 instances: 423 mslices 218 lslices)
PHY-3001 : Cell area utilization is 19%
PHY-3001 : After packing: Len = 92187.4, Over = 93.25
PHY-3001 : Run with size of 2
PHY-3001 : Cell area utilization is 19%
PHY-3001 : Update timing in Manhattan mode ...
RUN-1002 : start command "start_timer -report"
TMR-2505 : Start building timing graph for model top.
TMR-2506 : Build timing graph completely. Port num: 22, tpin num: 14937, tnet num: 3045, tinst num: 1610, tnode num: 17888, tedge num: 25214.
TMR-2508 : Levelizing timing graph completed, there are 41 levels in total.
TMR-2501 : Timing graph initialized successfully.
TMR-2503 : Start to update net delay, extr mode = 3.
TMR-2504 : Update delay of 3045 nets completely.
TMR-2502 : Annotate delay completely, extr mode = 3.
TMR-3001 : Initiate 5 clocks from SDC.
TMR-3004 : Map sdc constraints, there are 8 constraints in total.
TMR-3003 : Constraints initiated successfully.
TMR-3501 : Forward propagation: start to calculate arrival time...
TMR-3502 : Backward propagation: start to calculate required time...
TMR-3503 : Timing propagation completes.
PHY-3001 : End timing update;  0.617599s wall, 0.281250s user + 0.000000s system = 0.281250s CPU (45.5%)

PHY-3001 : :::0::: Try harder cell spreading with beta_ = 0.000101455
PHY-3002 : Step(172): len = 89286.6, overlap = 108.25
PHY-3002 : Step(173): len = 87809.1, overlap = 113.5
PHY-3002 : Step(174): len = 86828.8, overlap = 119.75
PHY-3002 : Step(175): len = 86461.1, overlap = 118.75
PHY-3002 : Step(176): len = 86486.4, overlap = 120
PHY-3002 : Step(177): len = 86393.8, overlap = 124.25
PHY-3001 : :::1::: Try harder cell spreading with beta_ = 0.00020291
PHY-3002 : Step(178): len = 88567.5, overlap = 116.25
PHY-3002 : Step(179): len = 89901, overlap = 112.75
PHY-3002 : Step(180): len = 89711.8, overlap = 111.75
PHY-3001 : :::2::: Try harder cell spreading with beta_ = 0.000405819
PHY-3002 : Step(181): len = 92031, overlap = 101
PHY-3002 : Step(182): len = 93970.9, overlap = 92.5
PHY-3002 : Step(183): len = 93956, overlap = 94
PHY-3001 : Legalization ...
PHY-3001 : End legalization;  0.146645s wall, 0.000000s user + 0.015625s system = 0.015625s CPU (10.7%)

PHY-3001 : Trial Legalized: Len = 118363
PHY-3001 : Run with size of 2
PHY-3001 : Cell area utilization is 18%
PHY-3001 : Update timing in Manhattan mode ...
TMR-2503 : Start to update net delay, extr mode = 3.
TMR-2504 : Update delay of 3045 nets completely.
TMR-2502 : Annotate delay completely, extr mode = 3.
TMR-3501 : Forward propagation: start to calculate arrival time...
TMR-3502 : Backward propagation: start to calculate required time...
TMR-3503 : Timing propagation completes.
PHY-3001 : End timing update;  0.084986s wall, 0.031250s user + 0.000000s system = 0.031250s CPU (36.8%)

PHY-3001 : :::0::: Try harder cell spreading with beta_ = 0.000962533
PHY-3002 : Step(184): len = 110029, overlap = 12.25
PHY-3002 : Step(185): len = 105812, overlap = 24
PHY-3002 : Step(186): len = 103333, overlap = 32.5
PHY-3002 : Step(187): len = 101779, overlap = 36
PHY-3002 : Step(188): len = 100698, overlap = 38.5
PHY-3002 : Step(189): len = 99699.1, overlap = 38.75
PHY-3002 : Step(190): len = 99012.2, overlap = 42
PHY-3001 : :::1::: Try harder cell spreading with beta_ = 0.00192507
PHY-3002 : Step(191): len = 99468.3, overlap = 41.75
PHY-3002 : Step(192): len = 99798.4, overlap = 41.25
PHY-3001 : :::2::: Try harder cell spreading with beta_ = 0.00385013
PHY-3002 : Step(193): len = 100069, overlap = 40
PHY-3002 : Step(194): len = 100582, overlap = 38.5
PHY-3001 : Legalization ...
PHY-3001 : End legalization;  0.004757s wall, 0.000000s user + 0.000000s system = 0.000000s CPU (n/a%)

PHY-3001 : Legalized: Len = 109895, Over = 0
PHY-3001 : Spreading special nets. 27 overflows in 2952 tiles.
PHY-3001 : End spreading;  0.007308s wall, 0.000000s user + 0.000000s system = 0.000000s CPU (n/a%)

PHY-3001 : 37 instances has been re-located, deltaX = 13, deltaY = 26, maxDist = 2.
PHY-3001 : Final: Len = 110841, Over = 0
OPT-1001 : Start physical optimization ...
RUN-1002 : start command "start_timer -report"
TMR-2505 : Start building timing graph for model top.
TMR-2506 : Build timing graph completely. Port num: 22, tpin num: 14937, tnet num: 3045, tinst num: 1610, tnode num: 17888, tedge num: 25214.
TMR-2508 : Levelizing timing graph completed, there are 41 levels in total.
TMR-2501 : Timing graph initialized successfully.
OPT-1001 : Total overflow 0.00 peak overflow 0.00
OPT-1001 : Start high-fanout net optimization ...
OPT-1001 : Update timing in global mode
PHY-1001 : Start incremental global routing, caller is place ...
RUN-1001 : Generating global routing grids ...
PHY-1001 : Generate routing nets ...
PHY-1001 : Reuse net number 86/4455.
PHY-1001 : Global iterations in 16 thread ...
PHY-1002 : len = 143080, over cnt = 376(1%), over = 738, worst = 7
PHY-1002 : len = 145760, over cnt = 220(0%), over = 385, worst = 7
PHY-1002 : len = 147376, over cnt = 130(0%), over = 221, worst = 6
PHY-1002 : len = 149888, over cnt = 7(0%), over = 7, worst = 1
PHY-1002 : len = 149976, over cnt = 0(0%), over = 0, worst = 0
PHY-1001 : End global iterations;  0.316144s wall, 0.109375s user + 0.000000s system = 0.109375s CPU (34.6%)

PHY-1001 : Congestion index: top1 = 33.38, top5 = 28.10, top10 = 24.60, top15 = 22.01.
PHY-1001 : End incremental global routing;  0.383640s wall, 0.109375s user + 0.000000s system = 0.109375s CPU (28.5%)

TMR-2503 : Start to update net delay, extr mode = 5.
TMR-2504 : Update delay of 3045 nets completely.
TMR-2502 : Annotate delay completely, extr mode = 5.
TMR-3001 : Initiate 5 clocks from SDC.
TMR-3004 : Map sdc constraints, there are 8 constraints in total.
TMR-3003 : Constraints initiated successfully.
TMR-3501 : Forward propagation: start to calculate arrival time...
TMR-3502 : Backward propagation: start to calculate required time...
TMR-3503 : Timing propagation completes.
OPT-1001 : End timing update;  0.096278s wall, 0.046875s user + 0.015625s system = 0.062500s CPU (64.9%)

OPT-1001 : 1 high-fanout net processed.
PHY-3001 : Start incremental placement ...
PHY-1001 : Populate physical database on model top.
PHY-3001 : Initial placement ...
PHY-3001 : eco special cells: 1 has valid locations, 0 needs to be replaced
PHY-3001 : eco pad cells: 102 has valid locations, 0 needs to be replaced
PHY-3001 : eco cells: 1502 has valid locations, 4 needs to be replaced
PHY-3001 : design contains 1613 instances, 1506 slices, 169 macros(641 instances: 423 mslices 218 lslices)
PHY-3001 : Global placement ...
PHY-3001 : Initial: Len = 111355
PHY-3001 : Run with size of 4
PHY-3001 : Cell area utilization is 19%
PHY-3001 : Update timing in Manhattan mode ...
RUN-1002 : start command "start_timer -report"
TMR-2505 : Start building timing graph for model top.
TMR-2506 : Build timing graph completely. Port num: 22, tpin num: 14960, tnet num: 3047, tinst num: 1613, tnode num: 17911, tedge num: 25241.
TMR-2508 : Levelizing timing graph completed, there are 41 levels in total.
TMR-2501 : Timing graph initialized successfully.
TMR-2503 : Start to update net delay, extr mode = 3.
TMR-2504 : Update delay of 3047 nets completely.
TMR-2502 : Annotate delay completely, extr mode = 3.
TMR-3001 : Initiate 5 clocks from SDC.
TMR-3004 : Map sdc constraints, there are 8 constraints in total.
TMR-3003 : Constraints initiated successfully.
TMR-3501 : Forward propagation: start to calculate arrival time...
TMR-3502 : Backward propagation: start to calculate required time...
TMR-3503 : Timing propagation completes.
PHY-3001 : End timing update;  0.609698s wall, 0.265625s user + 0.000000s system = 0.265625s CPU (43.6%)

PHY-3001 : :::0::: Try harder cell spreading with beta_ = 0
PHY-3002 : Step(195): len = 111040, overlap = 0
PHY-3002 : Step(196): len = 111038, overlap = 0
PHY-3002 : Step(197): len = 111038, overlap = 0
PHY-3001 : Run with size of 2
PHY-3001 : Cell area utilization is 19%
PHY-3001 : Update timing in Manhattan mode ...
TMR-2503 : Start to update net delay, extr mode = 3.
TMR-2504 : Update delay of 3047 nets completely.
TMR-2502 : Annotate delay completely, extr mode = 3.
TMR-3501 : Forward propagation: start to calculate arrival time...
TMR-3502 : Backward propagation: start to calculate required time...
TMR-3503 : Timing propagation completes.
PHY-3001 : End timing update;  0.083452s wall, 0.046875s user + 0.000000s system = 0.046875s CPU (56.2%)

PHY-3001 : :::0::: Try harder cell spreading with beta_ = 0
PHY-3002 : Step(198): len = 111038, overlap = 0
PHY-3002 : Step(199): len = 111038, overlap = 0
PHY-3001 : Legalization ...
PHY-3001 : End legalization;  0.003486s wall, 0.000000s user + 0.000000s system = 0.000000s CPU (n/a%)

PHY-3001 : Legalized: Len = 111016, Over = 0
PHY-3001 : End spreading;  0.005827s wall, 0.000000s user + 0.000000s system = 0.000000s CPU (n/a%)

PHY-3001 : Final: Len = 111016, Over = 0
PHY-3001 : End incremental placement;  0.804217s wall, 0.312500s user + 0.000000s system = 0.312500s CPU (38.9%)

OPT-1001 : Total overflow 0.00 peak overflow 0.00
OPT-1001 : End high-fanout net optimization;  1.347447s wall, 0.500000s user + 0.015625s system = 0.515625s CPU (38.3%)

OPT-1001 : Current memory(MB): used = 268, reserve = 241, peak = 268.
OPT-1001 : Start path based optimization ...
OPT-1001 : Start congestion update ...
RUN-1001 : Generating global routing grids ...
PHY-1001 : Generate routing nets ...
PHY-1001 : Reuse net number 2679/4457.
PHY-1001 : Global iterations in 16 thread ...
PHY-1002 : len = 150072, over cnt = 8(0%), over = 12, worst = 4
PHY-1002 : len = 150136, over cnt = 5(0%), over = 5, worst = 1
PHY-1002 : len = 150208, over cnt = 0(0%), over = 0, worst = 0
PHY-1001 : End global iterations;  0.034761s wall, 0.000000s user + 0.000000s system = 0.000000s CPU (n/a%)

PHY-1001 : Congestion index: top1 = 33.36, top5 = 28.10, top10 = 24.64, top15 = 22.05.
OPT-1001 : End congestion update;  0.090070s wall, 0.015625s user + 0.000000s system = 0.015625s CPU (17.3%)

OPT-1001 : Update timing in Manhattan mode
TMR-2503 : Start to update net delay, extr mode = 3.
TMR-2504 : Update delay of 3047 nets completely.
TMR-2502 : Annotate delay completely, extr mode = 3.
TMR-3501 : Forward propagation: start to calculate arrival time...
TMR-3502 : Backward propagation: start to calculate required time...
TMR-3503 : Timing propagation completes.
OPT-1001 : End timing update;  0.077182s wall, 0.000000s user + 0.000000s system = 0.000000s CPU (n/a%)

OPT-0007 : Start: WNS 922 TNS 0 NUM_FEPS 0
PHY-3001 : Start incremental legalization ...
PHY-1001 : Populate physical database on model top.
PHY-3001 : Initial placement ...
PHY-3001 : eco special cells: 1 has valid locations, 0 needs to be replaced
PHY-3001 : eco pad cells: 102 has valid locations, 0 needs to be replaced
PHY-3001 : eco cells: 1506 has valid locations, 0 needs to be replaced
PHY-3001 : design contains 1613 instances, 1506 slices, 169 macros(641 instances: 423 mslices 218 lslices)
PHY-3001 : Cell area utilization is 19%
PHY-3001 : Initial: Len = 111020, Over = 0
PHY-3001 : Spreading special nets. 2 overflows in 2952 tiles.
PHY-3001 : End spreading;  0.005829s wall, 0.000000s user + 0.000000s system = 0.000000s CPU (n/a%)

PHY-3001 : 4 instances has been re-located, deltaX = 4, deltaY = 2, maxDist = 2.
PHY-3001 : Final: Len = 111262, Over = 0
PHY-3001 : End incremental legalization;  0.052447s wall, 0.031250s user + 0.000000s system = 0.031250s CPU (59.6%)

OPT-0007 : Iter 1: improved WNS 1022 TNS 0 NUM_FEPS 0 with 4 cells processed and 400 slack improved
OPT-0007 : Iter 2: improved WNS 1022 TNS 0 NUM_FEPS 0 with 0 cells processed and 0 slack improved
OPT-1001 : End path based optimization;  0.236317s wall, 0.093750s user + 0.000000s system = 0.093750s CPU (39.7%)

OPT-1001 : Current memory(MB): used = 269, reserve = 242, peak = 269.
OPT-1001 : Update timing in Manhattan mode
TMR-2503 : Start to update net delay, extr mode = 3.
TMR-2504 : Update delay of 3047 nets completely.
TMR-2502 : Annotate delay completely, extr mode = 3.
TMR-3501 : Forward propagation: start to calculate arrival time...
TMR-3502 : Backward propagation: start to calculate required time...
TMR-3503 : Timing propagation completes.
OPT-1001 : End timing update;  0.076214s wall, 0.031250s user + 0.000000s system = 0.031250s CPU (41.0%)

OPT-1001 : Start pin optimization...
OPT-1001 : skip pin optimization...
RUN-1001 : Generating global routing grids ...
PHY-1001 : Generate routing nets ...
PHY-1001 : Reuse net number 2664/4457.
PHY-1001 : Global iterations in 16 thread ...
PHY-1002 : len = 150360, over cnt = 10(0%), over = 10, worst = 1
PHY-1002 : len = 150344, over cnt = 3(0%), over = 3, worst = 1
PHY-1002 : len = 150384, over cnt = 0(0%), over = 0, worst = 0
PHY-1001 : End global iterations;  0.051203s wall, 0.000000s user + 0.015625s system = 0.015625s CPU (30.5%)

PHY-1001 : Congestion index: top1 = 33.34, top5 = 28.05, top10 = 24.64, top15 = 22.07.
OPT-1001 : Update timing in Manhattan mode
TMR-2503 : Start to update net delay, extr mode = 3.
TMR-2504 : Update delay of 3047 nets completely.
TMR-2502 : Annotate delay completely, extr mode = 3.
TMR-3501 : Forward propagation: start to calculate arrival time...
TMR-3502 : Backward propagation: start to calculate required time...
TMR-3503 : Timing propagation completes.
OPT-1001 : End timing update;  0.076148s wall, 0.031250s user + 0.000000s system = 0.031250s CPU (41.0%)

RUN-1001 : QoR Analysis:
OPT-0007 :   WNS 822 TNS 0 NUM_FEPS 0
RUN-1001 :   No local congestion issue, and most congested 1% tile average routing util is 32.896552
RUN-1001 :   Top critical paths
RUN-1001 :       #1 path slack 822ps with logic level 2 
OPT-1001 : End physical optimization;  2.414758s wall, 0.906250s user + 0.031250s system = 0.937500s CPU (38.8%)

RUN-1003 : finish command "place" in  10.009753s wall, 3.406250s user + 0.265625s system = 3.671875s CPU (36.7%)

RUN-1004 : used memory is 242 MB, reserved memory is 213 MB, peak memory is 269 MB
RUN-1002 : start command "export_db pic_sdram_place.db"
RUN-1001 : Exported /
RUN-1001 : Exported flow parameters
RUN-1001 : Exported libs
RUN-1001 : Exported entities
RUN-1001 : Exported ports
RUN-1001 : Exported pins
RUN-1001 : Exported instances
RUN-1001 : Exported nets
RUN-1001 : Exported buses
RUN-1001 : Exported models
RUN-1001 : Exported congestions
RUN-1001 : Exported violations
RUN-1001 : Exported timing constraints
RUN-1001 : Exported IO constraints
RUN-1001 : Exported Inst constraints
RUN-1002 : start command "route"
RUN-1001 : Open license file D:/Program/Anlogic/TD5.6.2/license/Anlogic.lic
RUN-1001 : Print Global Property
RUN-1001 : ---------------------------------------------------------------
RUN-1001 :        Parameters        |  Settings  |  Default Values  |  Note  
RUN-1001 : ---------------------------------------------------------------
RUN-1001 :          message         |  standard  |     standard     |        
RUN-1001 :   mixed_pack_place_flow  |     on     |        on        |        
RUN-1001 :        qor_monitor       |    off     |       off        |        
RUN-1001 :        syn_ip_flow       |    off     |       off        |        
RUN-1001 :          thread          |    auto    |       auto       |        
RUN-1001 : ---------------------------------------------------------------
RUN-1001 : Print Route Property
RUN-1001 : -------------------------------------------------------
RUN-1001 :    Parameters    |  Settings  |  Default Values  |  Note  
RUN-1001 : -------------------------------------------------------
RUN-1001 :      effort      |   medium   |      medium      |        
RUN-1001 :     fix_hold     |    off     |       off        |        
RUN-1001 :    opt_timing    |   medium   |      medium      |        
RUN-1001 :   phy_sim_model  |    off     |       off        |        
RUN-1001 :     priority     |   timing   |      timing      |        
RUN-1001 :     swap_pin     |     on     |        on        |        
RUN-1001 : -------------------------------------------------------
PHY-1001 : Route runs in 16 thread(s)
RUN-1001 : There are total 1615 instances
RUN-1001 : 754 mslices, 752 lslices, 102 pads, 0 brams, 0 dsps
RUN-1001 : There are total 4457 nets
RUN-1001 : 2634 nets have 2 pins
RUN-1001 : 1494 nets have [3 - 5] pins
RUN-1001 : 131 nets have [6 - 10] pins
RUN-1001 : 107 nets have [11 - 20] pins
RUN-1001 : 78 nets have [21 - 99] pins
RUN-1001 : 13 nets have 100+ pins
RUN-1002 : start command "start_timer -report"
TMR-2505 : Start building timing graph for model top.
TMR-2506 : Build timing graph completely. Port num: 22, tpin num: 14960, tnet num: 3047, tinst num: 1613, tnode num: 17911, tedge num: 25241.
TMR-2508 : Levelizing timing graph completed, there are 41 levels in total.
TMR-2501 : Timing graph initialized successfully.
PHY-1001 : 754 mslices, 752 lslices, 102 pads, 0 brams, 0 dsps
TMR-2503 : Start to update net delay, extr mode = 3.
TMR-2504 : Update delay of 3047 nets completely.
TMR-2502 : Annotate delay completely, extr mode = 3.
TMR-3001 : Initiate 5 clocks from SDC.
TMR-3004 : Map sdc constraints, there are 8 constraints in total.
TMR-3003 : Constraints initiated successfully.
TMR-3501 : Forward propagation: start to calculate arrival time...
TMR-3502 : Backward propagation: start to calculate required time...
TMR-3503 : Timing propagation completes.
PHY-1001 : Start global routing, caller is route ...
RUN-1001 : Generating global routing grids ...
PHY-1001 : Generate routing nets ...
PHY-1001 : Global iterations in 16 thread ...
PHY-1002 : len = 141528, over cnt = 391(1%), over = 777, worst = 7
PHY-1002 : len = 144584, over cnt = 232(0%), over = 400, worst = 6
PHY-1002 : len = 146608, over cnt = 122(0%), over = 208, worst = 6
PHY-1002 : len = 148880, over cnt = 0(0%), over = 0, worst = 0
PHY-1001 : End global iterations;  0.268730s wall, 0.062500s user + 0.000000s system = 0.062500s CPU (23.3%)

PHY-1001 : Congestion index: top1 = 33.25, top5 = 27.81, top10 = 24.41, top15 = 21.87.
PHY-1001 : End global routing;  0.334918s wall, 0.093750s user + 0.000000s system = 0.093750s CPU (28.0%)

PHY-1001 : Start detail routing ...
PHY-1001 : Current memory(MB): used = 287, reserve = 260, peak = 294.
PHY-1001 : Detailed router is running in normal mode.
PHY-1001 : Generate detailed routing grids ...
PHY-1001 : Generate nets ...
PHY-1001 : net clk_dup_1 will be routed on clock mesh
PHY-1001 : net flash_write_read_m0/flash_cmd_m0/sys_clk will be routed on clock mesh
PHY-1001 : net frame_read_write_m0/frame_fifo_read_m0/mem_clk will be routed on clock mesh
PHY-1001 : clock net frame_read_write_m0/read_buf/clkr will be merged with clock video_pll_m0/clk0_buf
PHY-1001 : clock net frame_read_write_m0/write_buf/clkw will be merged with clock sys_pll_m0/clk0_buf
PHY-1001 : Current memory(MB): used = 548, reserve = 525, peak = 548.
PHY-1001 : End build detailed router design. 2.566631s wall, 1.078125s user + 0.015625s system = 1.093750s CPU (42.6%)

PHY-1001 : Detail Route ...
PHY-1001 : ===== Detail Route Phase 1 =====
PHY-1001 : Clock net routing.....
PHY-1001 : Routed 0% nets.
PHY-1022 : len = 54728, over cnt = 0(0%), over = 0, worst = 0, crit = 0
PHY-1001 : End initial clock net routed; 0.959335s wall, 0.562500s user + 0.000000s system = 0.562500s CPU (58.6%)

PHY-1001 : Current memory(MB): used = 581, reserve = 558, peak = 581.
PHY-1001 : End phase 1; 0.964034s wall, 0.562500s user + 0.000000s system = 0.562500s CPU (58.3%)

PHY-1001 : ===== Detail Route Phase 2 =====
PHY-1001 : Initial routing.....
PHY-1001 : Routed 26% nets.
PHY-1001 : Routed 32% nets.
PHY-1001 : Routed 38% nets.
PHY-1001 : Routed 48% nets.
PHY-1001 : Routed 62% nets.
PHY-1022 : len = 548960, over cnt = 81(0%), over = 81, worst = 1, crit = 0
PHY-1001 : Current memory(MB): used = 582, reserve = 559, peak = 582.
PHY-1001 : End initial routed; 3.974777s wall, 1.859375s user + 0.031250s system = 1.890625s CPU (47.6%)

PHY-1001 : Update timing.....
PHY-1001 : 0/2784(0%) critical/total net(s).
RUN-1001 : --------------------------------------
RUN-1001 :   Type   |  WNS(ns)  |  TNS(ns)  |  FEP  
RUN-1001 : --------------------------------------
RUN-1001 :   Setup  |   0.108   |   0.000   |   0   
RUN-1001 :   Hold   |   0.131   |   0.000   |   0   
RUN-1001 : --------------------------------------
PHY-1001 : End update timing; 0.697585s wall, 0.296875s user + 0.000000s system = 0.296875s CPU (42.6%)

PHY-1001 : Current memory(MB): used = 586, reserve = 563, peak = 586.
PHY-1001 : End phase 2; 4.672417s wall, 2.156250s user + 0.031250s system = 2.187500s CPU (46.8%)

PHY-1001 : ===== Detail Route Phase 3 =====
PHY-1001 : Optimize timing.....
PHY-1022 : len = 548960, over cnt = 81(0%), over = 81, worst = 1, crit = 0
PHY-1001 : End optimize timing; 0.023250s wall, 0.000000s user + 0.000000s system = 0.000000s CPU (n/a%)

PHY-1001 : Ripup-reroute.....
PHY-1001 : ===== DR Iter 1 =====
PHY-1022 : len = 547720, over cnt = 18(0%), over = 18, worst = 1, crit = 0
PHY-1001 : End DR Iter 1; 0.052640s wall, 0.000000s user + 0.000000s system = 0.000000s CPU (n/a%)

PHY-1001 : ===== DR Iter 2 =====
PHY-1022 : len = 547544, over cnt = 2(0%), over = 2, worst = 1, crit = 0
PHY-1001 : End DR Iter 2; 0.037005s wall, 0.000000s user + 0.000000s system = 0.000000s CPU (n/a%)

PHY-1001 : ===== DR Iter 3 =====
PHY-1022 : len = 547576, over cnt = 0(0%), over = 0, worst = 0, crit = 0
PHY-1001 : End DR Iter 3; 0.025005s wall, 0.000000s user + 0.000000s system = 0.000000s CPU (n/a%)

PHY-1001 : Update timing.....
PHY-1001 : 0/2784(0%) critical/total net(s).
RUN-1001 : --------------------------------------
RUN-1001 :   Type   |  WNS(ns)  |  TNS(ns)  |  FEP  
RUN-1001 : --------------------------------------
RUN-1001 :   Setup  |   0.108   |   0.000   |   0   
RUN-1001 :   Hold   |   0.114   |   0.000   |   0   
RUN-1001 : --------------------------------------
PHY-1001 : End update timing; 0.662049s wall, 0.375000s user + 0.000000s system = 0.375000s CPU (56.6%)

PHY-1001 : Commit to database.....
PHY-1001 : 16 feed throughs used by 12 nets
PHY-1001 : End commit to database; 0.322901s wall, 0.265625s user + 0.000000s system = 0.265625s CPU (82.3%)

PHY-1001 : Current memory(MB): used = 612, reserve = 589, peak = 612.
PHY-1001 : End phase 3; 1.248829s wall, 0.718750s user + 0.000000s system = 0.718750s CPU (57.6%)

PHY-1003 : Routed, final wirelength = 547576
PHY-1001 : Current memory(MB): used = 612, reserve = 590, peak = 612.
PHY-1001 : End export database. 0.011025s wall, 0.000000s user + 0.000000s system = 0.000000s CPU (n/a%)

PHY-1001 : End detail routing;  9.622934s wall, 4.640625s user + 0.046875s system = 4.687500s CPU (48.7%)

RUN-1003 : finish command "route" in  10.578537s wall, 5.031250s user + 0.046875s system = 5.078125s CPU (48.0%)

RUN-1004 : used memory is 582 MB, reserved memory is 563 MB, peak memory is 612 MB
RUN-1002 : start command "report_area -io_info -file pic_sdram_phy.area"
RUN-1001 : standard
***Report Model: top Device: EG4S20BG256***

IO Statistics
#IO                        47
  #input                    6
  #output                  37
  #inout                    4

Utilization Statistics
#lut                     2848   out of  19600   14.53%
#reg                      876   out of  19600    4.47%
#le                      2937
  #lut only              2061   out of   2937   70.17%
  #reg only                89   out of   2937    3.03%
  #lut&reg                787   out of   2937   26.80%
#dsp                        0   out of     29    0.00%
#bram                       0   out of     64    0.00%
  #bram9k                   0
  #fifo9k                   0
#bram32k                    0   out of     16    0.00%
#pad                       47   out of    188   25.00%
  #ireg                     1
  #oreg                    40
  #treg                     1
#pll                        2   out of      4   50.00%
#gclk                       2   out of     16   12.50%

Clock Resource Statistics
Index     ClockNet                                          Type               DriverType         Driver                         Fanout
#1        sys_pll_m0/clk0_buf                               GCLK               pll                sys_pll_m0/pll_inst.clkc0      333
#2        frame_read_write_m0/frame_fifo_read_m0/mem_clk    GCLK               pll                sys_pll_m0/pll_inst.clkc1      267
#3        video_pll_m0/clk0_buf                             GCLK               pll                video_pll_m0/pll_inst.clkc0    86
#4        flash_write_read_m0/flash_cmd_m0/sys_clk          GCLK               pll                sys_pll_m0/pll_inst.clkc2      40
#5        clk_dup_1                                         GCLK               io                 clk_syn_2.di                   26


Detailed IO Report

       Name         Direction    Location    IOStandard    DriveStrength    PullType     PackReg   
       clk            INPUT         R7        LVCMOS33          N/A           NONE        NONE     
       key1           INPUT         B2        LVCMOS33          N/A           NONE        IREG     
       key2           INPUT         B1        LVCMOS33          N/A           NONE        NONE     
      rst_n           INPUT         A2        LVCMOS33          N/A           NONE        NONE     
     sd_miso          INPUT        B14        LVCMOS33          N/A           NONE        NONE     
     switch1          INPUT         C8        LVCMOS33          N/A           NONE        NONE     
    flash_cs_n       OUTPUT         P8        LVCMOS33           8            NONE        OREG     
    flash_sck        OUTPUT         M9        LVCMOS33           8            NONE        OREG     
     sd_dclk         OUTPUT        A14        LVCMOS33           8            NONE        OREG     
     sd_mosi         OUTPUT        A13        LVCMOS33           8            NONE        OREG     
      sd_ncs         OUTPUT        A12        LVCMOS33           8            NONE        OREG     
   seg_data[7]       OUTPUT         A6        LVCMOS33           8            NONE        NONE     
   seg_data[6]       OUTPUT         A7        LVCMOS33           8            NONE        OREG     
   seg_data[5]       OUTPUT         A8        LVCMOS33           8            NONE        OREG     
   seg_data[4]       OUTPUT         B5        LVCMOS33           8            NONE        OREG     
   seg_data[3]       OUTPUT         A5        LVCMOS33           8            NONE        OREG     
   seg_data[2]       OUTPUT         B6        LVCMOS33           8            NONE        OREG     
   seg_data[1]       OUTPUT        C16        LVCMOS33           8            NONE        OREG     
   seg_data[0]       OUTPUT        C15        LVCMOS33           8            NONE        OREG     
    seg_sel[5]       OUTPUT        D11        LVCMOS33           8            NONE        OREG     
    seg_sel[4]       OUTPUT        E11        LVCMOS33           8            NONE        OREG     
    seg_sel[3]       OUTPUT        F10        LVCMOS33           8            NONE        OREG     
    seg_sel[2]       OUTPUT        C13        LVCMOS33           8            NONE        OREG     
    seg_sel[1]       OUTPUT        E10        LVCMOS33           8            NONE        OREG     
    seg_sel[0]       OUTPUT        E12        LVCMOS33           8            NONE        OREG     
   vga_out_b[4]      OUTPUT         D5        LVCMOS33           8            NONE        OREG     
   vga_out_b[3]      OUTPUT         D6        LVCMOS33           8            NONE        OREG     
   vga_out_b[2]      OUTPUT         E6        LVCMOS33           8            NONE        OREG     
   vga_out_b[1]      OUTPUT         F6        LVCMOS33           8            NONE        OREG     
   vga_out_b[0]      OUTPUT        H16        LVCMOS25           8            N/A         OREG     
   vga_out_g[5]      OUTPUT         N6        LVCMOS33           8            NONE        OREG     
   vga_out_g[4]      OUTPUT         N5        LVCMOS33           8            NONE        OREG     
   vga_out_g[3]      OUTPUT         P5        LVCMOS33           8            NONE        OREG     
   vga_out_g[2]      OUTPUT         T5        LVCMOS33           8            NONE        OREG     
   vga_out_g[1]      OUTPUT        F14        LVCMOS25           8            N/A         OREG     
   vga_out_g[0]      OUTPUT         A4        LVCMOS33           8            N/A         OREG     
    vga_out_hs       OUTPUT         E7        LVCMOS33           8            NONE        OREG     
   vga_out_r[4]      OUTPUT        E13        LVCMOS33           8            NONE        OREG     
   vga_out_r[3]      OUTPUT         L8        LVCMOS33           8            NONE        OREG     
   vga_out_r[2]      OUTPUT         L7        LVCMOS33           8            NONE        OREG     
   vga_out_r[1]      OUTPUT         R5        LVCMOS33           8            NONE        OREG     
   vga_out_r[0]      OUTPUT         H5        LVCMOS33           8            N/A         OREG     
    vga_out_vs       OUTPUT         F7        LVCMOS33           8            NONE        OREG     
  flash_qspi_IO0      INOUT         P7        LVCMOS33           8            NONE      OREG;TREG  
  flash_qspi_IO1      INOUT         N8        LVCMOS33           8            NONE        OREG     
  flash_qspi_IO2      INOUT         P9        LVCMOS33           8            NONE        OREG     
  flash_qspi_IO3      INOUT         R9        LVCMOS33           8            NONE        OREG     
      dq[23]          INPUT        S31        LVCMOS25           8           PULLUP       NONE     
      dq[22]          INPUT        S32        LVCMOS25           8           PULLUP       NONE     
      dq[21]          INPUT        S35        LVCMOS25           8           PULLUP       NONE     
      dq[20]          INPUT        S36        LVCMOS25           8           PULLUP       NONE     
      dq[19]          INPUT        S37        LVCMOS25           8           PULLUP       NONE     
      dq[18]          INPUT        S38        LVCMOS25           8           PULLUP       NONE     
      dq[17]          INPUT        S41        LVCMOS25           8           PULLUP       NONE     
      dq[16]          INPUT        S42        LVCMOS25           8           PULLUP       NONE     
      dq[31]          INPUT        S48        LVCMOS25           8           PULLUP       NONE     
      dq[30]          INPUT        S49        LVCMOS25           8           PULLUP       NONE     
      dq[29]          INPUT        S52        LVCMOS25           8           PULLUP       NONE     
      dq[28]          INPUT        S53        LVCMOS25           8           PULLUP       NONE     
      dq[27]          INPUT        S54        LVCMOS25           8           PULLUP       NONE     
      dq[26]          INPUT        S55        LVCMOS25           8           PULLUP       NONE     
      dq[25]          INPUT        S58        LVCMOS25           8           PULLUP       NONE     
      dq[24]          INPUT        S59        LVCMOS25           8           PULLUP       NONE     
       dm0           OUTPUT        S14        LVCMOS25           8            NONE        NONE     
       cke           OUTPUT        S18        LVCMOS25           8            NONE        OREG     
       we_n          OUTPUT        S19        LVCMOS25           8            NONE        OREG     
      cas_n          OUTPUT        S20        LVCMOS25           8            NONE        OREG     
      ras_n          OUTPUT        S21        LVCMOS25           8            NONE        OREG     
       cs_n          OUTPUT        S22        LVCMOS25           8            NONE        OREG     
     addr[9]         OUTPUT        S23        LVCMOS25           8            NONE        OREG     
     addr[8]         OUTPUT        S24        LVCMOS25           8            NONE        OREG     
     addr[7]         OUTPUT        S25        LVCMOS25           8            NONE        OREG     
     addr[6]         OUTPUT        S26        LVCMOS25           8            NONE        OREG     
     addr[5]         OUTPUT        S27        LVCMOS25           8            NONE        OREG     
     addr[4]         OUTPUT        S28        LVCMOS25           8            NONE        OREG     
       dm2           OUTPUT        S29        LVCMOS25           8            NONE        NONE     
       dm3           OUTPUT        S61        LVCMOS25           8            NONE        NONE     
     addr[3]         OUTPUT        S64        LVCMOS25           8            NONE        OREG     
     addr[2]         OUTPUT        S65        LVCMOS25           8            NONE        OREG     
     addr[1]         OUTPUT        S66        LVCMOS25           8            NONE        OREG     
     addr[0]         OUTPUT        S67        LVCMOS25           8            NONE        OREG     
     addr[10]        OUTPUT        S68        LVCMOS25           8            NONE        OREG     
      ba[0]          OUTPUT        S69        LVCMOS25           8            NONE        OREG     
      ba[1]          OUTPUT        S70        LVCMOS25           8            NONE        OREG     
       clk           OUTPUT        S73        LVCMOS25           8            NONE        NONE     
       dm1           OUTPUT        S76        LVCMOS25           8            NONE        NONE     
      dq[0]           INOUT         S1        LVCMOS25           8           PULLUP       IREG     
      dq[6]           INOUT        S11        LVCMOS25           8           PULLUP       IREG     
      dq[7]           INOUT        S12        LVCMOS25           8           PULLUP       IREG     
      dq[1]           INOUT         S2        LVCMOS25           8           PULLUP       IREG     
      dq[2]           INOUT         S5        LVCMOS25           8           PULLUP       IREG     
      dq[3]           INOUT         S6        LVCMOS25           8           PULLUP       IREG     
      dq[4]           INOUT         S7        LVCMOS25           8           PULLUP       IREG     
      dq[8]           INOUT        S78        LVCMOS25           8           PULLUP       IREG     
      dq[9]           INOUT        S79        LVCMOS25           8           PULLUP       IREG     
      dq[5]           INOUT         S8        LVCMOS25           8           PULLUP       IREG     
      dq[10]          INOUT        S82        LVCMOS25           8           PULLUP       IREG     
      dq[11]          INOUT        S83        LVCMOS25           8           PULLUP       IREG     
      dq[12]          INOUT        S84        LVCMOS25           8           PULLUP       IREG     
      dq[13]          INOUT        S85        LVCMOS25           8           PULLUP       IREG     
      dq[14]          INOUT        S88        LVCMOS25           8           PULLUP       IREG     
      dq[15]          INOUT        S89        LVCMOS25           8           PULLUP       IREG     

Report Hierarchy Area:
+-------------------------------------------------------------------------------------------------------------------------------------+
|Instance                        |Module                                         |le     |lut     |ripple  |seq     |bram    |dsp     |
+-------------------------------------------------------------------------------------------------------------------------------------+
|top                             |top                                            |2937   |2591    |257     |918     |0       |0       |
|  flash_write_read_m0           |flash_write_read                               |102    |96      |6       |63      |0       |0       |
|    Qspi_master_m0              |Qspi_master                                    |28     |28      |0       |21      |0       |0       |
|    flash_cmd_m0                |flash_cmd                                      |74     |68      |6       |42      |0       |0       |
|      flash_step_m0             |flash_step                                     |60     |54      |6       |29      |0       |0       |
|  frame_read_write_m0           |frame_read_write                               |1498   |1392    |84      |289     |0       |0       |
|    frame_fifo_read_m0          |frame_fifo_read                                |81     |64      |17      |38      |0       |0       |
|    frame_fifo_write_m0         |frame_fifo_write                               |78     |61      |17      |38      |0       |0       |
|    read_buf                    |afifo_16_256                                   |660    |625     |25      |104     |0       |0       |
|      ram_inst                  |ram_infer_afifo_16_256                         |527    |527     |0       |24      |0       |0       |
|      rd_to_wr_cross_inst       |fifo_cross_domain_addr_process_al_afifo_16_256 |25     |22      |0       |25      |0       |0       |
|      wr_to_rd_cross_inst       |fifo_cross_domain_addr_process_al_afifo_16_256 |29     |23      |0       |29      |0       |0       |
|    write_buf                   |afifo_16_256                                   |679    |642     |25      |109     |0       |0       |
|      ram_inst                  |ram_infer_afifo_16_256                         |550    |550     |0       |25      |0       |0       |
|      rd_to_wr_cross_inst       |fifo_cross_domain_addr_process_al_afifo_16_256 |26     |17      |0       |26      |0       |0       |
|      wr_to_rd_cross_inst       |fifo_cross_domain_addr_process_al_afifo_16_256 |27     |24      |0       |27      |0       |0       |
|  sd_card_bmp_m0                |sd_card_bmp                                    |935    |789     |91      |386     |0       |0       |
|    ax_debounce_m0              |ax_debounce                                    |65     |55      |9       |36      |0       |0       |
|    bmp_read_m0                 |bmp_read                                       |280    |201     |55      |168     |0       |0       |
|    sd_card_top_m0              |sd_card_top                                    |590    |533     |27      |182     |0       |0       |
|      sd_card_cmd_m0            |sd_card_cmd                                    |343    |321     |22      |61      |0       |0       |
|      sd_card_sec_read_write_m0 |sd_card_sec_read_write                         |177    |147     |0       |83      |0       |0       |
|      spi_master_m0             |spi_master                                     |70     |65      |5       |38      |0       |0       |
|  sdram_m0                      |sdram                                          |0      |0       |0       |0       |0       |0       |
|  seg_scan_m0                   |seg_scan                                       |76     |54      |22      |22      |0       |0       |
|  sys_pll_m0                    |sys_pll                                        |0      |0       |0       |0       |0       |0       |
|  u_sdram_controller            |sdram_controller                               |264    |209     |46      |84      |0       |0       |
|    u_sdram_cmd                 |sdram_cmd                                      |65     |65      |0       |25      |0       |0       |
|    u_sdram_ctrl                |sdram_ctrl                                     |182    |135     |46      |42      |0       |0       |
|    u_sdram_data                |sdram_data                                     |16     |8       |0       |16      |0       |0       |
|  video_pll_m0                  |video_pll                                      |0      |0       |0       |0       |0       |0       |
|  video_timing_data_m0          |video_timing_data                              |62     |51      |8       |32      |0       |0       |
|    color_bar_m0                |color_bar                                      |46     |37      |8       |30      |0       |0       |
+-------------------------------------------------------------------------------------------------------------------------------------+


DataNet Average Fanout:

   Index     Fanout     Nets  
    #1          1       2587  
    #2          2       1160  
    #3          3       173   
    #4          4       161   
    #5        5-10      146   
    #6        11-50     156   
    #7       51-100      11   
    #8       101-500     9    
  Average     3.05            

RUN-1002 : start command "export_db pic_sdram_pr.db"
RUN-1001 : Exported /
RUN-1001 : Exported flow parameters
RUN-1001 : Exported libs
RUN-1001 : Exported entities
RUN-1001 : Exported ports
RUN-1001 : Exported pins
RUN-1001 : Exported instances
RUN-1001 : Exported nets
RUN-1001 : Exported buses
RUN-1001 : Exported models
RUN-1001 : Exported congestions
RUN-1001 : Exported violations
RUN-1001 : Exported timing constraints
RUN-1001 : Exported IO constraints
RUN-1001 : Exported Inst constraints
RUN-1002 : start command "start_timer"
TMR-2505 : Start building timing graph for model top.
TMR-2506 : Build timing graph completely. Port num: 22, tpin num: 14960, tnet num: 3047, tinst num: 1613, tnode num: 17911, tedge num: 25241.
TMR-2508 : Levelizing timing graph completed, there are 41 levels in total.
TMR-2501 : Timing graph initialized successfully.
RUN-1002 : start command "report_timing -mode FINAL -net_info -rpt_autogen true -file pic_sdram_phy.timing"
TMR-2503 : Start to update net delay, extr mode = 6.
TMR-2504 : Update delay of 3047 nets completely.
TMR-2502 : Annotate delay completely, extr mode = 6.
TMR-3001 : Initiate 5 clocks from SDC.
TMR-3004 : Map sdc constraints, there are 8 constraints in total.
TMR-3003 : Constraints initiated successfully.
TMR-3501 : Forward propagation: start to calculate arrival time...
TMR-3502 : Backward propagation: start to calculate required time...
TMR-3503 : Timing propagation completes.
TMR-3506 : Start to generate timing report.
TMR-1502 : Number of clock constraints = 5. Number of clock nets = 5 (0 unconstrainted).
TMR-3508 : Export timing summary.
TMR-3507 : Timing report generated successfully in pic_sdram_phy.timing, timing summary in pic_sdram_phy.tsm.
RUN-1002 : start command "export_bid pic_sdram_inst.bid"
RUN-1002 : start command "bitgen -bit pic_sdram.bit"
BIT-1003 : Start to generate bitstream. 
BIT-1002 : Init instances with 16 threads.
BIT-1002 : Init instances completely, inst num: 1613
BIT-1002 : Init pips with 16 threads.
BIT-1002 : Init pips completely, net num: 4457, pip num: 34965
BIT-1002 : Init feedthrough with 16 threads.
BIT-1002 : Init feedthrough completely, num: 16
BIT-1003 : Multithreading accelaration with 16 threads.
BIT-1003 : Generate bitstream completely, there are 2122 valid insts, and 92865 bits set as '1'.
BIT-1004 : PLL setting string = 0110
BIT-1004 : Generate bits file pic_sdram.bit.
RUN-1003 : finish command "bitgen -bit pic_sdram.bit" in  3.927576s wall, 31.734375s user + 0.062500s system = 31.796875s CPU (809.6%)

RUN-1004 : used memory is 590 MB, reserved memory is 572 MB, peak memory is 768 MB
RUN-1002 : start command "backup_run_log run.log ../.logs/phy_1/td_20231212_205332.log"
