============================================================
   Tang Dynasty, V5.6.71036
      Copyright (c) 2012-2023 Anlogic Inc.
   Executable = D:/Program/Anlogic/TD5.6.2/bin/td.exe
   Built at =   20:34:38 Mar 21 2023
   Run by =     28408
   Run Date =   Tue Dec 19 20:42:30 2023

   Run on =     DESKTOP-T1B5OP5
============================================================
RUN-1002 : start command "open_project pic_sdram.prj"
RUN-1001 : Print Global Property
RUN-1001 : ---------------------------------------------------------------
RUN-1001 :        Parameters        |  Settings  |  Default Values  |  Note  
RUN-1001 : ---------------------------------------------------------------
RUN-1001 :          message         |  standard  |     standard     |        
RUN-1001 :   mixed_pack_place_flow  |     on     |        on        |        
RUN-1001 :        qor_monitor       |    off     |       off        |        
RUN-1001 :        syn_ip_flow       |    off     |       off        |        
RUN-1001 :          thread          |    auto    |       auto       |        
RUN-1001 : ---------------------------------------------------------------
RUN-1001 : Print Design Property
RUN-1001 : --------------------------------------------------------------
RUN-1001 :        Parameters       |  Settings  |  Default Values  |  Note  
RUN-1001 : --------------------------------------------------------------
RUN-1001 :   default_reg_initial   |    auto    |       auto       |        
RUN-1001 :        infer_add        |     on     |        on        |        
RUN-1001 :        infer_fsm        |    off     |       off        |        
RUN-1001 :        infer_mult       |     on     |        on        |        
RUN-1001 :        infer_ram        |     on     |        on        |        
RUN-1001 :        infer_reg        |     on     |        on        |        
RUN-1001 :   infer_reg_init_value  |     on     |        on        |        
RUN-1001 :        infer_rom        |     on     |        on        |        
RUN-1001 :      infer_shifter      |     on     |        on        |        
RUN-1001 : --------------------------------------------------------------
RUN-1001 : Print Rtl Property
RUN-1001 : --------------------------------------------------------------
RUN-1001 :        Parameters       |  Settings  |  Default Values  |  Note  
RUN-1001 : --------------------------------------------------------------
RUN-1001 :       compress_add      |   ripple   |      ripple      |        
RUN-1001 :        elf_sload        |    off     |       off        |        
RUN-1001 :       fix_undriven      |     0      |        0         |        
RUN-1001 :         flatten         |    off     |       off        |        
RUN-1001 :       gate_sharing      |     on     |        on        |        
RUN-1001 :    hdl_warning_level    |   normal   |      normal      |        
RUN-1001 :   impl_internal_tribuf  |     on     |        on        |        
RUN-1001 :      impl_set_reset     |     on     |        on        |        
RUN-1001 :        infer_gsr        |    off     |       off        |        
RUN-1001 :      keep_hierarchy     |    auto    |       auto       |        
RUN-1001 :        max_fanout       |    9999    |       9999       |        
RUN-1001 :      max_oh2bin_len     |     10     |        10        |        
RUN-1001 :       merge_equal       |     on     |        on        |        
RUN-1001 :       merge_equiv       |     on     |        on        |        
RUN-1001 :        merge_mux        |    off     |       off        |        
RUN-1001 :     min_control_set     |     8      |        8         |        
RUN-1001 :      min_ripple_len     |    auto    |       auto       |        
RUN-1001 :       oh2bin_ratio      |    0.08    |       0.08       |        
RUN-1001 :     opt_adder_fanout    |     on     |        on        |        
RUN-1001 :        opt_arith        |     on     |        on        |        
RUN-1001 :       opt_big_gate      |    off     |       off        |        
RUN-1001 :        opt_const        |     on     |        on        |        
RUN-1001 :      opt_const_mult     |     on     |        on        |        
RUN-1001 :       opt_lessthan      |     on     |        on        |        
RUN-1001 :         opt_mux         |    off     |       off        |        
RUN-1001 :         opt_ram         |    high    |       high       |        
RUN-1001 :      rtl_sim_model      |    off     |       off        |        
RUN-1001 :         seq_syn         |     on     |        on        |        
RUN-1001 : --------------------------------------------------------------
HDL-1007 : analyze verilog file ../../al_ip/sys_pll.v
HDL-1007 : undeclared symbol 'open', assumed default net type 'wire' in ../../al_ip/sys_pll.v(77)
HDL-1007 : analyze verilog file ../../al_ip/video_pll.v
HDL-1007 : undeclared symbol 'open', assumed default net type 'wire' in ../../al_ip/video_pll.v(63)
HDL-1007 : analyze verilog file ../../al_ip/afifo_16_256.v
HDL-1007 : analyze verilog file ../../src/ax_debounce.v
HDL-1007 : analyze verilog file ../../src/bmp_read.v
HDL-1007 : analyze verilog file ../../src/color_bar.v
HDL-1007 : analyze included file ../../src/video_define.v in ../../src/color_bar.v(2)
HDL-1007 : back to file '../../src/color_bar.v' in ../../src/color_bar.v(2)
HDL-1007 : analyze verilog file ../../src/frame_fifo_read.v
HDL-1007 : analyze verilog file ../../src/frame_fifo_write.v
HDL-1007 : analyze verilog file ../../src/sd_card/sd_card_cmd.v
HDL-1007 : analyze verilog file ../../src/sd_card/sd_card_sec_read_write.v
HDL-1007 : analyze verilog file ../../src/sd_card/sd_card_top.v
HDL-1007 : analyze verilog file ../../src/sd_card/spi_master.v
HDL-1007 : analyze verilog file ../../src/sd_card_bmp.v
HDL-1007 : analyze verilog file ../../src/seg_decoder.v
HDL-1007 : analyze verilog file ../../src/seg_scan.v
HDL-1007 : analyze verilog file ../../src/top.v
HDL-1007 : undeclared symbol 'sdram_clk', assumed default net type 'wire' in ../../src/top.v(102)
HDL-1007 : analyze verilog file ../../src/video_timing_data.v
HDL-1007 : analyze verilog file ../../src/sdram_r/sdram_para.v
HDL-1007 : analyze verilog file ../../src/sdram/enc_file/global_def.v
HDL-1007 : analyze verilog file ../../src/sdram/enc_file/sdr_as_ram.enc.v
Copyright (c) 1998-2019 The OpenSSL Project.  All rights reserved.
This product includes software developed by the OpenSSL Project
for use in the OpenSSL Toolkit (http://www.openssl.org/)
Copyright (C) 1995-1998 Eric Young (eay@cryptsoft.com)
All rights reserved.
This product includes cryptographic software written by Eric Young (eay@cryptsoft.com)
HDL-1007 : back to file '../../src/sdram/enc_file/sdr_as_ram.enc.v' in ../../src/sdram/enc_file/sdr_as_ram.enc.v(148)
HDL-1007 : analyze verilog file ../../src/sdram/enc_file/sdr_init_ref.enc.v
HDL-1007 : undeclared symbol '**', assumed default net type '**' in encrypted_text(0)
HDL-1007 : back to file '../../src/sdram/enc_file/sdr_init_ref.enc.v' in ../../src/sdram/enc_file/sdr_init_ref.enc.v(242)
HDL-5007 WARNING: concatenation with an unsized literal will be treated as 32 bits in encrypted_text(0)
HDL-1007 : analyze verilog file ../../src/sdram/enc_file/sdr_wrrd.enc.v
HDL-5007 WARNING: concatenation with an unsized literal will be treated as 32 bits in encrypted_text(0)
HDL-1007 : back to file '../../src/sdram/enc_file/sdr_wrrd.enc.v' in ../../src/sdram/enc_file/sdr_wrrd.enc.v(255)
HDL-1007 : analyze verilog file ../../src/sdram/sdram.v
HDL-1007 : analyze included file D:\Projects\2023_10_10_HX4S20_test\spi_FLASH_SDRAM_pic\HX4S20\/./src/sdram/enc_file/global_def.v in ../../src/sdram/sdram.v(10)
HDL-1007 : back to file '../../src/sdram/sdram.v' in ../../src/sdram/sdram.v(10)
HDL-5007 WARNING: redeclaration of ANSI port 'Sdr_busy' is not allowed in ../../src/sdram/sdram.v(45)
HDL-1007 : undeclared symbol 'SDR_CKE', assumed default net type 'wire' in ../../src/sdram/sdram.v(90)
HDL-1007 : analyze verilog file ../../src/frame_read_write.v
HDL-1007 : analyze verilog file ../../src/video_delay.v
RUN-1001 : Project manager successfully analyzed 26 source files.
RUN-1002 : start command "import_device eagle_s20.db -package EG4S20BG256"
ARC-1001 : Device Initialization.
ARC-1001 : ------------------------------------------------------------------
ARC-1001 :            OPTION            |          IO          |   SETTING   
ARC-1001 : ------------------------------------------------------------------
ARC-1001 :   cso_b/cclk/mosi/miso/dout  |  T3/R11/T10/P10/S11  |    gpio    
ARC-1001 :             done             |         P13          |    gpio    
ARC-1001 :           program_b          |          T2          |  dedicate  
ARC-1001 :        tdi/tms/tck/tdo       |   C12/A15/C14/E14    |  dedicate  
ARC-1001 : ------------------------------------------------------------------
ARC-1004 : Device setting, marked 5 dedicate IOs in total.
RUN-1002 : start command "import_db ../syn_1/pic_sdram_gate.db"
RUN-1001 : Importing database generated by Tang Dynasty, V5.6.71036.
RUN-1001 : Database version number 46146.
RUN-1001 : Import flow parameters
RUN-1001 : Import timing constraints
RUN-1001 : Import IO constraints
RUN-1001 : Import Inst constraints
RUN-1001 : Import design success TD_VERSION=5.6.71036 , DB_VERSION=46146
RUN-1002 : start command "read_sdc ../../top.sdc"
RUN-1002 : start command "get_ports clk"
RUN-1002 : start command "create_clock -name clk -period 20 -waveform 0 10 "
RUN-1102 : create_clock: clock name: clk, type: 0, period: 20000, rise: 0, fall: 10000.
RUN-1002 : start command "derive_pll_clocks"
USR-1002 : Gen clock cmd:  create_generated_clock -name {sys_pll_m0/pll_inst.clkc[0]} -source [get_ports {clk}] -master_clock {clk} -multiply_by 2.0000 [get_pins {sys_pll_m0/pll_inst.clkc[0]}]
RUN-1002 : start command "get_ports clk"
RUN-1002 : start command "get_pins sys_pll_m0/pll_inst.clkc[0]"
RUN-1002 : start command "create_generated_clock -name sys_pll_m0/pll_inst.clkc[0] -source  -master_clock clk -multiply_by 2.0000 "
USR-1002 : Gen clock cmd:  create_generated_clock -name {sys_pll_m0/pll_inst.clkc[1]} -source [get_ports {clk}] -master_clock {clk} -multiply_by 2.0000 [get_pins {sys_pll_m0/pll_inst.clkc[1]}]
RUN-1002 : start command "get_ports clk"
RUN-1002 : start command "get_pins sys_pll_m0/pll_inst.clkc[1]"
RUN-1002 : start command "create_generated_clock -name sys_pll_m0/pll_inst.clkc[1] -source  -master_clock clk -multiply_by 2.0000 "
USR-1002 : Gen clock cmd:  create_generated_clock -name {video_pll_m0/pll_inst.clkc[0]} -source [get_ports {clk}] -master_clock {clk} -divide_by 2.0000 [get_pins {video_pll_m0/pll_inst.clkc[0]}]
RUN-1002 : start command "get_ports clk"
RUN-1002 : start command "get_pins video_pll_m0/pll_inst.clkc[0]"
RUN-1002 : start command "create_generated_clock -name video_pll_m0/pll_inst.clkc[0] -source  -master_clock clk -divide_by 2.0000 "
RUN-1002 : start command "get_ports clk"
RUN-1002 : start command "get_pins sys_pll_m0/pll_inst.clkc[0]"
RUN-1002 : start command "rename_clock -name sd_card_clk -source  -master_clock clk "
RUN-1105 : Rename Clock: clock sys_pll_m0/pll_inst.clkc[0] was renamed, new name is sd_card_clk.
RUN-1002 : start command "get_ports clk"
RUN-1002 : start command "get_pins sys_pll_m0/pll_inst.clkc[1]"
RUN-1002 : start command "rename_clock -name ext_mem_clk -source  -master_clock clk "
RUN-1105 : Rename Clock: clock sys_pll_m0/pll_inst.clkc[1] was renamed, new name is ext_mem_clk.
RUN-1002 : start command "get_ports clk"
RUN-1002 : start command "get_pins sys_pll_m0/pll_inst.clkc[2]"
RUN-1002 : start command "rename_clock -name flash_sys_clk -source  -master_clock clk "
RUN-1107 : Rename Clock: new clock flash_sys_clk is created by rename_clock temporarily.
RUN-1002 : start command "get_ports clk"
RUN-1002 : start command "get_pins video_pll_m0/pll_inst.clkc[0]"
RUN-1002 : start command "rename_clock -name video_clk -source  -master_clock clk "
RUN-1105 : Rename Clock: clock video_pll_m0/pll_inst.clkc[0] was renamed, new name is video_clk.
RUN-1002 : start command "read_sdc -ip afifo_16_256 ../../al_ip/afifo_16_256.tcl"
RUN-1002 : start command "get_ports clkw"
RUN-1002 : start command "get_nets  clkw  "
RUN-1002 : start command "get_clocks -nowarn -of nets 8985071583232"
RUN-1002 : start command "get_ports clkr"
RUN-1002 : start command "get_nets  clkr  "
RUN-1002 : start command "get_clocks -nowarn -of nets 17854179049472"
RUN-1002 : start command "get_property -nowarn -max PERIOD "
RUN-1002 : start command "get_property -nowarn -max PERIOD "
RUN-1002 : start command "get_regs rd_to_wr_cross_inst/primary_addr_gray_reg[*]"
RUN-1002 : start command "get_regs rd_to_wr_cross_inst/sync_r1[*]"
RUN-1002 : start command "set_max_delay -from  -to  9.6999999999999993 -datapath_only"
RUN-1002 : start command "get_regs rd_to_wr_cross_inst/primary_addr_gray_reg[*]"
RUN-1002 : start command "get_regs rd_to_wr_cross_inst/sync_r1[*]"
RUN-1002 : start command "set_false_path -from  -to  -hold 9.6999999999999993"
USR-1002 : set_false_path -help -setup -hold -from <list> -rise_from <list> -fall_from <list> -to <list> -rise_to <list> -fall_to <list> -through <list>
RUN-1002 : start command "get_regs wr_to_rd_cross_inst/primary_addr_gray_reg[*]"
RUN-1002 : start command "get_regs wr_to_rd_cross_inst/sync_r1[*]"
RUN-1002 : start command "set_max_delay -from  -to  9.6999999999999993 -datapath_only"
RUN-1002 : start command "get_regs wr_to_rd_cross_inst/primary_addr_gray_reg[*]"
RUN-1002 : start command "get_regs wr_to_rd_cross_inst/sync_r1[*]"
RUN-1002 : start command "set_false_path -from  -to  -hold 9.6999999999999993"
USR-1002 : set_false_path -help -setup -hold -from <list> -rise_from <list> -fall_from <list> -to <list> -rise_to <list> -fall_to <list> -through <list>
RUN-1002 : start command "get_ports clkw"
RUN-1002 : start command "get_nets  clkw  "
RUN-1002 : start command "get_clocks -nowarn -of nets 24043226923008"
RUN-1002 : start command "get_ports clkr"
RUN-1002 : start command "get_nets  clkr  "
RUN-1002 : start command "get_clocks -nowarn -of nets 8985071583232"
RUN-1002 : start command "get_property -nowarn -max PERIOD "
RUN-1002 : start command "get_property -nowarn -max PERIOD "
RUN-1002 : start command "get_regs rd_to_wr_cross_inst/primary_addr_gray_reg[*]"
RUN-1002 : start command "get_regs rd_to_wr_cross_inst/sync_r1[*]"
RUN-1002 : start command "set_max_delay -from  -to  9.6999999999999993 -datapath_only"
RUN-1002 : start command "get_regs rd_to_wr_cross_inst/primary_addr_gray_reg[*]"
RUN-1002 : start command "get_regs rd_to_wr_cross_inst/sync_r1[*]"
RUN-1002 : start command "set_false_path -from  -to  -hold 9.6999999999999993"
USR-1002 : set_false_path -help -setup -hold -from <list> -rise_from <list> -fall_from <list> -to <list> -rise_to <list> -fall_to <list> -through <list>
RUN-1002 : start command "get_regs wr_to_rd_cross_inst/primary_addr_gray_reg[*]"
RUN-1002 : start command "get_regs wr_to_rd_cross_inst/sync_r1[*]"
RUN-1002 : start command "set_max_delay -from  -to  9.6999999999999993 -datapath_only"
RUN-1002 : start command "get_regs wr_to_rd_cross_inst/primary_addr_gray_reg[*]"
RUN-1002 : start command "get_regs wr_to_rd_cross_inst/sync_r1[*]"
RUN-1002 : start command "set_false_path -from  -to  -hold 9.6999999999999993"
USR-1002 : set_false_path -help -setup -hold -from <list> -rise_from <list> -fall_from <list> -to <list> -rise_to <list> -fall_to <list> -through <list>
RUN-1002 : start command "place"
RUN-1001 : Open license file D:/Program/Anlogic/TD5.6.2/license/Anlogic.lic
RUN-1001 : Print Global Property
RUN-1001 : ---------------------------------------------------------------
RUN-1001 :        Parameters        |  Settings  |  Default Values  |  Note  
RUN-1001 : ---------------------------------------------------------------
RUN-1001 :          message         |  standard  |     standard     |        
RUN-1001 :   mixed_pack_place_flow  |     on     |        on        |        
RUN-1001 :        qor_monitor       |    off     |       off        |        
RUN-1001 :        syn_ip_flow       |    off     |       off        |        
RUN-1001 :          thread          |    auto    |       auto       |        
RUN-1001 : ---------------------------------------------------------------
RUN-1001 : Print Place Property
RUN-1001 : --------------------------------------------------------------
RUN-1001 :        Parameters       |  Settings  |  Default Values  |  Note  
RUN-1001 : --------------------------------------------------------------
RUN-1001 :      detailed_place     |     on     |        on        |        
RUN-1001 :          effort         |   medium   |      medium      |        
RUN-1001 :         fix_hold        |    off     |       off        |        
RUN-1001 :       legalization      |    ori     |       ori        |        
RUN-1001 :      new_spreading      |     on     |        on        |        
RUN-1001 :        opt_timing       |   medium   |      medium      |        
RUN-1001 :   post_clock_route_opt  |    off     |       off        |        
RUN-1001 :       pr_strategy       |     1      |        1         |        
RUN-1001 :        relaxation       |    1.00    |       1.00       |        
RUN-1001 :         retiming        |    off     |       off        |        
RUN-1001 : --------------------------------------------------------------
PHY-3001 : Placer runs in 16 thread(s).
RUN-1002 : start command "legalize_phy_inst"
SYN-1011 : Flatten model top
SYN-5055 WARNING: The kept net sd_card_bmp_m0/bmp_read_m0/bmp_width[0] will be merged to another kept net U3/App_rd_en
SYN-5055 WARNING: The kept net U3/u2_ram/u2_wrrd/App_rd_en will be merged to another kept net U3/App_rd_en
SYN-5055 WARNING: The kept net frame_read_write_m0/Sdr_rd_dout[15] will be merged to another kept net U3/Sdr_rd_dout[15]
SYN-5055 WARNING: The kept net frame_read_write_m0/Sdr_rd_dout[14] will be merged to another kept net U3/Sdr_rd_dout[14]
SYN-5055 WARNING: The kept net frame_read_write_m0/Sdr_rd_dout[13] will be merged to another kept net U3/Sdr_rd_dout[13]
SYN-5055 WARNING: The kept net frame_read_write_m0/Sdr_rd_dout[12] will be merged to another kept net U3/Sdr_rd_dout[12]
SYN-5055 WARNING: The kept net frame_read_write_m0/Sdr_rd_dout[11] will be merged to another kept net U3/Sdr_rd_dout[11]
SYN-5055 WARNING: The kept net frame_read_write_m0/Sdr_rd_dout[10] will be merged to another kept net U3/Sdr_rd_dout[10]
SYN-5055 WARNING: The kept net frame_read_write_m0/Sdr_rd_dout[9] will be merged to another kept net U3/Sdr_rd_dout[9]
SYN-5055 WARNING: The kept net frame_read_write_m0/Sdr_rd_dout[8] will be merged to another kept net U3/Sdr_rd_dout[8]
SYN-5055 Similar messages will be suppressed.
RUN-1002 : start command "phys_opt -simplify_lut"
SYN-1032 : 2599/1 useful/useless nets, 2267/0 useful/useless insts
SYN-4016 : Net frame_read_write_m0/write_buf/clkw driven by BUFG (429 clock/control pins, 1 other pins).
SYN-4016 : Net frame_read_write_m0/read_buf/clkr driven by BUFG (161 clock/control pins, 1 other pins).
SYN-4027 : Net U3/u2_ram/SDRAM_CLK is clkc1 of pll sys_pll_m0/pll_inst.
SYN-4019 : Net clk_dup_1 is refclk of pll sys_pll_m0/pll_inst.
SYN-4020 : Net clk_dup_1 is fbclk of pll sys_pll_m0/pll_inst.
SYN-4019 : Net clk_dup_1 is refclk of pll video_pll_m0/pll_inst.
SYN-4020 : Net clk_dup_1 is fbclk of pll video_pll_m0/pll_inst.
SYN-4025 : Tag rtl::Net U3/u2_ram/SDRAM_CLK as clock net
SYN-4025 : Tag rtl::Net clk_dup_1 as clock net
SYN-4025 : Tag rtl::Net frame_read_write_m0/read_buf/clkr as clock net
SYN-4025 : Tag rtl::Net frame_read_write_m0/write_buf/clkw as clock net
SYN-4026 : Tagged 4 rtl::Net as clock net
PHY-1001 : Populate physical database on model top.
RUN-1001 : There are total 2267 instances
RUN-0007 : 944 luts, 1007 seqs, 132 mslices, 73 lslices, 102 pads, 2 brams, 0 dsps
RUN-1001 : There are total 2599 nets
RUN-6004 WARNING: There are 16 nets with only 1 pin.
RUN-1001 : 1848 nets have 2 pins
RUN-1001 : 522 nets have [3 - 5] pins
RUN-1001 : 131 nets have [6 - 10] pins
RUN-1001 : 38 nets have [11 - 20] pins
RUN-1001 : 39 nets have [21 - 99] pins
RUN-1001 : 5 nets have 100+ pins
RUN-1001 : Report Control nets information:
RUN-1001 : DFF Distribution
RUN-1001 : ----------------------------------
RUN-1001 :   CE   |  SSR  |  ASR  |  DFF Count  
RUN-1001 : ----------------------------------
RUN-1001 :   No   |  No   |  No   |     213     
RUN-1001 :   No   |  No   |  Yes  |     508     
RUN-1001 :   No   |  Yes  |  No   |     65      
RUN-1001 :   Yes  |  No   |  No   |     16      
RUN-1001 :   Yes  |  No   |  Yes  |     187     
RUN-1001 :   Yes  |  Yes  |  No   |     18      
RUN-1001 : ----------------------------------
RUN-0007 : Control Group Statistic
RUN-0007 : ---------------------------
RUN-0007 :   #CLK  |  #CE  |  #SSR/ASR  
RUN-0007 : ---------------------------
RUN-0007 :    4    |  20   |     8      
RUN-0007 : ---------------------------
RUN-0007 : Control Set = 33
PHY-3001 : Initial placement ...
PHY-3001 : design contains 2265 instances, 944 luts, 1007 seqs, 205 slices, 31 macros(205 instances: 132 mslices 73 lslices)
PHY-0007 : Cell area utilization is 6%
PHY-3001 : Start timing update ...
RUN-1002 : start command "start_timer -report"
TMR-2505 : Start building timing graph for model top.
TMR-2506 : Build timing graph completely. Port num: 22, tpin num: 10163, tnet num: 2597, tinst num: 2265, tnode num: 13394, tedge num: 16059.
TMR-2508 : Levelizing timing graph completed, there are 43 levels in total.
TMR-2501 : Timing graph initialized successfully.
TMR-2503 : Start to update net delay, extr mode = 2.
TMR-2504 : Update delay of 2597 nets completely.
TMR-2502 : Annotate delay completely, extr mode = 2.
TMR-3001 : Initiate 4 clocks from SDC.
TMR-3004 : Map sdc constraints, there are 8 constraints in total.
TMR-3003 : Constraints initiated successfully.
TMR-3501 : Forward propagation: start to calculate arrival time...
TMR-3502 : Backward propagation: start to calculate required time...
TMR-3503 : Timing propagation completes.
PHY-3001 : End timing update;  0.427957s wall, 0.281250s user + 0.015625s system = 0.296875s CPU (69.4%)

PHY-3001 : Global placement ...
PHY-3001 : Initial: Len = 572558
PHY-3001 : Clustering ...
PHY-3001 : Level 0 #clusters 2265.
PHY-3001 : End clustering;  0.000008s wall, 0.000000s user + 0.000000s system = 0.000000s CPU (n/a%)

PHY-3001 : Run with size of 4
PHY-3001 : Cell area utilization is 6%
PHY-3001 : :::0::: Try harder cell spreading with beta_ = 0
PHY-3002 : Step(1): len = 459279, overlap = 0
PHY-3002 : Step(2): len = 389069, overlap = 4.5
PHY-3002 : Step(3): len = 347032, overlap = 0
PHY-3002 : Step(4): len = 307826, overlap = 2.25
PHY-3002 : Step(5): len = 273843, overlap = 2.25
PHY-3002 : Step(6): len = 246654, overlap = 2.25
PHY-3002 : Step(7): len = 217754, overlap = 2.6875
PHY-3002 : Step(8): len = 185545, overlap = 6.6875
PHY-3002 : Step(9): len = 168401, overlap = 9.0625
PHY-3002 : Step(10): len = 150801, overlap = 10.875
PHY-3002 : Step(11): len = 131689, overlap = 13.8125
PHY-3002 : Step(12): len = 121719, overlap = 14.5312
PHY-3002 : Step(13): len = 111236, overlap = 13.5312
PHY-3002 : Step(14): len = 102378, overlap = 14.4062
PHY-3002 : Step(15): len = 95763.1, overlap = 9.90625
PHY-3002 : Step(16): len = 91618.8, overlap = 7.9375
PHY-3001 : :::1::: Try harder cell spreading with beta_ = 0.0141924
PHY-3002 : Step(17): len = 92530.9, overlap = 5.5625
PHY-3002 : Step(18): len = 88936.8, overlap = 6.21875
PHY-3002 : Step(19): len = 88890.8, overlap = 6.1875
PHY-3002 : Step(20): len = 87844.5, overlap = 6.21875
PHY-3002 : Step(21): len = 87594.5, overlap = 6.375
PHY-3002 : Step(22): len = 82227.9, overlap = 14.9375
PHY-3002 : Step(23): len = 81107.1, overlap = 16.6562
PHY-3002 : Step(24): len = 80386.3, overlap = 17.5625
PHY-3002 : Step(25): len = 79424.2, overlap = 17.0625
PHY-3002 : Step(26): len = 77526.2, overlap = 17.8438
PHY-3002 : Step(27): len = 76555.9, overlap = 18.1562
PHY-3002 : Step(28): len = 76404.6, overlap = 17.7812
PHY-3002 : Step(29): len = 76175.6, overlap = 18.0312
PHY-3001 : :::2::: Try harder cell spreading with beta_ = 0.0283849
PHY-3002 : Step(30): len = 76142.5, overlap = 18.0312
PHY-3002 : Step(31): len = 76107.3, overlap = 18.0312
PHY-3001 : Legalization ...
PHY-3001 : End legalization;  0.004798s wall, 0.000000s user + 0.000000s system = 0.000000s CPU (n/a%)

PHY-3001 : Run with size of 4
PHY-3001 : Cell area utilization is 9%
PHY-3001 : Update timing in Manhattan mode ...
TMR-2503 : Start to update net delay, extr mode = 3.
TMR-2504 : Update delay of 2597 nets completely.
TMR-2502 : Annotate delay completely, extr mode = 3.
TMR-3501 : Forward propagation: start to calculate arrival time...
TMR-3502 : Backward propagation: start to calculate required time...
TMR-3503 : Timing propagation completes.
PHY-3001 : End timing update;  0.049444s wall, 0.046875s user + 0.000000s system = 0.046875s CPU (94.8%)

PHY-3001 : :::0::: Try harder cell spreading with beta_ = 0.000168236
PHY-3002 : Step(32): len = 77432.6, overlap = 23.125
PHY-3002 : Step(33): len = 78083.4, overlap = 20.5
PHY-3002 : Step(34): len = 75672.2, overlap = 22
PHY-3002 : Step(35): len = 75084.1, overlap = 19.75
PHY-3002 : Step(36): len = 74796, overlap = 19.625
PHY-3002 : Step(37): len = 73722.1, overlap = 20
PHY-3002 : Step(38): len = 73578.9, overlap = 20.2812
PHY-3002 : Step(39): len = 73060.6, overlap = 19.5625
PHY-3001 : :::1::: Try harder cell spreading with beta_ = 0.000336471
PHY-3002 : Step(40): len = 72495.9, overlap = 16.625
PHY-3002 : Step(41): len = 72521.9, overlap = 15.8438
PHY-3002 : Step(42): len = 72385.7, overlap = 15.7188
PHY-3001 : :::2::: Try harder cell spreading with beta_ = 0.000672943
PHY-3002 : Step(43): len = 72156.4, overlap = 17.3438
PHY-3002 : Step(44): len = 72264.7, overlap = 18.1875
PHY-3002 : Step(45): len = 71869.7, overlap = 18.9688
PHY-3002 : Step(46): len = 71402.9, overlap = 20.1562
PHY-3002 : Step(47): len = 70196.8, overlap = 20.7188
PHY-3002 : Step(48): len = 69123.4, overlap = 21.9062
PHY-3002 : Step(49): len = 68314.3, overlap = 23.2188
PHY-3002 : Step(50): len = 66906.6, overlap = 20.125
PHY-3002 : Step(51): len = 66354.4, overlap = 21.2812
PHY-3002 : Step(52): len = 65863.6, overlap = 21.4375
PHY-3002 : Step(53): len = 65434.1, overlap = 21.0312
PHY-3002 : Step(54): len = 64835.9, overlap = 21.4688
PHY-3002 : Step(55): len = 64237.8, overlap = 21.5938
PHY-3002 : Step(56): len = 63617.3, overlap = 20.0625
PHY-3001 : :::3::: Try harder cell spreading with beta_ = 0.00134589
PHY-3002 : Step(57): len = 63416.3, overlap = 21.125
PHY-3002 : Step(58): len = 63473.4, overlap = 21.3125
PHY-3002 : Step(59): len = 63275.6, overlap = 21.4688
PHY-3001 : :::4::: Try harder cell spreading with beta_ = 0.00269177
PHY-3002 : Step(60): len = 62880.3, overlap = 21.0312
PHY-3002 : Step(61): len = 62880.3, overlap = 21.0312
PHY-3001 : Run with size of 2
PHY-3001 : Cell area utilization is 9%
PHY-3001 : Update timing in Manhattan mode ...
TMR-2503 : Start to update net delay, extr mode = 3.
TMR-2504 : Update delay of 2597 nets completely.
TMR-2502 : Annotate delay completely, extr mode = 3.
TMR-3501 : Forward propagation: start to calculate arrival time...
TMR-3502 : Backward propagation: start to calculate required time...
TMR-3503 : Timing propagation completes.
PHY-3001 : End timing update;  0.051888s wall, 0.031250s user + 0.000000s system = 0.031250s CPU (60.2%)

PHY-3001 : :::0::: Try harder cell spreading with beta_ = 6.83817e-05
PHY-3002 : Step(62): len = 63504.8, overlap = 78.5
PHY-3002 : Step(63): len = 63883.2, overlap = 78.3438
PHY-3002 : Step(64): len = 63843.7, overlap = 76.8125
PHY-3002 : Step(65): len = 64081.7, overlap = 76.5312
PHY-3002 : Step(66): len = 64301.2, overlap = 73.8438
PHY-3001 : :::1::: Try harder cell spreading with beta_ = 0.000136763
PHY-3002 : Step(67): len = 64077.4, overlap = 72.875
PHY-3002 : Step(68): len = 64176.5, overlap = 72.7188
PHY-3002 : Step(69): len = 64564.4, overlap = 68.8125
PHY-3002 : Step(70): len = 64646.1, overlap = 67.9688
PHY-3002 : Step(71): len = 64318.6, overlap = 67.875
PHY-3001 : :::2::: Try harder cell spreading with beta_ = 0.000273527
PHY-3002 : Step(72): len = 64582.4, overlap = 65.2188
PHY-3002 : Step(73): len = 64747.6, overlap = 64.1875
PHY-3002 : Step(74): len = 65023.4, overlap = 62.4375
PHY-3001 : :::3::: Try harder cell spreading with beta_ = 0.000547053
PHY-3002 : Step(75): len = 65711.5, overlap = 54.375
PHY-3002 : Step(76): len = 66034.5, overlap = 53.75
PHY-3002 : Step(77): len = 66449, overlap = 51.5312
PHY-3001 : :::4::: Try harder cell spreading with beta_ = 0.00109411
PHY-3002 : Step(78): len = 66413, overlap = 50.5625
PHY-3002 : Step(79): len = 66435.9, overlap = 50.1875
PHY-3001 : :::5::: Try harder cell spreading with beta_ = 0.00218821
PHY-3002 : Step(80): len = 67246.4, overlap = 49.3438
PHY-3002 : Step(81): len = 67856.4, overlap = 43.6875
PHY-3002 : Step(82): len = 68138.9, overlap = 43.2188
OPT-1001 : Start physical optimization ...
RUN-1002 : start command "start_timer -report"
TMR-2505 : Start building timing graph for model top.
TMR-2506 : Build timing graph completely. Port num: 22, tpin num: 10163, tnet num: 2597, tinst num: 2265, tnode num: 13394, tedge num: 16059.
TMR-2508 : Levelizing timing graph completed, there are 43 levels in total.
TMR-2501 : Timing graph initialized successfully.
OPT-1001 : Total overflow 102.69 peak overflow 2.91
OPT-1001 : Start high-fanout net optimization ...
OPT-1001 : Update timing in global mode
PHY-1001 : Start incremental global routing, caller is place ...
RUN-1001 : Generating global routing grids ...
RUN-1001 : Building simple global routing graph ...
PHY-1001 : Generate routing nets ...
PHY-1001 : Reuse net number 0/2599.
PHY-1001 : Global iterations in 16 thread ...
PHY-1002 : len = 75752, over cnt = 227(0%), over = 827, worst = 21
PHY-1001 : End global iterations;  0.083174s wall, 0.031250s user + 0.000000s system = 0.031250s CPU (37.6%)

PHY-1001 : Congestion index: top1 = 37.69, top5 = 23.34, top10 = 16.44, top15 = 12.66.
PHY-1001 : End incremental global routing;  0.124225s wall, 0.046875s user + 0.000000s system = 0.046875s CPU (37.7%)

TMR-2503 : Start to update net delay, extr mode = 5.
TMR-2504 : Update delay of 2597 nets completely.
TMR-2502 : Annotate delay completely, extr mode = 5.
TMR-3001 : Initiate 4 clocks from SDC.
TMR-3004 : Map sdc constraints, there are 8 constraints in total.
TMR-3003 : Constraints initiated successfully.
TMR-3501 : Forward propagation: start to calculate arrival time...
TMR-3502 : Backward propagation: start to calculate required time...
TMR-3503 : Timing propagation completes.
OPT-1001 : End timing update;  0.054119s wall, 0.031250s user + 0.000000s system = 0.031250s CPU (57.7%)

OPT-1001 : 0 high-fanout net processed.
OPT-1001 : End high-fanout net optimization;  0.208687s wall, 0.093750s user + 0.000000s system = 0.093750s CPU (44.9%)

OPT-1001 : Current memory(MB): used = 212, reserve = 184, peak = 212.
OPT-1001 : Start global optimization ...
OPT-1001 : Start congestion update ...
RUN-1001 : Generating global routing grids ...
PHY-1001 : Generate routing nets ...
PHY-1001 : Reuse net number 1758/2599.
PHY-1001 : Global iterations in 16 thread ...
PHY-1002 : len = 75752, over cnt = 227(0%), over = 827, worst = 21
PHY-1002 : len = 82400, over cnt = 111(0%), over = 240, worst = 12
PHY-1002 : len = 85200, over cnt = 22(0%), over = 25, worst = 3
PHY-1002 : len = 85552, over cnt = 5(0%), over = 7, worst = 3
PHY-1002 : len = 85632, over cnt = 0(0%), over = 0, worst = 0
PHY-1001 : End global iterations;  0.071651s wall, 0.015625s user + 0.000000s system = 0.015625s CPU (21.8%)

PHY-1001 : Congestion index: top1 = 34.27, top5 = 23.37, top10 = 17.40, top15 = 13.69.
OPT-1001 : End congestion update;  0.109022s wall, 0.046875s user + 0.000000s system = 0.046875s CPU (43.0%)

OPT-1001 : Update timing in Manhattan mode
TMR-2503 : Start to update net delay, extr mode = 3.
TMR-2504 : Update delay of 2597 nets completely.
TMR-2502 : Annotate delay completely, extr mode = 3.
TMR-3501 : Forward propagation: start to calculate arrival time...
TMR-3502 : Backward propagation: start to calculate required time...
TMR-3503 : Timing propagation completes.
OPT-1001 : End timing update;  0.045240s wall, 0.046875s user + 0.000000s system = 0.046875s CPU (103.6%)

OPT-0007 : Start: WNS 4590 TNS 0 NUM_FEPS 0
OPT-1001 : End global optimization;  0.154504s wall, 0.093750s user + 0.000000s system = 0.093750s CPU (60.7%)

OPT-1001 : Current memory(MB): used = 215, reserve = 187, peak = 215.
OPT-1001 : End physical optimization;  0.780227s wall, 0.515625s user + 0.015625s system = 0.531250s CPU (68.1%)

PHY-3001 : Start packing ...
SYN-4007 : Packing 0 MUX to BLE ...
SYN-4008 : Packed 0 MUX and 0 SEQ to BLE.
SYN-4007 : Packing 944 LUT to BLE ...
SYN-4008 : Packed 944 LUT and 485 SEQ to BLE.
SYN-4003 : Packing 522 remaining SEQ's ...
SYN-4005 : Packed 115 SEQ with LUT/SLICE
SYN-4006 : 374 single LUT's are left
SYN-4006 : 407 single SEQ's are left
SYN-4011 : Packing model "top" (AL_USER_NORMAL) with 1351/1877 primitive instances ...
PHY-3001 : End packing;  0.056296s wall, 0.046875s user + 0.000000s system = 0.046875s CPU (83.3%)

PHY-1001 : Populate physical database on model top.
RUN-1001 : There are total 1050 instances
RUN-1001 : 470 mslices, 469 lslices, 102 pads, 2 brams, 0 dsps
RUN-1001 : There are total 2152 nets
RUN-6004 WARNING: There are 16 nets with only 1 pin.
RUN-1001 : 1411 nets have 2 pins
RUN-1001 : 504 nets have [3 - 5] pins
RUN-1001 : 139 nets have [6 - 10] pins
RUN-1001 : 38 nets have [11 - 20] pins
RUN-1001 : 39 nets have [21 - 99] pins
RUN-1001 : 5 nets have 100+ pins
PHY-3001 : design contains 1048 instances, 939 slices, 31 macros(205 instances: 132 mslices 73 lslices)
PHY-3001 : Cell area utilization is 12%
PHY-3001 : After packing: Len = 67093, Over = 57.5
PHY-3001 : Run with size of 2
PHY-3001 : Cell area utilization is 12%
PHY-3001 : Update timing in Manhattan mode ...
RUN-1002 : start command "start_timer -report"
TMR-2505 : Start building timing graph for model top.
TMR-2506 : Build timing graph completely. Port num: 22, tpin num: 8545, tnet num: 2150, tinst num: 1048, tnode num: 10942, tedge num: 14224.
TMR-2508 : Levelizing timing graph completed, there are 41 levels in total.
TMR-2501 : Timing graph initialized successfully.
TMR-2503 : Start to update net delay, extr mode = 3.
TMR-2504 : Update delay of 2150 nets completely.
TMR-2502 : Annotate delay completely, extr mode = 3.
TMR-3001 : Initiate 4 clocks from SDC.
TMR-3004 : Map sdc constraints, there are 8 constraints in total.
TMR-3003 : Constraints initiated successfully.
TMR-3501 : Forward propagation: start to calculate arrival time...
TMR-3502 : Backward propagation: start to calculate required time...
TMR-3503 : Timing propagation completes.
PHY-3001 : End timing update;  0.454470s wall, 0.328125s user + 0.000000s system = 0.328125s CPU (72.2%)

PHY-3001 : :::0::: Try harder cell spreading with beta_ = 0.000126437
PHY-3002 : Step(83): len = 65962.8, overlap = 59.25
PHY-3002 : Step(84): len = 65289.4, overlap = 58
PHY-3002 : Step(85): len = 64869.4, overlap = 59.25
PHY-3002 : Step(86): len = 64827.4, overlap = 60.5
PHY-3002 : Step(87): len = 64580.6, overlap = 59.75
PHY-3002 : Step(88): len = 64337, overlap = 57.5
PHY-3002 : Step(89): len = 63891.6, overlap = 60.5
PHY-3001 : :::1::: Try harder cell spreading with beta_ = 0.000252875
PHY-3002 : Step(90): len = 64491.2, overlap = 57.25
PHY-3002 : Step(91): len = 64882.8, overlap = 54
PHY-3002 : Step(92): len = 65142.6, overlap = 52.5
PHY-3001 : :::2::: Try harder cell spreading with beta_ = 0.00050575
PHY-3002 : Step(93): len = 65592.9, overlap = 51.5
PHY-3002 : Step(94): len = 66168.1, overlap = 48.5
PHY-3002 : Step(95): len = 66571.9, overlap = 47
PHY-3001 : Legalization ...
PHY-3001 : End legalization;  0.135427s wall, 0.000000s user + 0.000000s system = 0.000000s CPU (n/a%)

PHY-3001 : Trial Legalized: Len = 81892.1
PHY-3001 : Run with size of 2
PHY-3001 : Cell area utilization is 12%
PHY-3001 : Update timing in Manhattan mode ...
TMR-2503 : Start to update net delay, extr mode = 3.
TMR-2504 : Update delay of 2150 nets completely.
TMR-2502 : Annotate delay completely, extr mode = 3.
TMR-3501 : Forward propagation: start to calculate arrival time...
TMR-3502 : Backward propagation: start to calculate required time...
TMR-3503 : Timing propagation completes.
PHY-3001 : End timing update;  0.039975s wall, 0.000000s user + 0.000000s system = 0.000000s CPU (n/a%)

PHY-3001 : :::0::: Try harder cell spreading with beta_ = 0.00206922
PHY-3002 : Step(96): len = 78519.3, overlap = 7
PHY-3002 : Step(97): len = 76842.4, overlap = 10.5
PHY-3002 : Step(98): len = 75533, overlap = 12
PHY-3002 : Step(99): len = 73838.8, overlap = 16.25
PHY-3002 : Step(100): len = 73049.3, overlap = 19
PHY-3002 : Step(101): len = 72199.4, overlap = 23
PHY-3002 : Step(102): len = 70920, overlap = 25.25
PHY-3002 : Step(103): len = 70141.3, overlap = 27.25
PHY-3002 : Step(104): len = 69449.3, overlap = 29
PHY-3002 : Step(105): len = 69032.3, overlap = 29.5
PHY-3001 : :::1::: Try harder cell spreading with beta_ = 0.00413844
PHY-3002 : Step(106): len = 69182.2, overlap = 29.5
PHY-3002 : Step(107): len = 69245.8, overlap = 30
PHY-3001 : :::2::: Try harder cell spreading with beta_ = 0.00827688
PHY-3002 : Step(108): len = 69298, overlap = 29.25
PHY-3002 : Step(109): len = 69334.5, overlap = 28.75
PHY-3001 : Legalization ...
PHY-3001 : End legalization;  0.004520s wall, 0.000000s user + 0.000000s system = 0.000000s CPU (n/a%)

PHY-3001 : Legalized: Len = 76079.5, Over = 0
PHY-3001 : Spreading special nets. 9 overflows in 2952 tiles.
PHY-3001 : End spreading;  0.004752s wall, 0.000000s user + 0.000000s system = 0.000000s CPU (n/a%)

PHY-3001 : 13 instances has been re-located, deltaX = 4, deltaY = 7, maxDist = 2.
PHY-3001 : Final: Len = 76219.5, Over = 0
OPT-1001 : Start physical optimization ...
RUN-1002 : start command "start_timer -report"
TMR-2505 : Start building timing graph for model top.
TMR-2506 : Build timing graph completely. Port num: 22, tpin num: 8545, tnet num: 2150, tinst num: 1048, tnode num: 10942, tedge num: 14224.
TMR-2508 : Levelizing timing graph completed, there are 41 levels in total.
TMR-2501 : Timing graph initialized successfully.
OPT-1001 : Total overflow 0.00 peak overflow 0.00
OPT-1001 : Start high-fanout net optimization ...
OPT-1001 : Update timing in global mode
PHY-1001 : Start incremental global routing, caller is place ...
RUN-1001 : Generating global routing grids ...
PHY-1001 : Generate routing nets ...
PHY-1001 : Reuse net number 81/2152.
PHY-1001 : Global iterations in 16 thread ...
PHY-1002 : len = 88056, over cnt = 144(0%), over = 244, worst = 9
PHY-1002 : len = 89216, over cnt = 59(0%), over = 73, worst = 3
PHY-1002 : len = 89856, over cnt = 20(0%), over = 25, worst = 3
PHY-1002 : len = 90216, over cnt = 2(0%), over = 2, worst = 1
PHY-1002 : len = 90248, over cnt = 0(0%), over = 0, worst = 0
PHY-1001 : End global iterations;  0.123533s wall, 0.000000s user + 0.000000s system = 0.000000s CPU (n/a%)

PHY-1001 : Congestion index: top1 = 27.20, top5 = 21.04, top10 = 17.01, top15 = 13.82.
PHY-1001 : End incremental global routing;  0.169023s wall, 0.015625s user + 0.000000s system = 0.015625s CPU (9.2%)

TMR-2503 : Start to update net delay, extr mode = 5.
TMR-2504 : Update delay of 2150 nets completely.
TMR-2502 : Annotate delay completely, extr mode = 5.
TMR-3001 : Initiate 4 clocks from SDC.
TMR-3004 : Map sdc constraints, there are 8 constraints in total.
TMR-3003 : Constraints initiated successfully.
TMR-3501 : Forward propagation: start to calculate arrival time...
TMR-3502 : Backward propagation: start to calculate required time...
TMR-3503 : Timing propagation completes.
OPT-1001 : End timing update;  0.049410s wall, 0.031250s user + 0.000000s system = 0.031250s CPU (63.2%)

OPT-1001 : 1 high-fanout net processed.
PHY-3001 : Start incremental placement ...
PHY-1001 : Populate physical database on model top.
PHY-3001 : Initial placement ...
PHY-3001 : eco special cells: 1 has valid locations, 0 needs to be replaced
PHY-3001 : eco pad cells: 102 has valid locations, 0 needs to be replaced
PHY-3001 : eco cells: 940 has valid locations, 5 needs to be replaced
PHY-3001 : design contains 1052 instances, 943 slices, 31 macros(205 instances: 132 mslices 73 lslices)
PHY-3001 : Global placement ...
PHY-3001 : Initial: Len = 76555.6
PHY-3001 : Run with size of 4
PHY-3001 : Cell area utilization is 12%
PHY-3001 : Update timing in Manhattan mode ...
RUN-1002 : start command "start_timer -report"
TMR-2505 : Start building timing graph for model top.
TMR-2506 : Build timing graph completely. Port num: 22, tpin num: 8568, tnet num: 2153, tinst num: 1052, tnode num: 10965, tedge num: 14253.
TMR-2508 : Levelizing timing graph completed, there are 41 levels in total.
TMR-2501 : Timing graph initialized successfully.
TMR-2503 : Start to update net delay, extr mode = 3.
TMR-2504 : Update delay of 2153 nets completely.
TMR-2502 : Annotate delay completely, extr mode = 3.
TMR-3001 : Initiate 4 clocks from SDC.
TMR-3004 : Map sdc constraints, there are 8 constraints in total.
TMR-3003 : Constraints initiated successfully.
TMR-3501 : Forward propagation: start to calculate arrival time...
TMR-3502 : Backward propagation: start to calculate required time...
TMR-3503 : Timing propagation completes.
PHY-3001 : End timing update;  0.472936s wall, 0.265625s user + 0.000000s system = 0.265625s CPU (56.2%)

PHY-3001 : :::0::: Try harder cell spreading with beta_ = 0
PHY-3002 : Step(110): len = 76428.6, overlap = 0
PHY-3002 : Step(111): len = 76412.1, overlap = 0
PHY-3002 : Step(112): len = 76401.7, overlap = 0
PHY-3002 : Step(113): len = 76401.7, overlap = 0
PHY-3001 : Run with size of 2
PHY-3001 : Cell area utilization is 12%
PHY-3001 : Update timing in Manhattan mode ...
TMR-2503 : Start to update net delay, extr mode = 3.
TMR-2504 : Update delay of 2153 nets completely.
TMR-2502 : Annotate delay completely, extr mode = 3.
TMR-3501 : Forward propagation: start to calculate arrival time...
TMR-3502 : Backward propagation: start to calculate required time...
TMR-3503 : Timing propagation completes.
PHY-3001 : End timing update;  0.039827s wall, 0.031250s user + 0.000000s system = 0.031250s CPU (78.5%)

PHY-3001 : :::0::: Try harder cell spreading with beta_ = 0.000900179
PHY-3002 : Step(114): len = 76412.3, overlap = 0.75
PHY-3002 : Step(115): len = 76376.6, overlap = 0.75
PHY-3001 : Legalization ...
PHY-3001 : End legalization;  0.003548s wall, 0.000000s user + 0.000000s system = 0.000000s CPU (n/a%)

PHY-3001 : Legalized: Len = 76408.5, Over = 0
PHY-3001 : End spreading;  0.004381s wall, 0.000000s user + 0.000000s system = 0.000000s CPU (n/a%)

PHY-3001 : Final: Len = 76408.5, Over = 0
PHY-3001 : End incremental placement;  0.604296s wall, 0.312500s user + 0.015625s system = 0.328125s CPU (54.3%)

OPT-1001 : Total overflow 0.00 peak overflow 0.00
OPT-1001 : End high-fanout net optimization;  0.856174s wall, 0.359375s user + 0.015625s system = 0.375000s CPU (43.8%)

OPT-1001 : Current memory(MB): used = 227, reserve = 199, peak = 227.
OPT-1001 : Start path based optimization ...
OPT-1001 : Start congestion update ...
RUN-1001 : Generating global routing grids ...
PHY-1001 : Generate routing nets ...
PHY-1001 : Reuse net number 1768/2155.
PHY-1001 : Global iterations in 16 thread ...
PHY-1002 : len = 90336, over cnt = 4(0%), over = 4, worst = 1
PHY-1002 : len = 90384, over cnt = 2(0%), over = 2, worst = 1
PHY-1002 : len = 90400, over cnt = 0(0%), over = 0, worst = 0
PHY-1001 : End global iterations;  0.020866s wall, 0.000000s user + 0.000000s system = 0.000000s CPU (n/a%)

PHY-1001 : Congestion index: top1 = 27.16, top5 = 21.06, top10 = 17.05, top15 = 13.86.
OPT-1001 : End congestion update;  0.060432s wall, 0.031250s user + 0.000000s system = 0.031250s CPU (51.7%)

OPT-1001 : Update timing in Manhattan mode
TMR-2503 : Start to update net delay, extr mode = 3.
TMR-2504 : Update delay of 2153 nets completely.
TMR-2502 : Annotate delay completely, extr mode = 3.
TMR-3501 : Forward propagation: start to calculate arrival time...
TMR-3502 : Backward propagation: start to calculate required time...
TMR-3503 : Timing propagation completes.
OPT-1001 : End timing update;  0.040958s wall, 0.031250s user + 0.000000s system = 0.031250s CPU (76.3%)

OPT-0007 : Start: WNS 4485 TNS 0 NUM_FEPS 0
OPT-1001 : End path based optimization;  0.101603s wall, 0.062500s user + 0.000000s system = 0.062500s CPU (61.5%)

OPT-1001 : Current memory(MB): used = 227, reserve = 199, peak = 227.
OPT-1001 : Update timing in Manhattan mode
TMR-2503 : Start to update net delay, extr mode = 3.
TMR-2504 : Update delay of 2153 nets completely.
TMR-2502 : Annotate delay completely, extr mode = 3.
TMR-3501 : Forward propagation: start to calculate arrival time...
TMR-3502 : Backward propagation: start to calculate required time...
TMR-3503 : Timing propagation completes.
OPT-1001 : End timing update;  0.039872s wall, 0.015625s user + 0.000000s system = 0.015625s CPU (39.2%)

OPT-1001 : Start pin optimization...
OPT-1001 : skip pin optimization...
RUN-1001 : Generating global routing grids ...
PHY-1001 : Generate routing nets ...
PHY-1001 : Reuse net number 1774/2155.
PHY-1001 : Global iterations in 16 thread ...
PHY-1002 : len = 90400, over cnt = 0(0%), over = 0, worst = 0
PHY-1001 : End global iterations;  0.004038s wall, 0.000000s user + 0.000000s system = 0.000000s CPU (n/a%)

PHY-1001 : Congestion index: top1 = 27.16, top5 = 21.06, top10 = 17.05, top15 = 13.86.
OPT-1001 : Update timing in Manhattan mode
TMR-2503 : Start to update net delay, extr mode = 3.
TMR-2504 : Update delay of 2153 nets completely.
TMR-2502 : Annotate delay completely, extr mode = 3.
TMR-3501 : Forward propagation: start to calculate arrival time...
TMR-3502 : Backward propagation: start to calculate required time...
TMR-3503 : Timing propagation completes.
OPT-1001 : End timing update;  0.040791s wall, 0.000000s user + 0.000000s system = 0.000000s CPU (n/a%)

RUN-1001 : QoR Analysis:
OPT-0007 :   WNS 4485 TNS 0 NUM_FEPS 0
RUN-1001 :   No local congestion issue, and most congested 1% tile average routing util is 26.724138
RUN-1001 :   Top critical paths
RUN-1001 :       #1 path slack 4485ps with logic level 7 
RUN-1001 :       #2 path slack 4485ps with logic level 7 
OPT-1001 : End physical optimization;  1.521751s wall, 0.718750s user + 0.015625s system = 0.734375s CPU (48.3%)

RUN-1003 : finish command "place" in  5.562247s wall, 2.437500s user + 0.296875s system = 2.734375s CPU (49.2%)

RUN-1004 : used memory is 194 MB, reserved memory is 166 MB, peak memory is 227 MB
RUN-1002 : start command "export_db pic_sdram_place.db"
RUN-1001 : Exported /
RUN-1001 : Exported flow parameters
RUN-1001 : Exported libs
RUN-1001 : Exported entities
RUN-1001 : Exported ports
RUN-1001 : Exported pins
RUN-1001 : Exported instances
RUN-1001 : Exported nets
RUN-1001 : Exported buses
RUN-1001 : Exported models
RUN-1001 : Exported congestions
RUN-1001 : Exported violations
RUN-1001 : Exported timing constraints
RUN-1001 : Exported IO constraints
RUN-1001 : Exported Inst constraints
RUN-1002 : start command "route"
RUN-1001 : Open license file D:/Program/Anlogic/TD5.6.2/license/Anlogic.lic
RUN-1001 : Print Global Property
RUN-1001 : ---------------------------------------------------------------
RUN-1001 :        Parameters        |  Settings  |  Default Values  |  Note  
RUN-1001 : ---------------------------------------------------------------
RUN-1001 :          message         |  standard  |     standard     |        
RUN-1001 :   mixed_pack_place_flow  |     on     |        on        |        
RUN-1001 :        qor_monitor       |    off     |       off        |        
RUN-1001 :        syn_ip_flow       |    off     |       off        |        
RUN-1001 :          thread          |    auto    |       auto       |        
RUN-1001 : ---------------------------------------------------------------
RUN-1001 : Print Route Property
RUN-1001 : -------------------------------------------------------
RUN-1001 :    Parameters    |  Settings  |  Default Values  |  Note  
RUN-1001 : -------------------------------------------------------
RUN-1001 :      effort      |   medium   |      medium      |        
RUN-1001 :     fix_hold     |    off     |       off        |        
RUN-1001 :    opt_timing    |   medium   |      medium      |        
RUN-1001 :   phy_sim_model  |    off     |       off        |        
RUN-1001 :     priority     |   timing   |      timing      |        
RUN-1001 :     swap_pin     |     on     |        on        |        
RUN-1001 : -------------------------------------------------------
PHY-1001 : Route runs in 16 thread(s)
RUN-1001 : There are total 1054 instances
RUN-1001 : 474 mslices, 469 lslices, 102 pads, 2 brams, 0 dsps
RUN-1001 : There are total 2155 nets
RUN-6004 WARNING: There are 16 nets with only 1 pin.
RUN-1001 : 1411 nets have 2 pins
RUN-1001 : 505 nets have [3 - 5] pins
RUN-1001 : 139 nets have [6 - 10] pins
RUN-1001 : 39 nets have [11 - 20] pins
RUN-1001 : 40 nets have [21 - 99] pins
RUN-1001 : 5 nets have 100+ pins
RUN-1002 : start command "start_timer -report"
TMR-2505 : Start building timing graph for model top.
TMR-2506 : Build timing graph completely. Port num: 22, tpin num: 8568, tnet num: 2153, tinst num: 1052, tnode num: 10965, tedge num: 14253.
TMR-2508 : Levelizing timing graph completed, there are 41 levels in total.
TMR-2501 : Timing graph initialized successfully.
PHY-1001 : 474 mslices, 469 lslices, 102 pads, 2 brams, 0 dsps
TMR-2503 : Start to update net delay, extr mode = 3.
TMR-2504 : Update delay of 2153 nets completely.
TMR-2502 : Annotate delay completely, extr mode = 3.
TMR-3001 : Initiate 4 clocks from SDC.
TMR-3004 : Map sdc constraints, there are 8 constraints in total.
TMR-3003 : Constraints initiated successfully.
TMR-3501 : Forward propagation: start to calculate arrival time...
TMR-3502 : Backward propagation: start to calculate required time...
TMR-3503 : Timing propagation completes.
PHY-1001 : Start global routing, caller is route ...
RUN-1001 : Generating global routing grids ...
PHY-1001 : Generate routing nets ...
PHY-1001 : Global iterations in 16 thread ...
PHY-1002 : len = 87208, over cnt = 149(0%), over = 256, worst = 9
PHY-1002 : len = 88392, over cnt = 63(0%), over = 78, worst = 3
PHY-1002 : len = 89152, over cnt = 14(0%), over = 18, worst = 3
PHY-1002 : len = 89360, over cnt = 0(0%), over = 0, worst = 0
PHY-1001 : End global iterations;  0.128345s wall, 0.015625s user + 0.000000s system = 0.015625s CPU (12.2%)

PHY-1001 : Congestion index: top1 = 27.89, top5 = 21.12, top10 = 16.96, top15 = 13.72.
PHY-1001 : End global routing;  0.173729s wall, 0.062500s user + 0.000000s system = 0.062500s CPU (36.0%)

PHY-1001 : Start detail routing ...
PHY-1001 : Current memory(MB): used = 241, reserve = 213, peak = 257.
PHY-1001 : Detailed router is running in normal mode.
PHY-1001 : Generate detailed routing grids ...
PHY-1001 : Generate nets ...
PHY-1001 : net clk_dup_1 will be routed on clock mesh
PHY-1001 : net U3/u2_ram/SDRAM_CLK will be routed on clock mesh
PHY-5010 WARNING: Net U3/u2_ram/u2_wrrd/Sdr_rd_dout[31] is skipped due to 0 input or output
PHY-5010 WARNING: Net U3/u2_ram/u2_wrrd/Sdr_rd_dout[30] is skipped due to 0 input or output
PHY-5010 WARNING: Net U3/u2_ram/u2_wrrd/Sdr_rd_dout[29] is skipped due to 0 input or output
PHY-5010 WARNING: Net U3/u2_ram/u2_wrrd/Sdr_rd_dout[28] is skipped due to 0 input or output
PHY-5010 WARNING: Net U3/u2_ram/u2_wrrd/Sdr_rd_dout[27] is skipped due to 0 input or output
PHY-5010 WARNING: Net U3/u2_ram/u2_wrrd/Sdr_rd_dout[26] is skipped due to 0 input or output
PHY-5010 WARNING: Net U3/u2_ram/u2_wrrd/Sdr_rd_dout[25] is skipped due to 0 input or output
PHY-5010 WARNING: Net U3/u2_ram/u2_wrrd/Sdr_rd_dout[24] is skipped due to 0 input or output
PHY-5010 WARNING: Net U3/u2_ram/u2_wrrd/Sdr_rd_dout[23] is skipped due to 0 input or output
PHY-5010 WARNING: Net U3/u2_ram/u2_wrrd/Sdr_rd_dout[22] is skipped due to 0 input or output
PHY-5010 Similar messages will be suppressed.
PHY-1001 : clock net frame_read_write_m0/read_buf/clkr will be merged with clock video_pll_m0/clk0_buf
PHY-1001 : clock net frame_read_write_m0/write_buf/clkw will be merged with clock sys_pll_m0/clk0_buf
PHY-1001 : Current memory(MB): used = 509, reserve = 486, peak = 509.
PHY-1001 : End build detailed router design. 2.499692s wall, 1.359375s user + 0.046875s system = 1.406250s CPU (56.3%)

PHY-1001 : Detail Route ...
PHY-1001 : ===== Detail Route Phase 1 =====
PHY-1001 : Clock net routing.....
PHY-1001 : Routed 0% nets.
PHY-1022 : len = 41800, over cnt = 0(0%), over = 0, worst = 0, crit = 0
PHY-1001 : End initial clock net routed; 0.678177s wall, 0.453125s user + 0.000000s system = 0.453125s CPU (66.8%)

PHY-1001 : Current memory(MB): used = 542, reserve = 520, peak = 542.
PHY-1001 : End phase 1; 0.683358s wall, 0.468750s user + 0.000000s system = 0.468750s CPU (68.6%)

PHY-1001 : ===== Detail Route Phase 2 =====
PHY-1001 : Initial routing.....
PHY-1001 : Routed 38% nets.
PHY-1001 : Routed 44% nets.
PHY-1001 : Routed 53% nets.
PHY-1001 : Routed 67% nets.
PHY-1001 : Routed 88% nets.
PHY-1022 : len = 268344, over cnt = 49(0%), over = 49, worst = 1, crit = 0
PHY-1001 : Current memory(MB): used = 543, reserve = 521, peak = 543.
PHY-1001 : End initial routed; 1.654182s wall, 0.531250s user + 0.015625s system = 0.546875s CPU (33.1%)

PHY-1001 : Update timing.....
PHY-1001 : 0/1916(0%) critical/total net(s).
RUN-1001 : --------------------------------------
RUN-1001 :   Type   |  WNS(ns)  |  TNS(ns)  |  FEP  
RUN-1001 : --------------------------------------
RUN-1001 :   Setup  |   1.601   |   0.000   |   0   
RUN-1001 :   Hold   |   0.055   |   0.000   |   0   
RUN-1001 : --------------------------------------
PHY-1001 : End update timing; 0.520418s wall, 0.265625s user + 0.015625s system = 0.281250s CPU (54.0%)

PHY-1001 : Current memory(MB): used = 547, reserve = 525, peak = 547.
PHY-1001 : End phase 2; 2.174652s wall, 0.796875s user + 0.031250s system = 0.828125s CPU (38.1%)

PHY-1001 : ===== Detail Route Phase 3 =====
PHY-1001 : Optimize timing.....
PHY-1022 : len = 268344, over cnt = 49(0%), over = 49, worst = 1, crit = 0
PHY-1001 : End optimize timing; 0.013053s wall, 0.000000s user + 0.000000s system = 0.000000s CPU (n/a%)

PHY-1001 : Ripup-reroute.....
PHY-1001 : ===== DR Iter 1 =====
PHY-1022 : len = 268080, over cnt = 17(0%), over = 17, worst = 1, crit = 0
PHY-1001 : End DR Iter 1; 0.031100s wall, 0.015625s user + 0.000000s system = 0.015625s CPU (50.2%)

PHY-1001 : ===== DR Iter 2 =====
PHY-1022 : len = 268088, over cnt = 0(0%), over = 0, worst = 0, crit = 0
PHY-1001 : End DR Iter 2; 0.022474s wall, 0.015625s user + 0.000000s system = 0.015625s CPU (69.5%)

PHY-1001 : Update timing.....
PHY-1001 : 0/1916(0%) critical/total net(s).
RUN-1001 : --------------------------------------
RUN-1001 :   Type   |  WNS(ns)  |  TNS(ns)  |  FEP  
RUN-1001 : --------------------------------------
RUN-1001 :   Setup  |   1.601   |   0.000   |   0   
RUN-1001 :   Hold   |   0.055   |   0.000   |   0   
RUN-1001 : --------------------------------------
PHY-1001 : End update timing; 0.512332s wall, 0.390625s user + 0.000000s system = 0.390625s CPU (76.2%)

PHY-1001 : Commit to database.....
PHY-1001 : 10 feed throughs used by 8 nets
PHY-1001 : End commit to database; 0.165832s wall, 0.140625s user + 0.000000s system = 0.140625s CPU (84.8%)

PHY-1001 : Current memory(MB): used = 564, reserve = 543, peak = 564.
PHY-1001 : End phase 3; 0.854928s wall, 0.671875s user + 0.000000s system = 0.671875s CPU (78.6%)

PHY-1003 : Routed, final wirelength = 268088
PHY-1001 : Current memory(MB): used = 565, reserve = 543, peak = 565.
PHY-1001 : End export database. 0.008573s wall, 0.015625s user + 0.000000s system = 0.015625s CPU (182.3%)

PHY-1001 : End detail routing;  6.372234s wall, 3.421875s user + 0.078125s system = 3.500000s CPU (54.9%)

RUN-1003 : finish command "route" in  7.071964s wall, 3.812500s user + 0.093750s system = 3.906250s CPU (55.2%)

RUN-1004 : used memory is 507 MB, reserved memory is 490 MB, peak memory is 565 MB
RUN-1002 : start command "report_area -io_info -file pic_sdram_phy.area"
RUN-1001 : standard
***Report Model: top Device: EG4S20BG256***

IO Statistics
#IO                        47
  #input                    6
  #output                  37
  #inout                    4

Utilization Statistics
#lut                     1399   out of  19600    7.14%
#reg                     1041   out of  19600    5.31%
#le                      1801
  #lut only               760   out of   1801   42.20%
  #reg only               402   out of   1801   22.32%
  #lut&reg                639   out of   1801   35.48%
#dsp                        0   out of     29    0.00%
#bram                       2   out of     64    3.12%
  #bram9k                   2
  #fifo9k                   0
#bram32k                    0   out of     16    0.00%
#pad                       47   out of    188   25.00%
  #ireg                     1
  #oreg                    34
  #treg                     0
#pll                        2   out of      4   50.00%
#gclk                       2   out of     16   12.50%

Clock Resource Statistics
Index     ClockNet                 Type               DriverType         Driver                         Fanout
#1        U3/u2_ram/SDRAM_CLK      GCLK               pll                sys_pll_m0/pll_inst.clkc1      321
#2        sys_pll_m0/clk0_buf      GCLK               pll                sys_pll_m0/pll_inst.clkc0      269
#3        video_pll_m0/clk0_buf    GCLK               pll                video_pll_m0/pll_inst.clkc0    102
#4        clk_dup_1                GCLK               io                 clk_syn_2.di                   26


Detailed IO Report

       Name         Direction    Location    IOStandard    DriveStrength    PullType     PackReg   
       clk            INPUT         R7        LVCMOS33          N/A           NONE        NONE     
       key1           INPUT         B2        LVCMOS33          N/A           NONE        IREG     
       key2           INPUT         B1        LVCMOS33          N/A           NONE        NONE     
      rst_n           INPUT         A2        LVCMOS33          N/A           NONE        NONE     
     sd_miso          INPUT        B14        LVCMOS33          N/A           NONE        NONE     
     switch1          INPUT         C8        LVCMOS33          N/A           NONE        NONE     
    flash_cs_n       OUTPUT         P8        LVCMOS33           8            NONE        NONE     
    flash_sck        OUTPUT         M9        LVCMOS33           8            NONE        NONE     
     sd_dclk         OUTPUT        A14        LVCMOS33           8            NONE        OREG     
     sd_mosi         OUTPUT        A13        LVCMOS33           8            NONE        OREG     
      sd_ncs         OUTPUT        A12        LVCMOS33           8            NONE        OREG     
   seg_data[7]       OUTPUT         A6        LVCMOS33           8            NONE        NONE     
   seg_data[6]       OUTPUT         A7        LVCMOS33           8            NONE        OREG     
   seg_data[5]       OUTPUT         A8        LVCMOS33           8            NONE        OREG     
   seg_data[4]       OUTPUT         B5        LVCMOS33           8            NONE        OREG     
   seg_data[3]       OUTPUT         A5        LVCMOS33           8            NONE        OREG     
   seg_data[2]       OUTPUT         B6        LVCMOS33           8            NONE        OREG     
   seg_data[1]       OUTPUT        C16        LVCMOS33           8            NONE        OREG     
   seg_data[0]       OUTPUT        C15        LVCMOS33           8            NONE        OREG     
    seg_sel[5]       OUTPUT        D11        LVCMOS33           8            NONE        OREG     
    seg_sel[4]       OUTPUT        E11        LVCMOS33           8            NONE        OREG     
    seg_sel[3]       OUTPUT        F10        LVCMOS33           8            NONE        OREG     
    seg_sel[2]       OUTPUT        C13        LVCMOS33           8            NONE        OREG     
    seg_sel[1]       OUTPUT        E10        LVCMOS33           8            NONE        OREG     
    seg_sel[0]       OUTPUT        E12        LVCMOS33           8            NONE        OREG     
   vga_out_b[4]      OUTPUT         D5        LVCMOS33           8            NONE        OREG     
   vga_out_b[3]      OUTPUT         D6        LVCMOS33           8            NONE        OREG     
   vga_out_b[2]      OUTPUT         E6        LVCMOS33           8            NONE        OREG     
   vga_out_b[1]      OUTPUT         F6        LVCMOS33           8            NONE        OREG     
   vga_out_b[0]      OUTPUT        H16        LVCMOS25           8            N/A         OREG     
   vga_out_g[5]      OUTPUT         N6        LVCMOS33           8            NONE        OREG     
   vga_out_g[4]      OUTPUT         N5        LVCMOS33           8            NONE        OREG     
   vga_out_g[3]      OUTPUT         P5        LVCMOS33           8            NONE        OREG     
   vga_out_g[2]      OUTPUT         T5        LVCMOS33           8            NONE        OREG     
   vga_out_g[1]      OUTPUT        F14        LVCMOS25           8            N/A         OREG     
   vga_out_g[0]      OUTPUT         A4        LVCMOS33           8            N/A         OREG     
    vga_out_hs       OUTPUT         E7        LVCMOS33           8            NONE        OREG     
   vga_out_r[4]      OUTPUT        E13        LVCMOS33           8            NONE        OREG     
   vga_out_r[3]      OUTPUT         L8        LVCMOS33           8            NONE        OREG     
   vga_out_r[2]      OUTPUT         L7        LVCMOS33           8            NONE        OREG     
   vga_out_r[1]      OUTPUT         R5        LVCMOS33           8            NONE        OREG     
   vga_out_r[0]      OUTPUT         H5        LVCMOS33           8            N/A         OREG     
    vga_out_vs       OUTPUT         F7        LVCMOS33           8            NONE        OREG     
  flash_qspi_IO0      INOUT         P7        LVCMOS33           8            NONE        NONE     
  flash_qspi_IO1      INOUT         N8        LVCMOS33           8            NONE        NONE     
  flash_qspi_IO2      INOUT         P9        LVCMOS33           8            NONE        NONE     
  flash_qspi_IO3      INOUT         R9        LVCMOS33           8            NONE        NONE     
       dm0           OUTPUT        S14        LVCMOS25           8            NONE        OREG     
       cke           OUTPUT        S18        LVCMOS25           8            NONE        NONE     
       we_n          OUTPUT        S19        LVCMOS25           8            NONE        OREG     
      cas_n          OUTPUT        S20        LVCMOS25           8            NONE        OREG     
      ras_n          OUTPUT        S21        LVCMOS25           8            NONE        OREG     
       cs_n          OUTPUT        S22        LVCMOS25           8            NONE        NONE     
     addr[9]         OUTPUT        S23        LVCMOS25           8            NONE        OREG     
     addr[8]         OUTPUT        S24        LVCMOS25           8            NONE        OREG     
     addr[7]         OUTPUT        S25        LVCMOS25           8            NONE        OREG     
     addr[6]         OUTPUT        S26        LVCMOS25           8            NONE        OREG     
     addr[5]         OUTPUT        S27        LVCMOS25           8            NONE        OREG     
     addr[4]         OUTPUT        S28        LVCMOS25           8            NONE        OREG     
       dm2           OUTPUT        S29        LVCMOS25           8            NONE        OREG     
       dm3           OUTPUT        S61        LVCMOS25           8            NONE        OREG     
     addr[3]         OUTPUT        S64        LVCMOS25           8            NONE        OREG     
     addr[2]         OUTPUT        S65        LVCMOS25           8            NONE        OREG     
     addr[1]         OUTPUT        S66        LVCMOS25           8            NONE        OREG     
     addr[0]         OUTPUT        S67        LVCMOS25           8            NONE        OREG     
     addr[10]        OUTPUT        S68        LVCMOS25           8            NONE        OREG     
      ba[0]          OUTPUT        S69        LVCMOS25           8            NONE        OREG     
      ba[1]          OUTPUT        S70        LVCMOS25           8            NONE        OREG     
       clk           OUTPUT        S73        LVCMOS25           8            NONE        NONE     
       dm1           OUTPUT        S76        LVCMOS25           8            NONE        OREG     
      dq[0]           INOUT         S1        LVCMOS25           8           PULLUP     IREG;OREG  
      dq[6]           INOUT        S11        LVCMOS25           8           PULLUP     IREG;OREG  
      dq[7]           INOUT        S12        LVCMOS25           8           PULLUP     IREG;OREG  
      dq[1]           INOUT         S2        LVCMOS25           8           PULLUP     IREG;OREG  
      dq[23]          INOUT        S31        LVCMOS25           8           PULLUP       IREG     
      dq[22]          INOUT        S32        LVCMOS25           8           PULLUP       IREG     
      dq[21]          INOUT        S35        LVCMOS25           8           PULLUP       IREG     
      dq[20]          INOUT        S36        LVCMOS25           8           PULLUP       IREG     
      dq[19]          INOUT        S37        LVCMOS25           8           PULLUP       IREG     
      dq[18]          INOUT        S38        LVCMOS25           8           PULLUP       IREG     
      dq[17]          INOUT        S41        LVCMOS25           8           PULLUP       IREG     
      dq[16]          INOUT        S42        LVCMOS25           8           PULLUP       IREG     
      dq[31]          INOUT        S48        LVCMOS25           8           PULLUP       IREG     
      dq[30]          INOUT        S49        LVCMOS25           8           PULLUP       IREG     
      dq[2]           INOUT         S5        LVCMOS25           8           PULLUP     IREG;OREG  
      dq[29]          INOUT        S52        LVCMOS25           8           PULLUP       IREG     
      dq[28]          INOUT        S53        LVCMOS25           8           PULLUP       IREG     
      dq[27]          INOUT        S54        LVCMOS25           8           PULLUP       IREG     
      dq[26]          INOUT        S55        LVCMOS25           8           PULLUP       IREG     
      dq[25]          INOUT        S58        LVCMOS25           8           PULLUP       IREG     
      dq[24]          INOUT        S59        LVCMOS25           8           PULLUP       IREG     
      dq[3]           INOUT         S6        LVCMOS25           8           PULLUP     IREG;OREG  
      dq[4]           INOUT         S7        LVCMOS25           8           PULLUP     IREG;OREG  
      dq[8]           INOUT        S78        LVCMOS25           8           PULLUP     IREG;OREG  
      dq[9]           INOUT        S79        LVCMOS25           8           PULLUP     IREG;OREG  
      dq[5]           INOUT         S8        LVCMOS25           8           PULLUP     IREG;OREG  
      dq[10]          INOUT        S82        LVCMOS25           8           PULLUP     IREG;OREG  
      dq[11]          INOUT        S83        LVCMOS25           8           PULLUP     IREG;OREG  
      dq[12]          INOUT        S84        LVCMOS25           8           PULLUP     IREG;OREG  
      dq[13]          INOUT        S85        LVCMOS25           8           PULLUP     IREG;OREG  
      dq[14]          INOUT        S88        LVCMOS25           8           PULLUP     IREG;OREG  
      dq[15]          INOUT        S89        LVCMOS25           8           PULLUP     IREG;OREG  

Report Hierarchy Area:
+-------------------------------------------------------------------------------------------------------------------------------------+
|Instance                        |Module                                         |le     |lut     |ripple  |seq     |bram    |dsp     |
+-------------------------------------------------------------------------------------------------------------------------------------+
|top                             |top                                            |1801   |1194    |205     |1076    |2       |0       |
|  U3                            |sdram                                          |301    |85      |5       |289     |0       |0       |
|    u2_ram                      |sdr_as_ram                                     |301    |85      |5       |289     |0       |0       |
|      u1_init_ref               |sdr_init_ref                                   |89     |17      |5       |81      |0       |0       |
|      u2_wrrd                   |sdr_wrrd                                       |212    |68      |0       |208     |0       |0       |
|  frame_read_write_m0           |frame_read_write                               |356    |216     |73      |254     |2       |0       |
|    frame_fifo_read_m0          |frame_fifo_read                                |8      |6       |0       |7       |0       |0       |
|    frame_fifo_write_m0         |frame_fifo_write                               |104    |78      |23      |62      |0       |0       |
|    read_buf                    |afifo_16_256                                   |124    |67      |25      |95      |1       |0       |
|      ram_inst                  |ram_infer_afifo_16_256                         |0      |0       |0       |0       |1       |0       |
|      rd_to_wr_cross_inst       |fifo_cross_domain_addr_process_al_afifo_16_256 |36     |16      |0       |36      |0       |0       |
|      wr_to_rd_cross_inst       |fifo_cross_domain_addr_process_al_afifo_16_256 |31     |21      |0       |31      |0       |0       |
|    write_buf                   |afifo_16_256                                   |120    |65      |25      |90      |1       |0       |
|      ram_inst                  |ram_infer_afifo_16_256                         |0      |0       |0       |0       |1       |0       |
|      rd_to_wr_cross_inst       |fifo_cross_domain_addr_process_al_afifo_16_256 |32     |17      |0       |32      |0       |0       |
|      wr_to_rd_cross_inst       |fifo_cross_domain_addr_process_al_afifo_16_256 |31     |21      |0       |31      |0       |0       |
|  sd_card_bmp_m0                |sd_card_bmp                                    |945    |782     |97      |380     |0       |0       |
|    ax_debounce_m0              |ax_debounce                                    |60     |50      |9       |37      |0       |0       |
|    bmp_read_m0                 |bmp_read                                       |305    |209     |58      |167     |0       |0       |
|    sd_card_top_m0              |sd_card_top                                    |580    |523     |30      |176     |0       |0       |
|      sd_card_cmd_m0            |sd_card_cmd                                    |329    |304     |25      |51      |0       |0       |
|      sd_card_sec_read_write_m0 |sd_card_sec_read_write                         |176    |149     |0       |87      |0       |0       |
|      spi_master_m0             |spi_master                                     |75     |70      |5       |38      |0       |0       |
|  seg_scan_m0                   |seg_scan                                       |75     |53      |22      |21      |0       |0       |
|  sys_pll_m0                    |sys_pll                                        |0      |0       |0       |0       |0       |0       |
|  video_delay_m0                |video_delay                                    |78     |20      |0       |63      |0       |0       |
|  video_pll_m0                  |video_pll                                      |0      |0       |0       |0       |0       |0       |
|  video_timing_data_m0          |video_timing_data                              |46     |38      |8       |34      |0       |0       |
|    color_bar_m0                |color_bar                                      |40     |32      |8       |28      |0       |0       |
+-------------------------------------------------------------------------------------------------------------------------------------+


DataNet Average Fanout:

   Index     Fanout     Nets  
    #1          1       1364  
    #2          2       262   
    #3          3       133   
    #4          4       110   
    #5        5-10      144   
    #6        11-50      72   
    #7       101-500     1    
  Average     2.69            

RUN-1002 : start command "export_db pic_sdram_pr.db"
RUN-1001 : Exported /
RUN-1001 : Exported flow parameters
RUN-1001 : Exported libs
RUN-1001 : Exported entities
RUN-1001 : Exported ports
RUN-1001 : Exported pins
RUN-1001 : Exported instances
RUN-1001 : Exported nets
RUN-1001 : Exported buses
RUN-1001 : Exported models
RUN-1001 : Exported congestions
RUN-1001 : Exported violations
RUN-1001 : Exported timing constraints
RUN-1001 : Exported IO constraints
RUN-1001 : Exported Inst constraints
RUN-1002 : start command "start_timer"
TMR-2505 : Start building timing graph for model top.
TMR-2506 : Build timing graph completely. Port num: 22, tpin num: 8568, tnet num: 2153, tinst num: 1052, tnode num: 10965, tedge num: 14253.
TMR-2508 : Levelizing timing graph completed, there are 41 levels in total.
TMR-2501 : Timing graph initialized successfully.
RUN-1002 : start command "report_timing -mode FINAL -net_info -rpt_autogen true -file pic_sdram_phy.timing"
TMR-2503 : Start to update net delay, extr mode = 6.
TMR-2504 : Update delay of 2153 nets completely.
TMR-2502 : Annotate delay completely, extr mode = 6.
TMR-3001 : Initiate 4 clocks from SDC.
TMR-3004 : Map sdc constraints, there are 8 constraints in total.
TMR-3003 : Constraints initiated successfully.
TMR-3501 : Forward propagation: start to calculate arrival time...
TMR-3502 : Backward propagation: start to calculate required time...
TMR-3503 : Timing propagation completes.
TMR-3506 : Start to generate timing report.
TMR-1502 : Number of clock constraints = 4. Number of clock nets = 4 (0 unconstrainted).
TMR-3508 : Export timing summary.
TMR-3507 : Timing report generated successfully in pic_sdram_phy.timing, timing summary in pic_sdram_phy.tsm.
RUN-1002 : start command "export_bid pic_sdram_inst.bid"
PRG-1000 : <!-- HMAC is: 54b7019ecea91c3b82dae8f45267b3b86b1ac3f0bdeb4c721a823b05dd911fba -->
RUN-1002 : start command "bitgen -bit pic_sdram.bit"
BIT-1003 : Start to generate bitstream. 
BIT-1002 : Init instances with 16 threads.
BIT-1002 : Init instances completely, inst num: 1052
BIT-1002 : Init pips with 16 threads.
BIT-1002 : Init pips completely, net num: 2155, pip num: 19338
BIT-1002 : Init feedthrough with 16 threads.
BIT-1002 : Init feedthrough completely, num: 10
BIT-1003 : Multithreading accelaration with 16 threads.
BIT-1003 : Generate bitstream completely, there are 1915 valid insts, and 55316 bits set as '1'.
BIT-1004 : the usercode register value: 00000000111110110000000000000000
BIT-1004 : PLL setting string = 0110
BIT-1004 : Generate bits file pic_sdram.bit.
RUN-1003 : finish command "bitgen -bit pic_sdram.bit" in  2.597607s wall, 22.343750s user + 0.078125s system = 22.421875s CPU (863.2%)

RUN-1004 : used memory is 527 MB, reserved memory is 509 MB, peak memory is 706 MB
RUN-1002 : start command "backup_run_log run.log ../.logs/phy_1/td_20231219_204230.log"
