============================================================
   Tang Dynasty, V5.6.71036
      Copyright (c) 2012-2023 Anlogic Inc.
   Executable = D:/Program/Anlogic/TD5.6.2/bin/td.exe
   Built at =   20:34:38 Mar 21 2023
   Run by =     28408
   Run Date =   Tue Dec 19 16:24:30 2023

   Run on =     DESKTOP-T1B5OP5
============================================================
RUN-1002 : start command "open_project pic_sdram.prj"
RUN-1001 : Print Global Property
RUN-1001 : ---------------------------------------------------------------
RUN-1001 :        Parameters        |  Settings  |  Default Values  |  Note  
RUN-1001 : ---------------------------------------------------------------
RUN-1001 :          message         |  standard  |     standard     |        
RUN-1001 :   mixed_pack_place_flow  |     on     |        on        |        
RUN-1001 :        qor_monitor       |    off     |       off        |        
RUN-1001 :        syn_ip_flow       |    off     |       off        |        
RUN-1001 :          thread          |    auto    |       auto       |        
RUN-1001 : ---------------------------------------------------------------
RUN-1001 : Print Design Property
RUN-1001 : --------------------------------------------------------------
RUN-1001 :        Parameters       |  Settings  |  Default Values  |  Note  
RUN-1001 : --------------------------------------------------------------
RUN-1001 :   default_reg_initial   |    auto    |       auto       |        
RUN-1001 :        infer_add        |     on     |        on        |        
RUN-1001 :        infer_fsm        |    off     |       off        |        
RUN-1001 :        infer_mult       |     on     |        on        |        
RUN-1001 :        infer_ram        |     on     |        on        |        
RUN-1001 :        infer_reg        |     on     |        on        |        
RUN-1001 :   infer_reg_init_value  |     on     |        on        |        
RUN-1001 :        infer_rom        |     on     |        on        |        
RUN-1001 :      infer_shifter      |     on     |        on        |        
RUN-1001 : --------------------------------------------------------------
RUN-1001 : Print Rtl Property
RUN-1001 : --------------------------------------------------------------
RUN-1001 :        Parameters       |  Settings  |  Default Values  |  Note  
RUN-1001 : --------------------------------------------------------------
RUN-1001 :       compress_add      |   ripple   |      ripple      |        
RUN-1001 :        elf_sload        |    off     |       off        |        
RUN-1001 :       fix_undriven      |     0      |        0         |        
RUN-1001 :         flatten         |    off     |       off        |        
RUN-1001 :       gate_sharing      |     on     |        on        |        
RUN-1001 :    hdl_warning_level    |   normal   |      normal      |        
RUN-1001 :   impl_internal_tribuf  |     on     |        on        |        
RUN-1001 :      impl_set_reset     |     on     |        on        |        
RUN-1001 :        infer_gsr        |    off     |       off        |        
RUN-1001 :      keep_hierarchy     |    auto    |       auto       |        
RUN-1001 :        max_fanout       |    9999    |       9999       |        
RUN-1001 :      max_oh2bin_len     |     10     |        10        |        
RUN-1001 :       merge_equal       |     on     |        on        |        
RUN-1001 :       merge_equiv       |     on     |        on        |        
RUN-1001 :        merge_mux        |    off     |       off        |        
RUN-1001 :     min_control_set     |     8      |        8         |        
RUN-1001 :      min_ripple_len     |    auto    |       auto       |        
RUN-1001 :       oh2bin_ratio      |    0.08    |       0.08       |        
RUN-1001 :     opt_adder_fanout    |     on     |        on        |        
RUN-1001 :        opt_arith        |     on     |        on        |        
RUN-1001 :       opt_big_gate      |    off     |       off        |        
RUN-1001 :        opt_const        |     on     |        on        |        
RUN-1001 :      opt_const_mult     |     on     |        on        |        
RUN-1001 :       opt_lessthan      |     on     |        on        |        
RUN-1001 :         opt_mux         |    off     |       off        |        
RUN-1001 :         opt_ram         |    high    |       high       |        
RUN-1001 :      rtl_sim_model      |    off     |       off        |        
RUN-1001 :         seq_syn         |     on     |        on        |        
RUN-1001 : --------------------------------------------------------------
HDL-1007 : analyze verilog file ../../al_ip/sys_pll.v
HDL-1007 : undeclared symbol 'open', assumed default net type 'wire' in ../../al_ip/sys_pll.v(77)
HDL-1007 : analyze verilog file ../../al_ip/video_pll.v
HDL-1007 : undeclared symbol 'open', assumed default net type 'wire' in ../../al_ip/video_pll.v(63)
HDL-1007 : analyze verilog file ../../al_ip/afifo_16_256.v
HDL-1007 : analyze verilog file ../../src/ax_debounce.v
HDL-1007 : analyze verilog file ../../src/bmp_read.v
HDL-1007 : analyze verilog file ../../src/color_bar.v
HDL-1007 : analyze included file ../../src/video_define.v in ../../src/color_bar.v(2)
HDL-1007 : back to file '../../src/color_bar.v' in ../../src/color_bar.v(2)
HDL-1007 : analyze verilog file ../../src/frame_fifo_read.v
HDL-1007 : analyze verilog file ../../src/frame_fifo_write.v
HDL-1007 : analyze verilog file ../../src/sd_card/sd_card_cmd.v
HDL-1007 : analyze verilog file ../../src/sd_card/sd_card_sec_read_write.v
HDL-1007 : analyze verilog file ../../src/sd_card/sd_card_top.v
HDL-1007 : analyze verilog file ../../src/sd_card/spi_master.v
HDL-1007 : analyze verilog file ../../src/sd_card_bmp.v
HDL-1007 : analyze verilog file ../../src/seg_decoder.v
HDL-1007 : analyze verilog file ../../src/seg_scan.v
HDL-1007 : analyze verilog file ../../src/top.v
HDL-1007 : undeclared symbol 'sdram_clk', assumed default net type 'wire' in ../../src/top.v(102)
HDL-1007 : analyze verilog file ../../src/video_timing_data.v
HDL-1007 : analyze verilog file ../../src/sdram_r/sdram_para.v
HDL-1007 : analyze verilog file ../../src/sdram/enc_file/global_def.v
HDL-1007 : analyze verilog file ../../src/sdram/enc_file/sdr_as_ram.enc.v
Copyright (c) 1998-2019 The OpenSSL Project.  All rights reserved.
This product includes software developed by the OpenSSL Project
for use in the OpenSSL Toolkit (http://www.openssl.org/)
Copyright (C) 1995-1998 Eric Young (eay@cryptsoft.com)
All rights reserved.
This product includes cryptographic software written by Eric Young (eay@cryptsoft.com)
HDL-1007 : back to file '../../src/sdram/enc_file/sdr_as_ram.enc.v' in ../../src/sdram/enc_file/sdr_as_ram.enc.v(148)
HDL-1007 : analyze verilog file ../../src/sdram/enc_file/sdr_init_ref.enc.v
HDL-1007 : undeclared symbol '**', assumed default net type '**' in encrypted_text(0)
HDL-1007 : back to file '../../src/sdram/enc_file/sdr_init_ref.enc.v' in ../../src/sdram/enc_file/sdr_init_ref.enc.v(242)
HDL-5007 WARNING: concatenation with an unsized literal will be treated as 32 bits in encrypted_text(0)
HDL-1007 : analyze verilog file ../../src/sdram/enc_file/sdr_wrrd.enc.v
HDL-5007 WARNING: concatenation with an unsized literal will be treated as 32 bits in encrypted_text(0)
HDL-1007 : back to file '../../src/sdram/enc_file/sdr_wrrd.enc.v' in ../../src/sdram/enc_file/sdr_wrrd.enc.v(255)
HDL-1007 : analyze verilog file ../../src/sdram/sdram.v
HDL-1007 : analyze included file D:\Projects\2023_10_10_HX4S20_test\spi_FLASH_SDRAM_pic\HX4S20\/./src/sdram/enc_file/global_def.v in ../../src/sdram/sdram.v(10)
HDL-1007 : back to file '../../src/sdram/sdram.v' in ../../src/sdram/sdram.v(10)
HDL-1007 : undeclared symbol 'Sdr_busy', assumed default net type 'wire' in ../../src/sdram/sdram.v(63)
HDL-1007 : undeclared symbol 'SDR_CKE', assumed default net type 'wire' in ../../src/sdram/sdram.v(88)
HDL-1007 : analyze verilog file ../../src/frame_read_write.v
RUN-1001 : Project manager successfully analyzed 25 source files.
RUN-1002 : start command "import_device eagle_s20.db -package EG4S20BG256"
ARC-1001 : Device Initialization.
ARC-1001 : ------------------------------------------------------------------
ARC-1001 :            OPTION            |          IO          |   SETTING   
ARC-1001 : ------------------------------------------------------------------
ARC-1001 :   cso_b/cclk/mosi/miso/dout  |  T3/R11/T10/P10/S11  |    gpio    
ARC-1001 :             done             |         P13          |    gpio    
ARC-1001 :           program_b          |          T2          |  dedicate  
ARC-1001 :        tdi/tms/tck/tdo       |   C12/A15/C14/E14    |  dedicate  
ARC-1001 : ------------------------------------------------------------------
ARC-1004 : Device setting, marked 5 dedicate IOs in total.
RUN-1002 : start command "import_db ../syn_1/pic_sdram_gate.db"
RUN-1001 : Importing database generated by Tang Dynasty, V5.6.71036.
RUN-1001 : Database version number 46146.
RUN-1001 : Import flow parameters
RUN-1001 : Import timing constraints
RUN-1001 : Import IO constraints
RUN-1001 : Import Inst constraints
RUN-1001 : Import design success TD_VERSION=5.6.71036 , DB_VERSION=46146
RUN-1002 : start command "read_sdc ../../top.sdc"
RUN-1002 : start command "get_ports clk"
RUN-1002 : start command "create_clock -name clk -period 20 -waveform 0 10 "
RUN-1102 : create_clock: clock name: clk, type: 0, period: 20000, rise: 0, fall: 10000.
RUN-1002 : start command "derive_pll_clocks"
USR-1002 : Gen clock cmd:  create_generated_clock -name {sys_pll_m0/pll_inst.clkc[0]} -source [get_ports {clk}] -master_clock {clk} -multiply_by 2.0000 [get_pins {sys_pll_m0/pll_inst.clkc[0]}]
RUN-1002 : start command "get_ports clk"
RUN-1002 : start command "get_pins sys_pll_m0/pll_inst.clkc[0]"
RUN-1002 : start command "create_generated_clock -name sys_pll_m0/pll_inst.clkc[0] -source  -master_clock clk -multiply_by 2.0000 "
USR-1002 : Gen clock cmd:  create_generated_clock -name {sys_pll_m0/pll_inst.clkc[1]} -source [get_ports {clk}] -master_clock {clk} -multiply_by 2.0000 [get_pins {sys_pll_m0/pll_inst.clkc[1]}]
RUN-1002 : start command "get_ports clk"
RUN-1002 : start command "get_pins sys_pll_m0/pll_inst.clkc[1]"
RUN-1002 : start command "create_generated_clock -name sys_pll_m0/pll_inst.clkc[1] -source  -master_clock clk -multiply_by 2.0000 "
USR-1002 : Gen clock cmd:  create_generated_clock -name {video_pll_m0/pll_inst.clkc[0]} -source [get_ports {clk}] -master_clock {clk} -divide_by 2.0000 [get_pins {video_pll_m0/pll_inst.clkc[0]}]
RUN-1002 : start command "get_ports clk"
RUN-1002 : start command "get_pins video_pll_m0/pll_inst.clkc[0]"
RUN-1002 : start command "create_generated_clock -name video_pll_m0/pll_inst.clkc[0] -source  -master_clock clk -divide_by 2.0000 "
RUN-1002 : start command "get_ports clk"
RUN-1002 : start command "get_pins sys_pll_m0/pll_inst.clkc[0]"
RUN-1002 : start command "rename_clock -name sd_card_clk -source  -master_clock clk "
RUN-1105 : Rename Clock: clock sys_pll_m0/pll_inst.clkc[0] was renamed, new name is sd_card_clk.
RUN-1002 : start command "get_ports clk"
RUN-1002 : start command "get_pins sys_pll_m0/pll_inst.clkc[1]"
RUN-1002 : start command "rename_clock -name ext_mem_clk -source  -master_clock clk "
RUN-1105 : Rename Clock: clock sys_pll_m0/pll_inst.clkc[1] was renamed, new name is ext_mem_clk.
RUN-1002 : start command "get_ports clk"
RUN-1002 : start command "get_pins sys_pll_m0/pll_inst.clkc[2]"
RUN-1002 : start command "rename_clock -name flash_sys_clk -source  -master_clock clk "
RUN-1107 : Rename Clock: new clock flash_sys_clk is created by rename_clock temporarily.
RUN-1002 : start command "get_ports clk"
RUN-1002 : start command "get_pins video_pll_m0/pll_inst.clkc[0]"
RUN-1002 : start command "rename_clock -name video_clk -source  -master_clock clk "
RUN-1105 : Rename Clock: clock video_pll_m0/pll_inst.clkc[0] was renamed, new name is video_clk.
RUN-1002 : start command "read_sdc -ip afifo_16_256 ../../al_ip/afifo_16_256.tcl"
RUN-1002 : start command "get_ports clkw"
RUN-1002 : start command "get_nets  clkw  "
RUN-1002 : start command "get_clocks -nowarn -of nets 8967891714048"
RUN-1002 : start command "get_ports clkr"
RUN-1002 : start command "get_nets  clkr  "
RUN-1002 : start command "get_clocks -nowarn -of nets 18262200942592"
RUN-1002 : start command "get_property -nowarn -max PERIOD "
RUN-1002 : start command "get_property -nowarn -max PERIOD "
RUN-1002 : start command "get_regs rd_to_wr_cross_inst/primary_addr_gray_reg[*]"
RUN-1002 : start command "get_regs rd_to_wr_cross_inst/sync_r1[*]"
RUN-1002 : start command "set_max_delay -from  -to  9.6999999999999993 -datapath_only"
RUN-1002 : start command "get_regs rd_to_wr_cross_inst/primary_addr_gray_reg[*]"
RUN-1002 : start command "get_regs rd_to_wr_cross_inst/sync_r1[*]"
RUN-1002 : start command "set_false_path -from  -to  -hold 9.6999999999999993"
USR-1002 : set_false_path -help -setup -hold -from <list> -rise_from <list> -fall_from <list> -to <list> -rise_to <list> -fall_to <list> -through <list>
RUN-1002 : start command "get_regs wr_to_rd_cross_inst/primary_addr_gray_reg[*]"
RUN-1002 : start command "get_regs wr_to_rd_cross_inst/sync_r1[*]"
RUN-1002 : start command "set_max_delay -from  -to  9.6999999999999993 -datapath_only"
RUN-1002 : start command "get_regs wr_to_rd_cross_inst/primary_addr_gray_reg[*]"
RUN-1002 : start command "get_regs wr_to_rd_cross_inst/sync_r1[*]"
RUN-1002 : start command "set_false_path -from  -to  -hold 9.6999999999999993"
USR-1002 : set_false_path -help -setup -hold -from <list> -rise_from <list> -fall_from <list> -to <list> -rise_to <list> -fall_to <list> -through <list>
RUN-1002 : start command "get_ports clkw"
RUN-1002 : start command "get_nets  clkw  "
RUN-1002 : start command "get_clocks -nowarn -of nets 24451248816128"
RUN-1002 : start command "get_ports clkr"
RUN-1002 : start command "get_nets  clkr  "
RUN-1002 : start command "get_clocks -nowarn -of nets 8967891714048"
RUN-1002 : start command "get_property -nowarn -max PERIOD "
RUN-1002 : start command "get_property -nowarn -max PERIOD "
RUN-1002 : start command "get_regs rd_to_wr_cross_inst/primary_addr_gray_reg[*]"
RUN-1002 : start command "get_regs rd_to_wr_cross_inst/sync_r1[*]"
RUN-1002 : start command "set_max_delay -from  -to  9.6999999999999993 -datapath_only"
RUN-1002 : start command "get_regs rd_to_wr_cross_inst/primary_addr_gray_reg[*]"
RUN-1002 : start command "get_regs rd_to_wr_cross_inst/sync_r1[*]"
RUN-1002 : start command "set_false_path -from  -to  -hold 9.6999999999999993"
USR-1002 : set_false_path -help -setup -hold -from <list> -rise_from <list> -fall_from <list> -to <list> -rise_to <list> -fall_to <list> -through <list>
RUN-1002 : start command "get_regs wr_to_rd_cross_inst/primary_addr_gray_reg[*]"
RUN-1002 : start command "get_regs wr_to_rd_cross_inst/sync_r1[*]"
RUN-1002 : start command "set_max_delay -from  -to  9.6999999999999993 -datapath_only"
RUN-1002 : start command "get_regs wr_to_rd_cross_inst/primary_addr_gray_reg[*]"
RUN-1002 : start command "get_regs wr_to_rd_cross_inst/sync_r1[*]"
RUN-1002 : start command "set_false_path -from  -to  -hold 9.6999999999999993"
USR-1002 : set_false_path -help -setup -hold -from <list> -rise_from <list> -fall_from <list> -to <list> -rise_to <list> -fall_to <list> -through <list>
RUN-1002 : start command "place"
RUN-1001 : Open license file D:/Program/Anlogic/TD5.6.2/license/Anlogic.lic
RUN-1001 : Print Global Property
RUN-1001 : ---------------------------------------------------------------
RUN-1001 :        Parameters        |  Settings  |  Default Values  |  Note  
RUN-1001 : ---------------------------------------------------------------
RUN-1001 :          message         |  standard  |     standard     |        
RUN-1001 :   mixed_pack_place_flow  |     on     |        on        |        
RUN-1001 :        qor_monitor       |    off     |       off        |        
RUN-1001 :        syn_ip_flow       |    off     |       off        |        
RUN-1001 :          thread          |    auto    |       auto       |        
RUN-1001 : ---------------------------------------------------------------
RUN-1001 : Print Place Property
RUN-1001 : --------------------------------------------------------------
RUN-1001 :        Parameters       |  Settings  |  Default Values  |  Note  
RUN-1001 : --------------------------------------------------------------
RUN-1001 :      detailed_place     |     on     |        on        |        
RUN-1001 :          effort         |   medium   |      medium      |        
RUN-1001 :         fix_hold        |    off     |       off        |        
RUN-1001 :       legalization      |    ori     |       ori        |        
RUN-1001 :      new_spreading      |     on     |        on        |        
RUN-1001 :        opt_timing       |   medium   |      medium      |        
RUN-1001 :   post_clock_route_opt  |    off     |       off        |        
RUN-1001 :       pr_strategy       |     1      |        1         |        
RUN-1001 :        relaxation       |    1.00    |       1.00       |        
RUN-1001 :         retiming        |    off     |       off        |        
RUN-1001 : --------------------------------------------------------------
PHY-3001 : Placer runs in 16 thread(s).
RUN-1002 : start command "legalize_phy_inst"
SYN-1011 : Flatten model top
SYN-5055 WARNING: The kept net frame_read_write_m0/frame_fifo_read_m0/App_rd_en_d0 will be merged to another kept net U3/App_rd_en
SYN-5055 WARNING: The kept net U3/u2_ram/u2_wrrd/App_rd_en will be merged to another kept net U3/App_rd_en
SYN-5055 WARNING: The kept net frame_read_write_m0/Sdr_rd_dout[15] will be merged to another kept net U3/Sdr_rd_dout[15]
SYN-5055 WARNING: The kept net frame_read_write_m0/Sdr_rd_dout[14] will be merged to another kept net U3/Sdr_rd_dout[14]
SYN-5055 WARNING: The kept net frame_read_write_m0/Sdr_rd_dout[13] will be merged to another kept net U3/Sdr_rd_dout[13]
SYN-5055 WARNING: The kept net frame_read_write_m0/Sdr_rd_dout[12] will be merged to another kept net U3/Sdr_rd_dout[12]
SYN-5055 WARNING: The kept net frame_read_write_m0/Sdr_rd_dout[11] will be merged to another kept net U3/Sdr_rd_dout[11]
SYN-5055 WARNING: The kept net frame_read_write_m0/Sdr_rd_dout[10] will be merged to another kept net U3/Sdr_rd_dout[10]
SYN-5055 WARNING: The kept net frame_read_write_m0/Sdr_rd_dout[9] will be merged to another kept net U3/Sdr_rd_dout[9]
SYN-5055 WARNING: The kept net frame_read_write_m0/Sdr_rd_dout[8] will be merged to another kept net U3/Sdr_rd_dout[8]
SYN-5055 Similar messages will be suppressed.
RUN-1002 : start command "phys_opt -simplify_lut"
SYN-1032 : 2796/1 useful/useless nets, 2420/0 useful/useless insts
SYN-4016 : Net frame_read_write_m0/write_buf/clkw driven by BUFG (429 clock/control pins, 1 other pins).
SYN-4016 : Net frame_read_write_m0/read_buf/clkr driven by BUFG (98 clock/control pins, 1 other pins).
SYN-4027 : Net U3/u2_ram/SDRAM_CLK is clkc1 of pll sys_pll_m0/pll_inst.
SYN-4019 : Net clk_dup_1 is refclk of pll sys_pll_m0/pll_inst.
SYN-4020 : Net clk_dup_1 is fbclk of pll sys_pll_m0/pll_inst.
SYN-4019 : Net clk_dup_1 is refclk of pll video_pll_m0/pll_inst.
SYN-4020 : Net clk_dup_1 is fbclk of pll video_pll_m0/pll_inst.
SYN-4025 : Tag rtl::Net U3/u2_ram/SDRAM_CLK as clock net
SYN-4025 : Tag rtl::Net clk_dup_1 as clock net
SYN-4025 : Tag rtl::Net frame_read_write_m0/read_buf/clkr as clock net
SYN-4025 : Tag rtl::Net frame_read_write_m0/write_buf/clkw as clock net
SYN-4026 : Tagged 4 rtl::Net as clock net
PHY-1001 : Populate physical database on model top.
RUN-1001 : There are total 2420 instances
RUN-0007 : 1038 luts, 1041 seqs, 147 mslices, 83 lslices, 102 pads, 2 brams, 0 dsps
RUN-1001 : There are total 2796 nets
RUN-6004 WARNING: There are 16 nets with only 1 pin.
RUN-1001 : 1989 nets have 2 pins
RUN-1001 : 563 nets have [3 - 5] pins
RUN-1001 : 127 nets have [6 - 10] pins
RUN-1001 : 53 nets have [11 - 20] pins
RUN-1001 : 43 nets have [21 - 99] pins
RUN-1001 : 5 nets have 100+ pins
RUN-1001 : Report Control nets information:
RUN-1001 : DFF Distribution
RUN-1001 : ----------------------------------
RUN-1001 :   CE   |  SSR  |  ASR  |  DFF Count  
RUN-1001 : ----------------------------------
RUN-1001 :   No   |  No   |  No   |     254     
RUN-1001 :   No   |  No   |  Yes  |     486     
RUN-1001 :   No   |  Yes  |  No   |     65      
RUN-1001 :   Yes  |  No   |  No   |     16      
RUN-1001 :   Yes  |  No   |  Yes  |     202     
RUN-1001 :   Yes  |  Yes  |  No   |     18      
RUN-1001 : ----------------------------------
RUN-0007 : Control Group Statistic
RUN-0007 : ---------------------------
RUN-0007 :   #CLK  |  #CE  |  #SSR/ASR  
RUN-0007 : ---------------------------
RUN-0007 :    4    |  21   |     8      
RUN-0007 : ---------------------------
RUN-0007 : Control Set = 33
PHY-3001 : Initial placement ...
PHY-3001 : design contains 2418 instances, 1038 luts, 1041 seqs, 230 slices, 35 macros(230 instances: 147 mslices 83 lslices)
PHY-0007 : Cell area utilization is 7%
PHY-3001 : Start timing update ...
RUN-1002 : start command "start_timer -report"
TMR-2505 : Start building timing graph for model top.
TMR-2506 : Build timing graph completely. Port num: 22, tpin num: 10898, tnet num: 2794, tinst num: 2418, tnode num: 14206, tedge num: 17281.
TMR-2508 : Levelizing timing graph completed, there are 43 levels in total.
TMR-2501 : Timing graph initialized successfully.
TMR-2503 : Start to update net delay, extr mode = 2.
TMR-2504 : Update delay of 2794 nets completely.
TMR-2502 : Annotate delay completely, extr mode = 2.
TMR-3001 : Initiate 4 clocks from SDC.
TMR-3004 : Map sdc constraints, there are 8 constraints in total.
TMR-3003 : Constraints initiated successfully.
TMR-3501 : Forward propagation: start to calculate arrival time...
TMR-3502 : Backward propagation: start to calculate required time...
TMR-3503 : Timing propagation completes.
PHY-3001 : End timing update;  0.432104s wall, 0.281250s user + 0.000000s system = 0.281250s CPU (65.1%)

PHY-3001 : Global placement ...
PHY-3001 : Initial: Len = 648934
PHY-3001 : Clustering ...
PHY-3001 : Level 0 #clusters 2418.
PHY-3001 : End clustering;  0.000007s wall, 0.000000s user + 0.000000s system = 0.000000s CPU (n/a%)

PHY-3001 : Run with size of 4
PHY-3001 : Cell area utilization is 7%
PHY-3001 : :::0::: Try harder cell spreading with beta_ = 0
PHY-3002 : Step(1): len = 513729, overlap = 2.25
PHY-3002 : Step(2): len = 422611, overlap = 4.5
PHY-3002 : Step(3): len = 374268, overlap = 2.25
PHY-3002 : Step(4): len = 337323, overlap = 2.25
PHY-3002 : Step(5): len = 304475, overlap = 2.25
PHY-3002 : Step(6): len = 273395, overlap = 2.25
PHY-3002 : Step(7): len = 243032, overlap = 5.875
PHY-3002 : Step(8): len = 219053, overlap = 9.6875
PHY-3002 : Step(9): len = 191406, overlap = 7.875
PHY-3002 : Step(10): len = 165889, overlap = 7.40625
PHY-3002 : Step(11): len = 151190, overlap = 14.6875
PHY-3002 : Step(12): len = 137585, overlap = 21.5938
PHY-3002 : Step(13): len = 123039, overlap = 23.5
PHY-3002 : Step(14): len = 115952, overlap = 23.6875
PHY-3002 : Step(15): len = 106572, overlap = 23.7188
PHY-3002 : Step(16): len = 100331, overlap = 23.1562
PHY-3002 : Step(17): len = 95608.2, overlap = 22.375
PHY-3002 : Step(18): len = 90398.9, overlap = 23.125
PHY-3001 : :::1::: Try harder cell spreading with beta_ = 0.00102518
PHY-3002 : Step(19): len = 91779.1, overlap = 22.1875
PHY-3002 : Step(20): len = 91778.9, overlap = 20.0312
PHY-3002 : Step(21): len = 88473.9, overlap = 17.8438
PHY-3002 : Step(22): len = 84844.9, overlap = 22.4062
PHY-3002 : Step(23): len = 84138.4, overlap = 22.5
PHY-3002 : Step(24): len = 83461.2, overlap = 22.6875
PHY-3001 : :::2::: Try harder cell spreading with beta_ = 0.00205036
PHY-3002 : Step(25): len = 83453.3, overlap = 22.6875
PHY-3002 : Step(26): len = 82520.7, overlap = 20.4375
PHY-3002 : Step(27): len = 82262.1, overlap = 20.375
PHY-3001 : :::3::: Try harder cell spreading with beta_ = 0.00410072
PHY-3002 : Step(28): len = 81956.8, overlap = 20.3125
PHY-3002 : Step(29): len = 81772.6, overlap = 20.125
PHY-3001 : :::4::: Try harder cell spreading with beta_ = 0.00820145
PHY-3002 : Step(30): len = 81839.5, overlap = 20.125
PHY-3002 : Step(31): len = 81802.7, overlap = 20
PHY-3001 : :::5::: Try harder cell spreading with beta_ = 0.0164029
PHY-3002 : Step(32): len = 81557.8, overlap = 19.9062
PHY-3002 : Step(33): len = 81434.1, overlap = 19.8125
PHY-3001 : :::6::: Try harder cell spreading with beta_ = 0.0328058
PHY-3002 : Step(34): len = 81411.6, overlap = 19.8125
PHY-3002 : Step(35): len = 81060.4, overlap = 21.875
PHY-3001 : Legalization ...
PHY-3001 : End legalization;  0.004760s wall, 0.000000s user + 0.000000s system = 0.000000s CPU (n/a%)

PHY-3001 : Run with size of 4
PHY-3001 : Cell area utilization is 9%
PHY-3001 : Update timing in Manhattan mode ...
TMR-2503 : Start to update net delay, extr mode = 3.
TMR-2504 : Update delay of 2794 nets completely.
TMR-2502 : Annotate delay completely, extr mode = 3.
TMR-3501 : Forward propagation: start to calculate arrival time...
TMR-3502 : Backward propagation: start to calculate required time...
TMR-3503 : Timing propagation completes.
PHY-3001 : End timing update;  0.053095s wall, 0.000000s user + 0.000000s system = 0.000000s CPU (n/a%)

PHY-3001 : :::0::: Try harder cell spreading with beta_ = 3.2696e-05
PHY-3002 : Step(36): len = 81336, overlap = 29.9688
PHY-3002 : Step(37): len = 81305.4, overlap = 30.5938
PHY-3002 : Step(38): len = 79872.3, overlap = 29.7188
PHY-3002 : Step(39): len = 79154.1, overlap = 29.0938
PHY-3002 : Step(40): len = 78045.4, overlap = 28.4688
PHY-3002 : Step(41): len = 77206.5, overlap = 28.7188
PHY-3002 : Step(42): len = 76402.1, overlap = 28.8125
PHY-3002 : Step(43): len = 76092.9, overlap = 28.6562
PHY-3002 : Step(44): len = 75017, overlap = 29.125
PHY-3002 : Step(45): len = 74300.9, overlap = 30.1875
PHY-3002 : Step(46): len = 73292.8, overlap = 32.625
PHY-3002 : Step(47): len = 72152.5, overlap = 32.9062
PHY-3002 : Step(48): len = 71296.9, overlap = 33.125
PHY-3002 : Step(49): len = 70429, overlap = 36.5625
PHY-3002 : Step(50): len = 69590.5, overlap = 38.4688
PHY-3002 : Step(51): len = 68657.3, overlap = 40.75
PHY-3002 : Step(52): len = 67542.6, overlap = 44.9375
PHY-3002 : Step(53): len = 66413.9, overlap = 44.75
PHY-3002 : Step(54): len = 65357.4, overlap = 44.2188
PHY-3002 : Step(55): len = 64660, overlap = 44.7188
PHY-3002 : Step(56): len = 63783.4, overlap = 46.25
PHY-3002 : Step(57): len = 63039.6, overlap = 47.5625
PHY-3002 : Step(58): len = 62208.7, overlap = 46.8125
PHY-3001 : :::1::: Try harder cell spreading with beta_ = 6.53919e-05
PHY-3002 : Step(59): len = 61971.2, overlap = 47.2188
PHY-3002 : Step(60): len = 61971.2, overlap = 47.2188
PHY-3001 : :::2::: Try harder cell spreading with beta_ = 0.000130784
PHY-3002 : Step(61): len = 62462.7, overlap = 47.75
PHY-3002 : Step(62): len = 62679, overlap = 47.875
PHY-3002 : Step(63): len = 62959.3, overlap = 49.375
PHY-3002 : Step(64): len = 63152.5, overlap = 49.3438
PHY-3002 : Step(65): len = 63681.6, overlap = 49.4062
PHY-3002 : Step(66): len = 63168.8, overlap = 48.5
PHY-3002 : Step(67): len = 63100.2, overlap = 48.4375
PHY-3001 : Run with size of 2
PHY-3001 : Cell area utilization is 9%
PHY-3001 : Update timing in Manhattan mode ...
TMR-2503 : Start to update net delay, extr mode = 3.
TMR-2504 : Update delay of 2794 nets completely.
TMR-2502 : Annotate delay completely, extr mode = 3.
TMR-3501 : Forward propagation: start to calculate arrival time...
TMR-3502 : Backward propagation: start to calculate required time...
TMR-3503 : Timing propagation completes.
PHY-3001 : End timing update;  0.059825s wall, 0.062500s user + 0.000000s system = 0.062500s CPU (104.5%)

PHY-3001 : :::0::: Try harder cell spreading with beta_ = 4.52747e-05
PHY-3002 : Step(68): len = 62927.3, overlap = 93.625
PHY-3002 : Step(69): len = 63050.6, overlap = 89.25
PHY-3002 : Step(70): len = 63222.5, overlap = 85.9688
PHY-3002 : Step(71): len = 63938, overlap = 87.8438
PHY-3002 : Step(72): len = 64504.5, overlap = 82.1562
PHY-3002 : Step(73): len = 63898.9, overlap = 83.25
PHY-3001 : :::1::: Try harder cell spreading with beta_ = 9.05494e-05
PHY-3002 : Step(74): len = 63906.9, overlap = 72.5312
PHY-3002 : Step(75): len = 64150.3, overlap = 64.375
PHY-3001 : :::2::: Try harder cell spreading with beta_ = 0.000181099
PHY-3002 : Step(76): len = 65244.8, overlap = 55.5625
PHY-3002 : Step(77): len = 66707.7, overlap = 59.4375
PHY-3002 : Step(78): len = 67647.5, overlap = 53.0938
PHY-3002 : Step(79): len = 68194.2, overlap = 48.1562
PHY-3002 : Step(80): len = 68474, overlap = 46.125
PHY-3002 : Step(81): len = 67718.1, overlap = 46.375
PHY-3002 : Step(82): len = 67344.8, overlap = 45.5938
PHY-3002 : Step(83): len = 66361.9, overlap = 46.8125
PHY-3001 : :::3::: Try harder cell spreading with beta_ = 0.000362198
PHY-3002 : Step(84): len = 66826.5, overlap = 44.8438
PHY-3002 : Step(85): len = 67026, overlap = 44.3438
PHY-3002 : Step(86): len = 67327.2, overlap = 41.6875
PHY-3001 : :::4::: Try harder cell spreading with beta_ = 0.000724396
PHY-3002 : Step(87): len = 67888.5, overlap = 40.5625
PHY-3002 : Step(88): len = 68241.9, overlap = 41.1562
OPT-1001 : Start physical optimization ...
RUN-1002 : start command "start_timer -report"
TMR-2505 : Start building timing graph for model top.
TMR-2506 : Build timing graph completely. Port num: 22, tpin num: 10898, tnet num: 2794, tinst num: 2418, tnode num: 14206, tedge num: 17281.
TMR-2508 : Levelizing timing graph completed, there are 43 levels in total.
TMR-2501 : Timing graph initialized successfully.
OPT-1001 : Total overflow 117.12 peak overflow 4.84
OPT-1001 : Start high-fanout net optimization ...
OPT-1001 : Update timing in global mode
PHY-1001 : Start incremental global routing, caller is place ...
RUN-1001 : Generating global routing grids ...
RUN-1001 : Building simple global routing graph ...
PHY-1001 : Generate routing nets ...
PHY-1001 : Reuse net number 0/2796.
PHY-1001 : Global iterations in 16 thread ...
PHY-1002 : len = 76144, over cnt = 229(0%), over = 839, worst = 18
PHY-1001 : End global iterations;  0.088609s wall, 0.015625s user + 0.000000s system = 0.015625s CPU (17.6%)

PHY-1001 : Congestion index: top1 = 38.25, top5 = 24.32, top10 = 17.48, top15 = 13.43.
PHY-1001 : End incremental global routing;  0.129578s wall, 0.046875s user + 0.000000s system = 0.046875s CPU (36.2%)

TMR-2503 : Start to update net delay, extr mode = 5.
TMR-2504 : Update delay of 2794 nets completely.
TMR-2502 : Annotate delay completely, extr mode = 5.
TMR-3001 : Initiate 4 clocks from SDC.
TMR-3004 : Map sdc constraints, there are 8 constraints in total.
TMR-3003 : Constraints initiated successfully.
TMR-3501 : Forward propagation: start to calculate arrival time...
TMR-3502 : Backward propagation: start to calculate required time...
TMR-3503 : Timing propagation completes.
OPT-1001 : End timing update;  0.060727s wall, 0.031250s user + 0.000000s system = 0.031250s CPU (51.5%)

OPT-1001 : 0 high-fanout net processed.
OPT-1001 : End high-fanout net optimization;  0.221953s wall, 0.078125s user + 0.000000s system = 0.078125s CPU (35.2%)

OPT-1001 : Current memory(MB): used = 216, reserve = 187, peak = 216.
OPT-1001 : Start global optimization ...
OPT-1001 : Start congestion update ...
RUN-1001 : Generating global routing grids ...
PHY-1001 : Generate routing nets ...
PHY-1001 : Reuse net number 1882/2796.
PHY-1001 : Global iterations in 16 thread ...
PHY-1002 : len = 76144, over cnt = 229(0%), over = 839, worst = 18
PHY-1002 : len = 80304, over cnt = 165(0%), over = 433, worst = 15
PHY-1002 : len = 85136, over cnt = 59(0%), over = 132, worst = 9
PHY-1002 : len = 85936, over cnt = 33(0%), over = 71, worst = 5
PHY-1002 : len = 87040, over cnt = 0(0%), over = 0, worst = 0
PHY-1001 : End global iterations;  0.066973s wall, 0.000000s user + 0.000000s system = 0.000000s CPU (n/a%)

PHY-1001 : Congestion index: top1 = 33.84, top5 = 24.36, top10 = 18.62, top15 = 14.78.
OPT-1001 : End congestion update;  0.104033s wall, 0.046875s user + 0.000000s system = 0.046875s CPU (45.1%)

OPT-1001 : Update timing in Manhattan mode
TMR-2503 : Start to update net delay, extr mode = 3.
TMR-2504 : Update delay of 2794 nets completely.
TMR-2502 : Annotate delay completely, extr mode = 3.
TMR-3501 : Forward propagation: start to calculate arrival time...
TMR-3502 : Backward propagation: start to calculate required time...
TMR-3503 : Timing propagation completes.
OPT-1001 : End timing update;  0.049424s wall, 0.046875s user + 0.000000s system = 0.046875s CPU (94.8%)

OPT-0007 : Start: WNS 4540 TNS 0 NUM_FEPS 0
OPT-1001 : End global optimization;  0.153722s wall, 0.093750s user + 0.000000s system = 0.093750s CPU (61.0%)

OPT-1001 : Current memory(MB): used = 220, reserve = 191, peak = 220.
OPT-1001 : End physical optimization;  0.802135s wall, 0.468750s user + 0.000000s system = 0.468750s CPU (58.4%)

PHY-3001 : Start packing ...
SYN-4007 : Packing 0 MUX to BLE ...
SYN-4008 : Packed 0 MUX and 0 SEQ to BLE.
SYN-4007 : Packing 1038 LUT to BLE ...
SYN-4008 : Packed 1038 LUT and 534 SEQ to BLE.
SYN-4003 : Packing 507 remaining SEQ's ...
SYN-4005 : Packed 140 SEQ with LUT/SLICE
SYN-4006 : 392 single LUT's are left
SYN-4006 : 367 single SEQ's are left
SYN-4011 : Packing model "top" (AL_USER_NORMAL) with 1405/1958 primitive instances ...
PHY-3001 : End packing;  0.060953s wall, 0.062500s user + 0.000000s system = 0.062500s CPU (102.5%)

PHY-1001 : Populate physical database on model top.
RUN-1001 : There are total 1097 instances
RUN-1001 : 493 mslices, 493 lslices, 102 pads, 2 brams, 0 dsps
RUN-1001 : There are total 2301 nets
RUN-6004 WARNING: There are 16 nets with only 1 pin.
RUN-1001 : 1520 nets have 2 pins
RUN-1001 : 536 nets have [3 - 5] pins
RUN-1001 : 130 nets have [6 - 10] pins
RUN-1001 : 51 nets have [11 - 20] pins
RUN-1001 : 44 nets have [21 - 99] pins
RUN-1001 : 4 nets have 100+ pins
PHY-3001 : design contains 1095 instances, 986 slices, 35 macros(230 instances: 147 mslices 83 lslices)
PHY-3001 : Cell area utilization is 12%
PHY-3001 : After packing: Len = 67254.6, Over = 61.5
PHY-3001 : Run with size of 2
PHY-3001 : Cell area utilization is 12%
PHY-3001 : Update timing in Manhattan mode ...
RUN-1002 : start command "start_timer -report"
TMR-2505 : Start building timing graph for model top.
TMR-2506 : Build timing graph completely. Port num: 22, tpin num: 9132, tnet num: 2299, tinst num: 1095, tnode num: 11575, tedge num: 15266.
TMR-2508 : Levelizing timing graph completed, there are 41 levels in total.
TMR-2501 : Timing graph initialized successfully.
TMR-2503 : Start to update net delay, extr mode = 3.
TMR-2504 : Update delay of 2299 nets completely.
TMR-2502 : Annotate delay completely, extr mode = 3.
TMR-3001 : Initiate 4 clocks from SDC.
TMR-3004 : Map sdc constraints, there are 8 constraints in total.
TMR-3003 : Constraints initiated successfully.
TMR-3501 : Forward propagation: start to calculate arrival time...
TMR-3502 : Backward propagation: start to calculate required time...
TMR-3503 : Timing propagation completes.
PHY-3001 : End timing update;  0.459168s wall, 0.296875s user + 0.000000s system = 0.296875s CPU (64.7%)

PHY-3001 : :::0::: Try harder cell spreading with beta_ = 8.40722e-05
PHY-3002 : Step(89): len = 65597.5, overlap = 64.75
PHY-3002 : Step(90): len = 64896.4, overlap = 65
PHY-3002 : Step(91): len = 64720.4, overlap = 66.5
PHY-3002 : Step(92): len = 64913.9, overlap = 63.25
PHY-3002 : Step(93): len = 64882.2, overlap = 62.5
PHY-3001 : :::1::: Try harder cell spreading with beta_ = 0.000168144
PHY-3002 : Step(94): len = 65545.4, overlap = 60.5
PHY-3002 : Step(95): len = 65933.3, overlap = 59
PHY-3002 : Step(96): len = 66174.4, overlap = 56.75
PHY-3001 : :::2::: Try harder cell spreading with beta_ = 0.000336289
PHY-3002 : Step(97): len = 66665.1, overlap = 54.5
PHY-3002 : Step(98): len = 67511.6, overlap = 52.5
PHY-3001 : Legalization ...
PHY-3001 : End legalization;  0.138718s wall, 0.000000s user + 0.000000s system = 0.000000s CPU (n/a%)

PHY-3001 : Trial Legalized: Len = 86953.4
PHY-3001 : Run with size of 2
PHY-3001 : Cell area utilization is 12%
PHY-3001 : Update timing in Manhattan mode ...
TMR-2503 : Start to update net delay, extr mode = 3.
TMR-2504 : Update delay of 2299 nets completely.
TMR-2502 : Annotate delay completely, extr mode = 3.
TMR-3501 : Forward propagation: start to calculate arrival time...
TMR-3502 : Backward propagation: start to calculate required time...
TMR-3503 : Timing propagation completes.
PHY-3001 : End timing update;  0.043210s wall, 0.000000s user + 0.000000s system = 0.000000s CPU (n/a%)

PHY-3001 : :::0::: Try harder cell spreading with beta_ = 0.0011091
PHY-3002 : Step(99): len = 80823.1, overlap = 8.75
PHY-3002 : Step(100): len = 78186.5, overlap = 9.75
PHY-3002 : Step(101): len = 75082.2, overlap = 17.75
PHY-3002 : Step(102): len = 73419.3, overlap = 21.75
PHY-3002 : Step(103): len = 72372, overlap = 24
PHY-3002 : Step(104): len = 71328.9, overlap = 24.25
PHY-3002 : Step(105): len = 70602.8, overlap = 25
PHY-3002 : Step(106): len = 70038.2, overlap = 25
PHY-3001 : :::1::: Try harder cell spreading with beta_ = 0.00216459
PHY-3002 : Step(107): len = 70204.4, overlap = 24.5
PHY-3002 : Step(108): len = 70231.9, overlap = 23
PHY-3002 : Step(109): len = 70256.5, overlap = 23.25
PHY-3001 : :::2::: Try harder cell spreading with beta_ = 0.00432918
PHY-3002 : Step(110): len = 70322.8, overlap = 22.75
PHY-3002 : Step(111): len = 70446.4, overlap = 23.75
PHY-3001 : Legalization ...
PHY-3001 : End legalization;  0.004622s wall, 0.000000s user + 0.000000s system = 0.000000s CPU (n/a%)

PHY-3001 : Legalized: Len = 78464.2, Over = 0
PHY-3001 : Spreading special nets. 16 overflows in 2952 tiles.
PHY-3001 : End spreading;  0.005182s wall, 0.000000s user + 0.000000s system = 0.000000s CPU (n/a%)

PHY-3001 : 19 instances has been re-located, deltaX = 17, deltaY = 4, maxDist = 2.
PHY-3001 : Final: Len = 78672.2, Over = 0
OPT-1001 : Start physical optimization ...
RUN-1002 : start command "start_timer -report"
TMR-2505 : Start building timing graph for model top.
TMR-2506 : Build timing graph completely. Port num: 22, tpin num: 9132, tnet num: 2299, tinst num: 1095, tnode num: 11575, tedge num: 15266.
TMR-2508 : Levelizing timing graph completed, there are 41 levels in total.
TMR-2501 : Timing graph initialized successfully.
OPT-1001 : Total overflow 0.00 peak overflow 0.00
OPT-1001 : Start high-fanout net optimization ...
OPT-1001 : Update timing in global mode
PHY-1001 : Start incremental global routing, caller is place ...
RUN-1001 : Generating global routing grids ...
PHY-1001 : Generate routing nets ...
PHY-1001 : Reuse net number 86/2301.
PHY-1001 : Global iterations in 16 thread ...
PHY-1002 : len = 90592, over cnt = 185(0%), over = 322, worst = 6
PHY-1002 : len = 92208, over cnt = 79(0%), over = 115, worst = 6
PHY-1002 : len = 93624, over cnt = 3(0%), over = 3, worst = 1
PHY-1002 : len = 93672, over cnt = 0(0%), over = 0, worst = 0
PHY-1001 : End global iterations;  0.123707s wall, 0.015625s user + 0.000000s system = 0.015625s CPU (12.6%)

PHY-1001 : Congestion index: top1 = 29.14, top5 = 22.57, top10 = 18.52, top15 = 15.27.
PHY-1001 : End incremental global routing;  0.169669s wall, 0.046875s user + 0.000000s system = 0.046875s CPU (27.6%)

TMR-2503 : Start to update net delay, extr mode = 5.
TMR-2504 : Update delay of 2299 nets completely.
TMR-2502 : Annotate delay completely, extr mode = 5.
TMR-3001 : Initiate 4 clocks from SDC.
TMR-3004 : Map sdc constraints, there are 8 constraints in total.
TMR-3003 : Constraints initiated successfully.
TMR-3501 : Forward propagation: start to calculate arrival time...
TMR-3502 : Backward propagation: start to calculate required time...
TMR-3503 : Timing propagation completes.
OPT-1001 : End timing update;  0.051466s wall, 0.015625s user + 0.000000s system = 0.015625s CPU (30.4%)

OPT-1001 : 1 high-fanout net processed.
PHY-3001 : Start incremental placement ...
PHY-1001 : Populate physical database on model top.
PHY-3001 : Initial placement ...
PHY-3001 : eco special cells: 1 has valid locations, 0 needs to be replaced
PHY-3001 : eco pad cells: 102 has valid locations, 0 needs to be replaced
PHY-3001 : eco cells: 987 has valid locations, 5 needs to be replaced
PHY-3001 : design contains 1099 instances, 990 slices, 35 macros(230 instances: 147 mslices 83 lslices)
PHY-3001 : Global placement ...
PHY-3001 : Initial: Len = 79093.2
PHY-3001 : Run with size of 4
PHY-3001 : Cell area utilization is 13%
PHY-3001 : Update timing in Manhattan mode ...
RUN-1002 : start command "start_timer -report"
TMR-2505 : Start building timing graph for model top.
TMR-2506 : Build timing graph completely. Port num: 22, tpin num: 9159, tnet num: 2302, tinst num: 1099, tnode num: 11602, tedge num: 15299.
TMR-2508 : Levelizing timing graph completed, there are 41 levels in total.
TMR-2501 : Timing graph initialized successfully.
TMR-2503 : Start to update net delay, extr mode = 3.
TMR-2504 : Update delay of 2302 nets completely.
TMR-2502 : Annotate delay completely, extr mode = 3.
TMR-3001 : Initiate 4 clocks from SDC.
TMR-3004 : Map sdc constraints, there are 8 constraints in total.
TMR-3003 : Constraints initiated successfully.
TMR-3501 : Forward propagation: start to calculate arrival time...
TMR-3502 : Backward propagation: start to calculate required time...
TMR-3503 : Timing propagation completes.
PHY-3001 : End timing update;  0.479995s wall, 0.281250s user + 0.000000s system = 0.281250s CPU (58.6%)

PHY-3001 : :::0::: Try harder cell spreading with beta_ = 0
PHY-3002 : Step(112): len = 78892.3, overlap = 0
PHY-3002 : Step(113): len = 78882.2, overlap = 0
PHY-3002 : Step(114): len = 78871, overlap = 0
PHY-3002 : Step(115): len = 78849.5, overlap = 0
PHY-3001 : Run with size of 2
PHY-3001 : Cell area utilization is 13%
PHY-3001 : Update timing in Manhattan mode ...
TMR-2503 : Start to update net delay, extr mode = 3.
TMR-2504 : Update delay of 2302 nets completely.
TMR-2502 : Annotate delay completely, extr mode = 3.
TMR-3501 : Forward propagation: start to calculate arrival time...
TMR-3502 : Backward propagation: start to calculate required time...
TMR-3503 : Timing propagation completes.
PHY-3001 : End timing update;  0.042824s wall, 0.031250s user + 0.000000s system = 0.031250s CPU (73.0%)

PHY-3001 : :::0::: Try harder cell spreading with beta_ = 0.000843286
PHY-3002 : Step(116): len = 78849.1, overlap = 1
PHY-3002 : Step(117): len = 78832.6, overlap = 1
PHY-3001 : Legalization ...
PHY-3001 : End legalization;  0.006471s wall, 0.000000s user + 0.000000s system = 0.000000s CPU (n/a%)

PHY-3001 : Legalized: Len = 78848.6, Over = 0
PHY-3001 : End spreading;  0.004360s wall, 0.000000s user + 0.000000s system = 0.000000s CPU (n/a%)

PHY-3001 : Final: Len = 78848.6, Over = 0
PHY-3001 : End incremental placement;  0.618998s wall, 0.328125s user + 0.000000s system = 0.328125s CPU (53.0%)

OPT-1001 : Total overflow 0.00 peak overflow 0.00
OPT-1001 : End high-fanout net optimization;  0.873879s wall, 0.421875s user + 0.000000s system = 0.421875s CPU (48.3%)

OPT-1001 : Current memory(MB): used = 228, reserve = 201, peak = 228.
OPT-1001 : Start path based optimization ...
OPT-1001 : Start congestion update ...
RUN-1001 : Generating global routing grids ...
PHY-1001 : Generate routing nets ...
PHY-1001 : Reuse net number 1916/2304.
PHY-1001 : Global iterations in 16 thread ...
PHY-1002 : len = 93832, over cnt = 3(0%), over = 4, worst = 2
PHY-1002 : len = 93848, over cnt = 2(0%), over = 2, worst = 1
PHY-1002 : len = 93864, over cnt = 0(0%), over = 0, worst = 0
PHY-1001 : End global iterations;  0.021759s wall, 0.000000s user + 0.000000s system = 0.000000s CPU (n/a%)

PHY-1001 : Congestion index: top1 = 29.09, top5 = 22.59, top10 = 18.55, top15 = 15.32.
OPT-1001 : End congestion update;  0.061928s wall, 0.031250s user + 0.000000s system = 0.031250s CPU (50.5%)

OPT-1001 : Update timing in Manhattan mode
TMR-2503 : Start to update net delay, extr mode = 3.
TMR-2504 : Update delay of 2302 nets completely.
TMR-2502 : Annotate delay completely, extr mode = 3.
TMR-3501 : Forward propagation: start to calculate arrival time...
TMR-3502 : Backward propagation: start to calculate required time...
TMR-3503 : Timing propagation completes.
OPT-1001 : End timing update;  0.042386s wall, 0.031250s user + 0.000000s system = 0.031250s CPU (73.7%)

OPT-0007 : Start: WNS 4218 TNS 0 NUM_FEPS 0
OPT-1001 : End path based optimization;  0.104515s wall, 0.062500s user + 0.000000s system = 0.062500s CPU (59.8%)

OPT-1001 : Current memory(MB): used = 228, reserve = 201, peak = 228.
OPT-1001 : Update timing in Manhattan mode
TMR-2503 : Start to update net delay, extr mode = 3.
TMR-2504 : Update delay of 2302 nets completely.
TMR-2502 : Annotate delay completely, extr mode = 3.
TMR-3501 : Forward propagation: start to calculate arrival time...
TMR-3502 : Backward propagation: start to calculate required time...
TMR-3503 : Timing propagation completes.
OPT-1001 : End timing update;  0.042545s wall, 0.031250s user + 0.000000s system = 0.031250s CPU (73.5%)

OPT-1001 : Start pin optimization...
OPT-1001 : skip pin optimization...
RUN-1001 : Generating global routing grids ...
PHY-1001 : Generate routing nets ...
PHY-1001 : Reuse net number 1922/2304.
PHY-1001 : Global iterations in 16 thread ...
PHY-1002 : len = 93864, over cnt = 0(0%), over = 0, worst = 0
PHY-1001 : End global iterations;  0.004915s wall, 0.000000s user + 0.000000s system = 0.000000s CPU (n/a%)

PHY-1001 : Congestion index: top1 = 29.09, top5 = 22.59, top10 = 18.55, top15 = 15.32.
OPT-1001 : Update timing in Manhattan mode
TMR-2503 : Start to update net delay, extr mode = 3.
TMR-2504 : Update delay of 2302 nets completely.
TMR-2502 : Annotate delay completely, extr mode = 3.
TMR-3501 : Forward propagation: start to calculate arrival time...
TMR-3502 : Backward propagation: start to calculate required time...
TMR-3503 : Timing propagation completes.
OPT-1001 : End timing update;  0.044760s wall, 0.046875s user + 0.000000s system = 0.046875s CPU (104.7%)

RUN-1001 : QoR Analysis:
OPT-0007 :   WNS 4218 TNS 0 NUM_FEPS 0
RUN-1001 :   No local congestion issue, and most congested 1% tile average routing util is 28.655172
RUN-1001 :   Top critical paths
RUN-1001 :       #1 path slack 4218ps with logic level 8 
RUN-1001 :       #2 path slack 4293ps with logic level 8 
OPT-1001 : End physical optimization;  1.554475s wall, 0.890625s user + 0.000000s system = 0.890625s CPU (57.3%)

RUN-1003 : finish command "place" in  5.744986s wall, 2.390625s user + 0.218750s system = 2.609375s CPU (45.4%)

RUN-1004 : used memory is 204 MB, reserved memory is 176 MB, peak memory is 228 MB
RUN-1002 : start command "export_db pic_sdram_place.db"
RUN-1001 : Exported /
RUN-1001 : Exported flow parameters
RUN-1001 : Exported libs
RUN-1001 : Exported entities
RUN-1001 : Exported ports
RUN-1001 : Exported pins
RUN-1001 : Exported instances
RUN-1001 : Exported nets
RUN-1001 : Exported buses
RUN-1001 : Exported models
RUN-1001 : Exported congestions
RUN-1001 : Exported violations
RUN-1001 : Exported timing constraints
RUN-1001 : Exported IO constraints
RUN-1001 : Exported Inst constraints
RUN-1002 : start command "route"
RUN-1001 : Open license file D:/Program/Anlogic/TD5.6.2/license/Anlogic.lic
RUN-1001 : Print Global Property
RUN-1001 : ---------------------------------------------------------------
RUN-1001 :        Parameters        |  Settings  |  Default Values  |  Note  
RUN-1001 : ---------------------------------------------------------------
RUN-1001 :          message         |  standard  |     standard     |        
RUN-1001 :   mixed_pack_place_flow  |     on     |        on        |        
RUN-1001 :        qor_monitor       |    off     |       off        |        
RUN-1001 :        syn_ip_flow       |    off     |       off        |        
RUN-1001 :          thread          |    auto    |       auto       |        
RUN-1001 : ---------------------------------------------------------------
RUN-1001 : Print Route Property
RUN-1001 : -------------------------------------------------------
RUN-1001 :    Parameters    |  Settings  |  Default Values  |  Note  
RUN-1001 : -------------------------------------------------------
RUN-1001 :      effort      |   medium   |      medium      |        
RUN-1001 :     fix_hold     |    off     |       off        |        
RUN-1001 :    opt_timing    |   medium   |      medium      |        
RUN-1001 :   phy_sim_model  |    off     |       off        |        
RUN-1001 :     priority     |   timing   |      timing      |        
RUN-1001 :     swap_pin     |     on     |        on        |        
RUN-1001 : -------------------------------------------------------
PHY-1001 : Route runs in 16 thread(s)
RUN-1001 : There are total 1101 instances
RUN-1001 : 497 mslices, 493 lslices, 102 pads, 2 brams, 0 dsps
RUN-1001 : There are total 2304 nets
RUN-6004 WARNING: There are 16 nets with only 1 pin.
RUN-1001 : 1520 nets have 2 pins
RUN-1001 : 536 nets have [3 - 5] pins
RUN-1001 : 131 nets have [6 - 10] pins
RUN-1001 : 52 nets have [11 - 20] pins
RUN-1001 : 45 nets have [21 - 99] pins
RUN-1001 : 4 nets have 100+ pins
RUN-1002 : start command "start_timer -report"
TMR-2505 : Start building timing graph for model top.
TMR-2506 : Build timing graph completely. Port num: 22, tpin num: 9159, tnet num: 2302, tinst num: 1099, tnode num: 11602, tedge num: 15299.
TMR-2508 : Levelizing timing graph completed, there are 41 levels in total.
TMR-2501 : Timing graph initialized successfully.
PHY-1001 : 497 mslices, 493 lslices, 102 pads, 2 brams, 0 dsps
TMR-2503 : Start to update net delay, extr mode = 3.
TMR-2504 : Update delay of 2302 nets completely.
TMR-2502 : Annotate delay completely, extr mode = 3.
TMR-3001 : Initiate 4 clocks from SDC.
TMR-3004 : Map sdc constraints, there are 8 constraints in total.
TMR-3003 : Constraints initiated successfully.
TMR-3501 : Forward propagation: start to calculate arrival time...
TMR-3502 : Backward propagation: start to calculate required time...
TMR-3503 : Timing propagation completes.
PHY-1001 : Start global routing, caller is route ...
RUN-1001 : Generating global routing grids ...
PHY-1001 : Generate routing nets ...
PHY-1001 : Global iterations in 16 thread ...
PHY-1002 : len = 89816, over cnt = 172(0%), over = 314, worst = 8
PHY-1002 : len = 91560, over cnt = 76(0%), over = 113, worst = 6
PHY-1002 : len = 92912, over cnt = 10(0%), over = 10, worst = 1
PHY-1002 : len = 93048, over cnt = 0(0%), over = 0, worst = 0
PHY-1001 : End global iterations;  0.125990s wall, 0.015625s user + 0.015625s system = 0.031250s CPU (24.8%)

PHY-1001 : Congestion index: top1 = 29.05, top5 = 22.50, top10 = 18.48, top15 = 15.17.
PHY-1001 : End global routing;  0.171144s wall, 0.062500s user + 0.015625s system = 0.078125s CPU (45.6%)

PHY-1001 : Start detail routing ...
PHY-1001 : Current memory(MB): used = 243, reserve = 215, peak = 258.
PHY-1001 : Detailed router is running in normal mode.
PHY-1001 : Generate detailed routing grids ...
PHY-1001 : Generate nets ...
PHY-1001 : net clk_dup_1 will be routed on clock mesh
PHY-1001 : net U3/u2_ram/SDRAM_CLK will be routed on clock mesh
PHY-5010 WARNING: Net U3/u2_ram/u2_wrrd/Sdr_rd_dout[31] is skipped due to 0 input or output
PHY-5010 WARNING: Net U3/u2_ram/u2_wrrd/Sdr_rd_dout[30] is skipped due to 0 input or output
PHY-5010 WARNING: Net U3/u2_ram/u2_wrrd/Sdr_rd_dout[29] is skipped due to 0 input or output
PHY-5010 WARNING: Net U3/u2_ram/u2_wrrd/Sdr_rd_dout[28] is skipped due to 0 input or output
PHY-5010 WARNING: Net U3/u2_ram/u2_wrrd/Sdr_rd_dout[27] is skipped due to 0 input or output
PHY-5010 WARNING: Net U3/u2_ram/u2_wrrd/Sdr_rd_dout[26] is skipped due to 0 input or output
PHY-5010 WARNING: Net U3/u2_ram/u2_wrrd/Sdr_rd_dout[25] is skipped due to 0 input or output
PHY-5010 WARNING: Net U3/u2_ram/u2_wrrd/Sdr_rd_dout[24] is skipped due to 0 input or output
PHY-5010 WARNING: Net U3/u2_ram/u2_wrrd/Sdr_rd_dout[23] is skipped due to 0 input or output
PHY-5010 WARNING: Net U3/u2_ram/u2_wrrd/Sdr_rd_dout[22] is skipped due to 0 input or output
PHY-5010 Similar messages will be suppressed.
PHY-1001 : clock net frame_read_write_m0/read_buf/clkr will be merged with clock video_pll_m0/clk0_buf
PHY-1001 : clock net frame_read_write_m0/write_buf/clkw will be merged with clock sys_pll_m0/clk0_buf
PHY-1001 : Current memory(MB): used = 509, reserve = 486, peak = 509.
PHY-1001 : End build detailed router design. 2.441981s wall, 1.609375s user + 0.000000s system = 1.609375s CPU (65.9%)

PHY-1001 : Detail Route ...
PHY-1001 : ===== Detail Route Phase 1 =====
PHY-1001 : Clock net routing.....
PHY-1001 : Routed 0% nets.
PHY-1022 : len = 39216, over cnt = 0(0%), over = 0, worst = 0, crit = 0
PHY-1001 : End initial clock net routed; 0.642273s wall, 0.343750s user + 0.015625s system = 0.359375s CPU (56.0%)

PHY-1001 : Current memory(MB): used = 542, reserve = 520, peak = 542.
PHY-1001 : End phase 1; 0.647949s wall, 0.343750s user + 0.015625s system = 0.359375s CPU (55.5%)

PHY-1001 : ===== Detail Route Phase 2 =====
PHY-1001 : Initial routing.....
PHY-1001 : Routed 37% nets.
PHY-1001 : Routed 42% nets.
PHY-1001 : Routed 55% nets.
PHY-1001 : Routed 68% nets.
PHY-1001 : Routed 88% nets.
PHY-1022 : len = 272824, over cnt = 71(0%), over = 71, worst = 1, crit = 0
PHY-1001 : Current memory(MB): used = 543, reserve = 521, peak = 543.
PHY-1001 : End initial routed; 1.581943s wall, 0.546875s user + 0.031250s system = 0.578125s CPU (36.5%)

PHY-1001 : Update timing.....
PHY-1001 : 0/2044(0%) critical/total net(s).
RUN-1001 : --------------------------------------
RUN-1001 :   Type   |  WNS(ns)  |  TNS(ns)  |  FEP  
RUN-1001 : --------------------------------------
RUN-1001 :   Setup  |   0.833   |   0.000   |   0   
RUN-1001 :   Hold   |   0.088   |   0.000   |   0   
RUN-1001 : --------------------------------------
PHY-1001 : End update timing; 0.571494s wall, 0.390625s user + 0.000000s system = 0.390625s CPU (68.4%)

PHY-1001 : Current memory(MB): used = 545, reserve = 523, peak = 545.
PHY-1001 : End phase 2; 2.153488s wall, 0.937500s user + 0.031250s system = 0.968750s CPU (45.0%)

PHY-1001 : ===== Detail Route Phase 3 =====
PHY-1001 : Optimize timing.....
PHY-1022 : len = 272824, over cnt = 71(0%), over = 71, worst = 1, crit = 0
PHY-1001 : End optimize timing; 0.015218s wall, 0.015625s user + 0.000000s system = 0.015625s CPU (102.7%)

PHY-1001 : Ripup-reroute.....
PHY-1001 : ===== DR Iter 1 =====
PHY-1022 : len = 271848, over cnt = 21(0%), over = 21, worst = 1, crit = 0
PHY-1001 : End DR Iter 1; 0.042072s wall, 0.000000s user + 0.000000s system = 0.000000s CPU (n/a%)

PHY-1001 : ===== DR Iter 2 =====
PHY-1022 : len = 272024, over cnt = 2(0%), over = 2, worst = 1, crit = 0
PHY-1001 : End DR Iter 2; 0.038250s wall, 0.000000s user + 0.000000s system = 0.000000s CPU (n/a%)

PHY-1001 : ===== DR Iter 3 =====
PHY-1022 : len = 272064, over cnt = 0(0%), over = 0, worst = 0, crit = 0
PHY-1001 : End DR Iter 3; 0.025407s wall, 0.000000s user + 0.000000s system = 0.000000s CPU (n/a%)

PHY-1001 : Update timing.....
PHY-1001 : 0/2044(0%) critical/total net(s).
RUN-1001 : --------------------------------------
RUN-1001 :   Type   |  WNS(ns)  |  TNS(ns)  |  FEP  
RUN-1001 : --------------------------------------
RUN-1001 :   Setup  |   0.833   |   0.000   |   0   
RUN-1001 :   Hold   |   0.088   |   0.000   |   0   
RUN-1001 : --------------------------------------
PHY-1001 : End update timing; 0.570293s wall, 0.406250s user + 0.000000s system = 0.406250s CPU (71.2%)

PHY-1001 : Commit to database.....
PHY-1001 : 11 feed throughs used by 11 nets
PHY-1001 : End commit to database; 0.175006s wall, 0.109375s user + 0.000000s system = 0.109375s CPU (62.5%)

PHY-1001 : Current memory(MB): used = 562, reserve = 539, peak = 562.
PHY-1001 : End phase 3; 0.981858s wall, 0.625000s user + 0.000000s system = 0.625000s CPU (63.7%)

PHY-1003 : Routed, final wirelength = 272064
PHY-1001 : Current memory(MB): used = 562, reserve = 540, peak = 562.
PHY-1001 : End export database. 0.008263s wall, 0.000000s user + 0.000000s system = 0.000000s CPU (n/a%)

PHY-1001 : End detail routing;  6.368406s wall, 3.609375s user + 0.046875s system = 3.656250s CPU (57.4%)

RUN-1003 : finish command "route" in  7.050199s wall, 3.921875s user + 0.062500s system = 3.984375s CPU (56.5%)

RUN-1004 : used memory is 534 MB, reserved memory is 513 MB, peak memory is 562 MB
RUN-1002 : start command "report_area -io_info -file pic_sdram_phy.area"
RUN-1001 : standard
***Report Model: top Device: EG4S20BG256***

IO Statistics
#IO                        47
  #input                    6
  #output                  37
  #inout                    4

Utilization Statistics
#lut                     1538   out of  19600    7.85%
#reg                     1075   out of  19600    5.48%
#le                      1898
  #lut only               823   out of   1898   43.36%
  #reg only               360   out of   1898   18.97%
  #lut&reg                715   out of   1898   37.67%
#dsp                        0   out of     29    0.00%
#bram                       2   out of     64    3.12%
  #bram9k                   2
  #fifo9k                   0
#bram32k                    0   out of     16    0.00%
#pad                       47   out of    188   25.00%
  #ireg                     1
  #oreg                    34
  #treg                     0
#pll                        2   out of      4   50.00%
#gclk                       2   out of     16   12.50%

Clock Resource Statistics
Index     ClockNet                 Type               DriverType         Driver                         Fanout
#1        U3/u2_ram/SDRAM_CLK      GCLK               pll                sys_pll_m0/pll_inst.clkc1      376
#2        sys_pll_m0/clk0_buf      GCLK               pll                sys_pll_m0/pll_inst.clkc0      262
#3        video_pll_m0/clk0_buf    GCLK               pll                video_pll_m0/pll_inst.clkc0    66
#4        clk_dup_1                GCLK               io                 clk_syn_2.di                   26


Detailed IO Report

       Name         Direction    Location    IOStandard    DriveStrength    PullType     PackReg   
       clk            INPUT         R7        LVCMOS33          N/A           NONE        NONE     
       key1           INPUT         B2        LVCMOS33          N/A           NONE        IREG     
       key2           INPUT         B1        LVCMOS33          N/A           NONE        NONE     
      rst_n           INPUT         A2        LVCMOS33          N/A           NONE        NONE     
     sd_miso          INPUT        B14        LVCMOS33          N/A           NONE        NONE     
     switch1          INPUT         C8        LVCMOS33          N/A           NONE        NONE     
    flash_cs_n       OUTPUT         P8        LVCMOS33           8            NONE        NONE     
    flash_sck        OUTPUT         M9        LVCMOS33           8            NONE        NONE     
     sd_dclk         OUTPUT        A14        LVCMOS33           8            NONE        OREG     
     sd_mosi         OUTPUT        A13        LVCMOS33           8            NONE        OREG     
      sd_ncs         OUTPUT        A12        LVCMOS33           8            NONE        OREG     
   seg_data[7]       OUTPUT         A6        LVCMOS33           8            NONE        NONE     
   seg_data[6]       OUTPUT         A7        LVCMOS33           8            NONE        OREG     
   seg_data[5]       OUTPUT         A8        LVCMOS33           8            NONE        OREG     
   seg_data[4]       OUTPUT         B5        LVCMOS33           8            NONE        OREG     
   seg_data[3]       OUTPUT         A5        LVCMOS33           8            NONE        OREG     
   seg_data[2]       OUTPUT         B6        LVCMOS33           8            NONE        OREG     
   seg_data[1]       OUTPUT        C16        LVCMOS33           8            NONE        OREG     
   seg_data[0]       OUTPUT        C15        LVCMOS33           8            NONE        OREG     
    seg_sel[5]       OUTPUT        D11        LVCMOS33           8            NONE        OREG     
    seg_sel[4]       OUTPUT        E11        LVCMOS33           8            NONE        OREG     
    seg_sel[3]       OUTPUT        F10        LVCMOS33           8            NONE        OREG     
    seg_sel[2]       OUTPUT        C13        LVCMOS33           8            NONE        OREG     
    seg_sel[1]       OUTPUT        E10        LVCMOS33           8            NONE        OREG     
    seg_sel[0]       OUTPUT        E12        LVCMOS33           8            NONE        OREG     
   vga_out_b[4]      OUTPUT         D5        LVCMOS33           8            NONE        OREG     
   vga_out_b[3]      OUTPUT         D6        LVCMOS33           8            NONE        OREG     
   vga_out_b[2]      OUTPUT         E6        LVCMOS33           8            NONE        OREG     
   vga_out_b[1]      OUTPUT         F6        LVCMOS33           8            NONE        OREG     
   vga_out_b[0]      OUTPUT        H16        LVCMOS25           8            N/A         OREG     
   vga_out_g[5]      OUTPUT         N6        LVCMOS33           8            NONE        OREG     
   vga_out_g[4]      OUTPUT         N5        LVCMOS33           8            NONE        OREG     
   vga_out_g[3]      OUTPUT         P5        LVCMOS33           8            NONE        OREG     
   vga_out_g[2]      OUTPUT         T5        LVCMOS33           8            NONE        OREG     
   vga_out_g[1]      OUTPUT        F14        LVCMOS25           8            N/A         OREG     
   vga_out_g[0]      OUTPUT         A4        LVCMOS33           8            N/A         OREG     
    vga_out_hs       OUTPUT         E7        LVCMOS33           8            NONE        OREG     
   vga_out_r[4]      OUTPUT        E13        LVCMOS33           8            NONE        OREG     
   vga_out_r[3]      OUTPUT         L8        LVCMOS33           8            NONE        OREG     
   vga_out_r[2]      OUTPUT         L7        LVCMOS33           8            NONE        OREG     
   vga_out_r[1]      OUTPUT         R5        LVCMOS33           8            NONE        OREG     
   vga_out_r[0]      OUTPUT         H5        LVCMOS33           8            N/A         OREG     
    vga_out_vs       OUTPUT         F7        LVCMOS33           8            NONE        OREG     
  flash_qspi_IO0      INOUT         P7        LVCMOS33           8            NONE        NONE     
  flash_qspi_IO1      INOUT         N8        LVCMOS33           8            NONE        NONE     
  flash_qspi_IO2      INOUT         P9        LVCMOS33           8            NONE        NONE     
  flash_qspi_IO3      INOUT         R9        LVCMOS33           8            NONE        NONE     
       dm0           OUTPUT        S14        LVCMOS25           8            NONE        OREG     
       cke           OUTPUT        S18        LVCMOS25           8            NONE        NONE     
       we_n          OUTPUT        S19        LVCMOS25           8            NONE        OREG     
      cas_n          OUTPUT        S20        LVCMOS25           8            NONE        OREG     
      ras_n          OUTPUT        S21        LVCMOS25           8            NONE        OREG     
       cs_n          OUTPUT        S22        LVCMOS25           8            NONE        NONE     
     addr[9]         OUTPUT        S23        LVCMOS25           8            NONE        OREG     
     addr[8]         OUTPUT        S24        LVCMOS25           8            NONE        OREG     
     addr[7]         OUTPUT        S25        LVCMOS25           8            NONE        OREG     
     addr[6]         OUTPUT        S26        LVCMOS25           8            NONE        OREG     
     addr[5]         OUTPUT        S27        LVCMOS25           8            NONE        OREG     
     addr[4]         OUTPUT        S28        LVCMOS25           8            NONE        OREG     
       dm2           OUTPUT        S29        LVCMOS25           8            NONE        OREG     
       dm3           OUTPUT        S61        LVCMOS25           8            NONE        OREG     
     addr[3]         OUTPUT        S64        LVCMOS25           8            NONE        OREG     
     addr[2]         OUTPUT        S65        LVCMOS25           8            NONE        OREG     
     addr[1]         OUTPUT        S66        LVCMOS25           8            NONE        OREG     
     addr[0]         OUTPUT        S67        LVCMOS25           8            NONE        OREG     
     addr[10]        OUTPUT        S68        LVCMOS25           8            NONE        OREG     
      ba[0]          OUTPUT        S69        LVCMOS25           8            NONE        OREG     
      ba[1]          OUTPUT        S70        LVCMOS25           8            NONE        OREG     
       clk           OUTPUT        S73        LVCMOS25           8            NONE        NONE     
       dm1           OUTPUT        S76        LVCMOS25           8            NONE        OREG     
      dq[0]           INOUT         S1        LVCMOS25           8           PULLUP     IREG;OREG  
      dq[6]           INOUT        S11        LVCMOS25           8           PULLUP     IREG;OREG  
      dq[7]           INOUT        S12        LVCMOS25           8           PULLUP     IREG;OREG  
      dq[1]           INOUT         S2        LVCMOS25           8           PULLUP     IREG;OREG  
      dq[23]          INOUT        S31        LVCMOS25           8           PULLUP       IREG     
      dq[22]          INOUT        S32        LVCMOS25           8           PULLUP       IREG     
      dq[21]          INOUT        S35        LVCMOS25           8           PULLUP       IREG     
      dq[20]          INOUT        S36        LVCMOS25           8           PULLUP       IREG     
      dq[19]          INOUT        S37        LVCMOS25           8           PULLUP       IREG     
      dq[18]          INOUT        S38        LVCMOS25           8           PULLUP       IREG     
      dq[17]          INOUT        S41        LVCMOS25           8           PULLUP       IREG     
      dq[16]          INOUT        S42        LVCMOS25           8           PULLUP       IREG     
      dq[31]          INOUT        S48        LVCMOS25           8           PULLUP       IREG     
      dq[30]          INOUT        S49        LVCMOS25           8           PULLUP       IREG     
      dq[2]           INOUT         S5        LVCMOS25           8           PULLUP     IREG;OREG  
      dq[29]          INOUT        S52        LVCMOS25           8           PULLUP       IREG     
      dq[28]          INOUT        S53        LVCMOS25           8           PULLUP       IREG     
      dq[27]          INOUT        S54        LVCMOS25           8           PULLUP       IREG     
      dq[26]          INOUT        S55        LVCMOS25           8           PULLUP       IREG     
      dq[25]          INOUT        S58        LVCMOS25           8           PULLUP       IREG     
      dq[24]          INOUT        S59        LVCMOS25           8           PULLUP       IREG     
      dq[3]           INOUT         S6        LVCMOS25           8           PULLUP     IREG;OREG  
      dq[4]           INOUT         S7        LVCMOS25           8           PULLUP     IREG;OREG  
      dq[8]           INOUT        S78        LVCMOS25           8           PULLUP     IREG;OREG  
      dq[9]           INOUT        S79        LVCMOS25           8           PULLUP     IREG;OREG  
      dq[5]           INOUT         S8        LVCMOS25           8           PULLUP     IREG;OREG  
      dq[10]          INOUT        S82        LVCMOS25           8           PULLUP     IREG;OREG  
      dq[11]          INOUT        S83        LVCMOS25           8           PULLUP     IREG;OREG  
      dq[12]          INOUT        S84        LVCMOS25           8           PULLUP     IREG;OREG  
      dq[13]          INOUT        S85        LVCMOS25           8           PULLUP     IREG;OREG  
      dq[14]          INOUT        S88        LVCMOS25           8           PULLUP     IREG;OREG  
      dq[15]          INOUT        S89        LVCMOS25           8           PULLUP     IREG;OREG  

Report Hierarchy Area:
+-------------------------------------------------------------------------------------------------------------------------------------+
|Instance                        |Module                                         |le     |lut     |ripple  |seq     |bram    |dsp     |
+-------------------------------------------------------------------------------------------------------------------------------------+
|top                             |top                                            |1898   |1308    |230     |1110    |2       |0       |
|  U3                            |sdram                                          |340    |93      |5       |329     |0       |0       |
|    u2_ram                      |sdr_as_ram                                     |340    |93      |5       |329     |0       |0       |
|      u1_init_ref               |sdr_init_ref                                   |88     |15      |5       |80      |0       |0       |
|      u2_wrrd                   |sdr_wrrd                                       |252    |78      |0       |249     |0       |0       |
|  frame_read_write_m0           |frame_read_write                               |475    |309     |98      |310     |2       |0       |
|    frame_fifo_read_m0          |frame_fifo_read                                |109    |83      |24      |62      |0       |0       |
|    frame_fifo_write_m0         |frame_fifo_write                               |115    |88      |24      |59      |0       |0       |
|    read_buf                    |afifo_16_256                                   |126    |60      |25      |96      |1       |0       |
|      ram_inst                  |ram_infer_afifo_16_256                         |0      |0       |0       |0       |1       |0       |
|      rd_to_wr_cross_inst       |fifo_cross_domain_addr_process_al_afifo_16_256 |33     |17      |0       |33      |0       |0       |
|      wr_to_rd_cross_inst       |fifo_cross_domain_addr_process_al_afifo_16_256 |38     |18      |0       |38      |0       |0       |
|    write_buf                   |afifo_16_256                                   |125    |78      |25      |93      |1       |0       |
|      ram_inst                  |ram_infer_afifo_16_256                         |0      |0       |0       |0       |1       |0       |
|      rd_to_wr_cross_inst       |fifo_cross_domain_addr_process_al_afifo_16_256 |27     |19      |0       |27      |0       |0       |
|      wr_to_rd_cross_inst       |fifo_cross_domain_addr_process_al_afifo_16_256 |39     |30      |0       |39      |0       |0       |
|  sd_card_bmp_m0                |sd_card_bmp                                    |943    |800     |97      |379     |0       |0       |
|    ax_debounce_m0              |ax_debounce                                    |63     |53      |9       |38      |0       |0       |
|    bmp_read_m0                 |bmp_read                                       |283    |202     |58      |163     |0       |0       |
|    sd_card_top_m0              |sd_card_top                                    |597    |545     |30      |178     |0       |0       |
|      sd_card_cmd_m0            |sd_card_cmd                                    |345    |320     |25      |54      |0       |0       |
|      sd_card_sec_read_write_m0 |sd_card_sec_read_write                         |179    |157     |0       |85      |0       |0       |
|      spi_master_m0             |spi_master                                     |73     |68      |5       |39      |0       |0       |
|  seg_scan_m0                   |seg_scan                                       |78     |56      |22      |23      |0       |0       |
|  sys_pll_m0                    |sys_pll                                        |0      |0       |0       |0       |0       |0       |
|  video_pll_m0                  |video_pll                                      |0      |0       |0       |0       |0       |0       |
|  video_timing_data_m0          |video_timing_data                              |62     |50      |8       |34      |0       |0       |
|    color_bar_m0                |color_bar                                      |46     |36      |8       |31      |0       |0       |
+-------------------------------------------------------------------------------------------------------------------------------------+


DataNet Average Fanout:

   Index     Fanout     Nets  
    #1          1       1473  
    #2          2       237   
    #3          3       189   
    #4          4       110   
    #5        5-10      137   
    #6        11-50      87   
    #7       51-100      1    
    #8       101-500     1    
  Average     2.70            

RUN-1002 : start command "export_db pic_sdram_pr.db"
RUN-1001 : Exported /
RUN-1001 : Exported flow parameters
RUN-1001 : Exported libs
RUN-1001 : Exported entities
RUN-1001 : Exported ports
RUN-1001 : Exported pins
RUN-1001 : Exported instances
RUN-1001 : Exported nets
RUN-1001 : Exported buses
RUN-1001 : Exported models
RUN-1001 : Exported congestions
RUN-1001 : Exported violations
RUN-1001 : Exported timing constraints
RUN-1001 : Exported IO constraints
RUN-1001 : Exported Inst constraints
RUN-1002 : start command "start_timer"
TMR-2505 : Start building timing graph for model top.
TMR-2506 : Build timing graph completely. Port num: 22, tpin num: 9159, tnet num: 2302, tinst num: 1099, tnode num: 11602, tedge num: 15299.
TMR-2508 : Levelizing timing graph completed, there are 41 levels in total.
TMR-2501 : Timing graph initialized successfully.
RUN-1002 : start command "report_timing -mode FINAL -net_info -rpt_autogen true -file pic_sdram_phy.timing"
TMR-2503 : Start to update net delay, extr mode = 6.
TMR-2504 : Update delay of 2302 nets completely.
TMR-2502 : Annotate delay completely, extr mode = 6.
TMR-3001 : Initiate 4 clocks from SDC.
TMR-3004 : Map sdc constraints, there are 8 constraints in total.
TMR-3003 : Constraints initiated successfully.
TMR-3501 : Forward propagation: start to calculate arrival time...
TMR-3502 : Backward propagation: start to calculate required time...
TMR-3503 : Timing propagation completes.
TMR-3506 : Start to generate timing report.
TMR-1502 : Number of clock constraints = 4. Number of clock nets = 4 (0 unconstrainted).
TMR-3508 : Export timing summary.
TMR-3507 : Timing report generated successfully in pic_sdram_phy.timing, timing summary in pic_sdram_phy.tsm.
RUN-1002 : start command "export_bid pic_sdram_inst.bid"
PRG-1000 : <!-- HMAC is: 54b7019ecea91c3b82dae8f45267b3b86b1ac3f0bdeb4c721a823b05dd911fba -->
RUN-1002 : start command "bitgen -bit pic_sdram.bit"
BIT-1003 : Start to generate bitstream. 
BIT-1002 : Init instances with 16 threads.
BIT-1002 : Init instances completely, inst num: 1099
BIT-1002 : Init pips with 16 threads.
BIT-1002 : Init pips completely, net num: 2304, pip num: 20598
BIT-1002 : Init feedthrough with 16 threads.
BIT-1002 : Init feedthrough completely, num: 11
BIT-1003 : Multithreading accelaration with 16 threads.
BIT-1003 : Generate bitstream completely, there are 1753 valid insts, and 59343 bits set as '1'.
BIT-1004 : the usercode register value: 00000000111110110000000000000000
BIT-1004 : PLL setting string = 0110
BIT-1004 : Generate bits file pic_sdram.bit.
RUN-1003 : finish command "bitgen -bit pic_sdram.bit" in  2.613461s wall, 22.281250s user + 0.000000s system = 22.281250s CPU (852.6%)

RUN-1004 : used memory is 551 MB, reserved memory is 528 MB, peak memory is 717 MB
RUN-1002 : start command "backup_run_log run.log ../.logs/phy_1/td_20231219_162430.log"
