============================================================
   Tang Dynasty, V5.6.71036
      Copyright (c) 2012-2023 Anlogic Inc.
   Executable = D:/Program/Anlogic/TD5.6.2/bin/td.exe
   Built at =   20:34:38 Mar 21 2023
   Run by =     28408
   Run Date =   Tue Dec 19 16:56:00 2023

   Run on =     DESKTOP-T1B5OP5
============================================================
RUN-1002 : start command "open_project pic_sdram.prj"
RUN-1001 : Print Global Property
RUN-1001 : ---------------------------------------------------------------
RUN-1001 :        Parameters        |  Settings  |  Default Values  |  Note  
RUN-1001 : ---------------------------------------------------------------
RUN-1001 :          message         |  standard  |     standard     |        
RUN-1001 :   mixed_pack_place_flow  |     on     |        on        |        
RUN-1001 :        qor_monitor       |    off     |       off        |        
RUN-1001 :        syn_ip_flow       |    off     |       off        |        
RUN-1001 :          thread          |    auto    |       auto       |        
RUN-1001 : ---------------------------------------------------------------
RUN-1001 : Print Design Property
RUN-1001 : --------------------------------------------------------------
RUN-1001 :        Parameters       |  Settings  |  Default Values  |  Note  
RUN-1001 : --------------------------------------------------------------
RUN-1001 :   default_reg_initial   |    auto    |       auto       |        
RUN-1001 :        infer_add        |     on     |        on        |        
RUN-1001 :        infer_fsm        |    off     |       off        |        
RUN-1001 :        infer_mult       |     on     |        on        |        
RUN-1001 :        infer_ram        |     on     |        on        |        
RUN-1001 :        infer_reg        |     on     |        on        |        
RUN-1001 :   infer_reg_init_value  |     on     |        on        |        
RUN-1001 :        infer_rom        |     on     |        on        |        
RUN-1001 :      infer_shifter      |     on     |        on        |        
RUN-1001 : --------------------------------------------------------------
RUN-1001 : Print Rtl Property
RUN-1001 : --------------------------------------------------------------
RUN-1001 :        Parameters       |  Settings  |  Default Values  |  Note  
RUN-1001 : --------------------------------------------------------------
RUN-1001 :       compress_add      |   ripple   |      ripple      |        
RUN-1001 :        elf_sload        |    off     |       off        |        
RUN-1001 :       fix_undriven      |     0      |        0         |        
RUN-1001 :         flatten         |    off     |       off        |        
RUN-1001 :       gate_sharing      |     on     |        on        |        
RUN-1001 :    hdl_warning_level    |   normal   |      normal      |        
RUN-1001 :   impl_internal_tribuf  |     on     |        on        |        
RUN-1001 :      impl_set_reset     |     on     |        on        |        
RUN-1001 :        infer_gsr        |    off     |       off        |        
RUN-1001 :      keep_hierarchy     |    auto    |       auto       |        
RUN-1001 :        max_fanout       |    9999    |       9999       |        
RUN-1001 :      max_oh2bin_len     |     10     |        10        |        
RUN-1001 :       merge_equal       |     on     |        on        |        
RUN-1001 :       merge_equiv       |     on     |        on        |        
RUN-1001 :        merge_mux        |    off     |       off        |        
RUN-1001 :     min_control_set     |     8      |        8         |        
RUN-1001 :      min_ripple_len     |    auto    |       auto       |        
RUN-1001 :       oh2bin_ratio      |    0.08    |       0.08       |        
RUN-1001 :     opt_adder_fanout    |     on     |        on        |        
RUN-1001 :        opt_arith        |     on     |        on        |        
RUN-1001 :       opt_big_gate      |    off     |       off        |        
RUN-1001 :        opt_const        |     on     |        on        |        
RUN-1001 :      opt_const_mult     |     on     |        on        |        
RUN-1001 :       opt_lessthan      |     on     |        on        |        
RUN-1001 :         opt_mux         |    off     |       off        |        
RUN-1001 :         opt_ram         |    high    |       high       |        
RUN-1001 :      rtl_sim_model      |    off     |       off        |        
RUN-1001 :         seq_syn         |     on     |        on        |        
RUN-1001 : --------------------------------------------------------------
HDL-1007 : analyze verilog file ../../al_ip/sys_pll.v
HDL-1007 : undeclared symbol 'open', assumed default net type 'wire' in ../../al_ip/sys_pll.v(77)
HDL-1007 : analyze verilog file ../../al_ip/video_pll.v
HDL-1007 : undeclared symbol 'open', assumed default net type 'wire' in ../../al_ip/video_pll.v(63)
HDL-1007 : analyze verilog file ../../al_ip/afifo_16_256.v
HDL-1007 : analyze verilog file ../../src/ax_debounce.v
HDL-1007 : analyze verilog file ../../src/bmp_read.v
HDL-1007 : analyze verilog file ../../src/color_bar.v
HDL-1007 : analyze included file ../../src/video_define.v in ../../src/color_bar.v(2)
HDL-1007 : back to file '../../src/color_bar.v' in ../../src/color_bar.v(2)
HDL-1007 : analyze verilog file ../../src/frame_fifo_read.v
HDL-1007 : analyze verilog file ../../src/frame_fifo_write.v
HDL-1007 : analyze verilog file ../../src/sd_card/sd_card_cmd.v
HDL-1007 : analyze verilog file ../../src/sd_card/sd_card_sec_read_write.v
HDL-1007 : analyze verilog file ../../src/sd_card/sd_card_top.v
HDL-1007 : analyze verilog file ../../src/sd_card/spi_master.v
HDL-1007 : analyze verilog file ../../src/sd_card_bmp.v
HDL-1007 : analyze verilog file ../../src/seg_decoder.v
HDL-1007 : analyze verilog file ../../src/seg_scan.v
HDL-1007 : analyze verilog file ../../src/top.v
HDL-1007 : undeclared symbol 'sdram_clk', assumed default net type 'wire' in ../../src/top.v(102)
HDL-1007 : analyze verilog file ../../src/video_timing_data.v
HDL-1007 : undeclared symbol 'read_en', assumed default net type 'wire' in ../../src/video_timing_data.v(29)
HDL-1007 : analyze verilog file ../../src/sdram_r/sdram_para.v
HDL-1007 : analyze verilog file ../../src/sdram/enc_file/global_def.v
HDL-1007 : analyze verilog file ../../src/sdram/enc_file/sdr_as_ram.enc.v
Copyright (c) 1998-2019 The OpenSSL Project.  All rights reserved.
This product includes software developed by the OpenSSL Project
for use in the OpenSSL Toolkit (http://www.openssl.org/)
Copyright (C) 1995-1998 Eric Young (eay@cryptsoft.com)
All rights reserved.
This product includes cryptographic software written by Eric Young (eay@cryptsoft.com)
HDL-1007 : back to file '../../src/sdram/enc_file/sdr_as_ram.enc.v' in ../../src/sdram/enc_file/sdr_as_ram.enc.v(148)
HDL-1007 : analyze verilog file ../../src/sdram/enc_file/sdr_init_ref.enc.v
HDL-1007 : undeclared symbol '**', assumed default net type '**' in encrypted_text(0)
HDL-1007 : back to file '../../src/sdram/enc_file/sdr_init_ref.enc.v' in ../../src/sdram/enc_file/sdr_init_ref.enc.v(242)
HDL-5007 WARNING: concatenation with an unsized literal will be treated as 32 bits in encrypted_text(0)
HDL-1007 : analyze verilog file ../../src/sdram/enc_file/sdr_wrrd.enc.v
HDL-5007 WARNING: concatenation with an unsized literal will be treated as 32 bits in encrypted_text(0)
HDL-1007 : back to file '../../src/sdram/enc_file/sdr_wrrd.enc.v' in ../../src/sdram/enc_file/sdr_wrrd.enc.v(255)
HDL-1007 : analyze verilog file ../../src/sdram/sdram.v
HDL-1007 : analyze included file D:\Projects\2023_10_10_HX4S20_test\spi_FLASH_SDRAM_pic\HX4S20\/./src/sdram/enc_file/global_def.v in ../../src/sdram/sdram.v(10)
HDL-1007 : back to file '../../src/sdram/sdram.v' in ../../src/sdram/sdram.v(10)
HDL-1007 : undeclared symbol 'Sdr_busy', assumed default net type 'wire' in ../../src/sdram/sdram.v(63)
HDL-1007 : undeclared symbol 'SDR_CKE', assumed default net type 'wire' in ../../src/sdram/sdram.v(88)
HDL-1007 : analyze verilog file ../../src/frame_read_write.v
HDL-1007 : analyze verilog file ../../src/video_delay.v
RUN-1001 : Project manager successfully analyzed 26 source files.
RUN-1002 : start command "import_device eagle_s20.db -package EG4S20BG256"
ARC-1001 : Device Initialization.
ARC-1001 : ------------------------------------------------------------------
ARC-1001 :            OPTION            |          IO          |   SETTING   
ARC-1001 : ------------------------------------------------------------------
ARC-1001 :   cso_b/cclk/mosi/miso/dout  |  T3/R11/T10/P10/S11  |    gpio    
ARC-1001 :             done             |         P13          |    gpio    
ARC-1001 :           program_b          |          T2          |  dedicate  
ARC-1001 :        tdi/tms/tck/tdo       |   C12/A15/C14/E14    |  dedicate  
ARC-1001 : ------------------------------------------------------------------
ARC-1004 : Device setting, marked 5 dedicate IOs in total.
RUN-1002 : start command "import_db ../syn_1/pic_sdram_gate.db"
RUN-1001 : Importing database generated by Tang Dynasty, V5.6.71036.
RUN-1001 : Database version number 46146.
RUN-1001 : Import flow parameters
RUN-1001 : Import timing constraints
RUN-1001 : Import IO constraints
RUN-1001 : Import Inst constraints
RUN-1001 : Import design success TD_VERSION=5.6.71036 , DB_VERSION=46146
RUN-1002 : start command "read_sdc ../../top.sdc"
RUN-1002 : start command "get_ports clk"
RUN-1002 : start command "create_clock -name clk -period 20 -waveform 0 10 "
RUN-1102 : create_clock: clock name: clk, type: 0, period: 20000, rise: 0, fall: 10000.
RUN-1002 : start command "derive_pll_clocks"
USR-1002 : Gen clock cmd:  create_generated_clock -name {sys_pll_m0/pll_inst.clkc[0]} -source [get_ports {clk}] -master_clock {clk} -multiply_by 2.0000 [get_pins {sys_pll_m0/pll_inst.clkc[0]}]
RUN-1002 : start command "get_ports clk"
RUN-1002 : start command "get_pins sys_pll_m0/pll_inst.clkc[0]"
RUN-1002 : start command "create_generated_clock -name sys_pll_m0/pll_inst.clkc[0] -source  -master_clock clk -multiply_by 2.0000 "
USR-1002 : Gen clock cmd:  create_generated_clock -name {sys_pll_m0/pll_inst.clkc[1]} -source [get_ports {clk}] -master_clock {clk} -multiply_by 2.0000 [get_pins {sys_pll_m0/pll_inst.clkc[1]}]
RUN-1002 : start command "get_ports clk"
RUN-1002 : start command "get_pins sys_pll_m0/pll_inst.clkc[1]"
RUN-1002 : start command "create_generated_clock -name sys_pll_m0/pll_inst.clkc[1] -source  -master_clock clk -multiply_by 2.0000 "
USR-1002 : Gen clock cmd:  create_generated_clock -name {video_pll_m0/pll_inst.clkc[0]} -source [get_ports {clk}] -master_clock {clk} -divide_by 2.0000 [get_pins {video_pll_m0/pll_inst.clkc[0]}]
RUN-1002 : start command "get_ports clk"
RUN-1002 : start command "get_pins video_pll_m0/pll_inst.clkc[0]"
RUN-1002 : start command "create_generated_clock -name video_pll_m0/pll_inst.clkc[0] -source  -master_clock clk -divide_by 2.0000 "
RUN-1002 : start command "get_ports clk"
RUN-1002 : start command "get_pins sys_pll_m0/pll_inst.clkc[0]"
RUN-1002 : start command "rename_clock -name sd_card_clk -source  -master_clock clk "
RUN-1105 : Rename Clock: clock sys_pll_m0/pll_inst.clkc[0] was renamed, new name is sd_card_clk.
RUN-1002 : start command "get_ports clk"
RUN-1002 : start command "get_pins sys_pll_m0/pll_inst.clkc[1]"
RUN-1002 : start command "rename_clock -name ext_mem_clk -source  -master_clock clk "
RUN-1105 : Rename Clock: clock sys_pll_m0/pll_inst.clkc[1] was renamed, new name is ext_mem_clk.
RUN-1002 : start command "get_ports clk"
RUN-1002 : start command "get_pins sys_pll_m0/pll_inst.clkc[2]"
RUN-1002 : start command "rename_clock -name flash_sys_clk -source  -master_clock clk "
RUN-1107 : Rename Clock: new clock flash_sys_clk is created by rename_clock temporarily.
RUN-1002 : start command "get_ports clk"
RUN-1002 : start command "get_pins video_pll_m0/pll_inst.clkc[0]"
RUN-1002 : start command "rename_clock -name video_clk -source  -master_clock clk "
RUN-1105 : Rename Clock: clock video_pll_m0/pll_inst.clkc[0] was renamed, new name is video_clk.
RUN-1002 : start command "read_sdc -ip afifo_16_256 ../../al_ip/afifo_16_256.tcl"
RUN-1002 : start command "get_ports clkw"
RUN-1002 : start command "get_nets  clkw  "
RUN-1002 : start command "get_clocks -nowarn -of nets 8985071583232"
RUN-1002 : start command "get_ports clkr"
RUN-1002 : start command "get_nets  clkr  "
RUN-1002 : start command "get_clocks -nowarn -of nets 18279380811776"
RUN-1002 : start command "get_property -nowarn -max PERIOD "
RUN-1002 : start command "get_property -nowarn -max PERIOD "
RUN-1002 : start command "get_regs rd_to_wr_cross_inst/primary_addr_gray_reg[*]"
RUN-1002 : start command "get_regs rd_to_wr_cross_inst/sync_r1[*]"
RUN-1002 : start command "set_max_delay -from  -to  9.6999999999999993 -datapath_only"
RUN-1002 : start command "get_regs rd_to_wr_cross_inst/primary_addr_gray_reg[*]"
RUN-1002 : start command "get_regs rd_to_wr_cross_inst/sync_r1[*]"
RUN-1002 : start command "set_false_path -from  -to  -hold 9.6999999999999993"
USR-1002 : set_false_path -help -setup -hold -from <list> -rise_from <list> -fall_from <list> -to <list> -rise_to <list> -fall_to <list> -through <list>
RUN-1002 : start command "get_regs wr_to_rd_cross_inst/primary_addr_gray_reg[*]"
RUN-1002 : start command "get_regs wr_to_rd_cross_inst/sync_r1[*]"
RUN-1002 : start command "set_max_delay -from  -to  9.6999999999999993 -datapath_only"
RUN-1002 : start command "get_regs wr_to_rd_cross_inst/primary_addr_gray_reg[*]"
RUN-1002 : start command "get_regs wr_to_rd_cross_inst/sync_r1[*]"
RUN-1002 : start command "set_false_path -from  -to  -hold 9.6999999999999993"
USR-1002 : set_false_path -help -setup -hold -from <list> -rise_from <list> -fall_from <list> -to <list> -rise_to <list> -fall_to <list> -through <list>
RUN-1002 : start command "get_ports clkw"
RUN-1002 : start command "get_nets  clkw  "
RUN-1002 : start command "get_clocks -nowarn -of nets 24468428685312"
RUN-1002 : start command "get_ports clkr"
RUN-1002 : start command "get_nets  clkr  "
RUN-1002 : start command "get_clocks -nowarn -of nets 8985071583232"
RUN-1002 : start command "get_property -nowarn -max PERIOD "
RUN-1002 : start command "get_property -nowarn -max PERIOD "
RUN-1002 : start command "get_regs rd_to_wr_cross_inst/primary_addr_gray_reg[*]"
RUN-1002 : start command "get_regs rd_to_wr_cross_inst/sync_r1[*]"
RUN-1002 : start command "set_max_delay -from  -to  9.6999999999999993 -datapath_only"
RUN-1002 : start command "get_regs rd_to_wr_cross_inst/primary_addr_gray_reg[*]"
RUN-1002 : start command "get_regs rd_to_wr_cross_inst/sync_r1[*]"
RUN-1002 : start command "set_false_path -from  -to  -hold 9.6999999999999993"
USR-1002 : set_false_path -help -setup -hold -from <list> -rise_from <list> -fall_from <list> -to <list> -rise_to <list> -fall_to <list> -through <list>
RUN-1002 : start command "get_regs wr_to_rd_cross_inst/primary_addr_gray_reg[*]"
RUN-1002 : start command "get_regs wr_to_rd_cross_inst/sync_r1[*]"
RUN-1002 : start command "set_max_delay -from  -to  9.6999999999999993 -datapath_only"
RUN-1002 : start command "get_regs wr_to_rd_cross_inst/primary_addr_gray_reg[*]"
RUN-1002 : start command "get_regs wr_to_rd_cross_inst/sync_r1[*]"
RUN-1002 : start command "set_false_path -from  -to  -hold 9.6999999999999993"
USR-1002 : set_false_path -help -setup -hold -from <list> -rise_from <list> -fall_from <list> -to <list> -rise_to <list> -fall_to <list> -through <list>
RUN-1002 : start command "place"
RUN-1001 : Open license file D:/Program/Anlogic/TD5.6.2/license/Anlogic.lic
RUN-1001 : Print Global Property
RUN-1001 : ---------------------------------------------------------------
RUN-1001 :        Parameters        |  Settings  |  Default Values  |  Note  
RUN-1001 : ---------------------------------------------------------------
RUN-1001 :          message         |  standard  |     standard     |        
RUN-1001 :   mixed_pack_place_flow  |     on     |        on        |        
RUN-1001 :        qor_monitor       |    off     |       off        |        
RUN-1001 :        syn_ip_flow       |    off     |       off        |        
RUN-1001 :          thread          |    auto    |       auto       |        
RUN-1001 : ---------------------------------------------------------------
RUN-1001 : Print Place Property
RUN-1001 : --------------------------------------------------------------
RUN-1001 :        Parameters       |  Settings  |  Default Values  |  Note  
RUN-1001 : --------------------------------------------------------------
RUN-1001 :      detailed_place     |     on     |        on        |        
RUN-1001 :          effort         |   medium   |      medium      |        
RUN-1001 :         fix_hold        |    off     |       off        |        
RUN-1001 :       legalization      |    ori     |       ori        |        
RUN-1001 :      new_spreading      |     on     |        on        |        
RUN-1001 :        opt_timing       |   medium   |      medium      |        
RUN-1001 :   post_clock_route_opt  |    off     |       off        |        
RUN-1001 :       pr_strategy       |     1      |        1         |        
RUN-1001 :        relaxation       |    1.00    |       1.00       |        
RUN-1001 :         retiming        |    off     |       off        |        
RUN-1001 : --------------------------------------------------------------
PHY-3001 : Placer runs in 16 thread(s).
RUN-1002 : start command "legalize_phy_inst"
SYN-1011 : Flatten model top
SYN-5055 WARNING: The kept net frame_read_write_m0/frame_fifo_read_m0/App_rd_en_d0 will be merged to another kept net U3/App_rd_en
SYN-5055 WARNING: The kept net U3/u2_ram/u2_wrrd/App_rd_en will be merged to another kept net U3/App_rd_en
SYN-5055 WARNING: The kept net U3/u2_ram/u2_wrrd/Sdr_clk_sft will be merged to another kept net U3/u2_ram/SDRAM_CLK
SYN-5055 WARNING: The kept net U3/SDRAM_CLK will be merged to another kept net U3/u2_ram/SDRAM_CLK
SYN-5055 WARNING: The kept net U3/Sdr_rd_dout[31] will be merged to another kept net U3/u2_ram/Sdr_rd_dout[31]
SYN-5055 WARNING: The kept net U3/Sdr_rd_dout[30] will be merged to another kept net U3/u2_ram/Sdr_rd_dout[30]
SYN-5055 WARNING: The kept net U3/Sdr_rd_dout[29] will be merged to another kept net U3/u2_ram/Sdr_rd_dout[29]
SYN-5055 WARNING: The kept net U3/Sdr_rd_dout[28] will be merged to another kept net U3/u2_ram/Sdr_rd_dout[28]
SYN-5055 WARNING: The kept net U3/Sdr_rd_dout[27] will be merged to another kept net U3/u2_ram/Sdr_rd_dout[27]
SYN-5055 WARNING: The kept net U3/Sdr_rd_dout[26] will be merged to another kept net U3/u2_ram/Sdr_rd_dout[26]
SYN-5055 Similar messages will be suppressed.
RUN-1002 : start command "phys_opt -simplify_lut"
SYN-1032 : 2776/1 useful/useless nets, 2415/0 useful/useless insts
SYN-4016 : Net frame_read_write_m0/write_buf/clkw driven by BUFG (429 clock/control pins, 1 other pins).
SYN-4016 : Net frame_read_write_m0/read_buf/clkr driven by BUFG (119 clock/control pins, 1 other pins).
SYN-4027 : Net U3/u2_ram/SDRAM_CLK is clkc1 of pll sys_pll_m0/pll_inst.
SYN-4019 : Net clk_dup_1 is refclk of pll sys_pll_m0/pll_inst.
SYN-4020 : Net clk_dup_1 is fbclk of pll sys_pll_m0/pll_inst.
SYN-4019 : Net clk_dup_1 is refclk of pll video_pll_m0/pll_inst.
SYN-4020 : Net clk_dup_1 is fbclk of pll video_pll_m0/pll_inst.
SYN-4025 : Tag rtl::Net U3/u2_ram/SDRAM_CLK as clock net
SYN-4025 : Tag rtl::Net clk_dup_1 as clock net
SYN-4025 : Tag rtl::Net frame_read_write_m0/read_buf/clkr as clock net
SYN-4025 : Tag rtl::Net frame_read_write_m0/write_buf/clkw as clock net
SYN-4026 : Tagged 4 rtl::Net as clock net
PHY-1001 : Populate physical database on model top.
RUN-1001 : There are total 2415 instances
RUN-0007 : 1001 luts, 1074 seqs, 147 mslices, 83 lslices, 102 pads, 1 brams, 0 dsps
RUN-1001 : There are total 2776 nets
RUN-6004 WARNING: There are 32 nets with only 1 pin.
RUN-1001 : 1951 nets have 2 pins
RUN-1001 : 580 nets have [3 - 5] pins
RUN-1001 : 118 nets have [6 - 10] pins
RUN-1001 : 49 nets have [11 - 20] pins
RUN-1001 : 41 nets have [21 - 99] pins
RUN-1001 : 5 nets have 100+ pins
RUN-1001 : Report Control nets information:
RUN-1001 : DFF Distribution
RUN-1001 : ----------------------------------
RUN-1001 :   CE   |  SSR  |  ASR  |  DFF Count  
RUN-1001 : ----------------------------------
RUN-1001 :   No   |  No   |  No   |     257     
RUN-1001 :   No   |  No   |  Yes  |     516     
RUN-1001 :   No   |  Yes  |  No   |     65      
RUN-1001 :   Yes  |  No   |  No   |     16      
RUN-1001 :   Yes  |  No   |  Yes  |     202     
RUN-1001 :   Yes  |  Yes  |  No   |     18      
RUN-1001 : ----------------------------------
RUN-0007 : Control Group Statistic
RUN-0007 : ---------------------------
RUN-0007 :   #CLK  |  #CE  |  #SSR/ASR  
RUN-0007 : ---------------------------
RUN-0007 :    4    |  21   |     8      
RUN-0007 : ---------------------------
RUN-0007 : Control Set = 34
PHY-3001 : Initial placement ...
PHY-3001 : design contains 2413 instances, 1001 luts, 1074 seqs, 230 slices, 35 macros(230 instances: 147 mslices 83 lslices)
PHY-0007 : Cell area utilization is 7%
PHY-3001 : Start timing update ...
RUN-1002 : start command "start_timer -report"
TMR-2505 : Start building timing graph for model top.
TMR-2506 : Build timing graph completely. Port num: 22, tpin num: 10842, tnet num: 2774, tinst num: 2413, tnode num: 14205, tedge num: 17195.
TMR-2508 : Levelizing timing graph completed, there are 43 levels in total.
TMR-2501 : Timing graph initialized successfully.
TMR-2503 : Start to update net delay, extr mode = 2.
TMR-2504 : Update delay of 2774 nets completely.
TMR-2502 : Annotate delay completely, extr mode = 2.
TMR-3001 : Initiate 4 clocks from SDC.
TMR-3004 : Map sdc constraints, there are 8 constraints in total.
TMR-3003 : Constraints initiated successfully.
TMR-3501 : Forward propagation: start to calculate arrival time...
TMR-3502 : Backward propagation: start to calculate required time...
TMR-3503 : Timing propagation completes.
PHY-3001 : End timing update;  0.431851s wall, 0.281250s user + 0.000000s system = 0.281250s CPU (65.1%)

PHY-3001 : Global placement ...
PHY-3001 : Initial: Len = 613256
PHY-3001 : Clustering ...
PHY-3001 : Level 0 #clusters 2413.
PHY-3001 : End clustering;  0.000008s wall, 0.000000s user + 0.000000s system = 0.000000s CPU (n/a%)

PHY-3001 : Run with size of 4
PHY-3001 : Cell area utilization is 7%
PHY-3001 : :::0::: Try harder cell spreading with beta_ = 0
PHY-3002 : Step(1): len = 492824, overlap = 0
PHY-3002 : Step(2): len = 402120, overlap = 2.25
PHY-3002 : Step(3): len = 353132, overlap = 2.25
PHY-3002 : Step(4): len = 317364, overlap = 2.25
PHY-3002 : Step(5): len = 282801, overlap = 2.25
PHY-3002 : Step(6): len = 256109, overlap = 3.5625
PHY-3002 : Step(7): len = 228773, overlap = 5.9375
PHY-3002 : Step(8): len = 192301, overlap = 6.75
PHY-3002 : Step(9): len = 170754, overlap = 6.40625
PHY-3002 : Step(10): len = 151571, overlap = 9.625
PHY-3002 : Step(11): len = 130016, overlap = 22.5938
PHY-3002 : Step(12): len = 119702, overlap = 28.2812
PHY-3002 : Step(13): len = 110972, overlap = 31.5938
PHY-3002 : Step(14): len = 100703, overlap = 25.3438
PHY-3002 : Step(15): len = 95091.1, overlap = 26.4062
PHY-3002 : Step(16): len = 89040.3, overlap = 27.6875
PHY-3001 : :::1::: Try harder cell spreading with beta_ = 0.0522242
PHY-3002 : Step(17): len = 91651.7, overlap = 26.5625
PHY-3002 : Step(18): len = 89471.5, overlap = 27.25
PHY-3002 : Step(19): len = 87511.4, overlap = 26.75
PHY-3002 : Step(20): len = 87328.2, overlap = 26.75
PHY-3002 : Step(21): len = 87141.9, overlap = 26.8438
PHY-3001 : :::2::: Try harder cell spreading with beta_ = 0.104448
PHY-3002 : Step(22): len = 86992.9, overlap = 26.8438
PHY-3002 : Step(23): len = 85207.8, overlap = 26.6875
PHY-3002 : Step(24): len = 84791.3, overlap = 26.6875
PHY-3002 : Step(25): len = 81805.9, overlap = 28.7812
PHY-3002 : Step(26): len = 81805.9, overlap = 28.7812
PHY-3002 : Step(27): len = 80253.7, overlap = 28.5938
PHY-3002 : Step(28): len = 80164, overlap = 28.5938
PHY-3002 : Step(29): len = 80028.9, overlap = 28.5938
PHY-3001 : :::3::: Try harder cell spreading with beta_ = 0.208897
PHY-3002 : Step(30): len = 79981, overlap = 28.5938
PHY-3002 : Step(31): len = 79915, overlap = 28.5938
PHY-3001 : Legalization ...
PHY-3001 : End legalization;  0.003858s wall, 0.000000s user + 0.000000s system = 0.000000s CPU (n/a%)

PHY-3001 : Run with size of 4
PHY-3001 : Cell area utilization is 9%
PHY-3001 : Update timing in Manhattan mode ...
TMR-2503 : Start to update net delay, extr mode = 3.
TMR-2504 : Update delay of 2774 nets completely.
TMR-2502 : Annotate delay completely, extr mode = 3.
TMR-3501 : Forward propagation: start to calculate arrival time...
TMR-3502 : Backward propagation: start to calculate required time...
TMR-3503 : Timing propagation completes.
PHY-3001 : End timing update;  0.060379s wall, 0.000000s user + 0.015625s system = 0.015625s CPU (25.9%)

PHY-3001 : :::0::: Try harder cell spreading with beta_ = 3.8772e-05
PHY-3002 : Step(32): len = 79918.2, overlap = 44.8438
PHY-3002 : Step(33): len = 79928.4, overlap = 43.25
PHY-3002 : Step(34): len = 77477.4, overlap = 43.7812
PHY-3002 : Step(35): len = 76188.2, overlap = 44.5938
PHY-3002 : Step(36): len = 74343.1, overlap = 43.4062
PHY-3002 : Step(37): len = 72678.7, overlap = 42.75
PHY-3002 : Step(38): len = 71488.5, overlap = 42.5312
PHY-3002 : Step(39): len = 69682.6, overlap = 42.5312
PHY-3002 : Step(40): len = 67656.3, overlap = 38.9375
PHY-3002 : Step(41): len = 65947.1, overlap = 37.5312
PHY-3002 : Step(42): len = 64667.2, overlap = 35.875
PHY-3002 : Step(43): len = 63448.6, overlap = 35.5312
PHY-3002 : Step(44): len = 62026.8, overlap = 35.0625
PHY-3002 : Step(45): len = 60499, overlap = 34.6875
PHY-3002 : Step(46): len = 59331.2, overlap = 38.9062
PHY-3002 : Step(47): len = 58523.8, overlap = 38.7188
PHY-3002 : Step(48): len = 57246.5, overlap = 38.2812
PHY-3002 : Step(49): len = 56302.3, overlap = 39
PHY-3002 : Step(50): len = 55575.4, overlap = 38.8438
PHY-3002 : Step(51): len = 54836.1, overlap = 40.9688
PHY-3002 : Step(52): len = 54139.7, overlap = 40.375
PHY-3002 : Step(53): len = 53330.4, overlap = 39.625
PHY-3002 : Step(54): len = 52728.6, overlap = 38.0625
PHY-3002 : Step(55): len = 52575.7, overlap = 37.7812
PHY-3001 : :::1::: Try harder cell spreading with beta_ = 7.75439e-05
PHY-3002 : Step(56): len = 52226, overlap = 37.4688
PHY-3002 : Step(57): len = 52283.3, overlap = 37.4688
PHY-3001 : :::2::: Try harder cell spreading with beta_ = 0.000155088
PHY-3002 : Step(58): len = 52754, overlap = 37.875
PHY-3002 : Step(59): len = 53026.8, overlap = 37.6562
PHY-3002 : Step(60): len = 53686.5, overlap = 39.5625
PHY-3002 : Step(61): len = 53673.5, overlap = 39.75
PHY-3002 : Step(62): len = 53701.1, overlap = 39.5938
PHY-3001 : Run with size of 2
PHY-3001 : Cell area utilization is 9%
PHY-3001 : Update timing in Manhattan mode ...
TMR-2503 : Start to update net delay, extr mode = 3.
TMR-2504 : Update delay of 2774 nets completely.
TMR-2502 : Annotate delay completely, extr mode = 3.
TMR-3501 : Forward propagation: start to calculate arrival time...
TMR-3502 : Backward propagation: start to calculate required time...
TMR-3503 : Timing propagation completes.
PHY-3001 : End timing update;  0.060952s wall, 0.046875s user + 0.000000s system = 0.046875s CPU (76.9%)

PHY-3001 : :::0::: Try harder cell spreading with beta_ = 5.83031e-05
PHY-3002 : Step(63): len = 53737, overlap = 86.8125
PHY-3002 : Step(64): len = 54084, overlap = 85.5938
PHY-3002 : Step(65): len = 54054.7, overlap = 84.2188
PHY-3002 : Step(66): len = 54693.9, overlap = 75.1875
PHY-3002 : Step(67): len = 55477.6, overlap = 68.5
PHY-3002 : Step(68): len = 55213.4, overlap = 67.5312
PHY-3002 : Step(69): len = 55307.5, overlap = 67.8125
PHY-3002 : Step(70): len = 55327.4, overlap = 67.2812
PHY-3001 : :::1::: Try harder cell spreading with beta_ = 0.000116606
PHY-3002 : Step(71): len = 54950.9, overlap = 66.5938
PHY-3002 : Step(72): len = 55072.1, overlap = 66.1562
PHY-3002 : Step(73): len = 55666.3, overlap = 61.0938
PHY-3001 : :::2::: Try harder cell spreading with beta_ = 0.000233213
PHY-3002 : Step(74): len = 56215.9, overlap = 58.7188
PHY-3002 : Step(75): len = 57260.5, overlap = 54.8125
PHY-3002 : Step(76): len = 58055.4, overlap = 44.125
PHY-3002 : Step(77): len = 57002.3, overlap = 52.8438
PHY-3002 : Step(78): len = 56786.7, overlap = 53.3125
PHY-3002 : Step(79): len = 56556.3, overlap = 54.8438
OPT-1001 : Start physical optimization ...
RUN-1002 : start command "start_timer -report"
TMR-2505 : Start building timing graph for model top.
TMR-2506 : Build timing graph completely. Port num: 22, tpin num: 10842, tnet num: 2774, tinst num: 2413, tnode num: 14205, tedge num: 17195.
TMR-2508 : Levelizing timing graph completed, there are 43 levels in total.
TMR-2501 : Timing graph initialized successfully.
OPT-1001 : Total overflow 129.25 peak overflow 4.00
OPT-1001 : Start high-fanout net optimization ...
OPT-1001 : Update timing in global mode
PHY-1001 : Start incremental global routing, caller is place ...
RUN-1001 : Generating global routing grids ...
RUN-1001 : Building simple global routing graph ...
PHY-1001 : Generate routing nets ...
PHY-1001 : Reuse net number 0/2776.
PHY-1001 : Global iterations in 16 thread ...
PHY-1002 : len = 63344, over cnt = 239(0%), over = 804, worst = 22
PHY-1001 : End global iterations;  0.074784s wall, 0.031250s user + 0.000000s system = 0.031250s CPU (41.8%)

PHY-1001 : Congestion index: top1 = 35.04, top5 = 22.95, top10 = 16.01, top15 = 12.11.
PHY-1001 : End incremental global routing;  0.116270s wall, 0.046875s user + 0.000000s system = 0.046875s CPU (40.3%)

TMR-2503 : Start to update net delay, extr mode = 5.
TMR-2504 : Update delay of 2774 nets completely.
TMR-2502 : Annotate delay completely, extr mode = 5.
TMR-3001 : Initiate 4 clocks from SDC.
TMR-3004 : Map sdc constraints, there are 8 constraints in total.
TMR-3003 : Constraints initiated successfully.
TMR-3501 : Forward propagation: start to calculate arrival time...
TMR-3502 : Backward propagation: start to calculate required time...
TMR-3503 : Timing propagation completes.
OPT-1001 : End timing update;  0.056941s wall, 0.046875s user + 0.000000s system = 0.046875s CPU (82.3%)

OPT-1001 : 1 high-fanout net processed.
PHY-3001 : Start incremental placement ...
PHY-1001 : Populate physical database on model top.
PHY-3001 : Initial placement ...
PHY-3001 : eco special cells: 1 has valid locations, 0 needs to be replaced
PHY-3001 : eco pad cells: 102 has valid locations, 0 needs to be replaced
PHY-3001 : eco cells: 2305 has valid locations, 3 needs to be replaced
PHY-3001 : design contains 2415 instances, 1003 luts, 1074 seqs, 230 slices, 35 macros(230 instances: 147 mslices 83 lslices)
PHY-3001 : Global placement ...
PHY-3001 : Initial: Len = 56745
PHY-3001 : Run with size of 4
PHY-3001 : Cell area utilization is 9%
PHY-3001 : Update timing in Manhattan mode ...
RUN-1002 : start command "start_timer -report"
TMR-2505 : Start building timing graph for model top.
TMR-2506 : Build timing graph completely. Port num: 22, tpin num: 10850, tnet num: 2776, tinst num: 2415, tnode num: 14213, tedge num: 17207.
TMR-2508 : Levelizing timing graph completed, there are 43 levels in total.
TMR-2501 : Timing graph initialized successfully.
TMR-2503 : Start to update net delay, extr mode = 3.
TMR-2504 : Update delay of 2776 nets completely.
TMR-2502 : Annotate delay completely, extr mode = 3.
TMR-3001 : Initiate 4 clocks from SDC.
TMR-3004 : Map sdc constraints, there are 8 constraints in total.
TMR-3003 : Constraints initiated successfully.
TMR-3501 : Forward propagation: start to calculate arrival time...
TMR-3502 : Backward propagation: start to calculate required time...
TMR-3503 : Timing propagation completes.
PHY-3001 : End timing update;  0.453225s wall, 0.281250s user + 0.031250s system = 0.312500s CPU (69.0%)

PHY-3001 : :::0::: Try harder cell spreading with beta_ = 0
PHY-3002 : Step(80): len = 56649.1, overlap = 12.625
PHY-3002 : Step(81): len = 56652.1, overlap = 12.625
PHY-3002 : Step(82): len = 56652.1, overlap = 12.625
PHY-3001 : :::1::: Try harder cell spreading with beta_ = 0.000352273
PHY-3002 : Step(83): len = 56653.5, overlap = 12.625
PHY-3002 : Step(84): len = 56653.5, overlap = 12.625
PHY-3001 : Run with size of 2
PHY-3001 : Cell area utilization is 9%
PHY-3001 : Update timing in Manhattan mode ...
TMR-2503 : Start to update net delay, extr mode = 3.
TMR-2504 : Update delay of 2776 nets completely.
TMR-2502 : Annotate delay completely, extr mode = 3.
TMR-3501 : Forward propagation: start to calculate arrival time...
TMR-3502 : Backward propagation: start to calculate required time...
TMR-3503 : Timing propagation completes.
PHY-3001 : End timing update;  0.048199s wall, 0.000000s user + 0.000000s system = 0.000000s CPU (n/a%)

PHY-3001 : :::0::: Try harder cell spreading with beta_ = 0.000340554
PHY-3002 : Step(85): len = 56653.5, overlap = 54.9375
PHY-3002 : Step(86): len = 56653.5, overlap = 54.9375
PHY-3001 : :::1::: Try harder cell spreading with beta_ = 0.000681108
PHY-3002 : Step(87): len = 56671.7, overlap = 55.0312
PHY-3002 : Step(88): len = 56671.7, overlap = 55.0312
PHY-3001 : Final: Len = 56671.7, Over = 55.0312
PHY-3001 : End incremental placement;  0.621309s wall, 0.312500s user + 0.031250s system = 0.343750s CPU (55.3%)

OPT-1001 : Total overflow 129.34 peak overflow 4.00
OPT-1001 : End high-fanout net optimization;  0.830119s wall, 0.437500s user + 0.031250s system = 0.468750s CPU (56.5%)

OPT-1001 : Current memory(MB): used = 224, reserve = 196, peak = 224.
OPT-1001 : Start global optimization ...
OPT-1001 : Start congestion update ...
RUN-1001 : Generating global routing grids ...
PHY-1001 : Generate routing nets ...
PHY-1001 : Reuse net number 1754/2778.
PHY-1001 : Global iterations in 16 thread ...
PHY-1002 : len = 63448, over cnt = 238(0%), over = 795, worst = 22
PHY-1002 : len = 67152, over cnt = 176(0%), over = 477, worst = 14
PHY-1002 : len = 72088, over cnt = 35(0%), over = 73, worst = 9
PHY-1002 : len = 72896, over cnt = 6(0%), over = 7, worst = 2
PHY-1002 : len = 73088, over cnt = 0(0%), over = 0, worst = 0
PHY-1001 : End global iterations;  0.072026s wall, 0.000000s user + 0.000000s system = 0.000000s CPU (n/a%)

PHY-1001 : Congestion index: top1 = 32.03, top5 = 22.90, top10 = 17.08, top15 = 13.23.
OPT-1001 : End congestion update;  0.110194s wall, 0.031250s user + 0.000000s system = 0.031250s CPU (28.4%)

OPT-1001 : Update timing in Manhattan mode
TMR-2503 : Start to update net delay, extr mode = 3.
TMR-2504 : Update delay of 2776 nets completely.
TMR-2502 : Annotate delay completely, extr mode = 3.
TMR-3501 : Forward propagation: start to calculate arrival time...
TMR-3502 : Backward propagation: start to calculate required time...
TMR-3503 : Timing propagation completes.
OPT-1001 : End timing update;  0.049243s wall, 0.046875s user + 0.000000s system = 0.046875s CPU (95.2%)

OPT-0007 : Start: WNS 4358 TNS 0 NUM_FEPS 0
OPT-1001 : End global optimization;  0.159669s wall, 0.078125s user + 0.000000s system = 0.078125s CPU (48.9%)

OPT-1001 : Current memory(MB): used = 219, reserve = 191, peak = 224.
OPT-1001 : End physical optimization;  1.407255s wall, 0.781250s user + 0.046875s system = 0.828125s CPU (58.8%)

PHY-3001 : Start packing ...
SYN-4007 : Packing 0 MUX to BLE ...
SYN-4008 : Packed 0 MUX and 0 SEQ to BLE.
SYN-4007 : Packing 1003 LUT to BLE ...
SYN-4008 : Packed 1003 LUT and 537 SEQ to BLE.
SYN-4003 : Packing 537 remaining SEQ's ...
SYN-4005 : Packed 129 SEQ with LUT/SLICE
SYN-4006 : 366 single LUT's are left
SYN-4006 : 408 single SEQ's are left
SYN-4011 : Packing model "top" (AL_USER_NORMAL) with 1411/1963 primitive instances ...
PHY-3001 : End packing;  0.060179s wall, 0.062500s user + 0.000000s system = 0.062500s CPU (103.9%)

PHY-1001 : Populate physical database on model top.
RUN-1001 : There are total 1112 instances
RUN-1001 : 501 mslices, 501 lslices, 102 pads, 1 brams, 0 dsps
RUN-1001 : There are total 2280 nets
RUN-6004 WARNING: There are 32 nets with only 1 pin.
RUN-1001 : 1471 nets have 2 pins
RUN-1001 : 556 nets have [3 - 5] pins
RUN-1001 : 123 nets have [6 - 10] pins
RUN-1001 : 50 nets have [11 - 20] pins
RUN-1001 : 44 nets have [21 - 99] pins
RUN-1001 : 4 nets have 100+ pins
PHY-3001 : design contains 1110 instances, 1002 slices, 35 macros(230 instances: 147 mslices 83 lslices)
PHY-3001 : Cell area utilization is 13%
PHY-3001 : After packing: Len = 55990.4, Over = 76.5
PHY-3001 : Run with size of 2
PHY-3001 : Cell area utilization is 13%
PHY-3001 : Update timing in Manhattan mode ...
RUN-1002 : start command "start_timer -report"
TMR-2505 : Start building timing graph for model top.
TMR-2506 : Build timing graph completely. Port num: 22, tpin num: 9111, tnet num: 2278, tinst num: 1110, tnode num: 11590, tedge num: 15262.
TMR-2508 : Levelizing timing graph completed, there are 41 levels in total.
TMR-2501 : Timing graph initialized successfully.
TMR-2503 : Start to update net delay, extr mode = 3.
TMR-2504 : Update delay of 2278 nets completely.
TMR-2502 : Annotate delay completely, extr mode = 3.
TMR-3001 : Initiate 4 clocks from SDC.
TMR-3004 : Map sdc constraints, there are 8 constraints in total.
TMR-3003 : Constraints initiated successfully.
TMR-3501 : Forward propagation: start to calculate arrival time...
TMR-3502 : Backward propagation: start to calculate required time...
TMR-3503 : Timing propagation completes.
PHY-3001 : End timing update;  0.466712s wall, 0.265625s user + 0.000000s system = 0.265625s CPU (56.9%)

PHY-3001 : :::0::: Try harder cell spreading with beta_ = 5.46687e-05
PHY-3002 : Step(89): len = 54766, overlap = 77.5
PHY-3002 : Step(90): len = 54213.8, overlap = 77.75
PHY-3002 : Step(91): len = 53749.6, overlap = 76.75
PHY-3002 : Step(92): len = 53517.8, overlap = 75.5
PHY-3002 : Step(93): len = 53458.2, overlap = 69.5
PHY-3001 : :::1::: Try harder cell spreading with beta_ = 0.000109337
PHY-3002 : Step(94): len = 54048.7, overlap = 67.5
PHY-3002 : Step(95): len = 54718.5, overlap = 66.75
PHY-3002 : Step(96): len = 54787, overlap = 67.5
PHY-3001 : :::2::: Try harder cell spreading with beta_ = 0.000218675
PHY-3002 : Step(97): len = 55607.8, overlap = 65.25
PHY-3002 : Step(98): len = 56443.2, overlap = 64
PHY-3002 : Step(99): len = 56742.7, overlap = 63.25
PHY-3001 : Legalization ...
PHY-3001 : End legalization;  0.134718s wall, 0.000000s user + 0.000000s system = 0.000000s CPU (n/a%)

PHY-3001 : Trial Legalized: Len = 76975.7
PHY-3001 : Run with size of 2
PHY-3001 : Cell area utilization is 13%
PHY-3001 : Update timing in Manhattan mode ...
TMR-2503 : Start to update net delay, extr mode = 3.
TMR-2504 : Update delay of 2278 nets completely.
TMR-2502 : Annotate delay completely, extr mode = 3.
TMR-3501 : Forward propagation: start to calculate arrival time...
TMR-3502 : Backward propagation: start to calculate required time...
TMR-3503 : Timing propagation completes.
PHY-3001 : End timing update;  0.044147s wall, 0.000000s user + 0.000000s system = 0.000000s CPU (n/a%)

PHY-3001 : :::0::: Try harder cell spreading with beta_ = 0.000783921
PHY-3002 : Step(100): len = 71027.7, overlap = 11.25
PHY-3002 : Step(101): len = 68096.3, overlap = 14
PHY-3002 : Step(102): len = 65372.6, overlap = 19
PHY-3002 : Step(103): len = 63428.9, overlap = 24
PHY-3002 : Step(104): len = 62003.8, overlap = 28.5
PHY-3002 : Step(105): len = 60966.7, overlap = 30.25
PHY-3002 : Step(106): len = 60394.8, overlap = 32
PHY-3002 : Step(107): len = 60061.7, overlap = 31.25
PHY-3001 : :::1::: Try harder cell spreading with beta_ = 0.00156784
PHY-3002 : Step(108): len = 60301.3, overlap = 30.5
PHY-3002 : Step(109): len = 60379, overlap = 29.75
PHY-3002 : Step(110): len = 60401, overlap = 29.75
PHY-3001 : :::2::: Try harder cell spreading with beta_ = 0.00313568
PHY-3002 : Step(111): len = 60507.7, overlap = 28.5
PHY-3002 : Step(112): len = 60633.2, overlap = 29
PHY-3001 : Legalization ...
PHY-3001 : End legalization;  0.004622s wall, 0.000000s user + 0.000000s system = 0.000000s CPU (n/a%)

PHY-3001 : Legalized: Len = 67946.8, Over = 0
PHY-3001 : Spreading special nets. 15 overflows in 2952 tiles.
PHY-3001 : End spreading;  0.005137s wall, 0.000000s user + 0.000000s system = 0.000000s CPU (n/a%)

PHY-3001 : 20 instances has been re-located, deltaX = 3, deltaY = 23, maxDist = 2.
PHY-3001 : Final: Len = 68648.8, Over = 0
OPT-1001 : Start physical optimization ...
RUN-1002 : start command "start_timer -report"
TMR-2505 : Start building timing graph for model top.
TMR-2506 : Build timing graph completely. Port num: 22, tpin num: 9111, tnet num: 2278, tinst num: 1110, tnode num: 11590, tedge num: 15262.
TMR-2508 : Levelizing timing graph completed, there are 41 levels in total.
TMR-2501 : Timing graph initialized successfully.
OPT-1001 : Total overflow 0.00 peak overflow 0.00
OPT-1001 : Start high-fanout net optimization ...
OPT-1001 : Update timing in global mode
PHY-1001 : Start incremental global routing, caller is place ...
RUN-1001 : Generating global routing grids ...
PHY-1001 : Generate routing nets ...
PHY-1001 : Reuse net number 49/2280.
PHY-1001 : Global iterations in 16 thread ...
PHY-1002 : len = 80152, over cnt = 191(0%), over = 347, worst = 5
PHY-1002 : len = 81544, over cnt = 87(0%), over = 148, worst = 4
PHY-1002 : len = 82976, over cnt = 22(0%), over = 33, worst = 4
PHY-1002 : len = 83152, over cnt = 14(0%), over = 18, worst = 3
PHY-1002 : len = 83288, over cnt = 0(0%), over = 0, worst = 0
PHY-1001 : End global iterations;  0.132723s wall, 0.031250s user + 0.000000s system = 0.031250s CPU (23.5%)

PHY-1001 : Congestion index: top1 = 27.11, top5 = 21.85, top10 = 17.82, top15 = 14.44.
PHY-1001 : End incremental global routing;  0.179380s wall, 0.062500s user + 0.000000s system = 0.062500s CPU (34.8%)

TMR-2503 : Start to update net delay, extr mode = 5.
TMR-2504 : Update delay of 2278 nets completely.
TMR-2502 : Annotate delay completely, extr mode = 5.
TMR-3001 : Initiate 4 clocks from SDC.
TMR-3004 : Map sdc constraints, there are 8 constraints in total.
TMR-3003 : Constraints initiated successfully.
TMR-3501 : Forward propagation: start to calculate arrival time...
TMR-3502 : Backward propagation: start to calculate required time...
TMR-3503 : Timing propagation completes.
OPT-1001 : End timing update;  0.051080s wall, 0.046875s user + 0.000000s system = 0.046875s CPU (91.8%)

OPT-1001 : 1 high-fanout net processed.
PHY-3001 : Start incremental placement ...
PHY-1001 : Populate physical database on model top.
PHY-3001 : Initial placement ...
PHY-3001 : eco special cells: 1 has valid locations, 0 needs to be replaced
PHY-3001 : eco pad cells: 102 has valid locations, 0 needs to be replaced
PHY-3001 : eco cells: 1002 has valid locations, 5 needs to be replaced
PHY-3001 : design contains 1114 instances, 1006 slices, 35 macros(230 instances: 147 mslices 83 lslices)
PHY-3001 : Global placement ...
PHY-3001 : Initial: Len = 69133.2
PHY-3001 : Run with size of 4
PHY-3001 : Cell area utilization is 13%
PHY-3001 : Update timing in Manhattan mode ...
RUN-1002 : start command "start_timer -report"
TMR-2505 : Start building timing graph for model top.
TMR-2506 : Build timing graph completely. Port num: 22, tpin num: 9159, tnet num: 2282, tinst num: 1114, tnode num: 11650, tedge num: 15334.
TMR-2508 : Levelizing timing graph completed, there are 41 levels in total.
TMR-2501 : Timing graph initialized successfully.
TMR-2503 : Start to update net delay, extr mode = 3.
TMR-2504 : Update delay of 2282 nets completely.
TMR-2502 : Annotate delay completely, extr mode = 3.
TMR-3001 : Initiate 4 clocks from SDC.
TMR-3004 : Map sdc constraints, there are 8 constraints in total.
TMR-3003 : Constraints initiated successfully.
TMR-3501 : Forward propagation: start to calculate arrival time...
TMR-3502 : Backward propagation: start to calculate required time...
TMR-3503 : Timing propagation completes.
PHY-3001 : End timing update;  0.524574s wall, 0.390625s user + 0.000000s system = 0.390625s CPU (74.5%)

PHY-3001 : :::0::: Try harder cell spreading with beta_ = 0
PHY-3002 : Step(113): len = 68841.6, overlap = 0.5
PHY-3002 : Step(114): len = 68819.9, overlap = 0.5
PHY-3002 : Step(115): len = 68808.7, overlap = 0.5
PHY-3001 : Run with size of 2
PHY-3001 : Cell area utilization is 13%
PHY-3001 : Update timing in Manhattan mode ...
TMR-2503 : Start to update net delay, extr mode = 3.
TMR-2504 : Update delay of 2282 nets completely.
TMR-2502 : Annotate delay completely, extr mode = 3.
TMR-3501 : Forward propagation: start to calculate arrival time...
TMR-3502 : Backward propagation: start to calculate required time...
TMR-3503 : Timing propagation completes.
PHY-3001 : End timing update;  0.042686s wall, 0.031250s user + 0.000000s system = 0.031250s CPU (73.2%)

PHY-3001 : :::0::: Try harder cell spreading with beta_ = 0.000510972
PHY-3002 : Step(116): len = 68846, overlap = 1
PHY-3002 : Step(117): len = 68838.4, overlap = 1
PHY-3001 : :::1::: Try harder cell spreading with beta_ = 0.00102194
PHY-3002 : Step(118): len = 68868.4, overlap = 1
PHY-3002 : Step(119): len = 68868.3, overlap = 1
PHY-3001 : Legalization ...
PHY-3001 : End legalization;  0.003528s wall, 0.000000s user + 0.000000s system = 0.000000s CPU (n/a%)

PHY-3001 : Legalized: Len = 68971.6, Over = 0
PHY-3001 : End spreading;  0.004394s wall, 0.000000s user + 0.000000s system = 0.000000s CPU (n/a%)

PHY-3001 : Final: Len = 68971.6, Over = 0
PHY-3001 : End incremental placement;  0.670787s wall, 0.421875s user + 0.000000s system = 0.421875s CPU (62.9%)

OPT-1001 : Total overflow 0.00 peak overflow 0.00
OPT-1001 : End high-fanout net optimization;  0.935137s wall, 0.562500s user + 0.000000s system = 0.562500s CPU (60.2%)

OPT-1001 : Current memory(MB): used = 228, reserve = 202, peak = 229.
OPT-1001 : Start path based optimization ...
OPT-1001 : Start congestion update ...
RUN-1001 : Generating global routing grids ...
PHY-1001 : Generate routing nets ...
PHY-1001 : Reuse net number 1860/2284.
PHY-1001 : Global iterations in 16 thread ...
PHY-1002 : len = 83600, over cnt = 8(0%), over = 9, worst = 2
PHY-1002 : len = 83648, over cnt = 3(0%), over = 3, worst = 1
PHY-1002 : len = 83688, over cnt = 0(0%), over = 0, worst = 0
PHY-1001 : End global iterations;  0.025583s wall, 0.000000s user + 0.000000s system = 0.000000s CPU (n/a%)

PHY-1001 : Congestion index: top1 = 27.31, top5 = 22.03, top10 = 17.97, top15 = 14.55.
OPT-1001 : End congestion update;  0.065094s wall, 0.031250s user + 0.000000s system = 0.031250s CPU (48.0%)

OPT-1001 : Update timing in Manhattan mode
TMR-2503 : Start to update net delay, extr mode = 3.
TMR-2504 : Update delay of 2282 nets completely.
TMR-2502 : Annotate delay completely, extr mode = 3.
TMR-3501 : Forward propagation: start to calculate arrival time...
TMR-3502 : Backward propagation: start to calculate required time...
TMR-3503 : Timing propagation completes.
OPT-1001 : End timing update;  0.042129s wall, 0.031250s user + 0.000000s system = 0.031250s CPU (74.2%)

OPT-0007 : Start: WNS 4339 TNS 0 NUM_FEPS 0
OPT-1001 : End path based optimization;  0.107479s wall, 0.062500s user + 0.000000s system = 0.062500s CPU (58.2%)

OPT-1001 : Current memory(MB): used = 228, reserve = 202, peak = 229.
OPT-1001 : Update timing in Manhattan mode
TMR-2503 : Start to update net delay, extr mode = 3.
TMR-2504 : Update delay of 2282 nets completely.
TMR-2502 : Annotate delay completely, extr mode = 3.
TMR-3501 : Forward propagation: start to calculate arrival time...
TMR-3502 : Backward propagation: start to calculate required time...
TMR-3503 : Timing propagation completes.
OPT-1001 : End timing update;  0.042345s wall, 0.031250s user + 0.000000s system = 0.031250s CPU (73.8%)

OPT-1001 : Start pin optimization...
OPT-1001 : skip pin optimization...
RUN-1001 : Generating global routing grids ...
PHY-1001 : Generate routing nets ...
PHY-1001 : Reuse net number 1868/2284.
PHY-1001 : Global iterations in 16 thread ...
PHY-1002 : len = 83688, over cnt = 0(0%), over = 0, worst = 0
PHY-1001 : End global iterations;  0.004229s wall, 0.000000s user + 0.000000s system = 0.000000s CPU (n/a%)

PHY-1001 : Congestion index: top1 = 27.31, top5 = 22.03, top10 = 17.97, top15 = 14.55.
OPT-1001 : Update timing in Manhattan mode
TMR-2503 : Start to update net delay, extr mode = 3.
TMR-2504 : Update delay of 2282 nets completely.
TMR-2502 : Annotate delay completely, extr mode = 3.
TMR-3501 : Forward propagation: start to calculate arrival time...
TMR-3502 : Backward propagation: start to calculate required time...
TMR-3503 : Timing propagation completes.
OPT-1001 : End timing update;  0.044875s wall, 0.031250s user + 0.000000s system = 0.031250s CPU (69.6%)

RUN-1001 : QoR Analysis:
OPT-0007 :   WNS 4339 TNS 0 NUM_FEPS 0
RUN-1001 :   No local congestion issue, and most congested 1% tile average routing util is 27.000000
RUN-1001 :   Top critical paths
RUN-1001 :       #1 path slack 4339ps with logic level 8 
OPT-1001 : End physical optimization;  1.626967s wall, 0.968750s user + 0.000000s system = 0.968750s CPU (59.5%)

RUN-1003 : finish command "place" in  6.241159s wall, 2.796875s user + 0.296875s system = 3.093750s CPU (49.6%)

RUN-1004 : used memory is 203 MB, reserved memory is 175 MB, peak memory is 229 MB
RUN-1002 : start command "export_db pic_sdram_place.db"
RUN-1001 : Exported /
RUN-1001 : Exported flow parameters
RUN-1001 : Exported libs
RUN-1001 : Exported entities
RUN-1001 : Exported ports
RUN-1001 : Exported pins
RUN-1001 : Exported instances
RUN-1001 : Exported nets
RUN-1001 : Exported buses
RUN-1001 : Exported models
RUN-1001 : Exported congestions
RUN-1001 : Exported violations
RUN-1001 : Exported timing constraints
RUN-1001 : Exported IO constraints
RUN-1001 : Exported Inst constraints
RUN-1002 : start command "route"
RUN-1001 : Open license file D:/Program/Anlogic/TD5.6.2/license/Anlogic.lic
RUN-1001 : Print Global Property
RUN-1001 : ---------------------------------------------------------------
RUN-1001 :        Parameters        |  Settings  |  Default Values  |  Note  
RUN-1001 : ---------------------------------------------------------------
RUN-1001 :          message         |  standard  |     standard     |        
RUN-1001 :   mixed_pack_place_flow  |     on     |        on        |        
RUN-1001 :        qor_monitor       |    off     |       off        |        
RUN-1001 :        syn_ip_flow       |    off     |       off        |        
RUN-1001 :          thread          |    auto    |       auto       |        
RUN-1001 : ---------------------------------------------------------------
RUN-1001 : Print Route Property
RUN-1001 : -------------------------------------------------------
RUN-1001 :    Parameters    |  Settings  |  Default Values  |  Note  
RUN-1001 : -------------------------------------------------------
RUN-1001 :      effort      |   medium   |      medium      |        
RUN-1001 :     fix_hold     |    off     |       off        |        
RUN-1001 :    opt_timing    |   medium   |      medium      |        
RUN-1001 :   phy_sim_model  |    off     |       off        |        
RUN-1001 :     priority     |   timing   |      timing      |        
RUN-1001 :     swap_pin     |     on     |        on        |        
RUN-1001 : -------------------------------------------------------
PHY-1001 : Route runs in 16 thread(s)
RUN-1001 : There are total 1116 instances
RUN-1001 : 501 mslices, 505 lslices, 102 pads, 1 brams, 0 dsps
RUN-1001 : There are total 2284 nets
RUN-6004 WARNING: There are 32 nets with only 1 pin.
RUN-1001 : 1469 nets have 2 pins
RUN-1001 : 556 nets have [3 - 5] pins
RUN-1001 : 127 nets have [6 - 10] pins
RUN-1001 : 51 nets have [11 - 20] pins
RUN-1001 : 45 nets have [21 - 99] pins
RUN-1001 : 4 nets have 100+ pins
RUN-1002 : start command "start_timer -report"
TMR-2505 : Start building timing graph for model top.
TMR-2506 : Build timing graph completely. Port num: 22, tpin num: 9159, tnet num: 2282, tinst num: 1114, tnode num: 11650, tedge num: 15334.
TMR-2508 : Levelizing timing graph completed, there are 41 levels in total.
TMR-2501 : Timing graph initialized successfully.
PHY-1001 : 501 mslices, 505 lslices, 102 pads, 1 brams, 0 dsps
TMR-2503 : Start to update net delay, extr mode = 3.
TMR-2504 : Update delay of 2282 nets completely.
TMR-2502 : Annotate delay completely, extr mode = 3.
TMR-3001 : Initiate 4 clocks from SDC.
TMR-3004 : Map sdc constraints, there are 8 constraints in total.
TMR-3003 : Constraints initiated successfully.
TMR-3501 : Forward propagation: start to calculate arrival time...
TMR-3502 : Backward propagation: start to calculate required time...
TMR-3503 : Timing propagation completes.
PHY-1001 : Start global routing, caller is route ...
RUN-1001 : Generating global routing grids ...
PHY-1001 : Generate routing nets ...
PHY-1001 : Global iterations in 16 thread ...
PHY-1002 : len = 79640, over cnt = 193(0%), over = 361, worst = 6
PHY-1002 : len = 81216, over cnt = 91(0%), over = 151, worst = 4
PHY-1002 : len = 82536, over cnt = 28(0%), over = 46, worst = 4
PHY-1002 : len = 83064, over cnt = 0(0%), over = 0, worst = 0
PHY-1001 : End global iterations;  0.132768s wall, 0.031250s user + 0.000000s system = 0.031250s CPU (23.5%)

PHY-1001 : Congestion index: top1 = 27.76, top5 = 21.99, top10 = 17.90, top15 = 14.46.
PHY-1001 : End global routing;  0.178196s wall, 0.031250s user + 0.000000s system = 0.031250s CPU (17.5%)

PHY-1001 : Start detail routing ...
PHY-1001 : Current memory(MB): used = 245, reserve = 218, peak = 259.
PHY-1001 : Detailed router is running in normal mode.
PHY-1001 : Generate detailed routing grids ...
PHY-1001 : Generate nets ...
PHY-1001 : net clk_dup_1 will be routed on clock mesh
PHY-1001 : net U3/u2_ram/SDRAM_CLK will be routed on clock mesh
PHY-5010 WARNING: Net U3/u2_ram/u2_wrrd/Sdr_rd_dout[31] is skipped due to 0 input or output
PHY-5010 WARNING: Net U3/u2_ram/u2_wrrd/Sdr_rd_dout[30] is skipped due to 0 input or output
PHY-5010 WARNING: Net U3/u2_ram/u2_wrrd/Sdr_rd_dout[29] is skipped due to 0 input or output
PHY-5010 WARNING: Net U3/u2_ram/u2_wrrd/Sdr_rd_dout[28] is skipped due to 0 input or output
PHY-5010 WARNING: Net U3/u2_ram/u2_wrrd/Sdr_rd_dout[27] is skipped due to 0 input or output
PHY-5010 WARNING: Net U3/u2_ram/u2_wrrd/Sdr_rd_dout[26] is skipped due to 0 input or output
PHY-5010 WARNING: Net U3/u2_ram/u2_wrrd/Sdr_rd_dout[25] is skipped due to 0 input or output
PHY-5010 WARNING: Net U3/u2_ram/u2_wrrd/Sdr_rd_dout[24] is skipped due to 0 input or output
PHY-5010 WARNING: Net U3/u2_ram/u2_wrrd/Sdr_rd_dout[23] is skipped due to 0 input or output
PHY-5010 WARNING: Net U3/u2_ram/u2_wrrd/Sdr_rd_dout[22] is skipped due to 0 input or output
PHY-5010 Similar messages will be suppressed.
PHY-1001 : clock net frame_read_write_m0/read_buf/clkr will be merged with clock video_pll_m0/clk0_buf
PHY-1001 : clock net frame_read_write_m0/write_buf/clkw will be merged with clock sys_pll_m0/clk0_buf
PHY-1001 : Current memory(MB): used = 512, reserve = 490, peak = 512.
PHY-1001 : End build detailed router design. 2.490232s wall, 1.468750s user + 0.078125s system = 1.546875s CPU (62.1%)

PHY-1001 : Detail Route ...
PHY-1001 : ===== Detail Route Phase 1 =====
PHY-1001 : Clock net routing.....
PHY-1001 : Routed 0% nets.
PHY-1022 : len = 38216, over cnt = 0(0%), over = 0, worst = 0, crit = 0
PHY-1001 : End initial clock net routed; 0.676861s wall, 0.421875s user + 0.000000s system = 0.421875s CPU (62.3%)

PHY-1001 : Current memory(MB): used = 546, reserve = 524, peak = 546.
PHY-1001 : End phase 1; 0.682659s wall, 0.421875s user + 0.000000s system = 0.421875s CPU (61.8%)

PHY-1001 : ===== Detail Route Phase 2 =====
PHY-1001 : Initial routing.....
PHY-1001 : Routed 36% nets.
PHY-1001 : Routed 42% nets.
PHY-1001 : Routed 52% nets.
PHY-1001 : Routed 68% nets.
PHY-1001 : Routed 87% nets.
PHY-1022 : len = 260344, over cnt = 56(0%), over = 56, worst = 1, crit = 0
PHY-1001 : Current memory(MB): used = 546, reserve = 524, peak = 546.
PHY-1001 : End initial routed; 1.520074s wall, 0.671875s user + 0.000000s system = 0.671875s CPU (44.2%)

PHY-1001 : Update timing.....
PHY-1001 : 0/2008(0%) critical/total net(s).
RUN-1001 : --------------------------------------
RUN-1001 :   Type   |  WNS(ns)  |  TNS(ns)  |  FEP  
RUN-1001 : --------------------------------------
RUN-1001 :   Setup  |   1.043   |   0.000   |   0   
RUN-1001 :   Hold   |   0.088   |   0.000   |   0   
RUN-1001 : --------------------------------------
PHY-1001 : End update timing; 0.518781s wall, 0.328125s user + 0.000000s system = 0.328125s CPU (63.2%)

PHY-1001 : Current memory(MB): used = 548, reserve = 526, peak = 548.
PHY-1001 : End phase 2; 2.038907s wall, 1.000000s user + 0.000000s system = 1.000000s CPU (49.0%)

PHY-1001 : ===== Detail Route Phase 3 =====
PHY-1001 : Optimize timing.....
PHY-1022 : len = 260344, over cnt = 56(0%), over = 56, worst = 1, crit = 0
PHY-1001 : End optimize timing; 0.013860s wall, 0.015625s user + 0.000000s system = 0.015625s CPU (112.7%)

PHY-1001 : Ripup-reroute.....
PHY-1001 : ===== DR Iter 1 =====
PHY-1022 : len = 259928, over cnt = 3(0%), over = 3, worst = 1, crit = 0
PHY-1001 : End DR Iter 1; 0.033926s wall, 0.000000s user + 0.000000s system = 0.000000s CPU (n/a%)

PHY-1001 : ===== DR Iter 2 =====
PHY-1022 : len = 259936, over cnt = 0(0%), over = 0, worst = 0, crit = 0
PHY-1001 : End DR Iter 2; 0.020576s wall, 0.000000s user + 0.000000s system = 0.000000s CPU (n/a%)

PHY-1001 : Update timing.....
PHY-1001 : 0/2008(0%) critical/total net(s).
RUN-1001 : --------------------------------------
RUN-1001 :   Type   |  WNS(ns)  |  TNS(ns)  |  FEP  
RUN-1001 : --------------------------------------
RUN-1001 :   Setup  |   1.043   |   0.000   |   0   
RUN-1001 :   Hold   |   0.088   |   0.000   |   0   
RUN-1001 : --------------------------------------
PHY-1001 : End update timing; 0.537308s wall, 0.265625s user + 0.000000s system = 0.265625s CPU (49.4%)

PHY-1001 : Commit to database.....
PHY-1001 : 5 feed throughs used by 5 nets
PHY-1001 : End commit to database; 0.172427s wall, 0.125000s user + 0.000000s system = 0.125000s CPU (72.5%)

PHY-1001 : Current memory(MB): used = 562, reserve = 539, peak = 562.
PHY-1001 : End phase 3; 0.891586s wall, 0.484375s user + 0.000000s system = 0.484375s CPU (54.3%)

PHY-1003 : Routed, final wirelength = 259936
PHY-1001 : Current memory(MB): used = 562, reserve = 540, peak = 562.
PHY-1001 : End export database. 0.008456s wall, 0.000000s user + 0.000000s system = 0.000000s CPU (n/a%)

PHY-1001 : End detail routing;  6.266261s wall, 3.453125s user + 0.078125s system = 3.531250s CPU (56.4%)

RUN-1003 : finish command "route" in  6.968078s wall, 3.828125s user + 0.093750s system = 3.921875s CPU (56.3%)

RUN-1004 : used memory is 527 MB, reserved memory is 507 MB, peak memory is 562 MB
RUN-1002 : start command "report_area -io_info -file pic_sdram_phy.area"
RUN-1001 : standard
***Report Model: top Device: EG4S20BG256***

IO Statistics
#IO                        47
  #input                    6
  #output                  37
  #inout                    4

Utilization Statistics
#lut                     1516   out of  19600    7.73%
#reg                     1112   out of  19600    5.67%
#le                      1918
  #lut only               806   out of   1918   42.02%
  #reg only               402   out of   1918   20.96%
  #lut&reg                710   out of   1918   37.02%
#dsp                        0   out of     29    0.00%
#bram                       1   out of     64    1.56%
  #bram9k                   1
  #fifo9k                   0
#bram32k                    0   out of     16    0.00%
#pad                       47   out of    188   25.00%
  #ireg                     1
  #oreg                    23
  #treg                     0
#pll                        2   out of      4   50.00%
#gclk                       2   out of     16   12.50%

Clock Resource Statistics
Index     ClockNet                 Type               DriverType         Driver                         Fanout
#1        U3/u2_ram/SDRAM_CLK      GCLK               pll                sys_pll_m0/pll_inst.clkc1      375
#2        sys_pll_m0/clk0_buf      GCLK               pll                sys_pll_m0/pll_inst.clkc0      266
#3        video_pll_m0/clk0_buf    GCLK               pll                video_pll_m0/pll_inst.clkc0    77
#4        clk_dup_1                GCLK               io                 clk_syn_2.di                   26


Detailed IO Report

       Name         Direction    Location    IOStandard    DriveStrength    PullType     PackReg   
       clk            INPUT         R7        LVCMOS33          N/A           NONE        NONE     
       key1           INPUT         B2        LVCMOS33          N/A           NONE        IREG     
       key2           INPUT         B1        LVCMOS33          N/A           NONE        NONE     
      rst_n           INPUT         A2        LVCMOS33          N/A           NONE        NONE     
     sd_miso          INPUT        B14        LVCMOS33          N/A           NONE        NONE     
     switch1          INPUT         C8        LVCMOS33          N/A           NONE        NONE     
    flash_cs_n       OUTPUT         P8        LVCMOS33           8            NONE        NONE     
    flash_sck        OUTPUT         M9        LVCMOS33           8            NONE        NONE     
     sd_dclk         OUTPUT        A14        LVCMOS33           8            NONE        OREG     
     sd_mosi         OUTPUT        A13        LVCMOS33           8            NONE        OREG     
      sd_ncs         OUTPUT        A12        LVCMOS33           8            NONE        OREG     
   seg_data[7]       OUTPUT         A6        LVCMOS33           8            NONE        NONE     
   seg_data[6]       OUTPUT         A7        LVCMOS33           8            NONE        OREG     
   seg_data[5]       OUTPUT         A8        LVCMOS33           8            NONE        OREG     
   seg_data[4]       OUTPUT         B5        LVCMOS33           8            NONE        OREG     
   seg_data[3]       OUTPUT         A5        LVCMOS33           8            NONE        OREG     
   seg_data[2]       OUTPUT         B6        LVCMOS33           8            NONE        OREG     
   seg_data[1]       OUTPUT        C16        LVCMOS33           8            NONE        OREG     
   seg_data[0]       OUTPUT        C15        LVCMOS33           8            NONE        OREG     
    seg_sel[5]       OUTPUT        D11        LVCMOS33           8            NONE        OREG     
    seg_sel[4]       OUTPUT        E11        LVCMOS33           8            NONE        OREG     
    seg_sel[3]       OUTPUT        F10        LVCMOS33           8            NONE        OREG     
    seg_sel[2]       OUTPUT        C13        LVCMOS33           8            NONE        OREG     
    seg_sel[1]       OUTPUT        E10        LVCMOS33           8            NONE        OREG     
    seg_sel[0]       OUTPUT        E12        LVCMOS33           8            NONE        OREG     
   vga_out_b[4]      OUTPUT         D5        LVCMOS33           8            NONE        NONE     
   vga_out_b[3]      OUTPUT         D6        LVCMOS33           8            NONE        NONE     
   vga_out_b[2]      OUTPUT         E6        LVCMOS33           8            NONE        NONE     
   vga_out_b[1]      OUTPUT         F6        LVCMOS33           8            NONE        NONE     
   vga_out_b[0]      OUTPUT        H16        LVCMOS25           8            N/A         NONE     
   vga_out_g[5]      OUTPUT         N6        LVCMOS33           8            NONE        NONE     
   vga_out_g[4]      OUTPUT         N5        LVCMOS33           8            NONE        NONE     
   vga_out_g[3]      OUTPUT         P5        LVCMOS33           8            NONE        NONE     
   vga_out_g[2]      OUTPUT         T5        LVCMOS33           8            NONE        NONE     
   vga_out_g[1]      OUTPUT        F14        LVCMOS25           8            N/A         NONE     
   vga_out_g[0]      OUTPUT         A4        LVCMOS33           8            N/A         NONE     
    vga_out_hs       OUTPUT         E7        LVCMOS33           8            NONE        OREG     
   vga_out_r[4]      OUTPUT        E13        LVCMOS33           8            NONE        OREG     
   vga_out_r[3]      OUTPUT         L8        LVCMOS33           8            NONE        OREG     
   vga_out_r[2]      OUTPUT         L7        LVCMOS33           8            NONE        OREG     
   vga_out_r[1]      OUTPUT         R5        LVCMOS33           8            NONE        OREG     
   vga_out_r[0]      OUTPUT         H5        LVCMOS33           8            N/A         OREG     
    vga_out_vs       OUTPUT         F7        LVCMOS33           8            NONE        OREG     
  flash_qspi_IO0      INOUT         P7        LVCMOS33           8            NONE        NONE     
  flash_qspi_IO1      INOUT         N8        LVCMOS33           8            NONE        NONE     
  flash_qspi_IO2      INOUT         P9        LVCMOS33           8            NONE        NONE     
  flash_qspi_IO3      INOUT         R9        LVCMOS33           8            NONE        NONE     
       dm0           OUTPUT        S14        LVCMOS25           8            NONE        OREG     
       cke           OUTPUT        S18        LVCMOS25           8            NONE        NONE     
       we_n          OUTPUT        S19        LVCMOS25           8            NONE        OREG     
      cas_n          OUTPUT        S20        LVCMOS25           8            NONE        OREG     
      ras_n          OUTPUT        S21        LVCMOS25           8            NONE        OREG     
       cs_n          OUTPUT        S22        LVCMOS25           8            NONE        NONE     
     addr[9]         OUTPUT        S23        LVCMOS25           8            NONE        OREG     
     addr[8]         OUTPUT        S24        LVCMOS25           8            NONE        OREG     
     addr[7]         OUTPUT        S25        LVCMOS25           8            NONE        OREG     
     addr[6]         OUTPUT        S26        LVCMOS25           8            NONE        OREG     
     addr[5]         OUTPUT        S27        LVCMOS25           8            NONE        OREG     
     addr[4]         OUTPUT        S28        LVCMOS25           8            NONE        OREG     
       dm2           OUTPUT        S29        LVCMOS25           8            NONE        OREG     
       dm3           OUTPUT        S61        LVCMOS25           8            NONE        OREG     
     addr[3]         OUTPUT        S64        LVCMOS25           8            NONE        OREG     
     addr[2]         OUTPUT        S65        LVCMOS25           8            NONE        OREG     
     addr[1]         OUTPUT        S66        LVCMOS25           8            NONE        OREG     
     addr[0]         OUTPUT        S67        LVCMOS25           8            NONE        OREG     
     addr[10]        OUTPUT        S68        LVCMOS25           8            NONE        OREG     
      ba[0]          OUTPUT        S69        LVCMOS25           8            NONE        OREG     
      ba[1]          OUTPUT        S70        LVCMOS25           8            NONE        OREG     
       clk           OUTPUT        S73        LVCMOS25           8            NONE        NONE     
       dm1           OUTPUT        S76        LVCMOS25           8            NONE        OREG     
      dq[0]           INOUT         S1        LVCMOS25           8           PULLUP     IREG;OREG  
      dq[6]           INOUT        S11        LVCMOS25           8           PULLUP     IREG;OREG  
      dq[7]           INOUT        S12        LVCMOS25           8           PULLUP     IREG;OREG  
      dq[1]           INOUT         S2        LVCMOS25           8           PULLUP     IREG;OREG  
      dq[23]          INOUT        S31        LVCMOS25           8           PULLUP       IREG     
      dq[22]          INOUT        S32        LVCMOS25           8           PULLUP       IREG     
      dq[21]          INOUT        S35        LVCMOS25           8           PULLUP       IREG     
      dq[20]          INOUT        S36        LVCMOS25           8           PULLUP       IREG     
      dq[19]          INOUT        S37        LVCMOS25           8           PULLUP       IREG     
      dq[18]          INOUT        S38        LVCMOS25           8           PULLUP       IREG     
      dq[17]          INOUT        S41        LVCMOS25           8           PULLUP       IREG     
      dq[16]          INOUT        S42        LVCMOS25           8           PULLUP       IREG     
      dq[31]          INOUT        S48        LVCMOS25           8           PULLUP       IREG     
      dq[30]          INOUT        S49        LVCMOS25           8           PULLUP       IREG     
      dq[2]           INOUT         S5        LVCMOS25           8           PULLUP     IREG;OREG  
      dq[29]          INOUT        S52        LVCMOS25           8           PULLUP       IREG     
      dq[28]          INOUT        S53        LVCMOS25           8           PULLUP       IREG     
      dq[27]          INOUT        S54        LVCMOS25           8           PULLUP       IREG     
      dq[26]          INOUT        S55        LVCMOS25           8           PULLUP       IREG     
      dq[25]          INOUT        S58        LVCMOS25           8           PULLUP       IREG     
      dq[24]          INOUT        S59        LVCMOS25           8           PULLUP       IREG     
      dq[3]           INOUT         S6        LVCMOS25           8           PULLUP     IREG;OREG  
      dq[4]           INOUT         S7        LVCMOS25           8           PULLUP     IREG;OREG  
      dq[8]           INOUT        S78        LVCMOS25           8           PULLUP     IREG;OREG  
      dq[9]           INOUT        S79        LVCMOS25           8           PULLUP     IREG;OREG  
      dq[5]           INOUT         S8        LVCMOS25           8           PULLUP     IREG;OREG  
      dq[10]          INOUT        S82        LVCMOS25           8           PULLUP     IREG;OREG  
      dq[11]          INOUT        S83        LVCMOS25           8           PULLUP     IREG;OREG  
      dq[12]          INOUT        S84        LVCMOS25           8           PULLUP     IREG;OREG  
      dq[13]          INOUT        S85        LVCMOS25           8           PULLUP     IREG;OREG  
      dq[14]          INOUT        S88        LVCMOS25           8           PULLUP     IREG;OREG  
      dq[15]          INOUT        S89        LVCMOS25           8           PULLUP     IREG;OREG  

Report Hierarchy Area:
+-------------------------------------------------------------------------------------------------------------------------------------+
|Instance                        |Module                                         |le     |lut     |ripple  |seq     |bram    |dsp     |
+-------------------------------------------------------------------------------------------------------------------------------------+
|top                             |top                                            |1918   |1286    |230     |1136    |1       |0       |
|  U3                            |sdram                                          |342    |91      |5       |331     |0       |0       |
|    u2_ram                      |sdr_as_ram                                     |342    |91      |5       |331     |0       |0       |
|      u1_init_ref               |sdr_init_ref                                   |88     |15      |5       |80      |0       |0       |
|      u2_wrrd                   |sdr_wrrd                                       |254    |76      |0       |251     |0       |0       |
|  frame_read_write_m0           |frame_read_write                               |468    |307     |98      |309     |1       |0       |
|    frame_fifo_read_m0          |frame_fifo_read                                |109    |85      |24      |61      |0       |0       |
|    frame_fifo_write_m0         |frame_fifo_write                               |112    |85      |24      |60      |0       |0       |
|    read_buf                    |afifo_16_256                                   |125    |69      |25      |95      |0       |0       |
|      rd_to_wr_cross_inst       |fifo_cross_domain_addr_process_al_afifo_16_256 |34     |20      |0       |34      |0       |0       |
|      wr_to_rd_cross_inst       |fifo_cross_domain_addr_process_al_afifo_16_256 |35     |23      |0       |34      |0       |0       |
|    write_buf                   |afifo_16_256                                   |122    |68      |25      |93      |1       |0       |
|      ram_inst                  |ram_infer_afifo_16_256                         |0      |0       |0       |0       |1       |0       |
|      rd_to_wr_cross_inst       |fifo_cross_domain_addr_process_al_afifo_16_256 |34     |19      |0       |34      |0       |0       |
|      wr_to_rd_cross_inst       |fifo_cross_domain_addr_process_al_afifo_16_256 |33     |24      |0       |32      |0       |0       |
|  sd_card_bmp_m0                |sd_card_bmp                                    |959    |799     |97      |388     |0       |0       |
|    ax_debounce_m0              |ax_debounce                                    |64     |54      |9       |36      |0       |0       |
|    bmp_read_m0                 |bmp_read                                       |309    |209     |58      |168     |0       |0       |
|    sd_card_top_m0              |sd_card_top                                    |586    |536     |30      |184     |0       |0       |
|      sd_card_cmd_m0            |sd_card_cmd                                    |339    |314     |25      |56      |0       |0       |
|      sd_card_sec_read_write_m0 |sd_card_sec_read_write                         |176    |156     |0       |86      |0       |0       |
|      spi_master_m0             |spi_master                                     |71     |66      |5       |42      |0       |0       |
|  seg_scan_m0                   |seg_scan                                       |72     |50      |22      |19      |0       |0       |
|  sys_pll_m0                    |sys_pll                                        |0      |0       |0       |0       |0       |0       |
|  video_delay_m0                |video_delay                                    |28     |1       |0       |28      |0       |0       |
|  video_pll_m0                  |video_pll                                      |0      |0       |0       |0       |0       |0       |
|  video_timing_data_m0          |video_timing_data                              |49     |38      |8       |37      |0       |0       |
|    color_bar_m0                |color_bar                                      |44     |35      |8       |32      |0       |0       |
+-------------------------------------------------------------------------------------------------------------------------------------+


DataNet Average Fanout:

   Index     Fanout     Nets  
    #1          1       1422  
    #2          2       218   
    #3          3       214   
    #4          4       124   
    #5        5-10      134   
    #6        11-50      86   
    #7       101-500     1    
  Average     2.73            

RUN-1002 : start command "export_db pic_sdram_pr.db"
RUN-1001 : Exported /
RUN-1001 : Exported flow parameters
RUN-1001 : Exported libs
RUN-1001 : Exported entities
RUN-1001 : Exported ports
RUN-1001 : Exported pins
RUN-1001 : Exported instances
RUN-1001 : Exported nets
RUN-1001 : Exported buses
RUN-1001 : Exported models
RUN-1001 : Exported congestions
RUN-1001 : Exported violations
RUN-1001 : Exported timing constraints
RUN-1001 : Exported IO constraints
RUN-1001 : Exported Inst constraints
RUN-1002 : start command "start_timer"
TMR-2505 : Start building timing graph for model top.
TMR-2506 : Build timing graph completely. Port num: 22, tpin num: 9159, tnet num: 2282, tinst num: 1114, tnode num: 11650, tedge num: 15334.
TMR-2508 : Levelizing timing graph completed, there are 41 levels in total.
TMR-2501 : Timing graph initialized successfully.
RUN-1002 : start command "report_timing -mode FINAL -net_info -rpt_autogen true -file pic_sdram_phy.timing"
TMR-2503 : Start to update net delay, extr mode = 6.
TMR-2504 : Update delay of 2282 nets completely.
TMR-2502 : Annotate delay completely, extr mode = 6.
TMR-3001 : Initiate 4 clocks from SDC.
TMR-3004 : Map sdc constraints, there are 8 constraints in total.
TMR-3003 : Constraints initiated successfully.
TMR-3501 : Forward propagation: start to calculate arrival time...
TMR-3502 : Backward propagation: start to calculate required time...
TMR-3503 : Timing propagation completes.
TMR-3506 : Start to generate timing report.
TMR-1502 : Number of clock constraints = 4. Number of clock nets = 4 (0 unconstrainted).
TMR-3508 : Export timing summary.
TMR-3507 : Timing report generated successfully in pic_sdram_phy.timing, timing summary in pic_sdram_phy.tsm.
RUN-1002 : start command "export_bid pic_sdram_inst.bid"
PRG-1000 : <!-- HMAC is: 2a81b6f6f3f2bc11ef9a542538efda43581e39be30f07c690cbcaf999f17a9a8 -->
RUN-1002 : start command "bitgen -bit pic_sdram.bit"
BIT-1003 : Start to generate bitstream. 
BIT-1002 : Init instances with 16 threads.
BIT-1002 : Init instances completely, inst num: 1114
BIT-1002 : Init pips with 16 threads.
BIT-1002 : Init pips completely, net num: 2284, pip num: 20275
BIT-1002 : Init feedthrough completely, num: 5
BIT-1003 : Multithreading accelaration with 16 threads.
BIT-1003 : Generate bitstream completely, there are 1786 valid insts, and 58378 bits set as '1'.
BIT-1004 : the usercode register value: 00000000101111010000000000000000
BIT-1004 : PLL setting string = 0110
BIT-1004 : Generate bits file pic_sdram.bit.
RUN-1003 : finish command "bitgen -bit pic_sdram.bit" in  2.595662s wall, 21.468750s user + 0.000000s system = 21.468750s CPU (827.1%)

RUN-1004 : used memory is 532 MB, reserved memory is 510 MB, peak memory is 714 MB
RUN-1002 : start command "backup_run_log run.log ../.logs/phy_1/td_20231219_165600.log"
