============================================================
   Tang Dynasty, V5.6.71036
      Copyright (c) 2012-2023 Anlogic Inc.
   Executable = D:/Program/Anlogic/TD5.6.2/bin/td.exe
   Built at =   20:34:38 Mar 21 2023
   Run by =     28408
   Run Date =   Tue Dec 12 20:41:27 2023

   Run on =     DESKTOP-T1B5OP5
============================================================
RUN-1002 : start command "open_project pic_sdram.prj"
RUN-1001 : Print Global Property
RUN-1001 : ---------------------------------------------------------------
RUN-1001 :        Parameters        |  Settings  |  Default Values  |  Note  
RUN-1001 : ---------------------------------------------------------------
RUN-1001 :          message         |  standard  |     standard     |        
RUN-1001 :   mixed_pack_place_flow  |     on     |        on        |        
RUN-1001 :        qor_monitor       |    off     |       off        |        
RUN-1001 :        syn_ip_flow       |    off     |       off        |        
RUN-1001 :          thread          |    auto    |       auto       |        
RUN-1001 : ---------------------------------------------------------------
RUN-1001 : Print Design Property
RUN-1001 : --------------------------------------------------------------
RUN-1001 :        Parameters       |  Settings  |  Default Values  |  Note  
RUN-1001 : --------------------------------------------------------------
RUN-1001 :   default_reg_initial   |    auto    |       auto       |        
RUN-1001 :        infer_add        |     on     |        on        |        
RUN-1001 :        infer_fsm        |    off     |       off        |        
RUN-1001 :        infer_mult       |     on     |        on        |        
RUN-1001 :        infer_ram        |     on     |        on        |        
RUN-1001 :        infer_reg        |     on     |        on        |        
RUN-1001 :   infer_reg_init_value  |     on     |        on        |        
RUN-1001 :        infer_rom        |     on     |        on        |        
RUN-1001 :      infer_shifter      |     on     |        on        |        
RUN-1001 : --------------------------------------------------------------
RUN-1001 : Print Rtl Property
RUN-1001 : --------------------------------------------------------------
RUN-1001 :        Parameters       |  Settings  |  Default Values  |  Note  
RUN-1001 : --------------------------------------------------------------
RUN-1001 :       compress_add      |   ripple   |      ripple      |        
RUN-1001 :        elf_sload        |    off     |       off        |        
RUN-1001 :       fix_undriven      |     0      |        0         |        
RUN-1001 :         flatten         |    off     |       off        |        
RUN-1001 :       gate_sharing      |     on     |        on        |        
RUN-1001 :    hdl_warning_level    |   normal   |      normal      |        
RUN-1001 :   impl_internal_tribuf  |     on     |        on        |        
RUN-1001 :      impl_set_reset     |     on     |        on        |        
RUN-1001 :        infer_gsr        |    off     |       off        |        
RUN-1001 :      keep_hierarchy     |    auto    |       auto       |        
RUN-1001 :        max_fanout       |    9999    |       9999       |        
RUN-1001 :      max_oh2bin_len     |     10     |        10        |        
RUN-1001 :       merge_equal       |     on     |        on        |        
RUN-1001 :       merge_equiv       |     on     |        on        |        
RUN-1001 :        merge_mux        |    off     |       off        |        
RUN-1001 :     min_control_set     |     8      |        8         |        
RUN-1001 :      min_ripple_len     |    auto    |       auto       |        
RUN-1001 :       oh2bin_ratio      |    0.08    |       0.08       |        
RUN-1001 :     opt_adder_fanout    |     on     |        on        |        
RUN-1001 :        opt_arith        |     on     |        on        |        
RUN-1001 :       opt_big_gate      |    off     |       off        |        
RUN-1001 :        opt_const        |     on     |        on        |        
RUN-1001 :      opt_const_mult     |     on     |        on        |        
RUN-1001 :       opt_lessthan      |     on     |        on        |        
RUN-1001 :         opt_mux         |    off     |       off        |        
RUN-1001 :         opt_ram         |    high    |       high       |        
RUN-1001 :      rtl_sim_model      |    off     |       off        |        
RUN-1001 :         seq_syn         |     on     |        on        |        
RUN-1001 : --------------------------------------------------------------
HDL-1007 : analyze verilog file ../../al_ip/sys_pll.v
HDL-1007 : undeclared symbol 'open', assumed default net type 'wire' in ../../al_ip/sys_pll.v(77)
HDL-1007 : analyze verilog file ../../al_ip/video_pll.v
HDL-1007 : undeclared symbol 'open', assumed default net type 'wire' in ../../al_ip/video_pll.v(63)
HDL-1007 : analyze verilog file ../../al_ip/afifo_16_256.v
HDL-1007 : analyze verilog file ../../al_ip/sdram.v
HDL-1007 : analyze verilog file ../../Qspi_master.v
HDL-1007 : analyze verilog file ../../flash_cmd.v
HDL-1007 : analyze verilog file ../../flash_reader.v
HDL-1007 : analyze verilog file ../../flash_step.v
HDL-1007 : analyze verilog file ../../flash_write_read.v
HDL-1007 : analyze verilog file ../../flash_writer.v
HDL-1007 : analyze verilog file ../../sys_state_ctrl.v
HDL-1007 : analyze verilog file ../../src/ax_debounce.v
HDL-1007 : analyze verilog file ../../src/bmp_read.v
HDL-1007 : analyze verilog file ../../src/color_bar.v
HDL-1007 : analyze included file ../../src/video_define.v in ../../src/color_bar.v(2)
HDL-1007 : back to file '../../src/color_bar.v' in ../../src/color_bar.v(2)
HDL-1007 : analyze verilog file ../../src/frame_fifo_read.v
HDL-1007 : undeclared symbol 'read_busy', assumed default net type 'wire' in ../../src/frame_fifo_read.v(56)
HDL-1007 : analyze verilog file ../../src/frame_fifo_write.v
HDL-1007 : undeclared symbol 'write_busy', assumed default net type 'wire' in ../../src/frame_fifo_write.v(55)
HDL-1007 : analyze verilog file ../../src/frame_read_write.v
HDL-1007 : analyze verilog file ../../src/sd_card/sd_card_cmd.v
HDL-1007 : analyze verilog file ../../src/sd_card/sd_card_sec_read_write.v
HDL-1007 : analyze verilog file ../../src/sd_card/sd_card_top.v
HDL-1007 : analyze verilog file ../../src/sd_card/spi_master.v
HDL-1007 : analyze verilog file ../../src/sd_card_bmp.v
HDL-1007 : analyze verilog file ../../src/seg_decoder.v
HDL-1007 : analyze verilog file ../../src/seg_scan.v
HDL-1007 : analyze verilog file ../../src/top.v
HDL-1007 : analyze verilog file ../../src/video_timing_data.v
HDL-1007 : analyze verilog file ../../src/sdram_r/sdram_cmd.v
HDL-1007 : analyze included file ../../src/sdram_r/sdram_para.v in ../../src/sdram_r/sdram_cmd.v(45)
HDL-1007 : back to file '../../src/sdram_r/sdram_cmd.v' in ../../src/sdram_r/sdram_cmd.v(45)
HDL-1007 : analyze verilog file ../../src/sdram_r/sdram_controller.v
HDL-1007 : analyze verilog file ../../src/sdram_r/sdram_ctrl.v
HDL-1007 : analyze included file ../../src/sdram_r/sdram_para.v in ../../src/sdram_r/sdram_ctrl.v(19)
HDL-1007 : back to file '../../src/sdram_r/sdram_ctrl.v' in ../../src/sdram_r/sdram_ctrl.v(19)
HDL-1007 : analyze verilog file ../../src/sdram_r/sdram_data.v
HDL-1007 : analyze included file ../../src/sdram_r/sdram_para.v in ../../src/sdram_r/sdram_data.v(13)
HDL-1007 : back to file '../../src/sdram_r/sdram_data.v' in ../../src/sdram_r/sdram_data.v(13)
RUN-1001 : Project manager successfully analyzed 32 source files.
RUN-1002 : start command "import_device eagle_s20.db -package EG4S20BG256"
ARC-1001 : Device Initialization.
ARC-1001 : ------------------------------------------------------------------
ARC-1001 :            OPTION            |          IO          |   SETTING   
ARC-1001 : ------------------------------------------------------------------
ARC-1001 :   cso_b/cclk/mosi/miso/dout  |  T3/R11/T10/P10/S11  |    gpio    
ARC-1001 :             done             |         P13          |    gpio    
ARC-1001 :           program_b          |          T2          |  dedicate  
ARC-1001 :        tdi/tms/tck/tdo       |   C12/A15/C14/E14    |  dedicate  
ARC-1001 : ------------------------------------------------------------------
ARC-1004 : Device setting, marked 5 dedicate IOs in total.
RUN-1002 : start command "import_db ../syn_1/pic_sdram_gate.db"
RUN-1001 : Importing database generated by Tang Dynasty, V5.6.71036.
RUN-1001 : Database version number 46146.
RUN-1001 : Import flow parameters
RUN-1001 : Import timing constraints
RUN-1001 : Import IO constraints
RUN-1001 : Import Inst constraints
RUN-1001 : Import design success TD_VERSION=5.6.71036 , DB_VERSION=46146
RUN-1002 : start command "read_sdc ../../top.sdc"
RUN-1002 : start command "get_ports clk"
RUN-1002 : start command "create_clock -name clk -period 20 -waveform 0 10 "
RUN-1102 : create_clock: clock name: clk, type: 0, period: 20000, rise: 0, fall: 10000.
RUN-1002 : start command "get_ports clk"
RUN-1002 : start command "get_pins sys_pll_m0/pll_inst.clkc[0]"
RUN-1002 : start command "create_generated_clock -name sd_card_clk -source  -master_clock clk -phase 0 -multiply_by 2 "
RUN-1002 : start command "get_ports clk"
RUN-1002 : start command "get_pins sys_pll_m0/pll_inst.clkc[1]"
RUN-1002 : start command "create_generated_clock -name ext_mem_clk -source  -master_clock clk -phase 270 -multiply_by 2 "
RUN-1002 : start command "get_ports clk"
RUN-1002 : start command "get_pins sys_pll_m0/pll_inst.clkc[2]"
RUN-1002 : start command "create_generated_clock -name flash_sys_clk -source  -master_clock clk -phase 0 -multiply_by 2 "
RUN-1002 : start command "get_ports clk"
RUN-1002 : start command "get_pins video_pll_m0/pll_inst.clkc[0]"
RUN-1002 : start command "create_generated_clock -name video_clk -source  -master_clock clk -phase 0 -multiply_by 2 "
RUN-1002 : start command "read_sdc -ip afifo_16_256 ../../al_ip/afifo_16_256.tcl"
RUN-1002 : start command "get_ports clkw"
RUN-1002 : start command "get_nets  clkw  "
RUN-1002 : start command "get_clocks -nowarn -of nets 21157008900096"
RUN-1002 : start command "get_ports clkr"
RUN-1002 : start command "get_nets  clkr  "
RUN-1002 : start command "get_clocks -nowarn -of nets 25696789331968"
RUN-1002 : start command "get_property -nowarn -max PERIOD "
RUN-1002 : start command "get_property -nowarn -max PERIOD "
RUN-1002 : start command "get_regs rd_to_wr_cross_inst/primary_addr_gray_reg[*]"
RUN-1002 : start command "get_regs rd_to_wr_cross_inst/sync_r1[*]"
RUN-1002 : start command "set_max_delay -from  -to  9.6999999999999993 -datapath_only"
RUN-1002 : start command "get_regs rd_to_wr_cross_inst/primary_addr_gray_reg[*]"
RUN-1002 : start command "get_regs rd_to_wr_cross_inst/sync_r1[*]"
RUN-1002 : start command "set_false_path -from  -to  -hold 9.6999999999999993"
USR-1002 : set_false_path -help -setup -hold -from <list> -rise_from <list> -fall_from <list> -to <list> -rise_to <list> -fall_to <list> -through <list>
RUN-1002 : start command "get_regs wr_to_rd_cross_inst/primary_addr_gray_reg[*]"
RUN-1002 : start command "get_regs wr_to_rd_cross_inst/sync_r1[*]"
RUN-1002 : start command "set_max_delay -from  -to  9.6999999999999993 -datapath_only"
RUN-1002 : start command "get_regs wr_to_rd_cross_inst/primary_addr_gray_reg[*]"
RUN-1002 : start command "get_regs wr_to_rd_cross_inst/sync_r1[*]"
RUN-1002 : start command "set_false_path -from  -to  -hold 9.6999999999999993"
USR-1002 : set_false_path -help -setup -hold -from <list> -rise_from <list> -fall_from <list> -to <list> -rise_to <list> -fall_to <list> -through <list>
RUN-1002 : start command "get_ports clkw"
RUN-1002 : start command "get_nets  clkw  "
RUN-1002 : start command "get_clocks -nowarn -of nets 31671088840704"
RUN-1002 : start command "get_ports clkr"
RUN-1002 : start command "get_nets  clkr  "
RUN-1002 : start command "get_clocks -nowarn -of nets 21157008900096"
RUN-1002 : start command "get_property -nowarn -max PERIOD "
RUN-1002 : start command "get_property -nowarn -max PERIOD "
RUN-1002 : start command "get_regs rd_to_wr_cross_inst/primary_addr_gray_reg[*]"
RUN-1002 : start command "get_regs rd_to_wr_cross_inst/sync_r1[*]"
RUN-1002 : start command "set_max_delay -from  -to  9.6999999999999993 -datapath_only"
RUN-1002 : start command "get_regs rd_to_wr_cross_inst/primary_addr_gray_reg[*]"
RUN-1002 : start command "get_regs rd_to_wr_cross_inst/sync_r1[*]"
RUN-1002 : start command "set_false_path -from  -to  -hold 9.6999999999999993"
USR-1002 : set_false_path -help -setup -hold -from <list> -rise_from <list> -fall_from <list> -to <list> -rise_to <list> -fall_to <list> -through <list>
RUN-1002 : start command "get_regs wr_to_rd_cross_inst/primary_addr_gray_reg[*]"
RUN-1002 : start command "get_regs wr_to_rd_cross_inst/sync_r1[*]"
RUN-1002 : start command "set_max_delay -from  -to  9.6999999999999993 -datapath_only"
RUN-1002 : start command "get_regs wr_to_rd_cross_inst/primary_addr_gray_reg[*]"
RUN-1002 : start command "get_regs wr_to_rd_cross_inst/sync_r1[*]"
RUN-1002 : start command "set_false_path -from  -to  -hold 9.6999999999999993"
USR-1002 : set_false_path -help -setup -hold -from <list> -rise_from <list> -fall_from <list> -to <list> -rise_to <list> -fall_to <list> -through <list>
RUN-1002 : start command "config_chipwatcher ../../A.cwc -dir "
RUN-1002 : start command "legalize_phy_inst"
SYN-1011 : Flatten model top
KIT-1004 : ChipWatcher: import watcher inst auto_chipwatcher_0 completed, there are 2 view nodes, 2 trigger nets, 2 data nets.
KIT-1004 : Chipwatcher code = 0001011011001111
RUN-1002 : start command "compile_watcher"
RUN-1002 : start command "read_verilog -no_sch -dir D:/Program/Anlogic/TD5.6.2/cw/ -file pic_sdram_watcherInst.sv -lib cw -top CW_TOP_WRAPPER"
HDL-1007 : analyze verilog file D:/Program/Anlogic/TD5.6.2/cw\bus_det.v
HDL-1007 : analyze verilog file D:/Program/Anlogic/TD5.6.2/cw\bus_top.sv
HDL-1007 : analyze verilog file D:/Program/Anlogic/TD5.6.2/cw\cfg_int.v
HDL-1007 : analyze verilog file D:/Program/Anlogic/TD5.6.2/cw\cwc_cfg_int.v
HDL-1007 : analyze verilog file D:/Program/Anlogic/TD5.6.2/cw\cwc_top.sv
HDL-1007 : analyze verilog file D:/Program/Anlogic/TD5.6.2/cw\detect_bus.v
HDL-1007 : analyze verilog file D:/Program/Anlogic/TD5.6.2/cw\detect_non_bus.v
HDL-1007 : analyze verilog file D:/Program/Anlogic/TD5.6.2/cw\emb_ctrl.v
HDL-1007 : analyze verilog file D:/Program/Anlogic/TD5.6.2/cw\register.v
HDL-1007 : analyze verilog file D:/Program/Anlogic/TD5.6.2/cw\tap.v
HDL-1007 : analyze verilog file D:/Program/Anlogic/TD5.6.2/cw\trigger.sv
HDL-1007 : analyze verilog file pic_sdram_watcherInst.sv
HDL-1007 : elaborate module CW_TOP_WRAPPER in pic_sdram_watcherInst.sv(1)
HDL-1007 : elaborate module cwc_top(BUS_NUM=2,BUS_DIN_NUM=2,BUS_CTRL_NUM=12,BUS_WIDTH='{32'sb01,32'sb01},BUS_DIN_POS='{32'sb0,32'sb01},BUS_CTRL_POS='{32'sb0,32'sb0110}) in D:/Program/Anlogic/TD5.6.2/cw\cwc_top.sv(21)
HDL-1007 : elaborate module cwc_cfg_int(CTRL_REG_LEN=34) in D:/Program/Anlogic/TD5.6.2/cw\cwc_cfg_int.v(21)
HDL-1007 : elaborate module register(CTRL_REG_LEN=34) in D:/Program/Anlogic/TD5.6.2/cw\register.v(21)
HDL-1007 : elaborate module tap in D:/Program/Anlogic/TD5.6.2/cw\tap.v(21)
HDL-1007 : elaborate module trigger(BUS_NUM=2,BUS_DIN_NUM=2,BUS_CTRL_NUM=12,BUS_WIDTH='{32'sb01,32'sb01},BUS_DIN_POS='{32'sb0,32'sb01},BUS_CTRL_POS='{32'sb0,32'sb0110}) in D:/Program/Anlogic/TD5.6.2/cw\trigger.sv(21)
HDL-1007 : elaborate module bus_top(BUS_NODE_NUM=2,BUS_DIN_NUM=2,BUS_CTRL_NUM=12,BUS_WIDTH='{32'sb01,32'sb01},BUS_DIN_POS='{32'sb0,32'sb01},BUS_CTRL_POS='{32'sb0,32'sb0110}) in D:/Program/Anlogic/TD5.6.2/cw\bus_top.sv(22)
HDL-1007 : elaborate module bus_det(BUS_WIDTH=32'sb01) in D:/Program/Anlogic/TD5.6.2/cw\bus_det.v(21)
HDL-1007 : elaborate module emb_ctrl in D:/Program/Anlogic/TD5.6.2/cw\emb_ctrl.v(21)
HDL-1200 : Current top model is CW_TOP_WRAPPER
HDL-1100 : Inferred 0 RAMs.
RUN-1002 : start command "force_keep -a auto_chipwatcher_0_logicbram"
RUN-1002 : start command "optimize_rtl -no_sch"
RUN-1001 : Open license file D:/Program/Anlogic/TD5.6.2/license/Anlogic.lic
RUN-1001 : Print Global Property
RUN-1001 : ---------------------------------------------------------------
RUN-1001 :        Parameters        |  Settings  |  Default Values  |  Note  
RUN-1001 : ---------------------------------------------------------------
RUN-1001 :          message         |  standard  |     standard     |        
RUN-1001 :   mixed_pack_place_flow  |     on     |        on        |        
RUN-1001 :        qor_monitor       |    off     |       off        |        
RUN-1001 :        syn_ip_flow       |    off     |       off        |        
RUN-1001 :          thread          |    auto    |       auto       |        
RUN-1001 : ---------------------------------------------------------------
RUN-1001 : Print Rtl Property
RUN-1001 : --------------------------------------------------------------
RUN-1001 :        Parameters       |  Settings  |  Default Values  |  Note  
RUN-1001 : --------------------------------------------------------------
RUN-1001 :       compress_add      |   ripple   |      ripple      |        
RUN-1001 :        elf_sload        |    off     |       off        |        
RUN-1001 :       fix_undriven      |     0      |        0         |        
RUN-1001 :         flatten         |    off     |       off        |        
RUN-1001 :       gate_sharing      |     on     |        on        |        
RUN-1001 :    hdl_warning_level    |   normal   |      normal      |        
RUN-1001 :   impl_internal_tribuf  |     on     |        on        |        
RUN-1001 :      impl_set_reset     |     on     |        on        |        
RUN-1001 :        infer_gsr        |    off     |       off        |        
RUN-1001 :      keep_hierarchy     |    auto    |       auto       |        
RUN-1001 :        max_fanout       |    9999    |       9999       |        
RUN-1001 :      max_oh2bin_len     |     10     |        10        |        
RUN-1001 :       merge_equal       |     on     |        on        |        
RUN-1001 :       merge_equiv       |     on     |        on        |        
RUN-1001 :        merge_mux        |    off     |       off        |        
RUN-1001 :     min_control_set     |     8      |        8         |        
RUN-1001 :      min_ripple_len     |    auto    |       auto       |        
RUN-1001 :       oh2bin_ratio      |    0.08    |       0.08       |        
RUN-1001 :     opt_adder_fanout    |     on     |        on        |        
RUN-1001 :        opt_arith        |     on     |        on        |        
RUN-1001 :       opt_big_gate      |    off     |       off        |        
RUN-1001 :        opt_const        |     on     |        on        |        
RUN-1001 :      opt_const_mult     |     on     |        on        |        
RUN-1001 :       opt_lessthan      |     on     |        on        |        
RUN-1001 :         opt_mux         |    off     |       off        |        
RUN-1001 :         opt_ram         |    high    |       high       |        
RUN-1001 :      rtl_sim_model      |    off     |       off        |        
RUN-1001 :         seq_syn         |     on     |        on        |        
RUN-1001 : --------------------------------------------------------------
SYN-1012 : SanityCheck: Model "top"
SYN-1012 : SanityCheck: Model "CW_TOP_WRAPPER"
SYN-1012 : SanityCheck: Model "cwc_top(BUS_NUM=2,BUS_DIN_NUM=2,BUS_CTRL_NUM=12,BUS_WIDTH='{32'sb01,32'sb01},BUS_DIN_POS='{32'sb0,32'sb01},BUS_CTRL_POS='{32'sb0,32'sb0110})"
SYN-1012 : SanityCheck: Model "cwc_cfg_int(CTRL_REG_LEN=34)"
SYN-1012 : SanityCheck: Model "register(CTRL_REG_LEN=34)"
SYN-1012 : SanityCheck: Model "tap"
SYN-1012 : SanityCheck: Model "trigger(BUS_NUM=2,BUS_DIN_NUM=2,BUS_CTRL_NUM=12,BUS_WIDTH='{32'sb01,32'sb01},BUS_DIN_POS='{32'sb0,32'sb01},BUS_CTRL_POS='{32'sb0,32'sb0110})"
SYN-1012 : SanityCheck: Model "bus_top(BUS_NODE_NUM=2,BUS_DIN_NUM=2,BUS_CTRL_NUM=12,BUS_WIDTH='{32'sb01,32'sb01},BUS_DIN_POS='{32'sb0,32'sb01},BUS_CTRL_POS='{32'sb0,32'sb0110})"
SYN-1012 : SanityCheck: Model "bus_det(BUS_WIDTH=32'sb01)"
SYN-1012 : SanityCheck: Model "emb_ctrl"
SYN-1011 : Flatten model top
SYN-1032 : 5780/8 useful/useless nets, 3442/6 useful/useless insts
SYN-1016 : Merged 17 instances.
SYN-1032 : 5644/20 useful/useless nets, 3656/16 useful/useless insts
SYN-1014 : Optimize round 1
SYN-1020 : Optimized 1 distributor mux.
SYN-1015 : Optimize round 1, 165 better
SYN-1014 : Optimize round 2
SYN-1015 : Optimize round 2, 0 better
SYN-1014 : Optimize round 1
SYN-1015 : Optimize round 1, 0 better
RUN-1002 : start command "optimize_gate -no_sch"
RUN-1001 : Open license file D:/Program/Anlogic/TD5.6.2/license/Anlogic.lic
RUN-1001 : Print Global Property
RUN-1001 : ---------------------------------------------------------------
RUN-1001 :        Parameters        |  Settings  |  Default Values  |  Note  
RUN-1001 : ---------------------------------------------------------------
RUN-1001 :          message         |  standard  |     standard     |        
RUN-1001 :   mixed_pack_place_flow  |     on     |        on        |        
RUN-1001 :        qor_monitor       |    off     |       off        |        
RUN-1001 :        syn_ip_flow       |    off     |       off        |        
RUN-1001 :          thread          |    auto    |       auto       |        
RUN-1001 : ---------------------------------------------------------------
RUN-1001 : Print Gate Property
RUN-1001 : ------------------------------------------------------------------
RUN-1001 :          Parameters         |  Settings  |  Default Values  |  Note  
RUN-1001 : ------------------------------------------------------------------
RUN-1001 :         cascade_dsp         |    off     |       off        |        
RUN-1001 :         cascade_eram        |    off     |       off        |        
RUN-1001 :        gate_sim_model       |    off     |       off        |        
RUN-1001 :        map_sim_model        |    off     |       off        |        
RUN-1001 :         map_strategy        |     1      |        1         |        
RUN-1001 :           opt_area          |   medium   |      medium      |        
RUN-1001 :          opt_timing         |    auto    |       auto       |        
RUN-1001 :         pack_effort         |   medium   |      medium      |        
RUN-1001 :      pack_lslice_ripple     |     on     |        on        |        
RUN-1001 :   pack_lslice_ripple_ratio  |    0.5     |       0.5        |        
RUN-1001 :        pack_seq_in_io       |    auto    |       auto       |        
RUN-1001 :        ph1_mux_ratio        |    1.0     |       1.0        |        
RUN-1001 :            report           |  standard  |     standard     |        
RUN-1001 :           retiming          |    off     |       off        |        
RUN-1001 : ------------------------------------------------------------------
SYN-2001 : Map 47 IOs to PADs
RUN-1002 : start command "update_pll_param -module top"
SYN-2501 : Processed 0 LOGIC_BUF instances.
SYN-2512 : LOGIC BRAM "auto_chipwatcher_0_logicbram"
SYN-2571 : Optimize after map_dsp, round 1
SYN-2571 : Optimize after map_dsp, round 1, 0 better
SYN-1001 : Throwback 3 control mux instances
SYN-2501 : Optimize round 1
SYN-2501 : Optimize round 1, 2 better
SYN-2501 : Optimize round 2
SYN-2501 : Optimize round 2, 0 better
SYN-2501 : Map 10 macro adder
SYN-1019 : Optimized 1 mux instances.
SYN-1016 : Merged 8 instances.
SYN-1032 : 5828/2 useful/useless nets, 3840/1 useful/useless insts
RUN-1002 : start command "start_timer -prepack"
TMR-2505 : Start building timing graph for model top.
TMR-2506 : Build timing graph completely. Port num: 22, tpin num: 19167, tnet num: 4420, tinst num: 3839, tnode num: 23488, tedge num: 30791.
TMR-2508 : Levelizing timing graph completed, there are 51 levels in total.
TMR-2501 : Timing graph initialized successfully.
TMR-2503 : Start to update net delay, extr mode = 2.
TMR-2504 : Update delay of 4420 nets completely.
TMR-2502 : Annotate delay completely, extr mode = 2.
TMR-3001 : Initiate 5 clocks from SDC.
TMR-3004 : Map sdc constraints, there are 8 constraints in total.
TMR-3003 : Constraints initiated successfully.
TMR-3501 : Forward propagation: start to calculate arrival time...
TMR-3502 : Backward propagation: start to calculate required time...
TMR-3503 : Timing propagation completes.
SYN-3001 : Running gate level optimization.
SYN-2581 : Mapping with K=5, #lut = 103 (4.19), #lev = 5 (2.40)
SYN-2551 : Post LUT mapping optimization.
SYN-2581 : Mapping with K=5, #lut = 103 (4.19), #lev = 5 (2.40)
SYN-3001 : Logic optimization runtime opt =   0.01 sec, map =   0.00 sec
SYN-3001 : Mapper mapped 283 instances into 103 LUTs, name keeping = 78%.
SYN-1001 : Packing model "top" ...
SYN-4010 : Pack lib has 58 rtl pack models with 25 top pack blocks
SYN-1014 : Optimize round 1
SYN-1015 : Optimize round 1, 0 better
SYN-4002 : Packing 164 DFF/LATCH to SEQ ...
SYN-4009 : Pack 5 carry chain into lslice
SYN-4007 : Packing 86 adder to BLE ...
SYN-4008 : Packed 86 adder and 0 SEQ to BLE.
SYN-4007 : Packing 0 gate4 to BLE ...
SYN-4008 : Packed 0 gate4 and 0 SEQ to BLE.
SYN-4012 : Packed 0 FxMUX
RUN-1002 : start command "legalize_phy_inst"
SYN-1011 : Flatten model top
KIT-1004 : Compile Chipwatcher: Clear obsolete physical data.
RUN-1003 : finish command "compile_watcher" in  1.277855s wall, 0.609375s user + 0.031250s system = 0.640625s CPU (50.1%)

RUN-1004 : used memory is 165 MB, reserved memory is 134 MB, peak memory is 211 MB
RUN-1002 : start command "place"
RUN-1001 : Open license file D:/Program/Anlogic/TD5.6.2/license/Anlogic.lic
RUN-1001 : Print Global Property
RUN-1001 : ---------------------------------------------------------------
RUN-1001 :        Parameters        |  Settings  |  Default Values  |  Note  
RUN-1001 : ---------------------------------------------------------------
RUN-1001 :          message         |  standard  |     standard     |        
RUN-1001 :   mixed_pack_place_flow  |     on     |        on        |        
RUN-1001 :        qor_monitor       |    off     |       off        |        
RUN-1001 :        syn_ip_flow       |    off     |       off        |        
RUN-1001 :          thread          |    auto    |       auto       |        
RUN-1001 : ---------------------------------------------------------------
RUN-1001 : Print Place Property
RUN-1001 : --------------------------------------------------------------
RUN-1001 :        Parameters       |  Settings  |  Default Values  |  Note  
RUN-1001 : --------------------------------------------------------------
RUN-1001 :      detailed_place     |     on     |        on        |        
RUN-1001 :          effort         |   medium   |      medium      |        
RUN-1001 :         fix_hold        |    off     |       off        |        
RUN-1001 :       legalization      |    ori     |       ori        |        
RUN-1001 :      new_spreading      |     on     |        on        |        
RUN-1001 :        opt_timing       |   medium   |      medium      |        
RUN-1001 :   post_clock_route_opt  |    off     |       off        |        
RUN-1001 :       pr_strategy       |     1      |        1         |        
RUN-1001 :        relaxation       |    1.00    |       1.00       |        
RUN-1001 :         retiming        |    off     |       off        |        
RUN-1001 : --------------------------------------------------------------
PHY-3001 : Placer runs in 16 thread(s).
RUN-1002 : start command "legalize_phy_inst"
SYN-1011 : Flatten model top
RUN-1002 : start command "phys_opt -simplify_lut"
SYN-4016 : Net frame_read_write_m0/write_buf/clkw driven by BUFG (488 clock/control pins, 1 other pins).
SYN-4016 : Net frame_read_write_m0/read_buf/clkr driven by BUFG (109 clock/control pins, 1 other pins).
SYN-4016 : Net config_inst_syn_10 driven by BUFG (87 clock/control pins, 0 other pins).
SYN-4027 : Net frame_read_write_m0/frame_fifo_read_m0/mem_clk is clkc1 of pll sys_pll_m0/pll_inst.
SYN-4027 : Net flash_write_read_m0/flash_cmd_m0/sys_clk is clkc2 of pll sys_pll_m0/pll_inst.
SYN-4019 : Net clk_dup_1 is refclk of pll sys_pll_m0/pll_inst.
SYN-4020 : Net clk_dup_1 is fbclk of pll sys_pll_m0/pll_inst.
SYN-4019 : Net clk_dup_1 is refclk of pll video_pll_m0/pll_inst.
SYN-4020 : Net clk_dup_1 is fbclk of pll video_pll_m0/pll_inst.
SYN-4025 : Tag rtl::Net clk_dup_1 as clock net
SYN-4025 : Tag rtl::Net config_inst_syn_10 as clock net
SYN-4025 : Tag rtl::Net flash_write_read_m0/flash_cmd_m0/sys_clk as clock net
SYN-4025 : Tag rtl::Net frame_read_write_m0/frame_fifo_read_m0/mem_clk as clock net
SYN-4025 : Tag rtl::Net frame_read_write_m0/read_buf/clkr as clock net
SYN-4025 : Tag rtl::Net frame_read_write_m0/write_buf/clkw as clock net
SYN-4026 : Tagged 6 rtl::Net as clock net
PHY-1001 : Populate physical database on model top.
RUN-1001 : There are total 3430 instances
RUN-0007 : 1617 luts, 992 seqs, 467 mslices, 243 lslices, 102 pads, 1 brams, 0 dsps
RUN-1001 : There are total 5418 nets
RUN-1001 : 3424 nets have 2 pins
RUN-1001 : 1655 nets have [3 - 5] pins
RUN-1001 : 146 nets have [6 - 10] pins
RUN-1001 : 109 nets have [11 - 20] pins
RUN-1001 : 67 nets have [21 - 99] pins
RUN-1001 : 17 nets have 100+ pins
RUN-1001 : Report Control nets information:
RUN-1001 : DFF Distribution
RUN-1001 : ----------------------------------
RUN-1001 :   CE   |  SSR  |  ASR  |  DFF Count  
RUN-1001 : ----------------------------------
RUN-1001 :   No   |  No   |  No   |      3      
RUN-1001 :   No   |  No   |  Yes  |     578     
RUN-1001 :   No   |  Yes  |  No   |      0      
RUN-1001 :   Yes  |  No   |  No   |     16      
RUN-1001 :   Yes  |  No   |  Yes  |     395     
RUN-1001 :   Yes  |  Yes  |  No   |      0      
RUN-1001 : ----------------------------------
RUN-0007 : Control Group Statistic
RUN-0007 : ---------------------------
RUN-0007 :   #CLK  |  #CE  |  #SSR/ASR  
RUN-0007 : ---------------------------
RUN-0007 :    6    |  27   |     11     
RUN-0007 : ---------------------------
RUN-0007 : Control Set = 44
PHY-3001 : Initial placement ...
PHY-3001 : design contains 3428 instances, 1617 luts, 992 seqs, 710 slices, 179 macros(710 instances: 467 mslices 243 lslices)
PHY-0007 : Cell area utilization is 15%
PHY-3001 : Start timing update ...
RUN-1002 : start command "start_timer -report"
TMR-2505 : Start building timing graph for model top.
TMR-2506 : Build timing graph completely. Port num: 22, tpin num: 18296, tnet num: 4008, tinst num: 3428, tnode num: 22525, tedge num: 29955.
TMR-2508 : Levelizing timing graph completed, there are 43 levels in total.
TMR-2501 : Timing graph initialized successfully.
TMR-2503 : Start to update net delay, extr mode = 2.
TMR-2504 : Update delay of 4008 nets completely.
TMR-2502 : Annotate delay completely, extr mode = 2.
TMR-3001 : Initiate 5 clocks from SDC.
TMR-3004 : Map sdc constraints, there are 8 constraints in total.
TMR-3003 : Constraints initiated successfully.
TMR-3501 : Forward propagation: start to calculate arrival time...
TMR-3502 : Backward propagation: start to calculate required time...
TMR-3503 : Timing propagation completes.
PHY-3001 : End timing update;  0.538796s wall, 0.234375s user + 0.015625s system = 0.250000s CPU (46.4%)

PHY-3001 : Global placement ...
PHY-3001 : Initial: Len = 878230
PHY-3001 : Clustering ...
PHY-3001 : Level 0 #clusters 3428.
PHY-3001 : End clustering;  0.000011s wall, 0.000000s user + 0.000000s system = 0.000000s CPU (n/a%)

PHY-3001 : Run with size of 4
PHY-3001 : Cell area utilization is 15%
PHY-3001 : :::0::: Try harder cell spreading with beta_ = 0
PHY-3002 : Step(1): len = 734285, overlap = 2.25
PHY-3002 : Step(2): len = 614166, overlap = 2.25
PHY-3002 : Step(3): len = 541944, overlap = 2.25
PHY-3002 : Step(4): len = 488697, overlap = 2.25
PHY-3002 : Step(5): len = 435330, overlap = 2.5
PHY-3002 : Step(6): len = 384323, overlap = 2.21875
PHY-3002 : Step(7): len = 339063, overlap = 10.7812
PHY-3002 : Step(8): len = 304814, overlap = 14.4375
PHY-3002 : Step(9): len = 267817, overlap = 19.0625
PHY-3002 : Step(10): len = 242013, overlap = 23.2812
PHY-3002 : Step(11): len = 213928, overlap = 42.5312
PHY-3002 : Step(12): len = 182961, overlap = 72.1562
PHY-3002 : Step(13): len = 166696, overlap = 71.625
PHY-3002 : Step(14): len = 148360, overlap = 82.75
PHY-3002 : Step(15): len = 136631, overlap = 87.25
PHY-3002 : Step(16): len = 124901, overlap = 99.1875
PHY-3002 : Step(17): len = 117582, overlap = 118.938
PHY-3002 : Step(18): len = 110801, overlap = 125.375
PHY-3001 : :::1::: Try harder cell spreading with beta_ = 4.48146e-05
PHY-3002 : Step(19): len = 117491, overlap = 86.0625
PHY-3002 : Step(20): len = 121074, overlap = 95.5
PHY-3002 : Step(21): len = 116011, overlap = 100.75
PHY-3002 : Step(22): len = 111830, overlap = 114.188
PHY-3002 : Step(23): len = 110665, overlap = 114.875
PHY-3002 : Step(24): len = 106888, overlap = 120.031
PHY-3002 : Step(25): len = 105383, overlap = 121.625
PHY-3002 : Step(26): len = 102560, overlap = 123.906
PHY-3002 : Step(27): len = 99313.8, overlap = 128.156
PHY-3002 : Step(28): len = 96665.9, overlap = 130.812
PHY-3002 : Step(29): len = 94642.8, overlap = 127.75
PHY-3002 : Step(30): len = 93116.4, overlap = 129.094
PHY-3002 : Step(31): len = 92968.5, overlap = 128.125
PHY-3002 : Step(32): len = 90930.5, overlap = 125.625
PHY-3002 : Step(33): len = 90346.5, overlap = 122.812
PHY-3002 : Step(34): len = 88926.6, overlap = 115.031
PHY-3002 : Step(35): len = 88387.3, overlap = 108.594
PHY-3002 : Step(36): len = 86601.5, overlap = 111.188
PHY-3002 : Step(37): len = 85216.5, overlap = 110.688
PHY-3002 : Step(38): len = 84313.2, overlap = 112.281
PHY-3002 : Step(39): len = 83236.9, overlap = 107.531
PHY-3002 : Step(40): len = 81576.7, overlap = 109.625
PHY-3002 : Step(41): len = 80772.3, overlap = 103.344
PHY-3002 : Step(42): len = 79627, overlap = 105.969
PHY-3001 : :::2::: Try harder cell spreading with beta_ = 8.96293e-05
PHY-3002 : Step(43): len = 78945.6, overlap = 106.594
PHY-3002 : Step(44): len = 79052.3, overlap = 106.688
PHY-3001 : :::3::: Try harder cell spreading with beta_ = 0.000179259
PHY-3002 : Step(45): len = 79656.2, overlap = 108.812
PHY-3002 : Step(46): len = 79656.2, overlap = 108.812
PHY-3002 : Step(47): len = 79348.9, overlap = 110.062
PHY-3001 : :::4::: Try harder cell spreading with beta_ = 0.000358517
PHY-3002 : Step(48): len = 80886, overlap = 106.344
PHY-3002 : Step(49): len = 81288, overlap = 103.75
PHY-3002 : Step(50): len = 80927.2, overlap = 101.25
PHY-3001 : :::5::: Try harder cell spreading with beta_ = 0.000717034
PHY-3002 : Step(51): len = 80664.3, overlap = 105.875
PHY-3002 : Step(52): len = 80664.3, overlap = 105.875
PHY-3001 : :::6::: Try harder cell spreading with beta_ = 0.00143407
PHY-3002 : Step(53): len = 80460.8, overlap = 105.906
PHY-3002 : Step(54): len = 80394.9, overlap = 104.969
PHY-3001 : :::7::: Try harder cell spreading with beta_ = 0.00286814
PHY-3002 : Step(55): len = 80348.6, overlap = 106.75
PHY-3002 : Step(56): len = 80348.6, overlap = 106.75
PHY-3001 : :::8::: Try harder cell spreading with beta_ = 0.00573627
PHY-3002 : Step(57): len = 80405.1, overlap = 104.625
PHY-3002 : Step(58): len = 80405.1, overlap = 104.625
PHY-3001 : Legalization ...
PHY-3001 : End legalization;  0.004128s wall, 0.000000s user + 0.000000s system = 0.000000s CPU (n/a%)

PHY-3001 : Run with size of 4
PHY-3001 : Cell area utilization is 19%
PHY-3001 : Update timing in Manhattan mode ...
TMR-2503 : Start to update net delay, extr mode = 3.
TMR-2504 : Update delay of 4008 nets completely.
TMR-2502 : Annotate delay completely, extr mode = 3.
TMR-3501 : Forward propagation: start to calculate arrival time...
TMR-3502 : Backward propagation: start to calculate required time...
TMR-3503 : Timing propagation completes.
PHY-3001 : End timing update;  0.090278s wall, 0.093750s user + 0.000000s system = 0.093750s CPU (103.8%)

PHY-3001 : :::0::: Try harder cell spreading with beta_ = 1.17616e-05
PHY-3002 : Step(59): len = 80294.5, overlap = 170
PHY-3002 : Step(60): len = 80885.2, overlap = 170.812
PHY-3002 : Step(61): len = 79620, overlap = 171.656
PHY-3002 : Step(62): len = 79520, overlap = 174.406
PHY-3002 : Step(63): len = 79332.3, overlap = 175.875
PHY-3002 : Step(64): len = 78472.1, overlap = 177.594
PHY-3002 : Step(65): len = 78418.4, overlap = 177.5
PHY-3002 : Step(66): len = 77971.7, overlap = 178.469
PHY-3002 : Step(67): len = 77900.2, overlap = 177.875
PHY-3002 : Step(68): len = 77427, overlap = 177.688
PHY-3002 : Step(69): len = 76950.5, overlap = 174.969
PHY-3002 : Step(70): len = 76664.6, overlap = 173.625
PHY-3002 : Step(71): len = 76561.7, overlap = 172.375
PHY-3002 : Step(72): len = 76218.1, overlap = 174.688
PHY-3002 : Step(73): len = 75464.6, overlap = 181.5
PHY-3002 : Step(74): len = 74853.8, overlap = 185.188
PHY-3002 : Step(75): len = 74165.8, overlap = 189.594
PHY-3001 : :::1::: Try harder cell spreading with beta_ = 2.35232e-05
PHY-3002 : Step(76): len = 74292.7, overlap = 189.625
PHY-3002 : Step(77): len = 74292.7, overlap = 189.625
PHY-3001 : :::2::: Try harder cell spreading with beta_ = 4.70463e-05
PHY-3002 : Step(78): len = 76977.3, overlap = 173.094
PHY-3002 : Step(79): len = 77714.9, overlap = 170.125
PHY-3002 : Step(80): len = 78970.6, overlap = 156.781
PHY-3002 : Step(81): len = 80638.4, overlap = 151.625
PHY-3002 : Step(82): len = 82462.3, overlap = 143.406
PHY-3001 : :::3::: Try harder cell spreading with beta_ = 9.40926e-05
PHY-3002 : Step(83): len = 82350.6, overlap = 147.5
PHY-3002 : Step(84): len = 83171.1, overlap = 147.875
PHY-3002 : Step(85): len = 84484.5, overlap = 153.25
PHY-3002 : Step(86): len = 83989.4, overlap = 155.062
PHY-3002 : Step(87): len = 83909.2, overlap = 164.188
PHY-3002 : Step(88): len = 83951.9, overlap = 166.031
PHY-3001 : :::4::: Try harder cell spreading with beta_ = 0.000188185
PHY-3002 : Step(89): len = 84508.9, overlap = 165.594
PHY-3002 : Step(90): len = 85635.2, overlap = 162.469
PHY-3002 : Step(91): len = 87476, overlap = 155.656
PHY-3002 : Step(92): len = 86666.2, overlap = 153.438
PHY-3002 : Step(93): len = 86517.2, overlap = 153.188
PHY-3002 : Step(94): len = 85328.1, overlap = 155
PHY-3001 : :::5::: Try harder cell spreading with beta_ = 0.000376371
PHY-3002 : Step(95): len = 85743.1, overlap = 146.031
PHY-3002 : Step(96): len = 86125.8, overlap = 138.594
PHY-3002 : Step(97): len = 86891.9, overlap = 133.219
PHY-3001 : :::6::: Try harder cell spreading with beta_ = 0.000752741
PHY-3002 : Step(98): len = 87505, overlap = 125.188
PHY-3002 : Step(99): len = 88086, overlap = 124.188
PHY-3002 : Step(100): len = 89705.8, overlap = 114.812
PHY-3002 : Step(101): len = 89491.9, overlap = 103.969
PHY-3002 : Step(102): len = 89427.5, overlap = 102.125
PHY-3001 : :::7::: Try harder cell spreading with beta_ = 0.00150548
PHY-3002 : Step(103): len = 89080.2, overlap = 104.125
PHY-3002 : Step(104): len = 89059.4, overlap = 103.281
PHY-3002 : Step(105): len = 88944, overlap = 103.75
PHY-3001 : :::8::: Try harder cell spreading with beta_ = 0.00301096
PHY-3002 : Step(106): len = 89389.4, overlap = 98.5
PHY-3002 : Step(107): len = 89962.3, overlap = 93.2188
PHY-3002 : Step(108): len = 90369.6, overlap = 90.6875
PHY-3001 : :::9::: Try harder cell spreading with beta_ = 0.00602193
PHY-3002 : Step(109): len = 90372.6, overlap = 91.8438
PHY-3002 : Step(110): len = 90317.5, overlap = 92.2812
PHY-3001 : :::10::: Try harder cell spreading with beta_ = 0.0120439
PHY-3002 : Step(111): len = 90503.8, overlap = 91.2188
PHY-3002 : Step(112): len = 90523.7, overlap = 89.25
PHY-3001 : :::11::: Try harder cell spreading with beta_ = 0.0203347
PHY-3002 : Step(113): len = 90547, overlap = 88.7188
PHY-3002 : Step(114): len = 90578.5, overlap = 86.8125
PHY-3001 : :::12::: Try harder cell spreading with beta_ = 0.0406693
PHY-3002 : Step(115): len = 90554.2, overlap = 85.75
PHY-3002 : Step(116): len = 90517.4, overlap = 84.0312
PHY-3001 : Run with size of 2
PHY-3001 : Cell area utilization is 19%
PHY-3001 : Update timing in Manhattan mode ...
TMR-2503 : Start to update net delay, extr mode = 3.
TMR-2504 : Update delay of 4008 nets completely.
TMR-2502 : Annotate delay completely, extr mode = 3.
TMR-3501 : Forward propagation: start to calculate arrival time...
TMR-3502 : Backward propagation: start to calculate required time...
TMR-3503 : Timing propagation completes.
PHY-3001 : End timing update;  0.090705s wall, 0.015625s user + 0.046875s system = 0.062500s CPU (68.9%)

PHY-3001 : :::0::: Try harder cell spreading with beta_ = 7.78618e-05
PHY-3002 : Step(117): len = 93032.8, overlap = 190.125
PHY-3002 : Step(118): len = 95787.3, overlap = 167.906
PHY-3002 : Step(119): len = 94035.6, overlap = 162.375
PHY-3002 : Step(120): len = 92702.7, overlap = 156.5
PHY-3002 : Step(121): len = 90208.1, overlap = 150.75
PHY-3002 : Step(122): len = 89569.2, overlap = 160.188
PHY-3002 : Step(123): len = 88402.6, overlap = 157.875
PHY-3002 : Step(124): len = 87576.3, overlap = 154.812
PHY-3002 : Step(125): len = 86935.5, overlap = 158.031
PHY-3002 : Step(126): len = 86706.7, overlap = 158.781
PHY-3001 : :::1::: Try harder cell spreading with beta_ = 0.000155724
PHY-3002 : Step(127): len = 88288.4, overlap = 146.469
PHY-3002 : Step(128): len = 89228.1, overlap = 139.906
PHY-3002 : Step(129): len = 89595.8, overlap = 132.625
PHY-3001 : :::2::: Try harder cell spreading with beta_ = 0.000311447
PHY-3002 : Step(130): len = 90681.8, overlap = 133.906
PHY-3002 : Step(131): len = 91384.7, overlap = 127.156
PHY-3002 : Step(132): len = 91275.7, overlap = 118.25
PHY-3001 : :::3::: Try harder cell spreading with beta_ = 0.000622894
PHY-3002 : Step(133): len = 92087, overlap = 121.438
PHY-3002 : Step(134): len = 92872, overlap = 121.625
PHY-3001 : :::4::: Try harder cell spreading with beta_ = 0.00124579
PHY-3002 : Step(135): len = 94168.6, overlap = 111.062
PHY-3002 : Step(136): len = 95083.4, overlap = 110.5
PHY-3002 : Step(137): len = 94803.4, overlap = 108.031
PHY-3001 : :::5::: Try harder cell spreading with beta_ = 0.00247624
PHY-3002 : Step(138): len = 95381, overlap = 103.938
PHY-3002 : Step(139): len = 96040.5, overlap = 103.781
PHY-3002 : Step(140): len = 96513.2, overlap = 101.719
PHY-3001 : :::6::: Try harder cell spreading with beta_ = 0.00495248
PHY-3002 : Step(141): len = 96578.4, overlap = 100.594
PHY-3002 : Step(142): len = 97181.7, overlap = 101.406
PHY-3001 : :::7::: Try harder cell spreading with beta_ = 0.00850561
PHY-3002 : Step(143): len = 97383.6, overlap = 101.562
PHY-3002 : Step(144): len = 97639.1, overlap = 101.344
PHY-3001 : :::8::: Try harder cell spreading with beta_ = 0.0152893
PHY-3002 : Step(145): len = 97737.5, overlap = 98.8125
PHY-3002 : Step(146): len = 98068.8, overlap = 96.9062
PHY-3001 : :::9::: Try harder cell spreading with beta_ = 0.024738
PHY-3002 : Step(147): len = 98150.9, overlap = 96.4688
PHY-3002 : Step(148): len = 98238.6, overlap = 96.4062
PHY-3001 : :::10::: Try harder cell spreading with beta_ = 0.0400261
PHY-3002 : Step(149): len = 98336, overlap = 98.7812
PHY-3002 : Step(150): len = 98552.1, overlap = 97.6562
PHY-3001 : :::11::: Try harder cell spreading with beta_ = 0.0647623
PHY-3002 : Step(151): len = 98535.6, overlap = 96.8125
PHY-3002 : Step(152): len = 98576.8, overlap = 95.8438
PHY-3001 : :::12::: Try harder cell spreading with beta_ = 0.104785
PHY-3002 : Step(153): len = 98602.9, overlap = 96.7188
PHY-3002 : Step(154): len = 98702.4, overlap = 97.3438
PHY-3001 : :::13::: Try harder cell spreading with beta_ = 0.17645
PHY-3002 : Step(155): len = 98662.9, overlap = 97.7812
PHY-3002 : Step(156): len = 98662.9, overlap = 97.7812
OPT-1001 : Start physical optimization ...
RUN-1002 : start command "start_timer -report"
TMR-2505 : Start building timing graph for model top.
TMR-2506 : Build timing graph completely. Port num: 22, tpin num: 18296, tnet num: 4008, tinst num: 3428, tnode num: 22525, tedge num: 29955.
TMR-2508 : Levelizing timing graph completed, there are 43 levels in total.
TMR-2501 : Timing graph initialized successfully.
OPT-1001 : Total overflow 284.72 peak overflow 5.94
OPT-1001 : Start high-fanout net optimization ...
OPT-1001 : Update timing in global mode
PHY-1001 : Start incremental global routing, caller is place ...
RUN-1001 : Generating global routing grids ...
RUN-1001 : Building simple global routing graph ...
PHY-1001 : Generate routing nets ...
PHY-1001 : Reuse net number 0/5418.
PHY-1001 : Global iterations in 16 thread ...
PHY-1002 : len = 123680, over cnt = 492(1%), over = 2402, worst = 43
PHY-1001 : End global iterations;  0.156926s wall, 0.031250s user + 0.000000s system = 0.031250s CPU (19.9%)

PHY-1001 : Congestion index: top1 = 49.35, top5 = 35.02, top10 = 27.36, top15 = 22.37.
PHY-1001 : End incremental global routing;  0.216161s wall, 0.046875s user + 0.000000s system = 0.046875s CPU (21.7%)

TMR-2503 : Start to update net delay, extr mode = 5.
TMR-2504 : Update delay of 4008 nets completely.
TMR-2502 : Annotate delay completely, extr mode = 5.
TMR-3001 : Initiate 5 clocks from SDC.
TMR-3004 : Map sdc constraints, there are 8 constraints in total.
TMR-3003 : Constraints initiated successfully.
TMR-3501 : Forward propagation: start to calculate arrival time...
TMR-3502 : Backward propagation: start to calculate required time...
TMR-3503 : Timing propagation completes.
OPT-1001 : End timing update;  0.104667s wall, 0.046875s user + 0.000000s system = 0.046875s CPU (44.8%)

OPT-1001 : 4 high-fanout net processed.
PHY-3001 : Start incremental placement ...
PHY-1001 : Populate physical database on model top.
PHY-3001 : Initial placement ...
PHY-3001 : eco special cells: 1 has valid locations, 0 needs to be replaced
PHY-3001 : eco pad cells: 102 has valid locations, 0 needs to be replaced
PHY-3001 : eco cells: 3316 has valid locations, 24 needs to be replaced
PHY-3001 : design contains 3448 instances, 1617 luts, 1012 seqs, 710 slices, 179 macros(710 instances: 467 mslices 243 lslices)
PHY-3001 : Global placement ...
PHY-3001 : Initial: Len = 99632
PHY-3001 : Run with size of 4
PHY-3001 : Cell area utilization is 19%
PHY-3001 : Update timing in Manhattan mode ...
RUN-1002 : start command "start_timer -report"
TMR-2505 : Start building timing graph for model top.
TMR-2506 : Build timing graph completely. Port num: 22, tpin num: 18392, tnet num: 4028, tinst num: 3448, tnode num: 22697, tedge num: 30107.
TMR-2508 : Levelizing timing graph completed, there are 43 levels in total.
TMR-2501 : Timing graph initialized successfully.
TMR-2503 : Start to update net delay, extr mode = 3.
TMR-2504 : Update delay of 4028 nets completely.
TMR-2502 : Annotate delay completely, extr mode = 3.
TMR-3001 : Initiate 5 clocks from SDC.
TMR-3004 : Map sdc constraints, there are 8 constraints in total.
TMR-3003 : Constraints initiated successfully.
TMR-3501 : Forward propagation: start to calculate arrival time...
TMR-3502 : Backward propagation: start to calculate required time...
TMR-3503 : Timing propagation completes.
PHY-3001 : End timing update;  0.589664s wall, 0.250000s user + 0.000000s system = 0.250000s CPU (42.4%)

PHY-3001 : :::0::: Try harder cell spreading with beta_ = 0
PHY-3002 : Step(157): len = 99472.5, overlap = 0.25
PHY-3002 : Step(158): len = 99495.2, overlap = 0.25
PHY-3002 : Step(159): len = 99639.1, overlap = 0.25
PHY-3002 : Step(160): len = 99724.8, overlap = 0.25
PHY-3002 : Step(161): len = 99693.5, overlap = 0.25
PHY-3001 : Run with size of 2
PHY-3001 : Cell area utilization is 19%
PHY-3001 : Update timing in Manhattan mode ...
TMR-2503 : Start to update net delay, extr mode = 3.
TMR-2504 : Update delay of 4028 nets completely.
TMR-2502 : Annotate delay completely, extr mode = 3.
TMR-3501 : Forward propagation: start to calculate arrival time...
TMR-3502 : Backward propagation: start to calculate required time...
TMR-3503 : Timing propagation completes.
PHY-3001 : End timing update;  0.095758s wall, 0.015625s user + 0.000000s system = 0.015625s CPU (16.3%)

PHY-3001 : :::0::: Try harder cell spreading with beta_ = 0
PHY-3002 : Step(162): len = 99624.5, overlap = 97.8438
PHY-3002 : Step(163): len = 99605.2, overlap = 97.8438
PHY-3002 : Step(164): len = 99605.2, overlap = 97.8438
PHY-3001 : Final: Len = 99605.2, Over = 97.8438
PHY-3001 : End incremental placement;  0.840961s wall, 0.265625s user + 0.000000s system = 0.265625s CPU (31.6%)

OPT-1001 : Total overflow 285.03 peak overflow 5.94
OPT-1001 : End high-fanout net optimization;  1.234796s wall, 0.359375s user + 0.000000s system = 0.359375s CPU (29.1%)

OPT-1001 : Current memory(MB): used = 272, reserve = 239, peak = 272.
OPT-1001 : Start global optimization ...
OPT-1001 : Start congestion update ...
RUN-1001 : Generating global routing grids ...
PHY-1001 : Generate routing nets ...
PHY-1001 : Reuse net number 3577/5438.
PHY-1001 : Global iterations in 16 thread ...
PHY-1002 : len = 124488, over cnt = 491(1%), over = 2357, worst = 43
PHY-1002 : len = 142952, over cnt = 390(1%), over = 1209, worst = 39
PHY-1002 : len = 164000, over cnt = 103(0%), over = 152, worst = 8
PHY-1002 : len = 166000, over cnt = 56(0%), over = 72, worst = 4
PHY-1002 : len = 169160, over cnt = 0(0%), over = 0, worst = 0
PHY-1001 : End global iterations;  0.216885s wall, 0.046875s user + 0.000000s system = 0.046875s CPU (21.6%)

PHY-1001 : Congestion index: top1 = 45.84, top5 = 34.74, top10 = 29.08, top15 = 25.29.
OPT-1001 : End congestion update;  0.267555s wall, 0.078125s user + 0.000000s system = 0.078125s CPU (29.2%)

OPT-1001 : Update timing in Manhattan mode
TMR-2503 : Start to update net delay, extr mode = 3.
TMR-2504 : Update delay of 4028 nets completely.
TMR-2502 : Annotate delay completely, extr mode = 3.
TMR-3501 : Forward propagation: start to calculate arrival time...
TMR-3502 : Backward propagation: start to calculate required time...
TMR-3503 : Timing propagation completes.
OPT-1001 : End timing update;  0.097620s wall, 0.015625s user + 0.000000s system = 0.015625s CPU (16.0%)

OPT-0007 : Start: WNS 872 TNS 0 NUM_FEPS 0
OPT-0007 : Iter 1: improved WNS 872 TNS 0 NUM_FEPS 0 with 12 cells processed and 350 slack improved
OPT-0007 : Iter 2: improved WNS 872 TNS 0 NUM_FEPS 0 with 7 cells processed and 200 slack improved
OPT-0007 : Iter 3: improved WNS 872 TNS 0 NUM_FEPS 0 with 5 cells processed and 300 slack improved
OPT-0007 : Iter 4: improved WNS 872 TNS 0 NUM_FEPS 0 with 0 cells processed and 0 slack improved
OPT-1001 : End global optimization;  0.370507s wall, 0.093750s user + 0.000000s system = 0.093750s CPU (25.3%)

OPT-1001 : Current memory(MB): used = 272, reserve = 239, peak = 272.
OPT-1001 : End physical optimization;  2.163088s wall, 0.765625s user + 0.000000s system = 0.765625s CPU (35.4%)

PHY-3001 : Start packing ...
SYN-4007 : Packing 0 MUX to BLE ...
SYN-4008 : Packed 0 MUX and 0 SEQ to BLE.
SYN-4007 : Packing 1617 LUT to BLE ...
SYN-4008 : Packed 1617 LUT and 632 SEQ to BLE.
SYN-4003 : Packing 380 remaining SEQ's ...
SYN-4005 : Packed 233 SEQ with LUT/SLICE
SYN-4006 : 775 single LUT's are left
SYN-4006 : 147 single SEQ's are left
SYN-4011 : Packing model "top" (AL_USER_NORMAL) with 1764/2713 primitive instances ...
PHY-3001 : End packing;  0.099902s wall, 0.046875s user + 0.000000s system = 0.046875s CPU (46.9%)

PHY-1001 : Populate physical database on model top.
RUN-1001 : There are total 1768 instances
RUN-1001 : 828 mslices, 829 lslices, 102 pads, 1 brams, 0 dsps
RUN-1001 : There are total 4864 nets
RUN-1001 : 2853 nets have 2 pins
RUN-1001 : 1643 nets have [3 - 5] pins
RUN-1001 : 152 nets have [6 - 10] pins
RUN-1001 : 120 nets have [11 - 20] pins
RUN-1001 : 83 nets have [21 - 99] pins
RUN-1001 : 13 nets have 100+ pins
PHY-3001 : design contains 1766 instances, 1657 slices, 179 macros(710 instances: 467 mslices 243 lslices)
PHY-3001 : Cell area utilization is 21%
PHY-3001 : After packing: Len = 98333.2, Over = 125
PHY-3001 : Run with size of 2
PHY-3001 : Cell area utilization is 21%
PHY-3001 : Update timing in Manhattan mode ...
RUN-1002 : start command "start_timer -report"
TMR-2505 : Start building timing graph for model top.
TMR-2506 : Build timing graph completely. Port num: 22, tpin num: 16484, tnet num: 3454, tinst num: 1766, tnode num: 19859, tedge num: 27992.
TMR-2508 : Levelizing timing graph completed, there are 41 levels in total.
TMR-2501 : Timing graph initialized successfully.
TMR-2503 : Start to update net delay, extr mode = 3.
TMR-2504 : Update delay of 3454 nets completely.
TMR-2502 : Annotate delay completely, extr mode = 3.
TMR-3001 : Initiate 5 clocks from SDC.
TMR-3004 : Map sdc constraints, there are 8 constraints in total.
TMR-3003 : Constraints initiated successfully.
TMR-3501 : Forward propagation: start to calculate arrival time...
TMR-3502 : Backward propagation: start to calculate required time...
TMR-3503 : Timing propagation completes.
PHY-3001 : End timing update;  0.618991s wall, 0.218750s user + 0.000000s system = 0.218750s CPU (35.3%)

PHY-3001 : :::0::: Try harder cell spreading with beta_ = 8.21439e-05
PHY-3002 : Step(165): len = 96914.7, overlap = 125.25
PHY-3002 : Step(166): len = 95779.8, overlap = 123.5
PHY-3002 : Step(167): len = 94783.5, overlap = 125.75
PHY-3002 : Step(168): len = 94720.2, overlap = 123.5
PHY-3002 : Step(169): len = 95124.3, overlap = 125
PHY-3002 : Step(170): len = 95158.6, overlap = 130
PHY-3001 : :::1::: Try harder cell spreading with beta_ = 0.000164288
PHY-3002 : Step(171): len = 98048.1, overlap = 119
PHY-3002 : Step(172): len = 99765.3, overlap = 115.5
PHY-3002 : Step(173): len = 99224.1, overlap = 115.25
PHY-3002 : Step(174): len = 99159.4, overlap = 117
PHY-3002 : Step(175): len = 99184.6, overlap = 114.5
PHY-3001 : :::2::: Try harder cell spreading with beta_ = 0.00029378
PHY-3002 : Step(176): len = 101893, overlap = 111.25
PHY-3002 : Step(177): len = 104281, overlap = 110.25
PHY-3002 : Step(178): len = 106408, overlap = 106.25
PHY-3002 : Step(179): len = 106671, overlap = 100
PHY-3002 : Step(180): len = 106527, overlap = 96.25
PHY-3001 : Legalization ...
PHY-3001 : End legalization;  0.165066s wall, 0.000000s user + 0.015625s system = 0.015625s CPU (9.5%)

PHY-3001 : Trial Legalized: Len = 131657
PHY-3001 : Run with size of 2
PHY-3001 : Cell area utilization is 20%
PHY-3001 : Update timing in Manhattan mode ...
TMR-2503 : Start to update net delay, extr mode = 3.
TMR-2504 : Update delay of 3454 nets completely.
TMR-2502 : Annotate delay completely, extr mode = 3.
TMR-3501 : Forward propagation: start to calculate arrival time...
TMR-3502 : Backward propagation: start to calculate required time...
TMR-3503 : Timing propagation completes.
PHY-3001 : End timing update;  0.080108s wall, 0.000000s user + 0.000000s system = 0.000000s CPU (n/a%)

PHY-3001 : :::0::: Try harder cell spreading with beta_ = 0.000808914
PHY-3002 : Step(181): len = 123487, overlap = 17.75
PHY-3002 : Step(182): len = 119491, overlap = 23.25
PHY-3002 : Step(183): len = 116814, overlap = 27
PHY-3002 : Step(184): len = 114813, overlap = 32.5
PHY-3002 : Step(185): len = 113245, overlap = 38
PHY-3002 : Step(186): len = 112378, overlap = 40
PHY-3002 : Step(187): len = 111994, overlap = 41.75
PHY-3001 : :::1::: Try harder cell spreading with beta_ = 0.00161783
PHY-3002 : Step(188): len = 112664, overlap = 39.25
PHY-3002 : Step(189): len = 113265, overlap = 37.25
PHY-3002 : Step(190): len = 113526, overlap = 36.75
PHY-3001 : :::2::: Try harder cell spreading with beta_ = 0.00323566
PHY-3002 : Step(191): len = 113884, overlap = 37.25
PHY-3002 : Step(192): len = 114414, overlap = 37
PHY-3001 : Legalization ...
PHY-3001 : End legalization;  0.004918s wall, 0.000000s user + 0.000000s system = 0.000000s CPU (n/a%)

PHY-3001 : Legalized: Len = 123171, Over = 0
PHY-3001 : Spreading special nets. 37 overflows in 2952 tiles.
PHY-3001 : End spreading;  0.008081s wall, 0.000000s user + 0.000000s system = 0.000000s CPU (n/a%)

PHY-3001 : 49 instances has been re-located, deltaX = 27, deltaY = 23, maxDist = 3.
PHY-3001 : Final: Len = 124021, Over = 0
OPT-1001 : Start physical optimization ...
RUN-1002 : start command "start_timer -report"
TMR-2505 : Start building timing graph for model top.
TMR-2506 : Build timing graph completely. Port num: 22, tpin num: 16484, tnet num: 3454, tinst num: 1766, tnode num: 19859, tedge num: 27992.
TMR-2508 : Levelizing timing graph completed, there are 41 levels in total.
TMR-2501 : Timing graph initialized successfully.
OPT-1001 : Total overflow 0.00 peak overflow 0.00
OPT-1001 : Start high-fanout net optimization ...
OPT-1001 : Update timing in global mode
PHY-1001 : Start incremental global routing, caller is place ...
RUN-1001 : Generating global routing grids ...
PHY-1001 : Generate routing nets ...
PHY-1001 : Reuse net number 114/4864.
PHY-1001 : Global iterations in 16 thread ...
PHY-1002 : len = 157296, over cnt = 399(1%), over = 719, worst = 6
PHY-1002 : len = 160384, over cnt = 229(0%), over = 338, worst = 6
PHY-1002 : len = 163424, over cnt = 39(0%), over = 47, worst = 3
PHY-1002 : len = 163880, over cnt = 7(0%), over = 7, worst = 1
PHY-1002 : len = 164016, over cnt = 0(0%), over = 0, worst = 0
PHY-1001 : End global iterations;  0.322479s wall, 0.109375s user + 0.000000s system = 0.109375s CPU (33.9%)

PHY-1001 : Congestion index: top1 = 32.89, top5 = 27.56, top10 = 24.19, top15 = 21.73.
PHY-1001 : End incremental global routing;  0.390593s wall, 0.125000s user + 0.000000s system = 0.125000s CPU (32.0%)

TMR-2503 : Start to update net delay, extr mode = 5.
TMR-2504 : Update delay of 3454 nets completely.
TMR-2502 : Annotate delay completely, extr mode = 5.
TMR-3001 : Initiate 5 clocks from SDC.
TMR-3004 : Map sdc constraints, there are 8 constraints in total.
TMR-3003 : Constraints initiated successfully.
TMR-3501 : Forward propagation: start to calculate arrival time...
TMR-3502 : Backward propagation: start to calculate required time...
TMR-3503 : Timing propagation completes.
OPT-1001 : End timing update;  0.117443s wall, 0.015625s user + 0.000000s system = 0.015625s CPU (13.3%)

OPT-1001 : 1 high-fanout net processed.
PHY-3001 : Start incremental placement ...
PHY-1001 : Populate physical database on model top.
PHY-3001 : Initial placement ...
PHY-3001 : eco special cells: 1 has valid locations, 0 needs to be replaced
PHY-3001 : eco pad cells: 102 has valid locations, 0 needs to be replaced
PHY-3001 : eco cells: 1657 has valid locations, 5 needs to be replaced
PHY-3001 : design contains 1770 instances, 1661 slices, 179 macros(710 instances: 467 mslices 243 lslices)
PHY-3001 : Global placement ...
PHY-3001 : Initial: Len = 124547
PHY-3001 : Run with size of 4
PHY-3001 : Cell area utilization is 21%
PHY-3001 : Update timing in Manhattan mode ...
RUN-1002 : start command "start_timer -report"
TMR-2505 : Start building timing graph for model top.
TMR-2506 : Build timing graph completely. Port num: 22, tpin num: 16523, tnet num: 3461, tinst num: 1770, tnode num: 19910, tedge num: 28053.
TMR-2508 : Levelizing timing graph completed, there are 41 levels in total.
TMR-2501 : Timing graph initialized successfully.
TMR-2503 : Start to update net delay, extr mode = 3.
TMR-2504 : Update delay of 3461 nets completely.
TMR-2502 : Annotate delay completely, extr mode = 3.
TMR-3001 : Initiate 5 clocks from SDC.
TMR-3004 : Map sdc constraints, there are 8 constraints in total.
TMR-3003 : Constraints initiated successfully.
TMR-3501 : Forward propagation: start to calculate arrival time...
TMR-3502 : Backward propagation: start to calculate required time...
TMR-3503 : Timing propagation completes.
PHY-3001 : End timing update;  0.658478s wall, 0.281250s user + 0.000000s system = 0.281250s CPU (42.7%)

PHY-3001 : :::0::: Try harder cell spreading with beta_ = 0
PHY-3002 : Step(193): len = 124333, overlap = 0
PHY-3002 : Step(194): len = 124295, overlap = 0
PHY-3002 : Step(195): len = 124304, overlap = 0
PHY-3001 : Run with size of 2
PHY-3001 : Cell area utilization is 21%
PHY-3001 : Update timing in Manhattan mode ...
TMR-2503 : Start to update net delay, extr mode = 3.
TMR-2504 : Update delay of 3461 nets completely.
TMR-2502 : Annotate delay completely, extr mode = 3.
TMR-3501 : Forward propagation: start to calculate arrival time...
TMR-3502 : Backward propagation: start to calculate required time...
TMR-3503 : Timing propagation completes.
PHY-3001 : End timing update;  0.084217s wall, 0.046875s user + 0.000000s system = 0.046875s CPU (55.7%)

PHY-3001 : :::0::: Try harder cell spreading with beta_ = 0.000576664
PHY-3002 : Step(196): len = 124339, overlap = 0.75
PHY-3002 : Step(197): len = 124306, overlap = 0.5
PHY-3001 : Legalization ...
PHY-3001 : End legalization;  0.003684s wall, 0.000000s user + 0.000000s system = 0.000000s CPU (n/a%)

PHY-3001 : Legalized: Len = 124328, Over = 0
PHY-3001 : End spreading;  0.006219s wall, 0.000000s user + 0.000000s system = 0.000000s CPU (n/a%)

PHY-3001 : Final: Len = 124328, Over = 0
PHY-3001 : End incremental placement;  0.863744s wall, 0.328125s user + 0.015625s system = 0.343750s CPU (39.8%)

OPT-1001 : Total overflow 0.00 peak overflow 0.00
OPT-1001 : End high-fanout net optimization;  1.446865s wall, 0.515625s user + 0.015625s system = 0.531250s CPU (36.7%)

OPT-1001 : Current memory(MB): used = 279, reserve = 247, peak = 279.
OPT-1001 : Start path based optimization ...
OPT-1001 : Start congestion update ...
RUN-1001 : Generating global routing grids ...
PHY-1001 : Generate routing nets ...
PHY-1001 : Reuse net number 3014/4871.
PHY-1001 : Global iterations in 16 thread ...
PHY-1002 : len = 164392, over cnt = 8(0%), over = 10, worst = 3
PHY-1002 : len = 164440, over cnt = 4(0%), over = 4, worst = 1
PHY-1002 : len = 164504, over cnt = 0(0%), over = 0, worst = 0
PHY-1001 : End global iterations;  0.046000s wall, 0.000000s user + 0.000000s system = 0.000000s CPU (n/a%)

PHY-1001 : Congestion index: top1 = 32.89, top5 = 27.54, top10 = 24.21, top15 = 21.75.
OPT-1001 : End congestion update;  0.109217s wall, 0.000000s user + 0.000000s system = 0.000000s CPU (n/a%)

OPT-1001 : Update timing in Manhattan mode
TMR-2503 : Start to update net delay, extr mode = 3.
TMR-2504 : Update delay of 3461 nets completely.
TMR-2502 : Annotate delay completely, extr mode = 3.
TMR-3501 : Forward propagation: start to calculate arrival time...
TMR-3502 : Backward propagation: start to calculate required time...
TMR-3503 : Timing propagation completes.
OPT-1001 : End timing update;  0.088956s wall, 0.031250s user + 0.000000s system = 0.031250s CPU (35.1%)

OPT-0007 : Start: WNS 848 TNS 0 NUM_FEPS 0
PHY-3001 : Start incremental legalization ...
PHY-1001 : Populate physical database on model top.
PHY-3001 : Initial placement ...
PHY-3001 : eco special cells: 1 has valid locations, 0 needs to be replaced
PHY-3001 : eco pad cells: 102 has valid locations, 0 needs to be replaced
PHY-3001 : eco cells: 1662 has valid locations, 0 needs to be replaced
PHY-3001 : design contains 1770 instances, 1661 slices, 179 macros(710 instances: 467 mslices 243 lslices)
PHY-3001 : Cell area utilization is 21%
PHY-3001 : Initial: Len = 124270, Over = 0
PHY-3001 : Spreading special nets. 3 overflows in 2952 tiles.
PHY-3001 : End spreading;  0.007150s wall, 0.000000s user + 0.000000s system = 0.000000s CPU (n/a%)

PHY-3001 : 4 instances has been re-located, deltaX = 0, deltaY = 7, maxDist = 2.
PHY-3001 : Final: Len = 124430, Over = 0
PHY-3001 : End incremental legalization;  0.059575s wall, 0.000000s user + 0.000000s system = 0.000000s CPU (n/a%)

OPT-0007 : Iter 1: improved WNS 948 TNS 0 NUM_FEPS 0 with 6 cells processed and 650 slack improved
OPT-0007 : Iter 2: improved WNS 948 TNS 0 NUM_FEPS 0 with 0 cells processed and 0 slack improved
OPT-1001 : End path based optimization;  0.278017s wall, 0.046875s user + 0.000000s system = 0.046875s CPU (16.9%)

OPT-1001 : Current memory(MB): used = 280, reserve = 248, peak = 280.
OPT-1001 : Update timing in Manhattan mode
TMR-2503 : Start to update net delay, extr mode = 3.
TMR-2504 : Update delay of 3461 nets completely.
TMR-2502 : Annotate delay completely, extr mode = 3.
TMR-3501 : Forward propagation: start to calculate arrival time...
TMR-3502 : Backward propagation: start to calculate required time...
TMR-3503 : Timing propagation completes.
OPT-1001 : End timing update;  0.083669s wall, 0.078125s user + 0.000000s system = 0.078125s CPU (93.4%)

OPT-1001 : Start pin optimization...
OPT-1001 : skip pin optimization...
RUN-1001 : Generating global routing grids ...
PHY-1001 : Generate routing nets ...
PHY-1001 : Reuse net number 2991/4871.
PHY-1001 : Global iterations in 16 thread ...
PHY-1002 : len = 164608, over cnt = 4(0%), over = 4, worst = 1
PHY-1002 : len = 164592, over cnt = 1(0%), over = 1, worst = 1
PHY-1002 : len = 164608, over cnt = 0(0%), over = 0, worst = 0
PHY-1001 : End global iterations;  0.044668s wall, 0.000000s user + 0.000000s system = 0.000000s CPU (n/a%)

PHY-1001 : Congestion index: top1 = 32.84, top5 = 27.50, top10 = 24.17, top15 = 21.74.
OPT-1001 : Update timing in Manhattan mode
TMR-2503 : Start to update net delay, extr mode = 3.
TMR-2504 : Update delay of 3461 nets completely.
TMR-2502 : Annotate delay completely, extr mode = 3.
TMR-3501 : Forward propagation: start to calculate arrival time...
TMR-3502 : Backward propagation: start to calculate required time...
TMR-3503 : Timing propagation completes.
OPT-1001 : End timing update;  0.089138s wall, 0.031250s user + 0.000000s system = 0.031250s CPU (35.1%)

RUN-1001 : QoR Analysis:
OPT-0007 :   WNS 948 TNS 0 NUM_FEPS 0
RUN-1001 :   No local congestion issue, and most congested 1% tile average routing util is 32.413793
RUN-1001 :   Top critical paths
RUN-1001 :       #1 path slack 948ps with logic level 2 
OPT-1001 : End physical optimization;  2.591875s wall, 0.781250s user + 0.015625s system = 0.796875s CPU (30.7%)

RUN-1003 : finish command "place" in  10.548921s wall, 2.828125s user + 0.406250s system = 3.234375s CPU (30.7%)

RUN-1004 : used memory is 251 MB, reserved memory is 221 MB, peak memory is 280 MB
RUN-1002 : start command "export_db pic_sdram_place.db"
RUN-1001 : Exported /
RUN-1001 : Exported flow parameters
RUN-1001 : Exported libs
RUN-1001 : Exported entities
RUN-1001 : Exported ports
RUN-1001 : Exported pins
RUN-1001 : Exported instances
RUN-1001 : Exported nets
RUN-1001 : Exported buses
RUN-1001 : Exported models
RUN-1001 : Exported congestions
RUN-1001 : Exported violations
RUN-1001 : Exported timing constraints
RUN-1001 : Exported IO constraints
RUN-1001 : Exported Inst constraints
RUN-1001 : Exported ChipWatcher
RUN-1002 : start command "route"
RUN-1001 : Open license file D:/Program/Anlogic/TD5.6.2/license/Anlogic.lic
RUN-1001 : Print Global Property
RUN-1001 : ---------------------------------------------------------------
RUN-1001 :        Parameters        |  Settings  |  Default Values  |  Note  
RUN-1001 : ---------------------------------------------------------------
RUN-1001 :          message         |  standard  |     standard     |        
RUN-1001 :   mixed_pack_place_flow  |     on     |        on        |        
RUN-1001 :        qor_monitor       |    off     |       off        |        
RUN-1001 :        syn_ip_flow       |    off     |       off        |        
RUN-1001 :          thread          |    auto    |       auto       |        
RUN-1001 : ---------------------------------------------------------------
RUN-1001 : Print Route Property
RUN-1001 : -------------------------------------------------------
RUN-1001 :    Parameters    |  Settings  |  Default Values  |  Note  
RUN-1001 : -------------------------------------------------------
RUN-1001 :      effort      |   medium   |      medium      |        
RUN-1001 :     fix_hold     |    off     |       off        |        
RUN-1001 :    opt_timing    |   medium   |      medium      |        
RUN-1001 :   phy_sim_model  |    off     |       off        |        
RUN-1001 :     priority     |   timing   |      timing      |        
RUN-1001 :     swap_pin     |     on     |        on        |        
RUN-1001 : -------------------------------------------------------
PHY-1001 : Route runs in 16 thread(s)
RUN-1001 : There are total 1772 instances
RUN-1001 : 828 mslices, 833 lslices, 102 pads, 1 brams, 0 dsps
RUN-1001 : There are total 4871 nets
RUN-1001 : 2856 nets have 2 pins
RUN-1001 : 1644 nets have [3 - 5] pins
RUN-1001 : 152 nets have [6 - 10] pins
RUN-1001 : 122 nets have [11 - 20] pins
RUN-1001 : 84 nets have [21 - 99] pins
RUN-1001 : 13 nets have 100+ pins
RUN-1002 : start command "start_timer -report"
TMR-2505 : Start building timing graph for model top.
TMR-2506 : Build timing graph completely. Port num: 22, tpin num: 16523, tnet num: 3461, tinst num: 1770, tnode num: 19910, tedge num: 28053.
TMR-2508 : Levelizing timing graph completed, there are 41 levels in total.
TMR-2501 : Timing graph initialized successfully.
PHY-1001 : 828 mslices, 833 lslices, 102 pads, 1 brams, 0 dsps
TMR-2503 : Start to update net delay, extr mode = 3.
TMR-2504 : Update delay of 3461 nets completely.
TMR-2502 : Annotate delay completely, extr mode = 3.
TMR-3001 : Initiate 5 clocks from SDC.
TMR-3004 : Map sdc constraints, there are 8 constraints in total.
TMR-3003 : Constraints initiated successfully.
TMR-3501 : Forward propagation: start to calculate arrival time...
TMR-3502 : Backward propagation: start to calculate required time...
TMR-3503 : Timing propagation completes.
PHY-1001 : Start global routing, caller is route ...
RUN-1001 : Generating global routing grids ...
PHY-1001 : Generate routing nets ...
PHY-1001 : Global iterations in 16 thread ...
PHY-1002 : len = 155352, over cnt = 423(1%), over = 791, worst = 6
PHY-1002 : len = 159184, over cnt = 222(0%), over = 339, worst = 6
PHY-1002 : len = 162240, over cnt = 37(0%), over = 56, worst = 6
PHY-1002 : len = 162880, over cnt = 0(0%), over = 0, worst = 0
PHY-1001 : End global iterations;  0.293472s wall, 0.031250s user + 0.000000s system = 0.031250s CPU (10.6%)

PHY-1001 : Congestion index: top1 = 32.48, top5 = 27.31, top10 = 24.03, top15 = 21.56.
PHY-1001 : End global routing;  0.362971s wall, 0.031250s user + 0.000000s system = 0.031250s CPU (8.6%)

PHY-1001 : Start detail routing ...
PHY-1001 : Current memory(MB): used = 307, reserve = 276, peak = 307.
PHY-1001 : Detailed router is running in normal mode.
PHY-1001 : Generate detailed routing grids ...
PHY-1001 : Generate nets ...
PHY-1001 : net clk_dup_1 will be routed on clock mesh
PHY-1001 : net flash_write_read_m0/flash_cmd_m0/sys_clk will be routed on clock mesh
PHY-1001 : net frame_read_write_m0/frame_fifo_read_m0/mem_clk will be routed on clock mesh
PHY-1001 : clock net frame_read_write_m0/read_buf/clkr will be merged with clock video_pll_m0/clk0_buf
PHY-1001 : clock net frame_read_write_m0/write_buf/clkw will be merged with clock sys_pll_m0/clk0_buf
PHY-1001 : clock net config_inst_syn_10 will be merged with clock config_inst_syn_9
PHY-1001 : Current memory(MB): used = 561, reserve = 532, peak = 561.
PHY-1001 : End build detailed router design. 2.590386s wall, 1.156250s user + 0.015625s system = 1.171875s CPU (45.2%)

PHY-1001 : Detail Route ...
PHY-1001 : ===== Detail Route Phase 1 =====
PHY-1001 : Clock net routing.....
PHY-1001 : Routed 0% nets.
PHY-1022 : len = 57408, over cnt = 0(0%), over = 0, worst = 0, crit = 0
PHY-1001 : End initial clock net routed; 1.193495s wall, 0.390625s user + 0.015625s system = 0.406250s CPU (34.0%)

PHY-1001 : Current memory(MB): used = 594, reserve = 568, peak = 594.
PHY-1001 : End phase 1; 1.199130s wall, 0.406250s user + 0.015625s system = 0.421875s CPU (35.2%)

PHY-1001 : ===== Detail Route Phase 2 =====
PHY-1001 : Initial routing.....
PHY-1001 : Routed 28% nets.
PHY-1001 : Routed 33% nets.
PHY-1001 : Routed 41% nets.
PHY-1001 : Routed 50% nets.
PHY-1001 : Routed 64% nets.
PHY-1022 : len = 594776, over cnt = 88(0%), over = 89, worst = 2, crit = 0
PHY-1001 : Current memory(MB): used = 595, reserve = 568, peak = 595.
PHY-1001 : End initial routed; 3.920707s wall, 1.078125s user + 0.015625s system = 1.093750s CPU (27.9%)

PHY-1001 : Update timing.....
PHY-1001 : 2/3139(0%) critical/total net(s).
RUN-1001 : --------------------------------------
RUN-1001 :   Type   |  WNS(ns)  |  TNS(ns)  |  FEP  
RUN-1001 : --------------------------------------
RUN-1001 :   Setup  |  -0.175   |  -0.175   |   1   
RUN-1001 :   Hold   |  -0.562   |  -1.238   |   3   
RUN-1001 : --------------------------------------
PHY-1001 : End update timing; 0.700342s wall, 0.265625s user + 0.000000s system = 0.265625s CPU (37.9%)

PHY-1001 : Current memory(MB): used = 598, reserve = 570, peak = 598.
PHY-1001 : End phase 2; 4.621099s wall, 1.343750s user + 0.015625s system = 1.359375s CPU (29.4%)

PHY-1001 : ===== Detail Route Phase 3 =====
PHY-1001 : Optimize timing.....
PHY-1001 : ===== OPT Iter 1 =====
PHY-1001 : Processed 2 pins with SWNS -0.038ns STNS -0.038ns FEP 1.
PHY-1001 : End OPT Iter 1; 0.017420s wall, 0.015625s user + 0.000000s system = 0.015625s CPU (89.7%)

PHY-1022 : len = 594776, over cnt = 89(0%), over = 90, worst = 2, crit = 0
PHY-1001 : End optimize timing; 0.044622s wall, 0.015625s user + 0.000000s system = 0.015625s CPU (35.0%)

PHY-1001 : Ripup-reroute.....
PHY-1001 : ===== DR Iter 1 =====
PHY-1022 : len = 592632, over cnt = 22(0%), over = 22, worst = 1, crit = 0
PHY-1001 : End DR Iter 1; 0.077974s wall, 0.015625s user + 0.000000s system = 0.015625s CPU (20.0%)

PHY-1001 : ===== DR Iter 2 =====
PHY-1022 : len = 592536, over cnt = 4(0%), over = 4, worst = 1, crit = 0
PHY-1001 : End DR Iter 2; 0.050639s wall, 0.000000s user + 0.000000s system = 0.000000s CPU (n/a%)

PHY-1001 : ===== DR Iter 3 =====
PHY-1022 : len = 592568, over cnt = 1(0%), over = 1, worst = 1, crit = 0
PHY-1001 : End DR Iter 3; 0.034600s wall, 0.000000s user + 0.000000s system = 0.000000s CPU (n/a%)

PHY-1001 : ===== DR Iter 4 =====
PHY-1022 : len = 592584, over cnt = 0(0%), over = 0, worst = 0, crit = 0
PHY-1001 : End DR Iter 4; 0.028797s wall, 0.015625s user + 0.000000s system = 0.015625s CPU (54.3%)

PHY-1001 : Update timing.....
PHY-1001 : 2/3139(0%) critical/total net(s).
RUN-1001 : --------------------------------------
RUN-1001 :   Type   |  WNS(ns)  |  TNS(ns)  |  FEP  
RUN-1001 : --------------------------------------
RUN-1001 :   Setup  |  -0.038   |  -0.038   |   1   
RUN-1001 :   Hold   |  -0.562   |  -1.238   |   3   
RUN-1001 : --------------------------------------
PHY-1001 : End update timing; 0.688497s wall, 0.250000s user + 0.000000s system = 0.250000s CPU (36.3%)

PHY-1001 : Commit to database.....
PHY-1001 : 14 feed throughs used by 12 nets
PHY-1001 : End commit to database; 0.355299s wall, 0.140625s user + 0.000000s system = 0.140625s CPU (39.6%)

PHY-1001 : Current memory(MB): used = 626, reserve = 600, peak = 626.
PHY-1001 : End phase 3; 1.412422s wall, 0.500000s user + 0.000000s system = 0.500000s CPU (35.4%)

PHY-1001 : ===== Detail Route Phase 4 =====
PHY-1001 : Optimize timing.....
PHY-1001 : ===== OPT Iter 1 =====
PHY-1001 : Processed 2 pins with SWNS -0.038ns STNS -0.038ns FEP 1.
PHY-1001 : End OPT Iter 1; 0.019837s wall, 0.000000s user + 0.000000s system = 0.000000s CPU (n/a%)

PHY-1022 : len = 592584, over cnt = 0(0%), over = 0, worst = 0, crit = 0
PHY-1001 : End optimize timing; 0.047082s wall, 0.000000s user + 0.000000s system = 0.000000s CPU (n/a%)

PHY-0007 : Phase: 4; Congestion: {, , , }; Timing: {-0.038ns, -0.038ns, 1}
PHY-1001 : Update timing.....
PHY-1001 : 2/3139(0%) critical/total net(s).
RUN-1001 : --------------------------------------
RUN-1001 :   Type   |  WNS(ns)  |  TNS(ns)  |  FEP  
RUN-1001 : --------------------------------------
RUN-1001 :   Setup  |  -0.038   |  -0.038   |   1   
RUN-1001 :   Hold   |  -0.562   |  -1.238   |   3   
RUN-1001 : --------------------------------------
PHY-1001 : End update timing; 0.698284s wall, 0.218750s user + 0.000000s system = 0.218750s CPU (31.3%)

PHY-1001 : Commit to database.....
PHY-1001 : 14 feed throughs used by 12 nets
PHY-1001 : End commit to database; 0.374424s wall, 0.203125s user + 0.015625s system = 0.218750s CPU (58.4%)

PHY-1001 : Current memory(MB): used = 629, reserve = 602, peak = 629.
PHY-1001 : End phase 4; 1.122135s wall, 0.421875s user + 0.015625s system = 0.437500s CPU (39.0%)

PHY-1003 : Routed, final wirelength = 592584
PHY-1001 : Current memory(MB): used = 630, reserve = 603, peak = 630.
PHY-1001 : End export database. 0.012212s wall, 0.015625s user + 0.000000s system = 0.015625s CPU (127.9%)

PHY-1001 : End detail routing;  11.106806s wall, 3.906250s user + 0.078125s system = 3.984375s CPU (35.9%)

RUN-1003 : finish command "route" in  12.130617s wall, 4.234375s user + 0.078125s system = 4.312500s CPU (35.6%)

RUN-1004 : used memory is 598 MB, reserved memory is 573 MB, peak memory is 630 MB
RUN-1002 : start command "report_area -io_info -file pic_sdram_phy.area"
RUN-1001 : standard
***Report Model: top Device: EG4S20BG256***

IO Statistics
#IO                        47
  #input                    6
  #output                  37
  #inout                    4

Utilization Statistics
#lut                     3102   out of  19600   15.83%
#reg                     1046   out of  19600    5.34%
#le                      3249
  #lut only              2203   out of   3249   67.81%
  #reg only               147   out of   3249    4.52%
  #lut&reg                899   out of   3249   27.67%
#dsp                        0   out of     29    0.00%
#bram                       1   out of     64    1.56%
  #bram9k                   1
  #fifo9k                   0
#bram32k                    0   out of     16    0.00%
#pad                       47   out of    188   25.00%
  #ireg                     1
  #oreg                    40
  #treg                     1
#pll                        2   out of      4   50.00%
#gclk                       3   out of     16   18.75%

Clock Resource Statistics
Index     ClockNet                                          Type               DriverType         Driver                         Fanout
#1        sys_pll_m0/clk0_buf                               GCLK               pll                sys_pll_m0/pll_inst.clkc0      337
#2        frame_read_write_m0/frame_fifo_read_m0/mem_clk    GCLK               pll                sys_pll_m0/pll_inst.clkc1      269
#3        video_pll_m0/clk0_buf                             GCLK               pll                video_pll_m0/pll_inst.clkc0    89
#4        clk_dup_1                                         GCLK               io                 clk_syn_2.di                   71
#5        config_inst_syn_9                                 GCLK               config             config_inst.jtck               52
#6        flash_write_read_m0/flash_cmd_m0/sys_clk          GCLK               pll                sys_pll_m0/pll_inst.clkc2      43


Detailed IO Report

       Name         Direction    Location    IOStandard    DriveStrength    PullType     PackReg   
       clk            INPUT         R7        LVCMOS33          N/A           NONE        NONE     
       key1           INPUT         B2        LVCMOS33          N/A           NONE        IREG     
       key2           INPUT         B1        LVCMOS33          N/A           NONE        NONE     
      rst_n           INPUT         A2        LVCMOS33          N/A           NONE        NONE     
     sd_miso          INPUT        B14        LVCMOS33          N/A           NONE        NONE     
     switch1          INPUT         C8        LVCMOS33          N/A           NONE        NONE     
    flash_cs_n       OUTPUT         P8        LVCMOS33           8            NONE        OREG     
    flash_sck        OUTPUT         M9        LVCMOS33           8            NONE        OREG     
     sd_dclk         OUTPUT        A14        LVCMOS33           8            NONE        OREG     
     sd_mosi         OUTPUT        A13        LVCMOS33           8            NONE        OREG     
      sd_ncs         OUTPUT        A12        LVCMOS33           8            NONE        OREG     
   seg_data[7]       OUTPUT         A6        LVCMOS33           8            NONE        NONE     
   seg_data[6]       OUTPUT         A7        LVCMOS33           8            NONE        OREG     
   seg_data[5]       OUTPUT         A8        LVCMOS33           8            NONE        OREG     
   seg_data[4]       OUTPUT         B5        LVCMOS33           8            NONE        OREG     
   seg_data[3]       OUTPUT         A5        LVCMOS33           8            NONE        OREG     
   seg_data[2]       OUTPUT         B6        LVCMOS33           8            NONE        OREG     
   seg_data[1]       OUTPUT        C16        LVCMOS33           8            NONE        OREG     
   seg_data[0]       OUTPUT        C15        LVCMOS33           8            NONE        OREG     
    seg_sel[5]       OUTPUT        D11        LVCMOS33           8            NONE        OREG     
    seg_sel[4]       OUTPUT        E11        LVCMOS33           8            NONE        OREG     
    seg_sel[3]       OUTPUT        F10        LVCMOS33           8            NONE        OREG     
    seg_sel[2]       OUTPUT        C13        LVCMOS33           8            NONE        OREG     
    seg_sel[1]       OUTPUT        E10        LVCMOS33           8            NONE        OREG     
    seg_sel[0]       OUTPUT        E12        LVCMOS33           8            NONE        OREG     
   vga_out_b[4]      OUTPUT         D5        LVCMOS33           8            NONE        OREG     
   vga_out_b[3]      OUTPUT         D6        LVCMOS33           8            NONE        OREG     
   vga_out_b[2]      OUTPUT         E6        LVCMOS33           8            NONE        OREG     
   vga_out_b[1]      OUTPUT         F6        LVCMOS33           8            NONE        OREG     
   vga_out_b[0]      OUTPUT        H16        LVCMOS25           8            N/A         OREG     
   vga_out_g[5]      OUTPUT         N6        LVCMOS33           8            NONE        OREG     
   vga_out_g[4]      OUTPUT         N5        LVCMOS33           8            NONE        OREG     
   vga_out_g[3]      OUTPUT         P5        LVCMOS33           8            NONE        OREG     
   vga_out_g[2]      OUTPUT         T5        LVCMOS33           8            NONE        OREG     
   vga_out_g[1]      OUTPUT        F14        LVCMOS25           8            N/A         OREG     
   vga_out_g[0]      OUTPUT         A4        LVCMOS33           8            N/A         OREG     
    vga_out_hs       OUTPUT         E7        LVCMOS33           8            NONE        OREG     
   vga_out_r[4]      OUTPUT        E13        LVCMOS33           8            NONE        OREG     
   vga_out_r[3]      OUTPUT         L8        LVCMOS33           8            NONE        OREG     
   vga_out_r[2]      OUTPUT         L7        LVCMOS33           8            NONE        OREG     
   vga_out_r[1]      OUTPUT         R5        LVCMOS33           8            NONE        OREG     
   vga_out_r[0]      OUTPUT         H5        LVCMOS33           8            N/A         OREG     
    vga_out_vs       OUTPUT         F7        LVCMOS33           8            NONE        OREG     
  flash_qspi_IO0      INOUT         P7        LVCMOS33           8            NONE      OREG;TREG  
  flash_qspi_IO1      INOUT         N8        LVCMOS33           8            NONE        OREG     
  flash_qspi_IO2      INOUT         P9        LVCMOS33           8            NONE        OREG     
  flash_qspi_IO3      INOUT         R9        LVCMOS33           8            NONE        OREG     
      dq[23]          INPUT        S31        LVCMOS25           8           PULLUP       NONE     
      dq[22]          INPUT        S32        LVCMOS25           8           PULLUP       NONE     
      dq[21]          INPUT        S35        LVCMOS25           8           PULLUP       NONE     
      dq[20]          INPUT        S36        LVCMOS25           8           PULLUP       NONE     
      dq[19]          INPUT        S37        LVCMOS25           8           PULLUP       NONE     
      dq[18]          INPUT        S38        LVCMOS25           8           PULLUP       NONE     
      dq[17]          INPUT        S41        LVCMOS25           8           PULLUP       NONE     
      dq[16]          INPUT        S42        LVCMOS25           8           PULLUP       NONE     
      dq[31]          INPUT        S48        LVCMOS25           8           PULLUP       NONE     
      dq[30]          INPUT        S49        LVCMOS25           8           PULLUP       NONE     
      dq[29]          INPUT        S52        LVCMOS25           8           PULLUP       NONE     
      dq[28]          INPUT        S53        LVCMOS25           8           PULLUP       NONE     
      dq[27]          INPUT        S54        LVCMOS25           8           PULLUP       NONE     
      dq[26]          INPUT        S55        LVCMOS25           8           PULLUP       NONE     
      dq[25]          INPUT        S58        LVCMOS25           8           PULLUP       NONE     
      dq[24]          INPUT        S59        LVCMOS25           8           PULLUP       NONE     
       dm0           OUTPUT        S14        LVCMOS25           8            NONE        NONE     
       cke           OUTPUT        S18        LVCMOS25           8            NONE        OREG     
       we_n          OUTPUT        S19        LVCMOS25           8            NONE        OREG     
      cas_n          OUTPUT        S20        LVCMOS25           8            NONE        OREG     
      ras_n          OUTPUT        S21        LVCMOS25           8            NONE        OREG     
       cs_n          OUTPUT        S22        LVCMOS25           8            NONE        OREG     
     addr[9]         OUTPUT        S23        LVCMOS25           8            NONE        OREG     
     addr[8]         OUTPUT        S24        LVCMOS25           8            NONE        OREG     
     addr[7]         OUTPUT        S25        LVCMOS25           8            NONE        OREG     
     addr[6]         OUTPUT        S26        LVCMOS25           8            NONE        OREG     
     addr[5]         OUTPUT        S27        LVCMOS25           8            NONE        OREG     
     addr[4]         OUTPUT        S28        LVCMOS25           8            NONE        OREG     
       dm2           OUTPUT        S29        LVCMOS25           8            NONE        NONE     
       dm3           OUTPUT        S61        LVCMOS25           8            NONE        NONE     
     addr[3]         OUTPUT        S64        LVCMOS25           8            NONE        OREG     
     addr[2]         OUTPUT        S65        LVCMOS25           8            NONE        OREG     
     addr[1]         OUTPUT        S66        LVCMOS25           8            NONE        OREG     
     addr[0]         OUTPUT        S67        LVCMOS25           8            NONE        OREG     
     addr[10]        OUTPUT        S68        LVCMOS25           8            NONE        OREG     
      ba[0]          OUTPUT        S69        LVCMOS25           8            NONE        OREG     
      ba[1]          OUTPUT        S70        LVCMOS25           8            NONE        OREG     
       clk           OUTPUT        S73        LVCMOS25           8            NONE        NONE     
       dm1           OUTPUT        S76        LVCMOS25           8            NONE        NONE     
      dq[0]           INOUT         S1        LVCMOS25           8           PULLUP       IREG     
      dq[6]           INOUT        S11        LVCMOS25           8           PULLUP       IREG     
      dq[7]           INOUT        S12        LVCMOS25           8           PULLUP       IREG     
      dq[1]           INOUT         S2        LVCMOS25           8           PULLUP       IREG     
      dq[2]           INOUT         S5        LVCMOS25           8           PULLUP       IREG     
      dq[3]           INOUT         S6        LVCMOS25           8           PULLUP       IREG     
      dq[4]           INOUT         S7        LVCMOS25           8           PULLUP       IREG     
      dq[8]           INOUT        S78        LVCMOS25           8           PULLUP       IREG     
      dq[9]           INOUT        S79        LVCMOS25           8           PULLUP       IREG     
      dq[5]           INOUT         S8        LVCMOS25           8           PULLUP       IREG     
      dq[10]          INOUT        S82        LVCMOS25           8           PULLUP       IREG     
      dq[11]          INOUT        S83        LVCMOS25           8           PULLUP       IREG     
      dq[12]          INOUT        S84        LVCMOS25           8           PULLUP       IREG     
      dq[13]          INOUT        S85        LVCMOS25           8           PULLUP       IREG     
      dq[14]          INOUT        S88        LVCMOS25           8           PULLUP       IREG     
      dq[15]          INOUT        S89        LVCMOS25           8           PULLUP       IREG     

Report Hierarchy Area:
+-----------------------------------------------------------------------------------------------------------------------------------------+
|Instance                            |Module                                         |le     |lut     |ripple  |seq     |bram    |dsp     |
+-----------------------------------------------------------------------------------------------------------------------------------------+
|top                                 |top                                            |3249   |2776    |326     |1088    |1       |0       |
|  flash_write_read_m0               |flash_write_read                               |112    |106     |6       |60      |0       |0       |
|    Qspi_master_m0                  |Qspi_master                                    |40     |40      |0       |21      |0       |0       |
|    flash_cmd_m0                    |flash_cmd                                      |72     |66      |6       |39      |0       |0       |
|      flash_step_m0                 |flash_step                                     |54     |48      |6       |24      |0       |0       |
|  frame_read_write_m0               |frame_read_write                               |1494   |1389    |84      |296     |0       |0       |
|    frame_fifo_read_m0              |frame_fifo_read                                |80     |63      |17      |37      |0       |0       |
|    frame_fifo_write_m0             |frame_fifo_write                               |83     |63      |17      |39      |0       |0       |
|    read_buf                        |afifo_16_256                                   |660    |633     |25      |112     |0       |0       |
|      ram_inst                      |ram_infer_afifo_16_256                         |526    |526     |0       |35      |0       |0       |
|      rd_to_wr_cross_inst           |fifo_cross_domain_addr_process_al_afifo_16_256 |25     |24      |0       |25      |0       |0       |
|      wr_to_rd_cross_inst           |fifo_cross_domain_addr_process_al_afifo_16_256 |25     |25      |0       |25      |0       |0       |
|    write_buf                       |afifo_16_256                                   |671    |630     |25      |108     |0       |0       |
|      ram_inst                      |ram_infer_afifo_16_256                         |543    |543     |0       |23      |0       |0       |
|      rd_to_wr_cross_inst           |fifo_cross_domain_addr_process_al_afifo_16_256 |29     |17      |0       |29      |0       |0       |
|      wr_to_rd_cross_inst           |fifo_cross_domain_addr_process_al_afifo_16_256 |31     |28      |0       |31      |0       |0       |
|  sd_card_bmp_m0                    |sd_card_bmp                                    |926    |796     |91      |388     |0       |0       |
|    ax_debounce_m0                  |ax_debounce                                    |63     |54      |9       |35      |0       |0       |
|    bmp_read_m0                     |bmp_read                                       |278    |200     |55      |167     |0       |0       |
|    sd_card_top_m0                  |sd_card_top                                    |585    |542     |27      |186     |0       |0       |
|      sd_card_cmd_m0                |sd_card_cmd                                    |350    |328     |22      |61      |0       |0       |
|      sd_card_sec_read_write_m0     |sd_card_sec_read_write                         |170    |154     |0       |84      |0       |0       |
|      spi_master_m0                 |spi_master                                     |65     |60      |5       |41      |0       |0       |
|  sdram_m0                          |sdram                                          |0      |0       |0       |0       |0       |0       |
|  seg_scan_m0                       |seg_scan                                       |74     |52      |22      |21      |0       |0       |
|  sys_pll_m0                        |sys_pll                                        |0      |0       |0       |0       |0       |0       |
|  u_sdram_controller                |sdram_controller                               |258    |195     |46      |84      |0       |0       |
|    u_sdram_cmd                     |sdram_cmd                                      |54     |54      |0       |18      |0       |0       |
|    u_sdram_ctrl                    |sdram_ctrl                                     |190    |139     |46      |52      |0       |0       |
|    u_sdram_data                    |sdram_data                                     |14     |2       |0       |14      |0       |0       |
|  video_pll_m0                      |video_pll                                      |0      |0       |0       |0       |0       |0       |
|  video_timing_data_m0              |video_timing_data                              |64     |53      |8       |34      |0       |0       |
|    color_bar_m0                    |color_bar                                      |44     |34      |8       |29      |0       |0       |
|  cw_top                            |CW_TOP_WRAPPER                                 |319    |183     |69      |162     |0       |0       |
|    wrapper_cwc_top                 |cwc_top                                        |319    |183     |69      |162     |0       |0       |
|      cfg_int_inst                  |cwc_cfg_int                                    |89     |35      |0       |82      |0       |0       |
|        reg_inst                    |register                                       |87     |33      |0       |80      |0       |0       |
|        tap_inst                    |tap                                            |2      |2       |0       |2       |0       |0       |
|      trigger_inst                  |trigger                                        |230    |148     |69      |80      |0       |0       |
|        bus_inst                    |bus_top                                        |1      |1       |0       |1       |0       |0       |
|          BUS_DETECTOR[1]$bus_nodes |bus_det                                        |1      |1       |0       |1       |0       |0       |
|        emb_ctrl_inst               |emb_ctrl                                       |130    |93      |37      |54      |0       |0       |
+-----------------------------------------------------------------------------------------------------------------------------------------+


DataNet Average Fanout:

   Index     Fanout     Nets  
    #1          1       2809  
    #2          2       1281  
    #3          3       207   
    #4          4       156   
    #5        5-10      171   
    #6        11-50     172   
    #7       51-100      11   
    #8       101-500     9    
  Average     3.00            

RUN-1002 : start command "export_db pic_sdram_pr.db"
RUN-1001 : Exported /
RUN-1001 : Exported flow parameters
RUN-1001 : Exported libs
RUN-1001 : Exported entities
RUN-1001 : Exported ports
RUN-1001 : Exported pins
RUN-1001 : Exported instances
RUN-1001 : Exported nets
RUN-1001 : Exported buses
RUN-1001 : Exported models
RUN-1001 : Exported congestions
RUN-1001 : Exported violations
RUN-1001 : Exported timing constraints
RUN-1001 : Exported IO constraints
RUN-1001 : Exported Inst constraints
RUN-1001 : Exported ChipWatcher
RUN-1002 : start command "start_timer"
TMR-2505 : Start building timing graph for model top.
TMR-2506 : Build timing graph completely. Port num: 22, tpin num: 16523, tnet num: 3461, tinst num: 1770, tnode num: 19910, tedge num: 28053.
TMR-2508 : Levelizing timing graph completed, there are 41 levels in total.
TMR-2501 : Timing graph initialized successfully.
RUN-1002 : start command "report_timing -mode FINAL -net_info -rpt_autogen true -file pic_sdram_phy.timing"
TMR-2503 : Start to update net delay, extr mode = 6.
TMR-2504 : Update delay of 3461 nets completely.
TMR-2502 : Annotate delay completely, extr mode = 6.
TMR-3001 : Initiate 5 clocks from SDC.
TMR-3004 : Map sdc constraints, there are 8 constraints in total.
TMR-3003 : Constraints initiated successfully.
TMR-3501 : Forward propagation: start to calculate arrival time...
TMR-3502 : Backward propagation: start to calculate required time...
TMR-3503 : Timing propagation completes.
TMR-3506 : Start to generate timing report.
TMR-1502 : Number of clock constraints = 5. Number of clock nets = 6 (1 unconstrainted).
TMR-5009 WARNING: No clock constraint on 1 clock net(s): 
		config_inst_syn_10
TMR-3508 : Export timing summary.
TMR-3507 : Timing report generated successfully in pic_sdram_phy.timing, timing summary in pic_sdram_phy.tsm.
RUN-1002 : start command "export_bid pic_sdram_inst.bid"
PRG-1000 : <!-- HMAC is: 50e5595315da22b4d39636f45096f0d0b0b6349c376f27e0365b568323a0acff -->
RUN-1002 : start command "bitgen -bit pic_sdram.bit"
BIT-1003 : Start to generate bitstream. 
BIT-1002 : Init instances with 16 threads.
BIT-1002 : Init instances completely, inst num: 1770
BIT-1002 : Init pips with 16 threads.
BIT-1002 : Init pips completely, net num: 4871, pip num: 38542
BIT-1002 : Init feedthrough with 16 threads.
BIT-1002 : Init feedthrough completely, num: 14
BIT-1003 : Multithreading accelaration with 16 threads.
BIT-1003 : Generate bitstream completely, there are 2279 valid insts, and 102906 bits set as '1'.
BIT-1004 : the usercode register value: 00000000110110110001011011001111
BIT-1004 : PLL setting string = 0110
BIT-1004 : Generate bits file pic_sdram.bit.
RUN-1003 : finish command "bitgen -bit pic_sdram.bit" in  3.969275s wall, 35.593750s user + 0.031250s system = 35.625000s CPU (897.5%)

RUN-1004 : used memory is 609 MB, reserved memory is 588 MB, peak memory is 785 MB
RUN-1002 : start command "backup_run_log run.log ../.logs/phy_1/td_20231212_204127.log"
