============================================================
   Tang Dynasty, V5.6.71036
      Copyright (c) 2012-2023 Anlogic Inc.
   Executable = D:/Program/Anlogic/TD5.6.2/bin/td.exe
   Built at =   20:34:38 Mar 21 2023
   Run by =     28408
   Run Date =   Wed Dec 13 11:45:52 2023

   Run on =     DESKTOP-T1B5OP5
============================================================
RUN-1002 : start command "open_project pic_sdram.prj"
RUN-1001 : Print Global Property
RUN-1001 : ---------------------------------------------------------------
RUN-1001 :        Parameters        |  Settings  |  Default Values  |  Note  
RUN-1001 : ---------------------------------------------------------------
RUN-1001 :          message         |  standard  |     standard     |        
RUN-1001 :   mixed_pack_place_flow  |     on     |        on        |        
RUN-1001 :        qor_monitor       |    off     |       off        |        
RUN-1001 :        syn_ip_flow       |    off     |       off        |        
RUN-1001 :          thread          |    auto    |       auto       |        
RUN-1001 : ---------------------------------------------------------------
RUN-1001 : Print Design Property
RUN-1001 : --------------------------------------------------------------
RUN-1001 :        Parameters       |  Settings  |  Default Values  |  Note  
RUN-1001 : --------------------------------------------------------------
RUN-1001 :   default_reg_initial   |    auto    |       auto       |        
RUN-1001 :        infer_add        |     on     |        on        |        
RUN-1001 :        infer_fsm        |    off     |       off        |        
RUN-1001 :        infer_mult       |     on     |        on        |        
RUN-1001 :        infer_ram        |     on     |        on        |        
RUN-1001 :        infer_reg        |     on     |        on        |        
RUN-1001 :   infer_reg_init_value  |     on     |        on        |        
RUN-1001 :        infer_rom        |     on     |        on        |        
RUN-1001 :      infer_shifter      |     on     |        on        |        
RUN-1001 : --------------------------------------------------------------
RUN-1001 : Print Rtl Property
RUN-1001 : --------------------------------------------------------------
RUN-1001 :        Parameters       |  Settings  |  Default Values  |  Note  
RUN-1001 : --------------------------------------------------------------
RUN-1001 :       compress_add      |   ripple   |      ripple      |        
RUN-1001 :        elf_sload        |    off     |       off        |        
RUN-1001 :       fix_undriven      |     0      |        0         |        
RUN-1001 :         flatten         |    off     |       off        |        
RUN-1001 :       gate_sharing      |     on     |        on        |        
RUN-1001 :    hdl_warning_level    |   normal   |      normal      |        
RUN-1001 :   impl_internal_tribuf  |     on     |        on        |        
RUN-1001 :      impl_set_reset     |     on     |        on        |        
RUN-1001 :        infer_gsr        |    off     |       off        |        
RUN-1001 :      keep_hierarchy     |    auto    |       auto       |        
RUN-1001 :        max_fanout       |    9999    |       9999       |        
RUN-1001 :      max_oh2bin_len     |     10     |        10        |        
RUN-1001 :       merge_equal       |     on     |        on        |        
RUN-1001 :       merge_equiv       |     on     |        on        |        
RUN-1001 :        merge_mux        |    off     |       off        |        
RUN-1001 :     min_control_set     |     8      |        8         |        
RUN-1001 :      min_ripple_len     |    auto    |       auto       |        
RUN-1001 :       oh2bin_ratio      |    0.08    |       0.08       |        
RUN-1001 :     opt_adder_fanout    |     on     |        on        |        
RUN-1001 :        opt_arith        |     on     |        on        |        
RUN-1001 :       opt_big_gate      |    off     |       off        |        
RUN-1001 :        opt_const        |     on     |        on        |        
RUN-1001 :      opt_const_mult     |     on     |        on        |        
RUN-1001 :       opt_lessthan      |     on     |        on        |        
RUN-1001 :         opt_mux         |    off     |       off        |        
RUN-1001 :         opt_ram         |    high    |       high       |        
RUN-1001 :      rtl_sim_model      |    off     |       off        |        
RUN-1001 :         seq_syn         |     on     |        on        |        
RUN-1001 : --------------------------------------------------------------
HDL-1007 : analyze verilog file ../../al_ip/sys_pll.v
HDL-1007 : undeclared symbol 'open', assumed default net type 'wire' in ../../al_ip/sys_pll.v(77)
HDL-1007 : analyze verilog file ../../al_ip/video_pll.v
HDL-1007 : undeclared symbol 'open', assumed default net type 'wire' in ../../al_ip/video_pll.v(63)
HDL-1007 : analyze verilog file ../../al_ip/sdram.v
HDL-1007 : analyze verilog file ../../al_ip/afifo_16_256.v
HDL-1007 : analyze verilog file ../../Qspi_master.v
HDL-1007 : analyze verilog file ../../flash_cmd.v
HDL-1007 : analyze verilog file ../../flash_reader.v
HDL-1007 : analyze verilog file ../../flash_step.v
HDL-1007 : analyze verilog file ../../flash_write_read.v
HDL-1007 : analyze verilog file ../../flash_writer.v
HDL-1007 : analyze verilog file ../../src/ax_debounce.v
HDL-1007 : analyze verilog file ../../src/bmp_read.v
HDL-1007 : analyze verilog file ../../src/color_bar.v
HDL-1007 : analyze included file ../../src/video_define.v in ../../src/color_bar.v(2)
HDL-1007 : back to file '../../src/color_bar.v' in ../../src/color_bar.v(2)
HDL-1007 : analyze verilog file ../../src/frame_fifo_read.v
HDL-1007 : undeclared symbol 'read_busy', assumed default net type 'wire' in ../../src/frame_fifo_read.v(56)
HDL-1007 : analyze verilog file ../../src/frame_fifo_write.v
HDL-1007 : undeclared symbol 'write_busy', assumed default net type 'wire' in ../../src/frame_fifo_write.v(55)
HDL-1007 : analyze verilog file ../../src/frame_read_write.v
HDL-1007 : analyze verilog file ../../src/sd_card/sd_card_cmd.v
HDL-1007 : analyze verilog file ../../src/sd_card/sd_card_sec_read_write.v
HDL-1007 : analyze verilog file ../../src/sd_card/sd_card_top.v
HDL-1007 : analyze verilog file ../../src/sd_card/spi_master.v
HDL-1007 : analyze verilog file ../../src/sd_card_bmp.v
HDL-1007 : analyze verilog file ../../src/seg_decoder.v
HDL-1007 : analyze verilog file ../../src/seg_scan.v
HDL-1007 : analyze verilog file ../../src/top.v
HDL-1007 : analyze verilog file ../../src/video_timing_data.v
HDL-1007 : analyze verilog file ../../src/sdram_r/sdram_cmd.v
HDL-1007 : analyze included file ../../src/sdram_r/sdram_para.v in ../../src/sdram_r/sdram_cmd.v(45)
HDL-1007 : back to file '../../src/sdram_r/sdram_cmd.v' in ../../src/sdram_r/sdram_cmd.v(45)
HDL-1007 : analyze verilog file ../../src/sdram_r/sdram_controller.v
HDL-1007 : analyze verilog file ../../src/sdram_r/sdram_ctrl.v
HDL-1007 : analyze included file ../../src/sdram_r/sdram_para.v in ../../src/sdram_r/sdram_ctrl.v(19)
HDL-1007 : back to file '../../src/sdram_r/sdram_ctrl.v' in ../../src/sdram_r/sdram_ctrl.v(19)
HDL-1007 : analyze verilog file ../../src/sdram_r/sdram_data.v
HDL-1007 : analyze included file ../../src/sdram_r/sdram_para.v in ../../src/sdram_r/sdram_data.v(13)
HDL-1007 : back to file '../../src/sdram_r/sdram_data.v' in ../../src/sdram_r/sdram_data.v(13)
RUN-1001 : Project manager successfully analyzed 31 source files.
RUN-1002 : start command "import_device eagle_s20.db -package EG4S20BG256"
ARC-1001 : Device Initialization.
ARC-1001 : ------------------------------------------------------------------
ARC-1001 :            OPTION            |          IO          |   SETTING   
ARC-1001 : ------------------------------------------------------------------
ARC-1001 :   cso_b/cclk/mosi/miso/dout  |  T3/R11/T10/P10/S11  |    gpio    
ARC-1001 :             done             |         P13          |    gpio    
ARC-1001 :           program_b          |          T2          |  dedicate  
ARC-1001 :        tdi/tms/tck/tdo       |   C12/A15/C14/E14    |  dedicate  
ARC-1001 : ------------------------------------------------------------------
ARC-1004 : Device setting, marked 5 dedicate IOs in total.
RUN-1002 : start command "import_db ../syn_1/pic_sdram_gate.db"
RUN-1001 : Importing database generated by Tang Dynasty, V5.6.71036.
RUN-1001 : Database version number 46146.
RUN-1001 : Import flow parameters
RUN-1001 : Import timing constraints
RUN-1001 : Import IO constraints
RUN-1001 : Import Inst constraints
RUN-1001 : Import design success TD_VERSION=5.6.71036 , DB_VERSION=46146
RUN-1002 : start command "read_sdc ../../top.sdc"
RUN-1002 : start command "get_ports clk"
RUN-1002 : start command "create_clock -name clk -period 20 -waveform 0 10 "
RUN-1102 : create_clock: clock name: clk, type: 0, period: 20000, rise: 0, fall: 10000.
RUN-1002 : start command "derive_pll_clocks"
USR-1002 : Gen clock cmd:  create_generated_clock -name {sys_pll_m0/pll_inst.clkc[0]} -source [get_ports {clk}] -master_clock {clk} -multiply_by 2.0000 [get_pins {sys_pll_m0/pll_inst.clkc[0]}]
RUN-1002 : start command "get_ports clk"
RUN-1002 : start command "get_pins sys_pll_m0/pll_inst.clkc[0]"
RUN-1002 : start command "create_generated_clock -name sys_pll_m0/pll_inst.clkc[0] -source  -master_clock clk -multiply_by 2.0000 "
USR-1002 : Gen clock cmd:  create_generated_clock -name {sys_pll_m0/pll_inst.clkc[1]} -source [get_ports {clk}] -master_clock {clk} -multiply_by 2.0000 [get_pins {sys_pll_m0/pll_inst.clkc[1]}]
RUN-1002 : start command "get_ports clk"
RUN-1002 : start command "get_pins sys_pll_m0/pll_inst.clkc[1]"
RUN-1002 : start command "create_generated_clock -name sys_pll_m0/pll_inst.clkc[1] -source  -master_clock clk -multiply_by 2.0000 "
USR-1002 : Gen clock cmd:  create_generated_clock -name {sys_pll_m0/pll_inst.clkc[2]} -source [get_ports {clk}] -master_clock {clk} -multiply_by 2.0000 [get_pins {sys_pll_m0/pll_inst.clkc[2]}]
RUN-1002 : start command "get_ports clk"
RUN-1002 : start command "get_pins sys_pll_m0/pll_inst.clkc[2]"
RUN-1002 : start command "create_generated_clock -name sys_pll_m0/pll_inst.clkc[2] -source  -master_clock clk -multiply_by 2.0000 "
USR-1002 : Gen clock cmd:  create_generated_clock -name {video_pll_m0/pll_inst.clkc[0]} -source [get_ports {clk}] -master_clock {clk} -divide_by 2.0000 [get_pins {video_pll_m0/pll_inst.clkc[0]}]
RUN-1002 : start command "get_ports clk"
RUN-1002 : start command "get_pins video_pll_m0/pll_inst.clkc[0]"
RUN-1002 : start command "create_generated_clock -name video_pll_m0/pll_inst.clkc[0] -source  -master_clock clk -divide_by 2.0000 "
RUN-1002 : start command "get_ports clk"
RUN-1002 : start command "get_pins sys_pll_m0/pll_inst.clkc[0]"
RUN-1002 : start command "rename_clock -name sd_card_clk -source  -master_clock clk "
RUN-1105 : Rename Clock: clock sys_pll_m0/pll_inst.clkc[0] was renamed, new name is sd_card_clk.
RUN-1002 : start command "get_ports clk"
RUN-1002 : start command "get_pins sys_pll_m0/pll_inst.clkc[1]"
RUN-1002 : start command "rename_clock -name ext_mem_clk -source  -master_clock clk "
RUN-1105 : Rename Clock: clock sys_pll_m0/pll_inst.clkc[1] was renamed, new name is ext_mem_clk.
RUN-1002 : start command "get_ports clk"
RUN-1002 : start command "get_pins sys_pll_m0/pll_inst.clkc[2]"
RUN-1002 : start command "rename_clock -name flash_sys_clk -source  -master_clock clk "
RUN-1105 : Rename Clock: clock sys_pll_m0/pll_inst.clkc[2] was renamed, new name is flash_sys_clk.
RUN-1002 : start command "get_ports clk"
RUN-1002 : start command "get_pins video_pll_m0/pll_inst.clkc[0]"
RUN-1002 : start command "rename_clock -name video_clk -source  -master_clock clk "
RUN-1105 : Rename Clock: clock video_pll_m0/pll_inst.clkc[0] was renamed, new name is video_clk.
RUN-1002 : start command "read_sdc -ip afifo_16_256 ../../al_ip/afifo_16_256.tcl"
RUN-1002 : start command "get_ports clkw"
RUN-1002 : start command "get_nets  clkw  "
RUN-1002 : start command "get_clocks -nowarn -of nets 21118354194432"
RUN-1002 : start command "get_ports clkr"
RUN-1002 : start command "get_nets  clkr  "
RUN-1002 : start command "get_clocks -nowarn -of nets 25658134626304"
RUN-1002 : start command "get_property -nowarn -max PERIOD "
RUN-1002 : start command "get_property -nowarn -max PERIOD "
RUN-1002 : start command "get_regs rd_to_wr_cross_inst/primary_addr_gray_reg[*]"
RUN-1002 : start command "get_regs rd_to_wr_cross_inst/sync_r1[*]"
RUN-1002 : start command "set_max_delay -from  -to  9.6999999999999993 -datapath_only"
RUN-1002 : start command "get_regs rd_to_wr_cross_inst/primary_addr_gray_reg[*]"
RUN-1002 : start command "get_regs rd_to_wr_cross_inst/sync_r1[*]"
RUN-1002 : start command "set_false_path -from  -to  -hold 9.6999999999999993"
USR-1002 : set_false_path -help -setup -hold -from <list> -rise_from <list> -fall_from <list> -to <list> -rise_to <list> -fall_to <list> -through <list>
RUN-1002 : start command "get_regs wr_to_rd_cross_inst/primary_addr_gray_reg[*]"
RUN-1002 : start command "get_regs wr_to_rd_cross_inst/sync_r1[*]"
RUN-1002 : start command "set_max_delay -from  -to  9.6999999999999993 -datapath_only"
RUN-1002 : start command "get_regs wr_to_rd_cross_inst/primary_addr_gray_reg[*]"
RUN-1002 : start command "get_regs wr_to_rd_cross_inst/sync_r1[*]"
RUN-1002 : start command "set_false_path -from  -to  -hold 9.6999999999999993"
USR-1002 : set_false_path -help -setup -hold -from <list> -rise_from <list> -fall_from <list> -to <list> -rise_to <list> -fall_to <list> -through <list>
RUN-1002 : start command "get_ports clkw"
RUN-1002 : start command "get_nets  clkw  "
RUN-1002 : start command "get_clocks -nowarn -of nets 31632434135040"
RUN-1002 : start command "get_ports clkr"
RUN-1002 : start command "get_nets  clkr  "
RUN-1002 : start command "get_clocks -nowarn -of nets 21118354194432"
RUN-1002 : start command "get_property -nowarn -max PERIOD "
RUN-1002 : start command "get_property -nowarn -max PERIOD "
RUN-1002 : start command "get_regs rd_to_wr_cross_inst/primary_addr_gray_reg[*]"
RUN-1002 : start command "get_regs rd_to_wr_cross_inst/sync_r1[*]"
RUN-1002 : start command "set_max_delay -from  -to  9.6999999999999993 -datapath_only"
RUN-1002 : start command "get_regs rd_to_wr_cross_inst/primary_addr_gray_reg[*]"
RUN-1002 : start command "get_regs rd_to_wr_cross_inst/sync_r1[*]"
RUN-1002 : start command "set_false_path -from  -to  -hold 9.6999999999999993"
USR-1002 : set_false_path -help -setup -hold -from <list> -rise_from <list> -fall_from <list> -to <list> -rise_to <list> -fall_to <list> -through <list>
RUN-1002 : start command "get_regs wr_to_rd_cross_inst/primary_addr_gray_reg[*]"
RUN-1002 : start command "get_regs wr_to_rd_cross_inst/sync_r1[*]"
RUN-1002 : start command "set_max_delay -from  -to  9.6999999999999993 -datapath_only"
RUN-1002 : start command "get_regs wr_to_rd_cross_inst/primary_addr_gray_reg[*]"
RUN-1002 : start command "get_regs wr_to_rd_cross_inst/sync_r1[*]"
RUN-1002 : start command "set_false_path -from  -to  -hold 9.6999999999999993"
USR-1002 : set_false_path -help -setup -hold -from <list> -rise_from <list> -fall_from <list> -to <list> -rise_to <list> -fall_to <list> -through <list>
RUN-1002 : start command "config_chipwatcher ../../A.cwc -dir "
RUN-1002 : start command "legalize_phy_inst"
SYN-1011 : Flatten model top
KIT-1004 : ChipWatcher: import watcher inst auto_chipwatcher_0 completed, there are 7 view nodes, 20 trigger nets, 20 data nets.
KIT-1004 : Chipwatcher code = 1001100000101111
RUN-1002 : start command "compile_watcher"
RUN-1002 : start command "read_verilog -no_sch -dir D:/Program/Anlogic/TD5.6.2/cw/ -file pic_sdram_watcherInst.sv -lib cw -top CW_TOP_WRAPPER"
HDL-1007 : analyze verilog file D:/Program/Anlogic/TD5.6.2/cw\bus_det.v
HDL-1007 : analyze verilog file D:/Program/Anlogic/TD5.6.2/cw\bus_top.sv
HDL-1007 : analyze verilog file D:/Program/Anlogic/TD5.6.2/cw\cfg_int.v
HDL-1007 : analyze verilog file D:/Program/Anlogic/TD5.6.2/cw\cwc_cfg_int.v
HDL-1007 : analyze verilog file D:/Program/Anlogic/TD5.6.2/cw\cwc_top.sv
HDL-1007 : analyze verilog file D:/Program/Anlogic/TD5.6.2/cw\detect_bus.v
HDL-1007 : analyze verilog file D:/Program/Anlogic/TD5.6.2/cw\detect_non_bus.v
HDL-1007 : analyze verilog file D:/Program/Anlogic/TD5.6.2/cw\emb_ctrl.v
HDL-1007 : analyze verilog file D:/Program/Anlogic/TD5.6.2/cw\register.v
HDL-1007 : analyze verilog file D:/Program/Anlogic/TD5.6.2/cw\tap.v
HDL-1007 : analyze verilog file D:/Program/Anlogic/TD5.6.2/cw\trigger.sv
HDL-1007 : analyze verilog file pic_sdram_watcherInst.sv
HDL-1007 : elaborate module CW_TOP_WRAPPER in pic_sdram_watcherInst.sv(1)
HDL-1007 : elaborate module cwc_top(BUS_NUM=7,BUS_DIN_NUM=20,BUS_CTRL_NUM=68,BUS_WIDTH='{32'sb01,32'sb01,32'sb01,32'sb01,32'sb0101,32'sb0110,32'sb0101},BUS_DIN_POS='{32'sb0,32'sb01,32'sb010,32'sb011,32'sb0100,32'sb01001,32'sb01111},BUS_CTRL_POS='{32'sb0,32'sb0110,32'sb01100,32'sb010010,32'sb011000,32'sb0100110,32'sb0110110}) in D:/Program/Anlogic/TD5.6.2/cw\cwc_top.sv(21)
HDL-1007 : elaborate module cwc_cfg_int(CTRL_REG_LEN=90) in D:/Program/Anlogic/TD5.6.2/cw\cwc_cfg_int.v(21)
HDL-1007 : elaborate module register(CTRL_REG_LEN=90) in D:/Program/Anlogic/TD5.6.2/cw\register.v(21)
HDL-1007 : elaborate module tap in D:/Program/Anlogic/TD5.6.2/cw\tap.v(21)
HDL-1007 : elaborate module trigger(BUS_NUM=7,BUS_DIN_NUM=20,BUS_CTRL_NUM=68,BUS_WIDTH='{32'sb01,32'sb01,32'sb01,32'sb01,32'sb0101,32'sb0110,32'sb0101},BUS_DIN_POS='{32'sb0,32'sb01,32'sb010,32'sb011,32'sb0100,32'sb01001,32'sb01111},BUS_CTRL_POS='{32'sb0,32'sb0110,32'sb01100,32'sb010010,32'sb011000,32'sb0100110,32'sb0110110}) in D:/Program/Anlogic/TD5.6.2/cw\trigger.sv(21)
HDL-1007 : elaborate module bus_top(BUS_NODE_NUM=7,BUS_DIN_NUM=20,BUS_CTRL_NUM=68,BUS_WIDTH='{32'sb01,32'sb01,32'sb01,32'sb01,32'sb0101,32'sb0110,32'sb0101},BUS_DIN_POS='{32'sb0,32'sb01,32'sb010,32'sb011,32'sb0100,32'sb01001,32'sb01111},BUS_CTRL_POS='{32'sb0,32'sb0110,32'sb01100,32'sb010010,32'sb011000,32'sb0100110,32'sb0110110}) in D:/Program/Anlogic/TD5.6.2/cw\bus_top.sv(22)
HDL-1007 : elaborate module bus_det(BUS_WIDTH=32'sb01) in D:/Program/Anlogic/TD5.6.2/cw\bus_det.v(21)
HDL-1007 : elaborate module bus_det(BUS_WIDTH=32'sb0101) in D:/Program/Anlogic/TD5.6.2/cw\bus_det.v(21)
HDL-1007 : elaborate module bus_det(BUS_WIDTH=32'sb0110) in D:/Program/Anlogic/TD5.6.2/cw\bus_det.v(21)
HDL-1007 : elaborate module emb_ctrl in D:/Program/Anlogic/TD5.6.2/cw\emb_ctrl.v(21)
HDL-1200 : Current top model is CW_TOP_WRAPPER
HDL-1100 : Inferred 0 RAMs.
RUN-1002 : start command "force_keep -a auto_chipwatcher_0_logicbram"
RUN-1002 : start command "optimize_rtl -no_sch"
RUN-1001 : Open license file D:/Program/Anlogic/TD5.6.2/license/Anlogic.lic
RUN-1001 : Print Global Property
RUN-1001 : ---------------------------------------------------------------
RUN-1001 :        Parameters        |  Settings  |  Default Values  |  Note  
RUN-1001 : ---------------------------------------------------------------
RUN-1001 :          message         |  standard  |     standard     |        
RUN-1001 :   mixed_pack_place_flow  |     on     |        on        |        
RUN-1001 :        qor_monitor       |    off     |       off        |        
RUN-1001 :        syn_ip_flow       |    off     |       off        |        
RUN-1001 :          thread          |    auto    |       auto       |        
RUN-1001 : ---------------------------------------------------------------
RUN-1001 : Print Rtl Property
RUN-1001 : --------------------------------------------------------------
RUN-1001 :        Parameters       |  Settings  |  Default Values  |  Note  
RUN-1001 : --------------------------------------------------------------
RUN-1001 :       compress_add      |   ripple   |      ripple      |        
RUN-1001 :        elf_sload        |    off     |       off        |        
RUN-1001 :       fix_undriven      |     0      |        0         |        
RUN-1001 :         flatten         |    off     |       off        |        
RUN-1001 :       gate_sharing      |     on     |        on        |        
RUN-1001 :    hdl_warning_level    |   normal   |      normal      |        
RUN-1001 :   impl_internal_tribuf  |     on     |        on        |        
RUN-1001 :      impl_set_reset     |     on     |        on        |        
RUN-1001 :        infer_gsr        |    off     |       off        |        
RUN-1001 :      keep_hierarchy     |    auto    |       auto       |        
RUN-1001 :        max_fanout       |    9999    |       9999       |        
RUN-1001 :      max_oh2bin_len     |     10     |        10        |        
RUN-1001 :       merge_equal       |     on     |        on        |        
RUN-1001 :       merge_equiv       |     on     |        on        |        
RUN-1001 :        merge_mux        |    off     |       off        |        
RUN-1001 :     min_control_set     |     8      |        8         |        
RUN-1001 :      min_ripple_len     |    auto    |       auto       |        
RUN-1001 :       oh2bin_ratio      |    0.08    |       0.08       |        
RUN-1001 :     opt_adder_fanout    |     on     |        on        |        
RUN-1001 :        opt_arith        |     on     |        on        |        
RUN-1001 :       opt_big_gate      |    off     |       off        |        
RUN-1001 :        opt_const        |     on     |        on        |        
RUN-1001 :      opt_const_mult     |     on     |        on        |        
RUN-1001 :       opt_lessthan      |     on     |        on        |        
RUN-1001 :         opt_mux         |    off     |       off        |        
RUN-1001 :         opt_ram         |    high    |       high       |        
RUN-1001 :      rtl_sim_model      |    off     |       off        |        
RUN-1001 :         seq_syn         |     on     |        on        |        
RUN-1001 : --------------------------------------------------------------
SYN-1012 : SanityCheck: Model "top"
SYN-1012 : SanityCheck: Model "CW_TOP_WRAPPER"
SYN-1012 : SanityCheck: Model "cwc_top(BUS_NUM=7,BUS_DIN_NUM=20,BUS_CTRL_NUM=68,BUS_WIDTH='{32'sb01,32'sb01,32'sb01,32'sb01,32'sb0101,32'sb0110,32'sb0101},BUS_DIN_POS='{32'sb0,32'sb01,32'sb010,32'sb011,32'sb0100,32'sb01001,32'sb01111},BUS_CTRL_POS='{32'sb0,32'sb0110,32'sb01100,32'sb010010,32'sb011000,32'sb0100110,32'sb0110110})"
SYN-1012 : SanityCheck: Model "cwc_cfg_int(CTRL_REG_LEN=90)"
SYN-1012 : SanityCheck: Model "register(CTRL_REG_LEN=90)"
SYN-1012 : SanityCheck: Model "tap"
SYN-1012 : SanityCheck: Model "trigger(BUS_NUM=7,BUS_DIN_NUM=20,BUS_CTRL_NUM=68,BUS_WIDTH='{32'sb01,32'sb01,32'sb01,32'sb01,32'sb0101,32'sb0110,32'sb0101},BUS_DIN_POS='{32'sb0,32'sb01,32'sb010,32'sb011,32'sb0100,32'sb01001,32'sb01111},BUS_CTRL_POS='{32'sb0,32'sb0110,32'sb01100,32'sb010010,32'sb011000,32'sb0100110,32'sb0110110})"
SYN-1012 : SanityCheck: Model "bus_top(BUS_NODE_NUM=7,BUS_DIN_NUM=20,BUS_CTRL_NUM=68,BUS_WIDTH='{32'sb01,32'sb01,32'sb01,32'sb01,32'sb0101,32'sb0110,32'sb0101},BUS_DIN_POS='{32'sb0,32'sb01,32'sb010,32'sb011,32'sb0100,32'sb01001,32'sb01111},BUS_CTRL_POS='{32'sb0,32'sb0110,32'sb01100,32'sb010010,32'sb011000,32'sb0100110,32'sb0110110})"
SYN-1012 : SanityCheck: Model "bus_det(BUS_WIDTH=32'sb01)"
SYN-1012 : SanityCheck: Model "bus_det(BUS_WIDTH=32'sb0101)"
SYN-1012 : SanityCheck: Model "bus_det(BUS_WIDTH=32'sb0110)"
SYN-1012 : SanityCheck: Model "emb_ctrl"
SYN-1011 : Flatten model top
SYN-1032 : 4058/29 useful/useless nets, 2984/18 useful/useless insts
SYN-1016 : Merged 37 instances.
SYN-1032 : 3790/24 useful/useless nets, 3308/20 useful/useless insts
SYN-1014 : Optimize round 1
SYN-1021 : Optimized 3 onehot mux instances.
SYN-1020 : Optimized 1 distributor mux.
SYN-1019 : Optimized 3 mux instances.
SYN-1015 : Optimize round 1, 306 better
SYN-1014 : Optimize round 2
SYN-1032 : 3544/45 useful/useless nets, 3062/48 useful/useless insts
SYN-1015 : Optimize round 2, 96 better
SYN-1014 : Optimize round 1
SYN-1015 : Optimize round 1, 0 better
RUN-1002 : start command "optimize_gate -no_sch"
RUN-1001 : Open license file D:/Program/Anlogic/TD5.6.2/license/Anlogic.lic
RUN-1001 : Print Global Property
RUN-1001 : ---------------------------------------------------------------
RUN-1001 :        Parameters        |  Settings  |  Default Values  |  Note  
RUN-1001 : ---------------------------------------------------------------
RUN-1001 :          message         |  standard  |     standard     |        
RUN-1001 :   mixed_pack_place_flow  |     on     |        on        |        
RUN-1001 :        qor_monitor       |    off     |       off        |        
RUN-1001 :        syn_ip_flow       |    off     |       off        |        
RUN-1001 :          thread          |    auto    |       auto       |        
RUN-1001 : ---------------------------------------------------------------
RUN-1001 : Print Gate Property
RUN-1001 : ------------------------------------------------------------------
RUN-1001 :          Parameters         |  Settings  |  Default Values  |  Note  
RUN-1001 : ------------------------------------------------------------------
RUN-1001 :         cascade_dsp         |    off     |       off        |        
RUN-1001 :         cascade_eram        |    off     |       off        |        
RUN-1001 :        gate_sim_model       |    off     |       off        |        
RUN-1001 :        map_sim_model        |    off     |       off        |        
RUN-1001 :         map_strategy        |     1      |        1         |        
RUN-1001 :           opt_area          |   medium   |      medium      |        
RUN-1001 :          opt_timing         |    auto    |       auto       |        
RUN-1001 :         pack_effort         |   medium   |      medium      |        
RUN-1001 :      pack_lslice_ripple     |     on     |        on        |        
RUN-1001 :   pack_lslice_ripple_ratio  |    0.5     |       0.5        |        
RUN-1001 :        pack_seq_in_io       |    auto    |       auto       |        
RUN-1001 :        ph1_mux_ratio        |    1.0     |       1.0        |        
RUN-1001 :            report           |  standard  |     standard     |        
RUN-1001 :           retiming          |    off     |       off        |        
RUN-1001 : ------------------------------------------------------------------
SYN-2001 : Map 47 IOs to PADs
RUN-1002 : start command "update_pll_param -module top"
SYN-2501 : Processed 0 LOGIC_BUF instances.
SYN-2512 : LOGIC BRAM "auto_chipwatcher_0_logicbram"
SYN-2571 : Optimize after map_dsp, round 1
SYN-2571 : Optimize after map_dsp, round 1, 0 better
SYN-1001 : Throwback 3 control mux instances
SYN-2501 : Optimize round 1
SYN-1016 : Merged 16 instances.
SYN-2501 : Optimize round 1, 34 better
SYN-2501 : Optimize round 2
SYN-2501 : Optimize round 2, 0 better
SYN-2501 : Map 16 macro adder
SYN-1019 : Optimized 13 mux instances.
SYN-1016 : Merged 11 instances.
SYN-1032 : 3932/2 useful/useless nets, 3452/1 useful/useless insts
RUN-1002 : start command "start_timer -prepack"
TMR-2505 : Start building timing graph for model top.
TMR-2506 : Build timing graph completely. Port num: 22, tpin num: 14995, tnet num: 3932, tinst num: 3451, tnode num: 19082, tedge num: 23422.
TMR-2508 : Levelizing timing graph completed, there are 51 levels in total.
TMR-2501 : Timing graph initialized successfully.
TMR-2503 : Start to update net delay, extr mode = 2.
TMR-2504 : Update delay of 3932 nets completely.
TMR-2502 : Annotate delay completely, extr mode = 2.
TMR-3001 : Initiate 5 clocks from SDC.
TMR-3004 : Map sdc constraints, there are 8 constraints in total.
TMR-3003 : Constraints initiated successfully.
TMR-3501 : Forward propagation: start to calculate arrival time...
TMR-3502 : Backward propagation: start to calculate required time...
TMR-3503 : Timing propagation completes.
SYN-3001 : Running gate level optimization.
SYN-2581 : Mapping with K=5, #lut = 176 (3.73), #lev = 6 (2.12)
SYN-2551 : Post LUT mapping optimization.
SYN-2581 : Mapping with K=5, #lut = 176 (3.73), #lev = 6 (2.12)
SYN-3001 : Logic optimization runtime opt =   0.02 sec, map =   0.00 sec
SYN-3001 : Mapper mapped 464 instances into 176 LUTs, name keeping = 74%.
SYN-1001 : Packing model "top" ...
SYN-4010 : Pack lib has 58 rtl pack models with 25 top pack blocks
SYN-1014 : Optimize round 1
SYN-1015 : Optimize round 1, 0 better
SYN-4002 : Packing 315 DFF/LATCH to SEQ ...
SYN-4009 : Pack 7 carry chain into lslice
SYN-4007 : Packing 96 adder to BLE ...
SYN-4008 : Packed 96 adder and 0 SEQ to BLE.
SYN-4007 : Packing 0 gate4 to BLE ...
SYN-4008 : Packed 0 gate4 and 0 SEQ to BLE.
SYN-4012 : Packed 0 FxMUX
RUN-1002 : start command "legalize_phy_inst"
SYN-1011 : Flatten model top
KIT-1004 : Compile Chipwatcher: Clear obsolete physical data.
RUN-1003 : finish command "compile_watcher" in  1.405980s wall, 0.281250s user + 0.000000s system = 0.281250s CPU (20.0%)

RUN-1004 : used memory is 161 MB, reserved memory is 128 MB, peak memory is 196 MB
RUN-1002 : start command "place"
RUN-1001 : Open license file D:/Program/Anlogic/TD5.6.2/license/Anlogic.lic
RUN-1001 : Print Global Property
RUN-1001 : ---------------------------------------------------------------
RUN-1001 :        Parameters        |  Settings  |  Default Values  |  Note  
RUN-1001 : ---------------------------------------------------------------
RUN-1001 :          message         |  standard  |     standard     |        
RUN-1001 :   mixed_pack_place_flow  |     on     |        on        |        
RUN-1001 :        qor_monitor       |    off     |       off        |        
RUN-1001 :        syn_ip_flow       |    off     |       off        |        
RUN-1001 :          thread          |    auto    |       auto       |        
RUN-1001 : ---------------------------------------------------------------
RUN-1001 : Print Place Property
RUN-1001 : --------------------------------------------------------------
RUN-1001 :        Parameters       |  Settings  |  Default Values  |  Note  
RUN-1001 : --------------------------------------------------------------
RUN-1001 :      detailed_place     |     on     |        on        |        
RUN-1001 :          effort         |   medium   |      medium      |        
RUN-1001 :         fix_hold        |    off     |       off        |        
RUN-1001 :       legalization      |    ori     |       ori        |        
RUN-1001 :      new_spreading      |     on     |        on        |        
RUN-1001 :        opt_timing       |   medium   |      medium      |        
RUN-1001 :   post_clock_route_opt  |    off     |       off        |        
RUN-1001 :       pr_strategy       |     1      |        1         |        
RUN-1001 :        relaxation       |    1.00    |       1.00       |        
RUN-1001 :         retiming        |    off     |       off        |        
RUN-1001 : --------------------------------------------------------------
PHY-3001 : Placer runs in 16 thread(s).
RUN-1002 : start command "legalize_phy_inst"
SYN-1011 : Flatten model top
RUN-1002 : start command "phys_opt -simplify_lut"
SYN-4016 : Net frame_read_write_m0/write_buf/clkw driven by BUFG (425 clock/control pins, 1 other pins).
SYN-4016 : Net frame_read_write_m0/read_buf/clkr driven by BUFG (126 clock/control pins, 1 other pins).
SYN-4016 : Net config_inst_syn_10 driven by BUFG (197 clock/control pins, 0 other pins).
SYN-4027 : Net frame_read_write_m0/frame_fifo_read_m0/mem_clk is clkc1 of pll sys_pll_m0/pll_inst.
SYN-4027 : Net flash_write_read_m0/flash_cmd_m0/sys_clk is clkc2 of pll sys_pll_m0/pll_inst.
SYN-4019 : Net clk_dup_1 is refclk of pll sys_pll_m0/pll_inst.
SYN-4020 : Net clk_dup_1 is fbclk of pll sys_pll_m0/pll_inst.
SYN-4019 : Net clk_dup_1 is refclk of pll video_pll_m0/pll_inst.
SYN-4020 : Net clk_dup_1 is fbclk of pll video_pll_m0/pll_inst.
SYN-4025 : Tag rtl::Net clk_dup_1 as clock net
SYN-4025 : Tag rtl::Net config_inst_syn_10 as clock net
SYN-4025 : Tag rtl::Net flash_write_read_m0/flash_cmd_m0/sys_clk as clock net
SYN-4025 : Tag rtl::Net frame_read_write_m0/frame_fifo_read_m0/mem_clk as clock net
SYN-4025 : Tag rtl::Net frame_read_write_m0/read_buf/clkr as clock net
SYN-4025 : Tag rtl::Net frame_read_write_m0/write_buf/clkw as clock net
SYN-4026 : Tagged 6 rtl::Net as clock net
PHY-1001 : Populate physical database on model top.
RUN-1001 : There are total 2906 instances
RUN-0007 : 1306 luts, 1143 seqs, 217 mslices, 125 lslices, 102 pads, 5 brams, 0 dsps
RUN-1001 : There are total 3386 nets
RUN-1001 : 2191 nets have 2 pins
RUN-1001 : 883 nets have [3 - 5] pins
RUN-1001 : 187 nets have [6 - 10] pins
RUN-1001 : 70 nets have [11 - 20] pins
RUN-1001 : 45 nets have [21 - 99] pins
RUN-1001 : 10 nets have 100+ pins
RUN-1001 : Report Control nets information:
RUN-1001 : DFF Distribution
RUN-1001 : ----------------------------------
RUN-1001 :   CE   |  SSR  |  ASR  |  DFF Count  
RUN-1001 : ----------------------------------
RUN-1001 :   No   |  No   |  No   |      3      
RUN-1001 :   No   |  No   |  Yes  |     651     
RUN-1001 :   No   |  Yes  |  No   |      0      
RUN-1001 :   Yes  |  No   |  No   |     16      
RUN-1001 :   Yes  |  No   |  Yes  |     473     
RUN-1001 :   Yes  |  Yes  |  No   |      0      
RUN-1001 : ----------------------------------
RUN-0007 : Control Group Statistic
RUN-0007 : ---------------------------
RUN-0007 :   #CLK  |  #CE  |  #SSR/ASR  
RUN-0007 : ---------------------------
RUN-0007 :    6    |  27   |     11     
RUN-0007 : ---------------------------
RUN-0007 : Control Set = 44
PHY-3001 : Initial placement ...
PHY-3001 : design contains 2904 instances, 1306 luts, 1143 seqs, 342 slices, 57 macros(342 instances: 217 mslices 125 lslices)
PHY-0007 : Cell area utilization is 10%
PHY-3001 : Start timing update ...
RUN-1002 : start command "start_timer -report"
TMR-2505 : Start building timing graph for model top.
TMR-2506 : Build timing graph completely. Port num: 22, tpin num: 13797, tnet num: 3384, tinst num: 2904, tnode num: 17943, tedge num: 22393.
TMR-2508 : Levelizing timing graph completed, there are 43 levels in total.
TMR-2501 : Timing graph initialized successfully.
TMR-2503 : Start to update net delay, extr mode = 2.
TMR-2504 : Update delay of 3384 nets completely.
TMR-2502 : Annotate delay completely, extr mode = 2.
TMR-3001 : Initiate 5 clocks from SDC.
TMR-3004 : Map sdc constraints, there are 8 constraints in total.
TMR-3003 : Constraints initiated successfully.
TMR-3501 : Forward propagation: start to calculate arrival time...
TMR-3502 : Backward propagation: start to calculate required time...
TMR-3503 : Timing propagation completes.
PHY-3001 : End timing update;  0.503172s wall, 0.093750s user + 0.015625s system = 0.109375s CPU (21.7%)

PHY-3001 : Global placement ...
PHY-3001 : Initial: Len = 731603
PHY-3001 : Clustering ...
PHY-3001 : Level 0 #clusters 2904.
PHY-3001 : End clustering;  0.000007s wall, 0.000000s user + 0.000000s system = 0.000000s CPU (n/a%)

PHY-3001 : Run with size of 4
PHY-3001 : Cell area utilization is 10%
PHY-3001 : :::0::: Try harder cell spreading with beta_ = 0
PHY-3002 : Step(1): len = 595999, overlap = 9
PHY-3002 : Step(2): len = 504979, overlap = 11.25
PHY-3002 : Step(3): len = 448303, overlap = 9
PHY-3002 : Step(4): len = 396524, overlap = 9
PHY-3002 : Step(5): len = 346238, overlap = 9
PHY-3002 : Step(6): len = 302203, overlap = 11.25
PHY-3002 : Step(7): len = 267689, overlap = 9
PHY-3002 : Step(8): len = 240681, overlap = 9.875
PHY-3002 : Step(9): len = 218393, overlap = 16.9688
PHY-3002 : Step(10): len = 194427, overlap = 9.21875
PHY-3002 : Step(11): len = 183335, overlap = 9.9375
PHY-3002 : Step(12): len = 164449, overlap = 17.5
PHY-3002 : Step(13): len = 151338, overlap = 13.5938
PHY-3002 : Step(14): len = 141340, overlap = 11.4688
PHY-3002 : Step(15): len = 132407, overlap = 11.5938
PHY-3002 : Step(16): len = 123767, overlap = 13.3438
PHY-3002 : Step(17): len = 117278, overlap = 10.4375
PHY-3001 : :::1::: Try harder cell spreading with beta_ = 0.0161182
PHY-3002 : Step(18): len = 118331, overlap = 8.28125
PHY-3002 : Step(19): len = 113259, overlap = 9.625
PHY-3002 : Step(20): len = 112934, overlap = 9.46875
PHY-3002 : Step(21): len = 110701, overlap = 9.09375
PHY-3002 : Step(22): len = 109199, overlap = 9.4375
PHY-3002 : Step(23): len = 108794, overlap = 9.75
PHY-3002 : Step(24): len = 106714, overlap = 10.5312
PHY-3002 : Step(25): len = 105502, overlap = 11.125
PHY-3002 : Step(26): len = 105154, overlap = 11.125
PHY-3002 : Step(27): len = 103387, overlap = 11.1875
PHY-3002 : Step(28): len = 103235, overlap = 11.2812
PHY-3002 : Step(29): len = 102618, overlap = 11.5625
PHY-3001 : :::2::: Try harder cell spreading with beta_ = 0.0322364
PHY-3002 : Step(30): len = 102561, overlap = 11.3125
PHY-3002 : Step(31): len = 102415, overlap = 11.3125
PHY-3001 : :::3::: Try harder cell spreading with beta_ = 0.0644728
PHY-3002 : Step(32): len = 102328, overlap = 11.25
PHY-3002 : Step(33): len = 102275, overlap = 11.1875
PHY-3001 : Legalization ...
PHY-3001 : End legalization;  0.006157s wall, 0.000000s user + 0.000000s system = 0.000000s CPU (n/a%)

PHY-3001 : Run with size of 4
PHY-3001 : Cell area utilization is 13%
PHY-3001 : Update timing in Manhattan mode ...
TMR-2503 : Start to update net delay, extr mode = 3.
TMR-2504 : Update delay of 3384 nets completely.
TMR-2502 : Annotate delay completely, extr mode = 3.
TMR-3501 : Forward propagation: start to calculate arrival time...
TMR-3502 : Backward propagation: start to calculate required time...
TMR-3503 : Timing propagation completes.
PHY-3001 : End timing update;  0.078377s wall, 0.015625s user + 0.000000s system = 0.015625s CPU (19.9%)

PHY-3001 : :::0::: Try harder cell spreading with beta_ = 7.43532e-05
PHY-3002 : Step(34): len = 104015, overlap = 28.5625
PHY-3002 : Step(35): len = 104960, overlap = 27.5938
PHY-3002 : Step(36): len = 103347, overlap = 28.7812
PHY-3002 : Step(37): len = 102450, overlap = 29.625
PHY-3002 : Step(38): len = 100776, overlap = 29.0625
PHY-3002 : Step(39): len = 99262.2, overlap = 26.9688
PHY-3002 : Step(40): len = 98085, overlap = 26.25
PHY-3002 : Step(41): len = 95692, overlap = 32.8438
PHY-3002 : Step(42): len = 93662.1, overlap = 32.6875
PHY-3002 : Step(43): len = 91562.7, overlap = 32.625
PHY-3002 : Step(44): len = 89194.3, overlap = 32.1875
PHY-3002 : Step(45): len = 87496.7, overlap = 31.4062
PHY-3002 : Step(46): len = 85858.2, overlap = 33.75
PHY-3002 : Step(47): len = 84727.1, overlap = 34.875
PHY-3002 : Step(48): len = 83380.3, overlap = 38.5625
PHY-3002 : Step(49): len = 82465.1, overlap = 39.8125
PHY-3002 : Step(50): len = 81714.5, overlap = 43.9688
PHY-3002 : Step(51): len = 80586.8, overlap = 48.5312
PHY-3002 : Step(52): len = 80071.1, overlap = 48.5625
PHY-3002 : Step(53): len = 79664.4, overlap = 47.6562
PHY-3002 : Step(54): len = 78636, overlap = 50
PHY-3002 : Step(55): len = 77751.9, overlap = 50.5625
PHY-3002 : Step(56): len = 77373.4, overlap = 47.0938
PHY-3002 : Step(57): len = 76434.5, overlap = 54.5312
PHY-3002 : Step(58): len = 75575, overlap = 64.75
PHY-3002 : Step(59): len = 75276.2, overlap = 65.5
PHY-3002 : Step(60): len = 74438.4, overlap = 65.125
PHY-3002 : Step(61): len = 74275.2, overlap = 66.9688
PHY-3002 : Step(62): len = 73655.6, overlap = 68.3438
PHY-3002 : Step(63): len = 73429.7, overlap = 62.7188
PHY-3002 : Step(64): len = 72785.1, overlap = 61.5625
PHY-3002 : Step(65): len = 72723, overlap = 61.9062
PHY-3002 : Step(66): len = 72194.9, overlap = 62.1562
PHY-3002 : Step(67): len = 72022.7, overlap = 62.9062
PHY-3002 : Step(68): len = 71448.1, overlap = 62.5312
PHY-3002 : Step(69): len = 71128.9, overlap = 63.8438
PHY-3002 : Step(70): len = 71156.3, overlap = 63.8125
PHY-3001 : :::1::: Try harder cell spreading with beta_ = 0.000148706
PHY-3002 : Step(71): len = 70549, overlap = 64
PHY-3002 : Step(72): len = 70604.8, overlap = 64.375
PHY-3001 : :::2::: Try harder cell spreading with beta_ = 0.000297413
PHY-3002 : Step(73): len = 70788.6, overlap = 65.8438
PHY-3002 : Step(74): len = 70788.6, overlap = 65.8438
PHY-3001 : :::3::: Try harder cell spreading with beta_ = 0.000594825
PHY-3002 : Step(75): len = 71394.7, overlap = 68.9375
PHY-3002 : Step(76): len = 71708.6, overlap = 70.9062
PHY-3002 : Step(77): len = 72177.1, overlap = 72.1875
PHY-3001 : :::4::: Try harder cell spreading with beta_ = 0.00118965
PHY-3002 : Step(78): len = 71847.4, overlap = 70.4375
PHY-3002 : Step(79): len = 71847.4, overlap = 70.4375
PHY-3001 : :::5::: Try harder cell spreading with beta_ = 0.0023793
PHY-3002 : Step(80): len = 72116.2, overlap = 71.2812
PHY-3002 : Step(81): len = 72225.8, overlap = 70.9375
PHY-3001 : :::6::: Try harder cell spreading with beta_ = 0.0047586
PHY-3002 : Step(82): len = 72227.7, overlap = 70.4375
PHY-3002 : Step(83): len = 72347.1, overlap = 69.9375
PHY-3001 : :::7::: Try harder cell spreading with beta_ = 0.0095172
PHY-3002 : Step(84): len = 72315.3, overlap = 70.1875
PHY-3002 : Step(85): len = 72231.5, overlap = 69.9688
PHY-3001 : :::8::: Try harder cell spreading with beta_ = 0.0190344
PHY-3002 : Step(86): len = 72112.2, overlap = 70.0938
PHY-3002 : Step(87): len = 72112.2, overlap = 70.0938
PHY-3001 : :::9::: Try harder cell spreading with beta_ = 0.0380688
PHY-3002 : Step(88): len = 72126.9, overlap = 69.9688
PHY-3002 : Step(89): len = 72126.9, overlap = 69.9688
PHY-3001 : Run with size of 2
PHY-3001 : Cell area utilization is 13%
PHY-3001 : Update timing in Manhattan mode ...
TMR-2503 : Start to update net delay, extr mode = 3.
TMR-2504 : Update delay of 3384 nets completely.
TMR-2502 : Annotate delay completely, extr mode = 3.
TMR-3501 : Forward propagation: start to calculate arrival time...
TMR-3502 : Backward propagation: start to calculate required time...
TMR-3503 : Timing propagation completes.
PHY-3001 : End timing update;  0.084414s wall, 0.078125s user + 0.000000s system = 0.078125s CPU (92.5%)

PHY-3001 : :::0::: Try harder cell spreading with beta_ = 3.97218e-05
PHY-3002 : Step(90): len = 73246.1, overlap = 127.406
PHY-3002 : Step(91): len = 73917.2, overlap = 127.344
PHY-3002 : Step(92): len = 74353.8, overlap = 122.125
PHY-3002 : Step(93): len = 74768.6, overlap = 119.688
PHY-3002 : Step(94): len = 74124.5, overlap = 116.5
PHY-3002 : Step(95): len = 73965.7, overlap = 113.062
PHY-3002 : Step(96): len = 73587.6, overlap = 108.125
PHY-3001 : :::1::: Try harder cell spreading with beta_ = 7.94437e-05
PHY-3002 : Step(97): len = 73382.4, overlap = 107.469
PHY-3002 : Step(98): len = 73583, overlap = 107.25
PHY-3001 : :::2::: Try harder cell spreading with beta_ = 0.000158887
PHY-3002 : Step(99): len = 75145, overlap = 103
PHY-3002 : Step(100): len = 76030.1, overlap = 103.062
PHY-3002 : Step(101): len = 76955.3, overlap = 92.0938
PHY-3002 : Step(102): len = 77484.4, overlap = 88.5938
PHY-3002 : Step(103): len = 77976.1, overlap = 83.4062
PHY-3001 : :::3::: Try harder cell spreading with beta_ = 0.000317775
PHY-3002 : Step(104): len = 78303.7, overlap = 79.5938
PHY-3002 : Step(105): len = 78591.1, overlap = 80.1562
PHY-3001 : :::4::: Try harder cell spreading with beta_ = 0.000635549
PHY-3002 : Step(106): len = 80509.9, overlap = 71.4688
PHY-3002 : Step(107): len = 81637.5, overlap = 68.8438
PHY-3002 : Step(108): len = 81942.3, overlap = 65.25
PHY-3001 : :::5::: Try harder cell spreading with beta_ = 0.0012711
PHY-3002 : Step(109): len = 81814.2, overlap = 63.3125
PHY-3002 : Step(110): len = 81814.2, overlap = 63.3125
PHY-3001 : :::6::: Try harder cell spreading with beta_ = 0.0025422
PHY-3002 : Step(111): len = 82428.6, overlap = 57.0312
PHY-3002 : Step(112): len = 82906.5, overlap = 54.0625
PHY-3001 : :::7::: Try harder cell spreading with beta_ = 0.00508439
PHY-3002 : Step(113): len = 83093.6, overlap = 53.625
PHY-3002 : Step(114): len = 83278.9, overlap = 56.0312
PHY-3001 : :::8::: Try harder cell spreading with beta_ = 0.0101688
PHY-3002 : Step(115): len = 83404.8, overlap = 56.4375
PHY-3002 : Step(116): len = 83399.9, overlap = 54.4062
OPT-1001 : Start physical optimization ...
RUN-1002 : start command "start_timer -report"
TMR-2505 : Start building timing graph for model top.
TMR-2506 : Build timing graph completely. Port num: 22, tpin num: 13797, tnet num: 3384, tinst num: 2904, tnode num: 17943, tedge num: 22393.
TMR-2508 : Levelizing timing graph completed, there are 43 levels in total.
TMR-2501 : Timing graph initialized successfully.
OPT-1001 : Total overflow 179.00 peak overflow 3.81
OPT-1001 : Start high-fanout net optimization ...
OPT-1001 : Update timing in global mode
PHY-1001 : Start incremental global routing, caller is place ...
RUN-1001 : Generating global routing grids ...
RUN-1001 : Building simple global routing graph ...
PHY-1001 : Generate routing nets ...
PHY-1001 : Reuse net number 0/3386.
PHY-1001 : Global iterations in 16 thread ...
PHY-1002 : len = 94528, over cnt = 396(1%), over = 1434, worst = 17
PHY-1001 : End global iterations;  0.123537s wall, 0.015625s user + 0.000000s system = 0.015625s CPU (12.6%)

PHY-1001 : Congestion index: top1 = 42.07, top5 = 29.01, top10 = 22.20, top15 = 17.46.
PHY-1001 : End incremental global routing;  0.172670s wall, 0.015625s user + 0.000000s system = 0.015625s CPU (9.0%)

TMR-2503 : Start to update net delay, extr mode = 5.
TMR-2504 : Update delay of 3384 nets completely.
TMR-2502 : Annotate delay completely, extr mode = 5.
TMR-3001 : Initiate 5 clocks from SDC.
TMR-3004 : Map sdc constraints, there are 8 constraints in total.
TMR-3003 : Constraints initiated successfully.
TMR-3501 : Forward propagation: start to calculate arrival time...
TMR-3502 : Backward propagation: start to calculate required time...
TMR-3503 : Timing propagation completes.
OPT-1001 : End timing update;  0.082933s wall, 0.031250s user + 0.000000s system = 0.031250s CPU (37.7%)

OPT-1001 : 0 high-fanout net processed.
OPT-1001 : End high-fanout net optimization;  0.300650s wall, 0.046875s user + 0.000000s system = 0.046875s CPU (15.6%)

OPT-1001 : Current memory(MB): used = 239, reserve = 205, peak = 239.
OPT-1001 : Start global optimization ...
OPT-1001 : Start congestion update ...
RUN-1001 : Generating global routing grids ...
PHY-1001 : Generate routing nets ...
PHY-1001 : Reuse net number 2472/3386.
PHY-1001 : Global iterations in 16 thread ...
PHY-1002 : len = 94528, over cnt = 396(1%), over = 1434, worst = 17
PHY-1002 : len = 101744, over cnt = 266(0%), over = 738, worst = 14
PHY-1002 : len = 108480, over cnt = 102(0%), over = 246, worst = 11
PHY-1002 : len = 111528, over cnt = 19(0%), over = 30, worst = 7
PHY-1002 : len = 112184, over cnt = 0(0%), over = 0, worst = 0
PHY-1001 : End global iterations;  0.113797s wall, 0.000000s user + 0.000000s system = 0.000000s CPU (n/a%)

PHY-1001 : Congestion index: top1 = 36.57, top5 = 28.11, top10 = 23.19, top15 = 19.27.
OPT-1001 : End congestion update;  0.159156s wall, 0.000000s user + 0.000000s system = 0.000000s CPU (n/a%)

OPT-1001 : Update timing in Manhattan mode
TMR-2503 : Start to update net delay, extr mode = 3.
TMR-2504 : Update delay of 3384 nets completely.
TMR-2502 : Annotate delay completely, extr mode = 3.
TMR-3501 : Forward propagation: start to calculate arrival time...
TMR-3502 : Backward propagation: start to calculate required time...
TMR-3503 : Timing propagation completes.
OPT-1001 : End timing update;  0.073886s wall, 0.000000s user + 0.000000s system = 0.000000s CPU (n/a%)

OPT-0007 : Start: WNS 4347 TNS 0 NUM_FEPS 0
OPT-1001 : End global optimization;  0.233337s wall, 0.000000s user + 0.000000s system = 0.000000s CPU (n/a%)

OPT-1001 : Current memory(MB): used = 244, reserve = 210, peak = 244.
OPT-1001 : End physical optimization;  1.030514s wall, 0.234375s user + 0.000000s system = 0.234375s CPU (22.7%)

PHY-3001 : Start packing ...
SYN-4007 : Packing 0 MUX to BLE ...
SYN-4008 : Packed 0 MUX and 0 SEQ to BLE.
SYN-4007 : Packing 1306 LUT to BLE ...
SYN-4008 : Packed 1306 LUT and 621 SEQ to BLE.
SYN-4003 : Packing 522 remaining SEQ's ...
SYN-4005 : Packed 295 SEQ with LUT/SLICE
SYN-4006 : 450 single LUT's are left
SYN-4006 : 227 single SEQ's are left
SYN-4011 : Packing model "top" (AL_USER_NORMAL) with 1533/2118 primitive instances ...
PHY-3001 : End packing;  0.087919s wall, 0.000000s user + 0.000000s system = 0.000000s CPU (n/a%)

PHY-1001 : Populate physical database on model top.
RUN-1001 : There are total 1292 instances
RUN-1001 : 589 mslices, 588 lslices, 102 pads, 5 brams, 0 dsps
RUN-1001 : There are total 2837 nets
RUN-1001 : 1694 nets have 2 pins
RUN-1001 : 828 nets have [3 - 5] pins
RUN-1001 : 187 nets have [6 - 10] pins
RUN-1001 : 75 nets have [11 - 20] pins
RUN-1001 : 46 nets have [21 - 99] pins
RUN-1001 : 7 nets have 100+ pins
PHY-3001 : design contains 1290 instances, 1177 slices, 57 macros(342 instances: 217 mslices 125 lslices)
PHY-3001 : Cell area utilization is 15%
PHY-3001 : After packing: Len = 81837.4, Over = 86
PHY-3001 : Run with size of 2
PHY-3001 : Cell area utilization is 15%
PHY-3001 : Update timing in Manhattan mode ...
RUN-1002 : start command "start_timer -report"
TMR-2505 : Start building timing graph for model top.
TMR-2506 : Build timing graph completely. Port num: 22, tpin num: 11714, tnet num: 2835, tinst num: 1290, tnode num: 14751, tedge num: 19979.
TMR-2508 : Levelizing timing graph completed, there are 41 levels in total.
TMR-2501 : Timing graph initialized successfully.
TMR-2503 : Start to update net delay, extr mode = 3.
TMR-2504 : Update delay of 2835 nets completely.
TMR-2502 : Annotate delay completely, extr mode = 3.
TMR-3001 : Initiate 5 clocks from SDC.
TMR-3004 : Map sdc constraints, there are 8 constraints in total.
TMR-3003 : Constraints initiated successfully.
TMR-3501 : Forward propagation: start to calculate arrival time...
TMR-3502 : Backward propagation: start to calculate required time...
TMR-3503 : Timing propagation completes.
PHY-3001 : End timing update;  0.548654s wall, 0.156250s user + 0.000000s system = 0.156250s CPU (28.5%)

PHY-3001 : :::0::: Try harder cell spreading with beta_ = 6.67224e-05
PHY-3002 : Step(117): len = 79767.5, overlap = 89
PHY-3002 : Step(118): len = 78576.7, overlap = 90.75
PHY-3002 : Step(119): len = 77729, overlap = 97.25
PHY-3002 : Step(120): len = 77538.5, overlap = 95.25
PHY-3002 : Step(121): len = 77040.7, overlap = 96.75
PHY-3002 : Step(122): len = 76950.6, overlap = 95.5
PHY-3002 : Step(123): len = 76589.7, overlap = 97.25
PHY-3001 : :::1::: Try harder cell spreading with beta_ = 0.000133445
PHY-3002 : Step(124): len = 77579, overlap = 91.5
PHY-3002 : Step(125): len = 78632.7, overlap = 90.75
PHY-3002 : Step(126): len = 78877.6, overlap = 88
PHY-3001 : :::2::: Try harder cell spreading with beta_ = 0.000266889
PHY-3002 : Step(127): len = 80616.5, overlap = 81.75
PHY-3002 : Step(128): len = 81845.8, overlap = 77.25
PHY-3002 : Step(129): len = 81939, overlap = 77.25
PHY-3001 : Legalization ...
PHY-3001 : End legalization;  0.120173s wall, 0.000000s user + 0.000000s system = 0.000000s CPU (n/a%)

PHY-3001 : Trial Legalized: Len = 104183
PHY-3001 : Run with size of 2
PHY-3001 : Cell area utilization is 15%
PHY-3001 : Update timing in Manhattan mode ...
TMR-2503 : Start to update net delay, extr mode = 3.
TMR-2504 : Update delay of 2835 nets completely.
TMR-2502 : Annotate delay completely, extr mode = 3.
TMR-3501 : Forward propagation: start to calculate arrival time...
TMR-3502 : Backward propagation: start to calculate required time...
TMR-3503 : Timing propagation completes.
PHY-3001 : End timing update;  0.064937s wall, 0.000000s user + 0.000000s system = 0.000000s CPU (n/a%)

PHY-3001 : :::0::: Try harder cell spreading with beta_ = 0.000806074
PHY-3002 : Step(130): len = 97776.7, overlap = 13.75
PHY-3002 : Step(131): len = 94041, overlap = 21.25
PHY-3002 : Step(132): len = 91620.4, overlap = 26.5
PHY-3002 : Step(133): len = 89968, overlap = 32.5
PHY-3002 : Step(134): len = 88168, overlap = 37.25
PHY-3002 : Step(135): len = 86985, overlap = 39.25
PHY-3002 : Step(136): len = 86346.5, overlap = 41.5
PHY-3002 : Step(137): len = 86017.6, overlap = 44
PHY-3001 : :::1::: Try harder cell spreading with beta_ = 0.00158591
PHY-3002 : Step(138): len = 86334.4, overlap = 43
PHY-3002 : Step(139): len = 86570.9, overlap = 43.25
PHY-3002 : Step(140): len = 86739.2, overlap = 41
PHY-3001 : :::2::: Try harder cell spreading with beta_ = 0.00317183
PHY-3002 : Step(141): len = 86898.2, overlap = 41.25
PHY-3002 : Step(142): len = 87135.6, overlap = 40.75
PHY-3001 : Legalization ...
PHY-3001 : End legalization;  0.004997s wall, 0.000000s user + 0.000000s system = 0.000000s CPU (n/a%)

PHY-3001 : Legalized: Len = 96657.4, Over = 0
PHY-3001 : Spreading special nets. 38 overflows in 2952 tiles.
PHY-3001 : End spreading;  0.009352s wall, 0.000000s user + 0.000000s system = 0.000000s CPU (n/a%)

PHY-3001 : 55 instances has been re-located, deltaX = 35, deltaY = 30, maxDist = 3.
PHY-3001 : Final: Len = 97719.4, Over = 0
OPT-1001 : Start physical optimization ...
RUN-1002 : start command "start_timer -report"
TMR-2505 : Start building timing graph for model top.
TMR-2506 : Build timing graph completely. Port num: 22, tpin num: 11714, tnet num: 2835, tinst num: 1290, tnode num: 14751, tedge num: 19979.
TMR-2508 : Levelizing timing graph completed, there are 41 levels in total.
TMR-2501 : Timing graph initialized successfully.
OPT-1001 : Total overflow 0.00 peak overflow 0.00
OPT-1001 : Start high-fanout net optimization ...
OPT-1001 : Update timing in global mode
PHY-1001 : Start incremental global routing, caller is place ...
RUN-1001 : Generating global routing grids ...
PHY-1001 : Generate routing nets ...
PHY-1001 : Reuse net number 134/2837.
PHY-1001 : Global iterations in 16 thread ...
PHY-1002 : len = 114160, over cnt = 277(0%), over = 450, worst = 6
PHY-1002 : len = 116016, over cnt = 126(0%), over = 187, worst = 5
PHY-1002 : len = 117464, over cnt = 36(0%), over = 51, worst = 4
PHY-1002 : len = 117912, over cnt = 12(0%), over = 12, worst = 1
PHY-1002 : len = 118072, over cnt = 0(0%), over = 0, worst = 0
PHY-1001 : End global iterations;  0.201305s wall, 0.031250s user + 0.000000s system = 0.031250s CPU (15.5%)

PHY-1001 : Congestion index: top1 = 30.43, top5 = 25.03, top10 = 21.46, top15 = 18.70.
PHY-1001 : End incremental global routing;  0.264983s wall, 0.046875s user + 0.000000s system = 0.046875s CPU (17.7%)

TMR-2503 : Start to update net delay, extr mode = 5.
TMR-2504 : Update delay of 2835 nets completely.
TMR-2502 : Annotate delay completely, extr mode = 5.
TMR-3001 : Initiate 5 clocks from SDC.
TMR-3004 : Map sdc constraints, there are 8 constraints in total.
TMR-3003 : Constraints initiated successfully.
TMR-3501 : Forward propagation: start to calculate arrival time...
TMR-3502 : Backward propagation: start to calculate required time...
TMR-3503 : Timing propagation completes.
OPT-1001 : End timing update;  0.087437s wall, 0.015625s user + 0.000000s system = 0.015625s CPU (17.9%)

OPT-1001 : 0 high-fanout net processed.
OPT-1001 : End high-fanout net optimization;  0.400158s wall, 0.078125s user + 0.000000s system = 0.078125s CPU (19.5%)

OPT-1001 : Current memory(MB): used = 243, reserve = 211, peak = 245.
OPT-1001 : Start path based optimization ...
OPT-1001 : Start congestion update ...
RUN-1001 : Generating global routing grids ...
PHY-1001 : Generate routing nets ...
PHY-1001 : Reuse net number 2404/2837.
PHY-1001 : Global iterations in 16 thread ...
PHY-1002 : len = 118072, over cnt = 0(0%), over = 0, worst = 0
PHY-1001 : End global iterations;  0.008734s wall, 0.000000s user + 0.000000s system = 0.000000s CPU (n/a%)

PHY-1001 : Congestion index: top1 = 30.43, top5 = 25.03, top10 = 21.46, top15 = 18.70.
OPT-1001 : End congestion update;  0.064926s wall, 0.000000s user + 0.000000s system = 0.000000s CPU (n/a%)

OPT-1001 : Update timing in Manhattan mode
TMR-2503 : Start to update net delay, extr mode = 3.
TMR-2504 : Update delay of 2835 nets completely.
TMR-2502 : Annotate delay completely, extr mode = 3.
TMR-3501 : Forward propagation: start to calculate arrival time...
TMR-3502 : Backward propagation: start to calculate required time...
TMR-3503 : Timing propagation completes.
OPT-1001 : End timing update;  0.067654s wall, 0.000000s user + 0.000000s system = 0.000000s CPU (n/a%)

OPT-0007 : Start: WNS 3930 TNS 0 NUM_FEPS 0
OPT-1001 : End path based optimization;  0.132852s wall, 0.000000s user + 0.000000s system = 0.000000s CPU (n/a%)

OPT-1001 : Current memory(MB): used = 246, reserve = 214, peak = 246.
OPT-1001 : Update timing in Manhattan mode
TMR-2503 : Start to update net delay, extr mode = 3.
TMR-2504 : Update delay of 2835 nets completely.
TMR-2502 : Annotate delay completely, extr mode = 3.
TMR-3501 : Forward propagation: start to calculate arrival time...
TMR-3502 : Backward propagation: start to calculate required time...
TMR-3503 : Timing propagation completes.
OPT-1001 : End timing update;  0.070340s wall, 0.000000s user + 0.000000s system = 0.000000s CPU (n/a%)

OPT-1001 : Start pin optimization...
OPT-1001 : skip pin optimization...
RUN-1001 : Generating global routing grids ...
PHY-1001 : Generate routing nets ...
PHY-1001 : Reuse net number 2404/2837.
PHY-1001 : Global iterations in 16 thread ...
PHY-1002 : len = 118072, over cnt = 0(0%), over = 0, worst = 0
PHY-1001 : End global iterations;  0.009050s wall, 0.015625s user + 0.000000s system = 0.015625s CPU (172.6%)

PHY-1001 : Congestion index: top1 = 30.43, top5 = 25.03, top10 = 21.46, top15 = 18.70.
OPT-1001 : Update timing in Manhattan mode
TMR-2503 : Start to update net delay, extr mode = 3.
TMR-2504 : Update delay of 2835 nets completely.
TMR-2502 : Annotate delay completely, extr mode = 3.
TMR-3501 : Forward propagation: start to calculate arrival time...
TMR-3502 : Backward propagation: start to calculate required time...
TMR-3503 : Timing propagation completes.
OPT-1001 : End timing update;  0.071171s wall, 0.015625s user + 0.000000s system = 0.015625s CPU (22.0%)

RUN-1001 : QoR Analysis:
OPT-0007 :   WNS 3930 TNS 0 NUM_FEPS 0
RUN-1001 :   No local congestion issue, and most congested 1% tile average routing util is 29.931034
RUN-1001 :   Top critical paths
RUN-1001 :       #1 path slack 3930ps with logic level 7 
RUN-1001 :       #2 path slack 4013ps with logic level 7 
OPT-1001 : End physical optimization;  1.259799s wall, 0.203125s user + 0.000000s system = 0.203125s CPU (16.1%)

RUN-1003 : finish command "place" in  6.862164s wall, 1.406250s user + 0.218750s system = 1.625000s CPU (23.7%)

RUN-1004 : used memory is 230 MB, reserved memory is 195 MB, peak memory is 247 MB
RUN-1002 : start command "export_db pic_sdram_place.db"
RUN-1001 : Exported /
RUN-1001 : Exported flow parameters
RUN-1001 : Exported libs
RUN-1001 : Exported entities
RUN-1001 : Exported ports
RUN-1001 : Exported pins
RUN-1001 : Exported instances
RUN-1001 : Exported nets
RUN-1001 : Exported buses
RUN-1001 : Exported models
RUN-1001 : Exported congestions
RUN-1001 : Exported violations
RUN-1001 : Exported timing constraints
RUN-1001 : Exported IO constraints
RUN-1001 : Exported Inst constraints
RUN-1001 : Exported ChipWatcher
RUN-1002 : start command "route"
RUN-1001 : Open license file D:/Program/Anlogic/TD5.6.2/license/Anlogic.lic
RUN-1001 : Print Global Property
RUN-1001 : ---------------------------------------------------------------
RUN-1001 :        Parameters        |  Settings  |  Default Values  |  Note  
RUN-1001 : ---------------------------------------------------------------
RUN-1001 :          message         |  standard  |     standard     |        
RUN-1001 :   mixed_pack_place_flow  |     on     |        on        |        
RUN-1001 :        qor_monitor       |    off     |       off        |        
RUN-1001 :        syn_ip_flow       |    off     |       off        |        
RUN-1001 :          thread          |    auto    |       auto       |        
RUN-1001 : ---------------------------------------------------------------
RUN-1001 : Print Route Property
RUN-1001 : -------------------------------------------------------
RUN-1001 :    Parameters    |  Settings  |  Default Values  |  Note  
RUN-1001 : -------------------------------------------------------
RUN-1001 :      effort      |   medium   |      medium      |        
RUN-1001 :     fix_hold     |    off     |       off        |        
RUN-1001 :    opt_timing    |   medium   |      medium      |        
RUN-1001 :   phy_sim_model  |    off     |       off        |        
RUN-1001 :     priority     |   timing   |      timing      |        
RUN-1001 :     swap_pin     |     on     |        on        |        
RUN-1001 : -------------------------------------------------------
PHY-1001 : Route runs in 16 thread(s)
RUN-1001 : There are total 1292 instances
RUN-1001 : 589 mslices, 588 lslices, 102 pads, 5 brams, 0 dsps
RUN-1001 : There are total 2837 nets
RUN-1001 : 1694 nets have 2 pins
RUN-1001 : 828 nets have [3 - 5] pins
RUN-1001 : 187 nets have [6 - 10] pins
RUN-1001 : 75 nets have [11 - 20] pins
RUN-1001 : 46 nets have [21 - 99] pins
RUN-1001 : 7 nets have 100+ pins
RUN-1002 : start command "start_timer -report"
TMR-2505 : Start building timing graph for model top.
TMR-2506 : Build timing graph completely. Port num: 22, tpin num: 11714, tnet num: 2835, tinst num: 1290, tnode num: 14751, tedge num: 19979.
TMR-2508 : Levelizing timing graph completed, there are 41 levels in total.
TMR-2501 : Timing graph initialized successfully.
PHY-1001 : 589 mslices, 588 lslices, 102 pads, 5 brams, 0 dsps
TMR-2503 : Start to update net delay, extr mode = 3.
TMR-2504 : Update delay of 2835 nets completely.
TMR-2502 : Annotate delay completely, extr mode = 3.
TMR-3001 : Initiate 5 clocks from SDC.
TMR-3004 : Map sdc constraints, there are 8 constraints in total.
TMR-3003 : Constraints initiated successfully.
TMR-3501 : Forward propagation: start to calculate arrival time...
TMR-3502 : Backward propagation: start to calculate required time...
TMR-3503 : Timing propagation completes.
PHY-1001 : Start global routing, caller is route ...
RUN-1001 : Generating global routing grids ...
PHY-1001 : Generate routing nets ...
PHY-1001 : Global iterations in 16 thread ...
PHY-1002 : len = 112888, over cnt = 289(0%), over = 476, worst = 6
PHY-1002 : len = 114224, over cnt = 177(0%), over = 280, worst = 6
PHY-1002 : len = 116688, over cnt = 39(0%), over = 77, worst = 6
PHY-1002 : len = 117376, over cnt = 0(0%), over = 0, worst = 0
PHY-1001 : End global iterations;  0.182751s wall, 0.000000s user + 0.000000s system = 0.000000s CPU (n/a%)

PHY-1001 : Congestion index: top1 = 30.60, top5 = 25.10, top10 = 21.44, top15 = 18.62.
PHY-1001 : End global routing;  0.244805s wall, 0.000000s user + 0.000000s system = 0.000000s CPU (n/a%)

PHY-1001 : Start detail routing ...
PHY-1001 : Current memory(MB): used = 265, reserve = 231, peak = 279.
PHY-1001 : Detailed router is running in normal mode.
PHY-1001 : Generate detailed routing grids ...
PHY-1001 : Generate nets ...
PHY-1001 : net clk_dup_1 will be routed on clock mesh
PHY-1001 : net flash_write_read_m0/flash_cmd_m0/sys_clk will be routed on clock mesh
PHY-1001 : net frame_read_write_m0/frame_fifo_read_m0/mem_clk will be routed on clock mesh
PHY-1001 : clock net frame_read_write_m0/read_buf/clkr will be merged with clock video_pll_m0/clk0_buf
PHY-1001 : clock net frame_read_write_m0/write_buf/clkw will be merged with clock sys_pll_m0/clk0_buf
PHY-1001 : clock net config_inst_syn_10 will be merged with clock config_inst_syn_9
PHY-1001 : Current memory(MB): used = 533, reserve = 505, peak = 533.
PHY-1001 : End build detailed router design. 2.644478s wall, 0.343750s user + 0.000000s system = 0.343750s CPU (13.0%)

PHY-1001 : Detail Route ...
PHY-1001 : ===== Detail Route Phase 1 =====
PHY-1001 : Clock net routing.....
PHY-1001 : Routed 0% nets.
PHY-1022 : len = 51096, over cnt = 0(0%), over = 0, worst = 0, crit = 0
PHY-1001 : End initial clock net routed; 1.527517s wall, 0.265625s user + 0.000000s system = 0.265625s CPU (17.4%)

PHY-1001 : Current memory(MB): used = 566, reserve = 538, peak = 566.
PHY-1001 : End phase 1; 1.535154s wall, 0.265625s user + 0.000000s system = 0.265625s CPU (17.3%)

PHY-1001 : ===== Detail Route Phase 2 =====
PHY-1001 : Initial routing.....
PHY-1001 : Routed 40% nets.
PHY-1001 : Routed 49% nets.
PHY-1001 : Routed 57% nets.
PHY-1001 : Routed 69% nets.
PHY-1001 : Routed 88% nets.
PHY-1022 : len = 356160, over cnt = 87(0%), over = 87, worst = 1, crit = 0
PHY-1001 : Current memory(MB): used = 566, reserve = 539, peak = 566.
PHY-1001 : End initial routed; 2.651764s wall, 0.531250s user + 0.000000s system = 0.531250s CPU (20.0%)

PHY-1001 : Update timing.....
PHY-1001 : 0/2503(0%) critical/total net(s).
RUN-1001 : --------------------------------------
RUN-1001 :   Type   |  WNS(ns)  |  TNS(ns)  |  FEP  
RUN-1001 : --------------------------------------
RUN-1001 :   Setup  |   1.977   |   0.000   |   0   
RUN-1001 :   Hold   |  -1.215   |  -15.167  |  23   
RUN-1001 : --------------------------------------
PHY-1001 : End update timing; 0.640643s wall, 0.078125s user + 0.000000s system = 0.078125s CPU (12.2%)

PHY-1001 : Current memory(MB): used = 569, reserve = 541, peak = 569.
PHY-1001 : End phase 2; 3.292464s wall, 0.609375s user + 0.000000s system = 0.609375s CPU (18.5%)

PHY-1001 : ===== Detail Route Phase 3 =====
PHY-1001 : Optimize timing.....
PHY-1022 : len = 356160, over cnt = 87(0%), over = 87, worst = 1, crit = 0
PHY-1001 : End optimize timing; 0.023391s wall, 0.000000s user + 0.000000s system = 0.000000s CPU (n/a%)

PHY-1001 : Ripup-reroute.....
PHY-1001 : ===== DR Iter 1 =====
PHY-1022 : len = 355632, over cnt = 15(0%), over = 15, worst = 1, crit = 0
PHY-1001 : End DR Iter 1; 0.072061s wall, 0.000000s user + 0.000000s system = 0.000000s CPU (n/a%)

PHY-1001 : ===== DR Iter 2 =====
PHY-1022 : len = 355744, over cnt = 0(0%), over = 0, worst = 0, crit = 0
PHY-1001 : End DR Iter 2; 0.075969s wall, 0.000000s user + 0.000000s system = 0.000000s CPU (n/a%)

PHY-1001 : Update timing.....
PHY-1001 : 0/2503(0%) critical/total net(s).
RUN-1001 : --------------------------------------
RUN-1001 :   Type   |  WNS(ns)  |  TNS(ns)  |  FEP  
RUN-1001 : --------------------------------------
RUN-1001 :   Setup  |   1.977   |   0.000   |   0   
RUN-1001 :   Hold   |  -1.215   |  -15.167  |  23   
RUN-1001 : --------------------------------------
PHY-1001 : End update timing; 0.626836s wall, 0.218750s user + 0.000000s system = 0.218750s CPU (34.9%)

PHY-1001 : Commit to database.....
PHY-1001 : 11 feed throughs used by 11 nets
PHY-1001 : End commit to database; 0.250191s wall, 0.031250s user + 0.000000s system = 0.031250s CPU (12.5%)

PHY-1001 : Current memory(MB): used = 588, reserve = 560, peak = 588.
PHY-1001 : End phase 3; 1.167090s wall, 0.281250s user + 0.000000s system = 0.281250s CPU (24.1%)

PHY-1003 : Routed, final wirelength = 355744
PHY-1001 : Current memory(MB): used = 588, reserve = 561, peak = 588.
PHY-1001 : End export database. 0.011112s wall, 0.000000s user + 0.000000s system = 0.000000s CPU (n/a%)

PHY-1001 : End detail routing;  8.815140s wall, 1.531250s user + 0.000000s system = 1.531250s CPU (17.4%)

RUN-1003 : finish command "route" in  9.670431s wall, 1.687500s user + 0.000000s system = 1.687500s CPU (17.5%)

RUN-1004 : used memory is 561 MB, reserved memory is 536 MB, peak memory is 588 MB
RUN-1002 : start command "report_area -io_info -file pic_sdram_phy.area"
RUN-1001 : standard
***Report Model: top Device: EG4S20BG256***

IO Statistics
#IO                        47
  #input                    6
  #output                  37
  #inout                    4

Utilization Statistics
#lut                     2039   out of  19600   10.40%
#reg                     1173   out of  19600    5.98%
#le                      2266
  #lut only              1093   out of   2266   48.23%
  #reg only               227   out of   2266   10.02%
  #lut&reg                946   out of   2266   41.75%
#dsp                        0   out of     29    0.00%
#bram                       5   out of     64    7.81%
  #bram9k                   5
  #fifo9k                   0
#bram32k                    0   out of     16    0.00%
#pad                       47   out of    188   25.00%
  #ireg                     1
  #oreg                    40
  #treg                     1
#pll                        2   out of      4   50.00%
#gclk                       3   out of     16   18.75%

Clock Resource Statistics
Index     ClockNet                                          Type               DriverType         Driver                         Fanout
#1        sys_pll_m0/clk0_buf                               GCLK               pll                sys_pll_m0/pll_inst.clkc0      266
#2        frame_read_write_m0/frame_fifo_read_m0/mem_clk    GCLK               pll                sys_pll_m0/pll_inst.clkc1      197
#3        config_inst_syn_9                                 GCLK               config             config_inst.jtck               119
#4        video_pll_m0/clk0_buf                             GCLK               pll                video_pll_m0/pll_inst.clkc0    87
#5        clk_dup_1                                         GCLK               io                 clk_syn_2.di                   85
#6        flash_write_read_m0/flash_cmd_m0/sys_clk          GCLK               pll                sys_pll_m0/pll_inst.clkc2      40


Detailed IO Report

       Name         Direction    Location    IOStandard    DriveStrength    PullType     PackReg   
       clk            INPUT         R7        LVCMOS33          N/A           NONE        NONE     
       key1           INPUT         B2        LVCMOS33          N/A           NONE        IREG     
       key2           INPUT         B1        LVCMOS33          N/A           NONE        NONE     
      rst_n           INPUT         A2        LVCMOS33          N/A           NONE        NONE     
     sd_miso          INPUT        B14        LVCMOS33          N/A           NONE        NONE     
     switch1          INPUT         C8        LVCMOS33          N/A           NONE        NONE     
    flash_cs_n       OUTPUT         P8        LVCMOS33           8            NONE        OREG     
    flash_sck        OUTPUT         M9        LVCMOS33           8            NONE        OREG     
     sd_dclk         OUTPUT        A14        LVCMOS33           8            NONE        OREG     
     sd_mosi         OUTPUT        A13        LVCMOS33           8            NONE        OREG     
      sd_ncs         OUTPUT        A12        LVCMOS33           8            NONE        OREG     
   seg_data[7]       OUTPUT         A6        LVCMOS33           8            NONE        NONE     
   seg_data[6]       OUTPUT         A7        LVCMOS33           8            NONE        OREG     
   seg_data[5]       OUTPUT         A8        LVCMOS33           8            NONE        OREG     
   seg_data[4]       OUTPUT         B5        LVCMOS33           8            NONE        OREG     
   seg_data[3]       OUTPUT         A5        LVCMOS33           8            NONE        OREG     
   seg_data[2]       OUTPUT         B6        LVCMOS33           8            NONE        OREG     
   seg_data[1]       OUTPUT        C16        LVCMOS33           8            NONE        OREG     
   seg_data[0]       OUTPUT        C15        LVCMOS33           8            NONE        OREG     
    seg_sel[5]       OUTPUT        D11        LVCMOS33           8            NONE        OREG     
    seg_sel[4]       OUTPUT        E11        LVCMOS33           8            NONE        OREG     
    seg_sel[3]       OUTPUT        F10        LVCMOS33           8            NONE        OREG     
    seg_sel[2]       OUTPUT        C13        LVCMOS33           8            NONE        OREG     
    seg_sel[1]       OUTPUT        E10        LVCMOS33           8            NONE        OREG     
    seg_sel[0]       OUTPUT        E12        LVCMOS33           8            NONE        OREG     
   vga_out_b[4]      OUTPUT         D5        LVCMOS33           8            NONE        OREG     
   vga_out_b[3]      OUTPUT         D6        LVCMOS33           8            NONE        OREG     
   vga_out_b[2]      OUTPUT         E6        LVCMOS33           8            NONE        OREG     
   vga_out_b[1]      OUTPUT         F6        LVCMOS33           8            NONE        OREG     
   vga_out_b[0]      OUTPUT        H16        LVCMOS25           8            N/A         OREG     
   vga_out_g[5]      OUTPUT         N6        LVCMOS33           8            NONE        OREG     
   vga_out_g[4]      OUTPUT         N5        LVCMOS33           8            NONE        OREG     
   vga_out_g[3]      OUTPUT         P5        LVCMOS33           8            NONE        OREG     
   vga_out_g[2]      OUTPUT         T5        LVCMOS33           8            NONE        OREG     
   vga_out_g[1]      OUTPUT        G14        LVCMOS25           8            N/A         OREG     
   vga_out_g[0]      OUTPUT         F4        LVCMOS33           8            N/A         OREG     
    vga_out_hs       OUTPUT         E7        LVCMOS33           8            NONE        OREG     
   vga_out_r[4]      OUTPUT        E13        LVCMOS33           8            NONE        OREG     
   vga_out_r[3]      OUTPUT         L8        LVCMOS33           8            NONE        OREG     
   vga_out_r[2]      OUTPUT         L7        LVCMOS33           8            NONE        OREG     
   vga_out_r[1]      OUTPUT         R5        LVCMOS33           8            NONE        OREG     
   vga_out_r[0]      OUTPUT        M11        LVCMOS25           8            N/A         OREG     
    vga_out_vs       OUTPUT         F7        LVCMOS33           8            NONE        OREG     
  flash_qspi_IO0      INOUT         P7        LVCMOS33           8            NONE      OREG;TREG  
  flash_qspi_IO1      INOUT         N8        LVCMOS33           8            NONE        OREG     
  flash_qspi_IO2      INOUT         P9        LVCMOS33           8            NONE        OREG     
  flash_qspi_IO3      INOUT         R9        LVCMOS33           8            NONE        OREG     
      dq[23]          INPUT        S31        LVCMOS25           8           PULLUP       NONE     
      dq[22]          INPUT        S32        LVCMOS25           8           PULLUP       NONE     
      dq[21]          INPUT        S35        LVCMOS25           8           PULLUP       NONE     
      dq[20]          INPUT        S36        LVCMOS25           8           PULLUP       NONE     
      dq[19]          INPUT        S37        LVCMOS25           8           PULLUP       NONE     
      dq[18]          INPUT        S38        LVCMOS25           8           PULLUP       NONE     
      dq[17]          INPUT        S41        LVCMOS25           8           PULLUP       NONE     
      dq[16]          INPUT        S42        LVCMOS25           8           PULLUP       NONE     
      dq[31]          INPUT        S48        LVCMOS25           8           PULLUP       NONE     
      dq[30]          INPUT        S49        LVCMOS25           8           PULLUP       NONE     
      dq[29]          INPUT        S52        LVCMOS25           8           PULLUP       NONE     
      dq[28]          INPUT        S53        LVCMOS25           8           PULLUP       NONE     
      dq[27]          INPUT        S54        LVCMOS25           8           PULLUP       NONE     
      dq[26]          INPUT        S55        LVCMOS25           8           PULLUP       NONE     
      dq[25]          INPUT        S58        LVCMOS25           8           PULLUP       NONE     
      dq[24]          INPUT        S59        LVCMOS25           8           PULLUP       NONE     
       dm0           OUTPUT        S14        LVCMOS25           8            NONE        NONE     
       cke           OUTPUT        S18        LVCMOS25           8            NONE        OREG     
       we_n          OUTPUT        S19        LVCMOS25           8            NONE        OREG     
      cas_n          OUTPUT        S20        LVCMOS25           8            NONE        OREG     
      ras_n          OUTPUT        S21        LVCMOS25           8            NONE        OREG     
       cs_n          OUTPUT        S22        LVCMOS25           8            NONE        OREG     
     addr[9]         OUTPUT        S23        LVCMOS25           8            NONE        OREG     
     addr[8]         OUTPUT        S24        LVCMOS25           8            NONE        OREG     
     addr[7]         OUTPUT        S25        LVCMOS25           8            NONE        OREG     
     addr[6]         OUTPUT        S26        LVCMOS25           8            NONE        OREG     
     addr[5]         OUTPUT        S27        LVCMOS25           8            NONE        OREG     
     addr[4]         OUTPUT        S28        LVCMOS25           8            NONE        OREG     
       dm2           OUTPUT        S29        LVCMOS25           8            NONE        NONE     
       dm3           OUTPUT        S61        LVCMOS25           8            NONE        NONE     
     addr[3]         OUTPUT        S64        LVCMOS25           8            NONE        OREG     
     addr[2]         OUTPUT        S65        LVCMOS25           8            NONE        OREG     
     addr[1]         OUTPUT        S66        LVCMOS25           8            NONE        OREG     
     addr[0]         OUTPUT        S67        LVCMOS25           8            NONE        OREG     
     addr[10]        OUTPUT        S68        LVCMOS25           8            NONE        OREG     
      ba[0]          OUTPUT        S69        LVCMOS25           8            NONE        OREG     
      ba[1]          OUTPUT        S70        LVCMOS25           8            NONE        OREG     
       clk           OUTPUT        S73        LVCMOS25           8            NONE        NONE     
       dm1           OUTPUT        S76        LVCMOS25           8            NONE        NONE     
      dq[0]           INOUT         S1        LVCMOS25           8           PULLUP       IREG     
      dq[6]           INOUT        S11        LVCMOS25           8           PULLUP       IREG     
      dq[7]           INOUT        S12        LVCMOS25           8           PULLUP       IREG     
      dq[1]           INOUT         S2        LVCMOS25           8           PULLUP       IREG     
      dq[2]           INOUT         S5        LVCMOS25           8           PULLUP       IREG     
      dq[3]           INOUT         S6        LVCMOS25           8           PULLUP       IREG     
      dq[4]           INOUT         S7        LVCMOS25           8           PULLUP       IREG     
      dq[8]           INOUT        S78        LVCMOS25           8           PULLUP       IREG     
      dq[9]           INOUT        S79        LVCMOS25           8           PULLUP       IREG     
      dq[5]           INOUT         S8        LVCMOS25           8           PULLUP       IREG     
      dq[10]          INOUT        S82        LVCMOS25           8           PULLUP       IREG     
      dq[11]          INOUT        S83        LVCMOS25           8           PULLUP       IREG     
      dq[12]          INOUT        S84        LVCMOS25           8           PULLUP       IREG     
      dq[13]          INOUT        S85        LVCMOS25           8           PULLUP       IREG     
      dq[14]          INOUT        S88        LVCMOS25           8           PULLUP       IREG     
      dq[15]          INOUT        S89        LVCMOS25           8           PULLUP       IREG     

Report Hierarchy Area:
+-----------------------------------------------------------------------------------------------------------------------------------------+
|Instance                            |Module                                         |le     |lut     |ripple  |seq     |bram    |dsp     |
+-----------------------------------------------------------------------------------------------------------------------------------------+
|top                                 |top                                            |2266   |1697    |342     |1215    |5       |0       |
|  flash_write_read_m0               |flash_write_read                               |112    |106     |6       |70      |0       |0       |
|    Qspi_master_m0                  |Qspi_master                                    |38     |38      |0       |22      |0       |0       |
|    flash_cmd_m0                    |flash_cmd                                      |74     |68      |6       |48      |0       |0       |
|      flash_step_m0                 |flash_step                                     |58     |52      |6       |34      |0       |0       |
|  frame_read_write_m0               |frame_read_write                               |412    |248     |84      |268     |2       |0       |
|    frame_fifo_read_m0              |frame_fifo_read                                |84     |66      |17      |40      |0       |0       |
|    frame_fifo_write_m0             |frame_fifo_write                               |77     |59      |17      |39      |0       |0       |
|    read_buf                        |afifo_16_256                                   |121    |61      |25      |89      |1       |0       |
|      ram_inst                      |ram_infer_afifo_16_256                         |8      |4       |0       |8       |1       |0       |
|      rd_to_wr_cross_inst           |fifo_cross_domain_addr_process_al_afifo_16_256 |33     |15      |0       |33      |0       |0       |
|      wr_to_rd_cross_inst           |fifo_cross_domain_addr_process_al_afifo_16_256 |27     |16      |0       |27      |0       |0       |
|    write_buf                       |afifo_16_256                                   |130    |62      |25      |100     |1       |0       |
|      ram_inst                      |ram_infer_afifo_16_256                         |17     |0       |0       |17      |1       |0       |
|      rd_to_wr_cross_inst           |fifo_cross_domain_addr_process_al_afifo_16_256 |30     |17      |0       |30      |0       |0       |
|      wr_to_rd_cross_inst           |fifo_cross_domain_addr_process_al_afifo_16_256 |27     |16      |0       |27      |0       |0       |
|  sd_card_bmp_m0                    |sd_card_bmp                                    |888    |755     |91      |385     |0       |0       |
|    ax_debounce_m0                  |ax_debounce                                    |62     |53      |9       |36      |0       |0       |
|    bmp_read_m0                     |bmp_read                                       |284    |201     |55      |164     |0       |0       |
|    sd_card_top_m0                  |sd_card_top                                    |542    |501     |27      |185     |0       |0       |
|      sd_card_cmd_m0                |sd_card_cmd                                    |292    |270     |22      |60      |0       |0       |
|      sd_card_sec_read_write_m0     |sd_card_sec_read_write                         |181    |167     |0       |82      |0       |0       |
|      spi_master_m0                 |spi_master                                     |69     |64      |5       |43      |0       |0       |
|  sdram_m0                          |sdram                                          |0      |0       |0       |0       |0       |0       |
|  seg_scan_m0                       |seg_scan                                       |76     |54      |22      |25      |0       |0       |
|  sys_pll_m0                        |sys_pll                                        |0      |0       |0       |0       |0       |0       |
|  u_sdram_controller                |sdram_controller                               |258    |206     |46      |83      |0       |0       |
|    u_sdram_cmd                     |sdram_cmd                                      |66     |66      |0       |20      |0       |0       |
|    u_sdram_ctrl                    |sdram_ctrl                                     |180    |132     |46      |51      |0       |0       |
|    u_sdram_data                    |sdram_data                                     |12     |8       |0       |12      |0       |0       |
|  video_pll_m0                      |video_pll                                      |0      |0       |0       |0       |0       |0       |
|  video_timing_data_m0              |video_timing_data                              |43     |34      |8       |30      |0       |0       |
|    color_bar_m0                    |color_bar                                      |42     |34      |8       |29      |0       |0       |
|  cw_top                            |CW_TOP_WRAPPER                                 |461    |278     |85      |297     |0       |0       |
|    wrapper_cwc_top                 |cwc_top                                        |461    |278     |85      |297     |0       |0       |
|      cfg_int_inst                  |cwc_cfg_int                                    |201    |116     |0       |184     |0       |0       |
|        reg_inst                    |register                                       |199    |114     |0       |182     |0       |0       |
|        tap_inst                    |tap                                            |2      |2       |0       |2       |0       |0       |
|      trigger_inst                  |trigger                                        |260    |162     |85      |113     |0       |0       |
|        bus_inst                    |bus_top                                        |65     |38      |24      |25      |0       |0       |
|          BUS_DETECTOR[1]$bus_nodes |bus_det                                        |2      |2       |0       |2       |0       |0       |
|          BUS_DETECTOR[4]$bus_nodes |bus_det                                        |22     |12      |8       |6       |0       |0       |
|          BUS_DETECTOR[5]$bus_nodes |bus_det                                        |19     |10      |8       |7       |0       |0       |
|          BUS_DETECTOR[6]$bus_nodes |bus_det                                        |22     |14      |8       |10      |0       |0       |
|        emb_ctrl_inst               |emb_ctrl                                       |108    |79      |29      |58      |0       |0       |
+-----------------------------------------------------------------------------------------------------------------------------------------+


DataNet Average Fanout:

   Index     Fanout     Nets  
    #1          1       1647  
    #2          2       444   
    #3          3       262   
    #4          4       122   
    #5        5-10      201   
    #6        11-50     100   
    #7       51-100      4    
    #8       101-500     2    
  Average     2.89            

RUN-1002 : start command "export_db pic_sdram_pr.db"
RUN-1001 : Exported /
RUN-1001 : Exported flow parameters
RUN-1001 : Exported libs
RUN-1001 : Exported entities
RUN-1001 : Exported ports
RUN-1001 : Exported pins
RUN-1001 : Exported instances
RUN-1001 : Exported nets
RUN-1001 : Exported buses
RUN-1001 : Exported models
RUN-1001 : Exported congestions
RUN-1001 : Exported violations
RUN-1001 : Exported timing constraints
RUN-1001 : Exported IO constraints
RUN-1001 : Exported Inst constraints
RUN-1001 : Exported ChipWatcher
RUN-1002 : start command "start_timer"
TMR-2505 : Start building timing graph for model top.
TMR-2506 : Build timing graph completely. Port num: 22, tpin num: 11714, tnet num: 2835, tinst num: 1290, tnode num: 14751, tedge num: 19979.
TMR-2508 : Levelizing timing graph completed, there are 41 levels in total.
TMR-2501 : Timing graph initialized successfully.
RUN-1002 : start command "report_timing -mode FINAL -net_info -rpt_autogen true -file pic_sdram_phy.timing"
TMR-2503 : Start to update net delay, extr mode = 6.
TMR-2504 : Update delay of 2835 nets completely.
TMR-2502 : Annotate delay completely, extr mode = 6.
TMR-3001 : Initiate 5 clocks from SDC.
TMR-3004 : Map sdc constraints, there are 8 constraints in total.
TMR-3003 : Constraints initiated successfully.
TMR-3501 : Forward propagation: start to calculate arrival time...
TMR-3502 : Backward propagation: start to calculate required time...
TMR-3503 : Timing propagation completes.
TMR-3506 : Start to generate timing report.
TMR-1502 : Number of clock constraints = 5. Number of clock nets = 6 (1 unconstrainted).
TMR-5009 WARNING: No clock constraint on 1 clock net(s): 
		config_inst_syn_10
TMR-3508 : Export timing summary.
TMR-3507 : Timing report generated successfully in pic_sdram_phy.timing, timing summary in pic_sdram_phy.tsm.
RUN-1002 : start command "export_bid pic_sdram_inst.bid"
PRG-1000 : <!-- HMAC is: 1d7284c24264e4b367152b0d2abfd9b6896ccdfaadf779f6a5aa1ec1ecf9d1eb -->
RUN-1002 : start command "bitgen -bit pic_sdram.bit"
BIT-1003 : Start to generate bitstream. 
BIT-1002 : Init instances with 16 threads.
BIT-1002 : Init instances completely, inst num: 1290
BIT-1002 : Init pips with 16 threads.
BIT-1002 : Init pips completely, net num: 2837, pip num: 26631
BIT-1002 : Init feedthrough with 16 threads.
BIT-1002 : Init feedthrough completely, num: 11
BIT-1003 : Multithreading accelaration with 16 threads.
BIT-1003 : Generate bitstream completely, there are 1990 valid insts, and 75423 bits set as '1'.
BIT-1004 : the usercode register value: 00000000111001111001100000101111
BIT-1004 : PLL setting string = 0110
BIT-1004 : Generate bits file pic_sdram.bit.
RUN-1003 : finish command "bitgen -bit pic_sdram.bit" in  3.789578s wall, 31.765625s user + 0.046875s system = 31.812500s CPU (839.5%)

RUN-1004 : used memory is 562 MB, reserved memory is 536 MB, peak memory is 745 MB
RUN-1002 : start command "backup_run_log run.log ../.logs/phy_1/td_20231213_114552.log"
